05-04 16:20:42.662  1764  2095 E PresenceManager: 	at okhttp3.RealCall.getResponseWithInterceptorChain(RealCall.java:179)
05-04 16:20:42.662  1764  2095 E PresenceManager: 	at okhttp3.RealCall.execute(RealCall.java:63)
05-04 16:20:42.662  1764  2095 E PresenceManager: 	at com.jakewharton.retrofit.Ok3Client.execute(Ok3Client.java:41)
05-04 16:20:42.662  1764  2095 E PresenceManager: 	at retrofit.RestAdapter$RestHandler.invokeRequest(RestAdapter.java:326)
05-04 16:20:42.662  1764  2095 E PresenceManager: 	... 5 more
05-04 16:20:42.672  1764  1764 I PlatformPluginManager: enforcePartyChatStateConsistency - got current party response: Party is null
05-04 16:20:42.672  1764  1764 I PlatformPluginManager: enforcePartyChatStateConsistency - User not in a party.
05-04 16:20:42.672  1764  1764 I PlatformPluginManager: stopPartyChat
05-04 16:20:42.672  1764  1764 I PlatformPlugin: [PlatformPluginManager] Stopping party chat
05-04 16:20:42.672  1764  1764 I OVRPlatform: [PartyChatInterchangeable] StopPartyChat
05-04 16:20:42.698  1814  2403 I OVRPlatform: [HttpRequest] Request `me?fields=current_party{id,leader{id},join_policy,users{id,alias,can_viewer_message,display_name,profile_url,profile_url_small,presence,presence_status,presence_app{id,package_name},presence_deeplink_joinable,presence_deeplink_message,presence_destination_api_name,presence_scoped_user_id,avatar_v2{avatar_image{uri}}},invited_users{id,alias,can_viewer_message,display_name,profile_url,profile_url_small,presence,presence_status,presence_app{id,package_name},avatar_v2{avatar_image{uri}}}}' (id: 4788) succeeded: {"id":"102449717587751"}
05-04 16:20:42.698  1814  2426 I OVRPlatform: [RequestStopwatch] HttpRequestAsync (me?fields=current_party{id,leader{id},join_policy,users{id,alias,can_viewer_message,display_name,profile_url,profile_url_small,presence,presence_status,presence_app{id,package_name},presence_deeplink_joinable,presence_deeplink_message,presence_destination_api_name,presence_scoped_user_id,avatar_v2{avatar_image{uri}}},invited_users{id,alias,can_viewer_message,display_name,profile_url,profile_url_small,presence,presence_status,presence_app{id,package_name},avatar_v2{avatar_image{uri}}}}) took 427.5950 milliseconds
05-04 16:20:42.719  1764  1764 I PlatformPluginManager: enforcePartyChatStateConsistency - got current party response: Party is null
05-04 16:20:42.719  1764  1764 I PlatformPluginManager: enforcePartyChatStateConsistency - User not in a party.
05-04 16:20:42.719  1764  1764 I PlatformPluginManager: stopPartyChat
05-04 16:20:42.719  1764  1764 I PlatformPlugin: [PlatformPluginManager] Stopping party chat
05-04 16:20:42.719  1764  1764 I OVRPlatform: [PartyChatInterchangeable] StopPartyChat
05-04 16:20:42.723  1814  1886 I [OAR] PartyManager: Party Response Parse Time: 0.068281ms
05-04 16:20:42.752  4448  4465 D UE4     : [2020.05.04-14.20.42:752][  0]LogAIModule: Creating AISystem for world MainMenu
05-04 16:20:42.754  4448  4465 D UE4     : [2020.05.04-14.20.42:754][  0]LogLoad: Game class is 'GameModeBase'
05-04 16:20:42.767  4448  4465 D UE4     : [2020.05.04-14.20.42:767][  0]LogWorld: Bringing World /Game/ToysGame/MainMenu.MainMenu up for play (max tick rate 0) at 2020.05.04-16.20.42
05-04 16:20:42.769  4448  4465 D UE4     : [2020.05.04-14.20.42:768][  0]LogWorld: Bringing up level for play took: 0.009859
05-04 16:20:42.773  4448  4465 D UE4     : [2020.05.04-14.20.42:773][  0]LogOnline: OSS: Creating online subsystem instance for: GooglePlay
05-04 16:20:42.773  4448  4465 D UE4     : [2020.05.04-14.20.42:773][  0]LogOnline: Warning: OSS: FOnlineSubsystemGooglePlayModule was disabled
05-04 16:20:42.776  4448  4465 D UE4     : [2020.05.04-14.20.42:776][  0]LogGameMode: FindPlayerStart: PATHS NOT DEFINED or NO PLAYERSTART with positive rating
05-04 16:20:42.787  3144  3192 I RCTVRNET: Request complete: time=511 name=unknown docid= traceid=HCfgvzOx2kj code=200
05-04 16:20:42.817  4448  4465 I OVRPlugin: GetExternalAppFilesPath() returns /storage/emulated/0/Android/data/com.YourCompany.ToysGame/files
05-04 16:20:42.817  4448  4465 D OVRPlugin: MRC config file can't be opened: tried /storage/emulated/0/Android/data/com.YourCompany.ToysGame/files/mrc.xml
05-04 16:20:42.817  4448  4465 I OVRPlugin: [MediaManager] MrcConfig: enabled 0 hq_mode 0, frame 2560 x 1080 image 1920 x 1080 tcp_port 28734 debugcamera 0 bitrate 8000000
05-04 16:20:42.817  4448  4465 D UE4     : [2020.05.04-14.20.42:817][  0]LogMR: MRC Initialized
05-04 16:20:42.817  4448  4465 I OVRPlugin: [MediaManager] deconstruct
05-04 16:20:42.818  4448  4465 D UE4     : [2020.05.04-14.20.42:818][  0]LogLoad: Took 0.876304 seconds to LoadMap(/Game/ToysGame/MainMenu)
05-04 16:20:42.824  4448  4658 D UE4     : *** JavaEnvDestructor: 4658
05-04 16:20:42.826  4448  4657 D UE4     : *** JavaEnvDestructor: 4657
05-04 16:20:42.845  4448  4465 D UE4     : [2020.05.04-14.20.42:845][  0]LogAndroid: Passed GEngineLoop.Init()
05-04 16:20:42.847  4448  4465 D UE4     : [2020.05.04-14.20.42:847][  0]LogAndroidEvents: Display: LogAndroidEvents::DequeueAppEvent : 9, [width=-1, height=-1], APP_EVENT_STATE_ON_START
05-04 16:20:42.847  4448  4465 D UE4     : FAppEventManager::Tick processing, 9
05-04 16:20:42.847  4448  4465 D UE4     : [2020.05.04-14.20.42:847][  0]LogAndroidEvents: Display: LogAndroidEvents::DequeueAppEvent : 7, [width=-1, height=-1], APP_EVENT_STATE_ON_RESUME
05-04 16:20:42.847  4448  4465 D UE4     : FAppEventManager::Tick processing, 7
05-04 16:20:42.847  4448  4465 D UE4     : [2020.05.04-14.20.42:847][  0]LogAndroidEvents: Display: LogAndroidEvents::DequeueAppEvent : 6, [width=-1, height=-1], APP_EVENT_STATE_ON_PAUSE
05-04 16:20:42.847  4448  4465 D UE4     : FAppEventManager::Tick processing, 6
05-04 16:20:42.847  4448  4465 D UE4     : [2020.05.04-14.20.42:847][  0]LogVulkanRHI: FVulkanPipelineStateCacheManager: skipped saving because we only save if the PSOFC based one failed to load.
05-04 16:20:42.848  4448  4465 D UE4     : [2020.05.04-14.20.42:847][  0]LogAndroidEvents: Display: LogAndroidEvents::DequeueAppEvent : 0, [width=2880, height=1600], APP_EVENT_STATE_WINDOW_CREATED
05-04 16:20:42.848  4448  4465 D UE4     : FAppEventManager::Tick processing, 0
05-04 16:20:42.848  4448  4465 D UE4     : [2020.05.04-14.20.42:848][  0]LogAndroidEvents: Display: ExecWindowCreated
05-04 16:20:42.848  4448  4465 D UE4     : AndroidEGL::ReInitWindow()
05-04 16:20:42.848  4448  4465 D UE4     : ExecWindowCreated, 0, 1, 0
05-04 16:20:42.848  4448  4465 D UE4     : [2020.05.04-14.20.42:848][  0]LogAndroidEvents: Display: LogAndroidEvents::DequeueAppEvent : 12, [width=-1, height=-1], APP_EVENT_STATE_SAVE_STATE
05-04 16:20:42.848  4448  4465 D UE4     : FAppEventManager::Tick processing, 12
05-04 16:20:42.848  4448  4465 D UE4     : [2020.05.04-14.20.42:848][  0]LogAndroidEvents: Display: LogAndroidEvents::DequeueAppEvent : 8, [width=-1, height=-1], APP_EVENT_STATE_ON_STOP
05-04 16:20:42.848  4448  4465 D UE4     : FAppEventManager::Tick processing, 8
05-04 16:20:42.848  4448  4465 D UE4     : [2020.05.04-14.20.42:848][  0]LogTemp: Android release microphone
05-04 16:20:42.848  4448  4465 D UE4     : [2020.05.04-14.20.42:848][  0]LogAndroidEvents: Display: LogAndroidEvents::DequeueAppEvent : 11, [width=-1, height=-1], APP_EVENT_STATE_WINDOW_GAINED_FOCUS
05-04 16:20:42.848  4448  4465 D UE4     : FAppEventManager::Tick processing, 11
05-04 16:20:42.848  4448  4465 D UE4     : [2020.05.04-14.20.42:848][  0]LogAndroidEvents: Display: LogAndroidEvents::DequeueAppEvent : 9, [width=-1, height=-1], APP_EVENT_STATE_ON_START
05-04 16:20:42.848  4448  4465 D UE4     : FAppEventManager::Tick processing, 9
05-04 16:20:42.848  4448  4465 D UE4     : [2020.05.04-14.20.42:848][  0]LogAndroidEvents: Display: LogAndroidEvents::DequeueAppEvent : 14, [width=-1, height=-1], APP_EVENT_STATE_APP_ACTIVATED
05-04 16:20:42.848  4448  4465 D UE4     : FAppEventManager::Tick processing, 14
05-04 16:20:42.848  4448  4465 D UE4     : Execution will be resumed!
05-04 16:20:42.848  4448  4465 D UE4     : [2020.05.04-14.20.42:848][  0]LogAndroidEvents: Display: LogAndroidEvents::DequeueAppEvent : 15, [width=-1, height=-1], APP_EVENT_RUN_CALLBACK
05-04 16:20:42.848  4448  4465 D UE4     : FAppEventManager::Tick processing, 15
05-04 16:20:42.848  4448  4465 D UE4     : [2020.05.04-14.20.42:848][  0]LogAndroidEvents: Display: Event thread callback running.
05-04 16:20:42.848  4448  4465 D UE4     : [2020.05.04-14.20.42:848][  0]LogAndroid: performing app foregrounding callback.
05-04 16:20:42.849  4448  4465 D UE4     : [GameActivity] Registering volume receiver
05-04 16:20:42.853  4448  4465 D UE4     : [GameActivity] startVolumeReceiver: 6
05-04 16:20:42.853  4448  4465 D UE4     : nativeVolumeEvent(6)
05-04 16:20:42.853  4448  4465 D UE4     : [GameActivity] Registering battery receiver
05-04 16:20:42.856  4448  4706 D UE4     : [2020.05.04-14.20.42:856][  0]LogRenderer: Reallocating scene render targets to support 2880x1600 Format 2 NumSamples 2 (Frame:1).
05-04 16:20:42.858  4448  4465 D UE4     : [GameActivity] Registering headset receiver
05-04 16:20:42.859  4448  4465 D UE4     : [GameActivity] startHeadsetReceiver: 0
05-04 16:20:42.859  4448  4465 D UE4     : nativeHeadsetEvent(0)
05-04 16:20:42.859  4448  4465 D UE4     : [2020.05.04-14.20.42:859][  0]LogCore: Display: AppLifetime: Application has entered foreground
05-04 16:20:42.929  4448  4649 D UE4     : *** JavaEnvDestructor: 4649
05-04 16:20:42.933   550   595 I AudioFlinger: BUFFER TIMEOUT: remove(4096) from active list on thread 0xf4803380
05-04 16:20:42.947  2128  4607 I TimeWarp: Tear: 0.009162 (since wakeup: 0.000603)
05-04 16:20:42.979  1814  1886 W VrApi   : FrameIndex = 12667, RetiredClientFrameIndex = 12664, waited for 25 msec for frame to retire
05-04 16:20:43.273  3144  3167 I RvrPnl  : FPS=46.9783/182.793/5.98967, MSPF=0.0212864/5.47068/166.954, MEMALLOC=20.5403
05-04 16:20:43.283  4448  4668 I Telemetry: App memory usage: PSS=835MB DalvikPSS=3 MB
05-04 16:20:43.287  4448  4668 I VrApi   : FPS=0,Prd=0ms,Tear=0,Early=0,Stale=72,VSnc=1,Lat=0,Fov=0,CPU4/GPU=0/0,2304/670MHz,OC=FF,TA=0/0/0,SP=N/N/N,Mem=1804MHz,Free=1523MB,PSM=0,PLS=0,Temp=31.0C/0.0C,TW=2.48ms,App=0.00ms,GD=8.60ms,CPU&GPU=0.00ms,LCnt=0,GPU%=0.67,CPU%=0.33(W0.70),DSF=1.00
05-04 16:20:43.335  1814  4675 I Telemetry: App memory usage: PSS=291MB DalvikPSS=2 MB
05-04 16:20:43.337  1814  4675 I VrApi   : FPS=43,Prd=0ms,Tear=0,Early=0,Stale=72,VSnc=1,Lat=1,Fov=0,CPU4/GPU=0/0,2304/670MHz,OC=FF,TA=0/E0/0,SP=N/F/N,Mem=1804MHz,Free=1526MB,PSM=0,PLS=0,Temp=31.0C/0.0C,TW=2.98ms,App=11.16ms,GD=3.73ms,CPU&GPU=16.32ms,LCnt=3,GPU%=0.69,CPU%=0.25(W0.27),DSF=1.00
05-04 16:20:43.372  2108  4711 I LibraryStorage: Successfully saved 14 entitlements. Total entitlements: 14. Notifying: 0
05-04 16:20:43.443   721  4583 I [CT]    : VIPER:MAP_MANAGER: State: TRACKING_PERSISTENT, UUID=d18585e8-d288-4997-b6ff-78495c7eed6a, Num. Persistent maps = 1,  Persistent maps:d18585e8-d288-4997-b6ff-78495c7eed6a,, Ser. Disabled = 00000000-0000-0000-0000-000000000000
05-04 16:20:43.485   721  4583 I [CT]    : VIPER: Status=6DoF,TRACKING,KF=182,Inl=243,Pts=594,Jit=1.0mm,Issues(Cam/min=0.0,IMU/min=0.0),Exp=(6.4ms,g=7.0,I=75)(4.8ms,g=4.0,I=69)(6.4ms,g=7.0,I=69)(5.1ms,g=5.0,I=67)
05-04 16:20:43.503  4448  4712 D UE4     : [2020.05.04-14.20.43:500][  0]LogTcpMessaging: Started Connection to '127.0.0.1:46036'
05-04 16:20:43.506  4448  4712 D UE4     : [2020.05.04-14.20.43:506][  0]LogTcpMessaging: Discovered node '7DC75B4D48ED2A01840E07AF802AD5A1' on connection '127.0.0.1:46036'...
05-04 16:20:43.543  4448  4647 D UE4     : *** JavaEnvDestructor: 4647
05-04 16:20:43.543  4448  4648 D UE4     : *** JavaEnvDestructor: 4648
05-04 16:20:43.544  4448  4646 D UE4     : *** JavaEnvDestructor: 4646
05-04 16:20:43.645  4448  4465 D UE4     : [2020.05.04-14.20.43:645][  0]LogUdpMessaging: Initializing bridge on interface 0.0.0.0:0 to multicast group 230.0.0.1:6666.
05-04 16:20:43.655  4448  4645 D UE4     : *** JavaEnvDestructor: 4645
05-04 16:20:43.934  4448  4668 I VrApi   : FPS=0,Prd=0ms,Tear=0,Early=0,Stale=72,VSnc=1,Lat=0,Fov=0,CPU4/GPU=0/0,2304/670MHz,OC=FF,TA=0/0/0,SP=N/N/N,Mem=1804MHz,Free=1526MB,PSM=0,PLS=0,Temp=31.0C/0.0C,TW=2.48ms,App=0.00ms,GD=8.60ms,CPU&GPU=0.00ms,LCnt=0,GPU%=0.67,CPU%=0.33(W0.70),DSF=1.00
05-04 16:20:43.987  2128  2296 I InputManager: HANDTRACKING hand 1 status set to Tracked
05-04 16:20:44.164   721  4581 I [CT]    : NIMBLE:HTEngine: HandTracking, Frame received with len = 4, , exposure(ms) 5.662000000000001
05-04 16:20:44.188  1814  4675 I VrApi   : FPS=63,Prd=45ms,Tear=5,Early=2,Stale=42,VSnc=1,Lat=1,Fov=0,CPU4/GPU=4/4,2304/670MHz,OC=FF,TA=0/E0/0,SP=N/F/N,Mem=1804MHz,Free=1525MB,PSM=0,PLS=0,Temp=31.0C/0.0C,TW=3.04ms,App=10.16ms,GD=3.63ms,CPU&GPU=55780.53ms,LCnt=4,GPU%=0.80,CPU%=0.16(W0.22),DSF=1.00
05-04 16:20:44.273  3144  3167 I RvrPnl  : FPS=71.9863/105.49/54.9839, MSPF=0.0138915/9.47958/18.1871, MEMALLOC=20.5403
05-04 16:20:44.483  1495  1495 D ControllerNotifications: Enabling notifications
05-04 16:20:44.484  1495  1495 I ControllerNotifications: Updating input notifications based on state Disconnected
05-04 16:20:44.491  1495  1495 I ControllerNotifications: Updating input notifications based on state ConnectedBatteryNormal
05-04 16:20:44.493  1495  1495 D OculusNotificationListenerService: Notification posted: 0|com.oculus.notification_proxy|4098|null|1000
05-04 16:20:44.495  1918  1918 I [OAR] VrNotificationListenerService: onNotificationPosted(): key = 0|com.oculus.notification_proxy|4098|null|1000, type = invalid
05-04 16:20:44.495  1918  1918 I [OAR] VrNotificationListenerService: onNotificationPosted(): user|package|tag|id = UserHandle{0}|com.oculus.notification_proxy|null|4098
05-04 16:20:44.498  1906  1906 D [OAR] NotificationBroadcastReceiver: action: com.oculus.intent.action.NOTIF_CHANGE
05-04 16:20:44.498  1906  1906 D [OAR] AnytimeUINotifsBarView: onNotificationsChanged - skipped, detils bar not visible
05-04 16:20:44.503  1495  1495 D OculusNotificationListenerService: Notification posted: 0|com.oculus.notification_proxy|4098|null|1000
05-04 16:20:44.503  4448  4644 D UE4     : *** JavaEnvDestructor: 4644
05-04 16:20:44.513  4448  4712 D UE4     : [2020.05.04-14.20.44:513][  0]LogTcpMessaging: Lost node '7DC75B4D48ED2A01840E07AF802AD5A1' on connection '127.0.0.1:46036'...
05-04 16:20:44.513  4448  4712 D UE4     : *** JavaEnvDestructor: 4712
05-04 16:20:44.529  1079  1088 I art     : Background sticky concurrent mark sweep GC freed 24545(1245KB) AllocSpace objects, 4(80KB) LOS objects, 18% free, 8MB/10MB, paused 5.499ms total 41.302ms
05-04 16:20:44.534  1906  1906 D [OAR] ToastController: onReceiveNotificationToToast()
05-04 16:20:44.536  1906  1906 D [OAR] ToastLayerView: showNotification(4098, isSystem:true)
05-04 16:20:44.537  1918  1918 D VrNotificationAnalytics: logNotificationPosted(invalid)
05-04 16:20:44.538  1918  1918 D [OAR] VrBroadcastReceiver: action: com.oculus.vrshell.intent.action.NOTIFICATION_WAKE
05-04 16:20:44.538  1906  1906 I AndroidPanelLayer: Unhiding layer toast
05-04 16:20:44.539  1906  1906 I AndroidPanelApp: layerTransform: Showing panel layer "toast" in VrShell with width 420, height 72, position( 0.000000 , 0.000000 ), rotation (0.000000 , 0.000000 , 0.000000 )  hit-testable true, shape 1, and system-positioned true. Density: 4680.000000. Supersampled: false 
05-04 16:20:44.539  1906  1906 I AndroidPanelApp: Processing pending show layer info for layer toast with width 420 and height 72.
05-04 16:20:44.539  1906  1906 I AndroidPanelApp: layerSupersample no changes
05-04 16:20:44.540  1918  1918 I [OAR] VrNotificationListenerService: onNotificationPosted(): key = 0|com.oculus.notification_proxy|4098|null|1000, type = invalid
05-04 16:20:44.540  1918  1918 I [OAR] VrNotificationListenerService: onNotificationPosted(): user|package|tag|id = UserHandle{0}|com.oculus.notification_proxy|null|4098
05-04 16:20:44.548  1814  1886 I [OAR] PanelAppHost: Resize layer toast to size 420 x 72 shape:1 stereo:0
05-04 16:20:44.548  1814  1886 I [OAR] PanelRenderLayer: ResetSurface 420 x 72 - shape:1 stereo:0
05-04 16:20:44.559  1906  1906 I AndroidPanelApp: Processing next frame action "layerShow" for layer "toast"
05-04 16:20:44.559  1906  1906 I AndroidPanelApp: nextFrameAction(layerShow, toast)
05-04 16:20:44.559  1906  1906 I AndroidPanelApp: layerShow acknowledged for toast
05-04 16:20:44.559  1906  1906 I AndroidPanelApp: tryShowLayer(toast)
05-04 16:20:44.559  1906  1906 I AndroidPanelLayer: Showing layer toast
05-04 16:20:44.559  1906  1906 I AndroidPanelLayer: Unhiding layer toast
05-04 16:20:44.573  1918  1918 D VrNotificationAnalytics: logNotificationPosted(invalid)
05-04 16:20:44.573  1918  1918 D [OAR] VrNotificationService: VrNotificationService onStartCommand() Intent { cmp=com.oculus.vrshell/.VrNotificationService }
05-04 16:20:44.574  1918  1918 D [OAR] VrBroadcastReceiver: action: com.oculus.vrshell.intent.action.NOTIFICATION_WAKE
05-04 16:20:44.575  1906  1906 I AndroidPanelApp: Turning on layer visibility for layer toast.
05-04 16:20:44.575  1906  1906 D AndroidPanelApp: Queue: layerVisibility toast 1
05-04 16:20:44.575  1906  1906 D [OAR] ToastController: onReceiveNotificationToToast()
05-04 16:20:44.578  1906  1906 D [OAR] ToastLayerView: showNotification(4098, isSystem:true)
05-04 16:20:44.578  1814  1814 D [OAR] ShellControlBroadcastReceiver: onReceive with MainActivity native pointer 3752736272, action com.oculus.vrshell.intent.action.NOTIFICATION_SHOWN
05-04 16:20:44.579  1906  1906 I AndroidPanelLayer: Unhiding layer toast
05-04 16:20:44.580  1906  1906 I AndroidPanelApp: layerTransform: Showing panel layer "toast" in VrShell with width 420, height 72, position( 0.000000 , 0.000000 ), rotation (0.000000 , 0.000000 , 0.000000 )  hit-testable true, shape 1, and system-positioned true. Density: 4680.000000. Supersampled: false 
05-04 16:20:44.580  1918  1918 D [OAR] VrNotificationService: VrNotificationService onStartCommand() Intent { cmp=com.oculus.vrshell/.VrNotificationService }
05-04 16:20:44.581  1906  1906 I AndroidPanelApp: Processing pending show layer info for layer toast with width 420 and height 72.
05-04 16:20:44.581  1906  1906 I AndroidPanelApp: layerSupersample no changes
05-04 16:20:44.581  1906  1906 I AndroidPanelApp: Handling next frame raw command "layerVisibility toast 1"
05-04 16:20:44.584  1906  1906 D [OAR] NotificationBroadcastReceiver: action: com.oculus.intent.action.NOTIF_CHANGE
05-04 16:20:44.585  1906  1906 D [OAR] AnytimeUINotifsBarView: onNotificationsChanged - skipped, detils bar not visible
05-04 16:20:44.589  1814  1886 I [OAR] ShellApp: 0xcf297358 msg: broadcastIntent:
05-04 16:20:44.589  1814  1886 I [OAR] ShellApp: toast_duration = 5
05-04 16:20:44.589  1814  1886 I [OAR] ShellApp: intent_action = com.oculus.vrshell.intent.action.NOTIFICATION_SHOWN
05-04 16:20:44.589  1814  1886 I [OAR] ShellApp: toast_has_cta = false
05-04 16:20:44.590  1814  1886 I [OAR] PanelAppHost: Resize layer toast to size 420 x 72 shape:1 stereo:0
05-04 16:20:44.590  1814  1886 I [OAR] PanelRenderLayer: ResetSurface 420 x 72 - shape:1 stereo:0
05-04 16:20:44.590  1814  1886 I [OAR] PanelAppHost: Setting panel layer visibility of layer "toast" to visible
05-04 16:20:44.595  1906  1906 I AndroidPanelApp: Processing next frame action "layerShow" for layer "toast"
05-04 16:20:44.595  1906  1906 I AndroidPanelApp: nextFrameAction(layerShow, toast)
05-04 16:20:44.595  1906  1906 I AndroidPanelApp: layerShow acknowledged for toast
05-04 16:20:44.596  1906  1906 I AndroidPanelApp: tryShowLayer(toast)
05-04 16:20:44.596  1906  1906 I AndroidPanelLayer: Showing layer toast
05-04 16:20:44.596  1906  1906 I AndroidPanelLayer: Unhiding layer toast
05-04 16:20:44.605  1814  1814 D [OAR] ShellControlBroadcastReceiver: onReceive with MainActivity native pointer 3752736272, action com.oculus.vrshell.intent.action.NOTIFICATION_SHOWN
05-04 16:20:44.616  1906  1906 I AndroidPanelApp: Turning on layer visibility for layer toast.
05-04 16:20:44.616  1906  1906 D AndroidPanelApp: Queue: layerVisibility toast 1
05-04 16:20:44.617  1814  1886 I [OAR] ShellApp: 0xcf297358 msg: broadcastIntent:
05-04 16:20:44.617  1814  1886 I [OAR] ShellApp: toast_duration = 5
05-04 16:20:44.617  1814  1886 I [OAR] ShellApp: intent_action = com.oculus.vrshell.intent.action.NOTIFICATION_SHOWN
05-04 16:20:44.617  1814  1886 I [OAR] ShellApp: toast_has_cta = false
05-04 16:20:44.617  4448  4465 D UE4     : [2020.05.04-14.20.44:617][  0]LogTcpMessaging: Initializing TcpMessaging bridge, listening on 127.0.0.1:6666
05-04 16:20:44.620  1906  1906 I AndroidPanelApp: Handling next frame raw command "layerVisibility toast 1"
05-04 16:20:44.623  4448  4465 D UE4     : [2020.05.04-14.20.44:623][  0]LogCore: Display: AppLifetime: Application has reactivated
05-04 16:20:44.623  4448  4465 D UE4     : [2020.05.04-14.20.44:623][  0]LogTemp: Android resume audio
05-04 16:20:44.623  4448  4465 D UE4     : [2020.05.04-14.20.44:623][  0]LogAndroidEvents: Display: LogAndroidEvents::DequeueAppEvent : 7, [width=-1, height=-1], APP_EVENT_STATE_ON_RESUME
05-04 16:20:44.623  4448  4465 D UE4     : FAppEventManager::Tick processing, 7
05-04 16:20:44.623  4448  4465 D UE4     : [2020.05.04-14.20.44:623][  0]LogAndroidEvents: Display: LogAndroidEvents::DequeueAppEvent : 10, [width=-1, height=-1], APP_EVENT_STATE_WINDOW_LOST_FOCUS
05-04 16:20:44.623  4448  4465 D UE4     : FAppEventManager::Tick processing, 10
05-04 16:20:44.623  4448  4465 D UE4     : [2020.05.04-14.20.44:623][  0]LogAndroidEvents: Display: LogAndroidEvents::DequeueAppEvent : 6, [width=-1, height=-1], APP_EVENT_STATE_ON_PAUSE
05-04 16:20:44.623  4448  4465 D UE4     : FAppEventManager::Tick processing, 6
05-04 16:20:44.624  4448  4465 D UE4     : [2020.05.04-14.20.44:623][  0]LogVulkanRHI: FVulkanPipelineStateCacheManager: skipped saving because we only save if the PSOFC based one failed to load.
05-04 16:20:44.624  4448  4465 D UE4     : [2020.05.04-14.20.44:624][  0]LogAndroidEvents: Display: LogAndroidEvents::DequeueAppEvent : 15, [width=-1, height=-1], APP_EVENT_RUN_CALLBACK
05-04 16:20:44.624  4448  4465 D UE4     : FAppEventManager::Tick processing, 15
05-04 16:20:44.624  4448  4465 D UE4     : [2020.05.04-14.20.44:624][  0]LogAndroidEvents: Display: Event thread callback running.
05-04 16:20:44.624  4448  4465 D UE4     : [2020.05.04-14.20.44:624][  0]LogAndroid: performing app backgrounding callback. 0x7f46780540
05-04 16:20:44.631  1814  1886 I [OAR] PanelAppHost: Setting panel layer visibility of layer "toast" to visible
05-04 16:20:44.650  4448  4716 D UE4     : *** JavaEnvDestructor: 4716
05-04 16:20:44.822   721  4581 I [CT]    : NIMBLE:HLOG: {
05-04 16:20:44.822   721  4581 I [CT]    :   "Capture latency(ms)": {
05-04 16:20:44.822   721  4581 I [CT]    :     "P95": 10.101239000505302,
05-04 16:20:44.822   721  4581 I [CT]    :     "max": 11.955312000281992,
05-04 16:20:44.822   721  4581 I [CT]    :     "mean": 9.928075296664833
05-04 16:20:44.822   721  4581 I [CT]    :   },
05-04 16:20:44.822   721  4581 I [CT]    :   "E2E Pipeline latency(ms)": {
05-04 16:20:44.822   721  4581 I [CT]    :     "P95": 18.70901100028277,
05-04 16:20:44.822   721  4581 I [CT]    :     "max": 22.3245829993175,
05-04 16:20:44.822   721  4581 I [CT]    :     "mean": 10.79762022225965
05-04 16:20:44.822   721  4581 I [CT]    :   },
05-04 16:20:44.822   721  4581 I [CT]    :   "Pre-dropped frames": {
05-04 16:20:44.822   721  4581 I [CT]    :     "count": 0,
05-04 16:20:44.822   721  4581 I [CT]    :     "mean(ms)": 0.0
05-04 16:20:44.822   721  4581 I [CT]    :   }
05-04 16:20:44.822   721  4581 I [CT]    : }
05-04 16:20:44.824   721  4581 I [CT]    : NIMBLE:HLOG: [Throttled count=3] [Health][left ] [IK #] count= 118, mean=0.313559+-1.69816, max = 10, histogram = [[<1:114], [<3:0], [<5:0], [<7:1], [<9:0], [<11:3], [<30:0], ], 
05-04 16:20:44.935  4448  4668 I VrApi   : FPS=0,Prd=0ms,Tear=0,Early=0,Stale=72,VSnc=1,Lat=0,Fov=0,CPU4/GPU=0/0,2304/670MHz,OC=FF,TA=0/0/0,SP=N/N/N,Mem=1804MHz,Free=1524MB,PSM=0,PLS=0,Temp=31.0C/0.0C,TW=2.48ms,App=0.00ms,GD=8.60ms,CPU&GPU=0.00ms,LCnt=0,GPU%=0.67,CPU%=0.33(W0.70),DSF=1.00
05-04 16:20:45.190  1814  4675 I VrApi   : FPS=72,Prd=45ms,Tear=0,Early=18,Stale=0,VSnc=1,Lat=1,Fov=0,CPU4/GPU=4/4,2304/670MHz,OC=FF,TA=0/E0/0,SP=N/F/N,Mem=1804MHz,Free=1524MB,PSM=0,PLS=0,Temp=31.0C/0.0C,TW=2.92ms,App=8.44ms,GD=2.98ms,CPU&GPU=14.17ms,LCnt=4,GPU%=0.85,CPU%=0.11(W0.11),DSF=1.00
05-04 16:20:45.274  3144  3167 I RvrPnl  : FPS=71.9046/157.409/46.9451, MSPF=0.0139073/6.35286/21.3015, MEMALLOC=20.5403
05-04 16:20:45.283   721  4583 I [CT]    : HealthReport: ==================================================
05-04 16:20:45.283   721  4583 I [CT]    : Health Report
05-04 16:20:45.283   721  4583 I [CT]    : -------------
05-04 16:20:45.283   721  4583 I [CT]    : 
05-04 16:20:45.283   721  4583 I [CT]    : Reporter #1 (InsideOutHealthMonitor) summary:
05-04 16:20:45.283   721  4583 I [CT]    : Camera: Total Dropped: 0.000000, Total Frame Count: 136 (0.000000%), Camera Reset Count: 0
05-04 16:20:45.283   721  4583 I [CT]    : Camera: Total Single Camera Frame Dropped: 0, Total Frame Count: 136 (0.000000%)
05-04 16:20:45.283   721  4583 I [CT]    : IMU: Total Dropped: 0.000000, Total Sample Count: 5687 (0.000000%)
05-04 16:20:45.283   721  4583 I [CT]    : Magnetometer: Total Dropped: 0.000000, Total Sample Count: 171 (0.000000%)
05-04 16:20:45.283   721  4583 I [CT]    : 
05-04 16:20:45.283   721  4583 I [CT]    : Reporter #1 (InsideOutHealthMonitor) Passed
05-04 16:20:45.283   721  4583 I [CT]    : --------------------------------------------------
05-04 16:20:45.283   721  4583 I [CT]    : Reporter #2 (ConstellationHealthMonitor) summary:
05-04 16:20:45.283   721  4583 I [CT]    : Camera: Total Dropped: 0.000000, Total Frame Count: 7 (0.000000%), Camera Reset Count: 1
05-04 16:20:45.283   721  4583 I [CT]    : Camera: Total Single Camera Frame Dropped: 0, Total Frame Count: 7 (0.000000%)
05-04 16:20:45.283   721  4583 I [CT]    : Controller 7745273921483883046:
05-04 16:20:45.283   721  4583 I [CT]    : IMU: Capture period exceeded threshold.  Largest period: 2.906575 sec
05-04 16:20:45.283   721  4583 I [CT]    : Controllers may have been sleeping
05-04 16:20:45.283   721  4583 I [CT]    : IMU: Total Dropped: 0.000000, Total Sample Count: 1450.110000 (0.000000%)
05-04 16:20:45.283   721  4583 I [CT]    : Controller 0:
05-04 16:20:45.283   721  4583 I [CT]    : No samples have been received.
05-04 16:20:45.459  2137  2184 I GuardianSystem: UpdateGuardianSystemState: Flags changed: 598016, 589824
05-04 16:20:45.511   721  4516 I [CT]    : boltlib: DSP utilization(%): 34
05-04 16:20:45.606  1814  2401 I OVRPlatform: [CurlHttpClient] Executing HTTP request: https://graph.oculus.com//v1.20/me?fields=current_party{id,leader{id},join_policy,users{id,alias,can_viewer_message,display_name,profile_url,profile_url_small,presence,presence_status,presence_app{id,package_name},presence_deeplink_joinable,presence_deeplink_message,presence_destination_api_name,presence_scoped_user_id,avatar_v2{avatar_image{uri}}},invited_users{id,alias,can_viewer_message,display_name,profile_url,profile_url_small,presence,presence_status,presence_app{id,package_name},avatar_v2{avatar_image{uri}}}}&app_version=210946745
05-04 16:20:45.651  4448  4714 D UE4     : *** JavaEnvDestructor: 4714
05-04 16:20:45.652  4448  4715 D UE4     : *** JavaEnvDestructor: 4715
05-04 16:20:45.653  4448  4713 D UE4     : *** JavaEnvDestructor: 4713
05-04 16:20:45.744  1814  2398 I OVRPlatform: [HttpRequest] Request `me?fields=current_party{id,leader{id},join_policy,users{id,alias,can_viewer_message,display_name,profile_url,profile_url_small,presence,presence_status,presence_app{id,package_name},presence_deeplink_joinable,presence_deeplink_message,presence_destination_api_name,presence_scoped_user_id,avatar_v2{avatar_image{uri}}},invited_users{id,alias,can_viewer_message,display_name,profile_url,profile_url_small,presence,presence_status,presence_app{id,package_name},avatar_v2{avatar_image{uri}}}}' (id: 4794) succeeded: {"id":"102449717587751"}
05-04 16:20:45.744  1814  2398 I OVRPlatform: [RequestStopwatch] HttpRequestAsync (me?fields=current_party{id,leader{id},join_policy,users{id,alias,can_viewer_message,display_name,profile_url,profile_url_small,presence,presence_status,presence_app{id,package_name},presence_deeplink_joinable,presence_deeplink_message,presence_destination_api_name,presence_scoped_user_id,avatar_v2{avatar_image{uri}}},invited_users{id,alias,can_viewer_message,display_name,profile_url,profile_url_small,presence,presence_status,presence_app{id,package_name},avatar_v2{avatar_image{uri}}}}) took 137.7000 milliseconds
05-04 16:20:45.745  1814  1886 I [OAR] PartyManager: Party Response Parse Time: 0.049427ms
05-04 16:20:45.924  4448  4466 D UE4     : [2020.05.04-14.20.45:924][  0]LogAndroid: backgrounding callback, not responded in timely manner.
05-04 16:20:45.925  4448  4466 D UE4     : [2020.05.04-14.20.45:925][  0]LogAndroid: Blocking renderer on invalid window.
05-04 16:20:45.925  4448  4466 D UE4     : [2020.05.04-14.20.45:925][  0]LogAndroid: Waiting for renderer to encounter blocking command.
05-04 16:20:45.925  4448  4706 D UE4     : [2020.05.04-14.20.45:925][  0]LogAndroid: Blocking renderer
05-04 16:20:45.925  4448  4706 D UE4     : [2020.05.04-14.20.45:925][  0]LogAndroid: RendererBlock release window callback
05-04 16:20:45.926  4448  4706 D UE4     : [2020.05.04-14.20.45:925][  0]LogVulkanRHI: Destroy swapchain ... 
05-04 16:20:45.935  4448  4668 I VrApi   : FPS=0,Prd=0ms,Tear=0,Early=0,Stale=72,VSnc=1,Lat=0,Fov=0,CPU4/GPU=0/0,2304/670MHz,OC=FF,TA=0/0/0,SP=N/N/N,Mem=1804MHz,Free=1523MB,PSM=0,PLS=0,Temp=31.0C/0.0C,TW=2.48ms,App=0.00ms,GD=8.60ms,CPU&GPU=0.00ms,LCnt=0,GPU%=0.67,CPU%=0.33(W0.70),DSF=1.00
05-04 16:20:45.948  4448  4466 D UE4     : LogAndroidEvents::EnqueueAppEvent : 13, [width=-1, height=-1], tid = 4466, APP_EVENT_STATE_APP_SUSPENDED
05-04 16:20:45.949  4448  4466 D UE4     : Case APP_CMD_TERM_WINDOW, tid = 4466
05-04 16:20:45.949  4448  4466 D UE4     : [2020.05.04-14.20.45:949][  0]LogAndroid: Case APP_CMD_TERM_WINDOW
05-04 16:20:45.949  4448  4466 D UE4     : LogAndroidEvents::EnqueueAppEvent : 3, [width=-1, height=-1], tid = 4466, APP_EVENT_STATE_WINDOW_DESTROYED
05-04 16:20:45.972  4448  4466 D UE4     : [2020.05.04-14.20.45:972][  0]LogAndroid: Case APP_CMD_SAVE_STATE
05-04 16:20:45.972  4448  4466 D UE4     : LogAndroidEvents::EnqueueAppEvent : 12, [width=-1, height=-1], tid = 4466, APP_EVENT_STATE_SAVE_STATE
05-04 16:20:45.974  4448  4466 D UE4     : [2020.05.04-14.20.45:974][  0]LogAndroid: Case APP_CMD_STOP
05-04 16:20:45.975  4448  4466 D UE4     : LogAndroidEvents::EnqueueAppEvent : 8, [width=-1, height=-1], tid = 4466, APP_EVENT_STATE_ON_STOP
05-04 16:20:45.975  4448  4448 D UE4     : [GameActivity] ==============> GameActive.onStop complete!
05-04 16:20:45.975  4448  4448 D UE4     : [GameActivity] ==============> GameActive.onTrimMemory(TRIM_MEMORY_UI_HIDDEN) called!
05-04 16:20:45.977  4448  4448 V UE4     : [GameApp] App in background
05-04 16:20:45.978  4448  4448 D UE4     : [GameActivity] Battery: status = 2, rawlevel = 98, scale = 100
05-04 16:20:45.979  4448  4448 D UE4     : nativeBatteryEvent(stat = 2, lvl = 98  temp = 31.00 C)
05-04 16:20:46.188  1814  4675 I VrApi   : FPS=72,Prd=45ms,Tear=0,Early=29,Stale=0,VSnc=1,Lat=1,Fov=0,CPU4/GPU=4/4,2304/670MHz,OC=FF,TA=0/E0/0,SP=N/F/N,Mem=1804MHz,Free=1526MB,PSM=0,PLS=0,Temp=31.0C/0.0C,TW=2.97ms,App=10.92ms,GD=3.27ms,CPU&GPU=15.49ms,LCnt=5,GPU%=0.84,CPU%=0.23(W0.33),DSF=1.00
05-04 16:20:46.204   721  4581 I [CT]    : NIMBLE:HTEngine: HandTracking, Frame received with len = 4, , exposure(ms) 5.339
05-04 16:20:46.277  3144  3167 I RvrPnl  : FPS=71.8321/87.4198/59.3773, MSPF=0.0139213/11.4391/16.8415, MEMALLOC=20.5403
05-04 16:20:46.461   721  4581 E [CT]    : NIMBLE:ExposureControl: Unable to compute adjustment without histogram data
05-04 16:20:46.522  4448  4721 D UE4     : *** JavaEnvDestructor: 4721
05-04 16:20:46.542   721  4581 E [CT]    : NIMBLE:ExposureControl: Unable to compute adjustment without histogram data
05-04 16:20:46.581   721  4581 E [CT]    : NIMBLE:ExposureControl: Unable to compute adjustment without histogram data
05-04 16:20:46.619  4448  4720 D UE4     : *** JavaEnvDestructor: 4720
05-04 16:20:46.622   721  4581 E [CT]    : NIMBLE:ExposureControl: Unable to compute adjustment without histogram data
05-04 16:20:46.623  4448  4465 D UE4     : [2020.05.04-14.20.46:623][  0]LogCore: Display: AppLifetime: Application will deactivate
05-04 16:20:46.661   721  4581 E [CT]    : NIMBLE:ExposureControl: Unable to compute adjustment without histogram data
05-04 16:20:46.701   721  4581 E [CT]    : NIMBLE:ExposureControl: Unable to compute adjustment without histogram data
05-04 16:20:46.742   721  4581 E [CT]    : NIMBLE:ExposureControl: Unable to compute adjustment without histogram data
05-04 16:20:46.781   721  4581 E [CT]    : NIMBLE:ExposureControl: Unable to compute adjustment without histogram data
05-04 16:20:46.822   721  4581 E [CT]    : NIMBLE:ExposureControl: Unable to compute adjustment without histogram data
05-04 16:20:46.861   721  4581 E [CT]    : NIMBLE:ExposureControl: Unable to compute adjustment without histogram data
05-04 16:20:46.901   721  4581 E [CT]    : NIMBLE:ExposureControl: Unable to compute adjustment without histogram data
05-04 16:20:46.935  4448  4668 I VrApi   : FPS=0,Prd=0ms,Tear=0,Early=0,Stale=72,VSnc=1,Lat=0,Fov=0,CPU4/GPU=0/0,2304/670MHz,OC=FF,TA=0/0/0,SP=N/N/N,Mem=1804MHz,Free=1525MB,PSM=0,PLS=0,Temp=31.0C/0.0C,TW=2.48ms,App=0.00ms,GD=8.60ms,CPU&GPU=0.00ms,LCnt=0,GPU%=0.67,CPU%=0.33(W0.70),DSF=1.00
05-04 16:20:46.942   721  4581 E [CT]    : NIMBLE:ExposureControl: Unable to compute adjustment without histogram data
05-04 16:20:47.043   721  4583 I [CT]    : VIPER:MAP_MANAGER: State: TRACKING_PERSISTENT, UUID=d18585e8-d288-4997-b6ff-78495c7eed6a, Num. Persistent maps = 1,  Persistent maps:d18585e8-d288-4997-b6ff-78495c7eed6a,, Ser. Disabled = 00000000-0000-0000-0000-000000000000
05-04 16:20:47.083   721  4583 I [CT]    : VIPER: Status=6DoF,TRACKING,KF=182,Inl=306,Pts=594,Jit=0.2mm,Issues(Cam/min=0.0,IMU/min=0.0),Exp=(7.4ms,g=8.0,I=70)(5.4ms,g=6.0,I=69)(7.4ms,g=8.0,I=68)(5.4ms,g=6.0,I=67)
05-04 16:20:47.190  1814  4675 I VrApi   : FPS=72,Prd=45ms,Tear=0,Early=56,Stale=0,VSnc=1,Lat=1,Fov=0,CPU4/GPU=4/4,2304/670MHz,OC=FF,TA=0/E0/0,SP=N/F/N,Mem=1804MHz,Free=1528MB,PSM=0,PLS=0,Temp=31.0C/0.0C,TW=2.34ms,App=7.84ms,GD=0.00ms,CPU&GPU=11.86ms,LCnt=5,GPU%=0.55,CPU%=0.26(W0.36),DSF=1.00
05-04 16:20:47.280  3144  3167 I RCTVRMEM: Total Allocated Space: 21217800, Total Free Space: 8142328, JavaScript Heap Size: 4515965
05-04 16:20:47.280  3144  3167 I RvrPnl  : FPS=71.7876/94.3874/58.5814, MSPF=0.01393/10.5946/17.0703, MEMALLOC=20.2349
05-04 16:20:47.293  3144  3183 I RCTVR   : JavaScript[0xe2629990], Avg 466.980665309807023, Max 3471009.58498400031, MaxInLast 105.133634999394417
05-04 16:20:47.294  3144  3183 I RCTVR_HERMES: Hermes Mem: numCollections 62, allocatedBytes 4870936, heapSize 13790344, va 12582912
05-04 16:20:47.609  1471  4726 W ContextImpl: Calling a method in the system process without a qualified user: android.app.ContextImpl.sendBroadcast:877 android.content.ContextWrapper.sendBroadcast:421 com.facebook.analytics2.logger.UploadServiceBus.signalJobRan:60 com.facebook.analytics2.logger.UploadJobHandler.exitStateMachine:267 com.facebook.analytics2.logger.UploadJobHandler.handleMessage:97 
05-04 16:20:47.938  4448  4668 I VrApi   : FPS=0,Prd=0ms,Tear=0,Early=0,Stale=72,VSnc=1,Lat=0,Fov=0,CPU4/GPU=0/0,2304/670MHz,OC=FF,TA=0/0/0,SP=N/N/N,Mem=1804MHz,Free=1529MB,PSM=0,PLS=0,Temp=31.0C/0.0C,TW=2.48ms,App=0.00ms,GD=8.60ms,CPU&GPU=0.00ms,LCnt=0,GPU%=0.67,CPU%=0.33(W0.70),DSF=1.00
05-04 16:20:48.174  2128  4607 I TimeWarp: UpdateClockLevels: Apply pending clock request change: 4,4 -> 3,4
05-04 16:20:48.174  2128  4601 I Clocks  : ReleaseClocks - start
05-04 16:20:48.175   727  1317 D         : CPU_CLUSTER_0: No client requests exists, release clocks
05-04 16:20:48.175   727  1317 D         : CPU_CLUSTER_1: No client requests exists, release clocks
05-04 16:20:48.175   727  1317 D         : GPU: No client requests exists, release clocks
05-04 16:20:48.175   727  1317 D         : CPUBW: No client requests exists, release clocks
05-04 16:20:48.177  2128  4601 I Clocks  : ReleaseClocks - end (2.3 ms)
05-04 16:20:48.177  2128  4601 I Clocks  : LockClocks( cpu=3, gpu=4 ) - start
05-04 16:20:48.177  2128  4601 I Clocks  : CPU levels [0, 4]
05-04 16:20:48.177  2128  4601 I Clocks  : GPU levels [0, 5]
05-04 16:20:48.178   727   727 D         : CPU_CLUSTER_0: Client 2128 sends freq request [21, 21]
05-04 16:20:48.178   727   727 D         : CPU_CLUSTER_0: Next Perf Level = (21, 21)
05-04 16:20:48.178   727   727 D         : CPU_CLUSTER_1: Client 2128 sends freq request [22, 22]
05-04 16:20:48.178   727   727 D         : CPU_CLUSTER_1: Next Perf Level = (22, 22)
05-04 16:20:48.178   727   727 D         : CPUBW: Client 2128 sends freq request [8, 11]
05-04 16:20:48.178   727   727 D         : CPUBW: Next Perf Level = (8, 11)
05-04 16:20:48.178   727   727 D         : GPU: Client 2128 sends freq request [6, 6]
05-04 16:20:48.178   727   727 D         : GPU: Next Perf Level = (6, 6)
05-04 16:20:48.180  2128  4601 I Clocks  : LockClocks( cpu=3, gpu=4 ) - end (3.0 ms)
05-04 16:20:48.193  1814  4675 I VrApi   : FPS=72,Prd=45ms,Tear=0,Early=71,Stale=0,VSnc=1,Lat=1,Fov=0,CPU4/GPU=4/4,1958/670MHz,OC=FF,TA=0/E0/0,SP=N/F/N,Mem=1017MHz,Free=1529MB,PSM=0,PLS=0,Temp=31.0C/0.0C,TW=2.29ms,App=7.68ms,GD=0.00ms,CPU&GPU=11.54ms,LCnt=5,GPU%=0.56,CPU%=0.08(W0.15),DSF=1.00
05-04 16:20:48.204   721  4581 I [CT]    : NIMBLE:HTEngine: HandTracking, Frame received with len = 4, , exposure(ms) 5.358
05-04 16:20:48.282  3144  3167 I RvrPnl  : FPS=71.8542/83.588/62.9959, MSPF=0.0139171/11.9634/15.8741, MEMALLOC=20.2349
05-04 16:20:48.728  1764  1775 I art     : Background sticky concurrent mark sweep GC freed 9304(2MB) AllocSpace objects, 0(0B) LOS objects, 34% free, 4MB/6MB, paused 7.237ms total 22.712ms
05-04 16:20:48.755  1814  1886 I [OAR] ShellSurfaceRender: Averages: drawCalls 15.6 progBinds 5.5 paramUpdates 69.7 textureBinds 8.1 bufferBinds 1.6
05-04 16:20:48.935  4448  4668 I VrApi   : FPS=0,Prd=0ms,Tear=0,Early=0,Stale=72,VSnc=1,Lat=0,Fov=0,CPU4/GPU=0/0,1958/670MHz,OC=FF,TA=0/0/0,SP=N/N/N,Mem=1804MHz,Free=1529MB,PSM=0,PLS=0,Temp=31.0C/0.0C,TW=2.48ms,App=0.00ms,GD=8.60ms,CPU&GPU=0.00ms,LCnt=0,GPU%=0.67,CPU%=0.33(W0.70),DSF=1.00
05-04 16:20:48.949  1814  2398 I OVRPlatform: [CurlHttpClient] Executing HTTP request: https://graph.oculus.com//v1.20/me?fields=current_party{id,leader{id},join_policy,users{id,alias,can_viewer_message,display_name,profile_url,profile_url_small,presence,presence_status,presence_app{id,package_name},presence_deeplink_joinable,presence_deeplink_message,presence_destination_api_name,presence_scoped_user_id,avatar_v2{avatar_image{uri}}},invited_users{id,alias,can_viewer_message,display_name,profile_url,profile_url_small,presence,presence_status,presence_app{id,package_name},avatar_v2{avatar_image{uri}}}}&app_version=210946745
05-04 16:20:49.034  1814  2405 I OVRPlatform: [HttpRequest] Request `me?fields=current_party{id,leader{id},join_policy,users{id,alias,can_viewer_message,display_name,profile_url,profile_url_small,presence,presence_status,presence_app{id,package_name},presence_deeplink_joinable,presence_deeplink_message,presence_destination_api_name,presence_scoped_user_id,avatar_v2{avatar_image{uri}}},invited_users{id,alias,can_viewer_message,display_name,profile_url,profile_url_small,presence,presence_status,presence_app{id,package_name},avatar_v2{avatar_image{uri}}}}' (id: 4799) succeeded: {"id":"102449717587751"}
05-04 16:20:49.034  1814  2405 I OVRPlatform: [RequestStopwatch] HttpRequestAsync (me?fields=current_party{id,leader{id},join_policy,users{id,alias,can_viewer_message,display_name,profile_url,profile_url_small,presence,presence_status,presence_app{id,package_name},presence_deeplink_joinable,presence_deeplink_message,presence_destination_api_name,presence_scoped_user_id,avatar_v2{avatar_image{uri}}},invited_users{id,alias,can_viewer_message,display_name,profile_url,profile_url_small,presence,presence_status,presence_app{id,package_name},avatar_v2{avatar_image{uri}}}}) took 85.4400 milliseconds
05-04 16:20:49.045  1814  1886 I [OAR] PartyManager: Party Response Parse Time: 0.061771ms
05-04 16:20:49.048  1471  2022 I UploadManager: Scheduling jobbId 2131165248 within interval (900000, 2700000)
05-04 16:20:49.192  1814  4675 I VrApi   : FPS=72,Prd=45ms,Tear=0,Early=71,Stale=0,VSnc=1,Lat=1,Fov=0,CPU4/GPU=4/4,1958/670MHz,OC=FF,TA=0/E0/0,SP=N/F/N,Mem=1804MHz,Free=1529MB,PSM=0,PLS=0,Temp=31.0C/0.0C,TW=2.23ms,App=7.65ms,GD=0.00ms,CPU&GPU=11.61ms,LCnt=5,GPU%=0.55,CPU%=0.10(W0.19),DSF=1.00
05-04 16:20:49.284  3144  3167 I RvrPnl  : FPS=71.8095/94.1772/54.4003, MSPF=0.0139257/10.6183/18.3822, MEMALLOC=20.2349
05-04 16:20:49.494  1906  1906 I AndroidPanelLayer: Hiding layer toast
05-04 16:20:49.494  1906  1906 I AndroidPanelApp: HideLayer(toast)
05-04 16:20:49.505  1906  1906 I AndroidPanelApp: Processing pending hide layer for layer toast.
05-04 16:20:49.518  1814  1886 I [OAR] PanelAppHost: Setting panel layer visibility of layer "toast" to invisible
05-04 16:20:49.861   721  4581 I [CT]    : NIMBLE:HLOG: {
05-04 16:20:49.861   721  4581 I [CT]    :   "Capture latency(ms)": {
05-04 16:20:49.861   721  4581 I [CT]    :     "P95": 10.150561999580532,
05-04 16:20:49.861   721  4581 I [CT]    :     "max": 11.96506300038891,
05-04 16:20:49.861   721  4581 I [CT]    :     "mean": 9.951505841291649
05-04 16:20:49.861   721  4581 I [CT]    :   },
05-04 16:20:49.861   721  4581 I [CT]    :   "E2E Pipeline latency(ms)": {
05-04 16:20:49.861   721  4581 I [CT]    :     "P95": 18.581770999844593,
05-04 16:20:49.861   721  4581 I [CT]    :     "max": 19.252967999818793,
05-04 16:20:49.861   721  4581 I [CT]    :     "mean": 17.918547063533286
05-04 16:20:49.861   721  4581 I [CT]    :   },
05-04 16:20:49.861   721  4581 I [CT]    :   "Pre-dropped frames": {
05-04 16:20:49.861   721  4581 I [CT]    :     "count": 0,
05-04 16:20:49.861   721  4581 I [CT]    :     "mean(ms)": 0.0
05-04 16:20:49.861   721  4581 I [CT]    :   }
05-04 16:20:49.861   721  4581 I [CT]    : }
05-04 16:20:49.863   721  4581 I [CT]    : NIMBLE:HLOG: [Throttled count=3] [Health][left ] [IK #] count= 126, mean=0+-0, max = 1.17549e-38, histogram = [[<1:126], [<3:0], [<5:0], [<7:0], [<9:0], [<11:0], [<30:0], ], 
05-04 16:20:49.936  4448  4668 I VrApi   : FPS=0,Prd=0ms,Tear=0,Early=0,Stale=72,VSnc=1,Lat=0,Fov=0,CPU4/GPU=0/0,1958/670MHz,OC=FF,TA=0/0/0,SP=N/N/N,Mem=1804MHz,Free=1529MB,PSM=0,PLS=0,Temp=31.0C/0.0C,TW=2.48ms,App=0.00ms,GD=8.60ms,CPU&GPU=0.00ms,LCnt=0,GPU%=0.67,CPU%=0.33(W0.70),DSF=1.00
05-04 16:20:50.179  2128  4607 I TimeWarp: UpdateClockLevels: Apply pending clock request change: 3,4 -> 2,4
05-04 16:20:50.179  2128  4601 I Clocks  : ReleaseClocks - start
05-04 16:20:50.180   727  1317 D         : CPU_CLUSTER_0: No client requests exists, release clocks
05-04 16:20:50.180   727  1317 D         : CPU_CLUSTER_1: No client requests exists, release clocks
05-04 16:20:50.180   727  1317 D         : GPU: No client requests exists, release clocks
05-04 16:20:50.181   727  1317 D         : CPUBW: No client requests exists, release clocks
05-04 16:20:50.183  2128  4601 I Clocks  : ReleaseClocks - end (3.2 ms)
05-04 16:20:50.183  2128  4601 I Clocks  : LockClocks( cpu=2, gpu=4 ) - start
05-04 16:20:50.183  2128  4601 I Clocks  : CPU levels [0, 4]
05-04 16:20:50.183  2128  4601 I Clocks  : GPU levels [0, 5]
05-04 16:20:50.183   727   727 D         : CPU_CLUSTER_0: Client 2128 sends freq request [21, 21]
05-04 16:20:50.183   727   727 D         : CPU_CLUSTER_0: Next Perf Level = (21, 21)
05-04 16:20:50.184   727   727 D         : CPU_CLUSTER_1: Client 2128 sends freq request [18, 18]
05-04 16:20:50.184   727   727 D         : CPU_CLUSTER_1: Next Perf Level = (18, 18)
05-04 16:20:50.184   727   727 D         : CPUBW: Client 2128 sends freq request [8, 11]
05-04 16:20:50.184   727   727 D         : CPUBW: Next Perf Level = (8, 11)
05-04 16:20:50.184   727   727 D         : GPU: Client 2128 sends freq request [6, 6]
05-04 16:20:50.184   727   727 D         : GPU: Next Perf Level = (6, 6)
05-04 16:20:50.186  2128  4601 I Clocks  : LockClocks( cpu=2, gpu=4 ) - end (2.9 ms)
05-04 16:20:50.192  1814  4675 I VrApi   : FPS=72,Prd=45ms,Tear=0,Early=70,Stale=0,VSnc=1,Lat=1,Fov=0,CPU4/GPU=3/4,1651/670MHz,OC=FF,TA=0/E0/0,SP=N/F/N,Mem=1017MHz,Free=1529MB,PSM=0,PLS=0,Temp=31.0C/0.0C,TW=2.22ms,App=7.70ms,GD=0.00ms,CPU&GPU=11.63ms,LCnt=5,GPU%=0.55,CPU%=0.15(W0.26),DSF=1.00
05-04 16:20:50.204   721  4581 I [CT]    : NIMBLE:HTEngine: HandTracking, Frame received with len = 4, , exposure(ms) 5.548
05-04 16:20:50.287  3144  3167 I RvrPnl  : FPS=71.8228/86.4149/58.9998, MSPF=0.0139231/11.5721/16.9492, MEMALLOC=20.2349
05-04 16:20:50.642   721  4583 I [CT]    : VIPER:MAP_MANAGER: State: TRACKING_PERSISTENT, UUID=d18585e8-d288-4997-b6ff-78495c7eed6a, Num. Persistent maps = 1,  Persistent maps:d18585e8-d288-4997-b6ff-78495c7eed6a,, Ser. Disabled = 00000000-0000-0000-0000-000000000000
05-04 16:20:50.682   721  4583 I [CT]    : VIPER: Status=6DoF,TRACKING,KF=180,Inl=238,Pts=593,Jit=0.6mm,Issues(Cam/min=0.0,IMU/min=0.0),Exp=(6.7ms,g=8.0,I=75)(6.7ms,g=7.0,I=70)(6.7ms,g=8.0,I=69)(5.8ms,g=5.0,I=70)
05-04 16:20:50.937  4448  4668 I VrApi   : FPS=0,Prd=0ms,Tear=0,Early=0,Stale=72,VSnc=1,Lat=0,Fov=0,CPU4/GPU=0/0,1651/670MHz,OC=FF,TA=0/0/0,SP=N/N/N,Mem=1804MHz,Free=1528MB,PSM=0,PLS=0,Temp=31.0C/0.0C,TW=2.48ms,App=0.00ms,GD=8.60ms,CPU&GPU=0.00ms,LCnt=0,GPU%=0.67,CPU%=0.33(W0.70),DSF=1.00
05-04 16:20:51.191  1814  4675 I VrApi   : FPS=72,Prd=45ms,Tear=0,Early=72,Stale=0,VSnc=1,Lat=1,Fov=0,CPU4/GPU=3/4,1651/670MHz,OC=FF,TA=0/E0/0,SP=N/F/N,Mem=1804MHz,Free=1526MB,PSM=0,PLS=0,Temp=31.0C/0.0C,TW=2.35ms,App=7.86ms,GD=0.00ms,CPU&GPU=11.96ms,LCnt=4,GPU%=0.58,CPU%=0.14(W0.27),DSF=1.00
05-04 16:20:51.284   721  4583 I [CT]    : HealthReport: ==================================================
05-04 16:20:51.284   721  4583 I [CT]    : Health Report
05-04 16:20:51.284   721  4583 I [CT]    : -------------
05-04 16:20:51.284   721  4583 I [CT]    : 
05-04 16:20:51.284   721  4583 I [CT]    : Reporter #1 (InsideOutHealthMonitor) summary:
05-04 16:20:51.284   721  4583 I [CT]    : Camera: Total Dropped: 0.000000, Total Frame Count: 286 (0.000000%), Camera Reset Count: 0
05-04 16:20:51.284   721  4583 I [CT]    : Camera: Total Single Camera Frame Dropped: 0, Total Frame Count: 286 (0.000000%)
05-04 16:20:51.284   721  4583 I [CT]    : IMU: Total Dropped: 0.000000, Total Sample Count: 11688 (0.000000%)
05-04 16:20:51.284   721  4583 I [CT]    : Magnetometer: Total Dropped: 0.000000, Total Sample Count: 351 (0.000000%)
05-04 16:20:51.284   721  4583 I [CT]    : 
05-04 16:20:51.284   721  4583 I [CT]    : Reporter #1 (InsideOutHealthMonitor) Passed
05-04 16:20:51.284   721  4583 I [CT]    : --------------------------------------------------
05-04 16:20:51.284   721  4583 I [CT]    : Reporter #2 (ConstellationHealthMonitor) summary:
05-04 16:20:51.284   721  4583 I [CT]    : Camera: Total Dropped: 0.000000, Total Frame Count: 7 (0.000000%), Camera Reset Count: 1
05-04 16:20:51.284   721  4583 I [CT]    : Camera: Total Single Camera Frame Dropped: 0, Total Frame Count: 7 (0.000000%)
05-04 16:20:51.284   721  4583 I [CT]    : Controller 7745273921483883046:
05-04 16:20:51.284   721  4583 I [CT]    : IMU: Capture period exceeded threshold.  Largest period: 2.906575 sec
05-04 16:20:51.284   721  4583 I [CT]    : Controllers may have been sleeping
05-04 16:20:51.284   721  4583 I [CT]    : IMU: Total Dropped: 0.000000, Total Sample Count: 4451.215500 (0.000000%)
05-04 16:20:51.284   721  4583 I [CT]    : Controller 0:
05-04 16:20:51.284   721  4583 I [CT]    : No samples have been received
05-04 16:20:51.289  3144  3167 I RvrPnl  : FPS=71.7934/84.7162/60.2164, MSPF=0.0139289/11.8041/16.6068, MEMALLOC=20.2349
05-04 16:20:51.385  2137  2184 I GuardianSystem: UpdateGuardianSystemState: Flags changed: 589824, 598016
05-04 16:20:51.418  2137  2393 W VrApi   : ovr_SubmitFrameInternal: FrameIndex discontinuity: Expected 9860, Received 10038
05-04 16:20:51.511   721  4516 I [CT]    : boltlib: DSP utilization(%): 47
05-04 16:20:51.937  4448  4668 I VrApi   : FPS=0,Prd=0ms,Tear=0,Early=0,Stale=72,VSnc=1,Lat=0,Fov=0,CPU4/GPU=0/0,1651/670MHz,OC=FF,TA=0/0/0,SP=N/N/N,Mem=1804MHz,Free=1531MB,PSM=0,PLS=0,Temp=31.0C/0.0C,TW=2.48ms,App=0.00ms,GD=8.60ms,CPU&GPU=0.00ms,LCnt=0,GPU%=0.67,CPU%=0.33(W0.70),DSF=1.00
05-04 16:20:52.156  2128  4607 I TimeWarp: UpdateClockLevels: Apply pending clock request change: 2,4 -> 2,5
05-04 16:20:52.156  2128  4601 I Clocks  : ReleaseClocks - start
05-04 16:20:52.157   727  2687 D         : CPU_CLUSTER_0: No client requests exists, release clocks
05-04 16:20:52.157   727  2687 D         : CPU_CLUSTER_1: No client requests exists, release clocks
05-04 16:20:52.157   727  2687 D         : GPU: No client requests exists, release clocks
05-04 16:20:52.157   727  2687 D         : CPUBW: No client requests exists, release clocks
05-04 16:20:52.158  2128  4601 I Clocks  : ReleaseClocks - end (1.5 ms)
05-04 16:20:52.158  2128  4601 I Clocks  : LockClocks( cpu=2, gpu=5 ) - start
05-04 16:20:52.159  2128  4601 I Clocks  : CPU levels [0, 4]
05-04 16:20:52.159  2128  4601 I Clocks  : GPU levels [0, 5]
05-04 16:20:52.159   727  1317 D         : CPU_CLUSTER_0: Client 2128 sends freq request [21, 21]
05-04 16:20:52.160   727  1317 D         : CPU_CLUSTER_0: Next Perf Level = (21, 21)
