05-08 14:15:47.620 13654 13672 D UE4     : [2020.05.08-12.15.47:620][  0]LogAndroidEvents: Display: LogAndroidEvents::DequeueAppEvent : 12, [width=-1, height=-1], APP_EVENT_STATE_SAVE_STATE
05-08 14:15:47.620 13654 13672 D UE4     : FAppEventManager::Tick processing, 12
05-08 14:15:47.620 13654 13672 D UE4     : [2020.05.08-12.15.47:620][  0]LogAndroidEvents: Display: LogAndroidEvents::DequeueAppEvent : 8, [width=-1, height=-1], APP_EVENT_STATE_ON_STOP
05-08 14:15:47.620 13654 13672 D UE4     : FAppEventManager::Tick processing, 8
05-08 14:15:47.620 13654 13672 D UE4     : [2020.05.08-12.15.47:620][  0]LogTemp: Android release microphone
05-08 14:15:47.621 13654 13672 D UE4     : [2020.05.08-12.15.47:621][  0]LogAndroidEvents: Display: LogAndroidEvents::DequeueAppEvent : 11, [width=-1, height=-1], APP_EVENT_STATE_WINDOW_GAINED_FOCUS
05-08 14:15:47.621 13654 13672 D UE4     : FAppEventManager::Tick processing, 11
05-08 14:15:47.621 13654 13672 D UE4     : [2020.05.08-12.15.47:621][  0]LogAndroidEvents: Display: LogAndroidEvents::DequeueAppEvent : 9, [width=-1, height=-1], APP_EVENT_STATE_ON_START
05-08 14:15:47.621 13654 13672 D UE4     : FAppEventManager::Tick processing, 9
05-08 14:15:47.621 13654 13672 D UE4     : [2020.05.08-12.15.47:621][  0]LogAndroidEvents: Display: LogAndroidEvents::DequeueAppEvent : 14, [width=-1, height=-1], APP_EVENT_STATE_APP_ACTIVATED
05-08 14:15:47.621 13654 13672 D UE4     : FAppEventManager::Tick processing, 14
05-08 14:15:47.621 13654 13672 D UE4     : Execution will be resumed!
05-08 14:15:47.621 13654 13672 D UE4     : [2020.05.08-12.15.47:621][  0]LogAndroidEvents: Display: LogAndroidEvents::DequeueAppEvent : 15, [width=-1, height=-1], APP_EVENT_RUN_CALLBACK
05-08 14:15:47.621 13654 13672 D UE4     : FAppEventManager::Tick processing, 15
05-08 14:15:47.622 13654 13672 D UE4     : [2020.05.08-12.15.47:621][  0]LogAndroidEvents: Display: Event thread callback running.
05-08 14:15:47.622 13654 13672 D UE4     : [2020.05.08-12.15.47:622][  0]LogAndroid: performing app foregrounding callback.
05-08 14:15:47.622 13654 13672 D UE4     : [GameActivity] Registering volume receiver
05-08 14:15:47.627 13654 13672 D UE4     : [GameActivity] startVolumeReceiver: 10
05-08 14:15:47.627 13654 13672 D UE4     : nativeVolumeEvent(10)
05-08 14:15:47.627 13654 13672 D UE4     : [GameActivity] Registering battery receiver
05-08 14:15:47.635 13654 13672 D UE4     : [GameActivity] Registering headset receiver
05-08 14:15:47.638 13654 13931 I VrApi   : FPS=0,Prd=0ms,Tear=0,Early=0,Stale=72,VSnc=1,Lat=0,Fov=0,CPU4/GPU=0/0,2304/670MHz,OC=FF,TA=0/0/0,SP=N/N/N,Mem=1804MHz,Free=1200MB,PSM=0,PLS=0,Temp=30.0C/0.0C,TW=2.95ms,App=0.00ms,GD=8.37ms,CPU&GPU=0.00ms,LCnt=0,GPU%=0.86,CPU%=0.34(W0.48),DSF=1.00
05-08 14:15:47.638 13654 13672 D UE4     : [GameActivity] startHeadsetReceiver: 0
05-08 14:15:47.638 13654 13672 D UE4     : nativeHeadsetEvent(0)
05-08 14:15:47.638 13654 13672 D UE4     : [2020.05.08-12.15.47:638][  0]LogCore: Display: AppLifetime: Application has entered foreground
05-08 14:15:47.644 13654 13987 D UE4     : [2020.05.08-12.15.47:644][  0]LogRenderer: Reallocating scene render targets to support 2880x1600 Format 2 NumSamples 2 (Frame:1).
05-08 14:15:47.652 13654 13914 D UE4     : *** JavaEnvDestructor: 13914
05-08 14:15:47.743  2139 13867 I TimeWarp: Tear: 0.009228 (since wakeup: 0.000427)
05-08 14:15:47.963  1830 13937 I VrApi   : FPS=71,Prd=45ms,Tear=4,Early=6,Stale=34,VSnc=1,Lat=1,Fov=0,CPU4/GPU=4/4,2304/670MHz,OC=FF,TA=0/E0/0,SP=N/F/N,Mem=1804MHz,Free=1193MB,PSM=0,PLS=0,Temp=30.0C/0.0C,TW=2.93ms,App=9.85ms,GD=2.93ms,CPU&GPU=16.23ms,LCnt=4,GPU%=0.75,CPU%=0.15(W0.20),DSF=1.00
05-08 14:15:48.024  9318  9357 I RvrPnl  : FPS=69.8487/91.5576/35.4831, MSPF=0.0143166/10.9221/28.1824, MEMALLOC=19.8175
05-08 14:15:48.038  1517  1517 D ControllerNotifications: Enabling notifications
05-08 14:15:48.039  1517  1517 I ControllerNotifications: Updating input notifications based on state ConnectedBatteryNormal
05-08 14:15:48.041  1517  1517 I ControllerNotifications: Updating input notifications based on state ConnectedBatteryNormal
05-08 14:15:48.238 13654 13912 D UE4     : *** JavaEnvDestructor: 13912
05-08 14:15:48.239 13654 13913 D UE4     : *** JavaEnvDestructor: 13913
05-08 14:15:48.240 13654 13911 D UE4     : *** JavaEnvDestructor: 13911
05-08 14:15:48.342 13654 13672 D UE4     : [2020.05.08-12.15.48:342][  0]LogUdpMessaging: Initializing bridge on interface 0.0.0.0:0 to multicast group 230.0.0.1:6666.
05-08 14:15:48.363 13654 13909 D UE4     : *** JavaEnvDestructor: 13909
05-08 14:15:48.368  2685 13846 I [CT]    : NIMBLE:HLOG: {
05-08 14:15:48.368  2685 13846 I [CT]    :   "Capture latency(ms)": {
05-08 14:15:48.368  2685 13846 I [CT]    :     "P95": 10.050875000160886,
05-08 14:15:48.368  2685 13846 I [CT]    :     "max": 12.05007299904537,
05-08 14:15:48.368  2685 13846 I [CT]    :     "mean": 9.894068420195987
05-08 14:15:48.368  2685 13846 I [CT]    :   },
05-08 14:15:48.368  2685 13846 I [CT]    :   "E2E Pipeline latency(ms)": {
05-08 14:15:48.368  2685 13846 I [CT]    :     "P95": 17.83234399954381,
05-08 14:15:48.368  2685 13846 I [CT]    :     "max": 21.617865000735037,
05-08 14:15:48.368  2685 13846 I [CT]    :     "mean": 9.93001672027199
05-08 14:15:48.368  2685 13846 I [CT]    :   },
05-08 14:15:48.368  2685 13846 I [CT]    :   "Pre-dropped frames": {
05-08 14:15:48.368  2685 13846 I [CT]    :     "count": 1,
05-08 14:15:48.368  2685 13846 I [CT]    :     "mean(ms)": 524389.16015625
05-08 14:15:48.368  2685 13846 I [CT]    :   }
05-08 14:15:48.368  2685 13846 I [CT]    : }
05-08 14:15:48.371  2685 13846 I [CT]    : NIMBLE:HLOG: [Throttled count=3] [Health][left ] [IK #] count= 119, mean=0.97479+-2.6344, max = 10, histogram = [[<1:103], [<3:1], [<5:4], [<7:2], [<9:4], [<11:5], [<30:0], ], 
05-08 14:15:48.637 13654 13931 I VrApi   : FPS=0,Prd=0ms,Tear=0,Early=0,Stale=72,VSnc=1,Lat=0,Fov=0,CPU4/GPU=0/0,2304/670MHz,OC=FF,TA=0/0/0,SP=N/N/N,Mem=1804MHz,Free=1192MB,PSM=0,PLS=0,Temp=30.0C/0.0C,TW=2.95ms,App=0.00ms,GD=8.37ms,CPU&GPU=0.00ms,LCnt=0,GPU%=0.86,CPU%=0.34(W0.48),DSF=1.00
05-08 14:15:48.967  1457 13995 I OSUpdateService: Intent with action system_battery_changed
05-08 14:15:48.969  1830 13937 I VrApi   : FPS=70,Prd=45ms,Tear=0,Early=29,Stale=0,VSnc=1,Lat=1,Fov=0,CPU4/GPU=4/4,2304/670MHz,OC=FF,TA=0/E0/0,SP=N/F/N,Mem=1804MHz,Free=1190MB,PSM=0,PLS=0,Temp=30.0C/0.0C,TW=2.98ms,App=9.47ms,GD=3.54ms,CPU&GPU=15.45ms,LCnt=4,GPU%=0.77,CPU%=0.10(W0.15),DSF=1.00
05-08 14:15:48.975  2146  2191 I GuardianSystem: UpdateGuardianSystemState: Flags changed: 598016, 589824
05-08 14:15:49.034  2685 13848 I [CT]    : HealthReport: ==================================================
05-08 14:15:49.034  2685 13848 I [CT]    : Health Report
05-08 14:15:49.034  2685 13848 I [CT]    : -------------
05-08 14:15:49.034  2685 13848 I [CT]    : 
05-08 14:15:49.034  2685 13848 I [CT]    : Reporter #1 (InsideOutHealthMonitor) summary:
05-08 14:15:49.034  2685 13848 I [CT]    : Camera: Total Dropped: 0.000000, Total Frame Count: 141 (0.000000%), Camera Reset Count: 0
05-08 14:15:49.034  2685 13848 I [CT]    : Camera: Total Single Camera Frame Dropped: 0, Total Frame Count: 141 (0.000000%)
05-08 14:15:49.034  2685 13848 I [CT]    : IMU: Total Dropped: 0.000000, Total Sample Count: 5897 (0.000000%)
05-08 14:15:49.034  2685 13848 I [CT]    : Magnetometer: Total Dropped: 0.000000, Total Sample Count: 177 (0.000000%)
05-08 14:15:49.034  2685 13848 I [CT]    : 
05-08 14:15:49.034  2685 13848 I [CT]    : Reporter #1 (InsideOutHealthMonitor) Passed
05-08 14:15:49.034  2685 13848 I [CT]    : --------------------------------------------------
05-08 14:15:49.034  2685 13848 I [CT]    : Reporter #2 (ConstellationHealthMonitor) summary:
05-08 14:15:49.034  2685 13848 I [CT]    : Camera: Total Dropped: 0.000000, Total Frame Count: 5 (0.000000%), Camera Reset Count: 1
05-08 14:15:49.034  2685 13848 I [CT]    : Camera: Total Single Camera Frame Dropped: 0, Total Frame Count: 5 (0.000000%)
05-08 14:15:49.034  2685 13848 I [CT]    : Controller 4212769887286730484:
05-08 14:15:49.034  2685 13848 I [CT]    : IMU: Capture period exceeded threshold.  Largest period: 0.620762 sec
05-08 14:15:49.034  2685 13848 I [CT]    : Controllers may have been sleeping
05-08 14:15:49.034  2685 13848 I [CT]    : IMU: Total Dropped: 0.000000, Total Sample Count: 2692.926000 (0.000000%)
05-08 14:15:49.034  2685 13848 I [CT]    : Controller 7745273921483883046:
05-08 14:15:49.034  2685 13848 I [CT]    : IMU: Capture
05-08 14:15:49.039  9318  9357 I RvrPnl  : FPS=71.8888/95.1418/58.378, MSPF=0.0139104/10.5106/17.1297, MEMALLOC=19.8175
05-08 14:15:49.060  2685 13779 I [CT]    : boltlib: DSP utilization(%): 30
05-08 14:15:49.135 13654 13910 D UE4     : *** JavaEnvDestructor: 13910
05-08 14:15:49.290 13654 13984 D UE4     : [2020.05.08-12.15.49:290][  0]LogTcpMessaging: Lost node 'D283400F419A89B21BC3C9BED70694A1' on connection '127.0.0.1:45382'...
05-08 14:15:49.290 13654 13984 D UE4     : *** JavaEnvDestructor: 13984
05-08 14:15:49.344  1830  2386 I OVRPlatform: [CurlHttpClient] Executing HTTP request: https://graph.oculus.com//v1.20/me?fields=current_party{id,leader{id},join_policy,users{id,alias,can_viewer_message,display_name,profile_url,profile_url_small,presence,presence_status,presence_app{id,package_name},presence_deeplink_joinable,presence_deeplink_message,presence_destination_api_name,presence_scoped_user_id,avatar_v2{avatar_image{uri}}},invited_users{id,alias,can_viewer_message,display_name,profile_url,profile_url_small,presence,presence_status,presence_app{id,package_name},avatar_v2{avatar_image{uri}}}}&app_version=210946745
05-08 14:15:49.391 13654 13672 D UE4     : [2020.05.08-12.15.49:391][  0]LogTcpMessaging: Initializing TcpMessaging bridge, listening on 127.0.0.1:6666
05-08 14:15:49.396 13654 13672 D UE4     : [2020.05.08-12.15.49:395][  0]LogCore: Display: AppLifetime: Application has reactivated
05-08 14:15:49.396 13654 13672 D UE4     : [2020.05.08-12.15.49:396][  0]LogTemp: Android resume audio
05-08 14:15:49.396 13654 13672 D UE4     : [2020.05.08-12.15.49:396][  0]LogAndroidEvents: Display: LogAndroidEvents::DequeueAppEvent : 7, [width=-1, height=-1], APP_EVENT_STATE_ON_RESUME
05-08 14:15:49.396 13654 13672 D UE4     : FAppEventManager::Tick processing, 7
05-08 14:15:49.396 13654 13672 D UE4     : [2020.05.08-12.15.49:396][  0]LogAndroidEvents: Display: LogAndroidEvents::DequeueAppEvent : 10, [width=-1, height=-1], APP_EVENT_STATE_WINDOW_LOST_FOCUS
05-08 14:15:49.396 13654 13672 D UE4     : FAppEventManager::Tick processing, 10
05-08 14:15:49.396 13654 13672 D UE4     : [2020.05.08-12.15.49:396][  0]LogAndroidEvents: Display: LogAndroidEvents::DequeueAppEvent : 6, [width=-1, height=-1], APP_EVENT_STATE_ON_PAUSE
05-08 14:15:49.396 13654 13672 D UE4     : FAppEventManager::Tick processing, 6
05-08 14:15:49.396 13654 13672 D UE4     : [2020.05.08-12.15.49:396][  0]LogVulkanRHI: FVulkanPipelineStateCacheManager: skipped saving because we only save if the PSOFC based one failed to load.
05-08 14:15:49.396 13654 13672 D UE4     : [2020.05.08-12.15.49:396][  0]LogAndroidEvents: Display: LogAndroidEvents::DequeueAppEvent : 15, [width=-1, height=-1], APP_EVENT_RUN_CALLBACK
05-08 14:15:49.396 13654 13672 D UE4     : FAppEventManager::Tick processing, 15
05-08 14:15:49.396 13654 13672 D UE4     : [2020.05.08-12.15.49:396][  0]LogAndroidEvents: Display: Event thread callback running.
05-08 14:15:49.396 13654 13672 D UE4     : [2020.05.08-12.15.49:396][  0]LogAndroid: performing app backgrounding callback. 0x7f6030dd60
05-08 14:15:49.428  1830  2385 I OVRPlatform: [HttpRequest] Request `me?fields=current_party{id,leader{id},join_policy,users{id,alias,can_viewer_message,display_name,profile_url,profile_url_small,presence,presence_status,presence_app{id,package_name},presence_deeplink_joinable,presence_deeplink_message,presence_destination_api_name,presence_scoped_user_id,avatar_v2{avatar_image{uri}}},invited_users{id,alias,can_viewer_message,display_name,profile_url,profile_url_small,presence,presence_status,presence_app{id,package_name},avatar_v2{avatar_image{uri}}}}' (id: 13655) succeeded: {"id":"102449717587751"}
05-08 14:15:49.428  1830  2385 I OVRPlatform: [RequestStopwatch] HttpRequestAsync (me?fields=current_party{id,leader{id},join_policy,users{id,alias,can_viewer_message,display_name,profile_url,profile_url_small,presence,presence_status,presence_app{id,package_name},presence_deeplink_joinable,presence_deeplink_message,presence_destination_api_name,presence_scoped_user_id,avatar_v2{avatar_image{uri}}},invited_users{id,alias,can_viewer_message,display_name,profile_url,profile_url_small,presence,presence_status,presence_app{id,package_name},avatar_v2{avatar_image{uri}}}}) took 83.8120 milliseconds
05-08 14:15:49.440  1830  1904 I [OAR] PartyManager: Party Response Parse Time: 0.057188ms
05-08 14:15:49.455 13654 13992 D UE4     : *** JavaEnvDestructor: 13992
05-08 14:15:49.594  2685 13846 I [CT]    : NIMBLE:HTEngine: HandTracking, Frame received with len = 4, , exposure(ms) 5.073
05-08 14:15:49.630 13654 13673 D UE4     : [2020.05.08-12.15.49:629][  0]LogAndroid: backgrounding callback, not responded in timely manner.
05-08 14:15:49.630 13654 13673 D UE4     : [2020.05.08-12.15.49:630][  0]LogAndroid: Blocking renderer on invalid window.
05-08 14:15:49.630 13654 13673 D UE4     : [2020.05.08-12.15.49:630][  0]LogAndroid: Waiting for renderer to encounter blocking command.
05-08 14:15:49.631 13654 13987 D UE4     : [2020.05.08-12.15.49:631][  0]LogAndroid: Blocking renderer
05-08 14:15:49.631 13654 13987 D UE4     : [2020.05.08-12.15.49:631][  0]LogAndroid: RendererBlock release window callback
05-08 14:15:49.631 13654 13987 D UE4     : [2020.05.08-12.15.49:631][  0]LogVulkanRHI: Destroy swapchain ... 
05-08 14:15:49.639 13654 13931 I VrApi   : FPS=0,Prd=0ms,Tear=0,Early=0,Stale=72,VSnc=1,Lat=0,Fov=0,CPU4/GPU=0/0,2304/670MHz,OC=FF,TA=0/0/0,SP=N/N/N,Mem=1804MHz,Free=1190MB,PSM=0,PLS=0,Temp=30.0C/0.0C,TW=2.95ms,App=0.00ms,GD=8.37ms,CPU&GPU=0.00ms,LCnt=0,GPU%=0.86,CPU%=0.34(W0.48),DSF=1.00
05-08 14:15:49.648 13654 13673 D UE4     : LogAndroidEvents::EnqueueAppEvent : 13, [width=-1, height=-1], tid = 13673, APP_EVENT_STATE_APP_SUSPENDED
05-08 14:15:49.649 13654 13673 D UE4     : Case APP_CMD_TERM_WINDOW, tid = 13673
05-08 14:15:49.649 13654 13673 D UE4     : [2020.05.08-12.15.49:649][  0]LogAndroid: Case APP_CMD_TERM_WINDOW
05-08 14:15:49.649 13654 13673 D UE4     : LogAndroidEvents::EnqueueAppEvent : 3, [width=-1, height=-1], tid = 13673, APP_EVENT_STATE_WINDOW_DESTROYED
05-08 14:15:49.663 13654 13673 D UE4     : [2020.05.08-12.15.49:662][  0]LogAndroid: Case APP_CMD_SAVE_STATE
05-08 14:15:49.663 13654 13673 D UE4     : LogAndroidEvents::EnqueueAppEvent : 12, [width=-1, height=-1], tid = 13673, APP_EVENT_STATE_SAVE_STATE
05-08 14:15:49.665 13654 13673 D UE4     : [2020.05.08-12.15.49:664][  0]LogAndroid: Case APP_CMD_STOP
05-08 14:15:49.665 13654 13673 D UE4     : LogAndroidEvents::EnqueueAppEvent : 8, [width=-1, height=-1], tid = 13673, APP_EVENT_STATE_ON_STOP
05-08 14:15:49.665 13654 13654 D UE4     : [GameActivity] ==============> GameActive.onStop complete!
05-08 14:15:49.665 13654 13654 D UE4     : [GameActivity] ==============> GameActive.onTrimMemory(TRIM_MEMORY_UI_HIDDEN) called!
05-08 14:15:49.666 13654 13654 V UE4     : [GameApp] App in background
05-08 14:15:49.666 13654 13654 D UE4     : [GameActivity] Battery: status = 2, rawlevel = 75, scale = 100
05-08 14:15:49.666 13654 13654 D UE4     : nativeBatteryEvent(stat = 2, lvl = 75  temp = 30.00 C)
05-08 14:15:49.961  1830 13937 I VrApi   : FPS=72,Prd=45ms,Tear=1,Early=24,Stale=4,VSnc=1,Lat=1,Fov=0,CPU4/GPU=4/4,2304/670MHz,OC=FF,TA=0/E0/0,SP=N/F/N,Mem=1804MHz,Free=1188MB,PSM=0,PLS=0,Temp=30.0C/0.0C,TW=2.32ms,App=6.96ms,GD=0.00ms,CPU&GPU=14.89ms,LCnt=4,GPU%=0.58,CPU%=0.12(W0.19),DSF=1.00
05-08 14:15:50.040  9318  9357 I RvrPnl  : FPS=71.9218/109.84/53.5557, MSPF=0.013904/9.10417/18.6721, MEMALLOC=19.8175
05-08 14:15:50.358 13654 13990 D UE4     : *** JavaEnvDestructor: 13990
05-08 14:15:50.362 13654 13991 D UE4     : *** JavaEnvDestructor: 13991
05-08 14:15:50.363 13654 13989 D UE4     : *** JavaEnvDestructor: 13989
05-08 14:15:50.592  2685 13848 I [CT]    : VIPER:MAP_MANAGER: State: TRACKING_PERSISTENT, UUID=d18585e8-d288-4997-b6ff-78495c7eed6a, Num. Persistent maps = 1,  Persistent maps:d18585e8-d288-4997-b6ff-78495c7eed6a,, Ser. Disabled = 00000000-0000-0000-0000-000000000000
05-08 14:15:50.632  2685 13848 I [CT]    : VIPER: Status=6DoF,TRACKING,KF=125,Inl=222,Pts=457,Jit=0.5mm,Issues(Cam/min=0.0,IMU/min=0.0),Exp=(6.1ms,g=7.0,I=75)(6.1ms,g=5.0,I=70)(6.1ms,g=7.0,I=64)(5.8ms,g=5.0,I=68)
05-08 14:15:50.635 13654 13931 I VrApi   : FPS=0,Prd=0ms,Tear=0,Early=0,Stale=72,VSnc=1,Lat=0,Fov=0,CPU4/GPU=0/0,2304/670MHz,OC=FF,TA=0/0/0,SP=N/N/N,Mem=1804MHz,Free=1190MB,PSM=0,PLS=0,Temp=30.0C/0.0C,TW=2.95ms,App=0.00ms,GD=8.37ms,CPU&GPU=0.00ms,LCnt=0,GPU%=0.86,CPU%=0.34(W0.48),DSF=1.00
05-08 14:15:50.941  2139  2317 I InputManager: HANDTRACKING hand 1 status set to Tracked
05-08 14:15:50.963  1830 13937 I VrApi   : FPS=72,Prd=45ms,Tear=0,Early=54,Stale=0,VSnc=1,Lat=1,Fov=0,CPU4/GPU=4/4,2304/670MHz,OC=FF,TA=0/E0/0,SP=N/F/N,Mem=1804MHz,Free=1189MB,PSM=0,PLS=0,Temp=30.0C/0.0C,TW=2.37ms,App=6.65ms,GD=0.00ms,CPU&GPU=10.75ms,LCnt=4,GPU%=0.57,CPU%=0.20(W0.23),DSF=1.00
05-08 14:15:51.016  9318  9357 I RCTVRMEM: Total Allocated Space: 22105584, Total Free Space: 8303120, JavaScript Heap Size: 9302091
05-08 14:15:51.034  9318  9373 I RCTVR   : JavaScript[0xded2fc68], Avg 1760.4474076893764, Max 5176641.98681700043, MaxInLast 62.5312439985573292
05-08 14:15:51.034  9318  9373 I RCTVR_HERMES: Hermes Mem: numCollections 103, allocatedBytes 12282214, heapSize 18478440, va 16777216
05-08 14:15:51.044  9318  9357 I RvrPnl  : FPS=71.7563/97.0839/56.4414, MSPF=0.0139361/10.3004/17.7175, MEMALLOC=21.0815
05-08 14:15:51.099  1830  1904 I [OAR] ShellSurfaceRender: Averages: drawCalls 13.2 progBinds 3.3 paramUpdates 59.2 textureBinds 7.1 bufferBinds 1.0
05-08 14:15:51.187  1504 14000 W ContextImpl: Calling a method in the system process without a qualified user: android.app.ContextImpl.sendBroadcast:877 android.content.ContextWrapper.sendBroadcast:421 com.facebook.analytics2.logger.UploadServiceBus.signalJobRan:60 com.facebook.analytics2.logger.UploadJobHandler.exitStateMachine:267 com.facebook.analytics2.logger.UploadJobHandler.handleMessage:97 
05-08 14:15:51.296 13654 13997 D UE4     : *** JavaEnvDestructor: 13997
05-08 14:15:51.297  2146  2191 I GuardianSystem: UpdateGuardianSystemState: Flags changed: 589824, 598016
05-08 14:15:51.329  2146  2368 W VrApi   : ovr_SubmitFrameInternal: FrameIndex discontinuity: Expected 34149, Received 34219
05-08 14:15:51.394 13654 13996 D UE4     : *** JavaEnvDestructor: 13996
05-08 14:15:51.397 13654 13672 D UE4     : [2020.05.08-12.15.51:397][  0]LogCore: Display: AppLifetime: Application will deactivate
05-08 14:15:51.634  2685 13846 I [CT]    : NIMBLE:HTEngine: HandTracking, Frame received with len = 4, , exposure(ms) 5.13
05-08 14:15:51.638 13654 13931 I VrApi   : FPS=0,Prd=0ms,Tear=0,Early=0,Stale=72,VSnc=1,Lat=0,Fov=0,CPU4/GPU=0/0,2304/670MHz,OC=FF,TA=0/0/0,SP=N/N/N,Mem=1804MHz,Free=1192MB,PSM=0,PLS=0,Temp=30.0C/0.0C,TW=2.95ms,App=0.00ms,GD=8.37ms,CPU&GPU=0.00ms,LCnt=0,GPU%=0.86,CPU%=0.34(W0.48),DSF=1.00
05-08 14:15:51.963  1830 13937 I VrApi   : FPS=72,Prd=45ms,Tear=0,Early=70,Stale=0,VSnc=1,Lat=1,Fov=0,CPU4/GPU=4/4,2304/670MHz,OC=FF,TA=0/E0/0,SP=N/F/N,Mem=1804MHz,Free=1191MB,PSM=0,PLS=0,Temp=30.0C/0.0C,TW=2.37ms,App=11.82ms,GD=4.05ms,CPU&GPU=10.70ms,LCnt=4,GPU%=0.56,CPU%=0.17(W0.21),DSF=1.00
05-08 14:15:52.048  9318  9357 I RvrPnl  : FPS=71.7295/117.902/57.7543, MSPF=0.0139413/8.48161/17.3147, MEMALLOC=21.0815
05-08 14:15:52.417  2139  2317 I InputManager: HANDTRACKING hand 1 status set to OutOfView
05-08 14:15:52.448  2685 13846 E [CT]    : NIMBLE:ExposureControl: Unable to compute adjustment without histogram data
05-08 14:15:52.488  2685 13846 E [CT]    : NIMBLE:ExposureControl: Unable to compute adjustment without histogram data
05-08 14:15:52.501  2146  2191 I GuardianSystem: UpdateGuardianSystemState: Flags changed: 598016, 589824
05-08 14:15:52.520  2685 13846 E [CT]    : NIMBLE:ExposureControl: Unable to compute adjustment without histogram data
05-08 14:15:52.520  2685 13846 E [CT]    : NIMBLE:ExposureControl: Unable to compute adjustment without histogram data
05-08 14:15:52.553  2146  2191 I GuardianSystem: UpdateGuardianSystemState: Flags changed: 589824, 598016
05-08 14:15:52.561  2685 13846 E [CT]    : NIMBLE:ExposureControl: Unable to compute adjustment without histogram data
05-08 14:15:52.561  2685 13846 E [CT]    : NIMBLE:ExposureControl: Unable to compute adjustment without histogram data
05-08 14:15:52.566  2139 13867 I TimeWarp: UpdateClockLevels: Apply pending clock request change: 4,4 -> 3,4
05-08 14:15:52.566  2139 13861 I Clocks  : ReleaseClocks - start
05-08 14:15:52.566   724   829 D         : CPU_CLUSTER_0: No client requests exists, release clocks
05-08 14:15:52.567   724   829 D         : CPU_CLUSTER_1: No client requests exists, release clocks
05-08 14:15:52.567   724   829 D         : GPU: No client requests exists, release clocks
05-08 14:15:52.567   724   829 D         : CPUBW: No client requests exists, release clocks
05-08 14:15:52.567  2139 13861 I Clocks  : ReleaseClocks - end (1.5 ms)
05-08 14:15:52.568  2139 13861 I Clocks  : LockClocks( cpu=3, gpu=4 ) - start
05-08 14:15:52.568  2139 13861 I Clocks  : CPU levels [0, 4]
05-08 14:15:52.568  2139 13861 I Clocks  : GPU levels [0, 5]
05-08 14:15:52.569   724   829 D         : CPU_CLUSTER_0: Client 2139 sends freq request [21, 21]
05-08 14:15:52.569   724   829 D         : CPU_CLUSTER_0: Next Perf Level = (21, 21)
05-08 14:15:52.569   724   829 D         : CPU_CLUSTER_1: Client 2139 sends freq request [22, 22]
05-08 14:15:52.569   724   829 D         : CPU_CLUSTER_1: Next Perf Level = (22, 22)
05-08 14:15:52.569   724   829 D         : CPUBW: Client 2139 sends freq request [8, 11]
05-08 14:15:52.569   724   829 D         : CPUBW: Next Perf Level = (8, 11)
05-08 14:15:52.569   724   829 D         : GPU: Client 2139 sends freq request [6, 6]
05-08 14:15:52.569   724   829 D         : GPU: Next Perf Level = (6, 6)
05-08 14:15:52.569  2139 13861 I Clocks  : LockClocks( cpu=3, gpu=4 ) - end (1.9 ms)
05-08 14:15:52.585  2146  2368 W VrApi   : ovr_SubmitFrameInternal: FrameIndex discontinuity: Expected 34304, Received 34306
05-08 14:15:52.586  2146  2191 I GuardianSystem: UpdateGuardianSystemState: Flags changed: 598016, 589824
05-08 14:15:52.609  2685 13846 E [CT]    : NIMBLE:ExposureControl: Unable to compute adjustment without histogram data
05-08 14:15:52.638 13654 13931 I VrApi   : FPS=0,Prd=0ms,Tear=0,Early=0,Stale=72,VSnc=1,Lat=0,Fov=0,CPU4/GPU=0/0,1958/670MHz,OC=FF,TA=0/0/0,SP=N/N/N,Mem=1295MHz,Free=1194MB,PSM=0,PLS=0,Temp=30.0C/0.0C,TW=2.95ms,App=0.00ms,GD=8.37ms,CPU&GPU=0.00ms,LCnt=0,GPU%=0.86,CPU%=0.34(W0.48),DSF=1.00
05-08 14:15:52.647  2685 13846 E [CT]    : NIMBLE:ExposureControl: Unable to compute adjustment without histogram data
05-08 14:15:52.657  2685 13826 E TrackingService: 0DOF controller updating button state.; Battery level: 90; Time after registration: 9.006302; HandTracking control command 1; p5V
05-08 14:15:52.659  2685 13826 D TrackingService: [HANDTRACKING] Controller 6b7cbd986a24c226 in hand: Y, valid: Y
05-08 14:15:52.663  1504  2002 I UploadManager: Scheduling jobbId 2131165248 within interval (900000, 2700000)
05-08 14:15:52.667  2139  2317 I InputManager: HANDTRACKING going to controller mode due to controller in hand flag detection
05-08 14:15:52.680  2685 13846 E [CT]    : NIMBLE:ExposureControl: Unable to compute adjustment without histogram data
05-08 14:15:52.681  2685 13846 E [CT]    : NIMBLE:ExposureControl: Unable to compute adjustment without histogram data
05-08 14:15:52.681  2139  2317 I InputManager: HANDTRACKING GetHandTrackingSettingChangeRequest 0
05-08 14:15:52.681  2139  2317 I ClientMgr: HANDTRACKING newHandTrackingMode on ClientMgr from server is 0
05-08 14:15:52.686  1830  2383 I OVRPlatform: [CurlHttpClient] Executing HTTP request: https://graph.oculus.com//v1.20/me?fields=current_party{id,leader{id},join_policy,users{id,alias,can_viewer_message,display_name,profile_url,profile_url_small,presence,presence_status,presence_app{id,package_name},presence_deeplink_joinable,presence_deeplink_message,presence_destination_api_name,presence_scoped_user_id,avatar_v2{avatar_image{uri}}},invited_users{id,alias,can_viewer_message,display_name,profile_url,profile_url_small,presence,presence_status,presence_app{id,package_name},avatar_v2{avatar_image{uri}}}}&app_version=210946745
05-08 14:15:52.696  2139  3288 I ClientMgr: OculusSettingsCallback 'hand_tracking_enabled'
05-08 14:15:52.696  2685  2687 D Tracker/CoreOS: MontereyGlue: Acquiring handleHandTrackingSettingChange lock
05-08 14:15:52.700  2139  3288 I ClientMgr: OculusSettingsCallback: hand_tracking_enabled changed to: 0
05-08 14:15:52.700  2685  2687 D Tracker/CoreOS: MontereyGlue: Handling hand tracking setting disabled
05-08 14:15:52.700  2685  2687 I [CT]    : NIMBLE:HTEngine: doDeactivate()
05-08 14:15:52.700  2685  2687 I [CT]    : NIMBLE:HTEngine: [Personalization] Already stopped
05-08 14:15:52.700  2685  2687 I [CT]    : NIMBLE:HTEngine: [Deactivate] Stopping Hand tracking pipeline thread...
05-08 14:15:52.704  2685  2687 I [CT]    : NIMBLE:HTEngine: [Deactivate] Deactivated HT
05-08 14:15:52.704  2685  2687 D Tracker/CoreOS: MontereyGlue: Releasing handleHandTrackingSettingChange lock
05-08 14:15:52.704  2685 13826 D TrackingService: [HANDTRACKING] Controller 3a76c3e46c301ef4 in hand: Y, valid: Y
05-08 14:15:52.709  2139  2317 I InputManager: HANDTRACKING server setting handtracking enabled to DISABLED from 1 via 0
05-08 14:15:52.709  2139  2317 I InputManager: HANDTRACKING Control Data last: 1 new: 2
05-08 14:15:52.709  2139  2317 I InputManager: HANDTRACKING Tracking Service reports hands DISABLED
05-08 14:15:52.709  2139  2317 I InputManager: HANDTRACKING hand 0 status set to Disabled
05-08 14:15:52.709  2139  2317 I InputManager: HANDTRACKING hand 1 status set to Disabled
05-08 14:15:52.709  2139  2317 I InputManager: HANDTRACKING: Switching to Tracked Remotes only   TRACKED REMOTES
05-08 14:15:52.726  1830  1904 I [OAR] InputManager: Adding controller deviceId = 536870914 type = 4
05-08 14:15:52.730  1830  1904 I [OAR] ModelFile: LoadModelFileFromMemory .gltf.ovrscene 695274
05-08 14:15:52.730  1830  1904 I [OAR] ModelFile: LoadModelFileFromMemory zfp = 0xc30ffd00
05-08 14:15:52.736  2146  2191 I GuardianSystem: UpdateGuardianSystemState: Flags changed: 589824, 524288
05-08 14:15:52.746  1830  1904 I [OAR] ModelFile_glTF: LoadModelFile_glTF_Json parsing .gltf.ovrscene
05-08 14:15:52.748  1830  1904 I [OAR] InputManager: Adding controller deviceId = 536870915 type = 4
05-08 14:15:52.752  1830  1904 I [OAR] ModelFile: LoadModelFileFromMemory .gltf.ovrscene 694993
05-08 14:15:52.752  1830  1904 I [OAR] ModelFile: LoadModelFileFromMemory zfp = 0xcb77ff00
05-08 14:15:52.764  2685 13847 I [CT]    : CONSTELLATION: L:  RESET. Keep Cov and Calib States = 0. Keep velocity state and covariance = 0
05-08 14:15:52.765  2685 13847 I [CT]    : TIMESTAMPCHECKER: Received first Camera-Constellation sample timestamp: 9.720000000 [sec]
05-08 14:15:52.765  2685 13847 I [CT]    : CONSTELLATION: R:  RESET. Keep Cov and Calib States = 0. Keep velocity state and covariance = 0
05-08 14:15:52.765  2685 13847 I [CT]    : TIMESTAMPCHECKER: Received first Camera-Constellation sample timestamp: 9.720000000 [sec]
05-08 14:15:52.767  1830  1904 I [OAR] ModelFile_glTF: LoadModelFile_glTF_Json parsing .gltf.ovrscene
05-08 14:15:52.768  1830  2385 I OVRPlatform: [HttpRequest] Request `me?fields=current_party{id,leader{id},join_policy,users{id,alias,can_viewer_message,display_name,profile_url,profile_url_small,presence,presence_status,presence_app{id,package_name},presence_deeplink_joinable,presence_deeplink_message,presence_destination_api_name,presence_scoped_user_id,avatar_v2{avatar_image{uri}}},invited_users{id,alias,can_viewer_message,display_name,profile_url,profile_url_small,presence,presence_status,presence_app{id,package_name},avatar_v2{avatar_image{uri}}}}' (id: 13660) succeeded: {"id":"102449717587751"}
05-08 14:15:52.768  1830  2385 I OVRPlatform: [RequestStopwatch] HttpRequestAsync (me?fields=current_party{id,leader{id},join_policy,users{id,alias,can_viewer_message,display_name,profile_url,profile_url_small,presence,presence_status,presence_app{id,package_name},presence_deeplink_joinable,presence_deeplink_message,presence_destination_api_name,presence_scoped_user_id,avatar_v2{avatar_image{uri}}},invited_users{id,alias,can_viewer_message,display_name,profile_url,profile_url_small,presence,presence_status,presence_app{id,package_name},avatar_v2{avatar_image{uri}}}}) took 82.9160 milliseconds
05-08 14:15:52.769  1830  1904 I [OAR] TrackedHand: Hand lost, disconnecting.
05-08 14:15:52.769  1830  1904 I [OAR] InputManager: Removing device 536870923
05-08 14:15:52.770  1830  1904 W [OAR] AudioMixer: StopWavFile: Couldn't find attached sound for clientId controllerp0xb06fe000
05-08 14:15:52.770  1830  1904 I [OAR] ModelDef: Destroying ModelFileModel pinchArrowBlend.gltf.ovrscene
05-08 14:15:52.770  1830  1904 I [OAR] TrackedHand: Hand lost, disconnecting.
05-08 14:15:52.770  1830  1904 I [OAR] InputManager: Removing device 536870922
05-08 14:15:52.770  1830  1904 W [OAR] AudioMixer: StopWavFile: Couldn't find attached sound for clientId controllerp0xb062b000
05-08 14:15:52.770  1830  1904 I [OAR] ModelDef: Destroying ModelFileModel pinchArrowBlend.gltf.ovrscene
05-08 14:15:52.770  1830  1904 I [OAR] InputManager: Switching Primary controller due to vrapi
05-08 14:15:52.770  1830  1904 I [OAR] InputManager: Secondary input source selection id=536870915
05-08 14:15:52.770  1830  1904 I [OAR] RouteInput: New inputState.cursorTraceSource: 1
05-08 14:15:52.770  1830  1904 I [OAR] SystemTaskBarControllerBatteryLevels: Updating left controller battery level from 0 to 90.
05-08 14:15:52.770  1830  1904 I [OAR] SystemTaskBarControllerBatteryLevels: Updating right controller battery level from 0 to 90.
05-08 14:15:52.772  1830  1904 I [OAR] PartyManager: Party Response Parse Time: 0.040364ms
05-08 14:15:52.774  1923  1923 I [OAR] AnytimeUIAndroidPanelAppBase: updateControllerBattery - left, 90 percent
05-08 14:15:52.774  1923  1923 I [OAR] AnytimeUIAndroidPanelAppBase: updateControllerBattery - right, 90 percent
05-08 14:15:52.780  1923  1923 I DialogPanel: Handling custom dialog with host vrshell, package com.oculus.vrshell, service com.oculus.vrshell, and definition: {"type":"custom","dialogId":"common_system_dialog_app_launch_blocked_controller_required","title":"Switch to Controllers","body":"After you've picked up your controllers, please return to the centre of your playing area and select <b>Continue<\/b>.","primaryButton":{"action":"continue","text":"Continue"},"secondaryButton":{"action":"cancel","text":"Cancel"},"controllerBackButton":{"action":"cancel"}}
05-08 14:15:52.780  1923  1923 I DialogUI: Updating config with title: Switch to Controllers
05-08 14:15:52.810  2685 13847 I [CT]    : CONSTELLATION: L: Detected static motion, applying constant pose priors.
05-08 14:15:52.853  2685 13826 I [CT]    : L:Behavior:NearHeadMoving: state transition: Init -> TorsoInitialized
05-08 14:15:52.854  2685 13826 I [CT]    : L:Behavior:NearHeadMoving: state transition: Init -> TorsoInitialized
05-08 14:15:52.872  2146  2191 I GuardianSystem: UpdateGuardianSystemState: Flags changed: 524288, 532480
05-08 14:15:52.903  2146  2368 W VrApi   : ovr_SubmitFrameInternal: FrameIndex discontinuity: Expected 34308, Received 34317
05-08 14:15:52.963  1830 13937 I VrApi   : FPS=72,Prd=45ms,Tear=0,Early=49,Stale=0,VSnc=1,Lat=1,Fov=0,CPU4/GPU=4/4,1958/670MHz,OC=FF,TA=0/E0/0,SP=N/F/N,Mem=1804MHz,Free=1189MB,PSM=0,PLS=0,Temp=30.0C/0.0C,TW=2.96ms,App=12.11ms,GD=3.76ms,CPU&GPU=16.79ms,LCnt=4,GPU%=0.77,CPU%=0.20(W0.33),DSF=1.00
05-08 14:15:52.993  2685 13848 I [CT]    : VIPER:TRACKSTATUS: BAD TRACKING: prediction-to-fusion translation too high (0.02 m > 0.015 m)
05-08 14:15:52.993  2685 13848 I [CT]    : VIPER:TRACKSTATUS: T_smoothWorldFromMap: r=[0.2, -0.01, -0.2] t=[-0.06, 0.09, 0.01]; v_imuInOdometry: [-0.03, 0.06, 0.06]; accelBias: [-0.1, 0.03, 0.04]; gyroBias: [-0.02, 0.04, -0.04]
05-08 14:15:52.993  2685 13848 I [CT]    : VIPER: Image mean intensities (per camera): 71.80, 69.83, 69.96, 69.33
05-08 14:15:52.993  2685 13848 I [CT]    : VIPER: Flicker detected: false
05-08 14:15:53.050  9318  9357 I RvrPnl  : FPS=67.8725/150.782/16.7318, MSPF=0.0147335/6.63208/59.7665, MEMALLOC=21.0815
05-08 14:15:53.257  2685 13826 D TrackingService: [HANDTRACKING] Controller 3a76c3e46c301ef4 in hand: N, valid: Y
05-08 14:15:53.303  2146  2191 I GuardianSystem: UpdateGuardianSystemState: Flags changed: 532480, 524288
05-08 14:15:53.643 13654 13931 I VrApi   : FPS=0,Prd=0ms,Tear=0,Early=0,Stale=72,VSnc=1,Lat=0,Fov=0,CPU4/GPU=0/0,1958/670MHz,OC=FF,TA=0/0/0,SP=N/N/N,Mem=1804MHz,Free=1198MB,PSM=0,PLS=0,Temp=30.0C/0.0C,TW=2.95ms,App=0.00ms,GD=8.37ms,CPU&GPU=0.00ms,LCnt=0,GPU%=0.86,CPU%=0.34(W0.48),DSF=1.00
05-08 14:15:53.812  1830  1904 I [OAR] InputManager: Switching Primary controller due to vrapi
05-08 14:15:53.812  1830  1904 I [OAR] InputManager: Secondary input source selection id=536870914
05-08 14:15:53.812  2146  2167 I GuardianSystem: Guardian: GuardianCmdWithParms 1, 1, 0.000000
05-08 14:15:53.966  1830 13937 I VrApi   : FPS=69,Prd=45ms,Tear=0,Early=19,Stale=0,VSnc=1,Lat=1,Fov=0,CPU4/GPU=3/4,1958/670MHz,OC=FF,TA=0/E0/0,SP=N/F/N,Mem=1804MHz,Free=1199MB,PSM=0,PLS=0,Temp=30.0C/0.0C,TW=2.64ms,App=8.80ms,GD=4.03ms,CPU&GPU=15.23ms,LCnt=4,GPU%=0.75,CPU%=0.28(W0.32),DSF=1.00
05-08 14:15:53.967  2146  2168 I GuardianSystem: Guardian: GuardianCmdWithParms 7, 0, 0.000000
05-08 14:15:54.037  1830  1904 I TrackingServiceClient: setting complex haptics, but not yet connected to socket, open connection...
05-08 14:15:54.038  2685  2747 I TrackingService: virtual android::binder::Status OVR::OS::Tracking::TrackingService::getTrackingSocketFileDescriptor(android::os::ParcelFileDescriptor *)
05-08 14:15:54.038  2685  2747 D TrackingService: haptic socket already exists
05-08 14:15:54.051  2146  2684 I GuardianSystem: Guardian: GuardianCmdWithParms 7, 1, 0.000000
05-08 14:15:54.051  9318  9357 I RvrPnl  : FPS=71.8894/158.798/48.7446, MSPF=0.0139103/6.29729/20.5151, MEMALLOC=21.0815
05-08 14:15:54.193  2685 13848 I [CT]    : VIPER:MAP_MANAGER: State: TRACKING_PERSISTENT, UUID=d18585e8-d288-4997-b6ff-78495c7eed6a, Num. Persistent maps = 1,  Persistent maps:d18585e8-d288-4997-b6ff-78495c7eed6a,, Ser. Disabled = 00000000-0000-0000-0000-000000000000
05-08 14:15:54.234  2685 13848 I [CT]    : VIPER: Status=6DoF,TRACKING,KF=123,Inl=339,Pts=459,Jit=0.3mm,Issues(Cam/min=0.0,IMU/min=0.0),Exp=(6.1ms,g=5.0,I=73)(4.3ms,g=3.0,I=70)(6.1ms,g=5.0,I=67)(4.7ms,g=4.0,I=68)
05-08 14:15:54.399  2146  2167 I GuardianSystem: Guardian: GuardianCmdWithParms 7, 0, 0.000000
05-08 14:15:54.571  2139 13867 I TimeWarp: UpdateClockLevels: Apply pending clock request change: 3,4 -> 2,4
05-08 14:15:54.571  2139 13861 I Clocks  : ReleaseClocks - start
05-08 14:15:54.571   724  2203 D         : CPU_CLUSTER_0: No client requests exists, release clocks
05-08 14:15:54.572   724  2203 D         : CPU_CLUSTER_1: No client requests exists, release clocks
05-08 14:15:54.572   724  2203 D         : GPU: No client requests exists, release clocks
05-08 14:15:54.572   724  2203 D         : CPUBW: No client requests exists, release clocks
05-08 14:15:54.573  2139 13861 I Clocks  : ReleaseClocks - end (1.6 ms)
05-08 14:15:54.573  2139 13861 I Clocks  : LockClocks( cpu=2, gpu=4 ) - start
05-08 14:15:54.574  2139 13861 I Clocks  : CPU levels [0, 4]
05-08 14:15:54.574  2139 13861 I Clocks  : GPU levels [0, 5]
05-08 14:15:54.574   724  2203 D         : CPU_CLUSTER_0: Client 2139 sends freq request [21, 21]
05-08 14:15:54.574   724  2203 D         : CPU_CLUSTER_0: Next Perf Level = (21, 21)
05-08 14:15:54.574   724  2203 D         : CPU_CLUSTER_1: Client 2139 sends freq request [18, 18]
05-08 14:15:54.574   724  2203 D         : CPU_CLUSTER_1: Next Perf Level = (18, 18)
05-08 14:15:54.574   724  2203 D         : CPUBW: Client 2139 sends freq request [8, 11]
05-08 14:15:54.574   724  2203 D         : CPUBW: Next Perf Level = (8, 11)
05-08 14:15:54.575   724  2203 D         : GPU: Client 2139 sends freq request [6, 6]
05-08 14:15:54.575   724  2203 D         : GPU: Next Perf Level = (6, 6)
05-08 14:15:54.577  2139 13861 I Clocks  : LockClocks( cpu=2, gpu=4 ) - end (4.1 ms)
05-08 14:15:54.645 13654 13931 I VrApi   : FPS=0,Prd=0ms,Tear=0,Early=0,Stale=72,VSnc=1,Lat=0,Fov=0,CPU4/GPU=0/0,1651/670MHz,OC=FF,TA=0/0/0,SP=N/N/N,Mem=1804MHz,Free=1196MB,PSM=0,PLS=0,Temp=30.0C/0.0C,TW=2.95ms,App=0.00ms,GD=8.37ms,CPU&GPU=0.00ms,LCnt=0,GPU%=0.86,CPU%=0.34(W0.48),DSF=1.00
05-08 14:15:54.721  2146  2684 I GuardianSystem: Guardian: GuardianCmdWithParms 7, 1, 0.000000
05-08 14:15:54.734  2146  2168 I GuardianSystem: Guardian: GuardianCmdWithParms 7, 0, 0.000000
05-08 14:15:54.961  1830 13937 I VrApi   : FPS=72,Prd=45ms,Tear=0,Early=45,Stale=4,VSnc=1,Lat=1,Fov=0,CPU4/GPU=3/4,1651/670MHz,OC=FF,TA=0/E0/0,SP=N/F/N,Mem=1804MHz,Free=1196MB,PSM=0,PLS=0,Temp=30.0C/0.0C,TW=2.30ms,App=6.74ms,GD=0.00ms,CPU&GPU=11.47ms,LCnt=4,GPU%=0.56,CPU%=0.21(W0.30),DSF=1.00
05-08 14:15:55.036  2685 13848 I [CT]    : HealthReport: ==================================================
05-08 14:15:55.036  2685 13848 I [CT]    : Health Report
05-08 14:15:55.036  2685 13848 I [CT]    : -------------
05-08 14:15:55.036  2685 13848 I [CT]    : 
05-08 14:15:55.036  2685 13848 I [CT]    : Reporter #1 (InsideOutHealthMonitor) summary:
05-08 14:15:55.036  2685 13848 I [CT]    : Camera: Total Dropped: 0.000000, Total Frame Count: 291 (0.000000%), Camera Reset Count: 0
05-08 14:15:55.036  2685 13848 I [CT]    : Camera: Total Single Camera Frame Dropped: 0, Total Frame Count: 291 (0.000000%)
05-08 14:15:55.036  2685 13848 I [CT]    : IMU: Total Dropped: 0.000000, Total Sample Count: 11899 (0.000000%)
05-08 14:15:55.036  2685 13848 I [CT]    : Magnetometer: Total Dropped: 0.000000, Total Sample Count: 357 (0.000000%)
05-08 14:15:55.036  2685 13848 I [CT]    : 
05-08 14:15:55.036  2685 13848 I [CT]    : Reporter #1 (InsideOutHealthMonitor) Passed
05-08 14:15:55.036  2685 13848 I [CT]    : --------------------------------------------------
05-08 14:15:55.036  2685 13848 I [CT]    : Reporter #2 (ConstellationHealthMonitor) summary:
05-08 14:15:55.036  2685 13848 I [CT]    : Camera: Total Dropped: 0.000000, Total Frame Count: 292 (0.000000%), Camera Reset Count: 1
05-08 14:15:55.036  2685 13848 I [CT]    : Camera: Total Single Camera Frame Dropped: 0, Total Frame Count: 292 (0.000000%)
05-08 14:15:55.036  2685 13848 I [CT]    : Controller 4212769887286730484:
05-08 14:15:55.036  2685 13848 I [CT]    : IMU: Capture period exceeded threshold.  Largest period: 0.620762 sec
05-08 14:15:55.036  2685 13848 I [CT]    : Controllers may have been sleeping
05-08 14:15:55.036  2685 13848 I [CT]    : IMU: Total Dropped: 0.000000, Total Sample Count: 5693.975000 (0.000000%)
05-08 14:15:55.036  2685 13848 I [CT]    : Controller 7745273921483883046:
05-08 14:15:55.036  2685 13848 I [CT]    : IMU: Ca
05-08 14:15:55.054  9318  9357 I RvrPnl  : FPS=71.7703/84.833/57.5622, MSPF=0.0139333/11.7879/17.3725, MEMALLOC=21.0815
05-08 14:15:55.060  2685 13779 I [CT]    : boltlib: DSP utilization(%): 28
05-08 14:15:55.386  1830  1904 I [OAR] SystemDialogController: Dialog result received: {"dialogHost": "vrshell", "dialogId": "common_system_dialog_app_launch_blocked_controller_required", "action": "continue", "autoClose": true, "listSelection": []}
05-08 14:15:55.399  1830  1904 I [OAR] ShellDialogControllerHost: DialogResult: continue
05-08 14:15:55.399  1830  1904 D [OAR] ShellApplication: sendResumeIntent: 'com.YourCompany.ToysGame'
05-08 14:15:55.402  1830  1904 D [OAR] ShellApplication: startActivity Intent { act=android.intent.action.MAIN cat=[android.intent.category.LAUNCHER] flg=0x10030000 pkg=com.YourCompany.ToysGame cmp=com.YourCompany.ToysGame/com.epicgames.ue4.GameActivity (has extras) }
05-08 14:15:55.403  1092  1317 I ActivityManager: START u0 {act=android.intent.action.MAIN cat=[android.intent.category.LAUNCHER] flg=0x10030000 pkg=com.YourCompany.ToysGame cmp=com.YourCompany.ToysGame/com.epicgames.ue4.GameActivity (has extras)} from uid 10028 on display 0
05-08 14:15:55.407  1830  1830 D [OAR] MainActivity: onPause()
05-08 14:15:55.409  1830  1904 I [OAR] DialogControllerManager: Hide Previous pending dialog: type: 2, uri "systemux://dialog/app_launch_blocked_controller_required?package_name=com.YourCompany.ToysGame&launch_immediately_after=true", return component: "", return activity component: "" - reason Closing for new dialog
05-08 14:15:55.413  1830  1904 I [OAR] ShellApp: 0xcb8e8358 msg: pause
05-08 14:15:55.413  1830  1904 I [OAR] PanelAppHost: OnBackground
05-08 14:15:55.413  1830  1904 I [OAR] PanelAppHost: Panel app 17 (com.oculus.systemux/com.oculus.panelapp.dialog.DialogPanelService) changing state from foreground to background
05-08 14:15:55.413  1830  1904 D [OAR] ShellApplication: notify OS to set com.oculus.systemux/com.oculus.panelapp.dialog.DialogPanelService to BACKGROUND
05-08 14:15:55.450 13654 13934 E Parcel  : Reading a NULL string not supported here.
05-08 14:15:55.450  1830  2682 E Parcel  : Reading a NULL string not supported here.
05-08 14:15:55.451  1787  1808 E Parcel  : Reading a NULL string not supported here.
05-08 14:15:55.451  1787  6174 E Parcel  : Reading a NULL string not supported here.
05-08 14:15:55.452  1787  7479 E Parcel  : Reading a NULL string not supported here.
05-08 14:15:55.452  1787  1997 E Parcel  : Reading a NULL string not supported here.
05-08 14:15:55.453  1787  1918 E Parcel  : Reading a NULL string not supported here.
05-08 14:15:55.453  1787  1918 E Parcel  : Reading a NULL string not supported here.
05-08 14:15:55.453  1787  1918 E Parcel  : Reading a NULL string not supported here.
05-08 14:15:55.453  1787  1918 E Parcel  : Reading a NULL string not supported here.
05-08 14:15:55.453  1787  8191 E Parcel  : Reading a NULL string not supported here.
05-08 14:15:55.453  1787  1807 E Parcel  : Reading a NULL string not supported here.
05-08 14:15:55.453  1787 10793 E Parcel  : Reading a NULL string not supported here.
05-08 14:15:55.453  1787  1913 E Parcel  : Reading a NULL string not supported here.
05-08 14:15:55.454  1787 11719 E Parcel  : Reading a NULL string not supported here.
05-08 14:15:55.454  1787 11779 E Parcel  : Reading a NULL string not supported here.
05-08 14:15:55.454  1787  6904 E Parcel  : Reading a NULL string not supported here.
05-08 14:15:55.454  1787  1918 D AudioRecord: updateAppOpsRecordAudio: checkOp OP_RECORD_AUDIO for com.oculus.horizon returns: 0 (ALLOWED)
05-08 14:15:55.455  1830  2682 D AudioTrack: updateAppOpsPlayAudio: checkOp OP_PLAY_AUDIO for com.oculus.vrshell returns: 0 (ALLOWED)
05-08 14:15:55.456  1787 10793 D AudioRecord: updateAppOpsRecordAudio: checkOp OP_RECORD_AUDIO for com.oculus.horizon returns: 0 (ALLOWED)
05-08 14:15:55.456 13654 13934 D AudioTrack: updateAppOpsPlayAudio: checkOp OP_PLAY_AUDIO for com.YourCompany.ToysGame returns: 0 (ALLOWED)
05-08 14:15:55.456 13654 13934 I AudioTrack: updateAppOpsPlayAudio: resuming audio thread
05-08 14:15:55.456 13654 13924 W AudioTrack: releaseBuffer() track 0x7f661aa200 disabled due to previous underrun, restarting
05-08 14:15:55.456 13654 13934 E Parcel  : Reading a NULL string not supported here.
05-08 14:15:55.459 13654 13934 D AudioTrack: updateAppOpsPlayAudio: checkOp OP_PLAY_AUDIO for com.YourCompany.ToysGame returns: 0 (ALLOWED)
05-08 14:15:55.459 13654 13934 E Parcel  : Reading a NULL string not supported here.
05-08 14:15:55.466   547   594 D msm8974_platform: platform_split_snd_device: snd_device(2) new_snd_devices (speaker)
05-08 14:15:55.466   547   594 D ACDB-LOADER: ACDB -> send_audvoltable
05-08 14:15:55.466   547   594 D ACDB-LOADER: ACDB -> ACDB_CMD_GET_AUDPROC_GAIN_DEP_STEP_TABLE, vol index 3
05-08 14:15:55.466   547   594 D         : Failed to fetch the lookup information of the device 0000000F 
05-08 14:15:55.466   547   594 E ACDB-LOADER: Error: ACDB AudProc vol returned = -19
05-08 14:15:55.466   547   594 D ACDB-LOADER: ACDB -> AUDIO_SET_VOL_CAL cal type = 40
05-08 14:15:55.466  1787  1997 E Parcel  : Reading a NULL string not supported here.
05-08 14:15:55.466   547   594 W msm8974_platform: platform_send_gain_dep_cal: Usecase list is empty
05-08 14:15:55.466  1787  1997 E Parcel  : Reading a NULL string not supported here.
05-08 14:15:55.466  1830  3293 E Parcel  : Reading a NULL string not supported here.
05-08 14:15:55.467  1787  1807 E Parcel  : Reading a NULL string not supported here.
05-08 14:15:55.467  1787  1807 E Parcel  : Reading a NULL string not supported here.
05-08 14:15:55.467  1787  1808 E Parcel  : Reading a NULL string not supported here.
05-08 14:15:55.467  1787  1807 E Parcel  : Reading a NULL string not supported here.
05-08 14:15:55.467  1787  1808 E Parcel  : Reading a NULL string not supported here.
05-08 14:15:55.467  1787  1807 E Parcel  : Reading a NULL string not supported here.
05-08 14:15:55.468  1787  1997 E Parcel  : Reading a NULL string not supported here.
05-08 14:15:55.468  1787  1918 E Parcel  : Reading a NULL string not supported here.
05-08 14:15:55.468  1787  6904 E Parcel  : Reading a NULL string not supported here.
05-08 14:15:55.468  1787  1913 E Parcel  : Reading a NULL string not supported here.
05-08 14:15:55.468  1787 11719 E Parcel  : Reading a NULL string not supported here.
05-08 14:15:55.468  1787  7479 E Parcel  : Reading a NULL string not supported here.
05-08 14:15:55.469  1787  1808 E Parcel  : Reading a NULL string not supported here.
05-08 14:15:55.469  1830  1904 I [OAR] PanelAppHost: com.oculus.systemux/com.oculus.panelapp.dialog.DialogPanelService:17 is now backgrounded due to: paused
05-08 14:15:55.470  1830  1904 I [OAR] ShellApp: ShellApp::LeaveVrMode()
05-08 14:15:55.470  1830  1904 W [OAR] LegacyDesktop: LegacyDesktop::FlushAnalytics does not do anything
05-08 14:15:55.470  1830  1904 I [OAR] VrShellDesktopBase: Backgrounding all active monitors on desktop
05-08 14:15:55.470  1830  1904 I [OAR] PanelAppHost: OnBackground
05-08 14:15:55.470  1830  1904 I [OAR] PanelAppHost: Panel app 12 (com.oculus.vrshell.home/com.oculus.vrshell.home.ExploreService) changing state from foreground to background
05-08 14:15:55.470  1830  1904 D [OAR] ShellApplication: notify OS to set com.oculus.vrshell.home/com.oculus.vrshell.home.ExploreService to BACKGROUND
05-08 14:15:55.471  1787  6904 D AudioRecord: updateAppOpsRecordAudio: checkOp OP_RECORD_AUDIO for com.oculus.horizon returns: 0 (ALLOWED)
05-08 14:15:55.472  1787  1997 D AudioRecord: updateAppOpsRecordAudio: checkOp OP_RECORD_AUDIO for com.oculus.horizon returns: 0 (ALLOWED)
05-08 14:15:55.473 13654 13673 D UE4     : [2020.05.08-12.15.55:473][  0]LogAndroid: Case APP_CMD_START
05-08 14:15:55.473 13654 13673 D UE4     : LogAndroidEvents::EnqueueAppEvent : 9, [width=-1, height=-1], tid = 13673, APP_EVENT_STATE_ON_START
05-08 14:15:55.473 13654 13654 D UE4     : [GameActivity] Creating console command broadcast listener
05-08 14:15:55.473  1923  1923 I DialogPanel: Dialog panel backgrounded.
05-08 14:15:55.478  1830  1904 I [OAR] PanelAppHost: com.oculus.vrshell.home/com.oculus.vrshell.home.ExploreService:12 is now backgrounded due to: paused
05-08 14:15:55.478  9318  9357 I RCTVR   : AppState backgroundReason [paused]
05-08 14:15:55.478  9318  9357 I RCTVR_Shutdown: Initiated webserver shutdown
05-08 14:15:55.478  9318  9357 I RCTVR_Shutdown: StreamingManagerService shutdown
05-08 14:15:55.478  9318  9357 I RCTVR_Shutdown: Webby shutdown
05-08 14:15:55.478  1830  1904 I [OAR] LocalSpace: Applying Initial Pose
05-08 14:15:55.479  1830  1904 I VrRuntimeClient: VrRuntimeClient: UpdateLocalSpace: 2 (-0.138802, -0.097877, 0.003558, 0.985465), (2.457485, -0.431554, -0.943587)
05-08 14:15:55.479  2139  3288 I VrRuntimeServer: UpdateLocalSpace: Src: 2, Version: 59, VersionUser: 0, RawFloorHeightOld: -1.582160, RawFloorHeightNew: -1.582160
05-08 14:15:55.481 13654 13654 D UE4     : [GameActivity] ==================================> Inside onStart function in GameActivity
05-08 14:15:55.481 13654 13654 V UE4     : [GameApp] App in foreground
05-08 14:15:55.482 13654 13673 D UE4     : Case APP_CMD_RESUME
05-08 14:15:55.482  9318  9357 I RCTVR_Shutdown: AppState went background
05-08 14:15:55.482 13654 13673 D UE4     : [2020.05.08-12.15.55:482][  0]LogAndroid: Case APP_CMD_RESUME
05-08 14:15:55.482 13654 13673 D UE4     : LogAndroidEvents::EnqueueAppEvent : 7, [width=-1, height=-1], tid = 13673, APP_EVENT_STATE_ON_RESUME
05-08 14:15:55.482 13654 13654 D UE4     : [GameActivity] onResume: start memory reporter runnable
05-08 14:15:55.482  9318  9357 I RCTVR_Shutdown: Headset status changed
05-08 14:15:55.482 13654 13654 D UE4     : [GameActivity] === Restoring Transparent Bars ===
05-08 14:15:55.482 13654 13654 D UE4     : [GameActivity] ==============> [JAVA] AndroidThunkJava_KeepScreenOn(false) - Enabled screen saver
05-08 14:15:55.482 13654 13654 D UE4     : [GameActivity] Registering sensor listeners
05-08 14:15:55.482 13654 13654 D UE4     : App is running in Landscape
05-08 14:15:55.482 13654 13654 D UE4     : [GameActivity] === Restoring Transparent Bars ===
05-08 14:15:55.482  1830  1904 D [OAR] ShellApplication: Broadcast intent com.oculus.assistant.ASSISTANT_PANEL_AVAILABILITY status: 2, mode: 1
