05-05 12:34:24.460  1851  1914 W [OAR] AudioMixer: StopWavFile: Couldn't find attached sound for clientId controllerp0xb8c71000
05-05 12:34:24.460  1851  1914 I [OAR] ModelDef: Destroying ModelFileModel .gltf.ovrscene
05-05 12:34:24.461  1851  1914 W [OAR] AudioMixer: StopWavFile: Couldn't find attached sound for clientId controllerp0xb6a7d000
05-05 12:34:24.464  2131  3672 I VrRuntimeService: nativeDestroyTextureSwapChain 217
05-05 12:34:24.464  1851  1914 I GoCompatibility: GoCompatibility: vrapi_LeaveVrMode_Hooked()
05-05 12:34:24.464  1851  1914 I VrApi   : ---------- vrapi_LeaveVrMode [start] ----------
05-05 12:34:24.465  2131  2282 I ClientMgr: ClientMgr: Flushing frame 20629 from non-current client: com.oculus.vrshell(enabled), current client: com.YourCompany.ToysGame.
05-05 12:34:24.468  1851  1914 D VrApi   : targetSDKVersion 27
05-05 12:34:24.471  1851  1914 I VrRuntimeClient: DEVICE MODEL NUMBER = Quest
05-05 12:34:24.471  1851  1914 I VrRuntimeClient: DEVICE HARDWARE = monterey
05-05 12:34:24.471  1851  1914 I VrRuntimeClient: DEVICE BUILD NAME = user-602380.24900.0
05-05 12:34:24.471  1851  1914 I VrRuntimeClient: DEVICE BUILD TYPE = user
05-05 12:34:24.471  1851  1914 I VrRuntimeClient: DEVICE OS VERSION = 7.1.1
05-05 12:34:24.471  1851  1914 I VrRuntimeClient: VRRUNTIME VERSION = VRAPI_VERSION_BEGIN { 1.1.33.0-210938873-210938873 Apr 24 2020 16:11:35 Development } RELEASE
05-05 12:34:24.471  1851  1914 I VrRuntimeClient: API LOADER VERSION = 1.1.30.0
05-05 12:34:24.471  1851  1914 I VrRuntimeClient: VRDRIVER VERSION = 16.0.0.141.450
05-05 12:34:24.471  1851  1914 I VrRuntimeClient: APP NAME = Oculus App Runtime
05-05 12:34:24.471  1851  1914 I VrRuntimeClient: APP VERSION = 16.0.0.139.450 versionCode 210946745 internalVersionName 16.0.0.139.450.670c400f6e52 2020_04_24_17_36
05-05 12:34:24.471  1851  1914 I VrRuntimeClient: APP VR TYPE = vr_only
05-05 12:34:24.471  1851  1914 I VrRuntimeClient: APP PACKAGE NAME = com.oculus.vrshell
05-05 12:34:24.471  1851  1914 I VrRuntimeClient: APP ACTIVITY CLASS = com.oculus.vrshell.MainActivity
05-05 12:34:24.472  1851  1914 D BatteryReceiver: Unregistering battery receiver
05-05 12:34:24.482  1851 11814 I VrApi   : FPS=69,Prd=45ms,Tear=0,Early=28,Stale=0,VSnc=1,Lat=1,Fov=0,CPU4/GPU=4/5,2304/710MHz,OC=FF,TA=0/3/0,SP=N/N/N,Mem=1804MHz,Free=1296MB,PSM=0,PLS=0,Temp=31.0C/0.0C,TW=2.85ms,App=11.29ms,GD=3.62ms,CPU&GPU=16.70ms,LCnt=5,GPU%=0.78,CPU%=0.16(W0.19),DSF=1.00
05-05 12:34:24.483  1851  1914 I VrApi   : OVR::Stats thread stopped
05-05 12:34:24.483  1851  1914 I InputDeviceManager: ovrInputDeviceManager::Shutdown
05-05 12:34:24.484  1851 11811 I InputHooks_Internal: InputHooksThreadRun ShutdownRequest received
05-05 12:34:24.484  1851  1914 D InputHooksJava: Disabling Java Input Hooks
05-05 12:34:24.486  2131  3687 D VrRuntimeService: this client: 1851:com.oculus.vrshell
05-05 12:34:24.486  2131  3687 D VrRuntimeService: enableRendering: clientWindow: null enable: false
05-05 12:34:24.486  2131  3687 I ClientMgr: ClientMgr::EnableRendering 1851:com.oculus.vrshell : type 0 : disable
05-05 12:34:24.489 11576 11890 D UE4     : *** JavaEnvDestructor: 11890
05-05 12:34:24.489 11576 11891 D UE4     : *** JavaEnvDestructor: 11891
05-05 12:34:24.489 11576 11889 D UE4     : *** JavaEnvDestructor: 11889
05-05 12:34:24.493  2131  2282 I ClientMgr: Non-overlay clients rendering status has changed: prev=78, curr=79, enabled=5
05-05 12:34:24.494  1851 11827 I VrRuntimeClient: FenceChecker::MainLoop - ended
05-05 12:34:24.495  1851  1914 I BufferObject: ovrBufferObjectFactory::Unimport deleting GL buffer=335
05-05 12:34:24.495  1851  1914 I BufferObject: ovrBufferObjectFactory::Unimport deleting GL memory object=24
05-05 12:34:24.495  1851  1914 I TrackingServiceClient: OVR::TrackingService::ClientSetInterface
05-05 12:34:24.496  1851  1914 D TrackingServiceClient: onClientDisconnect
05-05 12:34:24.496  1851  1914 D TrackingServiceConnectionNative: onClientDisconnect
05-05 12:34:24.496   716  2833 I TrackingService: Unregistering client by ITrackingService.unregisterClient
05-05 12:34:24.496   716  2833 I TrackingService: TrackingServiceHost Unregistering client: pid 1851
05-05 12:34:24.496  1851  1914 D BinderConnection: Disconnecting from TrackingService service
05-05 12:34:24.496  1851  1914 D TrackingServiceConnectionNative: onDisconnected
05-05 12:34:24.496  1851  1914 D TrackingServiceClient: TrackingServiceConnection mConnectedRemotes.clear()
05-05 12:34:24.496  1851  1914 I TrackingServiceClient: OVR::TrackingService::ClientSetInterface
05-05 12:34:24.496  1851  1914 I VrApi   : ---------- vrapi_LeaveVrMode [end] ----------
05-05 12:34:24.496  1851  1914 I [OAR] ShellFrameAnalytics: ShellFrame frameFunction: 19675us/281081us, trace: 0us/24us, process commands: 110us/383us, system update: 2743us/70227us, render 5505us/52152us, post render 0us/0us
05-05 12:34:24.506  1851  1914 I [OAR] ShellApp: 0xd398f358 msg: surfaceDestroyed 0xe263f008
05-05 12:34:24.543   716 11726 I [CT]    : L:Behavior:AtRest: activated
05-05 12:34:24.543   716 11726 I [CT]    : AdHocPatch: [Left] t = 6.362s, behavior transition: None -> AtRest at 6.411s
05-05 12:34:24.546   716 11740 I [CT]    : HealthReport: ==================================================
05-05 12:34:24.546   716 11740 I [CT]    : Health Report
05-05 12:34:24.546   716 11740 I [CT]    : -------------
05-05 12:34:24.546   716 11740 I [CT]    : 
05-05 12:34:24.546   716 11740 I [CT]    : Reporter #1 (InsideOutHealthMonitor) summary:
05-05 12:34:24.546   716 11740 I [CT]    : Camera: Total Dropped: 0.000000, Total Frame Count: 150 (0.000000%), Camera Reset Count: 0
05-05 12:34:24.546   716 11740 I [CT]    : Camera: Total Single Camera Frame Dropped: 0, Total Frame Count: 150 (0.000000%)
05-05 12:34:24.546   716 11740 I [CT]    : IMU: Total Dropped: 0.000000, Total Sample Count: 6250 (0.000000%)
05-05 12:34:24.546   716 11740 I [CT]    : Magnetometer: Total Dropped: 0.000000, Total Sample Count: 188 (0.000000%)
05-05 12:34:24.546   716 11740 I [CT]    : 
05-05 12:34:24.546   716 11740 I [CT]    : Reporter #1 (InsideOutHealthMonitor) Passed
05-05 12:34:24.546   716 11740 I [CT]    : --------------------------------------------------
05-05 12:34:24.546   716 11740 I [CT]    : Reporter #2 (ConstellationHealthMonitor) summary:
05-05 12:34:24.546   716 11740 I [CT]    : Camera: Total Dropped: 0.000000, Total Frame Count: 151 (0.000000%), Camera Reset Count: 1
05-05 12:34:24.546   716 11740 I [CT]    : Camera: Total Single Camera Frame Dropped: 0, Total Frame Count: 151 (0.000000%)
05-05 12:34:24.546   716 11740 I [CT]    : Controller 7745273921483883046:
05-05 12:34:24.546   716 11740 I [CT]    : IMU: Capture period exceeded threshold.  Largest period: 1.953918 sec
05-05 12:34:24.546   716 11740 I [CT]    : Controllers may have been sleeping
05-05 12:34:24.546   716 11740 I [CT]    : IMU: Total Dropped: 0.000000, Total Sample Count: 2207.128500 (0.000000%)
05-05 12:34:24.546   716 11740 I [CT]    : Controller 4212769887286730484:
05-05 12:34:24.546   716 11740 I [CT]    : IMU: Cap
05-05 12:34:24.553  2145  2191 I GuardianSystem: UpdateGuardianSystemState: Flags changed: 532480, 524288
05-05 12:34:24.658  1481 11899 W ContextImpl: Calling a method in the system process without a qualified user: android.app.ContextImpl.sendBroadcast:877 android.content.ContextWrapper.sendBroadcast:421 com.facebook.analytics2.logger.UploadServiceBus.signalJobRan:60 com.facebook.analytics2.logger.UploadJobHandler.exitStateMachine:267 com.facebook.analytics2.logger.UploadJobHandler.handleMessage:97 
05-05 12:34:24.666  1481  2034 I UploadManager: Scheduling jobbId 2131165248 within interval (900000, 2700000)
05-05 12:34:24.674   716 11739 I [CT]    : CONSTELLATION: L: Detected static motion, applying constant pose priors.
05-05 12:34:24.756 11576 11808 I VrApi   : FPS=0,Prd=0ms,Tear=0,Early=0,Stale=72,VSnc=1,Lat=0,Fov=0,CPU4/GPU=0/0,2304/710MHz,OC=FF,TA=0/0/0,SP=N/N/N,Mem=1804MHz,Free=1294MB,PSM=0,PLS=0,Temp=31.0C/0.0C,TW=3.07ms,App=0.00ms,GD=10.62ms,CPU&GPU=0.00ms,LCnt=0,GPU%=0.50,CPU%=0.33(W0.53),DSF=1.00
05-05 12:34:24.776 11576 11594 D UE4     : [2020.05.05-10.34.24:776][  0]LogAndroid: backgrounding callback, not responded in timely manner.
05-05 12:34:24.776 11576 11594 D UE4     : [2020.05.05-10.34.24:776][  0]LogAndroid: Blocking renderer on invalid window.
05-05 12:34:24.776 11576 11594 D UE4     : [2020.05.05-10.34.24:776][  0]LogAndroid: Waiting for renderer to encounter blocking command.
05-05 12:34:24.776 11576 11859 D UE4     : [2020.05.05-10.34.24:776][  0]LogAndroid: Blocking renderer
05-05 12:34:24.776 11576 11859 D UE4     : [2020.05.05-10.34.24:776][  0]LogAndroid: RendererBlock release window callback
05-05 12:34:24.776 11576 11859 D UE4     : [2020.05.05-10.34.24:776][  0]LogVulkanRHI: Destroy swapchain ... 
05-05 12:34:24.787 11576 11594 D UE4     : LogAndroidEvents::EnqueueAppEvent : 13, [width=-1, height=-1], tid = 11594, APP_EVENT_STATE_APP_SUSPENDED
05-05 12:34:24.787 11576 11594 D UE4     : Case APP_CMD_TERM_WINDOW, tid = 11594
05-05 12:34:24.787 11576 11594 D UE4     : [2020.05.05-10.34.24:787][  0]LogAndroid: Case APP_CMD_TERM_WINDOW
05-05 12:34:24.787 11576 11594 D UE4     : LogAndroidEvents::EnqueueAppEvent : 3, [width=-1, height=-1], tid = 11594, APP_EVENT_STATE_WINDOW_DESTROYED
05-05 12:34:24.794 11576 11594 D UE4     : [2020.05.05-10.34.24:794][  0]LogAndroid: Case APP_CMD_SAVE_STATE
05-05 12:34:24.794 11576 11594 D UE4     : LogAndroidEvents::EnqueueAppEvent : 12, [width=-1, height=-1], tid = 11594, APP_EVENT_STATE_SAVE_STATE
05-05 12:34:24.795 11576 11594 D UE4     : [2020.05.05-10.34.24:795][  0]LogAndroid: Case APP_CMD_STOP
05-05 12:34:24.795 11576 11594 D UE4     : LogAndroidEvents::EnqueueAppEvent : 8, [width=-1, height=-1], tid = 11594, APP_EVENT_STATE_ON_STOP
05-05 12:34:24.795 11576 11576 D UE4     : [GameActivity] ==============> GameActive.onStop complete!
05-05 12:34:24.795 11576 11576 D UE4     : [GameActivity] ==============> GameActive.onTrimMemory(TRIM_MEMORY_UI_HIDDEN) called!
05-05 12:34:24.796 11576 11576 V UE4     : [GameApp] App in background
05-05 12:34:24.796 11576 11576 D UE4     : [GameActivity] Battery: status = 2, rawlevel = 96, scale = 100
05-05 12:34:24.796 11576 11576 D UE4     : nativeBatteryEvent(stat = 2, lvl = 96  temp = 31.00 C)
05-05 12:34:24.798 11576 11594 D UE4     : [2020.05.05-10.34.24:798][  0]LogAndroid: Case APP_CMD_START
05-05 12:34:24.798 11576 11594 D UE4     : LogAndroidEvents::EnqueueAppEvent : 9, [width=-1, height=-1], tid = 11594, APP_EVENT_STATE_ON_START
05-05 12:34:24.798 11576 11576 D UE4     : [GameActivity] Creating console command broadcast listener
05-05 12:34:24.799 11576 11576 D UE4     : [GameActivity] ==================================> Inside onStart function in GameActivity
05-05 12:34:24.800 11576 11576 V UE4     : [GameApp] App in foreground
05-05 12:34:24.800 11576 11594 D UE4     : Case APP_CMD_RESUME
05-05 12:34:24.800 11576 11594 D UE4     : [2020.05.05-10.34.24:800][  0]LogAndroid: Case APP_CMD_RESUME
05-05 12:34:24.800 11576 11594 D UE4     : LogAndroidEvents::EnqueueAppEvent : 7, [width=-1, height=-1], tid = 11594, APP_EVENT_STATE_ON_RESUME
05-05 12:34:24.800 11576 11576 D UE4     : [GameActivity] onResume: start memory reporter runnable
05-05 12:34:24.800 11576 11576 D UE4     : [GameActivity] === Restoring Transparent Bars ===
05-05 12:34:24.800 11576 11576 D UE4     : [GameActivity] ==============> [JAVA] AndroidThunkJava_KeepScreenOn(false) - Enabled screen saver
05-05 12:34:24.800 11576 11576 D UE4     : [GameActivity] Registering sensor listeners
05-05 12:34:24.800 11576 11576 D UE4     : App is running in Landscape
05-05 12:34:24.800 11576 11576 D UE4     : [GameActivity] === Restoring Transparent Bars ===
05-05 12:34:24.801 11576 11576 D UE4     : [GameActivity] ==============> Resuming main init
05-05 12:34:24.801 11576 11576 D UE4     : [GameActivity] ==============> GameActive.onResume complete!
05-05 12:34:24.802 11576 11594 D UE4     : [2020.05.05-10.34.24:802][  0]LogAndroid: Case APP_CMD_GAINED_FOCUS
05-05 12:34:24.802 11576 11594 D UE4     : LogAndroidEvents::EnqueueAppEvent : 11, [width=-1, height=-1], tid = 11594, APP_EVENT_STATE_WINDOW_GAINED_FOCUS
05-05 12:34:24.803  1079  1552 W InputMethodManagerService: Focus gain on non-focused client com.android.internal.view.IInputMethodClient$Stub$Proxy@85d056f (uid=10082 pid=11576)
05-05 12:34:24.803 11576 11594 D UE4     : [2020.05.05-10.34.24:803][  0]LogAndroid: Case APP_CMD_LOST_FOCUS
05-05 12:34:24.803 11576 11594 D UE4     : LogAndroidEvents::EnqueueAppEvent : 10, [width=-1, height=-1], tid = 11594, APP_EVENT_STATE_WINDOW_LOST_FOCUS
05-05 12:34:24.815 11576 11594 D UE4     : Case APP_CMD_INIT_WINDOW
05-05 12:34:24.815 11576 11594 D UE4     : [2020.05.05-10.34.24:815][  0]LogAndroid: Case APP_CMD_INIT_WINDOW
05-05 12:34:24.816 11576 11594 D UE4     : LogAndroidEvents::EnqueueAppEvent : 0, [width=2880, height=1600], tid = 11594, APP_EVENT_STATE_WINDOW_CREATED
05-05 12:34:24.829  2131  2131 D VrRuntimeService: onFocusedWindowChanged: focusedWindowToken=android.os.BinderProxy@131873f, focusedWindowUid=10082
05-05 12:34:24.830  2131  2131 D VrRuntimeService: onFocusedWindowChanged: top window's client already enabled
05-05 12:34:24.830  2131  2131 I ClientMgr: ClientMgr::SetPrimaryCompositorClient: com.YourCompany.ToysGame
05-05 12:34:24.831  2131  2131 I VrRuntimeServer: SetCompositorClientEnabled client(0): enabled(1) 0x7f61806010
05-05 12:34:24.831  2131  2131 I ClientMgr: ClientMgr::SetFocusedClient: com.YourCompany.ToysGame type 0
05-05 12:34:24.835  1079  7226 I ActivityManager: Activity reported stop, but no longer stopping: ActivityRecord{3a1b7f5 u0 com.YourCompany.ToysGame/com.epicgames.ue4.GameActivity t28} RESUMED
05-05 12:34:24.835  2145  2191 I GuardianSystem: rsapi_PollEvent: rsEventPackageNameChange: com.YourCompany.ToysGame
05-05 12:34:24.836 11576 11594 D UE4     : [2020.05.05-10.34.24:836][  0]LogAndroid: Case APP_CMD_GAINED_FOCUS
05-05 12:34:24.836 11576 11594 D UE4     : LogAndroidEvents::EnqueueAppEvent : 11, [width=-1, height=-1], tid = 11594, APP_EVENT_STATE_WINDOW_GAINED_FOCUS
05-05 12:34:24.836 11576 11594 D UE4     : [2020.05.05-10.34.24:836][  0]LogAndroid: event thread, activate app, unlocking HW window
05-05 12:34:24.836 11576 11594 D UE4     : LogAndroidEvents::EnqueueAppEvent : 14, [width=-1, height=-1], tid = 11594, APP_EVENT_STATE_APP_ACTIVATED
05-05 12:34:24.836 11576 11594 D UE4     : LogAndroidEvents::EnqueueAppEvent : 15, [width=-1, height=-1], tid = 11594, APP_EVENT_RUN_CALLBACK
05-05 12:34:24.837 11576 11859 D UE4     : [2020.05.05-10.34.24:837][  0]LogAndroid: RendererBlock acquired window lock
05-05 12:34:24.837 11576 11859 D UE4     : [2020.05.05-10.34.24:837][  0]LogVulkanRHI: Recreate swapchain ... 
05-05 12:34:24.839 11576 11859 D UE4     : [2020.05.05-10.34.24:839][  0]LogAndroid: RendererBlock updating window
05-05 12:34:24.839 11576 11859 D UE4     : [2020.05.05-10.34.24:839][  0]LogAndroid: RendererBlock released window lock
05-05 12:34:24.846  2121  2304 E Security-LocalReporter: UID '10043' is shared by multiple packages: [com.oculus.home, com.oculus.horizon]
05-05 12:34:24.861  2121  2304 I LibraryProvider: running queryApp(com.oculus.vrshell) for com.oculus.uid:10043
05-05 12:34:24.861  2121  2304 W LibraryProvider: Cannot find entitlement for com.oculus.vrshell
05-05 12:34:24.862  1782  1782 W OVRLibrary: null cursor received for query content://com.oculus.ocms.library/apps/com.oculus.vrshell
05-05 12:34:24.862  1782  1782 I PlatformPluginManager: onAppStart com.oculus.vrshell false
05-05 12:34:24.863  1782  1782 I OVRPlatform: [PartiesAPI] ovr_Party_PluginGetSharedMemHandle: This function is deprecated, do not use
05-05 12:34:24.867  1782  1782 E OVRMediaServiceManager: LivestreamingManager Not initialized
05-05 12:34:24.944  1782  1782 I PlatformPluginManager: enforcePartyChatStateConsistency - got current party response: Party is null
05-05 12:34:24.944  1782  1782 I PlatformPluginManager: enforcePartyChatStateConsistency - User not in a party.
05-05 12:34:24.945  1782  1782 I PlatformPluginManager: stopPartyChat
05-05 12:34:24.945  1782  1782 I PlatformPlugin: [PlatformPluginManager] Stopping party chat
05-05 12:34:24.945  1782  1782 I OVRPlatform: [PartyChatInterchangeable] StopPartyChat
05-05 12:34:25.022 11576 11902 D UE4     : *** JavaEnvDestructor: 11902
05-05 12:34:25.023 11576 11903 D UE4     : *** JavaEnvDestructor: 11903
05-05 12:34:25.124 11576 11593 D UE4     : [2020.05.05-10.34.25:124][  0]LogCore: Display: AppLifetime: Application will deactivate
05-05 12:34:25.124 11576 11859 D OVRPlugin: Leaving VR mode.
05-05 12:34:25.124 11576 11859 I GoCompatibility: GoCompatibility: vrapi_LeaveVrMode_Hooked()
05-05 12:34:25.124 11576 11859 I VrApi   : ---------- vrapi_LeaveVrMode [start] ----------
05-05 12:34:25.125 11576 11859 D VrApi   : targetSDKVersion 25
05-05 12:34:25.126 11576 11859 I VrRuntimeClient: DEVICE MODEL NUMBER = Quest
05-05 12:34:25.126 11576 11859 I VrRuntimeClient: DEVICE HARDWARE = monterey
05-05 12:34:25.126 11576 11859 I VrRuntimeClient: DEVICE BUILD NAME = user-602380.24900.0
05-05 12:34:25.126 11576 11859 I VrRuntimeClient: DEVICE BUILD TYPE = user
05-05 12:34:25.126 11576 11859 I VrRuntimeClient: DEVICE OS VERSION = 7.1.1
05-05 12:34:25.126 11576 11859 I VrRuntimeClient: VRRUNTIME VERSION = VRAPI_VERSION_BEGIN { 1.1.33.0-210938873-210938873 Apr 24 2020 16:11:35 Development } RELEASE
05-05 12:34:25.126 11576 11859 I VrRuntimeClient: API LOADER VERSION = 1.1.24.0
05-05 12:34:25.126 11576 11859 I VrRuntimeClient: VRDRIVER VERSION = 16.0.0.141.450
05-05 12:34:25.126 11576 11859 I VrRuntimeClient: APP NAME = ToysGame
05-05 12:34:25.126 11576 11859 I VrRuntimeClient: APP VERSION = 1.0 versionCode 1 internalVersionName <none>
05-05 12:34:25.126 11576 11859 I VrRuntimeClient: APP VR TYPE = vr_only
05-05 12:34:25.126 11576 11859 I VrRuntimeClient: APP PACKAGE NAME = com.YourCompany.ToysGame
05-05 12:34:25.126 11576 11859 I VrRuntimeClient: APP ACTIVITY CLASS = com.epicgames.ue4.GameActivity
05-05 12:34:25.127 11576 11859 D BatteryReceiver: Unregistering battery receiver
05-05 12:34:25.132 11576 11808 I VrApi   : FPS=0,Prd=0ms,Tear=0,Early=0,Stale=72,VSnc=1,Lat=0,Fov=0,CPU4/GPU=0/0,2304/710MHz,OC=FF,TA=0/0/0,SP=N/N/N,Mem=1804MHz,Free=1297MB,PSM=0,PLS=0,Temp=31.0C/0.0C,TW=3.07ms,App=0.00ms,GD=10.62ms,CPU&GPU=0.00ms,LCnt=0,GPU%=0.50,CPU%=0.33(W0.53),DSF=1.00
05-05 12:34:25.134 11576 11859 I VrApi   : OVR::Stats thread stopped
05-05 12:34:25.135 11576 11859 I InputDeviceManager: ovrInputDeviceManager::Shutdown
05-05 12:34:25.138 11576 11807 I InputHooks_Internal: InputHooksThreadRun ShutdownRequest received
05-05 12:34:25.138 11576 11859 I InputHooks_Internal: Disabling Native Input Hooks
05-05 12:34:25.139  2131  3687 D VrRuntimeService: this client: 11576:com.YourCompany.ToysGame
05-05 12:34:25.139  2131  3687 D VrRuntimeService: enableRendering: clientWindow: null enable: false
05-05 12:34:25.140  2131  3687 I ClientMgr: ClientMgr::EnableRendering 11576:com.YourCompany.ToysGame : type 0 : disable
05-05 12:34:25.140  2131  3687 I VrRuntimeServer: SetCompositorClientEnabled client(0): enabled(0) 0x0
05-05 12:34:25.147  2131  2282 I ClientMgr: Non-overlay clients rendering status has changed: prev=79, curr=80, enabled=4
05-05 12:34:25.160 11576 11810 I VrRuntimeClient: FenceChecker::MainLoop - ended
05-05 12:34:25.160 11576 11859 I BufferObject: ovrBufferObjectFactory::Unimport unmapping Vulkan memory
05-05 12:34:25.160 11576 11859 I BufferObject: ovrBufferObjectFactory::Unimport destroying Vulkan buffer=546391497344
05-05 12:34:25.160 11576 11859 I BufferObject: ovrBufferObjectFactory::Unimport freeing Vulkan memory=546285014208
05-05 12:34:25.160 11576 11859 I TrackingServiceClient: OVR::TrackingService::ClientSetInterface
05-05 12:34:25.161 11576 11859 D TrackingServiceClient: onClientDisconnect
05-05 12:34:25.161 11576 11859 D TrackingServiceConnectionNative: onClientDisconnect
05-05 12:34:25.161   716  2833 I TrackingService: Unregistering client by ITrackingService.unregisterClient
05-05 12:34:25.161   716  2833 I TrackingService: TrackingServiceHost Unregistering client: pid 11576
05-05 12:34:25.161 11576 11859 D BinderConnection: Disconnecting from TrackingService service
05-05 12:34:25.161 11576 11859 D TrackingServiceConnectionNative: onDisconnected
05-05 12:34:25.161 11576 11859 D TrackingServiceClient: TrackingServiceConnection mConnectedRemotes.clear()
05-05 12:34:25.161 11576 11859 I TrackingServiceClient: OVR::TrackingService::ClientSetInterface
05-05 12:34:25.161 11576 11859 I VrApi   : ---------- vrapi_LeaveVrMode [end] ----------
05-05 12:34:25.162 11576 11593 D UE4     : [GameActivity] Unregistering volume receiver
05-05 12:34:25.162 11576 11593 D UE4     : [GameActivity] Unregistering battery receiver
05-05 12:34:25.162 11576 11593 D UE4     : [GameActivity] Unregistering headset receiver
05-05 12:34:25.163 11576 11593 D UE4     : [2020.05.05-10.34.25:163][  0]LogCore: Display: AppLifetime: Application will enter background
05-05 12:34:25.163 11576 11593 D UE4     : [2020.05.05-10.34.25:163][  0]LogTemp: Android pause audio
05-05 12:34:25.163 11576 11593 D UE4     : [2020.05.05-10.34.25:163][  0]LogAudioMixerAndroid: Display: Suspending android audio renderer
05-05 12:34:25.163 11576 11593 D UE4     : [2020.05.05-10.34.25:163][  0]LogAndroidEvents: Display: LogAndroidEvents::DequeueAppEvent : 13, [width=-1, height=-1], APP_EVENT_STATE_APP_SUSPENDED
05-05 12:34:25.163 11576 11593 D UE4     : FAppEventManager::Tick processing, 13
05-05 12:34:25.163 11576 11593 D UE4     : Execution will be paused...
05-05 12:34:25.163 11576 11593 D UE4     : [2020.05.05-10.34.25:163][  0]LogAndroidEvents: Display: LogAndroidEvents::DequeueAppEvent : 3, [width=-1, height=-1], APP_EVENT_STATE_WINDOW_DESTROYED
05-05 12:34:25.163 11576 11593 D UE4     : FAppEventManager::Tick processing, 3
05-05 12:34:25.163 11576 11593 D UE4     : APP_EVENT_STATE_WINDOW_DESTROYED, 0, 0, 0
05-05 12:34:25.163 11576 11593 D UE4     : [2020.05.05-10.34.25:163][  0]LogAndroidEvents: Display: LogAndroidEvents::DequeueAppEvent : 12, [width=-1, height=-1], APP_EVENT_STATE_SAVE_STATE
05-05 12:34:25.163 11576 11593 D UE4     : FAppEventManager::Tick processing, 12
05-05 12:34:25.163 11576 11593 D UE4     : [2020.05.05-10.34.25:163][  0]LogAndroidEvents: Display: LogAndroidEvents::DequeueAppEvent : 8, [width=-1, height=-1], APP_EVENT_STATE_ON_STOP
05-05 12:34:25.163 11576 11593 D UE4     : FAppEventManager::Tick processing, 8
05-05 12:34:25.163 11576 11593 D UE4     : [2020.05.05-10.34.25:163][  0]LogAndroidEvents: Display: LogAndroidEvents::DequeueAppEvent : 9, [width=-1, height=-1], APP_EVENT_STATE_ON_START
05-05 12:34:25.163 11576 11593 D UE4     : FAppEventManager::Tick processing, 9
05-05 12:34:25.163 11576 11593 D UE4     : [2020.05.05-10.34.25:163][  0]LogAndroidEvents: Display: LogAndroidEvents::DequeueAppEvent : 7, [width=-1, height=-1], APP_EVENT_STATE_ON_RESUME
05-05 12:34:25.163 11576 11593 D UE4     : FAppEventManager::Tick processing, 7
05-05 12:34:25.163 11576 11593 D UE4     : [2020.05.05-10.34.25:163][  0]LogAndroidEvents: Display: LogAndroidEvents::DequeueAppEvent : 11, [width=-1, height=-1], APP_EVENT_STATE_WINDOW_GAINED_FOCUS
05-05 12:34:25.163 11576 11593 D UE4     : FAppEventManager::Tick processing, 11
05-05 12:34:25.163 11576 11593 D UE4     : [2020.05.05-10.34.25:163][  0]LogAndroidEvents: Display: LogAndroidEvents::DequeueAppEvent : 10, [width=-1, height=-1], APP_EVENT_STATE_WINDOW_LOST_FOCUS
05-05 12:34:25.163 11576 11593 D UE4     : FAppEventManager::Tick processing, 10
05-05 12:34:25.164 11576 11593 D UE4     : [2020.05.05-10.34.25:163][  0]LogAndroidEvents: Display: LogAndroidEvents::DequeueAppEvent : 0, [width=2880, height=1600], APP_EVENT_STATE_WINDOW_CREATED
05-05 12:34:25.164 11576 11593 D UE4     : FAppEventManager::Tick processing, 0
05-05 12:34:25.164 11576 11593 D UE4     : [2020.05.05-10.34.25:164][  0]LogAndroidEvents: Display: LogAndroidEvents::DequeueAppEvent : 11, [width=-1, height=-1], APP_EVENT_STATE_WINDOW_GAINED_FOCUS
05-05 12:34:25.164 11576 11593 D UE4     : FAppEventManager::Tick processing, 11
05-05 12:34:25.164 11576 11593 D UE4     : [2020.05.05-10.34.25:164][  0]LogAndroidEvents: Display: ExecWindowCreated
05-05 12:34:25.164 11576 11593 D UE4     : [2020.05.05-10.34.25:164][  0]LogAndroid: Mobile HDR: no
05-05 12:34:25.164 11576 11593 D UE4     : AndroidEGL::ReInitWindow()
05-05 12:34:25.164 11576 11593 D UE4     : ExecWindowCreated, 0, 1, 1
05-05 12:34:25.164 11576 11593 D UE4     : [2020.05.05-10.34.25:164][  0]LogAndroidEvents: Display: LogAndroidEvents::DequeueAppEvent : 14, [width=-1, height=-1], APP_EVENT_STATE_APP_ACTIVATED
05-05 12:34:25.164 11576 11593 D UE4     : FAppEventManager::Tick processing, 14
05-05 12:34:25.164 11576 11593 D UE4     : Execution will be resumed!
05-05 12:34:25.164 11576 11593 D UE4     : [2020.05.05-10.34.25:164][  0]LogAndroidEvents: Display: LogAndroidEvents::DequeueAppEvent : 15, [width=-1, height=-1], APP_EVENT_RUN_CALLBACK
05-05 12:34:25.164 11576 11593 D UE4     : FAppEventManager::Tick processing, 15
05-05 12:34:25.164 11576 11593 D UE4     : [2020.05.05-10.34.25:164][  0]LogAndroidEvents: Display: Event thread callback running.
05-05 12:34:25.164 11576 11593 D UE4     : [2020.05.05-10.34.25:164][  0]LogAndroid: performing app foregrounding callback.
05-05 12:34:25.164 11576 11593 D UE4     : [2020.05.05-10.34.25:164][  0]LogHMD: Initializing OVRPlugin session
05-05 12:34:25.164 11576 11593 D UE4     : [2020.05.05-10.34.25:164][  0]LogHMD: OculusHMD plugin supports multiview!
05-05 12:34:25.164 11576 11593 D OVRPlugin: Finished setting up render thread.
05-05 12:34:25.164 11576 11593 D OVRPlugin: Entering VR mode.
05-05 12:34:25.164 11576 11593 I VrApi   : ---------- vrapi_EnterVrMode [start] ----------
05-05 12:34:25.164 11576 11593 I VrRuntimeClient: Tracing is disabled
05-05 12:34:25.166 11576 11593 D VrApi   : targetSDKVersion 25
05-05 12:34:25.167 11576 11593 I VrRuntimeClient: DEVICE MODEL NUMBER = Quest
05-05 12:34:25.167 11576 11593 I VrRuntimeClient: DEVICE HARDWARE = monterey
05-05 12:34:25.167 11576 11593 I VrRuntimeClient: DEVICE BUILD NAME = user-602380.24900.0
05-05 12:34:25.167 11576 11593 I VrRuntimeClient: DEVICE BUILD TYPE = user
05-05 12:34:25.167 11576 11593 I VrRuntimeClient: DEVICE OS VERSION = 7.1.1
05-05 12:34:25.167 11576 11593 I VrRuntimeClient: VRRUNTIME VERSION = VRAPI_VERSION_BEGIN { 1.1.33.0-210938873-210938873 Apr 24 2020 16:11:35 Development } RELEASE
05-05 12:34:25.167 11576 11593 I VrRuntimeClient: API LOADER VERSION = 1.1.24.0
05-05 12:34:25.167 11576 11593 I VrRuntimeClient: VRDRIVER VERSION = 16.0.0.141.450
05-05 12:34:25.167 11576 11593 I VrRuntimeClient: APP NAME = ToysGame
05-05 12:34:25.167 11576 11593 I VrRuntimeClient: APP VERSION = 1.0 versionCode 1 internalVersionName <none>
05-05 12:34:25.167 11576 11593 I VrRuntimeClient: APP VR TYPE = vr_only
05-05 12:34:25.167 11576 11593 I VrRuntimeClient: APP PACKAGE NAME = com.YourCompany.ToysGame
05-05 12:34:25.167 11576 11593 I VrRuntimeClient: APP ACTIVITY CLASS = com.epicgames.ue4.GameActivity
05-05 12:34:25.167 11576 11593 D BatteryReceiver: Registering battery receiver
05-05 12:34:25.170   549   596 D msm8974_platform: platform_split_snd_device: snd_device(2) new_snd_devices (speaker)
05-05 12:34:25.170   549   596 D ACDB-LOADER: ACDB -> send_audvoltable
05-05 12:34:25.170   549   596 D ACDB-LOADER: ACDB -> ACDB_CMD_GET_AUDPROC_GAIN_DEP_STEP_TABLE, vol index 5
05-05 12:34:25.170   549   596 D         : Failed to fetch the lookup information of the device 0000000F 
05-05 12:34:25.170   549   596 E ACDB-LOADER: Error: ACDB AudProc vol returned = -19
05-05 12:34:25.171   549   596 D ACDB-LOADER: ACDB -> AUDIO_SET_VOL_CAL cal type = 40
05-05 12:34:25.173   716 11726 D TrackingService: [HANDTRACKING] Controller 3a76c3e46c301ef4 in hand: N, valid: Y
05-05 12:34:25.173 11576 11593 D HeadsetReceiver: getCurrentHeadsetState: false
05-05 12:34:25.173 11576 11593 I DeviceStatus_Android: nativeHeadsetEvent(0)
05-05 12:34:25.175 11576 11593 I VrRuntimeClient: DEADRECKONING SetControllerTrackingExtendedDeadreckoning 0
05-05 12:34:25.175 11576 11593 I InputHooks_Internal: Enabling Native Input Hooks
05-05 12:34:25.175 11576 11593 I InputDeviceManager: ovrInputDeviceManager::Initialize
05-05 12:34:25.175 11576 11593 I InputDeviceManager: HANDTRACKING packagename is com.YourCompany.ToysGame
05-05 12:34:25.177 11576 11593 I InputDeviceManager: HANDTRACKING: feature flag set to 0
05-05 12:34:25.177 11576 11593 I VrRuntimeClient: HANDTRACKING sethandmanifest 0
05-05 12:34:25.179  2131  2166 I ScreenCaptureBase: GlobalInhibitState=0
05-05 12:34:25.179 11576 11593 D TrackingServiceConnectionNative: onClientConnect
05-05 12:34:25.179 11576 11593 D BinderConnection: Connecting to TrackingService
05-05 12:34:25.180 11576 11593 D TrackingServiceConnectionNative: onConnected
05-05 12:34:25.180   716   810 I TrackingService: TrackingService::getSharedMemoryFileDescriptor
05-05 12:34:25.181 11576 11593 I TrackingServiceClient: OVR::TrackingService::ClientSetInterface
05-05 12:34:25.181 11576 11593 I TrackingServiceClient: TrackingService client: roFd(69)
05-05 12:34:25.181 11576 11593 I TrackingServiceClient: TrackingService client: connected to interface version 11.
05-05 12:34:25.181 11576 11593 I TrackingServiceClient: TrackingService client: last prediction time is 0.005402 seconds old
05-05 12:34:25.181 11576 11593 I TrackingServiceClient: TrackingService client: provided by pid=716
05-05 12:34:25.181   716   812 I TrackingService: TrackingService::registerClient
05-05 12:34:25.182   716   812 I TrackingService: Registering client with TrackingServiceHost
05-05 12:34:25.182   716   812 I TrackingService: Notifying client pid 11576 of new remote 3a76c3e46c301ef4
05-05 12:34:25.182 11576 11593 D TrackingServiceClient: TrackingServiceClient onRemoteConnected 3a76c3e46c301ef4
05-05 12:34:25.182   716   812 I TrackingService: Notifying client pid 11576 of new remote 6b7cbd986a24c226
05-05 12:34:25.182 11576 11593 D TrackingServiceClient: TrackingServiceClient onRemoteConnected 6b7cbd986a24c226
05-05 12:34:25.182   716   812 I TrackingService: TrackingServiceHost GetSharedMemoryFileDescriptor for client pid 11576
05-05 12:34:25.182   716   812 I TrackingService: TrackingServiceHost registered common client; there are 0 secure clients
05-05 12:34:25.182 11576 11593 I TrackingServiceClient: ClientConnectComplete
05-05 12:34:25.182 11576 11593 I VrApi   : ovrModeParms::VRAPI_MODE_FLAG_RESET_WINDOW_FULLSCREEN = 1
05-05 12:34:25.182 11576 11593 I VrApi   : ovrModeParms::VRAPI_MODE_FLAG_NATIVE_WINDOW = 1
05-05 12:34:25.182 11576 11593 I VrApi   : ovrModeParms::VRAPI_MODE_FLAG_FRONT_BUFFER_PROTECTED = 0
05-05 12:34:25.182 11576 11593 I VrApi   : ovrModeParms::VRAPI_MODE_FLAG_FRONT_BUFFER_565 = 0
05-05 12:34:25.182 11576 11593 I VrApi   : ovrModeParms::VRAPI_MODE_FLAG_FRONT_BUFFER_SRGB = 1
05-05 12:34:25.182 11576 11593 I VrApi   : ovrModeParms::VRAPI_MODE_FLAG_CREATE_CONTEXT_NO_ERROR = 0
05-05 12:34:25.182 11576 11593 I VrApi   : HMD sensor attached.
05-05 12:34:25.183 11576 11593 I VrApi   : Client side frame sync enabled
05-05 12:34:25.184 11576 11593 I DynamicClocks: cpu-freq(0): 979200Hz
05-05 12:34:25.184 11576 11593 I DynamicClocks: cpu-freq(1): 1344000Hz
05-05 12:34:25.184 11576 11593 I DynamicClocks: cpu-freq(2): 1651200Hz
05-05 12:34:25.184 11576 11593 I DynamicClocks: cpu-freq(3): 1958400Hz
05-05 12:34:25.184 11576 11593 I DynamicClocks: cpu-freq(4): 2304000Hz
05-05 12:34:25.184 11576 11593 I DynamicClocks: gpu-freq(0): 257000000Hz
05-05 12:34:25.184 11576 11593 I DynamicClocks: gpu-freq(1): 342000000Hz
05-05 12:34:25.184 11576 11593 I DynamicClocks: gpu-freq(2): 414000000Hz
05-05 12:34:25.184 11576 11593 I DynamicClocks: gpu-freq(3): 515000000Hz
05-05 12:34:25.184 11576 11593 I DynamicClocks: gpu-freq(4): 670000000Hz
05-05 12:34:25.184 11576 11593 I DynamicClocks: gpu-freq(5): 710000000Hz
05-05 12:34:25.184 11576 11593 D VrRuntimeClient: pokeGuardianUserServiceForThisClient: com.YourCompany.ToysGame:10082
05-05 12:34:25.186 11576 11593 D VrRuntimeClient: VrRuntimeClient: enableRendering: activity client
05-05 12:34:25.186 11576 11593 D VrRuntimeClient: VrRuntimeClient: enableRendering: Using clientWindow=android.os.BinderProxy@97082ed
05-05 12:34:25.187  2145  2145 D VrGuardianUserService: onStartCommandIntent { act=FOREGROUND_CLIENT cmp=com.oculus.systemdriver/com.oculus.vrguardianservice.VrGuardianUserService (has extras) }
05-05 12:34:25.187  2131  3672 I ClientMgr: ClientMgr::SetPrimaryCompositorClient: com.YourCompany.ToysGame
05-05 12:34:25.187  2131  3672 I VrRuntimeServer: SetCompositorClientEnabled client(0): enabled(1) 0x7f61806010
05-05 12:34:25.187  2131  3672 I ClientMgr: ClientMgr::SetFocusedClient: com.YourCompany.ToysGame type 0
05-05 12:34:25.187  2131  3672 D VrRuntimeService: this client: 11576:com.YourCompany.ToysGame
05-05 12:34:25.187  2131  3672 D VrRuntimeService: enableRendering: clientWindow: android.os.BinderProxy@131873f enable: true
05-05 12:34:25.187  2131  3672 I ClientMgr: ClientMgr::EnableRendering 11576:com.YourCompany.ToysGame : type 0 : enable
05-05 12:34:25.187  2131  3672 I VrRuntimeServer: SetCompositorClientEnabled client(0): enabled(1) 0x7f61806010
05-05 12:34:25.187  2131  3672 I TimeWarp: CheckDebuggerConnected: debugger 0
05-05 12:34:25.188 11576 11593 I VrRuntimeClient: CreateWarp: ImportVulkan: Fd=81, BufferSize=4096
05-05 12:34:25.188 11576 11593 I VrRuntimeClient: CreateWarp: ImportVulkan: bo.Vk.Buffer=546407846400, bo.Vk.Memory=546369906304, bo.Vk.Mapping=547123679232
05-05 12:34:25.189  2131  2282 I ClientMgr: Non-overlay clients rendering status has changed: prev=80, curr=81, enabled=5
05-05 12:34:25.189 11576 11593 I ScreenCaptureHelper: Advertising com.YourCompany.ToysGame as streamable
05-05 12:34:25.190  1782  1782 I OVRMediaService: onStartCommand Received message type: set_package_name, caller package: no_app_identity
05-05 12:34:25.190 11576 11593 I VrApi   : OVR::Stats thread started
05-05 12:34:25.190 11576 11593 I VrApi   : ---------- vrapi_EnterVrMode [end] ----------
05-05 12:34:25.190 11576 11593 I ClientInputSettings: LatchBackButtonEntireFrame = false
05-05 12:34:25.190 11576 11593 I ClientInputSettings: BlockRemoteButtonsWhenNotEmulatingHMT = true
05-05 12:34:25.190 11576 11593 I ClientInputSettings: EatNativeGamepadEvents = false
05-05 12:34:25.190 11576 11593 D OVRPlugin: Registering utility receivers.
05-05 12:34:25.190 11576 11593 I ClientInputSettings: ReorientHMDOnControllerRecenter = true
05-05 12:34:25.190 11576 11593 D UE4     : [GameActivity] Registering volume receiver
05-05 12:34:25.190  1782  1782 I OVRMediaService: Got package name intent (com.YourCompany.ToysGame)
05-05 12:34:25.191 11576 11859 D UE4     : [2020.05.05-10.34.25:191][  0]LogHMD: Error: Splash ovrp_BeginFrame4 0 failed (-1003)
05-05 12:34:25.192 11576 11593 D UE4     : [GameActivity] startVolumeReceiver: 10
05-05 12:34:25.192 11576 11593 D UE4     : nativeVolumeEvent(10)
05-05 12:34:25.192 11576 11593 D UE4     : [GameActivity] Registering battery receiver
05-05 12:34:25.195 11576 11907 D VrApi   : targetSDKVersion 25
05-05 12:34:25.197 11576 11593 D UE4     : [GameActivity] Registering headset receiver
05-05 12:34:25.197 11576 11907 I JniUtils: ovr_GetCurrentPackageSignature 
05-05 12:34:25.198 11576 11593 D UE4     : [GameActivity] startHeadsetReceiver: 0
05-05 12:34:25.198 11576 11593 D UE4     : nativeHeadsetEvent(0)
05-05 12:34:25.198 11576 11593 D UE4     : [2020.05.05-10.34.25:198][  0]LogCore: Display: AppLifetime: Application has entered foreground
05-05 12:34:25.198 11576 11907 I Metrics : device name = Oculus Quest
05-05 12:34:25.198 11576 11593 D UE4     : [2020.05.05-10.34.25:198][  0]LogUdpMessaging: Initializing bridge on interface 0.0.0.0:0 to multicast group 230.0.0.1:6666.
05-05 12:34:25.200 11576 11593 D UE4     : [2020.05.05-10.34.25:200][  0]LogTcpMessaging: Initializing TcpMessaging bridge, listening on 127.0.0.1:6666
05-05 12:34:25.200 11576 11593 D UE4     : [2020.05.05-10.34.25:200][  0]LogCore: Display: AppLifetime: Application has reactivated
05-05 12:34:25.200 11576 11593 D UE4     : [2020.05.05-10.34.25:200][  0]LogTemp: Android resume audio
05-05 12:34:25.201 11576 11593 D UE4     : [2020.05.05-10.34.25:200][  0]LogAudioMixerAndroid: Display: Resuming android audio renderer
05-05 12:34:25.203 11576 11593 D UE4     : [2020.05.05-10.34.25:203][  0]LogOcInput: OculusInput is initialized
05-05 12:34:25.203 11576 11593 D UE4     : [2020.05.05-10.34.25:203][  0]LogHMD: FSplash::OnHide
05-05 12:34:25.203  2131  2282 I ClientMgr: DEADRECKONING deadReckoning mode on ClientMgr from server is 0
05-05 12:34:25.203  2145  2191 I GuardianSystem: rsapi_PollEvent: rsEventPackageNameChange: com.YourCompany.ToysGame
05-05 12:34:25.205  2131 11759 W TimeWarp: WarpToScreen: No completed frames to display for client 0. submittedFrameIndex = 174
05-05 12:34:25.205 11576 11860 D UE4     : *** JavaEnvDestructor: 11860
05-05 12:34:25.206  2121  2146 E Security-LocalReporter: UID '10043' is shared by multiple packages: [com.oculus.home, com.oculus.horizon]
05-05 12:34:25.206 11576 11859 D UE4     : *** JavaEnvDestructor: 11859
05-05 12:34:25.206 11576 11593 D UE4     : [2020.05.05-10.34.25:206][  0]LogAndroid: Display: Low Power Mode Changed: 0
05-05 12:34:25.210   549   596 D msm8974_platform: platform_split_snd_device: snd_device(2) new_snd_devices (speaker)
05-05 12:34:25.210   549   596 D ACDB-LOADER: ACDB -> send_audvoltable
05-05 12:34:25.210   549   596 D ACDB-LOADER: ACDB -> ACDB_CMD_GET_AUDPROC_GAIN_DEP_STEP_TABLE, vol index 3
05-05 12:34:25.211   549   596 D         : Failed to fetch the lookup information of the device 0000000F 
05-05 12:34:25.211   549   596 E ACDB-LOADER: Error: ACDB AudProc vol returned = -19
05-05 12:34:25.211   549   596 D ACDB-LOADER: ACDB -> AUDIO_SET_VOL_CAL cal type = 40
05-05 12:34:25.215 11576 11915 D UE4     : *** JavaEnvDestructor: 11915
05-05 12:34:25.215 11576 11914 D UE4     : *** JavaEnvDestructor: 11914
05-05 12:34:25.216  2121  2146 I LibraryProvider: running queryApp(com.YourCompany.ToysGame) for com.oculus.uid:10043
05-05 12:34:25.216  2121  2146 W LibraryProvider: Cannot find entitlement for com.YourCompany.ToysGame
05-05 12:34:25.216  1782  1782 W OVRLibrary: null cursor received for query content://com.oculus.ocms.library/apps/com.YourCompany.ToysGame
05-05 12:34:25.217 11576 11593 D UE4     : [2020.05.05-10.34.25:217][  0]LogHMD: Setting user focus to game viewport since session status is visible...
05-05 12:34:25.217 11576 11593 D OVRPlugin: User present: 1
05-05 12:34:25.217 11576 11916 D UE4     : [2020.05.05-10.34.25:217][  0]LogRenderer: Reallocating scene render targets to support 1216x1344 Format 2 NumSamples 2 (Frame:2).
05-05 12:34:25.217 11576 11916 D UE4     : [2020.05.05-10.34.25:217][  0]LogHMD: Allocating Oculus 38 x 42 variable resolution swapchain
05-05 12:34:25.219  2131 11759 W TimeWarp: WarpToScreen: No completed frames to display for client 0. submittedFrameIndex = 174
05-05 12:34:25.221 11576 11593 D UE4     : [2020.05.05-10.34.25:221][  0]LogSlate: InvalidateAllWidgets triggered.  All widgets were invalidated
05-05 12:34:25.233  2131 11759 W TimeWarp: WarpToScreen: No completed frames to display for client 0. submittedFrameIndex = 174
05-05 12:34:25.241  2121  2303 E Security-LocalReporter: UID '10043' is shared by multiple packages: [com.oculus.home, com.oculus.horizon]
05-05 12:34:25.247  2131 11759 W TimeWarp: WarpToScreen: No completed frames to display for client 0. submittedFrameIndex = 174
05-05 12:34:25.252  2121  2303 I LibraryProvider: running queryApp(com.YourCompany.ToysGame) for com.oculus.uid:10043
05-05 12:34:25.252  2121  2303 W LibraryProvider: Cannot find entitlement for com.YourCompany.ToysGame
05-05 12:34:25.252  1782  1782 W OVRLibrary: null cursor received for query content://com.oculus.ocms.library/apps/com.YourCompany.ToysGame
05-05 12:34:25.252  1782  1782 I PlatformPluginManager: onAppStart com.YourCompany.ToysGame false
05-05 12:34:25.252  1782  1782 I PlatformPluginManager: onAppStart - Stopping party chat passthrough
05-05 12:34:25.252  1782  1782 I PlatformPlugin: [PlatformPluginManager] SetSystemVoipPassthrough 0
05-05 12:34:25.252  1782  1782 I OVRPlatform: [PartyChatWebRTC] PartyChatSetPassthrough 0
05-05 12:34:25.253  1782 11712 I OVRPlatform: [PartyChatWebRTC] Updating playback mode to 1
05-05 12:34:25.253  1782  1782 I OVRPlatform: [PartiesAPI] ovr_Party_PluginGetSharedMemHandle: This function is deprecated, do not use
05-05 12:34:25.254  1782  1782 E OVRMediaServiceManager: LivestreamingManager Not initialized
05-05 12:34:25.261  2131 11759 W TimeWarp: WarpToScreen: No completed frames to display for client 0. submittedFrameIndex = 174
05-05 12:34:25.274  2131 11759 W TimeWarp: WarpToScreen: No completed frames to display for client 0. submittedFrameIndex = 174
05-05 12:34:25.288  2131 11759 W TimeWarp: WarpToScreen: No completed frames to display for client 0. submittedFrameIndex = 174
05-05 12:34:25.302  2131 11759 W TimeWarp: WarpToScreen: No completed frames to display for client 0. submittedFrameIndex = 174
05-05 12:34:25.316  2131 11759 W TimeWarp: WarpToScreen: No completed frames to display for client 0. submittedFrameIndex = 174
05-05 12:34:25.320  1782  1782 I PlatformPluginManager: enforcePartyChatStateConsistency - got current party response: Party is null
05-05 12:34:25.320  1782  1782 I PlatformPluginManager: enforcePartyChatStateConsistency - User not in a party.
05-05 12:34:25.320  1782  1782 I PlatformPluginManager: stopPartyChat
05-05 12:34:25.320  1782  1782 I PlatformPlugin: [PlatformPluginManager] Stopping party chat
05-05 12:34:25.320  1782  1782 I OVRPlatform: [PartyChatInterchangeable] StopPartyChat
05-05 12:34:25.330  2131 11759 W TimeWarp: WarpToScreen: No completed frames to display for client 0. submittedFrameIndex = 174
05-05 12:34:25.344  2131 11759 W TimeWarp: WarpToScreen: No completed frames to display for client 0. submittedFrameIndex = 174
05-05 12:34:25.358  2131 11759 W TimeWarp: WarpToScreen: No completed frames to display for client 0. submittedFrameIndex = 174
05-05 12:34:25.372  2131 11759 W TimeWarp: WarpToScreen: No completed frames to display for client 0. submittedFrameIndex = 174
05-05 12:34:25.386  2131 11759 W TimeWarp: WarpToScreen: No completed frames to display for client 0. submittedFrameIndex = 174
05-05 12:34:25.400  2131 11759 W TimeWarp: WarpToScreen: No completed frames to display for client 0. submittedFrameIndex = 174
05-05 12:34:25.414  2131 11759 W TimeWarp: WarpToScreen: No completed frames to display for client 0. submittedFrameIndex = 174
05-05 12:34:25.417 11576 11916 D UE4     : [2020.05.05-10.34.25:417][  0]LogRenderer: Reallocating scene render targets to support 128x128 Format 2 NumSamples 4 (Frame:2).
05-05 12:34:25.428  2131 11759 W TimeWarp: WarpToScreen: No completed frames to display for client 0. submittedFrameIndex = 174
05-05 12:34:25.439 11576 11916 D UE4     : Ensure condition failed: Layout == VK_IMAGE_LAYOUT_SHARED_PRESENT_KHR || Layout == VK_IMAGE_LAYOUT_DEPTH_READ_ONLY_STENCIL_ATTACHMENT_OPTIMAL || Layout == VK_IMAGE_LAYOUT_DEPTH_ATTACHMENT_STENCIL_READ_ONLY_OPTIMAL || Layout == VK_IMAGE_LAYOUT_DEPTH_STENCIL_READ_ONLY_OPTIMAL || Layout == VK_IMAGE_LAYOUT_SHADER_READ_ONLY_OPTIMAL || Layout == VK_IMAGE_LAYOUT_GENERAL [File:D:/Build/++UE4/Sync/Engine/Source/Runtime/VulkanRHI/Private/VulkanDescriptorSets.h] [Line: 1103] 
05-05 12:34:25.439 11576 11916 D UE4     : Invalid Layout 0, Index 2, Type 1
05-05 12:34:25.439 11576 11916 D UE4     : 
05-05 12:34:25.441  2131 11759 W TimeWarp: WarpToScreen: No completed frames to display for client 0. submittedFrameIndex = 174
05-05 12:34:25.447 11576 11916 D UE4     : [2020.05.05-10.34.25:447][  0]LogStats: FPlatformStackWalk::StackWalkAndDump -  0.009 s
05-05 12:34:25.447 11576 11916 D UE4     : [2020.05.05-10.34.25:447][  0]LogOutputDevice: Error: === Handled ensure: ===
05-05 12:34:25.448 11576 11916 D UE4     : [2020.05.05-10.34.25:448][  0]LogOutputDevice: Error: 
05-05 12:34:25.448 11576 11916 D UE4     : [2020.05.05-10.34.25:448][  0]LogOutputDevice: Error: Ensure condition failed: Layout == VK_IMAGE_LAYOUT_SHARED_PRESENT_KHR || Layout == VK_IMAGE_LAYOUT_DEPTH_READ_ONLY_STENCIL_ATTACHMENT_OPTIMAL || Layout == VK_IMAGE_LAYOUT_DEPTH_ATTACHMENT_STENCIL_READ_ONLY_OPTIMAL || Layout == VK_IMAGE_LAYOUT_DEPTH_STENCIL_READ_ONLY_OPTIMAL || Layout == VK_IMAGE_LAYOUT_SHADER_READ_ONLY_OPTIMAL || Layout == VK_IMAGE_LAYOUT_GENERAL [File:D:/Build/++UE4/Sync/Engine/Source/Runtime/VulkanRHI/Private/VulkanDescriptorSets.h] [Line: 1103]
05-05 12:34:25.448 11576 11916 D UE4     : [2020.05.05-10.34.25:448][  0]LogOutputDevice: Error: Invalid Layout 0, Index 2, Type 1
05-05 12:34:25.448 11576 11916 D UE4     : [2020.05.05-10.34.25:448][  0]LogOutputDevice: Error: 
05-05 12:34:25.448 11576 11916 D UE4     : [2020.05.05-10.34.25:448][  0]LogOutputDevice: Error: Stack: 
05-05 12:34:25.448 11576 11916 D UE4     : [2020.05.05-10.34.25:448][  0]LogOutputDevice: Error: [Callstack] 0x0000007F5FB80460 libUE4.so(0x0000000008C03460)!bool FVulkanDescriptorSetWriter::WriteTextureView<(VkDescriptorType)2>(unsigned int, FVulkanTextureView const&, VkImageLayout)::{lambda()#1}::operator()() const  []
05-05 12:34:25.448 11576 11916 D UE4     : [2020.05.05-10.34.25:448][  0]LogOutputDevice: Error: [Callstack] 0x0000007F5B8840B4 libUE4.so(0x00000000049070B4)!bool FVulkanDescriptorSetWriter::WriteTextureView<(VkDescriptorType)2>(unsigned int, FVulkanTextureView const&, VkImageLayout)  []
05-05 12:34:25.448 11576 11916 D UE4     : [2020.05.05-10.34.25:448][  0]LogOutputDevice: Error: [Callstack] 0x0000007F5B867784 libUE4.so(0x00000000048EA784)!FVulkanCommandListContext::RHISetShaderTexture(FRHIPixelShader*, unsigned int, FRHITexture*)  []
05-05 12:34:25.448 11576 11916 D UE4     : [2020.05.05-10.34.25:448][  0]LogOutputDevice: Error: [Callstack] 0x0000007F5D05300C libUE4.so(0x00000000060D600C)!FCopySceneColorToCubeFacePS::SetParameters(FRHICommandList&, FViewInfo const&, bool, bool, FLinearColor const&)  []
05-05 12:34:25.448 11576 11916 D UE4     : [2020.05.05-10.34.25:448][  0]LogOutputDevice: Error: [Callstack] 0x0000007F5D052D40 libUE4.so(0x00000000060D5D40)!CaptureSceneToScratchCubemap(FRHICommandListImmediate&, FSceneRenderer*, ECubeFace, int, bool, bool, FLinearColor const&)  []
05-05 12:34:25.448 11576 11916 D UE4     : [2020.05.05-10.34.25:448][  0]LogOutputDevice: Error: [Callstack] 0x0000007F5D0A84C8 libUE4.so(0x000000000612B4C8)![Unknown]()  []
05-05 12:34:25.448 11576 11916 D UE4     : [2020.05.05-10.34.25:448][  0]LogOutputDevice: Error: [Callstack] 0x0000007F5B93EE0C libUE4.so(0x00000000049C1E0C)!FNamedTaskThread::ProcessTasksNamedThread(int, bool)  []
05-05 12:34:25.448 11576 11916 D UE4     : [2020.05.05-10.34.25:448][  0]LogOutputDevice: Error: [Callstack] 0x0000007F5B93DD60 libUE4.so(0x00000000049C0D60)!FNamedTaskThread::ProcessTasksUntilQuit(int)  []
05-05 12:34:25.448 11576 11916 D UE4     : [2020.05.05-10.34.25:448][  0]LogOutputDevice: Error: [Callstack] 0x0000007F5C966B34 libUE4.so(0x00000000059E9B34)!RenderingThreadMain(FEvent*)  []
05-05 12:34:25.448 11576 11916 D UE4     : [2020.05.05-10.34.25:448][  0]LogOutputDevice: Error: [Callstack] 0x0000007F5C9B5BB4 libUE4.so(0x0000000005A38BB4)!FRenderingThread::Run()  []
05-05 12:34:25.448 11576 11916 D UE4     : [2020.05.05-10.34.25:448][  0]LogOutputDevice: Error: [Callstack] 0x0000007F5B9D6BD4 libUE4.so(0x0000000004A59BD4)!FRunnableThreadPThread::Run()  []
05-05 12:34:25.448 11576 11916 D UE4     : [2020.05.05-10.34.25:448][  0]LogOutputDevice: Error: [Callstack] 0x0000007F5B939FF4 libUE4.so(0x00000000049BCFF4)!FRunnableThreadPThread::_ThreadProc(void*)  []
05-05 12:34:25.448 11576 11916 D UE4     : [2020.05.05-10.34.25:448][  0]LogOutputDevice: Error: [Callstack] 0x0000007F82E98458 libc.so(0x0000000000076458)![Unknown]()  []
05-05 12:34:25.448 11576 11916 D UE4     : [2020.05.05-10.34.25:448][  0]LogOutputDevice: Error: [Callstack] 0x0000007F82E40208 libc.so(0x000000000001E208)![Unknown]()  []
05-05 12:34:25.448 11576 11916 D UE4     : [2020.05.05-10.34.25:448][  0]LogOutputDevice: Error: 
05-05 12:34:25.448 11576 11916 D UE4     : [2020.05.05-10.34.25:448][  0]LogStats:                SubmitErrorReport -  0.000 s
05-05 12:34:25.448 11576 11916 D UE4     : [2020.05.05-10.34.25:448][  0]LogStats:                    SendNewReport -  0.000 s
05-05 12:34:25.448 11576 11916 D UE4     : [2020.05.05-10.34.25:448][  0]LogStats:             FDebug::EnsureFailed -  0.010 s
05-05 12:34:25.455  2131 11759 W TimeWarp: WarpToScreen: No completed frames to display for client 0. submittedFrameIndex = 174
05-05 12:34:25.469  2131 11759 W TimeWarp: WarpToScreen: No completed frames to display for client 0. submittedFrameIndex = 174
05-05 12:34:25.483  2131 11759 W TimeWarp: WarpToScreen: No completed frames to display for client 0. submittedFrameIndex = 174
05-05 12:34:25.497  2131 11759 W TimeWarp: WarpToScreen: No completed frames to display for client 0. submittedFrameIndex = 174
05-05 12:34:25.511  2131 11759 W TimeWarp: WarpToScreen: No completed frames to display for client 0. submittedFrameIndex = 174
05-05 12:34:25.525  2131 11759 W TimeWarp: WarpToScreen: No completed frames to display for client 0. submittedFrameIndex = 174
05-05 12:34:25.539  2131 11759 W TimeWarp: WarpToScreen: No completed frames to display for client 0. submittedFrameIndex = 174
05-05 12:34:25.553  2131 11759 W TimeWarp: WarpToScreen: No completed frames to display for client 0. submittedFrameIndex = 174
