05-05 14:05:50.658  3507  5236 D APIInterceptor: X-OC-VrShell-Build-Name: 16.0.0.139.450
05-05 14:05:50.658  3507  5236 D APIInterceptor: User-Agent: Dalvik/2.1.0 (Linux; U; Android 7.1.1; Quest Build/NGI77B) [FBAN/OculusHomeShell;FBAV/16.0.0.138.450;FBDV/Quest;FBCR/null;FBLC/en_GB;FBSV/7.1.1;FBBD/oculus;FBBV/210938855;FBCA/armeabi-v7a:armeabi;FBMF/Oculus;FBPN/com.oculus.vrshell.home;]
05-05 14:05:50.658  3507  5238 D APIInterceptor: intercept modified headers:
05-05 14:05:50.658  3507  5236 D APIInterceptor: Accept-Language: en_GB
05-05 14:05:50.658  3507  5238 D APIInterceptor: Host: graph.oculus.com
05-05 14:05:50.658  3507  5238 D APIInterceptor: Connection: Keep-Alive
05-05 14:05:50.658  3507  5238 D APIInterceptor: Accept-Encoding: gzip
05-05 14:05:50.658  3507  5238 D APIInterceptor: X-Build-Model: Oculus Quest
05-05 14:05:50.658  3507  5238 D APIInterceptor: X-Build-Number: 210938855
05-05 14:05:50.658  3507  5238 D APIInterceptor: X-ANDROID-ID: 13720d2a49fddeae
05-05 14:05:50.658  3507  5238 D APIInterceptor: X-OC-Selected-Headset-Serial: 1PASH9BQ720132
05-05 14:05:50.658  3507  5238 D APIInterceptor: X-OC-VrShell-Build-Name: 16.0.0.139.450
05-05 14:05:50.658  3507  5238 D APIInterceptor: User-Agent: Dalvik/2.1.0 (Linux; U; Android 7.1.1; Quest Build/NGI77B) [FBAN/OculusHomeShell;FBAV/16.0.0.138.450;FBDV/Quest;FBCR/null;FBLC/en_GB;FBSV/7.1.1;FBBD/oculus;FBBV/210938855;FBCA/armeabi-v7a:armeabi;FBMF/Oculus;FBPN/com.oculus.vrshell.home;]
05-05 14:05:50.658  3507  5238 D APIInterceptor: Accept-Language: en_GB
05-05 14:05:50.658  3507  5237 D APIInterceptor: intercept modified headers:
05-05 14:05:50.658  3507  5237 D APIInterceptor: Host: graph.oculus.com
05-05 14:05:50.658  3507  5237 D APIInterceptor: Connection: Keep-Alive
05-05 14:05:50.658  3507  5237 D APIInterceptor: Accept-Encoding: gzip
05-05 14:05:50.658  3507  5237 D APIInterceptor: X-Build-Model: Oculus Quest
05-05 14:05:50.658  3507  5237 D APIInterceptor: X-Build-Number: 210938855
05-05 14:05:50.658  3507  5237 D APIInterceptor: X-ANDROID-ID: 13720d2a49fddeae
05-05 14:05:50.658  3507  5237 D APIInterceptor: X-OC-Selected-Headset-Serial: 1PASH9BQ720132
05-05 14:05:50.658  3507  5237 D APIInterceptor: X-OC-VrShell-Build-Name: 16.0.0.139.450
05-05 14:05:50.658  3507  5237 D APIInterceptor: User-Agent: Dalvik/2.1.0 (Linux; U; Android 7.1.1; Quest Build/NGI77B) [FBAN/OculusHomeShell;FBAV/16.0.0.138.450;FBDV/Quest;FBCR/null;FBLC/en_GB;FBSV/7.1.1;FBBD/oculus;FBBV/210938855;FBCA/armeabi-v7a:armeabi;FBMF/Oculus;FBPN/com.oculus.vrshell.home;]
05-05 14:05:50.658  3507  5237 D APIInterceptor: Accept-Language: en_GB
05-05 14:05:50.694  3507  5241 D APIInterceptor: intercept original headers:
05-05 14:05:50.694  3507  5241 D APIInterceptor: Host: graph.oculus.com
05-05 14:05:50.694  3507  5241 D APIInterceptor: Connection: Keep-Alive
05-05 14:05:50.694  3507  5241 D APIInterceptor: Accept-Encoding: gzip
05-05 14:05:50.694  3507  5241 D APIInterceptor: User-Agent: okhttp/3.6.0
05-05 14:05:50.696  3507  5241 D APIInterceptor: intercept modified headers:
05-05 14:05:50.696  3507  5241 D APIInterceptor: Host: graph.oculus.com
05-05 14:05:50.696  3507  5241 D APIInterceptor: Connection: Keep-Alive
05-05 14:05:50.696  3507  5241 D APIInterceptor: Accept-Encoding: gzip
05-05 14:05:50.696  3507  5241 D APIInterceptor: X-Build-Model: Oculus Quest
05-05 14:05:50.696  3507  5241 D APIInterceptor: X-Build-Number: 210938855
05-05 14:05:50.696  3507  5241 D APIInterceptor: X-ANDROID-ID: 13720d2a49fddeae
05-05 14:05:50.696  3507  5241 D APIInterceptor: X-OC-Selected-Headset-Serial: 1PASH9BQ720132
05-05 14:05:50.696  3507  5241 D APIInterceptor: X-OC-VrShell-Build-Name: 16.0.0.139.450
05-05 14:05:50.696  3507  5241 D APIInterceptor: User-Agent: Dalvik/2.1.0 (Linux; U; Android 7.1.1; Quest Build/NGI77B) [FBAN/OculusHomeShell;FBAV/16.0.0.138.450;FBDV/Quest;FBCR/null;FBLC/en_GB;FBSV/7.1.1;FBBD/oculus;FBBV/210938855;FBCA/armeabi-v7a:armeabi;FBMF/Oculus;FBPN/com.oculus.vrshell.home;]
05-05 14:05:50.696  3507  5241 D APIInterceptor: Accept-Language: en_GB
05-05 14:05:50.742  1823  1901 I [OAR] PanelAppAnalytics: Panel render last: 180578ms avg: 294515ms for com.oculus.vrshell.home/com.oculus.vrshell.home.LibraryService
05-05 14:05:50.771  2129  2154 I GuardianSystem: Guardian: GuardianCmdWithParms 7, 0, 0.000000
05-05 14:05:50.786  3507  3531 D OculusLogger: reportQuickExperimentExposure(sessionless__oculus_gaming_activity_universe, control, 102449717587751)
05-05 14:05:50.789  3507  3569 I OVR_MemBuffer: Couldn't open assets/oculus-apps-native/VrShell/Home/assets/icons/ellipsis_vertical_24x24.ktx: No such file or directory
05-05 14:05:50.833   715  4733 I [CT]    : MANAGEMENT:CONSTELLATION: Status=GREEN,, Obj=7745273921483883046,6DOF=1,FusJit=0.004mm,Issues(Cam/min=  0,IMU/min=0), Obj=4212769887286730484,6DOF=1,FusJit=0.0mm,Issues(Cam/min=  0,IMU/min=0)
05-05 14:05:50.883  3507  3531 D QuickPromotionModule: Signal trigger 'app_foreground'.
05-05 14:05:50.893  4590  4901 D UE4     : [2020.05.05-12.05.50:893][974]LogTcpMessaging: Lost node '15CE8C10432F4D5DF739A7A89F2600E0' on connection '127.0.0.1:40164'...
05-05 14:05:50.895  4590  4901 D UE4     : *** JavaEnvDestructor: 4901
05-05 14:05:50.954  4590  4885 I VrApi   : FPS=72,Prd=45ms,Tear=0,Early=4,Stale=0,VSnc=1,Lat=1,Fov=0,CPU4/GPU=2/4,1651/670MHz,OC=FF,TA=0/3/3,SP=N/N/N,Mem=1804MHz,Free=1350MB,PSM=0,PLS=0,Temp=31.0C/0.0C,TW=1.33ms,App=13.17ms,GD=0.00ms,CPU&GPU=16.90ms,LCnt=1,GPU%=0.88,CPU%=0.30(W0.43),DSF=1.00
05-05 14:05:50.967  3507  3531 D OculusLogger: reportQuickExperimentExposure(sessionless__oculus_gaming_activity_universe, control, 102449717587751)
05-05 14:05:50.983   715  4734 I [CT]    : VIPER:MAP_MANAGER: State: TRACKING_PERSISTENT, UUID=d18585e8-d288-4997-b6ff-78495c7eed6a, Num. Persistent maps = 1,  Persistent maps:d18585e8-d288-4997-b6ff-78495c7eed6a,, Ser. Disabled = 00000000-0000-0000-0000-000000000000
05-05 14:05:50.996  4590  4607 D UE4     : [2020.05.05-12.05.50:996][974]LogCore: Display: AppLifetime: Application will deactivate
05-05 14:05:50.997  4590  4898 D OVRPlugin: Leaving VR mode.
05-05 14:05:50.997  4590  4898 I GoCompatibility: GoCompatibility: vrapi_LeaveVrMode_Hooked()
05-05 14:05:50.997  4590  4898 I VrApi   : ---------- vrapi_LeaveVrMode [start] ----------
05-05 14:05:50.999  4590  4898 D VrApi   : targetSDKVersion 25
05-05 14:05:51.002  4590  4898 I VrRuntimeClient: DEVICE MODEL NUMBER = Quest
05-05 14:05:51.002  4590  4898 I VrRuntimeClient: DEVICE HARDWARE = monterey
05-05 14:05:51.002  4590  4898 I VrRuntimeClient: DEVICE BUILD NAME = user-602380.24900.0
05-05 14:05:51.002  4590  4898 I VrRuntimeClient: DEVICE BUILD TYPE = user
05-05 14:05:51.002  4590  4898 I VrRuntimeClient: DEVICE OS VERSION = 7.1.1
05-05 14:05:51.002  4590  4898 I VrRuntimeClient: VRRUNTIME VERSION = VRAPI_VERSION_BEGIN { 1.1.33.0-210938873-210938873 Apr 24 2020 16:11:35 Development } RELEASE
05-05 14:05:51.002  4590  4898 I VrRuntimeClient: API LOADER VERSION = 1.1.24.0
05-05 14:05:51.002  4590  4898 I VrRuntimeClient: VRDRIVER VERSION = 16.0.0.141.450
05-05 14:05:51.002  4590  4898 I VrRuntimeClient: APP NAME = ToysGame
05-05 14:05:51.002  4590  4898 I VrRuntimeClient: APP VERSION = 1.0 versionCode 1 internalVersionName <none>
05-05 14:05:51.002  4590  4898 I VrRuntimeClient: APP VR TYPE = vr_only
05-05 14:05:51.002  4590  4898 I VrRuntimeClient: APP PACKAGE NAME = com.YourCompany.ToysGame
05-05 14:05:51.002  4590  4898 I VrRuntimeClient: APP ACTIVITY CLASS = com.epicgames.ue4.GameActivity
05-05 14:05:51.003  4590  4898 D BatteryReceiver: Unregistering battery receiver
05-05 14:05:51.005  1823  5214 I VrApi   : FPS=73,Prd=45ms,Tear=0,Early=66,Stale=8,VSnc=1,Lat=1,Fov=0,CPU4/GPU=2/4,1651/670MHz,OC=FF,TA=0/E0/0,SP=N/F/N,Mem=1804MHz,Free=1350MB,PSM=0,PLS=0,Temp=31.0C/0.0C,TW=1.89ms,App=4.51ms,GD=0.00ms,CPU&GPU=8.29ms,LCnt=4,GPU%=0.42,CPU%=0.05(W0.10),DSF=1.00
05-05 14:05:51.016  4590  4885 D VrApi   : targetSDKVersion 25
05-05 14:05:51.018  4590  4885 I VrApi   : FPS=72,Prd=45ms,Tear=0,Early=4,Stale=0,VSnc=1,Lat=1,Fov=0,CPU4/GPU=2/4,1651/670MHz,OC=FF,TA=0/3/3,SP=N/N/N,Mem=1804MHz,Free=1350MB,PSM=0,PLS=0,Temp=31.0C/0.0C,TW=1.33ms,App=13.17ms,GD=0.00ms,CPU&GPU=16.90ms,LCnt=1,GPU%=0.88,CPU%=0.30(W0.43),DSF=1.00
05-05 14:05:51.019  4590  4898 I VrApi   : OVR::Stats thread stopped
05-05 14:05:51.019  4590  4898 I InputDeviceManager: ovrInputDeviceManager::Shutdown
05-05 14:05:51.024   715  4734 I [CT]    : VIPER: Status=6DoF,TRACKING,KF=138,Inl=407,Pts=494,Jit=0.1mm,Issues(Cam/min=0.0,IMU/min=0.0),Exp=(5.6ms,g=6.0,I=74)(4.6ms,g=3.0,I=68)(5.6ms,g=6.0,I=65)(5.1ms,g=4.0,I=68)
05-05 14:05:51.028  4590  4884 I InputHooks_Internal: InputHooksThreadRun ShutdownRequest received
05-05 14:05:51.030  4590  4898 I InputHooks_Internal: Disabling Native Input Hooks
05-05 14:05:51.032  2121  2311 D VrRuntimeService: this client: 4590:com.YourCompany.ToysGame
05-05 14:05:51.033  2121  2311 D VrRuntimeService: enableRendering: clientWindow: null enable: false
05-05 14:05:51.033  2121  2311 I ClientMgr: ClientMgr::EnableRendering 4590:com.YourCompany.ToysGame : type 0 : disable
05-05 14:05:51.033  4590  4900 I VrRuntimeClient: FenceChecker::MainLoop - ended
05-05 14:05:51.033  4590  4898 I BufferObject: ovrBufferObjectFactory::Unimport unmapping Vulkan memory
05-05 14:05:51.033  4590  4898 I BufferObject: ovrBufferObjectFactory::Unimport destroying Vulkan buffer=546581637888
05-05 14:05:51.034  4590  4898 I BufferObject: ovrBufferObjectFactory::Unimport freeing Vulkan memory=546476124224
05-05 14:05:51.034  4590  4898 I TrackingServiceClient: OVR::TrackingService::ClientSetInterface
05-05 14:05:51.034  4590  4898 D TrackingServiceClient: onClientDisconnect
05-05 14:05:51.034  4590  4898 D TrackingServiceConnectionNative: onClientDisconnect
05-05 14:05:51.034   715   771 I TrackingService: Unregistering client by ITrackingService.unregisterClient
05-05 14:05:51.034   715   771 I TrackingService: TrackingServiceHost Unregistering client: pid 4590
05-05 14:05:51.035  4590  4898 D BinderConnection: Disconnecting from TrackingService service
05-05 14:05:51.035  4590  4898 D TrackingServiceConnectionNative: onDisconnected
05-05 14:05:51.035  4590  4898 D TrackingServiceClient: TrackingServiceConnection mConnectedRemotes.clear()
05-05 14:05:51.035  4590  4898 I TrackingServiceClient: OVR::TrackingService::ClientSetInterface
05-05 14:05:51.036  4590  4898 I VrApi   : ---------- vrapi_LeaveVrMode [end] ----------
05-05 14:05:51.036  4590  4607 D UE4     : [GameActivity] Unregistering volume receiver
05-05 14:05:51.037  4590  4607 D UE4     : [GameActivity] Unregistering battery receiver
05-05 14:05:51.037  4590  4607 D UE4     : [GameActivity] Unregistering headset receiver
05-05 14:05:51.038  4590  4607 D UE4     : [2020.05.05-12.05.51:038][974]LogCore: Display: AppLifetime: Application will enter background
05-05 14:05:51.038  4590  4607 D UE4     : [2020.05.05-12.05.51:038][974]LogTemp: Android pause audio
05-05 14:05:51.039  4590  4607 D UE4     : [2020.05.05-12.05.51:039][974]LogAudioMixerAndroid: Display: Suspending android audio renderer
05-05 14:05:51.040  4590  4608 D UE4     : [2020.05.05-12.05.51:040][974]LogAndroid: Blocking renderer on invalid window.
05-05 14:05:51.040  4590  4608 D UE4     : [2020.05.05-12.05.51:040][974]LogAndroid: Waiting for renderer to encounter blocking command.
05-05 14:05:51.040  4590  4607 D UE4     : [2020.05.05-12.05.51:040][974]LogHMD: Error: ovrp_WaitToBeginFrame 11974 failed (-1003)
05-05 14:05:51.040  4590  4607 W VrApi   : vrapi_WaitFrame: ovr->Destroyed
05-05 14:05:51.040  4590  4607 W VrApi   : vrapi_GetPredictedDisplayTime: ovr->Destroyed
05-05 14:05:51.040  4590  4607 W VrApi   : vrapi_GetPredictedTracking2: ovr->Destroyed
05-05 14:05:51.040  4590  4607 W VrApi   : vrapi_GetPredictedTracking2: ovr->Destroyed
05-05 14:05:51.040  4590  4898 D UE4     : [2020.05.05-12.05.51:040][974]LogAndroid: Blocking renderer
05-05 14:05:51.040  4590  4898 D UE4     : [2020.05.05-12.05.51:040][974]LogAndroid: RendererBlock release window callback
05-05 14:05:51.041  4590  4898 D UE4     : [2020.05.05-12.05.51:040][974]LogVulkanRHI: Destroy swapchain ... 
05-05 14:05:51.043  2121  2305 I ClientMgr: Non-overlay clients rendering status has changed: prev=19, curr=20, enabled=2
05-05 14:05:51.045  4590  4608 D UE4     : LogAndroidEvents::EnqueueAppEvent : 13, [width=-1, height=-1], tid = 4608, APP_EVENT_STATE_APP_SUSPENDED
05-05 14:05:51.045  4590  4608 D UE4     : Case APP_CMD_TERM_WINDOW, tid = 4608
05-05 14:05:51.045  4590  4608 D UE4     : [2020.05.05-12.05.51:045][974]LogAndroid: Case APP_CMD_TERM_WINDOW
05-05 14:05:51.045  4590  4608 D UE4     : LogAndroidEvents::EnqueueAppEvent : 3, [width=-1, height=-1], tid = 4608, APP_EVENT_STATE_WINDOW_DESTROYED
05-05 14:05:51.049  4590  4607 D UE4     : [2020.05.05-12.05.51:049][975]LogAndroidEvents: Display: LogAndroidEvents::DequeueAppEvent : 13, [width=-1, height=-1], APP_EVENT_STATE_APP_SUSPENDED
05-05 14:05:51.049  4590  4607 D UE4     : FAppEventManager::Tick processing, 13
05-05 14:05:51.049  4590  4607 D UE4     : Execution will be paused...
05-05 14:05:51.049  4590  4607 D UE4     : [2020.05.05-12.05.51:049][975]LogAndroidEvents: Display: LogAndroidEvents::DequeueAppEvent : 3, [width=-1, height=-1], APP_EVENT_STATE_WINDOW_DESTROYED
05-05 14:05:51.050  4590  4607 D UE4     : FAppEventManager::Tick processing, 3
05-05 14:05:51.050  4590  4607 D UE4     : APP_EVENT_STATE_WINDOW_DESTROYED, 0, 0, 0
05-05 14:05:51.050  4590  4607 D UE4     : FAppEventManager::Tick EventHandlerEvent Wait 
05-05 14:05:51.050  4590  4607 D UE4     : FAppEventManager::Tick EventHandlerEvent DONE Wait 
05-05 14:05:51.073  4590  4608 D UE4     : [2020.05.05-12.05.51:072][975]LogAndroid: Case APP_CMD_SAVE_STATE
05-05 14:05:51.073  4590  4608 D UE4     : LogAndroidEvents::EnqueueAppEvent : 12, [width=-1, height=-1], tid = 4608, APP_EVENT_STATE_SAVE_STATE
05-05 14:05:51.074  4590  4608 D UE4     : [2020.05.05-12.05.51:074][975]LogAndroid: Case APP_CMD_STOP
05-05 14:05:51.074  4590  4608 D UE4     : LogAndroidEvents::EnqueueAppEvent : 8, [width=-1, height=-1], tid = 4608, APP_EVENT_STATE_ON_STOP
05-05 14:05:51.075  4590  4590 D UE4     : [GameActivity] ==============> GameActive.onStop complete!
05-05 14:05:51.075  4590  4590 D UE4     : [GameActivity] ==============> GameActive.onTrimMemory(TRIM_MEMORY_UI_HIDDEN) called!
05-05 14:05:51.075  4590  4590 V UE4     : [GameApp] App in background
05-05 14:05:51.075  4590  4590 D SystemActivitiesReceiver: SystemActivityReceiver.onReceive intent:Intent { act=com.oculus.system_activity flg=0x10 pkg=com.YourCompany.ToysGame (has extras) }
05-05 14:05:51.076  4590  4590 D SystemActivitiesReceiver: fromPackageName: 'com.oculus.vrshell'
05-05 14:05:51.076  4590  4590 D SystemActivitiesReceiver: command: '{"Command":"exitToHome","PlatformUIVersion":4,"ToPackage":"com.YourCompany.ToysGame"}'
05-05 14:05:51.076  4590  4590 D SystemActivitiesReceiver: uri: ''
05-05 14:05:51.079  4590  4590 D TrustedSignatureVerifier: Checking app signature for com.oculus.vrshell
05-05 14:05:51.080  4590  4590 D SystemActivitiesReceiver: App is trusted
05-05 14:05:51.081  4590  4590 I SystemUtils_Internal: nativeSystemActivityIntent in 'com.YourCompany.ToysGame': 'com.oculus.vrshell' '{"Command":"exitToHome","PlatformUIVersion":4,"ToPackage":"com.YourCompany.ToysGame"}' ''
05-05 14:05:51.081  4590  4590 I SystemUtils_Internal: finish() - exit to Home
05-05 14:05:51.082  4590  4590 W art     : Attempt to remove non-JNI local reference, dumping thread
05-05 14:05:51.082  4590  4590 W art     : Attempt to remove non-JNI local reference, dumping thread
05-05 14:05:51.082  4590  4590 W art     : Attempt to remove non-JNI local reference, dumping thread
05-05 14:05:51.083  4590  4590 D SystemActivitiesReceiver: SystemActivityReceiver.onReceive intent:Intent { act=com.oculus.system_activity flg=0x10 pkg=com.YourCompany.ToysGame (has extras) }
05-05 14:05:51.083  4590  4590 D SystemActivitiesReceiver: fromPackageName: 'com.oculus.vrshell'
05-05 14:05:51.083  4590  4590 D SystemActivitiesReceiver: command: '{"Command":"returnToLauncher","PlatformUIVersion":4,"ToPackage":"com.YourCompany.ToysGame"}'
05-05 14:05:51.083  4590  4590 D SystemActivitiesReceiver: uri: ''
05-05 14:05:51.089  4590  4590 I SystemUtils_Internal: nativeSystemActivityIntent in 'com.YourCompany.ToysGame': 'com.oculus.vrshell' '{"Command":"returnToLauncher","PlatformUIVersion":4,"ToPackage":"com.YourCompany.ToysGame"}' ''
05-05 14:05:51.089  4590  4590 I SystemUtils_Internal: ovrSystemUtils::AddEvent: queued event '{"Command":"returnToLauncher","PlatformUIVersion":4,"ToPackage":"com.YourCompany.ToysGame"}'
05-05 14:05:51.089  4590  4590 W art     : Attempt to remove non-JNI local reference, dumping thread
05-05 14:05:51.089  4590  4590 W art     : Attempt to remove non-JNI local reference, dumping thread
05-05 14:05:51.089  4590  4590 W art     : Attempt to remove non-JNI local reference, dumping thread
05-05 14:05:51.092  4590  4590 D ContextHelper: shouldSkipFinish: activity=com.epicgames.ue4.GameActivity@856ebe3
05-05 14:05:51.093  4590  4590 D ContextHelper: activity=com.epicgames.ue4.GameActivity@856ebe3, resumed=false
05-05 14:05:51.093  4590  4590 D ContextHelper: Calling finish() on com.epicgames.ue4.GameActivity@856ebe3
05-05 14:05:51.107  4590  4590 D UE4     : [GameActivity] onDestroy: destroy memoryHandlerThread
05-05 14:05:51.107  4590  4608 D UE4     : [2020.05.05-12.05.51:107][975]LogAndroid: Case APP_CMD_INPUT_CHANGED
05-05 14:05:51.107  4590  4608 D UE4     : [2020.05.05-12.05.51:107][975]LogAndroid: Case APP_CMD_DESTROY
05-05 14:05:51.108  4590  4608 D UE4     : LogAndroidEvents::EnqueueAppEvent : 15, [width=-1, height=-1], tid = 4608, APP_EVENT_RUN_CALLBACK
05-05 14:05:51.108  4590  4608 D UE4     : LogAndroidEvents::EnqueueAppEvent : 5, [width=-1, height=-1], tid = 4608, APP_EVENT_STATE_ON_DESTROY
05-05 14:05:51.121  4590  4608 I art     : System.exit called, status: 0
05-05 14:05:51.121  4590  4608 I AndroidRuntime: VM exiting with result code 0, cleanup skipped.
05-05 14:05:51.162  3507  3531 D OculusLogger: reportQuickExperimentExposure(sessionless__oculus_gaming_activity_universe, control, 102449717587751)
05-05 14:05:51.496  3507  3531 I RvrPnl  : FPS=71.2604/112.686/47.5542, MSPF=0.014033/8.87422/21.0286, MEMALLOC=16.1955
05-05 14:05:51.731  3507  3531 D OculusLogger: reportQuickExperimentExposure(sessionless__oculus_gaming_activity_universe, control, 102449717587751)
05-05 14:05:51.750  1061  1148 W InputDispatcher: channel 'd67c064 com.YourCompany.ToysGame/com.epicgames.ue4.GameActivity (server)' ~ Consumer closed input channel or an error occurred.  events=0x9
05-05 14:05:51.750  1061  1148 E InputDispatcher: channel 'd67c064 com.YourCompany.ToysGame/com.epicgames.ue4.GameActivity (server)' ~ Channel is unrecoverably broken and will be disposed!
05-05 14:05:51.752  2129  2156 D VrGuardianService: VrGuardianService: binderDied: com.YourCompany.ToysGame
05-05 14:05:51.753  2121  2141 D VrRuntimeService: VrRuntimeService: binderDied: com.YourCompany.ToysGame
05-05 14:05:51.753  2121  2141 D VrRuntimeService: VrRuntimeService: destroyClientInternal: com.YourCompany.ToysGame, pid: 4590, window: null
05-05 14:05:51.753  2121  2141 I ClientMgr: ClientMgr::DestroyClient: 4590:com.YourCompany.ToysGame
05-05 14:05:51.753  1061  1247 D ConnectivityService: ConnectivityService NetworkRequestInfo binderDied(NetworkRequest [ LISTEN id=9, [ Capabilities: NOT_RESTRICTED&TRUSTED&NOT_VPN&FOREGROUND] ], android.os.BinderProxy@4238a49)
05-05 14:05:51.753  2121  2141 I ClientMgr: ClientMgr::DestroyClient Destroying 2 swapchains for 4590:com.YourCompany.ToysGame
05-05 14:05:51.753  2121  2141 I ClientMgr: ClientMgr::DestroyClient: non-deferred ShutdownResources: 11967 == 11967 
05-05 14:05:51.754  2121  2141 I BufferObject: ovrBufferObjectFactory::Shutdown
05-05 14:05:51.754  1061  1520 I ActivityManager: Process com.YourCompany.ToysGame (pid 4590) has died
05-05 14:05:51.754  1061  1605 I WindowManager: WIN DEATH: Window{d67c064 u0 com.YourCompany.ToysGame/com.epicgames.ue4.GameActivity}
05-05 14:05:51.754  1061  1605 W InputDispatcher: Attempted to unregister already unregistered input channel 'd67c064 com.YourCompany.ToysGame/com.epicgames.ue4.GameActivity (server)'
05-05 14:05:51.754  1061  1605 W WindowManager: Force-removing child win Window{4ba4f4e u0 SurfaceView - com.YourCompany.ToysGame/com.epicgames.ue4.GameActivity} from container Window{d67c064 u0 com.YourCompany.ToysGame/com.epicgames.ue4.GameActivity}
05-05 14:05:51.754  1061  1520 D ActivityManager: cleanUpApplicationRecord -- 4590
05-05 14:05:51.754  1061  1087 D GraphicsStats: Buffer count: 3
05-05 14:05:51.755  2121  2141 I BufferObject: ovrBufferObjectFactory: closing fd=89
05-05 14:05:51.755  2121  2141 I BufferObject: ovrBufferObjectFactory: unmapping Vulkan memory
05-05 14:05:51.755  2121  2141 I BufferObject: ovrBufferObjectFactory: destroying Vulkan buffer=547335481216
05-05 14:05:51.756  2121  2141 I BufferObject: ovrBufferObjectFactory: freeing Vulkan memory=547335623104
05-05 14:05:51.756  1061  1164 E ConnectivityService: RemoteException caught trying to send a callback msg for NetworkRequest [ LISTEN id=9, [ Capabilities: NOT_RESTRICTED&TRUSTED&NOT_VPN&FOREGROUND] ]
05-05 14:05:51.759  1061  1406 W WindowManager: Failed looking up window callers=com.android.server.wm.WindowManagerService.windowForClientLocked:9473 com.android.server.wm.WindowState$DeathRecipient.binderDied:1808 android.os.BinderProxy.sendDeathNotice:744 
05-05 14:05:51.759  1061  1406 I WindowManager: WIN DEATH: null
05-05 14:05:51.761  3507  3531 D OculusLogger: reportQuickExperimentExposure(sessionless__oculus_gaming_activity_universe, control, 102449717587751)
05-05 14:05:51.956  3507  3531 D OculusLogger: reportQuickExperimentExposure(sessionless__oculus_gaming_activity_universe, control, 102449717587751)
05-05 14:05:51.997  3507  3531 D OculusLogger: reportQuickExperimentExposure(sessionless__oculus_gaming_activity_universe, control, 102449717587751)
05-05 14:05:52.005  1823  5214 I VrApi   : FPS=71,Prd=45ms,Tear=0,Early=67,Stale=2,VSnc=1,Lat=1,Fov=0,CPU4/GPU=2/4,1651/670MHz,OC=FF,TA=0/E0/0,SP=N/F/N,Mem=1804MHz,Free=1478MB,PSM=0,PLS=0,Temp=31.0C/0.0C,TW=2.11ms,App=6.18ms,GD=0.00ms,CPU&GPU=10.34ms,LCnt=4,GPU%=0.56,CPU%=0.22(W0.30),DSF=1.00
05-05 14:05:52.249  3507  3562 I RCTVRNET: Request complete: time=1760 name=unknown docid= traceid=FtYFGLxR+Pw code=200
05-05 14:05:52.270  3507  3562 I RCTVRNET: Request complete: time=541 name=OCRelayNetwork_LibraryAppListingContextMenuContainerQuery docid=2265761633528945 traceid=FKONb/6Ulff code=200
05-05 14:05:52.270  3507  3562 I RCTVRNET: Request complete: time=310 name=OCRelayNetwork_LibraryAppListingContextMenuContainerQuery docid=2265761633528945 traceid=HSY0QJMvP9g code=200
05-05 14:05:52.349  3507  3562 I RCTVRNET: Request complete: time=1375 name=OCRelayNetwork_LibraryAppListingContextMenuContainerQuery docid=2265761633528945 traceid=D/XUsMEZU8P code=200
05-05 14:05:52.398  1823  2391 I OVRPlatform: [CurlHttpClient] Executing HTTP request: https://graph.oculus.com//v1.20/me?fields=current_party{id,leader{id},join_policy,users{id,alias,can_viewer_message,display_name,profile_url,profile_url_small,presence,presence_status,presence_app{id,package_name},presence_deeplink_joinable,presence_deeplink_message,presence_destination_api_name,presence_scoped_user_id,avatar_v2{avatar_image{uri}}},invited_users{id,alias,can_viewer_message,display_name,profile_url,profile_url_small,presence,presence_status,presence_app{id,package_name},avatar_v2{avatar_image{uri}}}}&app_version=210946745
05-05 14:05:52.479  3507  3562 I RCTVRNET: Request complete: time=1686 name=OCRelayNetwork_LibraryAppListingContextMenuContainerQuery docid=2265761633528945 traceid=Hm3J0uxxJ1B code=200
05-05 14:05:52.498  3507  3531 I RvrPnl  : FPS=71.8239/95.3199/58.1883, MSPF=0.013923/10.491/17.1856, MEMALLOC=16.1955
05-05 14:05:52.577  2100  5266 I LibraryStorage: Successfully saved 14 entitlements. Total entitlements: 14. Notifying: 0
05-05 14:05:52.580  1823  2392 I OVRPlatform: [HttpRequest] Request `me?fields=current_party{id,leader{id},join_policy,users{id,alias,can_viewer_message,display_name,profile_url,profile_url_small,presence,presence_status,presence_app{id,package_name},presence_deeplink_joinable,presence_deeplink_message,presence_destination_api_name,presence_scoped_user_id,avatar_v2{avatar_image{uri}}},invited_users{id,alias,can_viewer_message,display_name,profile_url,profile_url_small,presence,presence_status,presence_app{id,package_name},avatar_v2{avatar_image{uri}}}}' (id: 1338) succeeded: {"id":"102449717587751"}
05-05 14:05:52.580  1823  2392 I OVRPlatform: [RequestStopwatch] HttpRequestAsync (me?fields=current_party{id,leader{id},join_policy,users{id,alias,can_viewer_message,display_name,profile_url,profile_url_small,presence,presence_status,presence_app{id,package_name},presence_deeplink_joinable,presence_deeplink_message,presence_destination_api_name,presence_scoped_user_id,avatar_v2{avatar_image{uri}}},invited_users{id,alias,can_viewer_message,display_name,profile_url,profile_url_small,presence,presence_status,presence_app{id,package_name},avatar_v2{avatar_image{uri}}}}) took 182.7300 milliseconds
05-05 14:05:52.592  1823  1901 I [OAR] PartyManager: Party Response Parse Time: 0.067344ms
05-05 14:05:52.644  1439  5270 I OSUpdateService: Intent with action system_battery_changed
05-05 14:05:52.813   715  4717 I [CT]    : L:Behavior:AtRest: activated
05-05 14:05:52.813   715  4717 I [CT]    : AdHocPatch: [Left] t = 185.794s, behavior transition: None -> AtRest at 185.845s
05-05 14:05:52.833   715  4717 I [CT]    : L:Behavior:AtRest: deactivated
05-05 14:05:52.833   715  4717 I [CT]    : AdHocPatch: [Left] t = 185.814s, behavior transition: AtRest -> None at 185.865s
