05-07 11:49:10.794 14418 14436 D UE4     : [2020.05.07-09.49.10:794][993]LogAndroid: AndroidEGL::  SuspendApp_EventThread, waiting for event manager to process. tid: 14436
05-07 11:49:10.794 14418 14418 D UE4     : [GameActivity] ==============> GameActive.onPause complete!
05-07 11:49:10.795 14418 14435 D UE4     : [2020.05.07-09.49.10:795][994]LogAndroidEvents: Display: LogAndroidEvents::DequeueAppEvent : 10, [width=-1, height=-1], APP_EVENT_STATE_WINDOW_LOST_FOCUS
05-07 11:49:10.795 14418 14435 D UE4     : FAppEventManager::Tick processing, 10
05-07 11:49:10.795 14418 14435 D UE4     : [2020.05.07-09.49.10:795][994]LogAndroidEvents: Display: LogAndroidEvents::DequeueAppEvent : 6, [width=-1, height=-1], APP_EVENT_STATE_ON_PAUSE
05-07 11:49:10.795 14418 14435 D UE4     : FAppEventManager::Tick processing, 6
05-07 11:49:10.795 14418 14435 D UE4     : [2020.05.07-09.49.10:795][994]LogVulkanRHI: FVulkanPipelineStateCacheManager: skipped saving because we only save if the PSOFC based one failed to load.
05-07 11:49:10.795 14418 14435 D UE4     : [2020.05.07-09.49.10:795][994]LogAndroidEvents: Display: LogAndroidEvents::DequeueAppEvent : 15, [width=-1, height=-1], APP_EVENT_RUN_CALLBACK
05-07 11:49:10.795 14418 14435 D UE4     : FAppEventManager::Tick processing, 15
05-07 11:49:10.795 14418 14435 D UE4     : [2020.05.07-09.49.10:795][994]LogAndroidEvents: Display: Event thread callback running.
05-07 11:49:10.795 14418 14435 D UE4     : [2020.05.07-09.49.10:795][994]LogAndroid: performing app backgrounding callback. 0x7f5bf8b2e0
05-07 11:49:10.796  2116 14507 V Appshot : Appshot client set to com.YourCompany.ToysGame
05-07 11:49:10.798  2116 14507 I CaptureSurfaceManager: Capture NativeWindow: 768 x 768 fmt 1
05-07 11:49:10.798  2116 14507 I CaptureSurfaceManager: Surface Size 768x768
05-07 11:49:10.801  2116 14507 I Distortion: SetLensPositions - iad=0.063, left offset=0.000250001,0, right offset=-0.000250001,0
05-07 11:49:10.801  2116 14507 I DistortionMesh: LoadDistortionMeshFromMemory
05-07 11:49:10.821  1840  1840 D [OAR] MainActivity: onNewIntent()
05-07 11:49:10.821  1840  1902 I [OAR] ShellApp: 0xce197358 msg: intent
05-07 11:49:10.821  1840  1902 I [OAR] SystemUXController: System UX, targetComponent = systemux://dialog/exit, uri = , returnComponent = com.YourCompany.ToysGame/com.epicgames.ue4.GameActivity
05-07 11:49:10.821  1840  1902 I [OAR] DialogControllerManager: Dialog parsed URI, scheme = systemux, host = dialog, path = exit
05-07 11:49:10.821  1840  1902 I [OAR] DialogControllerManager: Queuing pending dialog systemux://dialog/exit - command uri systemux://dialog/exit
05-07 11:49:10.821  1840  1902 I [OAR] SystemUXController: Registering pending Dialog launch for 10 - overwriting existing launch? false.
05-07 11:49:10.823  1778  9568 E Parcel  : Reading a NULL string not supported here.
05-07 11:49:10.823  1778  1791 E Parcel  : Reading a NULL string not supported here.
05-07 11:49:10.824  1778 12755 E Parcel  : Reading a NULL string not supported here.
05-07 11:49:10.825  1778  1909 E Parcel  : Reading a NULL string not supported here.
05-07 11:49:10.825  1778  4031 E Parcel  : Reading a NULL string not supported here.
05-07 11:49:10.826  1778  1913 E Parcel  : Reading a NULL string not supported here.
05-07 11:49:10.826  1778  1913 E Parcel  : Reading a NULL string not supported here.
05-07 11:49:10.826  1778  1913 E Parcel  : Reading a NULL string not supported here.
05-07 11:49:10.826  1778  1913 E Parcel  : Reading a NULL string not supported here.
05-07 11:49:10.826  1778  1913 E Parcel  : Reading a NULL string not supported here.
05-07 11:49:10.826  1778  1793 E Parcel  : Reading a NULL string not supported here.
05-07 11:49:10.829  1778 11532 E Parcel  : Reading a NULL string not supported here.
05-07 11:49:10.829  1778  4713 E Parcel  : Reading a NULL string not supported here.
05-07 11:49:10.830  1778 14566 E Parcel  : Reading a NULL string not supported here.
05-07 11:49:10.830  1778 12866 E Parcel  : Reading a NULL string not supported here.
05-07 11:49:10.832  1778 11532 D AudioRecord: updateAppOpsRecordAudio: checkOp OP_RECORD_AUDIO for com.oculus.horizon returns: 0 (ALLOWED)
05-07 11:49:10.836  1778 11690 E Parcel  : Reading a NULL string not supported here.
05-07 11:49:10.836  1778 11690 E Parcel  : Reading a NULL string not supported here.
05-07 11:49:10.836  1778 11690 E Parcel  : Reading a NULL string not supported here.
05-07 11:49:10.837  1778 11690 E Parcel  : Reading a NULL string not supported here.
05-07 11:49:10.838 14418 14431 E Parcel  : Reading a NULL string not supported here.
05-07 11:49:10.839  1778  1913 E Parcel  : Reading a NULL string not supported here.
05-07 11:49:10.839  1778  1909 E Parcel  : Reading a NULL string not supported here.
05-07 11:49:10.839  1778  1793 E Parcel  : Reading a NULL string not supported here.
05-07 11:49:10.839 14418 14431 D AudioTrack: updateAppOpsPlayAudio: checkOp OP_PLAY_AUDIO for com.YourCompany.ToysGame returns: 1 (IGNORED)
05-07 11:49:10.839 14418 14431 I AudioTrack: updateAppOpsPlayAudio: pausing audio thread
05-07 11:49:10.839 14418 14431 E Parcel  : Reading a NULL string not supported here.
05-07 11:49:10.841  1778  1918 E Parcel  : Reading a NULL string not supported here.
05-07 11:49:10.841  1778 14566 E Parcel  : Reading a NULL string not supported here.
05-07 11:49:10.841  1778 10205 E Parcel  : Reading a NULL string not supported here.
05-07 11:49:10.841  1778 12866 E Parcel  : Reading a NULL string not supported here.
05-07 11:49:10.841  1778  4031 E Parcel  : Reading a NULL string not supported here.
05-07 11:49:10.841  1778  1791 E Parcel  : Reading a NULL string not supported here.
05-07 11:49:10.841  1778 12755 E Parcel  : Reading a NULL string not supported here.
05-07 11:49:10.842  1778 11532 E Parcel  : Reading a NULL string not supported here.
05-07 11:49:10.842  1840  1840 D [OAR] MainActivity: onResume()
05-07 11:49:10.842  1778 12755 D AudioRecord: updateAppOpsRecordAudio: checkOp OP_RECORD_AUDIO for com.oculus.horizon returns: 0 (ALLOWED)
05-07 11:49:10.843  2116 14516 V Appshot : SendAppshotToShell
05-07 11:49:10.844 14418 14431 D AudioTrack: updateAppOpsPlayAudio: checkOp OP_PLAY_AUDIO for com.YourCompany.ToysGame returns: 1 (IGNORED)
05-07 11:49:10.844 14418 14431 E Parcel  : Reading a NULL string not supported here.
05-07 11:49:10.846  1840  1902 I [OAR] ShellApp: 0xce197358 msg: resume
05-07 11:49:10.872  1840  1840 D [OAR] MainActivity: com.oculus.vrshell.MainActivity@f47c91a surfaceCreated()
05-07 11:49:10.872  1840  1840 I [OAR] ShellMain:     looperMessageQueue->PostPrintf("surfaceCreated 0xdcdc1008")
05-07 11:49:10.872  1840  1840 D [OAR] MainActivity: com.oculus.vrshell.MainActivity@f47c91a surfaceChanged() format: 4 width: 2880 height: 1600
05-07 11:49:10.872  1840  1840 I [OAR] ShellMain:     ANativeWindow_release(newNativeWindow)
05-07 11:49:10.872  1840  1902 I [OAR] ShellApp: 0xce197358 msg: surfaceCreated 0xdcdc1008
05-07 11:49:10.872  1840  1902 I [OAR] ShellApp: ---------- ShellApp::EnterVrMode() ----------
05-07 11:49:10.872  1840  1902 I [OAR] VrPlatformVrApi: vrapi_EnterVrMode()
05-07 11:49:10.872  1840  1902 I VrApi   : ---------- vrapi_EnterVrMode [start] ----------
05-07 11:49:10.872  1840  1902 I VrRuntimeClient: Tracing is disabled
05-07 11:49:10.874   713 14485 I [CT]    : VIPER: Status=6DoF,TRACKING,KF=114,Inl=285,Pts=465,Jit=0.2mm,Issues(Cam/min=0.0,IMU/min=0.0),Exp=(12.7ms,g=15.0,I=73)(8.9ms,g=11.0,I=70)(12.7ms,g=15.0,I=71)(7.4ms,g=10.0,I=70)
05-07 11:49:10.876  1840  1902 D VrApi   : targetSDKVersion 27
05-07 11:49:10.877  1840  1902 I VrRuntimeClient: DEVICE MODEL NUMBER = Quest
05-07 11:49:10.877  1840  1902 I VrRuntimeClient: DEVICE HARDWARE = monterey
05-07 11:49:10.877  1840  1902 I VrRuntimeClient: DEVICE BUILD NAME = user-602380.24900.0
05-07 11:49:10.877  1840  1902 I VrRuntimeClient: DEVICE BUILD TYPE = user
05-07 11:49:10.877  1840  1902 I VrRuntimeClient: DEVICE OS VERSION = 7.1.1
05-07 11:49:10.877  1840  1902 I VrRuntimeClient: VRRUNTIME VERSION = VRAPI_VERSION_BEGIN { 1.1.33.0-210938873-210938873 Apr 24 2020 16:11:35 Development } RELEASE
05-07 11:49:10.877  1840  1902 I VrRuntimeClient: API LOADER VERSION = 1.1.30.0
05-07 11:49:10.877  1840  1902 I VrRuntimeClient: VRDRIVER VERSION = 16.0.0.141.450
05-07 11:49:10.877  1840  1902 I VrRuntimeClient: APP NAME = Oculus App Runtime
05-07 11:49:10.877  1840  1902 I VrRuntimeClient: APP VERSION = 16.0.0.139.450 versionCode 210946745 internalVersionName 16.0.0.139.450.670c400f6e52 2020_04_24_17_36
05-07 11:49:10.877  1840  1902 I VrRuntimeClient: APP VR TYPE = vr_only
05-07 11:49:10.877  1840  1902 I VrRuntimeClient: APP PACKAGE NAME = com.oculus.vrshell
05-07 11:49:10.877  1840  1902 I VrRuntimeClient: APP ACTIVITY CLASS = com.oculus.vrshell.MainActivity
05-07 11:49:10.877  1840  1902 D BatteryReceiver: Registering battery receiver
05-07 11:49:10.879 14418 14792 D UE4     : *** JavaEnvDestructor: 14792
05-07 11:49:10.882  2116 14507 I Clocks  : SetSchedFifo( tid=14435, pri=0 ) succeeded
05-07 11:49:10.882  2116 14507 I Clocks  : SetSchedFifo( tid=14795, pri=0 ) succeeded
05-07 11:49:10.884  1840  1902 D HeadsetReceiver: getCurrentHeadsetState: false
05-07 11:49:10.884  1840  1902 I DeviceStatus_Android: nativeHeadsetEvent(0)
05-07 11:49:10.884  2116 14507 I Clocks  : SetSchedFifo( tid=14797, pri=0 ) succeeded
05-07 11:49:10.885  2116 14507 I Clocks  : SetSchedFifo( tid=2351, pri=0 ) succeeded
05-07 11:49:10.891  1840  1902 I VrRuntimeClient: DEADRECKONING SetControllerTrackingExtendedDeadreckoning 0
05-07 11:49:10.891  1840  1902 D InputHooksJava: Enabling Java Input Hooks
05-07 11:49:10.891  1840  1902 I InputDeviceManager: ovrInputDeviceManager::Initialize
05-07 11:49:10.891  1840  1902 I InputDeviceManager: HANDTRACKING packagename is com.oculus.vrshell
05-07 11:49:10.893  1840  1902 W InputDeviceManager: HANDTRACKING: Deprecated Manifest Permission request for com.oculus.vrshell please update to 'com.oculus.permission.HAND_TRACKING'
05-07 11:49:10.894  1840  1902 I InputDeviceManager: HANDTRACKING: Manifest Permission request for com.oculus.vrshell
05-07 11:49:10.896  1840  1902 I InputDeviceManager: HANDTRACKING:  'com.oculus.vrshell' Is hands or controller.
05-07 11:49:10.896  1840  1902 I InputDeviceManager: HANDTRACKING: feature flag set to 2
05-07 11:49:10.896  1840  1902 I VrRuntimeClient: HANDTRACKING sethandmanifest 2
05-07 11:49:10.900  2116  2303 I ScreenCaptureBase: GlobalInhibitState=0
05-07 11:49:10.900  1840  1902 D TrackingServiceConnectionNative: onClientConnect
05-07 11:49:10.900  1840  1902 D BinderConnection: Connecting to TrackingService
05-07 11:49:10.902  1840  1902 D TrackingServiceConnectionNative: onConnected
05-07 11:49:10.902   713   819 I TrackingService: TrackingService::getSharedMemoryFileDescriptor
05-07 11:49:10.904  1840  1902 I TrackingServiceClient: OVR::TrackingService::ClientSetInterface
05-07 11:49:10.904  1840  1902 I TrackingServiceClient: TrackingService client: roFd(94)
05-07 11:49:10.904  1840  1902 I TrackingServiceClient: TrackingService client: connected to interface version 11.
05-07 11:49:10.904  1840  1902 I TrackingServiceClient: TrackingService client: last prediction time is 0.004452 seconds old
05-07 11:49:10.904  1840  1902 I TrackingServiceClient: TrackingService client: provided by pid=713
05-07 11:49:10.904   713  3734 I TrackingService: TrackingService::registerClient
05-07 11:49:10.904   713  3734 I TrackingService: Registering client with TrackingServiceHost
05-07 11:49:10.905   713  3734 I TrackingService: Notifying client pid 1840 of new remote 3a76c3e46c301ef4
05-07 11:49:10.905  1840  1902 D TrackingServiceClient: TrackingServiceClient onRemoteConnected 3a76c3e46c301ef4
05-07 11:49:10.905   713  3734 I TrackingService: Notifying client pid 1840 of new remote 6b7cbd986a24c226
05-07 11:49:10.905  1840  1902 D TrackingServiceClient: TrackingServiceClient onRemoteConnected 6b7cbd986a24c226
05-07 11:49:10.905   713  3734 I TrackingService: TrackingServiceHost GetSharedMemoryFileDescriptor for client pid 1840
05-07 11:49:10.905   713  3734 I TrackingService: TrackingServiceHost registered common client; there are 0 secure clients
05-07 11:49:10.906  1840  1902 I TrackingServiceClient: ClientConnectComplete
05-07 11:49:10.906  1840  1902 I VrApi   : ovrModeParms::VRAPI_MODE_FLAG_RESET_WINDOW_FULLSCREEN = 1
05-07 11:49:10.906  1840  1902 I VrApi   : ovrModeParms::VRAPI_MODE_FLAG_NATIVE_WINDOW = 1
05-07 11:49:10.906  1840  1902 I VrApi   : ovrModeParms::VRAPI_MODE_FLAG_FRONT_BUFFER_PROTECTED = 0
05-07 11:49:10.906  1840  1902 I VrApi   : ovrModeParms::VRAPI_MODE_FLAG_FRONT_BUFFER_565 = 0
05-07 11:49:10.906  1840  1902 I VrApi   : ovrModeParms::VRAPI_MODE_FLAG_FRONT_BUFFER_SRGB = 1
05-07 11:49:10.906  1840  1902 I VrApi   : ovrModeParms::VRAPI_MODE_FLAG_CREATE_CONTEXT_NO_ERROR = 0
05-07 11:49:10.906  1840  1902 I VrApi   : HMD sensor attached.
05-07 11:49:10.906  2116  2116 D VrRuntimeService: onFocusedWindowChanged: focusedWindowToken=android.os.BinderProxy@f632c0b, focusedWindowUid=10028
05-07 11:49:10.906  2116  2116 W ClientMgr: ClientMgr::SetPrimaryCompositorClient: No active client
05-07 11:49:10.906  2116  2116 I VrRuntimeServer: SetCompositorClientEnabled client(0): enabled(0) 0x0
05-07 11:49:10.906  1840  1902 I VrApi   : Client side frame sync enabled
05-07 11:49:10.906  1840  1902 I DynamicClocks: cpu-freq(0): 979200Hz
05-07 11:49:10.906  1840  1902 I DynamicClocks: cpu-freq(1): 1344000Hz
05-07 11:49:10.907  1840  1902 I DynamicClocks: cpu-freq(2): 1651200Hz
05-07 11:49:10.907  1840  1902 I DynamicClocks: cpu-freq(3): 1958400Hz
05-07 11:49:10.907  1840  1902 I DynamicClocks: cpu-freq(4): 2304000Hz
05-07 11:49:10.919  1840  1902 I DynamicClocks: gpu-freq(0): 257000000Hz
05-07 11:49:10.919  1840  1902 I DynamicClocks: gpu-freq(1): 342000000Hz
05-07 11:49:10.919  1840  1902 I DynamicClocks: gpu-freq(2): 414000000Hz
05-07 11:49:10.919  1840  1902 I DynamicClocks: gpu-freq(3): 515000000Hz
05-07 11:49:10.919  1840  1902 I DynamicClocks: gpu-freq(4): 670000000Hz
05-07 11:49:10.919  1840  1902 I DynamicClocks: gpu-freq(5): 710000000Hz
05-07 11:49:10.919  1840  1902 D VrRuntimeClient: pokeGuardianUserServiceForThisClient: com.oculus.vrshell:10028
05-07 11:49:10.922  1840  1902 D VrRuntimeClient: VrRuntimeClient: enableRendering: activity client
05-07 11:49:10.922  1840  1902 D VrRuntimeClient: VrRuntimeClient: enableRendering: Using clientWindow=android.os.BinderProxy@7ac3c2b
05-07 11:49:10.922  2126  2126 D VrGuardianUserService: onStartCommandIntent { act=FOREGROUND_CLIENT cmp=com.oculus.systemdriver/com.oculus.vrguardianservice.VrGuardianUserService (has extras) }
05-07 11:49:10.926  2116  2116 W ClientMgr: ClientMgr::SetFocusedClient: No focused client
05-07 11:49:10.926  2116  2116 I TimeWarp: ReleaseClockLevels
05-07 11:49:10.926  2116  2302 I VrRuntimeServer: SetCompositorClientEnabled client(2): enabled(1) 0x7f770d20e8
05-07 11:49:10.927  2116  2136 I ClientMgr: ClientMgr::SetPrimaryCompositorClient: com.oculus.vrshell
05-07 11:49:10.927  2116  2136 I VrRuntimeServer: SetCompositorClientEnabled client(0): enabled(1) 0x7f5d25c010
05-07 11:49:10.927  2116  2136 I ClientMgr: ClientMgr::SetFocusedClient: com.oculus.vrshell type 0
05-07 11:49:10.927  2116  2136 D VrRuntimeService: this client: 1840:com.oculus.vrshell
05-07 11:49:10.927  2116  2136 D VrRuntimeService: enableRendering: clientWindow: android.os.BinderProxy@f632c0b enable: true
05-07 11:49:10.927  2116  2136 I ClientMgr: ClientMgr::EnableRendering 1840:com.oculus.vrshell : type 0 : enable
05-07 11:49:10.927  2116  2136 I VrRuntimeServer: SetCompositorClientEnabled client(0): enabled(1) 0x7f5d25c010
05-07 11:49:10.927  2116  2136 I TimeWarp: CheckDebuggerConnected: debugger 0
05-07 11:49:10.927  1840  1902 I VrRuntimeClient: CreateWarp: ImportGles: Fd=64, BufferSize=4096, AllocSize=9028
05-07 11:49:10.927  1840  1902 I VrRuntimeClient: CreateWarp: ImportGles: bo.Gl.BufferId=271, bo.Gl.MemoryObject=34
05-07 11:49:10.929  1840  1902 I ScreenCaptureHelper: Advertising com.oculus.vrshell as streamable
05-07 11:49:10.931  1840  1902 I VrApi   : OVR::Stats thread started
05-07 11:49:10.931  1840  1902 I VrApi   : ---------- vrapi_EnterVrMode [end] ----------
05-07 11:49:10.931  1840  1902 I ClientInputSettings: SetInhibitHandleHomeKey = true
05-07 11:49:10.931  1840  1902 I ClientInputSettings: InhibitConfirmQuitMenu = true
05-07 11:49:10.931  1840  1902 I ClientInputSettings: ReorientHMDOnControllerRecenter = true
05-07 11:49:10.931  1840  1902 I [OAR] ShellApp: Setting clock levels to cpu=2, gpu=4
05-07 11:49:10.931  1840  1902 I [OAR] VrPlatformVrApi: Setting perf thread tids to main=1902, render=unset
05-07 11:49:10.931  1840  1902 I [OAR] ShellApp: Setting perf thread tids to main=1902, render=unset
05-07 11:49:10.931  1840  1902 I [OAR] Compositor: Initializing Compositor: 1216x1344
05-07 11:49:10.931  1840  1902 I [OAR] ShellApp: FramebufferIsSrgb: true
05-07 11:49:10.931  1840  1902 I libOpenSLES: Emulating old channel mask behavior (ignoring positional mask 0x3, using default mask 0x3 based on channel count of 2)
05-07 11:49:10.931   548  1188 I AudioPolicyManagerCustom: offload disabled by audio.offload.disable=1
05-07 11:49:10.932   548  1188 I AudioPolicyManagerCustom: Direct PCM is disabled for this request
05-07 11:49:10.933   548   600 W AudioFlinger: createTrack_l(): mismatch between requested flags (00000104) and output flags (00000006)
05-07 11:49:10.933  1840  1902 D AudioTrack: Client defaulted notificationFrames to 192 for frameCount 384
05-07 11:49:10.936  2116 14507 I TimeWarp: UpdateClockLevels: Force releasing clocks
05-07 11:49:10.936  2116 14507 I TimeWarp: UpdateClockLevels: Apply pending clock request change: 4,4 -> -1,-1
05-07 11:49:10.936  2116 14503 I Clocks  : ReleaseClocks - start
05-07 11:49:10.940  2116  2302 I ClientMgr: Non-overlay clients rendering status has changed: prev=141, curr=142, enabled=4
05-07 11:49:10.942  2116 14507 W TimeWarp: WarpToScreen: No completed frames to display for client 0. submittedFrameIndex = 5551
05-07 11:49:10.943   716  2208 D         : CPU_CLUSTER_0: No client requests exists, release clocks
05-07 11:49:10.943   716  2208 D         : CPU_CLUSTER_1: No client requests exists, release clocks
05-07 11:49:10.944  1840  1902 D AudioTrack: updateAppOpsPlayAudio: checkOp OP_PLAY_AUDIO for com.oculus.vrshell returns: 0 (ALLOWED)
05-07 11:49:10.944   548   589 W AudioFlinger: checkEffectCompatibility_l(): non HW effect Volume listener for Music on playback thread in fast mode
05-07 11:49:10.944   716  2208 D         : GPU: No client requests exists, release clocks
05-07 11:49:10.944   716  2208 D         : CPUBW: No client requests exists, release clocks
05-07 11:49:10.944   548   589 E AudioEffect: set(): AudioFlinger could not create effect, status: -22
05-07 11:49:10.944   548   589 E AudioPolicyEffects: addOutputSessionEffects(): failed to create Fx  music_helper on session 1233
05-07 11:49:10.945  1840  1902 I [OAR] VrShellDesktopBase: Foreground desktop
05-07 11:49:10.945  1840  1902 I [OAR] SystemUXController: Recentering for launch - SystemDialog, com.YourCompany.ToysGame, com.YourCompany.ToysGame/com.epicgames.ue4.GameActivity
05-07 11:49:10.945  1840  1902 I [OAR] LocalSpace: ResetNextFrame
05-07 11:49:10.945  2116 14503 I Clocks  : ReleaseClocks - end (9.4 ms)
05-07 11:49:10.946  2101  2115 E Security-LocalReporter: UID '10043' is shared by multiple packages: [com.oculus.horizon, com.oculus.home]
05-07 11:49:10.947  1840 14847 D VrApi   : targetSDKVersion 27
05-07 11:49:10.948  1840 14847 I JniUtils: ovr_GetCurrentPackageSignature 
05-07 11:49:10.950  2116 14507 I TimeWarp: UpdateClockLevels: Apply pending clock request change: -1,-1 -> 4,4
05-07 11:49:10.950  2116 14503 I Clocks  : LockClocks( cpu=4, gpu=4 ) - start
05-07 11:49:10.950  1840 14847 I Metrics : device name = Oculus Quest
05-07 11:49:10.953  2116 14503 I Clocks  : CPU levels [0, 4]
05-07 11:49:10.953  2116 14503 I Clocks  : GPU levels [0, 5]
05-07 11:49:10.954  2116  2302 I ClientMgr: DEADRECKONING deadReckoning mode on ClientMgr from server is 0
05-07 11:49:10.955   716  2208 D         : CPU_CLUSTER_0: Client 2116 sends freq request [21, 21]
05-07 11:49:10.955   716  2208 D         : CPU_CLUSTER_0: Next Perf Level = (21, 21)
05-07 11:49:10.955   716  2208 D         : CPU_CLUSTER_1: Client 2116 sends freq request [26, 26]
05-07 11:49:10.955   716  2208 D         : CPU_CLUSTER_1: Next Perf Level = (26, 26)
05-07 11:49:10.955   716  2208 D         : CPUBW: Client 2116 sends freq request [8, 11]
05-07 11:49:10.955   716  2208 D         : CPUBW: Next Perf Level = (8, 11)
05-07 11:49:10.955   716  2208 D         : GPU: Client 2116 sends freq request [6, 6]
05-07 11:49:10.955   716  2208 D         : GPU: Next Perf Level = (6, 6)
05-07 11:49:10.956  2116 14503 I Clocks  : LockClocks( cpu=4, gpu=4 ) - end (5.6 ms)
05-07 11:49:10.956  2116 14507 W TimeWarp: WarpToScreen: No completed frames to display for client 0. submittedFrameIndex = 5551
05-07 11:49:10.961  2126  2196 I GuardianSystem: rsapi_PollEvent: rsEventPackageNameChange: com.oculus.vrshell
05-07 11:49:10.961  2126  2196 I GuardianSystem: SetCurrentPackageName: com.oculus.vrshell, previous PackageName: com.YourCompany.ToysGame
05-07 11:49:10.966  1840  1902 D [OAR] ShellApplication: Broadcast intent com.oculus.assistant.ASSISTANT_PANEL_AVAILABILITY status: 2, mode: 1
05-07 11:49:10.968  1840  1902 D [OAR] ShellApplication: Broadcast intent com.oculus.assistant.ASSISTANT_PANEL_AVAILABILITY status: 1, mode: 1
05-07 11:49:10.968  1840  1902 I [OAR] InputManager: Adding controller deviceId = 536870914 type = 4
05-07 11:49:10.970  1840 14848 I [OAR] AudioEngine: PlayTimeOffset = 11580.615510
05-07 11:49:10.970  2116 14507 W TimeWarp: WarpToScreen: No completed frames to display for client 0. submittedFrameIndex = 5551
05-07 11:49:10.971  1840  1902 I [OAR] ModelFile: LoadModelFileFromMemory .gltf.ovrscene 695274
05-07 11:49:10.972  1840  1902 I [OAR] ModelFile: LoadModelFileFromMemory zfp = 0xb15ff200
05-07 11:49:10.984  2116 14507 W TimeWarp: WarpToScreen: No completed frames to display for client 0. submittedFrameIndex = 5551
05-07 11:49:10.984  2116 14516 D Appshot : broadcastImageToShell intent_pkg: com.YourCompany.ToysGame jpg_size: 57401
05-07 11:49:10.986  1840  1902 I [OAR] ModelFile_glTF: LoadModelFile_glTF_Json parsing .gltf.ovrscene
05-07 11:49:10.988  1840  1902 I [OAR] InputManager: Adding controller deviceId = 536870915 type = 4
05-07 11:49:10.990  1922  1922 D [OAR] AnytimeUIBroadcastReceiver: action: com.oculus.vrshell.intent.action.UPDATE_APP_SCREENSHOT
05-07 11:49:10.990  1922  1922 D [OAR] HomeDialog: screenshot update package: com.YourCompany.ToysGame size: 57401
05-07 11:49:10.991  1840  1902 I [OAR] ModelFile: LoadModelFileFromMemory .gltf.ovrscene 694993
05-07 11:49:10.991  1840  1902 I [OAR] ModelFile: LoadModelFileFromMemory zfp = 0xb21ffc00
05-07 11:49:10.992  2101  2115 I LibraryProvider: running queryApp(com.YourCompany.ToysGame) for com.oculus.uid:10043
05-07 11:49:10.992  2101  2115 W LibraryProvider: Cannot find entitlement for com.YourCompany.ToysGame
05-07 11:49:10.992  1778  1778 W OVRLibrary: null cursor received for query content://com.oculus.ocms.library/apps/com.YourCompany.ToysGame
05-07 11:49:10.998  2116 14507 W TimeWarp: WarpToScreen: No completed frames to display for client 0. submittedFrameIndex = 5551
05-07 11:49:11.005  1840  1902 I [OAR] ModelFile_glTF: LoadModelFile_glTF_Json parsing .gltf.ovrscene
05-07 11:49:11.006  2101  2171 E Security-LocalReporter: UID '10043' is shared by multiple packages: [com.oculus.horizon, com.oculus.home]
05-07 11:49:11.007  1840  1902 I [OAR] InputManager: Switching Primary controller due to vrapi
05-07 11:49:11.007  1840  1902 I [OAR] InputManager: Secondary input source selection id=536870914
05-07 11:49:11.007  1840  1902 I [OAR] RouteInput: New inputState.cursorTraceSource: 1
05-07 11:49:11.007  1840  1902 I [OAR] LocalSpace: Reset - initialRawFromLocalPose
05-07 11:49:11.007  1840  1902 I [OAR] LocalSpace: 	rotX: -0.240375
05-07 11:49:11.007  1840  1902 I [OAR] LocalSpace: 	rotY: -0.142132
05-07 11:49:11.007  1840  1902 I [OAR] LocalSpace: 	rotZ: -0.018326
05-07 11:49:11.007  1840  1902 I [OAR] LocalSpace: 	rotW: 0.960043
05-07 11:49:11.007  1840  1902 I [OAR] LocalSpace: 	traX: 2.493681
05-07 11:49:11.007  1840  1902 I [OAR] LocalSpace: 	traY: -0.619047
05-07 11:49:11.007  1840  1902 I [OAR] LocalSpace: 	traZ: -0.963014
05-07 11:49:11.007  1840  1902 I [OAR] LocalSpace: Applying VRAPI Reorient
05-07 11:49:11.007  1840  1902 I [OAR] LocalSpace: Recentering local space
05-07 11:49:11.007  2116  3742 I VrRuntimeServer: UpdateLocalSpace: Src: 2, Version: 71, VersionUser: 0, RawFloorHeightOld: -1.660270, RawFloorHeightNew: -1.660270
05-07 11:49:11.007  1840  1902 I [OAR] LocalSpace: currentLocalPose
05-07 11:49:11.007  1840  1902 I [OAR] LocalSpace: 	rotX: -0.183759
05-07 11:49:11.007  1840  1902 I [OAR] LocalSpace: 	rotY: 0.010969
05-07 11:49:11.007  1840  1902 I [OAR] LocalSpace: 	rotZ: 0.058566
05-07 11:49:11.007  1840  1902 I [OAR] LocalSpace: 	rotW: 0.981164
05-07 11:49:11.007  1840  1902 I [OAR] LocalSpace: 	traX: 0.000000
05-07 11:49:11.007  1840  1902 I [OAR] LocalSpace: 	traY: 0.978292
05-07 11:49:11.007  1840  1902 I [OAR] LocalSpace: 	traZ: 0.000000
05-07 11:49:11.007  1840  1902 I [OAR] LocalSpace: localPose
05-07 11:49:11.007  1840  1902 I [OAR] LocalSpace: 	rotX: 0.044730
05-07 11:49:11.007  1840  1902 I [OAR] LocalSpace: 	rotY: -0.000510
05-07 11:49:11.007  1840  1902 I [OAR] LocalSpace: 	rotZ: 0.011397
05-07 11:49:11.007  1840  1902 I [OAR] LocalSpace: 	rotW: 0.998934
05-07 11:49:11.007  1840  1902 I [OAR] LocalSpace: 	traX: 0.000000
05-07 11:49:11.007  1840  1902 I [OAR] LocalSpace: 	traY: 1.054378
05-07 11:49:11.007  1840  1902 I [OAR] LocalSpace: 	traZ: 0.000000
05-07 11:49:11.008  1840  1902 I [OAR] DialogControllerManager: ShowDialog
05-07 11:49:11.008  1840  1902 I [OAR] DialogControllerManager: Previous pending dialog: type: 0, uri "systemux://dialog/none", return component: "", return activity component: ""
05-07 11:49:11.008  1840  1902 I [OAR] DialogControllerManager: New pending dialog: type: 10, uri "systemux://dialog/exit", return component: "com.YourCompany.ToysGame", return activity component: "com.YourCompany.ToysGame/com.epicgames.ue4.GameActivity"
05-07 11:49:11.008  1840  1902 I [OAR] DialogControllerManager: Dialog change detected; updating dialog UI.
05-07 11:49:11.008  1840  1902 I [OAR] DialogControllerManager: Old dialog: type: 0, uri "systemux://dialog/none", return component: "", return activity component: ""
05-07 11:49:11.008  1840  1902 I [OAR] DialogControllerManager: New dialog: type: 10, uri "systemux://dialog/exit", return component: "com.YourCompany.ToysGame", return activity component: "com.YourCompany.ToysGame/com.epicgames.ue4.GameActivity"
05-07 11:49:11.009  1840  1902 I [OAR] CommonSystemDialog: Unable to find common dialog for systemux route "EXIT_TO_HOME(systemux://dialog/exit)".
05-07 11:49:11.009  1840  1902 I [OAR] SystemDialogDefinition: Unable to find system dialog definition for dialog URI "systemux://dialog/exit".
05-07 11:49:11.009  1840  1902 I [OAR] SystemDialogController: HideVrShellDialog
05-07 11:49:11.009  1840  1902 I [OAR] DialogController: SetPendingDialog old: 0 systemux://dialog/none   new: 10 systemux://dialog/exit com.YourCompany.ToysGame/com.epicgames.ue4.GameActivity
05-07 11:49:11.009  1840  1902 I [OAR] SystemUXController: No known System UX Route for Navigation Route: com.oculus.systemux/com.oculus.panelapp.anytimeui.AnytimeUIAndroidPanelService
05-07 11:49:11.010  1840  1902 I [OAR] PlatformManager: Checking livestreaming allowed for:  com.YourCompany.ToysGame
05-07 11:49:11.010  1840  1902 I [OAR] DialogController: Launching pending dialog: systemux://dialog/exit
05-07 11:49:11.010  1840  1902 I [OAR] DialogController: showDialog systemux://dialog/exit systemux://dialog/exit com.YourCompany.ToysGame
05-07 11:49:11.010  1840  1902 I [OAR] SystemTaskBarV1: Repositioning toast layer: isShowingTaskBar = 1
05-07 11:49:11.010  1840  1902 I [OAR] EnvironmentReconciler: Audio state is invalid, but headset is mounted. Marking all state as changed to trigger update
05-07 11:49:11.010  1840  1902 I [OAR] PanelAppHost: Setting panel layer visibility of layer "dialog" to invisible
05-07 11:49:11.010  1840  1902 I [OAR] PlatformManager: isLiveStreamingAllowed response:  1
05-07 11:49:11.010  1840  2364 I OVRPlatform: [CurlHttpClient] Executing HTTP request: https://graph.oculus.com//v1.20/me?fields=current_party{id,leader{id},join_policy,users{id,alias,can_viewer_message,display_name,profile_url,profile_url_small,presence,presence_status,presence_app{id,package_name},presence_deeplink_joinable,presence_deeplink_message,presence_destination_api_name,presence_scoped_user_id,avatar_v2{avatar_image{uri}}},invited_users{id,alias,can_viewer_message,display_name,profile_url,profile_url_small,presence,presence_status,presence_app{id,package_name},avatar_v2{avatar_image{uri}}}}&app_version=210946745
05-07 11:49:11.011  1922  1922 I [OAR] AnytimeUIAndroidPanelApp: updateActiveComponent - com.oculus.systemux/com.oculus.panelapp.anytimeui.AnytimeUIAndroidPanelService, returnComponent = com.YourCompany.ToysGame
05-07 11:49:11.012  1922  1922 I [OAR] AnytimeUIAndroidPanelAppBase: updateVideoCaptureState - true
05-07 11:49:11.012  2116 14507 W TimeWarp: WarpToScreen: No completed frames to display for client 0. submittedFrameIndex = 5551
05-07 11:49:11.012   548 13963 D audio_hw_primary: adev_open_input_stream: enter: sample_rate(48000) channel_mask(0x10) devices(0x80000004)        stream_handle(0xf416cdc0) io_handle(430) source(1) format 1
05-07 11:49:11.013   548 14850 I AudioFlinger: AudioFlinger's thread 0xf2003480 ready to run
05-07 11:49:11.014   548 14850 D audio_hw_primary: in_standby: enter: stream (0xf416cdc0) usecase(16: audio-record)
05-07 11:49:11.016  1922  1922 I [OAR] AnytimeUIAndroidPanelAppBase: configureDialog:  systemux://dialog/exit [systemux://dialog/exit] (com.YourCompany.ToysGame)
05-07 11:49:11.016  1922  1922 I [OAR] AnytimeUIAndroidPanelAppBase: actionSetRoute - Route:  EXIT_TO_HOME(systemux://dialog/exit)
05-07 11:49:11.016  1922  1922 D [OAR] TaskBarViewV1: NUX Mode = false
05-07 11:49:11.016  1922  1922 D [OAR] TaskBarViewV1: Skipping NUX Mode for Quest
05-07 11:49:11.016  1922  1922 I AndroidPanelApp: Calling ensurePanelLayer on layer "dialog" with view ID 2131296310
05-07 11:49:11.016  1922  1922 I AndroidPanelLayer: Setting spec for layer "dialog"
05-07 11:49:11.016  1922  1922 I AndroidPanelLayer: Setting size of layer "dialog" to have width 540 and height 300
05-07 11:49:11.016  1922  1922 D [OAR] AnytimeUIAndroidPanelApp: Inflating view for layer: dialog, viewIdentifier = 2131296310
05-07 11:49:11.017   548 14850 D audio_hw_primary: in_standby: enter: stream (0xf416cdc0) usecase(16: audio-record)
05-07 11:49:11.017  1922  1922 D [OAR] HomeDialog: Home Dialog constructed
05-07 11:49:11.025   692   764 D GatekeeperNativeService: Using value 0 for gk oculus_bugreporter_v2_enabled, user=0
05-07 11:49:11.026  1922  1922 I [OAR] BugReporterUtils: Setting up bug reporter on button; using None
05-07 11:49:11.026  1922  1922 I [OAR] HomeDialog: Setting target package to com.YourCompany.ToysGame
05-07 11:49:11.026  2116 14507 W TimeWarp: WarpToScreen: No completed frames to display for client 0. submittedFrameIndex = 5551
05-07 11:49:11.027  2126  2196 I GuardianSystem: UpdateSystem: Responding to local space version number change.
05-07 11:49:11.032   548   548 W AudioFlinger::EffectModule: EffectModule 0xf4172380 destructor called with unreleased interface
05-07 11:49:11.032   548   548 W AudioFlinger::EffectHandle: disconnect Effect handle 0xf41534c0 disconnected after thread destruction
05-07 11:49:11.033  2101  2171 I LibraryProvider: running queryApp(com.YourCompany.ToysGame) for com.oculus.uid:10043
05-07 11:49:11.033  2101  2171 W LibraryProvider: Cannot find entitlement for com.YourCompany.ToysGame
05-07 11:49:11.034  1778  1778 W OVRLibrary: null cursor received for query content://com.oculus.ocms.library/apps/com.YourCompany.ToysGame
05-07 11:49:11.034  1778  1778 I PlatformPluginManager: onAppStart com.YourCompany.ToysGame false
05-07 11:49:11.036  1778  1778 I PlatformPluginManager: onAppStart - Stopping party chat passthrough
05-07 11:49:11.036  1778  1778 I PlatformPlugin: [PlatformPluginManager] SetSystemVoipPassthrough 0
05-07 11:49:11.036  1778  1778 I OVRPlatform: [PartyChatWebRTC] PartyChatSetPassthrough 0
05-07 11:49:11.037  1778 14478 I OVRPlatform: [PartyChatWebRTC] Updating playback mode to 1
05-07 11:49:11.040  2116 14507 W TimeWarp: WarpToScreen: No completed frames to display for client 0. submittedFrameIndex = 5551
05-07 11:49:11.041   548   548 D audio_hw_primary: adev_close_input_stream: enter:stream_handle(0xf416cdc0)
05-07 11:49:11.041   548   548 D audio_hw_primary: in_standby: enter: stream (0xf416cdc0) usecase(16: audio-record)
05-07 11:49:11.042  1778  1778 I OVRPlatform: [PartiesAPI] ovr_Party_PluginGetSharedMemHandle: This function is deprecated, do not use
05-07 11:49:11.049  2101  2124 E Security-LocalReporter: UID '10043' is shared by multiple packages: [com.oculus.horizon, com.oculus.home]
05-07 11:49:11.054  2116 14507 W TimeWarp: WarpToScreen: No completed frames to display for client 0. submittedFrameIndex = 5551
05-07 11:49:11.064  1840  1902 I OVRPlatform: [AndroidPlatformIntegration] Creating shared mic
05-07 11:49:11.065  1076  1514 E ActivityManager: Sending non-protected broadcast com.oculus.systemactivities.BEGIN_VIDEO_CAPTURE_WITH_SURFACE from system 1494:com.oculus.companion.server/1000 pkg com.oculus.companion.server
05-07 11:49:11.065  1076  1514 E ActivityManager: java.lang.Throwable
05-07 11:49:11.065  1076  1514 E ActivityManager: 	at com.android.server.am.ActivityManagerService.checkBroadcastFromSystem(ActivityManagerService.java:18304)
05-07 11:49:11.065  1076  1514 E ActivityManager: 	at com.android.server.am.ActivityManagerService.broadcastIntentLocked(ActivityManagerService.java:18785)
05-07 11:49:11.065  1076  1514 E ActivityManager: 	at com.android.server.am.ActivityManagerService.broadcastIntent(ActivityManagerService.java:18967)
05-07 11:49:11.065  1076  1514 E ActivityManager: 	at android.app.ActivityManagerNative.onTransact(ActivityManagerNative.java:500)
05-07 11:49:11.065  1076  1514 E ActivityManager: 	at com.android.server.am.ActivityManagerService.onTransact(ActivityManagerService.java:2843)
05-07 11:49:11.065  1076  1514 E ActivityManager: 	at android.os.Binder.execTransact(Binder.java:606)
05-07 11:49:11.065  2126  2147 I GuardianSystem: Guardian: GuardianCmdWithParms 7, 1, 0.000000
05-07 11:49:11.065  1840  1902 I [OAR] TelemetryProvider: aui_reorient system 4 0 0 com.YourCompany.ToysGame
05-07 11:49:11.065  2101  2304 I LibraryProvider: running queryApp(com.YourCompany.ToysGame) for com.oculus.systemux
05-07 11:49:11.065  2101  2304 W LibraryProvider: Cannot find entitlement for com.YourCompany.ToysGame
05-07 11:49:11.066  1922  1922 W OVRLibrary: null cursor received for query content://com.oculus.ocms.library/apps/com.YourCompany.ToysGame
05-07 11:49:11.066  1840 14852 I VrRuntimeClient: FenceChecker::MainLoop - started
05-07 11:49:11.068  2116 14507 W TimeWarp: WarpToScreen: No completed frames to display for client 0. submittedFrameIndex = 5551
05-07 11:49:11.077  2116 14507 I Clocks  : SetSchedFifo( tid=1902, pri=1 ) succeeded
05-07 11:49:11.079  2101  2124 I LibraryProvider: running queryApp(com.YourCompany.ToysGame) for com.oculus.uid:10043
05-07 11:49:11.079  2101  2124 W LibraryProvider: Cannot find entitlement for com.YourCompany.ToysGame
05-07 11:49:11.079  1778 12755 W OVRLibrary: null cursor received for query content://com.oculus.ocms.library/apps/com.YourCompany.ToysGame
05-07 11:49:11.080  2116  2302 I VrRuntimeServer: SetCompositorClientEnabled client(2): enabled(0) 0x0
05-07 11:49:11.080  1840  2376 I OVRPlatform: [QueueAsyncResponseHandler] success: {"streaming_enabled":false}
05-07 11:49:11.081  1922  1922 I AndroidPanelApp: measureLayerView with initial width 540, initial height 300, resize behavior NONE.
05-07 11:49:11.081  1922  1922 I AndroidPanelApp: Measured width 540 and height 300.
05-07 11:49:11.082  1922  1922 I AndroidPanelLayer: Setting size of layer "dialog" to have width 540 and height 300
05-07 11:49:11.083  2116 14507 I Clocks  : SetSchedFifo( tid=14852, pri=1 ) succeeded
05-07 11:49:11.083  1922  1922 I AndroidPanelApp: layerTransform: Showing panel layer "dialog" in VrShell with width 540, height 300, position( 0.000000 , 0.000000 ), rotation (0.000000 , 0.000000 , 0.000000 )  hit-testable true, shape 2, and system-positioned true. Density: 4680.000000. Supersampled: false 
05-07 11:49:11.084  2116 14507 I Clocks  : SetSchedFifo( tid=2351, pri=1 ) succeeded
05-07 11:49:11.084  2116 14507 I TimeWarp: UpdateClockLevels: Apply pending clock request change: 4,4 -> 2,4
05-07 11:49:11.085  2116 14503 I Clocks  : ReleaseClocks - start
05-07 11:49:11.085  1076  1514 E ActivityManager: Sending non-protected broadcast com.oculus.systemactivities.BEGIN_VIDEO_CAPTURE_WITH_SURFACE from system 1494:com.oculus.companion.server/1000 pkg com.oculus.companion.server
05-07 11:49:11.085  1076  1514 E ActivityManager: java.lang.Throwable
05-07 11:49:11.085  1076  1514 E ActivityManager: 	at com.android.server.am.ActivityManagerService.checkBroadcastFromSystem(ActivityManagerService.java:18304)
05-07 11:49:11.085  1076  1514 E ActivityManager: 	at com.android.server.am.ActivityManagerService.broadcastIntentLocked(ActivityManagerService.java:18876)
05-07 11:49:11.085  1076  1514 E ActivityManager: 	at com.android.server.am.ActivityManagerService.broadcastIntent(ActivityManagerService.java:18967)
05-07 11:49:11.085  1076  1514 E ActivityManager: 	at android.app.ActivityManagerNative.onTransact(ActivityManagerNative.java:500)
05-07 11:49:11.085  1076  1514 E ActivityManager: 	at com.android.server.am.ActivityManagerService.onTransact(ActivityManagerService.java:2843)
05-07 11:49:11.085  1076  1514 E ActivityManager: 	at android.os.Binder.execTransact(Binder.java:606)
05-07 11:49:11.087   716   809 D         : CPU_CLUSTER_0: No client requests exists, release clocks
05-07 11:49:11.087   716   809 D         : CPU_CLUSTER_1: No client requests exists, release clocks
05-07 11:49:11.087   716   809 D         : GPU: No client requests exists, release clocks
05-07 11:49:11.087   716   809 D         : CPUBW: No client requests exists, release clocks
05-07 11:49:11.088  2116 14503 I Clocks  : ReleaseClocks - end (2.9 ms)
05-07 11:49:11.088  2116 14503 I Clocks  : LockClocks( cpu=2, gpu=4 ) - start
05-07 11:49:11.088  1778  1913 I OVRPlatform: [MicrophoneServer] Starting mic server with client 0xb008a5b0
05-07 11:49:11.088  1778  1913 D OVRPlatform-OVRMicrophone: start - current state Initialized
05-07 11:49:11.089  2116 14503 I Clocks  : CPU levels [0, 4]
05-07 11:49:11.089  2116 14503 I Clocks  : GPU levels [0, 5]
05-07 11:49:11.090   716   716 D         : CPU_CLUSTER_0: Client 2116 sends freq request [21, 21]
05-07 11:49:11.090   716   716 D         : CPU_CLUSTER_0: Next Perf Level = (21, 21)
05-07 11:49:11.090   716   716 D         : CPU_CLUSTER_1: Client 2116 sends freq request [18, 18]
05-07 11:49:11.090   716   716 D         : CPU_CLUSTER_1: Next Perf Level = (18, 18)
05-07 11:49:11.090   716   716 D         : CPUBW: Client 2116 sends freq request [8, 11]
05-07 11:49:11.091   716   716 D         : CPUBW: Next Perf Level = (8, 11)
05-07 11:49:11.091   716   716 D         : GPU: Client 2116 sends freq request [6, 6]
05-07 11:49:11.091   716   716 D         : GPU: Next Perf Level = (6, 6)
05-07 11:49:11.091  1778  1913 I OVRPlatform-OVRMicrophone: AcousticEchoCanceler available
05-07 11:49:11.092  2116 14503 I Clocks  : LockClocks( cpu=2, gpu=4 ) - end (3.6 ms)
05-07 11:49:11.092  2126  2196 I GuardianSystem: rsapi_PollEvent: rsEventForceShowGuardian. ForceIndefinitely: 0, ForceTimeInSeconds: 0.00, ForceCamera: 0
05-07 11:49:11.092  2126  2196 I GuardianSystem: ForceShowGuardian: false, 0.00
05-07 11:49:11.093  1778  1913 I OVRPlatform-OVRMicrophone: AcousticEchoCanceler created, enabling
05-07 11:49:11.093  1778  1913 I OVRPlatform-OVRMicrophone: AcousticEchoCanceler enable: 0
05-07 11:49:11.097  1840  1902 I [OAR] PlatformManager: isLiveStreamingAllowed response:  0
05-07 11:49:11.097  2116  2116 D ScreenCaptureReceiver: onReceive com.oculus.systemactivities.BEGIN_VIDEO_CAPTURE_WITH_SURFACE package=com.oculus.systemdriver
05-07 11:49:11.099  1840  2367 I OVRPlatform: [HttpRequest] Request `me?fields=current_party{id,leader{id},join_policy,users{id,alias,can_viewer_message,display_name,profile_url,profile_url_small,presence,presence_status,presence_app{id,package_name},presence_deeplink_joinable,presence_deeplink_message,presence_destination_api_name,presence_scoped_user_id,avatar_v2{avatar_image{uri}}},invited_users{id,alias,can_viewer_message,display_name,profile_url,profile_url_small,presence,presence_status,presence_app{id,package_name},avatar_v2{avatar_image{uri}}}}' (id: 11853) succeeded: {"id":"102449717587751"}
05-07 11:49:11.099  1840  2367 I OVRPlatform: [RequestStopwatch] HttpRequestAsync (me?fields=current_party{id,leader{id},join_policy,users{id,alias,can_viewer_message,display_name,profile_url,profile_url_small,presence,presence_status,presence_app{id,package_name},presence_deeplink_joinable,presence_deeplink_message,presence_destination_api_name,presence_scoped_user_id,avatar_v2{avatar_image{uri}}},invited_users{id,alias,can_viewer_message,display_name,profile_url,profile_url_small,presence,presence_status,presence_app{id,package_name},avatar_v2{avatar_image{uri}}}}) took 89.1340 milliseconds
05-07 11:49:11.100  1778  1913 I OVRPlatform-OVRMicrophone: NoiseSuppressor available
05-07 11:49:11.102  1778  1913 I OVRPlatform-OVRMicrophone: NoiseSuppressor created, enabling
05-07 11:49:11.102  1922  1922 I AndroidPanelApp: Processing pending show layer info for layer dialog with width 540 and height 300.
05-07 11:49:11.102  1922  1922 I AndroidPanelApp: layerSupersample no changes
05-07 11:49:11.102  1778  1913 I OVRPlatform-OVRMicrophone: NoiseSuppressor enable: 0
05-07 11:49:11.103  2116  2116 D TrustedSignatureVerifier: Checking app signature for com.oculus.horizon
05-07 11:49:11.103   548   599 I SoundTriggerHwService::Module: void android::SoundTriggerHwService::Module::onCallbackEvent(const sp<android::SoundTriggerHwService::CallbackEvent> &) no clients
05-07 11:49:11.104   548 14582 D audio_hw_primary: in_set_parameters: enter: kvpairs=input_source=1;routing=-2147483644
05-07 11:49:11.104  2116  2116 D ScreenCaptureReceiver: App is trusted
05-07 11:49:11.105  1922  1922 I AndroidPanelApp: measureLayerView with initial width 540, initial height 300, resize behavior NONE.
05-07 11:49:11.105  1922  1922 I AndroidPanelApp: Measured width 540 and height 300.
05-07 11:49:11.105  1922  1922 I AndroidPanelApp: Layout change has caused layer "dialog" to be resized from -1 X -1 to 540 X 300
05-07 11:49:11.105  1922  1922 I AndroidPanelLayer: Setting size of layer "dialog" to have width 540 and height 300
05-07 11:49:11.105  2116  2116 D ScreenCaptureReceiver: Valid surface. Starting streaming
05-07 11:49:11.105  2116  2116 I ScreenCaptureBase: Screen Capture Command:1
05-07 11:49:11.105   548 14582 D audio_hw_primary: start_input_stream: enter: stream(0xf416c000)usecase(16: audio-record)
05-07 11:49:11.105   548 14582 E audio_hw_extn: audio_extn_perf_lock_acquire: Incorrect params, Failed to acquire perf lock, err 
05-07 11:49:11.105   548 14582 D audio_hw_primary: select_devices for use case (audio-record)
05-07 11:49:11.105   548 14582 D audio_hw_primary: select_devices: out_snd_device(0: ) in_snd_device(62: handset-mic-aec)
05-07 11:49:11.105   548 14582 I msm8974_platform: platform_check_and_set_capture_codec_backend_cfg:txbecf: afe: bitwidth 16, samplerate 48000, channel 1, backend_idx 7 usecase = 16 device (handset-mic-aec)
05-07 11:49:11.105   548 14582 I msm8974_platform: platform_check_capture_codec_backend_cfg:txbecf: afe: Codec selected backend: 7 current bit width: 16 and sample rate: 48000, channels 1
05-07 11:49:11.105  1778  1913 I OVRPlatform-OVRMicrophone: start - recorder.startRecording 3.250052ms
05-07 11:49:11.105   548 14582 W msm8974_platform: platform_get_backend_index:napb: Invalid device - 0 
05-07 11:49:11.105   548 14582 I msm8974_platform: platform_check_capture_codec_backend_cfg:txbecf: afe: Codec selected backend: 7 updated bit width: 16 and sample rate: 48000
05-07 11:49:11.105   548 14582 D audio_hw_primary: check_usecases_capture_codec_backend:becf: force routing 0
05-07 11:49:11.105   548 14582 D hardware_info: hw_info_append_hw_type : device_name = handset-mic-aec
05-07 11:49:11.105   548 14582 D msm8974_platform: platform_split_snd_device: snd_device(62) new_snd_devices (handset-mic-aec)
05-07 11:49:11.105  1922  1922 I AndroidPanelApp: layerTransform: Showing panel layer "dialog" in VrShell with width 540, height 300, position( 0.000000 , 0.000000 ), rotation (0.000000 , 0.000000 , 0.000000 )  hit-testable true, shape 2, and system-positioned true. Density: 4680.000000. Supersampled: false 
05-07 11:49:11.105   548 14582 D audio_hw_primary: enable_snd_device: snd_device(62: handset-mic-aec)
05-07 11:49:11.108  1778  1913 I OVRPlatform-OVRMicrophone: start - AudioThread startup 2.264583ms
05-07 11:49:11.108  1778  1913 D OVRPlatform-OVRMicrophone: State changed to Recording
05-07 11:49:11.108  1778  1913 I OVRPlatform: [MicrophoneServer] Adding connection 0xb008a5b0, has local client: no
05-07 11:49:11.108  1778  1913 I OVRPlatform: [PCMTransfer] Created socket pair, sender: 190, receiver: 191
05-07 11:49:11.111  1840  1902 I [OAR] PanelAppHost: Resize layer dialog to size 540 x 300 shape:2 stereo:0
05-07 11:49:11.111  1840  1902 I [OAR] PanelRenderLayer: ResetSurface 540 x 300 - shape:2 stereo:0
05-07 11:49:11.111  1840  1902 I [OAR] PartyManager: Party Response Parse Time: 0.057239ms
05-07 11:49:11.116  1922  1922 I AndroidPanelApp: Processing next frame action "layerShow" for layer "dialog"
05-07 11:49:11.116  1922  1922 I AndroidPanelApp: nextFrameAction(layerShow, dialog)
05-07 11:49:11.116  1922  1922 I AndroidPanelApp: layerShow acknowledged for dialog
05-07 11:49:11.116  1922  1922 I AndroidPanelApp: tryShowLayer(dialog)
05-07 11:49:11.116  1922  1922 I AndroidPanelApp: Layer dialog needs to be sized, deferring showing layer.
05-07 11:49:11.116  1922  1922 I AndroidPanelApp: Processing next frame action "layerResize" for layer "dialog"
05-07 11:49:11.116  1922  1922 I AndroidPanelApp: nextFrameAction(layerResize, dialog)
05-07 11:49:11.116  1922  1922 I AndroidPanelApp: layerResize is waiting for next frame
05-07 11:49:11.116  1922  1922 I [OAR] AnytimeUIAndroidPanelAppBase: updateLiveStreamStatus - isLiveStreaming=false, allowed=true
05-07 11:49:11.117  1922  1922 I [OAR] AnytimeUIAndroidPanelAppBase: updateLiveStreamStatus - isLiveStreaming=false, allowed=false
05-07 11:49:11.117  2116 14507 I ScreenCaptureVideo: Start Video Capture
05-07 11:49:11.119  1922  1922 I AndroidPanelApp: Processing pending show layer info for layer dialog with width 540 and height 300.
05-07 11:49:11.119  1922  1922 I AndroidPanelApp: layerSupersample no changes
05-07 11:49:11.119   548 14582 D audio_hw_utils: audio_extn_utils_send_app_type_cfg: usecase->in_snd_device handset-mic-aec
05-07 11:49:11.119   548 14582 D msm8974_platform: platform_split_snd_device: snd_device(62) new_snd_devices (handset-mic-aec)
05-07 11:49:11.119   548 14582 I audio_hw_utils: send_app_type_cfg_for_device CAPTURE app_type 69938, acdb_dev_id 106, sample_rate 48000, snd_device_be_idx 3
05-07 11:49:11.120   548 14582 D msm8974_platform: platform_split_snd_device: snd_device(62) new_snd_devices (handset-mic-aec)
05-07 11:49:11.120   548 14582 D ACDB-LOADER: ACDB -> send_audio_cal, acdb_id = 106, path = 1, app id = 0x11132, sample rate = 48000
05-07 11:49:11.120   548 14582 D ACDB-LOADER: ACDB -> send_asm_topology
05-07 11:49:11.120   548 14582 D ACDB-LOADER: ACDB -> ACDB_CMD_GET_AUDPROC_STREAM_TOPOLOGY_ID
05-07 11:49:11.120   548 14582 D ACDB-LOADER: ACDB -> send_adm_topology
05-07 11:49:11.120   548 14582 D ACDB-LOADER: ACDB -> ACDB_CMD_GET_AUDPROC_COMMON_TOPOLOGY_ID
05-07 11:49:11.120   548 14582 D ACDB-LOADER: ACDB -> send_audtable
05-07 11:49:11.120   548 14582 D ACDB-LOADER: ACDB -> ACDB_CMD_GET_AUDPROC_COMMON_TABLE_SIZE
05-07 11:49:11.120   548 14582 D ACDB-LOADER: ACDB -> ACDB_CMD_GET_AUDPROC_COMMON_TABLE
05-07 11:49:11.120   548 14582 D ACDB-LOADER: ACDB -> AUDIO_SET_AUDPROC_CAL
05-07 11:49:11.120   548 14582 D ACDB-LOADER: ACDB -> send_audvoltable
05-07 11:49:11.120   548 14582 D ACDB-LOADER: ACDB -> ACDB_CMD_GET_AUDPROC_GAIN_DEP_STEP_TABLE, vol index 0
05-07 11:49:11.120   548 14582 D         : Failed to fetch the lookup information of the device 0000006A 
05-07 11:49:11.120   548 14582 E ACDB-LOADER: Error: ACDB AudProc vol returned = -19
05-07 11:49:11.120   548 14582 D ACDB-LOADER: ACDB -> AUDIO_SET_VOL_CAL cal type = 12
05-07 11:49:11.120   548 14582 D ACDB-LOADER: ACDB -> send_audstrmtable
05-07 11:49:11.120   548 14582 D ACDB-LOADER: ACDB -> ACDB_CMD_GET_AUDPROC_STREAM_TABLE_V2
05-07 11:49:11.120   548 14582 D ACDB-LOADER: ACDB -> audstrm_cal->cal_type.cal_data.cal_size = 16
05-07 11:49:11.121   548 14582 D ACDB-LOADER: ACDB -> send_afe_topology
05-07 11:49:11.121   548 14582 D ACDB-LOADER: ACDB -> ACDB_CMD_GET_AFE_TOPOLOGY_ID
05-07 11:49:11.121   548 14582 D ACDB-LOADER: ACDB -> GET_AFE_TOPOLOGY_ID for adcd_id 106, Topology Id 112fb
05-07 11:49:11.121   548 14582 D ACDB-LOADER: ACDB -> send_afe_cal
