05-05 16:56:37.139   715 12861 I [CT]    : Controllers may have been sleeping
05-05 16:56:37.139   715 12861 I [CT]    : IMU: Total Dropped: 0.000000, Total Sample Count: 32295.700000 (0.000000%)
05-05 16:56:37.139   715 12861 I [CT]    : Controller 7745273921483883046:
05-05 16:56:37.139   715 12861 I [CT]    : I
05-05 16:56:37.566   715 12798 I [CT]    : boltlib: DSP utilization(%): 15
05-05 16:56:37.657  1485 13163 W ContextImpl: Calling a method in the system process without a qualified user: android.app.ContextImpl.sendBroadcast:877 android.content.ContextWrapper.sendBroadcast:421 com.facebook.analytics2.logger.UploadServiceBus.signalJobRan:60 com.facebook.analytics2.logger.UploadJobHandler.exitStateMachine:267 com.facebook.analytics2.logger.UploadJobHandler.handleMessage:97 
05-05 16:56:37.741 12756 13035 I VrApi   : FPS=70,Prd=45ms,Tear=0,Early=0,Stale=0,VSnc=1,Lat=1,Fov=0,CPU4/GPU=3/4,1958/670MHz,OC=FF,TA=0/E0/E0,SP=N/F/F,Mem=1804MHz,Free=1229MB,PSM=0,PLS=0,Temp=32.0C/0.0C,TW=1.22ms,App=12.84ms,GD=0.00ms,CPU&GPU=20.28ms,LCnt=1,GPU%=0.98,CPU%=0.27(W0.35),DSF=1.00
05-05 16:56:38.047   715 12852 I [CT]    : L:Behavior:AtRest: deactivated
05-05 16:56:38.047   715 12852 I [CT]    : AdHocPatch: [Left] t = 66.592s, behavior transition: AtRest -> None at 66.641s
05-05 16:56:38.051  2129  2185 I GuardianSystem: UpdateGuardianSystemState: Flags changed: 524288, 532480
05-05 16:56:38.064   715 12852 I [CT]    : L:Behavior:AtRest: activated
05-05 16:56:38.064   715 12852 I [CT]    : AdHocPatch: [Left] t = 66.608s, behavior transition: None -> AtRest at 66.657s
05-05 16:56:38.075   715 12852 I [CT]    : L:Behavior:AtRest: deactivated
05-05 16:56:38.075   715 12852 I [CT]    : AdHocPatch: [Left] t = 66.620s, behavior transition: AtRest -> None at 66.669s
05-05 16:56:38.084  2129  2375 W VrApi   : ovr_SubmitFrameInternal: FrameIndex discontinuity: Expected 51329, Received 51378
05-05 16:56:38.175   715 12852 I [CT]    : L:Behavior:AtRest: activated
05-05 16:56:38.175   715 12852 I [CT]    : AdHocPatch: [Left] t = 66.720s, behavior transition: None -> AtRest at 66.769s
05-05 16:56:38.183  2129  2185 I GuardianSystem: UpdateGuardianSystemState: Flags changed: 532480, 524288
05-05 16:56:38.237   715 12852 I [CT]    : L:Behavior:AtRest: deactivated
05-05 16:56:38.237   715 12852 I [CT]    : AdHocPatch: [Left] t = 66.782s, behavior transition: AtRest -> None at 66.831s
05-05 16:56:38.249   715 12852 I [CT]    : L:Behavior:AtRest: activated
05-05 16:56:38.249   715 12852 I [CT]    : AdHocPatch: [Left] t = 66.794s, behavior transition: None -> AtRest at 66.843s
05-05 16:56:38.441  1485  2015 I UploadManager: Scheduling jobbId 2131165248 within interval (900000, 2700000)
05-05 16:56:38.747 12756 13035 I VrApi   : FPS=72,Prd=45ms,Tear=0,Early=0,Stale=6,VSnc=1,Lat=1,Fov=0,CPU4/GPU=3/4,1958/670MHz,OC=FF,TA=0/E0/E0,SP=N/F/F,Mem=1804MHz,Free=1228MB,PSM=0,PLS=0,Temp=32.0C/0.0C,TW=1.26ms,App=13.15ms,GD=0.00ms,CPU&GPU=17.82ms,LCnt=1,GPU%=0.99,CPU%=0.27(W0.33),DSF=1.00
05-05 16:56:39.028   715 12860 I [CT]    : MANAGEMENT:CONSTELLATION: Status=GREEN,, Obj=4212769887286730484,6DOF=1 (estimated),Issues(Cam/min=  0,IMU/min=0), Obj=7745273921483883046,6DOF=1,FusJit=0.0mm,Issues(Cam/min=  0,IMU/min=0)
05-05 16:56:39.742 12756 13035 I VrApi   : FPS=69,Prd=45ms,Tear=0,Early=0,Stale=3,VSnc=1,Lat=1,Fov=0,CPU4/GPU=3/4,1958/670MHz,OC=FF,TA=0/E0/E0,SP=N/F/F,Mem=1804MHz,Free=1230MB,PSM=0,PLS=0,Temp=32.0C/0.0C,TW=1.23ms,App=13.64ms,GD=0.00ms,CPU&GPU=19.08ms,LCnt=1,GPU%=0.98,CPU%=0.29(W0.36),DSF=1.00
05-05 16:56:40.039   715 12852 I [CT]    : L:Behavior:AtRest: deactivated
05-05 16:56:40.039   715 12852 I [CT]    : AdHocPatch: [Left] t = 68.585s, behavior transition: AtRest -> None at 68.633s
05-05 16:56:40.051   715 12852 I [CT]    : L:Behavior:AtRest: activated
05-05 16:56:40.051   715 12852 I [CT]    : AdHocPatch: [Left] t = 68.597s, behavior transition: None -> AtRest at 68.645s
05-05 16:56:40.065   715 12852 I [CT]    : L:Behavior:AtRest: deactivated
05-05 16:56:40.065   715 12852 I [CT]    : AdHocPatch: [Left] t = 68.611s, behavior transition: AtRest -> None at 68.659s
05-05 16:56:40.068  2129  2185 I GuardianSystem: UpdateGuardianSystemState: Flags changed: 524288, 532480
05-05 16:56:40.101  2129  2375 W VrApi   : ovr_SubmitFrameInternal: FrameIndex discontinuity: Expected 51387, Received 51444
05-05 16:56:40.119   715 12852 I [CT]    : L:Behavior:AtRest: activated
05-05 16:56:40.119   715 12852 I [CT]    : AdHocPatch: [Left] t = 68.665s, behavior transition: None -> AtRest at 68.713s
05-05 16:56:40.129  2129  2185 I GuardianSystem: UpdateGuardianSystemState: Flags changed: 532480, 524288
05-05 16:56:40.178   715 12861 I [CT]    : VIPER:MAP_MANAGER: State: TRACKING_PERSISTENT, UUID=d18585e8-d288-4997-b6ff-78495c7eed6a, Num. Persistent maps = 1,  Persistent maps:d18585e8-d288-4997-b6ff-78495c7eed6a,, Ser. Disabled = 00000000-0000-0000-0000-000000000000
05-05 16:56:40.218   715 12861 I [CT]    : VIPER: Status=6DoF,TRACKING,KF=132,Inl=248,Pts=372,Jit=0.1mm,Issues(Cam/min=0.0,IMU/min=0.0),Exp=(9.3ms,g=12.0,I=69)(7.4ms,g=9.0,I=68)(9.3ms,g=12.0,I=71)(6.9ms,g=8.0,I=68)
05-05 16:56:40.265   715 12852 I [CT]    : L:Behavior:AtRest: deactivated
05-05 16:56:40.265   715 12852 I [CT]    : AdHocPatch: [Left] t = 68.811s, behavior transition: AtRest -> None at 68.859s
05-05 16:56:40.279  2129  2185 I GuardianSystem: UpdateGuardianSystemState: Flags changed: 524288, 532480
05-05 16:56:40.279   715 12852 I [CT]    : L:Behavior:AtRest: activated
05-05 16:56:40.279   715 12852 I [CT]    : AdHocPatch: [Left] t = 68.825s, behavior transition: None -> AtRest at 68.873s
05-05 16:56:40.287   715 12852 I [CT]    : L:Behavior:AtRest: deactivated
05-05 16:56:40.287   715 12852 I [CT]    : AdHocPatch: [Left] t = 68.833s, behavior transition: AtRest -> None at 68.881s
05-05 16:56:40.312  2129  2375 W VrApi   : ovr_SubmitFrameInternal: FrameIndex discontinuity: Expected 51448, Received 51453
05-05 16:56:40.346  2121 12884 I TimeWarp: UpdateClockLevels: Apply pending clock request change: 3,4 -> 2,4
05-05 16:56:40.346  2121 12872 I Clocks  : ReleaseClocks - start
05-05 16:56:40.346   719   719 D         : CPU_CLUSTER_0: No client requests exists, release clocks
05-05 16:56:40.346   719   719 D         : CPU_CLUSTER_1: No client requests exists, release clocks
05-05 16:56:40.347   719   719 D         : GPU: No client requests exists, release clocks
05-05 16:56:40.347   719   719 D         : CPUBW: No client requests exists, release clocks
05-05 16:56:40.349  2121 12872 I Clocks  : ReleaseClocks - end (2.6 ms)
05-05 16:56:40.349  2121 12872 I Clocks  : LockClocks( cpu=2, gpu=4 ) - start
05-05 16:56:40.349  2121 12872 I Clocks  : CPU levels [0, 4]
05-05 16:56:40.349  2121 12872 I Clocks  : GPU levels [0, 5]
05-05 16:56:40.350   719   719 D         : CPU_CLUSTER_0: Client 2121 sends freq request [21, 21]
05-05 16:56:40.350   719   719 D         : CPU_CLUSTER_0: Next Perf Level = (21, 21)
05-05 16:56:40.350   719   719 D         : CPU_CLUSTER_1: Client 2121 sends freq request [18, 18]
05-05 16:56:40.350   719   719 D         : CPU_CLUSTER_1: Next Perf Level = (18, 18)
05-05 16:56:40.350   719   719 D         : CPUBW: Client 2121 sends freq request [8, 11]
05-05 16:56:40.350   719   719 D         : CPUBW: Next Perf Level = (8, 11)
05-05 16:56:40.350   719   719 D         : GPU: Client 2121 sends freq request [6, 6]
05-05 16:56:40.350   719   719 D         : GPU: Next Perf Level = (6, 6)
05-05 16:56:40.350  2121 12872 I Clocks  : LockClocks( cpu=2, gpu=4 ) - end (1.4 ms)
05-05 16:56:40.382   715 12852 I [CT]    : L:Behavior:AtRest: activated
05-05 16:56:40.382   715 12852 I [CT]    : AdHocPatch: [Left] t = 68.925s, behavior transition: None -> AtRest at 68.973s
05-05 16:56:40.383  2129  2185 I GuardianSystem: UpdateGuardianSystemState: Flags changed: 532480, 524288
05-05 16:56:40.653  2121 12884 I TimeWarp: UpdateClockLevels: Apply pending clock request change: 2,4 -> 2,5
05-05 16:56:40.653  2121 12872 I Clocks  : ReleaseClocks - start
05-05 16:56:40.653   719  2188 D         : CPU_CLUSTER_0: No client requests exists, release clocks
05-05 16:56:40.653   719  2188 D         : CPU_CLUSTER_1: No client requests exists, release clocks
05-05 16:56:40.654   719  2188 D         : GPU: No client requests exists, release clocks
05-05 16:56:40.654   719  2188 D         : CPUBW: No client requests exists, release clocks
05-05 16:56:40.654  2121 12872 I Clocks  : ReleaseClocks - end (1.4 ms)
05-05 16:56:40.654  2121 12872 I Clocks  : LockClocks( cpu=2, gpu=5 ) - start
05-05 16:56:40.655  2121 12872 I Clocks  : CPU levels [0, 4]
05-05 16:56:40.655  2121 12872 I Clocks  : GPU levels [0, 5]
05-05 16:56:40.656   719  2188 D         : CPU_CLUSTER_0: Client 2121 sends freq request [21, 21]
05-05 16:56:40.656   719  2188 D         : CPU_CLUSTER_0: Next Perf Level = (21, 21)
05-05 16:56:40.656   719  2188 D         : CPU_CLUSTER_1: Client 2121 sends freq request [18, 18]
05-05 16:56:40.656   719  2188 D         : CPU_CLUSTER_1: Next Perf Level = (18, 18)
05-05 16:56:40.656   719  2188 D         : CPUBW: Client 2121 sends freq request [8, 11]
05-05 16:56:40.656   719  2188 D         : CPUBW: Next Perf Level = (8, 11)
05-05 16:56:40.656   719  2188 D         : GPU: Client 2121 sends freq request [7, 7]
05-05 16:56:40.656   719  2188 D         : GPU: Next Perf Level = (7, 7)
05-05 16:56:40.658  2121 12872 I Clocks  : LockClocks( cpu=2, gpu=5 ) - end (3.9 ms)
05-05 16:56:40.722  2121 12884 I TimeWarp: UpdateClockLevels: Apply pending clock request change: 2,5 -> 2,4
05-05 16:56:40.722  2121 12872 I Clocks  : ReleaseClocks - start
05-05 16:56:40.726   719  2791 D         : CPU_CLUSTER_0: No client requests exists, release clocks
05-05 16:56:40.727   719  2791 D         : CPU_CLUSTER_1: No client requests exists, release clocks
05-05 16:56:40.727   719  2791 D         : GPU: No client requests exists, release clocks
05-05 16:56:40.727   719  2791 D         : CPUBW: No client requests exists, release clocks
05-05 16:56:40.728  2121 12872 I Clocks  : ReleaseClocks - end (5.6 ms)
05-05 16:56:40.728  2121 12872 I Clocks  : LockClocks( cpu=2, gpu=4 ) - start
05-05 16:56:40.728  2121 12872 I Clocks  : CPU levels [0, 4]
05-05 16:56:40.728  2121 12872 I Clocks  : GPU levels [0, 5]
05-05 16:56:40.729   719  2791 D         : CPU_CLUSTER_0: Client 2121 sends freq request [21, 21]
05-05 16:56:40.729   719  2791 D         : CPU_CLUSTER_0: Next Perf Level = (21, 21)
05-05 16:56:40.729   719  2791 D         : CPU_CLUSTER_1: Client 2121 sends freq request [18, 18]
05-05 16:56:40.729   719  2791 D         : CPU_CLUSTER_1: Next Perf Level = (18, 18)
05-05 16:56:40.730   719  2791 D         : CPUBW: Client 2121 sends freq request [8, 11]
05-05 16:56:40.730   719  2791 D         : CPUBW: Next Perf Level = (8, 11)
05-05 16:56:40.730   719  2791 D         : GPU: Client 2121 sends freq request [6, 6]
05-05 16:56:40.730   719  2791 D         : GPU: Next Perf Level = (6, 6)
05-05 16:56:40.731  2121 12872 I Clocks  : LockClocks( cpu=2, gpu=4 ) - end (3.0 ms)
05-05 16:56:41.079 12756 13035 I Telemetry: App memory usage: PSS=725MB DalvikPSS=3 MB
05-05 16:56:41.081 12756 13035 I VrApi   : FPS=72,Prd=45ms,Tear=0,Early=0,Stale=6,VSnc=1,Lat=1,Fov=0,CPU4/GPU=3/4,1651/670MHz,OC=FF,TA=0/E0/E0,SP=N/F/F,Mem=1554MHz,Free=1230MB,PSM=0,PLS=0,Temp=32.0C/0.0C,TW=1.22ms,App=13.93ms,GD=0.00ms,CPU&GPU=18.49ms,LCnt=1,GPU%=0.93,CPU%=0.23(W0.35),DSF=1.00
05-05 16:56:41.145   703   772 I crash-uploader: [Crash Reporter Rate Limiting] reset data
05-05 16:56:41.741 12756 13035 I VrApi   : FPS=69,Prd=44ms,Tear=0,Early=0,Stale=2,VSnc=1,Lat=1,Fov=0,CPU4/GPU=3/4,1651/670MHz,OC=FF,TA=0/E0/E0,SP=N/F/F,Mem=1804MHz,Free=1243MB,PSM=0,PLS=0,Temp=32.0C/0.0C,TW=1.23ms,App=13.73ms,GD=0.00ms,CPU&GPU=21.06ms,LCnt=1,GPU%=0.98,CPU%=0.23(W0.37),DSF=1.00
05-05 16:56:42.070   715 12852 I [CT]    : L:Behavior:AtRest: deactivated
05-05 16:56:42.070   715 12852 I [CT]    : AdHocPatch: [Left] t = 70.616s, behavior transition: AtRest -> None at 70.662s
05-05 16:56:42.075   715 12852 I [CT]    : L:Behavior:AtRest: activated
05-05 16:56:42.075   715 12852 I [CT]    : AdHocPatch: [Left] t = 70.622s, behavior transition: None -> AtRest at 70.668s
05-05 16:56:42.087   715 12852 I [CT]    : L:Behavior:AtRest: deactivated
05-05 16:56:42.087   715 12852 I [CT]    : AdHocPatch: [Left] t = 70.634s, behavior transition: AtRest -> None at 70.680s
05-05 16:56:42.101  2129  2185 I GuardianSystem: UpdateGuardianSystemState: Flags changed: 524288, 532480
05-05 16:56:42.133  2129  2375 W VrApi   : ovr_SubmitFrameInternal: FrameIndex discontinuity: Expected 51460, Received 51512
05-05 16:56:42.197   715 12852 I [CT]    : L:Behavior:AtRest: activated
05-05 16:56:42.197   715 12852 I [CT]    : AdHocPatch: [Left] t = 70.744s, behavior transition: None -> AtRest at 70.790s
05-05 16:56:42.204  2129  2185 I GuardianSystem: UpdateGuardianSystemState: Flags changed: 532480, 524288
05-05 16:56:42.628   715 12860 I [CT]    : MANAGEMENT:CONSTELLATION: Status=GREEN,, Obj=4212769887286730484,6DOF=1 (estimated),Issues(Cam/min=  0,IMU/min=0), Obj=7745273921483883046,6DOF=1,FusJit=0.0mm,Issues(Cam/min=  0,IMU/min=0)
05-05 16:56:42.743 12756 13035 I VrApi   : FPS=71,Prd=44ms,Tear=0,Early=0,Stale=9,VSnc=1,Lat=1,Fov=0,CPU4/GPU=2/4,1651/670MHz,OC=FF,TA=0/E0/E0,SP=N/F/F,Mem=1804MHz,Free=1243MB,PSM=0,PLS=0,Temp=32.0C/0.0C,TW=1.21ms,App=13.84ms,GD=0.00ms,CPU&GPU=18.09ms,LCnt=1,GPU%=0.99,CPU%=0.32(W0.46),DSF=1.00
05-05 16:56:42.785   715 12852 I [CT]    : L:Behavior:AtRest: deactivated
05-05 16:56:42.785   715 12852 I [CT]    : AdHocPatch: [Left] t = 71.332s, behavior transition: AtRest -> None at 71.379s
05-05 16:56:42.789  2129  2185 I GuardianSystem: UpdateGuardianSystemState: Flags changed: 524288, 532480
05-05 16:56:42.799   715 12852 I [CT]    : L:Behavior:AtRest: activated
05-05 16:56:42.799   715 12852 I [CT]    : AdHocPatch: [Left] t = 71.346s, behavior transition: None -> AtRest at 71.393s
05-05 16:56:42.814   715 12852 I [CT]    : L:Behavior:AtRest: deactivated
05-05 16:56:42.814   715 12852 I [CT]    : AdHocPatch: [Left] t = 71.360s, behavior transition: AtRest -> None at 71.407s
05-05 16:56:42.822  2129  2375 W VrApi   : ovr_SubmitFrameInternal: FrameIndex discontinuity: Expected 51519, Received 51537
05-05 16:56:42.867   715 12852 I [CT]    : L:Behavior:AtRest: activated
05-05 16:56:42.867   715 12852 I [CT]    : AdHocPatch: [Left] t = 71.414s, behavior transition: None -> AtRest at 71.461s
05-05 16:56:42.880  2129  2185 I GuardianSystem: UpdateGuardianSystemState: Flags changed: 532480, 524288
05-05 16:56:43.138   715 12861 I [CT]    : HealthReport: ==================================================
05-05 16:56:43.138   715 12861 I [CT]    : Health Report
05-05 16:56:43.138   715 12861 I [CT]    : -------------
05-05 16:56:43.138   715 12861 I [CT]    : 
05-05 16:56:43.138   715 12861 I [CT]    : Reporter #1 (InsideOutHealthMonitor) summary:
05-05 16:56:43.138   715 12861 I [CT]    : Camera: Total Dropped: 0.000000, Total Frame Count: 1784 (0.000000%), Camera Reset Count: 0
05-05 16:56:43.138   715 12861 I [CT]    : Camera: Total Single Camera Frame Dropped: 0, Total Frame Count: 1784 (0.000000%)
05-05 16:56:43.138   715 12861 I [CT]    : IMU: Total Dropped: 0.000000, Total Sample Count: 71581 (0.000000%)
05-05 16:56:43.138   715 12861 I [CT]    : Magnetometer: Total Dropped: 0.000000, Total Sample Count: 2148 (0.000000%)
05-05 16:56:43.138   715 12861 I [CT]    : 
05-05 16:56:43.138   715 12861 I [CT]    : Reporter #1 (InsideOutHealthMonitor) Passed
05-05 16:56:43.138   715 12861 I [CT]    : --------------------------------------------------
05-05 16:56:43.138   715 12861 I [CT]    : Reporter #2 (ConstellationHealthMonitor) summary:
05-05 16:56:43.138   715 12861 I [CT]    : Camera: Total Dropped: 0.000000, Total Frame Count: 1785 (0.000000%), Camera Reset Count: 1
05-05 16:56:43.138   715 12861 I [CT]    : Camera: Total Single Camera Frame Dropped: 0, Total Frame Count: 1785 (0.000000%)
05-05 16:56:43.138   715 12861 I [CT]    : Controller 4212769887286730484:
05-05 16:56:43.138   715 12861 I [CT]    : IMU: Capture period exceeded threshold.  Largest period: 1.097438 sec
05-05 16:56:43.138   715 12861 I [CT]    : Controllers may have been sleeping
05-05 16:56:43.138   715 12861 I [CT]    : IMU: Total Dropped: 0.000000, Total Sample Count: 35294.818000 (0.000000%)
05-05 16:56:43.138   715 12861 I [CT]    : Controller 7745273921483883046:
05-05 16:56:43.138   715 12861 I [CT]    : I
05-05 16:56:43.159  2121 12884 I TimeWarp: UpdateClockLevels: Apply pending clock request change: 2,4 -> 2,5
05-05 16:56:43.159  2121 12872 I Clocks  : ReleaseClocks - start
05-05 16:56:43.159   719  2791 D         : CPU_CLUSTER_0: No client requests exists, release clocks
05-05 16:56:43.159   719  2791 D         : CPU_CLUSTER_1: No client requests exists, release clocks
05-05 16:56:43.160   719  2791 D         : GPU: No client requests exists, release clocks
05-05 16:56:43.160   719  2791 D         : CPUBW: No client requests exists, release clocks
05-05 16:56:43.161  2121 12872 I Clocks  : ReleaseClocks - end (2.2 ms)
05-05 16:56:43.161  2121 12872 I Clocks  : LockClocks( cpu=2, gpu=5 ) - start
05-05 16:56:43.162  2121 12872 I Clocks  : CPU levels [0, 4]
05-05 16:56:43.162  2121 12872 I Clocks  : GPU levels [0, 5]
05-05 16:56:43.162   719  2791 D         : CPU_CLUSTER_0: Client 2121 sends freq request [21, 21]
05-05 16:56:43.162   719  2791 D         : CPU_CLUSTER_0: Next Perf Level = (21, 21)
05-05 16:56:43.162   719  2791 D         : CPU_CLUSTER_1: Client 2121 sends freq request [18, 18]
05-05 16:56:43.162   719  2791 D         : CPU_CLUSTER_1: Next Perf Level = (18, 18)
05-05 16:56:43.162   719  2791 D         : CPUBW: Client 2121 sends freq request [8, 11]
05-05 16:56:43.162   719  2791 D         : CPUBW: Next Perf Level = (8, 11)
05-05 16:56:43.163   719  2791 D         : GPU: Client 2121 sends freq request [7, 7]
05-05 16:56:43.163   719  2791 D         : GPU: Next Perf Level = (7, 7)
05-05 16:56:43.165  2121 12872 I Clocks  : LockClocks( cpu=2, gpu=5 ) - end (3.9 ms)
05-05 16:56:43.191 12756 12775 D UE4     : [GameActivity] Used memory: 742161
05-05 16:56:43.228  2121 12884 I TimeWarp: UpdateClockLevels: Apply pending clock request change: 2,5 -> 2,4
05-05 16:56:43.228  2121 12872 I Clocks  : ReleaseClocks - start
05-05 16:56:43.229   719  2043 D         : CPU_CLUSTER_0: No client requests exists, release clocks
05-05 16:56:43.229   719  2043 D         : CPU_CLUSTER_1: No client requests exists, release clocks
05-05 16:56:43.229   719  2043 D         : GPU: No client requests exists, release clocks
05-05 16:56:43.229   719  2043 D         : CPUBW: No client requests exists, release clocks
05-05 16:56:43.230  2121 12872 I Clocks  : ReleaseClocks - end (1.3 ms)
05-05 16:56:43.230  2121 12872 I Clocks  : LockClocks( cpu=2, gpu=4 ) - start
05-05 16:56:43.230  2121 12872 I Clocks  : CPU levels [0, 4]
05-05 16:56:43.230  2121 12872 I Clocks  : GPU levels [0, 5]
05-05 16:56:43.231   719  2043 D         : CPU_CLUSTER_0: Client 2121 sends freq request [21, 21]
05-05 16:56:43.231   719  2043 D         : CPU_CLUSTER_0: Next Perf Level = (21, 21)
05-05 16:56:43.231   719  2043 D         : CPU_CLUSTER_1: Client 2121 sends freq request [18, 18]
05-05 16:56:43.231   719  2043 D         : CPU_CLUSTER_1: Next Perf Level = (18, 18)
05-05 16:56:43.231   719  2043 D         : CPUBW: Client 2121 sends freq request [8, 11]
05-05 16:56:43.231   719  2043 D         : CPUBW: Next Perf Level = (8, 11)
05-05 16:56:43.231   719  2043 D         : GPU: Client 2121 sends freq request [6, 6]
05-05 16:56:43.231   719  2043 D         : GPU: Next Perf Level = (6, 6)
05-05 16:56:43.232  2121 12872 I Clocks  : LockClocks( cpu=2, gpu=4 ) - end (2.2 ms)
05-05 16:56:43.570   715 12798 I [CT]    : boltlib: DSP utilization(%): 15
05-05 16:56:43.741 12756 13035 I VrApi   : FPS=70,Prd=44ms,Tear=0,Early=0,Stale=0,VSnc=1,Lat=1,Fov=0,CPU4/GPU=2/4,1651/670MHz,OC=FF,TA=0/E0/E0,SP=N/F/F,Mem=1804MHz,Free=1240MB,PSM=0,PLS=0,Temp=32.0C/0.0C,TW=1.39ms,App=13.89ms,GD=3.11ms,CPU&GPU=19.29ms,LCnt=1,GPU%=0.98,CPU%=0.22(W0.24),DSF=1.00
05-05 16:56:43.779   715 12861 I [CT]    : VIPER:MAP_MANAGER: State: TRACKING_PERSISTENT, UUID=d18585e8-d288-4997-b6ff-78495c7eed6a, Num. Persistent maps = 1,  Persistent maps:d18585e8-d288-4997-b6ff-78495c7eed6a,, Ser. Disabled = 00000000-0000-0000-0000-000000000000
05-05 16:56:43.819   715 12861 I [CT]    : VIPER: Status=6DoF,TRACKING,KF=132,Inl=268,Pts=372,Jit=0.1mm,Issues(Cam/min=0.0,IMU/min=0.0),Exp=(9.6ms,g=12.0,I=71)(7.4ms,g=9.0,I=68)(9.6ms,g=12.0,I=71)(7.3ms,g=8.0,I=68)
05-05 16:56:44.283   715 12852 I [CT]    : L:Behavior:AtRest: deactivated
05-05 16:56:44.284   715 12852 I [CT]    : AdHocPatch: [Left] t = 72.829s, behavior transition: AtRest -> None at 72.878s
05-05 16:56:44.297  2129  2185 I GuardianSystem: UpdateGuardianSystemState: Flags changed: 524288, 532480
05-05 16:56:44.330  2129  2375 W VrApi   : ovr_SubmitFrameInternal: FrameIndex discontinuity: Expected 51543, Received 51586
05-05 16:56:44.387   715 12852 I [CT]    : L:Behavior:AtRest: activated
05-05 16:56:44.387   715 12852 I [CT]    : AdHocPatch: [Left] t = 72.933s, behavior transition: None -> AtRest at 72.981s
05-05 16:56:44.401  2129  2185 I GuardianSystem: UpdateGuardianSystemState: Flags changed: 532480, 524288
05-05 16:56:44.563   715 12852 I [CT]    : L:Behavior:AtRest: deactivated
05-05 16:56:44.563   715 12852 I [CT]    : AdHocPatch: [Left] t = 73.109s, behavior transition: AtRest -> None at 73.157s
05-05 16:56:44.577   715 12852 I [CT]    : L:Behavior:AtRest: activated
05-05 16:56:44.577   715 12852 I [CT]    : AdHocPatch: [Left] t = 73.123s, behavior transition: None -> AtRest at 73.171s
05-05 16:56:44.585   715 12852 I [CT]    : L:Behavior:AtRest: deactivated
05-05 16:56:44.585   715 12852 I [CT]    : AdHocPatch: [Left] t = 73.131s, behavior transition: AtRest -> None at 73.179s
05-05 16:56:44.616  2129  2185 I GuardianSystem: UpdateGuardianSystemState: Flags changed: 524288, 532480
05-05 16:56:44.649  2129  2375 W VrApi   : ovr_SubmitFrameInternal: FrameIndex discontinuity: Expected 51593, Received 51600
05-05 16:56:44.676  2121 12884 I TimeWarp: UpdateClockLevels: Apply pending clock request change: 2,4 -> 2,5
05-05 16:56:44.677  2121 12872 I Clocks  : ReleaseClocks - start
05-05 16:56:44.677   719  2791 D         : CPU_CLUSTER_0: No client requests exists, release clocks
05-05 16:56:44.677   719  2791 D         : CPU_CLUSTER_1: No client requests exists, release clocks
05-05 16:56:44.677   719  2791 D         : GPU: No client requests exists, release clocks
05-05 16:56:44.678   719  2791 D         : CPUBW: No client requests exists, release clocks
05-05 16:56:44.678  2121 12872 I Clocks  : ReleaseClocks - end (1.7 ms)
05-05 16:56:44.678  2121 12872 I Clocks  : LockClocks( cpu=2, gpu=5 ) - start
05-05 16:56:44.679  2121 12872 I Clocks  : CPU levels [0, 4]
05-05 16:56:44.679  2121 12872 I Clocks  : GPU levels [0, 5]
05-05 16:56:44.679   719 12880 D         : CPU_CLUSTER_0: Client 2121 sends freq request [21, 21]
05-05 16:56:44.679   719 12880 D         : CPU_CLUSTER_0: Next Perf Level = (21, 21)
05-05 16:56:44.679   719 12880 D         : CPU_CLUSTER_1: Client 2121 sends freq request [18, 18]
05-05 16:56:44.679   719 12880 D         : CPU_CLUSTER_1: Next Perf Level = (18, 18)
05-05 16:56:44.680   719 12880 D         : CPUBW: Client 2121 sends freq request [8, 11]
05-05 16:56:44.680   719 12880 D         : CPUBW: Next Perf Level = (8, 11)
05-05 16:56:44.680   719 12880 D         : GPU: Client 2121 sends freq request [7, 7]
05-05 16:56:44.680   719 12880 D         : GPU: Next Perf Level = (7, 7)
05-05 16:56:44.681  2121 12872 I Clocks  : LockClocks( cpu=2, gpu=5 ) - end (2.4 ms)
05-05 16:56:44.696   715 12852 I [CT]    : L:Behavior:AtRest: activated
05-05 16:56:44.696   715 12852 I [CT]    : AdHocPatch: [Left] t = 73.241s, behavior transition: None -> AtRest at 73.289s
05-05 16:56:44.706  2129  2185 I GuardianSystem: UpdateGuardianSystemState: Flags changed: 532480, 524288
05-05 16:56:44.748 12756 13035 I VrApi   : FPS=70,Prd=44ms,Tear=0,Early=0,Stale=12,VSnc=1,Lat=1,Fov=0,CPU4/GPU=2/4,1651/710MHz,OC=FF,TA=0/E0/E0,SP=N/F/F,Mem=1804MHz,Free=1240MB,PSM=0,PLS=0,Temp=32.0C/0.0C,TW=1.20ms,App=13.93ms,GD=0.00ms,CPU&GPU=19.07ms,LCnt=1,GPU%=0.98,CPU%=0.36(W0.40),DSF=1.00
05-05 16:56:44.751   715 12852 I [CT]    : L:Behavior:AtRest: deactivated
05-05 16:56:44.751   715 12852 I [CT]    : AdHocPatch: [Left] t = 73.297s, behavior transition: AtRest -> None at 73.345s
05-05 16:56:44.753  2129  2185 I GuardianSystem: UpdateGuardianSystemState: Flags changed: 524288, 532480
05-05 16:56:44.763   715 12852 I [CT]    : L:Behavior:AtRest: activated
05-05 16:56:44.763   715 12852 I [CT]    : AdHocPatch: [Left] t = 73.309s, behavior transition: None -> AtRest at 73.357s
05-05 16:56:44.786  2129  2375 W VrApi   : ovr_SubmitFrameInternal: FrameIndex discontinuity: Expected 51606, Received 51608
05-05 16:56:44.788  2129  2185 I GuardianSystem: UpdateGuardianSystemState: Flags changed: 532480, 524288
05-05 16:56:44.982   715 12852 I [CT]    : L:Behavior:AtRest: deactivated
05-05 16:56:44.982   715 12852 I [CT]    : AdHocPatch: [Left] t = 73.525s, behavior transition: AtRest -> None at 73.573s
05-05 16:56:44.991   715 12852 I [CT]    : L:Behavior:AtRest: activated
05-05 16:56:44.991   715 12852 I [CT]    : AdHocPatch: [Left] t = 73.537s, behavior transition: None -> AtRest at 73.585s
05-05 16:56:45.108  2121 12884 I TimeWarp: UpdateClockLevels: Apply pending clock request change: 2,5 -> 2,4
05-05 16:56:45.108  2121 12872 I Clocks  : ReleaseClocks - start
05-05 16:56:45.109   719   819 D         : CPU_CLUSTER_0: No client requests exists, release clocks
05-05 16:56:45.109   719   819 D         : CPU_CLUSTER_1: No client requests exists, release clocks
05-05 16:56:45.109   719   819 D         : GPU: No client requests exists, release clocks
05-05 16:56:45.109   719   819 D         : CPUBW: No client requests exists, release clocks
05-05 16:56:45.110  2121 12872 I Clocks  : ReleaseClocks - end (1.4 ms)
05-05 16:56:45.110  2121 12872 I Clocks  : LockClocks( cpu=2, gpu=4 ) - start
05-05 16:56:45.110  2121 12872 I Clocks  : CPU levels [0, 4]
05-05 16:56:45.111  2121 12872 I Clocks  : GPU levels [0, 5]
05-05 16:56:45.111   719  2188 D         : CPU_CLUSTER_0: Client 2121 sends freq request [21, 21]
05-05 16:56:45.111   719  2188 D         : CPU_CLUSTER_0: Next Perf Level = (21, 21)
05-05 16:56:45.111   719  2188 D         : CPU_CLUSTER_1: Client 2121 sends freq request [18, 18]
05-05 16:56:45.111   719  2188 D         : CPU_CLUSTER_1: Next Perf Level = (18, 18)
05-05 16:56:45.111   719  2188 D         : CPUBW: Client 2121 sends freq request [8, 11]
05-05 16:56:45.111   719  2188 D         : CPUBW: Next Perf Level = (8, 11)
05-05 16:56:45.112   719  2188 D         : GPU: Client 2121 sends freq request [6, 6]
05-05 16:56:45.112   719  2188 D         : GPU: Next Perf Level = (6, 6)
05-05 16:56:45.112  2121 12872 I Clocks  : LockClocks( cpu=2, gpu=4 ) - end (2.4 ms)
05-05 16:56:45.741 12756 13035 I VrApi   : FPS=70,Prd=44ms,Tear=0,Early=0,Stale=0,VSnc=1,Lat=1,Fov=0,CPU4/GPU=2/4,1651/670MHz,OC=FF,TA=0/E0/E0,SP=N/F/F,Mem=1804MHz,Free=1240MB,PSM=0,PLS=0,Temp=32.0C/0.0C,TW=1.20ms,App=13.90ms,GD=0.00ms,CPU&GPU=21.93ms,LCnt=1,GPU%=0.95,CPU%=0.27(W0.43),DSF=1.00
05-05 16:56:46.228   715 12860 I [CT]    : MANAGEMENT:CONSTELLATION: Status=GREEN,, Obj=4212769887286730484,6DOF=1 (estimated),Issues(Cam/min=  0,IMU/min=0), Obj=7745273921483883046,6DOF=1,FusJit=0.0mm,Issues(Cam/min=  0,IMU/min=0)
05-05 16:56:46.415   715 12852 I [CT]    : L:Behavior:AtRest: deactivated
05-05 16:56:46.415   715 12852 I [CT]    : AdHocPatch: [Left] t = 74.961s, behavior transition: AtRest -> None at 75.009s
05-05 16:56:46.438  2129  2185 I GuardianSystem: UpdateGuardianSystemState: Flags changed: 524288, 532480
05-05 16:56:46.471  2129  2375 W VrApi   : ovr_SubmitFrameInternal: FrameIndex discontinuity: Expected 51610, Received 51660
05-05 16:56:46.521   715 12852 I [CT]    : L:Behavior:AtRest: activated
05-05 16:56:46.521   715 12852 I [CT]    : AdHocPatch: [Left] t = 75.067s, behavior transition: None -> AtRest at 75.115s
05-05 16:56:46.528  2129  2185 I GuardianSystem: UpdateGuardianSystemState: Flags changed: 532480, 524288
05-05 16:56:46.681  2121 12884 I TimeWarp: UpdateClockLevels: Apply pending clock request change: 2,4 -> 2,5
05-05 16:56:46.681  2121 12872 I Clocks  : ReleaseClocks - start
05-05 16:56:46.682   719   719 D         : CPU_CLUSTER_0: No client requests exists, release clocks
05-05 16:56:46.682   719   719 D         : CPU_CLUSTER_1: No client requests exists, release clocks
05-05 16:56:46.682   719   719 D         : GPU: No client requests exists, release clocks
05-05 16:56:46.683   719   719 D         : CPUBW: No client requests exists, release clocks
05-05 16:56:46.683  2121 12872 I Clocks  : ReleaseClocks - end (2.1 ms)
05-05 16:56:46.683  2121 12872 I Clocks  : LockClocks( cpu=2, gpu=5 ) - start
05-05 16:56:46.685  2121 12872 I Clocks  : CPU levels [0, 4]
05-05 16:56:46.685  2121 12872 I Clocks  : GPU levels [0, 5]
05-05 16:56:46.685   719   719 D         : CPU_CLUSTER_0: Client 2121 sends freq request [21, 21]
05-05 16:56:46.685   719   719 D         : CPU_CLUSTER_0: Next Perf Level = (21, 21)
05-05 16:56:46.685   719   719 D         : CPU_CLUSTER_1: Client 2121 sends freq request [18, 18]
05-05 16:56:46.685   719   719 D         : CPU_CLUSTER_1: Next Perf Level = (18, 18)
05-05 16:56:46.685   719   719 D         : CPUBW: Client 2121 sends freq request [8, 11]
05-05 16:56:46.685   719   719 D         : CPUBW: Next Perf Level = (8, 11)
05-05 16:56:46.686   719   719 D         : GPU: Client 2121 sends freq request [7, 7]
05-05 16:56:46.686   719   719 D         : GPU: Next Perf Level = (7, 7)
05-05 16:56:46.687  2121 12872 I Clocks  : LockClocks( cpu=2, gpu=5 ) - end (3.1 ms)
05-05 16:56:46.743 12756 13035 I VrApi   : FPS=70,Prd=44ms,Tear=0,Early=0,Stale=11,VSnc=1,Lat=1,Fov=0,CPU4/GPU=2/4,1651/710MHz,OC=FF,TA=0/E0/E0,SP=N/F/F,Mem=1804MHz,Free=1242MB,PSM=0,PLS=0,Temp=32.0C/0.0C,TW=1.20ms,App=14.81ms,GD=0.00ms,CPU&GPU=18.56ms,LCnt=1,GPU%=1.00,CPU%=0.25(W0.36),DSF=1.00
05-05 16:56:46.776   715 12852 I [CT]    : L:Behavior:AtRest: deactivated
05-05 16:56:46.776   715 12852 I [CT]    : AdHocPatch: [Left] t = 75.321s, behavior transition: AtRest -> None at 75.368s
05-05 16:56:46.779  2121 12884 I TimeWarp: UpdateClockLevels: Apply pending clock request change: 2,5 -> 2,4
05-05 16:56:46.786  2121 12872 I Clocks  : ReleaseClocks - start
05-05 16:56:46.787   719   719 D         : CPU_CLUSTER_0: No client requests exists, release clocks
05-05 16:56:46.787   719   719 D         : CPU_CLUSTER_1: No client requests exists, release clocks
05-05 16:56:46.787   719   719 D         : GPU: No client requests exists, release clocks
05-05 16:56:46.787   719   719 D         : CPUBW: No client requests exists, release clocks
05-05 16:56:46.788  2121 12872 I Clocks  : ReleaseClocks - end (1.6 ms)
05-05 16:56:46.788  2121 12872 I Clocks  : LockClocks( cpu=2, gpu=4 ) - start
05-05 16:56:46.788  2121 12872 I Clocks  : CPU levels [0, 4]
05-05 16:56:46.788  2121 12872 I Clocks  : GPU levels [0, 5]
05-05 16:56:46.789   719   719 D         : CPU_CLUSTER_0: Client 2121 sends freq request [21, 21]
05-05 16:56:46.789   719   719 D         : CPU_CLUSTER_0: Next Perf Level = (21, 21)
05-05 16:56:46.789   719   719 D         : CPU_CLUSTER_1: Client 2121 sends freq request [18, 18]
05-05 16:56:46.789   719   719 D         : CPU_CLUSTER_1: Next Perf Level = (18, 18)
05-05 16:56:46.789   719   719 D         : CPUBW: Client 2121 sends freq request [8, 11]
05-05 16:56:46.789   719   719 D         : CPUBW: Next Perf Level = (8, 11)
05-05 16:56:46.790   719   719 D         : GPU: Client 2121 sends freq request [6, 6]
05-05 16:56:46.790   719   719 D         : GPU: Next Perf Level = (6, 6)
05-05 16:56:46.790  2121 12872 I Clocks  : LockClocks( cpu=2, gpu=4 ) - end (2.4 ms)
05-05 16:56:46.809  2129  2185 I GuardianSystem: UpdateGuardianSystemState: Flags changed: 524288, 532480
05-05 16:56:46.842  2129  2375 W VrApi   : ovr_SubmitFrameInternal: FrameIndex discontinuity: Expected 51666, Received 51675
05-05 16:56:46.879   715 12852 I [CT]    : L:Behavior:AtRest: activated
05-05 16:56:46.879   715 12852 I [CT]    : AdHocPatch: [Left] t = 75.425s, behavior transition: None -> AtRest at 75.472s
05-05 16:56:46.886  2129  2185 I GuardianSystem: UpdateGuardianSystemState: Flags changed: 532480, 524288
05-05 16:56:47.182  2121 12884 I TimeWarp: UpdateClockLevels: Apply pending clock request change: 2,4 -> 2,5
05-05 16:56:47.183  2121 12872 I Clocks  : ReleaseClocks - start
05-05 16:56:47.183   719   719 D         : CPU_CLUSTER_0: No client requests exists, release clocks
05-05 16:56:47.183   719   719 D         : CPU_CLUSTER_1: No client requests exists, release clocks
05-05 16:56:47.183   719   719 D         : GPU: No client requests exists, release clocks
05-05 16:56:47.184   719   719 D         : CPUBW: No client requests exists, release clocks
05-05 16:56:47.184  2121 12872 I Clocks  : ReleaseClocks - end (1.5 ms)
05-05 16:56:47.184  2121 12872 I Clocks  : LockClocks( cpu=2, gpu=5 ) - start
05-05 16:56:47.185  2121 12872 I Clocks  : CPU levels [0, 4]
05-05 16:56:47.185  2121 12872 I Clocks  : GPU levels [0, 5]
05-05 16:56:47.186   719   719 D         : CPU_CLUSTER_0: Client 2121 sends freq request [21, 21]
05-05 16:56:47.186   719   719 D         : CPU_CLUSTER_0: Next Perf Level = (21, 21)
05-05 16:56:47.187   719   719 D         : CPU_CLUSTER_1: Client 2121 sends freq request [18, 18]
05-05 16:56:47.187   719   719 D         : CPU_CLUSTER_1: Next Perf Level = (18, 18)
05-05 16:56:47.188   719   719 D         : CPUBW: Client 2121 sends freq request [8, 11]
05-05 16:56:47.188   719   719 D         : CPUBW: Next Perf Level = (8, 11)
05-05 16:56:47.188   719   719 D         : GPU: Client 2121 sends freq request [7, 7]
05-05 16:56:47.188   719   719 D         : GPU: Next Perf Level = (7, 7)
05-05 16:56:47.189  2121 12872 I Clocks  : LockClocks( cpu=2, gpu=5 ) - end (5.0 ms)
05-05 16:56:47.196  2121 12884 I TimeWarp: UpdateClockLevels: Apply pending clock request change: 2,5 -> 2,4
05-05 16:56:47.197  2121 12872 I Clocks  : ReleaseClocks - start
05-05 16:56:47.197   719  2043 D         : CPU_CLUSTER_0: No client requests exists, release clocks
05-05 16:56:47.197   719  2043 D         : CPU_CLUSTER_1: No client requests exists, release clocks
05-05 16:56:47.197   719  2043 D         : GPU: No client requests exists, release clocks
05-05 16:56:47.197   719  2043 D         : CPUBW: No client requests exists, release clocks
05-05 16:56:47.198  2121 12872 I Clocks  : ReleaseClocks - end (1.1 ms)
05-05 16:56:47.198  2121 12872 I Clocks  : LockClocks( cpu=2, gpu=4 ) - start
05-05 16:56:47.198  2121 12872 I Clocks  : CPU levels [0, 4]
05-05 16:56:47.199  2121 12872 I Clocks  : GPU levels [0, 5]
05-05 16:56:47.199   719  2043 D         : CPU_CLUSTER_0: Client 2121 sends freq request [21, 21]
05-05 16:56:47.199   719  2043 D         : CPU_CLUSTER_0: Next Perf Level = (21, 21)
05-05 16:56:47.199   719  2043 D         : CPU_CLUSTER_1: Client 2121 sends freq request [18, 18]
05-05 16:56:47.199   719  2043 D         : CPU_CLUSTER_1: Next Perf Level = (18, 18)
05-05 16:56:47.199   719  2043 D         : CPUBW: Client 2121 sends freq request [8, 11]
05-05 16:56:47.199   719  2043 D         : CPUBW: Next Perf Level = (8, 11)
05-05 16:56:47.200   719  2043 D         : GPU: Client 2121 sends freq request [6, 6]
05-05 16:56:47.200   719  2043 D         : GPU: Next Perf Level = (6, 6)
05-05 16:56:47.201  2121 12872 I Clocks  : LockClocks( cpu=2, gpu=4 ) - end (2.8 ms)
05-05 16:56:47.379   715 12861 I [CT]    : VIPER:MAP_MANAGER: State: TRACKING_PERSISTENT, UUID=d18585e8-d288-4997-b6ff-78495c7eed6a, Num. Persistent maps = 1,  Persistent maps:d18585e8-d288-4997-b6ff-78495c7eed6a,, Ser. Disabled = 00000000-0000-0000-0000-000000000000
05-05 16:56:47.419   715 12861 I [CT]    : VIPER: Status=6DoF,TRACKING,KF=132,Inl=254,Pts=372,Jit=0.1mm,Issues(Cam/min=0.0,IMU/min=0.0),Exp=(9.7ms,g=12.0,I=69)(7.5ms,g=9.0,I=68)(9.7ms,g=12.0,I=70)(7.3ms,g=8.0,I=68)
05-05 16:56:47.742 12756 13035 I VrApi   : FPS=70,Prd=44ms,Tear=0,Early=0,Stale=0,VSnc=1,Lat=1,Fov=0,CPU4/GPU=2/4,1651/670MHz,OC=FF,TA=0/E0/E0,SP=N/F/F,Mem=1804MHz,Free=1240MB,PSM=0,PLS=0,Temp=32.0C/0.0C,TW=1.39ms,App=14.26ms,GD=2.97ms,CPU&GPU=20.28ms,LCnt=1,GPU%=0.96,CPU%=0.22(W0.33),DSF=1.00
05-05 16:56:48.584   715 12852 I [CT]    : L:Behavior:AtRest: deactivated
05-05 16:56:48.584   715 12852 I [CT]    : AdHocPatch: [Left] t = 77.126s, behavior transition: AtRest -> None at 77.174s
05-05 16:56:48.591   715 12852 I [CT]    : L:Behavior:AtRest: activated
05-05 16:56:48.591   715 12852 I [CT]    : AdHocPatch: [Left] t = 77.136s, behavior transition: None -> AtRest at 77.184s
05-05 16:56:48.607   715 12852 I [CT]    : L:Behavior:AtRest: deactivated
05-05 16:56:48.607   715 12852 I [CT]    : AdHocPatch: [Left] t = 77.152s, behavior transition: AtRest -> None at 77.200s
05-05 16:56:48.622   715 12852 I [CT]    : L:Behavior:AtRest: activated
05-05 16:56:48.622   715 12852 I [CT]    : AdHocPatch: [Left] t = 77.164s, behavior transition: None -> AtRest at 77.212s
05-05 16:56:48.741 12756 13035 I VrApi   : FPS=71,Prd=44ms,Tear=0,Early=0,Stale=9,VSnc=1,Lat=1,Fov=0,CPU4/GPU=2/4,1651/670MHz,OC=FF,TA=0/E0/E0,SP=N/F/F,Mem=1804MHz,Free=1242MB,PSM=0,PLS=0,Temp=32.0C/0.0C,TW=1.21ms,App=13.91ms,GD=0.00ms,CPU&GPU=21.77ms,LCnt=1,GPU%=0.99,CPU%=0.27(W0.32),DSF=1.00
05-05 16:56:49.139   715 12861 I [CT]    : HealthReport: ==================================================
05-05 16:56:49.139   715 12861 I [CT]    : Health Report
05-05 16:56:49.139   715 12861 I [CT]    : -------------
05-05 16:56:49.139   715 12861 I [CT]    : 
05-05 16:56:49.139   715 12861 I [CT]    : Reporter #1 (InsideOutHealthMonitor) summary:
05-05 16:56:49.139   715 12861 I [CT]    : Camera: Total Dropped: 0.000000, Total Frame Count: 1934 (0.000000%), Camera Reset Count: 0
05-05 16:56:49.139   715 12861 I [CT]    : Camera: Total Single Camera Frame Dropped: 0, Total Frame Count: 1934 (0.000000%)
05-05 16:56:49.139   715 12861 I [CT]    : IMU: Total Dropped: 0.000000, Total Sample Count: 77581 (0.000000%)
05-05 16:56:49.139   715 12861 I [CT]    : Magnetometer: Total Dropped: 0.000000, Total Sample Count: 2328 (0.000000%)
05-05 16:56:49.139   715 12861 I [CT]    : 
05-05 16:56:49.139   715 12861 I [CT]    : Reporter #1 (InsideOutHealthMonitor) Passed
05-05 16:56:49.139   715 12861 I [CT]    : --------------------------------------------------
05-05 16:56:49.139   715 12861 I [CT]    : Reporter #2 (ConstellationHealthMonitor) summary:
05-05 16:56:49.139   715 12861 I [CT]    : Camera: Total Dropped: 0.000000, Total Frame Count: 1934 (0.000000%), Camera Reset Count: 1
05-05 16:56:49.139   715 12861 I [CT]    : Camera: Total Single Camera Frame Dropped: 0, Total Frame Count: 1934 (0.000000%)
05-05 16:56:49.139   715 12861 I [CT]    : Controller 4212769887286730484:
05-05 16:56:49.139   715 12861 I [CT]    : IMU: Capture period exceeded threshold.  Largest period: 1.097438 sec
05-05 16:56:49.139   715 12861 I [CT]    : Controllers may have been sleeping
05-05 16:56:49.139   715 12861 I [CT]    : IMU: Total Dropped: 0.000000, Total Sample Count: 38294.939500 (0.000000%)
05-05 16:56:49.139   715 12861 I [CT]    : Controller 7745273921483883046:
05-05 16:56:49.139   715 12861 I [CT]    : I
05-05 16:56:49.278   715 12852 I [CT]    : L:Behavior:AtRest: deactivated
05-05 16:56:49.278   715 12852 I [CT]    : AdHocPatch: [Left] t = 77.822s, behavior transition: AtRest -> None at 77.871s
05-05 16:56:49.285   715 12852 I [CT]    : L:Behavior:AtRest: activated
05-05 16:56:49.286   715 12852 I [CT]    : AdHocPatch: [Left] t = 77.830s, behavior transition: None -> AtRest at 77.879s
05-05 16:56:49.302   715 12852 I [CT]    : L:Behavior:AtRest: deactivated
05-05 16:56:49.302   715 12852 I [CT]    : AdHocPatch: [Left] t = 77.844s, behavior transition: AtRest -> None at 77.893s
05-05 16:56:49.305  2129  2185 I GuardianSystem: UpdateGuardianSystemState: Flags changed: 524288, 532480
05-05 16:56:49.339  2129  2375 W VrApi   : ovr_SubmitFrameInternal: FrameIndex discontinuity: Expected 51680, Received 51753
05-05 16:56:49.385   715 12852 I [CT]    : L:Behavior:AtRest: activated
05-05 16:56:49.385   715 12852 I [CT]    : AdHocPatch: [Left] t = 77.928s, behavior transition: None -> AtRest at 77.977s
05-05 16:56:49.396  2129  2185 I GuardianSystem: UpdateGuardianSystemState: Flags changed: 532480, 524288
05-05 16:56:49.571   715 12798 I [CT]    : boltlib: DSP utilization(%): 15
05-05 16:56:49.607   715 12852 I [CT]    : L:Behavior:AtRest: deactivated
05-05 16:56:49.607   715 12852 I [CT]    : AdHocPatch: [Left] t = 78.152s, behavior transition: AtRest -> None at 78.201s
05-05 16:56:49.616   715 12852 I [CT]    : L:Behavior:AtRest: activated
05-05 16:56:49.616   715 12852 I [CT]    : AdHocPatch: [Left] t = 78.160s, behavior transition: None -> AtRest at 78.209s
05-05 16:56:49.619  2129  2185 I GuardianSystem: UpdateGuardianSystemState: Flags changed: 524288, 532480
05-05 16:56:49.644  2129  2375 W VrApi   : ovr_SubmitFrameInternal: FrameIndex discontinuity: Expected 51759, Received 51766
05-05 16:56:49.648  2129  2185 I GuardianSystem: UpdateGuardianSystemState: Flags changed: 532480, 524288
05-05 16:56:49.689  2121 12884 I TimeWarp: UpdateClockLevels: Apply pending clock request change: 2,4 -> 2,5
05-05 16:56:49.689  2121 12872 I Clocks  : ReleaseClocks - start
05-05 16:56:49.690   719   819 D         : CPU_CLUSTER_0: No client requests exists, release clocks
05-05 16:56:49.690   719   819 D         : CPU_CLUSTER_1: No client requests exists, release clocks
05-05 16:56:49.690   719   819 D         : GPU: No client requests exists, release clocks
05-05 16:56:49.691   719   819 D         : CPUBW: No client requests exists, release clocks
05-05 16:56:49.691  2121 12872 I Clocks  : ReleaseClocks - end (2.3 ms)
05-05 16:56:49.691  2121 12872 I Clocks  : LockClocks( cpu=2, gpu=5 ) - start
05-05 16:56:49.696  2121 12872 I Clocks  : CPU levels [0, 4]
05-05 16:56:49.696  2121 12872 I Clocks  : GPU levels [0, 5]
05-05 16:56:49.697   719 12880 D         : CPU_CLUSTER_0: Client 2121 sends freq request [21, 21]
05-05 16:56:49.697   719 12880 D         : CPU_CLUSTER_0: Next Perf Level = (21, 21)
05-05 16:56:49.697   719 12880 D         : CPU_CLUSTER_1: Client 2121 sends freq request [18, 18]
05-05 16:56:49.697   719 12880 D         : CPU_CLUSTER_1: Next Perf Level = (18, 18)
05-05 16:56:49.697   719 12880 D         : CPUBW: Client 2121 sends freq request [8, 11]
05-05 16:56:49.697   719 12880 D         : CPUBW: Next Perf Level = (8, 11)
05-05 16:56:49.697   719 12880 D         : GPU: Client 2121 sends freq request [7, 7]
05-05 16:56:49.697   719 12880 D         : GPU: Next Perf Level = (7, 7)
05-05 16:56:49.699  2121 12872 I Clocks  : LockClocks( cpu=2, gpu=5 ) - end (7.4 ms)
05-05 16:56:49.748 12756 13035 I VrApi   : FPS=72,Prd=44ms,Tear=0,Early=0,Stale=0,VSnc=1,Lat=1,Fov=0,CPU4/GPU=2/4,1651/710MHz,OC=FF,TA=0/E0/E0,SP=N/F/F,Mem=1804MHz,Free=1240MB,PSM=0,PLS=0,Temp=32.0C/0.0C,TW=1.20ms,App=13.84ms,GD=0.00ms,CPU&GPU=20.72ms,LCnt=1,GPU%=0.97,CPU%=0.27(W0.30),DSF=1.00
05-05 16:56:49.829   715 12860 I [CT]    : MANAGEMENT:CONSTELLATION: Status=GREEN,, Obj=4212769887286730484,6DOF=1 (estimated),Issues(Cam/min=  0,IMU/min=0), Obj=7745273921483883046,6DOF=1,FusJit=0.0mm,Issues(Cam/min=  0,IMU/min=0)
05-05 16:56:49.911  2121 12884 I TimeWarp: UpdateClockLevels: Apply pending clock request change: 2,5 -> 2,4
05-05 16:56:49.912  2121 12872 I Clocks  : ReleaseClocks - start
05-05 16:56:49.912   719   719 D         : CPU_CLUSTER_0: No client requests exists, release clocks
05-05 16:56:49.912   719   719 D         : CPU_CLUSTER_1: No client requests exists, release clocks
05-05 16:56:49.913   719   719 D         : GPU: No client requests exists, release clocks
05-05 16:56:49.913   719   719 D         : CPUBW: No client requests exists, release clocks
05-05 16:56:49.913  2121 12872 I Clocks  : ReleaseClocks - end (1.4 ms)
05-05 16:56:49.913  2121 12872 I Clocks  : LockClocks( cpu=2, gpu=4 ) - start
05-05 16:56:49.914  2121 12872 I Clocks  : CPU levels [0, 4]
05-05 16:56:49.914  2121 12872 I Clocks  : GPU levels [0, 5]
05-05 16:56:49.914   719   719 D         : CPU_CLUSTER_0: Client 2121 sends freq request [21, 21]
05-05 16:56:49.914   719   719 D         : CPU_CLUSTER_0: Next Perf Level = (21, 21)
05-05 16:56:49.915   719   719 D         : CPU_CLUSTER_1: Client 2121 sends freq request [18, 18]
05-05 16:56:49.915   719   719 D         : CPU_CLUSTER_1: Next Perf Level = (18, 18)
05-05 16:56:49.915   719   719 D         : CPUBW: Client 2121 sends freq request [8, 11]
05-05 16:56:49.915   719   719 D         : CPUBW: Next Perf Level = (8, 11)
05-05 16:56:49.915   719   719 D         : GPU: Client 2121 sends freq request [6, 6]
05-05 16:56:49.915   719   719 D         : GPU: Next Perf Level = (6, 6)
05-05 16:56:49.915  2121 12872 I Clocks  : LockClocks( cpu=2, gpu=4 ) - end (2.1 ms)
05-05 16:56:50.743 12756 13035 I VrApi   : FPS=70,Prd=44ms,Tear=0,Early=0,Stale=0,VSnc=1,Lat=1,Fov=0,CPU4/GPU=2/4,1651/670MHz,OC=FF,TA=0/E0/E0,SP=N/F/F,Mem=1804MHz,Free=1242MB,PSM=0,PLS=0,Temp=32.0C/0.0C,TW=1.24ms,App=12.60ms,GD=0.00ms,CPU&GPU=20.51ms,LCnt=1,GPU%=0.96,CPU%=0.27(W0.41),DSF=1.00
05-05 16:56:50.978   715 12861 I [CT]    : VIPER:MAP_MANAGER: State: TRACKING_PERSISTENT, UUID=d18585e8-d288-4997-b6ff-78495c7eed6a, Num. Persistent maps = 1,  Persistent maps:d18585e8-d288-4997-b6ff-78495c7eed6a,, Ser. Disabled = 00000000-0000-0000-0000-000000000000
05-05 16:56:51.019   715 12861 I [CT]    : VIPER: Status=6DoF,TRACKING,KF=132,Inl=260,Pts=372,Jit=0.2mm,Issues(Cam/min=0.0,IMU/min=0.0),Exp=(10.1ms,g=12.0,I=67)(7.7ms,g=9.0,I=68)(10.1ms,g=12.0,I=71)(7.2ms,g=8.0,I=69)
05-05 16:56:51.094   715 12852 I [CT]    : L:Behavior:AtRest: deactivated
05-05 16:56:51.094   715 12852 I [CT]    : AdHocPatch: [Left] t = 79.639s, behavior transition: AtRest -> None at 79.687s
05-05 16:56:51.095  2129  2185 I GuardianSystem: UpdateGuardianSystemState: Flags changed: 524288, 532480
05-05 16:56:51.128  2129  2375 W VrApi   : ovr_SubmitFrameInternal: FrameIndex discontinuity: Expected 51768, Received 51812
05-05 16:56:51.206  2121 12884 I TimeWarp: UpdateClockLevels: Apply pending clock request change: 2,4 -> 2,5
05-05 16:56:51.207  2121 12872 I Clocks  : ReleaseClocks - start
05-05 16:56:51.208   719  2188 D         : CPU_CLUSTER_0: No client requests exists, release clocks
05-05 16:56:51.208   719  2188 D         : CPU_CLUSTER_1: No client requests exists, release clocks
05-05 16:56:51.208   719  2188 D         : GPU: No client requests exists, release clocks
05-05 16:56:51.208   719  2188 D         : CPUBW: No client requests exists, release clocks
05-05 16:56:51.209  2121 12872 I Clocks  : ReleaseClocks - end (1.8 ms)
05-05 16:56:51.209  2121 12872 I Clocks  : LockClocks( cpu=2, gpu=5 ) - start
05-05 16:56:51.209  2121 12872 I Clocks  : CPU levels [0, 4]
05-05 16:56:51.209  2121 12872 I Clocks  : GPU levels [0, 5]
05-05 16:56:51.209   719  2188 D         : CPU_CLUSTER_0: Client 2121 sends freq request [21, 21]
05-05 16:56:51.209   719  2188 D         : CPU_CLUSTER_0: Next Perf Level = (21, 21)
05-05 16:56:51.209   719  2188 D         : CPU_CLUSTER_1: Client 2121 sends freq request [18, 18]
05-05 16:56:51.210   719  2188 D         : CPU_CLUSTER_1: Next Perf Level = (18, 18)
05-05 16:56:51.210   719  2188 D         : CPUBW: Client 2121 sends freq request [8, 11]
05-05 16:56:51.210   719  2188 D         : CPUBW: Next Perf Level = (8, 11)
05-05 16:56:51.210   719  2188 D         : GPU: Client 2121 sends freq request [7, 7]
05-05 16:56:51.210   719  2188 D         : GPU: Next Perf Level = (7, 7)
05-05 16:56:51.211  2121 12872 I Clocks  : LockClocks( cpu=2, gpu=5 ) - end (2.1 ms)
05-05 16:56:51.224   715 12852 I [CT]    : L:Behavior:AtRest: activated
05-05 16:56:51.225   715 12852 I [CT]    : AdHocPatch: [Left] t = 79.767s, behavior transition: None -> AtRest at 79.815s
05-05 16:56:51.228  2129  2185 I GuardianSystem: UpdateGuardianSystemState: Flags changed: 532480, 524288
05-05 16:56:51.582  2121 12884 I TimeWarp: UpdateClockLevels: Apply pending clock request change: 2,5 -> 2,4
05-05 16:56:51.583  2121 12872 I Clocks  : ReleaseClocks - start
05-05 16:56:51.583   719 12880 D         : CPU_CLUSTER_0: No client requests exists, release clocks
05-05 16:56:51.583   719 12880 D         : CPU_CLUSTER_1: No client requests exists, release clocks
05-05 16:56:51.584   719 12880 D         : GPU: No client requests exists, release clocks
05-05 16:56:51.584   719 12880 D         : CPUBW: No client requests exists, release clocks
05-05 16:56:51.584  2121 12872 I Clocks  : ReleaseClocks - end (1.5 ms)
05-05 16:56:51.584  2121 12872 I Clocks  : LockClocks( cpu=2, gpu=4 ) - start
05-05 16:56:51.585  2121 12872 I Clocks  : CPU levels [0, 4]
05-05 16:56:51.585  2121 12872 I Clocks  : GPU levels [0, 5]
05-05 16:56:51.585   719 12880 D         : CPU_CLUSTER_0: Client 2121 sends freq request [21, 21]
05-05 16:56:51.585   719 12880 D         : CPU_CLUSTER_0: Next Perf Level = (21, 21)
05-05 16:56:51.585   719 12880 D         : CPU_CLUSTER_1: Client 2121 sends freq request [18, 18]
05-05 16:56:51.585   719 12880 D         : CPU_CLUSTER_1: Next Perf Level = (18, 18)
05-05 16:56:51.585   719 12880 D         : CPUBW: Client 2121 sends freq request [8, 11]
05-05 16:56:51.585   719 12880 D         : CPUBW: Next Perf Level = (8, 11)
05-05 16:56:51.586   719 12880 D         : GPU: Client 2121 sends freq request [6, 6]
05-05 16:56:51.586   719 12880 D         : GPU: Next Perf Level = (6, 6)
05-05 16:56:51.586  2121 12872 I Clocks  : LockClocks( cpu=2, gpu=4 ) - end (2.0 ms)
