05-05 12:35:16.916  1782 12039 I FbnsPushNotificationHandler: {"persisted_id":"","ndid":"c00c5d0e-3351-4cc0-93f5-31052fbec8a9G5a4e3ea7b83e2G5d2d6f062f27G1fc0","extra_data":"{\"user_with_updated_status\":\"102449717587751\",\"presence\":\"Home | Quest\",\"app_id\":1481000308606657,\"friend_display_name\":\"Pau Fenollosa\"}","PushNotifID":"c00c5d0e-3351-4cc0-93f5-31052fbec8a9"}
05-05 12:35:16.916  1782 12039 I NotificationReceiver: oculus_user_status
05-05 12:35:16.921  1782 12039 I NotificationReceiver: Notification cannot be toasted without a message. Hiding notif
05-05 12:35:16.939  2131 11759 I TimeWarp: UpdateClockLevels: Apply pending clock request change: 4,4 -> 3,4
05-05 12:35:16.940  2131 11754 I Clocks  : ReleaseClocks - start
05-05 12:35:16.940   723  1272 D         : CPU_CLUSTER_0: No client requests exists, release clocks
05-05 12:35:16.940   723  1272 D         : CPU_CLUSTER_1: No client requests exists, release clocks
05-05 12:35:16.941   723  1272 D         : GPU: No client requests exists, release clocks
05-05 12:35:16.941   723  1272 D         : CPUBW: No client requests exists, release clocks
05-05 12:35:16.942  2131 11754 I Clocks  : ReleaseClocks - end (2.1 ms)
05-05 12:35:16.942  2131 11754 I Clocks  : LockClocks( cpu=3, gpu=4 ) - start
05-05 12:35:16.943  2131 11754 I Clocks  : CPU levels [0, 4]
05-05 12:35:16.943  2131 11754 I Clocks  : GPU levels [0, 5]
05-05 12:35:16.943   723  2725 D         : CPU_CLUSTER_0: Client 2131 sends freq request [21, 21]
05-05 12:35:16.943   723  2725 D         : CPU_CLUSTER_0: Next Perf Level = (21, 21)
05-05 12:35:16.943   723  2725 D         : CPU_CLUSTER_1: Client 2131 sends freq request [22, 22]
05-05 12:35:16.943   723  2725 D         : CPU_CLUSTER_1: Next Perf Level = (22, 22)
05-05 12:35:16.944   723  2725 D         : CPUBW: Client 2131 sends freq request [8, 11]
05-05 12:35:16.944   723  2725 D         : CPUBW: Next Perf Level = (8, 11)
05-05 12:35:16.945   723  2725 D         : GPU: Client 2131 sends freq request [6, 6]
05-05 12:35:16.945   723  2725 D         : GPU: Next Perf Level = (6, 6)
05-05 12:35:16.945  2131 11754 I Clocks  : LockClocks( cpu=3, gpu=4 ) - end (3.1 ms)
05-05 12:35:16.957 11236 11265 I RvrPnl  : FPS=70.3698/138.445/40.4801, MSPF=0.0142106/7.22307/24.7035, MEMALLOC=24.3368
05-05 12:35:17.014 11236 11297 I RCTVRNET: Request complete: time=92 name=OCRelayNetwork_ExploreWidgetsQueryRendererRefetchQuery docid=3281481848536696 traceid=CgH1RW9B1RO code=200
05-05 12:35:17.434  1481 12040 W ContextImpl: Calling a method in the system process without a qualified user: android.app.ContextImpl.sendBroadcast:877 android.content.ContextWrapper.sendBroadcast:421 com.facebook.analytics2.logger.UploadServiceBus.signalJobRan:60 com.facebook.analytics2.logger.UploadJobHandler.exitStateMachine:267 com.facebook.analytics2.logger.UploadJobHandler.handleMessage:97 
05-05 12:35:17.443  1079  1158 W InputDispatcher: channel '9df5e30 com.YourCompany.ToysGame/com.epicgames.ue4.GameActivity (server)' ~ Consumer closed input channel or an error occurred.  events=0x9
05-05 12:35:17.443  1079  1158 E InputDispatcher: channel '9df5e30 com.YourCompany.ToysGame/com.epicgames.ue4.GameActivity (server)' ~ Channel is unrecoverably broken and will be disposed!
05-05 12:35:17.444  2145  2172 D VrGuardianService: VrGuardianService: binderDied: com.YourCompany.ToysGame
05-05 12:35:17.444  2131  3672 D VrRuntimeService: VrRuntimeService: binderDied: com.YourCompany.ToysGame
05-05 12:35:17.444  2131  3672 D VrRuntimeService: VrRuntimeService: destroyClientInternal: com.YourCompany.ToysGame, pid: 11576, window: null
05-05 12:35:17.444  2131  3672 I ClientMgr: ClientMgr::DestroyClient: 11576:com.YourCompany.ToysGame
05-05 12:35:17.444  2131  3672 I ClientMgr: ClientMgr::DestroyClient Destroying 2 swapchains for 11576:com.YourCompany.ToysGame
05-05 12:35:17.444  2131  3672 I ClientMgr: ClientMgr::DestroyClient: non-deferred ShutdownResources: 3328 == 3328 
05-05 12:35:17.444  2131  3672 I BufferObject: ovrBufferObjectFactory::Shutdown
05-05 12:35:17.444  2131  3672 I BufferObject: ovrBufferObjectFactory: closing fd=89
05-05 12:35:17.444  2131  3672 I BufferObject: ovrBufferObjectFactory: unmapping Vulkan memory
05-05 12:35:17.444  2131  3672 I BufferObject: ovrBufferObjectFactory: destroying Vulkan buffer=547138239232
05-05 12:35:17.444  2131  3672 I BufferObject: ovrBufferObjectFactory: freeing Vulkan memory=547142439616
05-05 12:35:17.446  1079  1104 D GraphicsStats: Buffer count: 3
05-05 12:35:17.446  1079  1605 I WindowManager: WIN DEATH: Window{5188486 u0 SurfaceView - com.YourCompany.ToysGame/com.epicgames.ue4.GameActivity}
05-05 12:35:17.447  1079  1105 I ActivityManager: Process com.YourCompany.ToysGame (pid 11576) has died
05-05 12:35:17.447  1079  1487 D ConnectivityService: ConnectivityService NetworkRequestInfo binderDied(NetworkRequest [ LISTEN id=18, [ Capabilities: NOT_RESTRICTED&TRUSTED&NOT_VPN&FOREGROUND] ], android.os.BinderProxy@9757147)
05-05 12:35:17.447  1079  1105 D ActivityManager: cleanUpApplicationRecord -- 11576
05-05 12:35:17.451  1079  1182 E ConnectivityService: RemoteException caught trying to send a callback msg for NetworkRequest [ LISTEN id=18, [ Capabilities: NOT_RESTRICTED&TRUSTED&NOT_VPN&FOREGROUND] ]
05-05 12:35:17.457  1079  9905 I WindowManager: WIN DEATH: Window{9df5e30 u0 com.YourCompany.ToysGame/com.epicgames.ue4.GameActivity}
05-05 12:35:17.457  1079  9905 W InputDispatcher: Attempted to unregister already unregistered input channel '9df5e30 com.YourCompany.ToysGame/com.epicgames.ue4.GameActivity (server)'
05-05 12:35:17.524  1851 12019 I VrApi   : FPS=70,Prd=45ms,Tear=0,Early=68,Stale=3,VSnc=1,Lat=1,Fov=0,CPU4/GPU=4/4,1958/670MHz,OC=FF,TA=0/E0/0,SP=N/F/N,Mem=1804MHz,Free=1406MB,PSM=0,PLS=0,Temp=32.0C/0.0C,TW=2.12ms,App=5.99ms,GD=0.00ms,CPU&GPU=9.85ms,LCnt=4,GPU%=0.52,CPU%=0.11(W0.24),DSF=1.00
05-05 12:35:17.908  1851  2416 I OVRPlatform: [CurlHttpClient] Executing HTTP request: https://graph.oculus.com//v1.20/me?fields=current_party{id,leader{id},join_policy,users{id,alias,can_viewer_message,display_name,profile_url,profile_url_small,presence,presence_status,presence_app{id,package_name},presence_deeplink_joinable,presence_deeplink_message,presence_destination_api_name,presence_scoped_user_id,avatar_v2{avatar_image{uri}}},invited_users{id,alias,can_viewer_message,display_name,profile_url,profile_url_small,presence,presence_status,presence_app{id,package_name},avatar_v2{avatar_image{uri}}}}&app_version=210946745
05-05 12:35:17.966 11236 11265 I RvrPnl  : FPS=72.3807/234.561/45.0805, MSPF=0.0138158/4.26328/22.1826, MEMALLOC=24.3368
05-05 12:35:18.004  1851  2419 I OVRPlatform: [HttpRequest] Request `me?fields=current_party{id,leader{id},join_policy,users{id,alias,can_viewer_message,display_name,profile_url,profile_url_small,presence,presence_status,presence_app{id,package_name},presence_deeplink_joinable,presence_deeplink_message,presence_destination_api_name,presence_scoped_user_id,avatar_v2{avatar_image{uri}}},invited_users{id,alias,can_viewer_message,display_name,profile_url,profile_url_small,presence,presence_status,presence_app{id,package_name},avatar_v2{avatar_image{uri}}}}' (id: 8575) succeeded: {"id":"102449717587751"}
05-05 12:35:18.004  1851  2419 I OVRPlatform: [RequestStopwatch] HttpRequestAsync (me?fields=current_party{id,leader{id},join_policy,users{id,alias,can_viewer_message,display_name,profile_url,profile_url_small,presence,presence_status,presence_app{id,package_name},presence_deeplink_joinable,presence_deeplink_message,presence_destination_api_name,presence_scoped_user_id,avatar_v2{avatar_image{uri}}},invited_users{id,alias,can_viewer_message,display_name,profile_url,profile_url_small,presence,presence_status,presence_app{id,package_name},avatar_v2{avatar_image{uri}}}}) took 96.0260 milliseconds
05-05 12:35:18.005  1851  1914 I [OAR] PartyManager: Party Response Parse Time: 0.057552ms
05-05 12:35:18.012  1481  2025 I UploadManager: Scheduling jobbId 2131165248 within interval (900000, 2700000)
05-05 12:35:18.116   716 11739 I [CT]    : MANAGEMENT:CONSTELLATION: Status=GREEN,, Obj=7745273921483883046,6DOF=1,FusJit=0.005mm,Issues(Cam/min=  0,IMU/min=0), Obj=4212769887286730484,6DOF=1 (estimated),Issues(Cam/min=  0,IMU/min=0)
05-05 12:35:18.228  1079  1478 I WifiHAL : event received NL80211_CMD_VENDOR, vendor_id = 0x1374, subcmd = 0x6a
05-05 12:35:18.270  1079  1884 I SyncBossHAL: syncboss_hal_prox.c(41): INFO: Reporting prox event: prox_off
05-05 12:35:18.270  1079  1154 D SensorsHAL: returning 1 events to client
05-05 12:35:18.270  1553  1553 D VrPowerManagerService: processing message: sensor changed
05-05 12:35:18.271  1553  1553 I VrPowerManagerService: transition from HEADSET_MOUNTED to HEADSET_UNMOUNTED
05-05 12:35:18.272  1851  1914 I VrApi   : ovr_HandleHmdEvents: HMT was UNmounted
05-05 12:35:18.277  1505  1521 D VrPowerManagerClient: Headset state: 3
05-05 12:35:18.277  1505  1521 V ControllerNotifications: Handling unmount notification
05-05 12:35:18.277  2131  2131 D VrRuntimeService: Received broadcast: com.oculus.intent.action.MOUNT_STATE_CHANGED
05-05 12:35:18.277  2131  2131 D VrRuntimeService: mounted state: false
05-05 12:35:18.278   716  2833 D TrackingService: Received transition request to STANDBY current is RUNNING
05-05 12:35:18.278   716  2833 D TrackingService: Executing transition from RUNNING to STANDBY
05-05 12:35:18.280  1782  1782 I VRLifecycleSessionManager: Stored session info.
05-05 12:35:18.280  2131  2282 I ClientMgr: Headset was unmounted
05-05 12:35:18.280  2131  2282 I VrRuntimeServer: SetCompositorClientEnabled client(2): enabled(1) 0x7f7e5340e8
05-05 12:35:18.280  1079  1478 I WifiHAL : event received NL80211_CMD_VENDOR, vendor_id = 0x1374, subcmd = 0x6b
05-05 12:35:18.283  1851  1914 I [OAR] ShellApp: HMD Mount State Changed - unmounted
05-05 12:35:18.283  1851  1914 W [OAR] LegacyDesktop: LegacyDesktop::FlushAnalytics does not do anything
05-05 12:35:18.283  1851  1914 I [OAR] VrShellDesktopBase: Backgrounding all active monitors on desktop
05-05 12:35:18.283  1851  1914 I [OAR] PanelAppHost: OnBackground
05-05 12:35:18.283  1851  1914 I [OAR] PanelAppHost: Panel app 14 (com.oculus.vrshell.home/com.oculus.vrshell.home.ExploreService) changing state from foreground to background
05-05 12:35:18.283  1851  1914 D [OAR] ShellApplication: notify OS to set com.oculus.vrshell.home/com.oculus.vrshell.home.ExploreService to BACKGROUND
05-05 12:35:18.283   549  3012 D audio_hw_primary: adev_set_mic_mute state 0
05-05 12:35:18.284  1851  1914 I [OAR] PanelAppHost: com.oculus.vrshell.home/com.oculus.vrshell.home.ExploreService:14 is now backgrounded due to: hmdDismount
05-05 12:35:18.284 11236 11265 I RCTVR   : AppState backgroundReason [hmdDismount]
05-05 12:35:18.284 11236 11265 I RCTVR_Shutdown: Initiated webserver shutdown
05-05 12:35:18.284 11236 11265 I RCTVR_Shutdown: StreamingManagerService shutdown
05-05 12:35:18.284 11236 11265 I RCTVR_Shutdown: Webby shutdown
05-05 12:35:18.286  2131  2166 I VrRuntimeService: nativeDestroyTextureSwapChain 220
05-05 12:35:18.286 11236 11265 I RCTVR_Shutdown: AppState went background
05-05 12:35:18.286 11236 11265 I RCTVR_Shutdown: Headset status changed
05-05 12:35:18.293   716 11669 I [CT]    : boltlib: DSP utilization(%): 16
05-05 12:35:18.293  1782  1782 W VRLifecycleManager: onHeadsetUnmounted
05-05 12:35:18.295  1782  1782 I PlatformPluginManager: setHeadsetMountState: false
05-05 12:35:18.296  1782  1782 I OVRPlatform: [AudioManager] SetHeadsetMounted: false
05-05 12:35:18.297  1782  1782 I OVRPlatform: [AudioManager] Current headsetMounted_ false
05-05 12:35:18.297  1782  1782 I OVRPlatform: [AudioManager] Current headphoneStatus_: DISCONNECTED
05-05 12:35:18.297  1782  1782 I OVRPlatform: [PartyChatWebRTC] Setting connection MicrophoneMutedState MUTED
05-05 12:35:18.300  1782 11712 I OVRPlatform: [PartyChatWebRTC] Updating playback mode to 0
05-05 12:35:18.301  1079  1169 D WifiQualifiedNetworkSelector:: ==========start qualified Network Selection==========
05-05 12:35:18.302  1079  1169 D WifiQualifiedNetworkSelector:: Current network is: "BOEY" ,ID is: 0
05-05 12:35:18.302  2145  2191 I GuardianSystem: rsapi_PollEvent: rsEventRelocDurationUpdate: 0
05-05 12:35:18.302  2145  2191 I GuardianSystem: rsapi_PollEvent: rsEventSetClientMgrState. IsHeadsetMounted: 0, SuppressErrors: 1, ResetErrorState: 0
05-05 12:35:18.303  1079  1169 D WifiQualifiedNetworkSelector:: Current band dose not match user preference. Start Qualified Network Selection Current band = 2.4GHz bandUserPreference band = 0
05-05 12:35:18.303  1079  1169 D WifiQualifiedNetworkSelector:: Current network is not qualified
05-05 12:35:18.307  1079  1169 D WifiQualifiedNetworkSelector:: Saved Network List
05-05 12:35:18.307  1079  1169 D WifiQualifiedNetworkSelector::     "BOEY":0  User Preferred BSSID:null FQDN:null NETWORK_SELECTION_ENABLED Disable account: 0 0 0 0 0 0 0 0 0 0 Connect Choice:null set time:-1
05-05 12:35:18.328  1079  1169 D WifiQualifiedNetworkSelector::  skipped due to low signal
05-05 12:35:18.328  1079  1169 D WifiQualifiedNetworkSelector:: vodafoneAAMET6:d4:b9:2f:33:86:a0 / MOVISTAR_7AAD:e4:ab:89:79:7a:ae /  skipped due to not saved
05-05 12:35:18.328  1079  1169 D WifiQualifiedNetworkSelector::  
05-05 12:35:18.329  1079  1169 D WifiQualifiedNetworkSelector::  skipped due to not valid SSID
05-05 12:35:18.330  1079  1169 D WifiQualifiedNetworkSelector::  RSSI score: 100 Same network with current associated. Bonus: 16 Same BSSID with current association. Bonus: 24 Secure network Bonus:80 Score for scanResult: SSID: BOEY, BSSID: 84:16:f9:9b:3c:d6, capabilities: [WPA-PSK-CCMP+TKIP][WPA2-PSK-CCMP+TKIP][WPS][ESS], level: -48, frequency: 2462, timestamp: 8409907264, distance: ?(cm), distanceSd: ?(cm), passpoint: no, ChannelBandwidth: 0, centerFreq0: 0, centerFreq1: 0, 80211mcResponder: is not supported and Network ID: 0 final score:220
05-05 12:35:18.330  1079  1169 D WifiQualifiedNetworkSelector:: 
05-05 12:35:18.330  1079  1169 D WifiQualifiedNetworkSelector::  RSSI score: 100 Same network with current associated. Bonus: 16 Secure network Bonus:80 Score for scanResult: SSID: BOEY, BSSID: b4:2a:0e:fa:90:bd, capabilities: [WPA-PSK-CCMP+TKIP][WPA2-PSK-CCMP+TKIP][WPS][ESS], level: -60, frequency: 2462, timestamp: 8409913294, distance: ?(cm), distanceSd: ?(cm), passpoint: no, ChannelBandwidth: 0, centerFreq0: 0, centerFreq1: 0, 80211mcResponder: is not supported and Network ID: 0 final score:196
05-05 12:35:18.330  1079  1169 D WifiQualifiedNetworkSelector:: 
05-05 12:35:18.330  1079  1169 D WifiQualifiedNetworkSelector:: After user choice adjust, the final candidate is:"BOEY":0 : 84:16:f9:9b:3c:d6
05-05 12:35:18.331  1079  1169 D WifiQualifiedNetworkSelector:: "BOEY":0 is already the best choice!
05-05 12:35:18.406   696   696 D GatekeeperNativeService: Using value 1 for gk arvr_gk_nimble_mfjlp, user=0
05-05 12:35:18.407   696   789 D GatekeeperNativeService: Using value 1 for gk oculus_blob_size_checker_gk, user=0
05-05 12:35:18.408   696  5686 D GatekeeperNativeService: Using value 1 for gk oculus_enable_background_subtraction_gk, user=0
05-05 12:35:18.411   696   696 D GatekeeperNativeService: Using value 0 for gk oculus_enable_ht_quest_vrsrecording, user=0
05-05 12:35:18.413   696   789 D GatekeeperNativeService: Using value 0 for gk oculus_gk_is_dogfood, user=0
05-05 12:35:18.414   696  5686 D GatekeeperNativeService: Using value 0 for gk oculus_gk_is_employee, user=0
05-05 12:35:18.415   696   696 D GatekeeperNativeService: Using value 0 for gk oculus_gk_is_qa, user=0
05-05 12:35:18.417   696   789 D GatekeeperNativeService: Using value 0 for gk oculus_gk_is_spatial_ai, user=0
05-05 12:35:18.417   696  5686 D GatekeeperNativeService: Using value 1 for gk oculus_mapmerging_gk, user=0
05-05 12:35:18.419   696   696 D GatekeeperNativeService: Using value 0 for gk oculus_telemetry_gk_generic_1, user=0
05-05 12:35:18.419   696   789 D GatekeeperNativeService: Using value 0 for gk oculus_telemetry_gk_generic_2, user=0
05-05 12:35:18.423   696  5686 D GatekeeperNativeService: Using value 0 for gk oculus_telemetry_gk_generic_3, user=0
05-05 12:35:18.424   696   696 D GatekeeperNativeService: Using value 0 for gk oculus_telemetry_gk_generic_4, user=0
05-05 12:35:18.425   696   789 D GatekeeperNativeService: Using value 0 for gk oculus_telemetry_gk_generic_5, user=0
05-05 12:35:18.427 11236 11284 I RCTVR_HERMES: Hermes Mem: numCollections 52, allocatedBytes 8516904, heapSize 18353768, va 16777216
05-05 12:35:18.427 11236 11265 I RCTVR_Shutdown: JS synced
05-05 12:35:18.428 11236 11265 I RCTVR_Shutdown: Native modules flushed
05-05 12:35:18.428 11236 11265 I RCTVR_Shutdown: OnBackground complete
05-05 12:35:18.430   696  5686 D GatekeeperNativeService: Using value 0 for gk oculus_vr_keyboard_enabled, user=0
05-05 12:35:18.432   716 11749 I [CT]    : TELEMETRY_COLLECTOR: Sending event: constellation_periodic
05-05 12:35:18.433   716 11749 I [CT]    : TELEMETRY_COLLECTOR: Sending event: relocalization_periodic
05-05 12:35:18.434   716 11749 I [CT]    : TELEMETRY_COLLECTOR: Sending event: oculus_boltcv_periodic
05-05 12:35:18.435   716 11749 I [CT]    : TELEMETRY_COLLECTOR: Sending event: insideout_periodic
05-05 12:35:18.438   716 11749 I [CT]    : TELEMETRY_COLLECTOR: Sending event: constellation_periodic
05-05 12:35:18.439   716 11749 I [CT]    : TELEMETRY_COLLECTOR: Sending event: constellation_periodic
05-05 12:35:18.440   716 11749 I [CT]    : TELEMETRY_COLLECTOR: Sending event: map_periodic
05-05 12:35:18.440   716 11749 I [CT]    : NIMBLE:HLOG: NimbleTelemetryAggregator::populateTelemetry
05-05 12:35:18.444   716 11749 I [CT]    : TELEMETRY_COLLECTOR: Sending event: nimble_periodic
05-05 12:35:18.445   716 11749 I [CT]    : TELEMETRY_COLLECTOR: Sending event: attitude_ekf_periodic
05-05 12:35:18.523  1851 12019 I VrApi   : FPS=72,Prd=45ms,Tear=0,Early=70,Stale=0,VSnc=1,Lat=1,Fov=0,CPU4/GPU=3/4,1958/670MHz,OC=FF,TA=0/E0/0,SP=N/F/N,Mem=1804MHz,Free=1401MB,PSM=0,PLS=0,Temp=32.0C/0.0C,TW=1.96ms,App=3.60ms,GD=0.00ms,CPU&GPU=10.27ms,LCnt=4,GPU%=0.58,CPU%=0.18(W0.21),DSF=1.00
05-05 12:35:18.545   716 11740 I [CT]    : HealthReport: ==================================================
05-05 12:35:18.545   716 11740 I [CT]    : Health Report
05-05 12:35:18.545   716 11740 I [CT]    : -------------
05-05 12:35:18.545   716 11740 I [CT]    : 
05-05 12:35:18.545   716 11740 I [CT]    : Reporter #1 (InsideOutHealthMonitor) summary:
05-05 12:35:18.545   716 11740 I [CT]    : Camera: Total Dropped: 0.000000, Total Frame Count: 1500 (0.000000%), Camera Reset Count: 0
05-05 12:35:18.545   716 11740 I [CT]    : Camera: Total Single Camera Frame Dropped: 0, Total Frame Count: 1500 (0.000000%)
05-05 12:35:18.545   716 11740 I [CT]    : IMU: Total Dropped: 0.000000, Total Sample Count: 60247 (0.000000%)
05-05 12:35:18.545   716 11740 I [CT]    : Magnetometer: Total Dropped: 0.000000, Total Sample Count: 1808 (0.000000%)
05-05 12:35:18.545   716 11740 I [CT]    : 
05-05 12:35:18.545   716 11740 I [CT]    : Reporter #1 (InsideOutHealthMonitor) Passed
05-05 12:35:18.545   716 11740 I [CT]    : --------------------------------------------------
05-05 12:35:18.545   716 11740 I [CT]    : Reporter #2 (ConstellationHealthMonitor) summary:
05-05 12:35:18.545   716 11740 I [CT]    : Camera: Total Dropped: 0.000000, Total Frame Count: 1500 (0.000000%), Camera Reset Count: 1
05-05 12:35:18.545   716 11740 I [CT]    : Camera: Total Single Camera Frame Dropped: 0, Total Frame Count: 1500 (0.000000%)
05-05 12:35:18.545   716 11740 I [CT]    : Controller 7745273921483883046:
05-05 12:35:18.545   716 11740 I [CT]    : IMU: Capture period exceeded threshold.  Largest period: 1.953918 sec
05-05 12:35:18.545   716 11740 I [CT]    : Controllers may have been sleeping
05-05 12:35:18.545   716 11740 I [CT]    : IMU: Total Dropped: 0.000000, Total Sample Count: 29206.412500 (0.000000%)
05-05 12:35:18.545   716 11740 I [CT]    : Controller 4212769887286730484:
05-05 12:35:18.545   716 11740 I [CT]    : I
05-05 12:35:18.944  2131 11759 I TimeWarp: UpdateClockLevels: Apply pending clock request change: 3,4 -> 2,4
05-05 12:35:18.944  2131 11754 I Clocks  : ReleaseClocks - start
05-05 12:35:18.944   723   830 D         : CPU_CLUSTER_0: No client requests exists, release clocks
05-05 12:35:18.944   723   830 D         : CPU_CLUSTER_1: No client requests exists, release clocks
05-05 12:35:18.945   723   830 D         : GPU: No client requests exists, release clocks
05-05 12:35:18.945   723   830 D         : CPUBW: No client requests exists, release clocks
05-05 12:35:18.946  2131 11754 I Clocks  : ReleaseClocks - end (1.7 ms)
05-05 12:35:18.946  2131 11754 I Clocks  : LockClocks( cpu=2, gpu=4 ) - start
05-05 12:35:18.947  2131 11754 I Clocks  : CPU levels [0, 4]
05-05 12:35:18.947  2131 11754 I Clocks  : GPU levels [0, 5]
05-05 12:35:18.947   723   830 D         : CPU_CLUSTER_0: Client 2131 sends freq request [21, 21]
05-05 12:35:18.947   723   830 D         : CPU_CLUSTER_0: Next Perf Level = (21, 21)
05-05 12:35:18.947   723   830 D         : CPU_CLUSTER_1: Client 2131 sends freq request [18, 18]
05-05 12:35:18.947   723   830 D         : CPU_CLUSTER_1: Next Perf Level = (18, 18)
05-05 12:35:18.947   723   830 D         : CPUBW: Client 2131 sends freq request [8, 11]
05-05 12:35:18.947   723   830 D         : CPUBW: Next Perf Level = (8, 11)
05-05 12:35:18.948   723   830 D         : GPU: Client 2131 sends freq request [6, 6]
05-05 12:35:18.948   723   830 D         : GPU: Next Perf Level = (6, 6)
05-05 12:35:18.948  2131 11754 I Clocks  : LockClocks( cpu=2, gpu=4 ) - end (2.2 ms)
05-05 12:35:19.072   716 11726 I [CT]    : L:Behavior:NearHeadMoving: state transition: TorsoInitialized -> InRange
05-05 12:35:19.072   716 11726 I [CT]    : L:Behavior:NearHeadMoving: state transition: InRange -> Init
05-05 12:35:19.073   716 11726 I [CT]    : L:Behavior:NearHeadMoving: state transition: Init -> TorsoInitialized
05-05 12:35:19.075   716 11726 I [CT]    : L:Behavior:NearHeadMoving: state transition: TorsoInitialized -> InRange
