05-08 14:15:46.007  1830  1904 I [OAR] PanelAppAnalytics: Panel render last: 495297ms avg: 52424ms for com.oculus.systemux/com.oculus.panelapp.anytimeui.AnytimeUIAndroidPanelService
05-08 14:15:46.008  1923  1923 I [OAR] AnytimeUIAndroidPanelAppBase: updateControllerBattery - left, 0 percent
05-08 14:15:46.009  1923  1923 I [OAR] AnytimeUIAndroidPanelAppBase: updateControllerBattery - right, 0 percent
05-08 14:15:46.009  1923  1923 I [OAR] AnytimeUIAndroidPanelAppBase: updateLocalStreamState - false
05-08 14:15:46.009   547  1211 D audio_hw_primary: adev_open_input_stream: enter: sample_rate(48000) channel_mask(0x10) devices(0x80000004)        stream_handle(0xe89bd740) io_handle(366) source(1) format 1
05-08 14:15:46.013  9318  9373 I RCTVR   : JavaScript[0xded2fc68], Avg 1940.14166352048005, Max 5176641.98681700043, MaxInLast 492251.908431001008
05-08 14:15:46.013  9318  9373 I RCTVR_HERMES: Hermes Mem: numCollections 94, allocatedBytes 9302091, heapSize 18478440, va 16777216
05-08 14:15:46.014  2139 13867 W TimeWarp: WarpToScreen: No completed frames to display for client 0. submittedFrameIndex = 1
05-08 14:15:46.022   547 13942 I AudioFlinger: AudioFlinger's thread 0xe6383000 ready to run
05-08 14:15:46.022   547 13942 D audio_hw_primary: in_standby: enter: stream (0xe89bd740) usecase(16: audio-record)
05-08 14:15:46.025  9318  9357 I RCTVRMEM: Total Allocated Space: 20780192, Total Free Space: 9628512, JavaScript Heap Size: 9302091
05-08 14:15:46.025  1923  1935 I CppPanelService: verifyVrShellUID(Debug Signatures=false, uid=10028) => apkSignatureResult=SigCertInfo(isTrusted=true, packageNames=[com.oculus.vrshell], signature=3082038d30820275a00302010202041303858a300d06092a864886f70d01010b05003077310b3009060355040613025553310b3009060355040813024341311330110603550407130a4d656e6c6f205061726b31173015060355040a130e4f63756c75732056522c204c4c4331173015060355040b130e4f63756c75732056522c204c4c43311430120603550403130b4f63756c75732041707073301e170d3134313033303231343032315a170d3432303331373231343032315a3077310b3009060355040613025553310b3009060355040813024341311330110603550407130a4d656e6c6f205061726b31173015060355040a130e4f63756c75732056522c204c4c4331173015060355040b130e4f63756c75732056522c204c4c43311430120603550403130b4f63756c7573204170707330820122300d06092a864886f70d01010105000382010f003082010a0282010100a34c7fbd96dea95d811f21a0d760cabca85f2df5dbe19b62aca7a3e3e0b6e48f7e173345f2753c458d639cc2e222eeee4cfb5e89ac1c5060044414056709a43a7f1a6f1e4f2c3d708c48912634be08ad6da1fff92d9c0d4b85e4bc8a8b1c27de84c04eb1e6577c10693500af46beaf7bd2ce72a06a46f4e565859f242cecbef1a431ae8096db712cebe73840bacc64de6b99077ba1ca8c20e5d0b4870bd161f087abbf568dfef58e604068ca6f7cdea183c8681c306bc30cb223e7c5ce3a2fcf00d13e158475b3700ef62dcca46c57baecca4d91052e20b861a1a085d5fc8e99aed8c4a9cfd550d01e54ef5062133befcf7f9ea6a5a1d1575a72cd82279f34030203010001a321301f301d0603551d0e04160414ec7ccdaf8ccdc6dd1b87d4b561582ad8ec397b80300d06092a864886f70d01010b0500038201010014c557ecddc17ba8b979618036e7093b8e7307f624644532c31239f4dc83fd9424267ca7670fa9f78689cbc5bfd8a6312fdc214bd159d614a8753ceec0f2b2d9166217895b13c992e1d10ca625a3153dacfa51dbdb7fde139bd59510f5add29f88be3826b445ce7386dcf06577be72fbdf118fa81179091fad275981409e02d40422d8e86df5827a2c496a4b905b4825c3f1ba0af4cf509bf9b0d4d608cf0b4320ac60d1a8cbcc384de24f11a4c93c0fc5b887cbd6855871af1b1ef729c51a8a123efc6a627b6494e81a264587443b9156ad17772863c2f9685fae9c72a552b333f8ef2822bce5d4d178e45b3a8dd4e321924f6a5ba43f732971a9e74cbf0433), time=13 ms
05-08 14:15:46.025  9318  9357 I RvrPnl  : FPS=0.0426295/91.973/0.00203114, MSPF=23.4579/10.8728/492335, MEMALLOC=19.8175
05-08 14:15:46.028  2139 13867 W TimeWarp: WarpToScreen: No completed frames to display for client 0. submittedFrameIndex = 1
05-08 14:15:46.030   547 13942 D audio_hw_primary: in_standby: enter: stream (0xe89bd740) usecase(16: audio-record)
05-08 14:15:46.041   547  6109 W AudioFlinger::EffectModule: EffectModule 0xe783ad80 destructor called with unreleased interface
05-08 14:15:46.041   547  6109 W AudioFlinger::EffectHandle: disconnect Effect handle 0xe7839280 disconnected after thread destruction
05-08 14:15:46.042  2139 13867 W TimeWarp: WarpToScreen: No completed frames to display for client 0. submittedFrameIndex = 1
05-08 14:15:46.043   547  6109 D audio_hw_primary: adev_close_input_stream: enter:stream_handle(0xe89bd740)
05-08 14:15:46.044   547  6109 D audio_hw_primary: in_standby: enter: stream (0xe89bd740) usecase(16: audio-record)
05-08 14:15:46.048  1923  1923 I AndroidPanelApp: Processing pending hide layer for layer toast.
05-08 14:15:46.049  1923  1923 D CppPanelService: BEGIN: Initializing panel application via MSG_CREATE_PANEL_APP.
05-08 14:15:46.050  1923  1923 D CppPanelService: Falling back to last known good shell api level for 16.0.0.139.450
05-08 14:15:46.050  1923  1923 D CppPanelService: Configuring service for Shell with versionName 16.0.0.139.450 and versionCode 210946745 selected API Level 2
05-08 14:15:46.050  1923  1923 D [OAR] DialogPanelApp: DialogPanelApp()
05-08 14:15:46.050  1923  1923 I DialogPanel: Created
05-08 14:15:46.050  1923  1923 I DialogUI: Creating GlInfo
05-08 14:15:46.052  1923  1923 I DialogUI: Creating DialogContext
05-08 14:15:46.052  1923  1923 I DialogUI: GLES3::LoadGLFunctions()
05-08 14:15:46.052  1923  1923 I DialogUI: GL_InitExtensions()
05-08 14:15:46.052  1923  1923 I OVR_GlUtils: es3 = TRUE
05-08 14:15:46.053  1923  1923 I OVR_GlUtils: GL_MAX_TEXTURE_SIZE = 16384
05-08 14:15:46.053  1923  1923 I OVR_GlUtils: GL_MAX_VERTEX_UNIFORM_VECTORS = 256
05-08 14:15:46.053  1923  1923 I OVR_GlUtils: GL_MAX_FRAGMENT_UNIFORM_VECTORS = 256
05-08 14:15:46.053  1923  1923 I DialogUI: Create Player
05-08 14:15:46.056  2139 13867 W TimeWarp: WarpToScreen: No completed frames to display for client 0. submittedFrameIndex = 1
05-08 14:15:46.056  1923  1923 I nanovg_gl: Failed to find /nvgshr_shaderDiffuse.bin
05-08 14:15:46.056  1923  1923 I RCTVR   : Compiling shader: 'shaderDiffuse'
05-08 14:15:46.058  1923  1923 I nanovg_gl: Failed to find /nvgshr_shaderDiffuseExternalTexture.bin
05-08 14:15:46.058  1923  1923 I RCTVR   : Compiling shader: 'shaderDiffuseExternalTexture'
05-08 14:15:46.059  1923  1923 I nanovg_gl: Failed to find /nvgshr_shaderDiffuseRCAO.bin
05-08 14:15:46.059  1923  1923 I RCTVR   : Compiling shader: 'shaderDiffuseRCAO'
05-08 14:15:46.060  1923  1923 I nanovg_gl: Failed to find /nvgshr_shaderDiffuseRCAOExternalTexture.bin
05-08 14:15:46.060  1923  1923 I RCTVR   : Compiling shader: 'shaderDiffuseRCAOExternalTexture'
05-08 14:15:46.062  1923  1923 I DialogUI: Initialize ANativeWindows
05-08 14:15:46.062  1923  1923 I DialogUI: Initializing Surfaces
05-08 14:15:46.062  1923  1923 I DialogUI: Intialize surfaces
05-08 14:15:46.062  1923  1923 I DialogUI: Initialization complete
05-08 14:15:46.062  1923 13948 I AsyncFonts: FStart
05-08 14:15:46.062  1923  1923 I CppPanelService: BEGIN: nativeInitializePanelInstance - Configure and set up thread polling.
05-08 14:15:46.062  1923  1923 I CppPanelService: BEGIN: Call hosted app's Configure method.
05-08 14:15:46.062  1923  1923 I CppPanelService: END: Call hosted app's Configure method.
05-08 14:15:46.062  1923 13948 I ReactNativeContextGL: attempt loading default
05-08 14:15:46.062  1923  1923 I CppPanelService: END: nativeInitializePanelInstance - Add fd 48 to looper with error code 1
05-08 14:15:46.062  1923  1923 D CppPanelService: END: Initializing panel application via MSG_CREATE_PANEL_APP.
05-08 14:15:46.062  1923 13948 I ReactNativeContextGL: attempt loading sans-serif-Medium
05-08 14:15:46.062  1923 13948 I ReactNativeContextGL: attempt loading sans-serif-Normal
05-08 14:15:46.062  1923 13948 I ReactNativeContextGL: attempt loading sans-serif-Light
05-08 14:15:46.062  1923 13948 I ReactNativeContextGL: attempt loading sans-serif-Bold
05-08 14:15:46.062  1923 13948 I ReactNativeContextGL: attempt loading emoji
05-08 14:15:46.063  1830  1904 I OVRPlatform: [AndroidPlatformIntegration] Creating shared mic
05-08 14:15:46.063  1830  1904 I [OAR] PanelRenderLayer: New SurfaceLayer 1328 x 528 (shape: 2)
05-08 14:15:46.063  1923 13948 I ReactNativeContextGL: attempt loading arabic
05-08 14:15:46.063  1923 13948 I ReactNativeContextGL: attempt loading cjk
05-08 14:15:46.064  2139  2158 I VrRuntimeService: nativeCreateTextureSwapChain api:gles 0 0x8c43 1328 528 11 3 1 0 0
05-08 14:15:46.066  1923 13948 I AsyncFonts: FComplete
05-08 14:15:46.067  2139  2158 I VrRuntimeServer: CreateTextureSwapChain: result importswapchaingles 1
05-08 14:15:46.069  1830  1904 I [OAR] TelemetryProvider: aui_reorient system 0 0 0 
05-08 14:15:46.069  2139 13867 W TimeWarp: WarpToScreen: No completed frames to display for client 0. submittedFrameIndex = 1
05-08 14:15:46.071  1830  1904 I VrApi   : ovr_HandleHmdEvents: HMT was mounted
05-08 14:15:46.071  1830 13950 I VrRuntimeClient: FenceChecker::MainLoop - started
05-08 14:15:46.075  1830  1904 I [OAR] PanelAppHost: Setting panel layer visibility of layer "toast" to invisible
05-08 14:15:46.075  1830  1904 I [OAR] PanelRenderLayer: ResetSurface 512 x 750 - shape:2 stereo:0
05-08 14:15:46.078  1923  1923 I DialogPanel: Handling NextFrameActionType::CursorShow
05-08 14:15:46.078  1923  1923 I DialogPanel: Handling NextFrameActionType::LayerHide for layer videos
05-08 14:15:46.078  1923  1923 I DialogPanel: Handling common dialog with host vrshell, package com.oculus.vrshell, service com.oculus.vrshell, and definition: {"type":"common","dialogId":"common_system_dialog_app_launch_blocked_controller_required","parameters":{"launch_immediately_after":"true","package_name":"com.YourCompany.ToysGame"}}
05-08 14:15:46.078  1923  1923 I DialogPanel: Getting common system dialog definition for dialog ID "common_system_dialog_app_launch_blocked_controller_required".
05-08 14:15:46.078  2139 13867 I Clocks  : SetSchedFifo( tid=1904, pri=1 ) succeeded
05-08 14:15:46.078  1923  1923 I [OAR] DialogPanelApp: Getting common system dialog definition for dialog ID "common_system_dialog_app_launch_blocked_controller_required".
05-08 14:15:46.079  1923  1923 D [OAR] AppLaunchBlockedControllerRequiredDialog: AppLaunchBlockedControllerRequiredDialog()
05-08 14:15:46.079  1923  1923 I DialogPanel: Handling custom dialog with host vrshell, package com.oculus.vrshell, service com.oculus.vrshell, and definition: {"type":"custom","dialogId":"common_system_dialog_app_launch_blocked_controller_required","title":"Switch to Controllers","body":"After you've picked up your controllers, please return to the centre of your playing area and select <b>Continue<\/b>.","primaryButton":{"action":"continue","text":"Continue","disabled":true},"secondaryButton":{"action":"cancel","text":"Cancel"},"controllerBackButton":{"action":"cancel"}}
05-08 14:15:46.079  1923  1923 I DialogUI: Creating Dialog
05-08 14:15:46.079  1923  1923 I DialogUI: Setting Dialog to render to #main
05-08 14:15:46.079  1923  1923 I RCTVR   : Create root
05-08 14:15:46.079  2139 13867 I Clocks  : SetSchedFifo( tid=13950, pri=1 ) succeeded
05-08 14:15:46.080  1923  1923 I DialogUI: Updating config with title: Switch to Controllers
05-08 14:15:46.080  2139 13867 I Clocks  : SetSchedFifo( tid=2368, pri=1 ) succeeded
05-08 14:15:46.080  2139 13867 I TimeWarp: UpdateClockLevels: Apply pending clock request change: 2,3 -> 4,4
05-08 14:15:46.080  2139 13861 I Clocks  : ReleaseClocks - start
05-08 14:15:46.081   724  1242 D         : CPU_CLUSTER_0: No client requests exists, release clocks
05-08 14:15:46.081   724  1242 D         : CPU_CLUSTER_1: No client requests exists, release clocks
05-08 14:15:46.081   724  1242 D         : GPU: No client requests exists, release clocks
05-08 14:15:46.082   724  1242 D         : CPUBW: No client requests exists, release clocks
05-08 14:15:46.082  2139 13861 I Clocks  : ReleaseClocks - end (2.0 ms)
05-08 14:15:46.082  2139 13861 I Clocks  : LockClocks( cpu=4, gpu=4 ) - start
05-08 14:15:46.083  2139 13861 I Clocks  : CPU levels [0, 4]
05-08 14:15:46.083  2139 13861 I Clocks  : GPU levels [0, 5]
05-08 14:15:46.083   724 10485 D         : CPU_CLUSTER_0: Client 2139 sends freq request [21, 21]
05-08 14:15:46.083   724 10485 D         : CPU_CLUSTER_0: Next Perf Level = (21, 21)
05-08 14:15:46.083   724 10485 D         : CPU_CLUSTER_1: Client 2139 sends freq request [26, 26]
05-08 14:15:46.083   724 10485 D         : CPU_CLUSTER_1: Next Perf Level = (26, 26)
05-08 14:15:46.083   724 10485 D         : CPUBW: Client 2139 sends freq request [8, 11]
05-08 14:15:46.083   724 10485 D         : CPUBW: Next Perf Level = (8, 11)
05-08 14:15:46.084  2139 13867 W TimeWarp: WarpToScreen: No completed frames to display for client 0. submittedFrameIndex = 3
05-08 14:15:46.084   724 10485 D         : GPU: Client 2139 sends freq request [6, 6]
05-08 14:15:46.084   724 10485 D         : GPU: Next Perf Level = (6, 6)
05-08 14:15:46.091  9318  9357 I ReactPlayerCommon: getPerformanceStats: {}
05-08 14:15:46.096  2139  2317 I VrRuntimeServer: SetCompositorClientEnabled client(2): enabled(0) 0x0
05-08 14:15:46.096  2116  2145 I LibraryProvider: running queryApp(com.YourCompany.ToysGame) for com.oculus.uid:10043
05-08 14:15:46.097  2116  2145 W LibraryProvider: Cannot find entitlement for com.YourCompany.ToysGame
05-08 14:15:46.097  1787  1787 W OVRLibrary: null cursor received for query content://com.oculus.ocms.library/apps/com.YourCompany.ToysGame
05-08 14:15:46.101  1787  7479 I PlatformPluginManager: Adding client com.oculus.horizon.service.OVRService@2a4d28f
05-08 14:15:46.102  1787  7479 I OVRPlatform: [MicrophoneServer] Starting mic server with client 0xb2ed52f0
05-08 14:15:46.102  1787  7479 D OVRPlatform-OVRMicrophone: start - current state Uninitialized
05-08 14:15:46.105  2139 13867 I TimeWarp: Tear: 0.021483 (since wakeup: 0.021381)
05-08 14:15:46.106  2139 13867 I TimeWarp: Tear: 0.015233 (since wakeup: 0.000538)
05-08 14:15:46.106  2139 13867 I Vsync   : Vsync 197:  2 x 13.92 ms (71.82 Hz, at 13388.575)
05-08 14:15:46.106  2139 13867 I TimeWarp: Adjusting 197.11 > 196 to 197
05-08 14:15:46.106  2139 13861 I Clocks  : LockClocks( cpu=4, gpu=4 ) - end (23.6 ms)
05-08 14:15:46.107   547   600 D audio_hw_primary: adev_open_input_stream: enter: sample_rate(48000) channel_mask(0x10) devices(0x80000004)        stream_handle(0xe89bc980) io_handle(374) source(1) format 1
05-08 14:15:46.108  2146  2191 I GuardianSystem: rsapi_PollEvent: rsEventForceShowGuardian. ForceIndefinitely: 0, ForceTimeInSeconds: 0.00, ForceCamera: 0
05-08 14:15:46.108  2146  2191 I GuardianSystem: ForceShowGuardian: false, 0.00
05-08 14:15:46.112  2139 13867 I TimeWarpProgs: loaded binary layerProgram 0:0x21887:0x0 in 0.7 ms
05-08 14:15:46.113  2139 13867 I TimeWarpProgs: loaded binary layerProgram 0:0x20085:0x0 in 0.4 ms
05-08 14:15:46.113  2139 13867 I TimeWarpProgs: loaded binary layerProgram 2:0x20087:0x0 in 0.4 ms
05-08 14:15:46.114  1830  1904 I [OAR] PanelAppHost: Setting panel layer visibility of layer "videos" to invisible
05-08 14:15:46.114   547 13959 I AudioFlinger: AudioFlinger's thread 0xe6383d80 ready to run
05-08 14:15:46.115   547 13959 D audio_hw_primary: in_standby: enter: stream (0xe89bc980) usecase(16: audio-record)
05-08 14:15:46.120  1923  1923 I nanovg  : Creating new font page 1 of size: 256x128
05-08 14:15:46.121  1923  1923 I ReactPlayerMini: SetSurfaceSizeForEGL 0, 512, 750
05-08 14:15:46.121   547 13959 D audio_hw_primary: in_standby: enter: stream (0xe89bc980) usecase(16: audio-record)
05-08 14:15:46.124  1787  7479 I OVRPlatform-OVRMicrophone: AudioRecord session ID: 1025, audio format: 2, channels: 1, sample rate: 48000
05-08 14:15:46.125  2116  2136 E Security-LocalReporter: UID '10043' is shared by multiple packages: [com.oculus.home, com.oculus.horizon]
05-08 14:15:46.130  1787  7479 I OVRPlatform-OVRMicrophone: AcousticEchoCanceler available
05-08 14:15:46.133  1787  7479 I OVRPlatform-OVRMicrophone: AcousticEchoCanceler created, enabling
05-08 14:15:46.133  1787  7479 I OVRPlatform-OVRMicrophone: AcousticEchoCanceler enable: 0
05-08 14:15:46.136  1787  7479 I OVRPlatform-OVRMicrophone: NoiseSuppressor available
05-08 14:15:46.141  1830  1904 I [OAR] PanelAppAnalytics: First frame latency: 0.158 for id 17 com.oculus.systemux/com.oculus.panelapp.dialog.DialogPanelService
05-08 14:15:46.142  1830  1904 I [OAR] PanelRenderLayer: New SurfaceLayer 512 x 750 (shape: 2)
05-08 14:15:46.142  1787  7479 I OVRPlatform-OVRMicrophone: NoiseSuppressor created, enabling
05-08 14:15:46.142  2139  2160 I VrRuntimeService: nativeCreateTextureSwapChain api:gles 0 0x8c43 512 750 10 3 1 0 0
05-08 14:15:46.144  2139  2160 I VrRuntimeServer: CreateTextureSwapChain: result importswapchaingles 1
05-08 14:15:46.147  1787  7479 I OVRPlatform-OVRMicrophone: NoiseSuppressor enable: 0
05-08 14:15:46.147  1787  7479 D OVRPlatform-OVRMicrophone: State changed to Initialized
05-08 14:15:46.152  2116  2335 I LibraryProvider: running queryAllApps() for com.oculus.vrshell.home
05-08 14:15:46.155  9318  9318 I HomeApplication: onUserId
05-08 14:15:46.179  2139  2317 I InputManager: HANDTRACKING hand 1 status set to OutOfView
05-08 14:15:46.184  1830  1904 I [OAR] PanelAppAnalytics: Panel render last: 496118ms avg: 49660ms for com.oculus.vrshell.home/com.oculus.vrshell.home.ExploreService
05-08 14:15:46.193  9318 13951 D APIInterceptor: intercept original headers:
05-08 14:15:46.193  9318 13951 D APIInterceptor: Host: graph.oculus.com
05-08 14:15:46.193  9318 13951 D APIInterceptor: Connection: Keep-Alive
05-08 14:15:46.193  9318 13951 D APIInterceptor: Accept-Encoding: gzip
05-08 14:15:46.193  9318  9329 I art     : Background partial concurrent mark sweep GC freed 7831(347KB) AllocSpace objects, 0(0B) LOS objects, 40% free, 2MB/3MB, paused 5.673ms total 16.864ms
05-08 14:15:46.193  9318 13951 D APIInterceptor: User-Agent: okhttp/3.6.0
05-08 14:15:46.196  1787  7479 D AudioRecord: updateAppOpsRecordAudio: checkOp OP_RECORD_AUDIO for com.oculus.horizon returns: 0 (ALLOWED)
05-08 14:15:46.196   547   599 I SoundTriggerHwService::Module: void android::SoundTriggerHwService::Module::onCallbackEvent(const sp<android::SoundTriggerHwService::CallbackEvent> &) no clients
05-08 14:15:46.198   547 13959 D audio_hw_primary: in_set_parameters: enter: kvpairs=input_source=1;routing=-2147483644
05-08 14:15:46.198  2116  2136 I LibraryProvider: running queryApp(com.YourCompany.ToysGame) for com.oculus.uid:10043
05-08 14:15:46.198  2116  2136 W LibraryProvider: Cannot find entitlement for com.YourCompany.ToysGame
05-08 14:15:46.199  1787  1787 W OVRLibrary: null cursor received for query content://com.oculus.ocms.library/apps/com.YourCompany.ToysGame
05-08 14:15:46.199   547 13959 D audio_hw_primary: start_input_stream: enter: stream(0xe89bc980)usecase(16: audio-record)
05-08 14:15:46.199   547 13959 E audio_hw_extn: audio_extn_perf_lock_acquire: Incorrect params, Failed to acquire perf lock, err 
05-08 14:15:46.199   547 13959 D audio_hw_primary: select_devices for use case (audio-record)
05-08 14:15:46.199   547 13959 D audio_hw_primary: select_devices: out_snd_device(0: ) in_snd_device(62: handset-mic-aec)
05-08 14:15:46.199   547 13959 I msm8974_platform: platform_check_and_set_capture_codec_backend_cfg:txbecf: afe: bitwidth 16, samplerate 48000, channel 1, backend_idx 7 usecase = 16 device (handset-mic-aec)
05-08 14:15:46.200   547 13959 I msm8974_platform: platform_check_capture_codec_backend_cfg:txbecf: afe: Codec selected backend: 7 current bit width: 16 and sample rate: 48000, channels 1
05-08 14:15:46.200   547 13959 W msm8974_platform: platform_get_backend_index:napb: Invalid device - 0 
05-08 14:15:46.200   547 13959 I msm8974_platform: platform_check_capture_codec_backend_cfg:txbecf: afe: Codec selected backend: 7 updated bit width: 16 and sample rate: 48000
05-08 14:15:46.200   547 13959 D audio_hw_primary: check_usecases_capture_codec_backend:becf: force routing 0
05-08 14:15:46.200   547 13959 D hardware_info: hw_info_append_hw_type : device_name = handset-mic-aec
05-08 14:15:46.200   547 13959 D msm8974_platform: platform_split_snd_device: snd_device(62) new_snd_devices (handset-mic-aec)
05-08 14:15:46.200   547 13959 D audio_hw_primary: enable_snd_device: snd_device(62: handset-mic-aec)
05-08 14:15:46.200  2685 13846 E [CT]    : NIMBLE:ExposureControl: Unable to compute adjustment without histogram data
05-08 14:15:46.201  1787  1787 I PlatformPluginManager: onAppStart com.YourCompany.ToysGame false
05-08 14:15:46.201  1787  7479 I OVRPlatform-OVRMicrophone: start - recorder.startRecording 26.02401ms
05-08 14:15:46.206  1787  7479 I OVRPlatform-OVRMicrophone: start - AudioThread startup 4.516041ms
05-08 14:15:46.206  1787  7479 D OVRPlatform-OVRMicrophone: State changed to Recording
05-08 14:15:46.206  1787  7479 I OVRPlatform: [MicrophoneServer] Adding connection 0xb2ed52f0, has local client: no
05-08 14:15:46.207  1787  7479 I OVRPlatform: [PCMTransfer] Created socket pair, sender: 159, receiver: 160
05-08 14:15:46.207  1787  1787 I PlatformPluginManager: onAppStart - Stopping party chat passthrough
05-08 14:15:46.207  1787  1787 I PlatformPlugin: [PlatformPluginManager] SetSystemVoipPassthrough 0
05-08 14:15:46.207  9318 13951 D APIInterceptor: intercept modified headers:
05-08 14:15:46.207  9318 13951 D APIInterceptor: Host: graph.oculus.com
05-08 14:15:46.207  9318 13951 D APIInterceptor: Connection: Keep-Alive
05-08 14:15:46.207  9318 13951 D APIInterceptor: Accept-Encoding: gzip
05-08 14:15:46.207  9318 13951 D APIInterceptor: X-Build-Model: Oculus Quest
05-08 14:15:46.207  9318 13951 D APIInterceptor: X-Build-Number: 210938855
05-08 14:15:46.207  9318 13951 D APIInterceptor: X-ANDROID-ID: 13720d2a49fddeae
05-08 14:15:46.207  9318 13951 D APIInterceptor: X-OC-Selected-Headset-Serial: 1PASH9BQ720132
05-08 14:15:46.207  1787  1787 I OVRPlatform: [PartyChatWebRTC] PartyChatSetPassthrough 0
05-08 14:15:46.207  9318 13951 D APIInterceptor: X-OC-VrShell-Build-Name: 16.0.0.139.450
05-08 14:15:46.207  9318 13951 D APIInterceptor: User-Agent: Dalvik/2.1.0 (Linux; U; Android 7.1.1; Quest Build/NGI77B) [FBAN/OculusHomeShell;FBAV/16.0.0.138.450;FBDV/Quest;FBCR/null;FBLC/en_GB;FBSV/7.1.1;FBBD/oculus;FBBV/210938855;FBCA/armeabi-v7a:armeabi;FBMF/Oculus;FBPN/com.oculus.vrshell.home;]
05-08 14:15:46.207  9318 13951 D APIInterceptor: Accept-Language: en_GB
05-08 14:15:46.207  1787 13814 I OVRPlatform: [PartyChatWebRTC] Updating playback mode to 1
05-08 14:15:46.208  1787  1787 I OVRPlatform: [PartiesAPI] ovr_Party_PluginGetSharedMemHandle: This function is deprecated, do not use
05-08 14:15:46.208  2116  2197 I LibraryProvider: running refetch() for com.oculus.vrshell.home
05-08 14:15:46.210  1787  1787 E OVRMediaServiceManager: LivestreamingManager Not initialized
05-08 14:15:46.214   547 13959 D audio_hw_utils: audio_extn_utils_send_app_type_cfg: usecase->in_snd_device handset-mic-aec
05-08 14:15:46.214   547 13959 D msm8974_platform: platform_split_snd_device: snd_device(62) new_snd_devices (handset-mic-aec)
05-08 14:15:46.215   547 13959 I audio_hw_utils: send_app_type_cfg_for_device CAPTURE app_type 69938, acdb_dev_id 106, sample_rate 48000, snd_device_be_idx 3
05-08 14:15:46.216   547 13959 D msm8974_platform: platform_split_snd_device: snd_device(62) new_snd_devices (handset-mic-aec)
05-08 14:15:46.216   547 13959 D ACDB-LOADER: ACDB -> send_audio_cal, acdb_id = 106, path = 1, app id = 0x11132, sample rate = 48000
05-08 14:15:46.216   547 13959 D ACDB-LOADER: ACDB -> send_asm_topology
05-08 14:15:46.216   547 13959 D ACDB-LOADER: ACDB -> ACDB_CMD_GET_AUDPROC_STREAM_TOPOLOGY_ID
05-08 14:15:46.216   547 13959 D ACDB-LOADER: ACDB -> send_adm_topology
05-08 14:15:46.216   547 13959 D ACDB-LOADER: ACDB -> ACDB_CMD_GET_AUDPROC_COMMON_TOPOLOGY_ID
05-08 14:15:46.216   547 13959 D ACDB-LOADER: ACDB -> send_audtable
05-08 14:15:46.216   547 13959 D ACDB-LOADER: ACDB -> ACDB_CMD_GET_AUDPROC_COMMON_TABLE_SIZE
05-08 14:15:46.216   547 13959 D ACDB-LOADER: ACDB -> ACDB_CMD_GET_AUDPROC_COMMON_TABLE
05-08 14:15:46.216   547 13959 D ACDB-LOADER: ACDB -> AUDIO_SET_AUDPROC_CAL
05-08 14:15:46.216   547 13959 D ACDB-LOADER: ACDB -> send_audvoltable
05-08 14:15:46.216   547 13959 D ACDB-LOADER: ACDB -> ACDB_CMD_GET_AUDPROC_GAIN_DEP_STEP_TABLE, vol index 0
05-08 14:15:46.216   547 13959 D         : Failed to fetch the lookup information of the device 0000006A 
05-08 14:15:46.216   547 13959 E ACDB-LOADER: Error: ACDB AudProc vol returned = -19
05-08 14:15:46.216   547 13959 D ACDB-LOADER: ACDB -> AUDIO_SET_VOL_CAL cal type = 12
05-08 14:15:46.216   547 13959 D ACDB-LOADER: ACDB -> send_audstrmtable
05-08 14:15:46.216   547 13959 D ACDB-LOADER: ACDB -> ACDB_CMD_GET_AUDPROC_STREAM_TABLE_V2
05-08 14:15:46.216   547 13959 D ACDB-LOADER: ACDB -> audstrm_cal->cal_type.cal_data.cal_size = 16
05-08 14:15:46.216   547 13959 D ACDB-LOADER: ACDB -> send_afe_topology
05-08 14:15:46.216   547 13959 D ACDB-LOADER: ACDB -> ACDB_CMD_GET_AFE_TOPOLOGY_ID
05-08 14:15:46.216   547 13959 D ACDB-LOADER: ACDB -> GET_AFE_TOPOLOGY_ID for adcd_id 106, Topology Id 112fb
05-08 14:15:46.216   547 13959 D ACDB-LOADER: ACDB -> send_afe_cal
05-08 14:15:46.217   547 13959 D ACDB-LOADER: ACDB -> ACDB_CMD_GET_AFE_COMMON_TABLE
05-08 14:15:46.217   547 13959 D         : Failed to fetch the lookup information of the device 0000006A 
05-08 14:15:46.217   547 13959 E ACDB-LOADER: Error: ACDB AFE returned = -19
05-08 14:15:46.217   547 13959 D ACDB-LOADER: ACDB -> AUDIO_SET_AFE_CAL
05-08 14:15:46.217   547 13959 D ACDB-LOADER: ACDB -> send_hw_delay : acdb_id = 106 path = 1
05-08 14:15:46.217   547 13959 D ACDB-LOADER: ACDB -> ACDB_AVSYNC_INFO: ACDB_CMD_GET_DEVICE_PROPERTY
05-08 14:15:46.217   547 13959 D audio_hw_primary: enable_audio_route: apply mixer and update path: audio-record
05-08 14:15:46.218   547 13959 D audio_hw_primary: select_devices: done
05-08 14:15:46.238   547 13959 E audio_hw_extn: audio_extn_perf_lock_release: Perf lock release error 
05-08 14:15:46.238   547 13959 D audio_hw_primary: start_input_stream: exit
05-08 14:15:46.239  9318 13952 D APIInterceptor: intercept original headers:
05-08 14:15:46.239  9318 13952 D APIInterceptor: Host: graph.oculus.com
05-08 14:15:46.239  9318 13952 D APIInterceptor: Connection: Keep-Alive
05-08 14:15:46.239  9318 13952 D APIInterceptor: Accept-Encoding: gzip
05-08 14:15:46.239  9318 13952 D APIInterceptor: User-Agent: okhttp/3.6.0
05-08 14:15:46.241  2685 13846 E [CT]    : NIMBLE:ExposureControl: Unable to compute adjustment without histogram data
05-08 14:15:46.245  9318 13952 D APIInterceptor: intercept modified headers:
05-08 14:15:46.245  9318 13952 D APIInterceptor: Host: graph.oculus.com
05-08 14:15:46.245  9318 13952 D APIInterceptor: Connection: Keep-Alive
05-08 14:15:46.245  9318 13952 D APIInterceptor: Accept-Encoding: gzip
05-08 14:15:46.245  9318 13952 D APIInterceptor: X-Build-Model: Oculus Quest
05-08 14:15:46.245  9318 13952 D APIInterceptor: X-Build-Number: 210938855
05-08 14:15:46.245  9318 13952 D APIInterceptor: X-ANDROID-ID: 13720d2a49fddeae
05-08 14:15:46.245  9318 13952 D APIInterceptor: X-OC-Selected-Headset-Serial: 1PASH9BQ720132
05-08 14:15:46.245  9318 13952 D APIInterceptor: X-OC-VrShell-Build-Name: 16.0.0.139.450
05-08 14:15:46.245  9318 13952 D APIInterceptor: User-Agent: Dalvik/2.1.0 (Linux; U; Android 7.1.1; Quest Build/NGI77B) [FBAN/OculusHomeShell;FBAV/16.0.0.138.450;FBDV/Quest;FBCR/null;FBLC/en_GB;FBSV/7.1.1;FBBD/oculus;FBBV/210938855;FBCA/armeabi-v7a:armeabi;FBMF/Oculus;FBPN/com.oculus.vrshell.home;]
05-08 14:15:46.245  9318 13952 D APIInterceptor: Accept-Language: en_GB
05-08 14:15:46.249  2116  2195 E Security-LocalReporter: UID '10043' is shared by multiple packages: [com.oculus.home, com.oculus.horizon]
05-08 14:15:46.252  9318 13954 D APIInterceptor: intercept original headers:
05-08 14:15:46.252  9318 13954 D APIInterceptor: Host: graph.oculus.com
05-08 14:15:46.252  9318 13954 D APIInterceptor: Connection: Keep-Alive
05-08 14:15:46.252  9318 13954 D APIInterceptor: Accept-Encoding: gzip
05-08 14:15:46.252  9318 13954 D APIInterceptor: User-Agent: okhttp/3.6.0
05-08 14:15:46.255  1830  1904 D [OAR] Transfer: new readResult, last buffer size 0, last bytes read 0, total bytes read 0
05-08 14:15:46.256  9318 13954 D APIInterceptor: intercept modified headers:
05-08 14:15:46.256  9318 13954 D APIInterceptor: Host: graph.oculus.com
05-08 14:15:46.256  9318 13954 D APIInterceptor: Connection: Keep-Alive
05-08 14:15:46.256  9318 13954 D APIInterceptor: Accept-Encoding: gzip
05-08 14:15:46.256  9318 13954 D APIInterceptor: X-Build-Model: Oculus Quest
05-08 14:15:46.256  9318 13954 D APIInterceptor: X-Build-Number: 210938855
05-08 14:15:46.256  9318 13954 D APIInterceptor: X-ANDROID-ID: 13720d2a49fddeae
05-08 14:15:46.256  9318 13954 D APIInterceptor: X-OC-Selected-Headset-Serial: 1PASH9BQ720132
05-08 14:15:46.256  9318 13954 D APIInterceptor: X-OC-VrShell-Build-Name: 16.0.0.139.450
05-08 14:15:46.256  9318 13954 D APIInterceptor: User-Agent: Dalvik/2.1.0 (Linux; U; Android 7.1.1; Quest Build/NGI77B) [FBAN/OculusHomeShell;FBAV/16.0.0.138.450;FBDV/Quest;FBCR/null;FBLC/en_GB;FBSV/7.1.1;FBBD/oculus;FBBV/210938855;FBCA/armeabi-v7a:armeabi;FBMF/Oculus;FBPN/com.oculus.vrshell.home;]
05-08 14:15:46.256  9318 13954 D APIInterceptor: Accept-Language: en_GB
05-08 14:15:46.260  9318 13957 D APIInterceptor: intercept original headers:
05-08 14:15:46.260  9318 13957 D APIInterceptor: Host: graph.oculus.com
05-08 14:15:46.260  9318 13957 D APIInterceptor: Connection: Keep-Alive
05-08 14:15:46.260  9318 13957 D APIInterceptor: Accept-Encoding: gzip
05-08 14:15:46.260  9318 13957 D APIInterceptor: User-Agent: okhttp/3.6.0
05-08 14:15:46.263  9318 13957 D APIInterceptor: intercept modified headers:
05-08 14:15:46.263  9318 13957 D APIInterceptor: Host: graph.oculus.com
05-08 14:15:46.263  9318 13957 D APIInterceptor: Connection: Keep-Alive
05-08 14:15:46.263  9318 13957 D APIInterceptor: Accept-Encoding: gzip
05-08 14:15:46.263  9318 13957 D APIInterceptor: X-Build-Model: Oculus Quest
05-08 14:15:46.263  9318 13957 D APIInterceptor: X-Build-Number: 210938855
05-08 14:15:46.263  9318 13957 D APIInterceptor: X-ANDROID-ID: 13720d2a49fddeae
05-08 14:15:46.263  9318 13957 D APIInterceptor: X-OC-Selected-Headset-Serial: 1PASH9BQ720132
05-08 14:15:46.263  9318 13957 D APIInterceptor: X-OC-VrShell-Build-Name: 16.0.0.139.450
05-08 14:15:46.263  9318 13957 D APIInterceptor: User-Agent: Dalvik/2.1.0 (Linux; U; Android 7.1.1; Quest Build/NGI77B) [FBAN/OculusHomeShell;FBAV/16.0.0.138.450;FBDV/Quest;FBCR/null;FBLC/en_GB;FBSV/7.1.1;FBBD/oculus;FBBV/210938855;FBCA/armeabi-v7a:armeabi;FBMF/Oculus;FBPN/com.oculus.vrshell.home;]
05-08 14:15:46.263  9318 13957 D APIInterceptor: Accept-Language: en_GB
05-08 14:15:46.272  1830  1904 D [OAR] Transfer: new readResult, last buffer size 45, last bytes read 45, total bytes read 45
05-08 14:15:46.281  2685 13846 E [CT]    : NIMBLE:ExposureControl: Unable to compute adjustment without histogram data
05-08 14:15:46.282  1830  1904 D [OAR] Transfer: new readResult, last buffer size 0, last bytes read -1, total bytes read 44
05-08 14:15:46.282  1830  1904 I [OAR] PlatformManager: BundleConfiguration Response: {"bundle_configuration_v2":"{\"NONE\":null}"}
05-08 14:15:46.282  1830  1904 I [OAR] PlatformManager: BundleConfiguration is updated.
05-08 14:15:46.302  2116  2195 I LibraryProvider: running queryApp(com.YourCompany.ToysGame) for com.oculus.uid:10043
05-08 14:15:46.302  2116  2195 W LibraryProvider: Cannot find entitlement for com.YourCompany.ToysGame
05-08 14:15:46.303  1787  1787 W OVRLibrary: null cursor received for query content://com.oculus.ocms.library/apps/com.YourCompany.ToysGame
05-08 14:15:46.320  2685 13846 E [CT]    : NIMBLE:ExposureControl: Unable to compute adjustment without histogram data
05-08 14:15:46.360  2685 13846 E [CT]    : NIMBLE:ExposureControl: Unable to compute adjustment without histogram data
05-08 14:15:46.361  2116  2145 E Security-LocalReporter: UID '10043' is shared by multiple packages: [com.oculus.home, com.oculus.horizon]
05-08 14:15:46.374  1830  2379 I OVRPlatform: [HttpRequest] Request `me?fields=current_party{id,leader{id},join_policy,users{id,alias,can_viewer_message,display_name,profile_url,profile_url_small,presence,presence_status,presence_app{id,package_name},presence_deeplink_joinable,presence_deeplink_message,presence_destination_api_name,presence_scoped_user_id,avatar_v2{avatar_image{uri}}},invited_users{id,alias,can_viewer_message,display_name,profile_url,profile_url_small,presence,presence_status,presence_app{id,package_name},avatar_v2{avatar_image{uri}}}}' (id: 13650) succeeded: {"id":"102449717587751"}
05-08 14:15:46.374  9318  9382 I RCTVRNET: Request complete: time=362 name=unknown docid= traceid=Eimjkr9a1cv code=200
05-08 14:15:46.374  1830  2379 I OVRPlatform: [RequestStopwatch] HttpRequestAsync (me?fields=current_party{id,leader{id},join_policy,users{id,alias,can_viewer_message,display_name,profile_url,profile_url_small,presence,presence_status,presence_app{id,package_name},presence_deeplink_joinable,presence_deeplink_message,presence_destination_api_name,presence_scoped_user_id,avatar_v2{avatar_image{uri}}},invited_users{id,alias,can_viewer_message,display_name,profile_url,profile_url_small,presence,presence_status,presence_app{id,package_name},avatar_v2{avatar_image{uri}}}}) took 367.6200 milliseconds
05-08 14:15:46.377  1830  1904 I [OAR] PartyManager: Party Response Parse Time: 0.061927ms
05-08 14:15:46.385  9318  9357 D QuickPromotionModule: Signal trigger 'app_foreground'.
05-08 14:15:46.400  2116  2145 I LibraryProvider: running queryApp(com.YourCompany.ToysGame) for com.oculus.uid:10043
05-08 14:15:46.401  2685 13846 E [CT]    : NIMBLE:ExposureControl: Unable to compute adjustment without histogram data
05-08 14:15:46.402  2116  2145 W LibraryProvider: Cannot find entitlement for com.YourCompany.ToysGame
05-08 14:15:46.403  1787  1787 W OVRLibrary: null cursor received for query content://com.oculus.ocms.library/apps/com.YourCompany.ToysGame
05-08 14:15:46.403  1787  1787 I PlatformPluginManager: onAppStart com.YourCompany.ToysGame false
05-08 14:15:46.406  1787  1787 I PlatformPluginManager: onAppStart - Stopping party chat passthrough
05-08 14:15:46.406  1787  1787 I PlatformPlugin: [PlatformPluginManager] SetSystemVoipPassthrough 0
05-08 14:15:46.406  1787  1787 I OVRPlatform: [PartyChatWebRTC] PartyChatSetPassthrough 0
05-08 14:15:46.406  1787 13814 I OVRPlatform: [PartyChatWebRTC] Updating playback mode to 1
05-08 14:15:46.409  1787  1787 I OVRPlatform: [PartiesAPI] ovr_Party_PluginGetSharedMemHandle: This function is deprecated, do not use
05-08 14:15:46.410  1787  1787 E OVRMediaServiceManager: LivestreamingManager Not initialized
05-08 14:15:46.417 10548 10560 W VrCastDeviceStore: There is no active cast device connected.
05-08 14:15:46.424  1787  1787 I OVRMediaService: onStartCommand Received message type: set_package_name, caller package: no_app_identity
05-08 14:15:46.427  1787  1787 I OVRMediaService: Got package name intent (com.oculus.vrshell)
05-08 14:15:46.440  2685 13846 E [CT]    : NIMBLE:ExposureControl: Unable to compute adjustment without histogram data
05-08 14:15:46.478  2116  2335 E Security-LocalReporter: UID '10043' is shared by multiple packages: [com.oculus.home, com.oculus.horizon]
05-08 14:15:46.481  2685 13846 E [CT]    : NIMBLE:ExposureControl: Unable to compute adjustment without histogram data
05-08 14:15:46.495  2116  2335 I LibraryProvider: running queryApp(com.oculus.vrshell) for com.oculus.uid:10043
05-08 14:15:46.495  2116  2335 W LibraryProvider: Cannot find entitlement for com.oculus.vrshell
05-08 14:15:46.496  1787  1787 W OVRLibrary: null cursor received for query content://com.oculus.ocms.library/apps/com.oculus.vrshell
05-08 14:15:46.496  1787  1787 I PlatformPluginManager: onAppStart com.oculus.vrshell false
05-08 14:15:46.501  1787  1787 I OVRPlatform: [PartiesAPI] ovr_Party_PluginGetSharedMemHandle: This function is deprecated, do not use
05-08 14:15:46.513  1787  1787 E OVRMediaServiceManager: LivestreamingManager Not initialized
05-08 14:15:46.522  1787  1787 I VRLifecycleSessionManager: Stored session info.
05-08 14:15:46.535  1787  1787 I PlatformPluginManager: enforcePartyChatStateConsistency - got current party response: Party is null
05-08 14:15:46.535  1787  1787 I PlatformPluginManager: enforcePartyChatStateConsistency - User not in a party.
05-08 14:15:46.535  1787  1787 I PlatformPluginManager: stopPartyChat
05-08 14:15:46.535  1787  1787 I PlatformPlugin: [PlatformPluginManager] Stopping party chat
05-08 14:15:46.535  1787  1787 I OVRPlatform: [PartyChatInterchangeable] StopPartyChat
05-08 14:15:46.541  2139  2317 I InputManager: HANDTRACKING hand 0 status set to Tracked
05-08 14:15:46.549  1787  1787 I VRLifecycleSessionManager: Stored session info.
05-08 14:15:46.551  1787  1787 I PlatformPluginManager: enforcePartyChatStateConsistency - got current party response: Party is null
05-08 14:15:46.551  1787  1787 I PlatformPluginManager: enforcePartyChatStateConsistency - User not in a party.
05-08 14:15:46.551  1787  1787 I PlatformPluginManager: stopPartyChat
05-08 14:15:46.551  1787  1787 I PlatformPlugin: [PlatformPluginManager] Stopping party chat
05-08 14:15:46.551  1787  1787 I OVRPlatform: [PartyChatInterchangeable] StopPartyChat
05-08 14:15:46.554  1830  1830 D [OAR] ShellControlBroadcastReceiver: onReceive with MainActivity native pointer 3692967280, action com.oculus.systemactivities.LOCAL_STREAM_STATE_UPDATE
05-08 14:15:46.557  1830  1904 I [OAR] ShellApp: 0xcb8e8358 msg: broadcastIntent:
05-08 14:15:46.557  1830  1904 I [OAR] ShellApp: is_capture_running = 0
05-08 14:15:46.557  1830  1904 I [OAR] ShellApp: intent_action = com.oculus.systemactivities.LOCAL_STREAM_STATE_UPDATE
05-08 14:15:46.557  1830  1904 I [OAR] SystemUXController: OnLocalStreamChanged, enabled?=0
05-08 14:15:46.559  1787  2101 E PresenceManager: Heartbeat error.
05-08 14:15:46.559  1787  2101 E PresenceManager: retrofit.RetrofitError
05-08 14:15:46.559  1787  2101 E PresenceManager: 	at retrofit.RestAdapter$RestHandler.invokeRequest(RestAdapter.java:395)
05-08 14:15:46.559  1787  2101 E PresenceManager: 	at retrofit.RestAdapter$RestHandler.invoke(RestAdapter.java:240)
05-08 14:15:46.559  1787  2101 E PresenceManager: 	at java.lang.reflect.Proxy.invoke(Proxy.java:813)
05-08 14:15:46.559  1787  2101 E PresenceManager: 	at com.oculus.horizon.platform.$Proxy6.heartbeatForUser(Unknown Source)
05-08 14:15:46.559  1787  2101 E PresenceManager: 	at com.oculus.horizon.platform.PresenceManager.run(PresenceManager.java:326)
05-08 14:15:46.559  1787  2101 E PresenceManager: 	at java.lang.Thread.run(Thread.java:761)
05-08 14:15:46.559  1787  2101 E PresenceManager: Caused by: java.net.ProtocolException
05-08 14:15:46.559  1787  2101 E PresenceManager: 	at com.oculus.http.core.interceptor.OculusAuthorizationInterceptor.createNonRetryableIOException(OculusAuthorizationInterceptor.java:95)
05-08 14:15:46.559  1787  2101 E PresenceManager: 	at com.oculus.http.core.interceptor.OculusAuthorizationInterceptor.getAccessToken(OculusAuthorizationInterceptor.java:76)
05-08 14:15:46.559  1787  2101 E PresenceManager: 	at com.oculus.http.core.interceptor.OculusAuthorizationInterceptor.addAuthorization(OculusAuthorizationInterceptor.java:62)
05-08 14:15:46.559  1787  2101 E PresenceManager: 	at com.oculus.http.core.interceptor.AuthorizationInterceptor.intercept(AuthorizationInterceptor.java:37)
05-08 14:15:46.559  1787  2101 E PresenceManager: 	at okhttp3.internal.http.RealInterceptorChain.proceed(RealInterceptorChain.java:92)
05-08 14:15:46.559  1787  2101 E PresenceManager: 	at okhttp3.internal.http.RealInterceptorChain.proceed(RealInterceptorChain.java:67)
05-08 14:15:46.559  1787  2101 E PresenceManager: 	at com.oculus.http.core.interceptor.ApiInterceptor.intercept(ApiInterceptor.java:81)
05-08 14:15:46.559  1787  2101 E PresenceManager: 	at okhttp3.internal.http.RealInterceptorChain.proceed(RealInterceptorChain.java:92)
05-08 14:15:46.559  1787  2101 E PresenceManager: 	at okhttp3.internal.connection.ConnectInterceptor.intercept(ConnectInterceptor.java:45)
05-08 14:15:46.559  1787  2101 E PresenceManager: 	at okhttp3.internal.http.RealInterceptorChain.proceed(RealInterceptorChain.java:92)
05-08 14:15:46.559  1787  2101 E PresenceManager: 	at okhttp3.internal.http.RealInterceptorChain.proceed(RealInterceptorChain.java:67)
05-08 14:15:46.559  1787  2101 E PresenceManager: 	at okhttp3.internal.cache.CacheInterceptor.intercept(CacheInterceptor.java:93)
05-08 14:15:46.559  1787  2101 E PresenceManager: 	at okhttp3.internal.http.RealInterceptorChain.proceed(RealInterceptorChain.java:92)
05-08 14:15:46.559  1787  2101 E PresenceManager: 	at okhttp3.internal.http.RealInterceptorChain.proceed(RealInterceptorChain.java:67)
05-08 14:15:46.559  1787  2101 E PresenceManager: 	at okhttp3.internal.http.BridgeInterceptor.intercept(BridgeInterceptor.java:93)
05-08 14:15:46.559  1787  2101 E PresenceManager: 	at okhttp3.internal.http.RealInterceptorChain.proceed(RealInterceptorChain.java:92)
05-08 14:15:46.559  1787  2101 E PresenceManager: 	at okhttp3.internal.http.RetryAndFollowUpInterceptor.intercept(RetryAndFollowUpInterceptor.java:120)
05-08 14:15:46.559  1787  2101 E PresenceManager: 	at okhttp3.internal.http.RealInterceptorChain.proceed(RealInterceptorChain.java:92)
05-08 14:15:46.559  1787  2101 E PresenceManager: 	at okhttp3.internal.http.RealInterceptorChain.proceed(RealInterceptorChain.java:67)
05-08 14:15:46.559  1787  2101 E PresenceManager: 	at okhttp3.RealCall.getResponseWithInterceptorChain(RealCall.java:179)
05-08 14:15:46.559  1787  2101 E PresenceManager: 	at okhttp3.RealCall.execute(RealCall.java:63)
05-08 14:15:46.559  1787  2101 E PresenceManager: 	at com.jakewharton.retrofit.Ok3Client.execute(Ok3Client.java:41)
05-08 14:15:46.559  1787  2101 E PresenceManager: 	at retrofit.RestAdapter$RestHandler.invokeRequest(RestAdapter.java:326)
05-08 14:15:46.559  1787  2101 E PresenceManager: 	... 5 more
05-08 14:15:46.560  1923  1923 I [OAR] AnytimeUIAndroidPanelAppBase: updateLocalStreamState - false
05-08 14:15:46.601  2685 13846 E [CT]    : NIMBLE:ExposureControl: Unable to compute adjustment without histogram data
05-08 14:15:46.611  2139  2317 I InputManager: HANDTRACKING hand 0 status set to OutOfView
05-08 14:15:46.640  2685 13846 E [CT]    : NIMBLE:ExposureControl: Unable to compute adjustment without histogram data
05-08 14:15:46.642  1787  1787 I PlatformPluginManager: enforcePartyChatStateConsistency - got current party response: Party is null
05-08 14:15:46.642  1787  1787 I PlatformPluginManager: enforcePartyChatStateConsistency - User not in a party.
05-08 14:15:46.642  1787  1787 I PlatformPluginManager: stopPartyChat
05-08 14:15:46.642  1787  1787 I PlatformPlugin: [PlatformPluginManager] Stopping party chat
05-08 14:15:46.642  1787  1787 I OVRPlatform: [PartyChatInterchangeable] StopPartyChat
05-08 14:15:46.645   547   594 I AudioFlinger: BUFFER TIMEOUT: remove(4096) from active list on thread 0xe7b03440
05-08 14:15:46.665   547   587 D msm8974_platform: platform_split_snd_device: snd_device(2) new_snd_devices (speaker)
05-08 14:15:46.665   547   587 D ACDB-LOADER: ACDB -> send_audvoltable
05-08 14:15:46.665   547   587 D ACDB-LOADER: ACDB -> ACDB_CMD_GET_AUDPROC_GAIN_DEP_STEP_TABLE, vol index 5
05-08 14:15:46.665   547   587 D         : Failed to fetch the lookup information of the device 0000000F 
05-08 14:15:46.665   547   587 E ACDB-LOADER: Error: ACDB AudProc vol returned = -19
05-08 14:15:46.665   547   587 D ACDB-LOADER: ACDB -> AUDIO_SET_VOL_CAL cal type = 40
05-08 14:15:46.665   547   587 W msm8974_platform: platform_send_gain_dep_cal: Usecase list is empty
05-08 14:15:46.720  2685 13846 E [CT]    : NIMBLE:ExposureControl: Unable to compute adjustment without histogram data
05-08 14:15:46.861  2139  2317 I InputManager: HANDTRACKING hand 1 status set to Tracked
05-08 14:15:46.931  2139  2317 I InputManager: HANDTRACKING hand 1 status set to OutOfView
05-08 14:15:46.986 13654 13931 I Telemetry: App memory usage: PSS=483MB DalvikPSS=3 MB
05-08 14:15:46.989 13654 13931 I VrApi   : FPS=0,Prd=0ms,Tear=0,Early=0,Stale=72,VSnc=1,Lat=0,Fov=0,CPU4/GPU=0/0,2304/670MHz,OC=FF,TA=0/0/0,SP=N/N/N,Mem=1804MHz,Free=1212MB,PSM=0,PLS=0,Temp=30.0C/0.0C,TW=2.95ms,App=0.00ms,GD=8.37ms,CPU&GPU=0.00ms,LCnt=0,GPU%=0.86,CPU%=0.34(W0.48),DSF=1.00
05-08 14:15:46.993  2685 13848 I [CT]    : VIPER:MAP_MANAGER: State: TRACKING_PERSISTENT, UUID=d18585e8-d288-4997-b6ff-78495c7eed6a, Num. Persistent maps = 1,  Persistent maps:d18585e8-d288-4997-b6ff-78495c7eed6a,, Ser. Disabled = 00000000-0000-0000-0000-000000000000
05-08 14:15:47.014  2139  2317 I InputManager: HANDTRACKING hand 0 status set to Tracked
05-08 14:15:47.022  9318  9357 I RvrPnl  : FPS=62.2739/234.341/15.1342, MSPF=0.0160581/4.26729/66.0753, MEMALLOC=19.8175
05-08 14:15:47.032  2685 13848 I [CT]    : VIPER: Status=6DoF,TRACKING,KF=126,Inl=231,Pts=440,Jit=0.4mm,Issues(Cam/min=0.0,IMU/min=0.0),Exp=(6.0ms,g=7.0,I=62)(5.8ms,g=4.0,I=66)(6.0ms,g=7.0,I=58)(5.7ms,g=4.0,I=66)
05-08 14:15:47.084  2139  2317 I InputManager: HANDTRACKING hand 0 status set to OutOfView
05-08 14:15:47.123  1830 13937 I Telemetry: App memory usage: PSS=376MB DalvikPSS=2 MB
05-08 14:15:47.125  1830 13937 I VrApi   : FPS=2,Prd=0ms,Tear=0,Early=0,Stale=72,VSnc=1,Lat=1,Fov=0,CPU4/GPU=0/0,2304/670MHz,OC=FF,TA=0/E0/0,SP=N/F/N,Mem=1804MHz,Free=1211MB,PSM=0,PLS=0,Temp=30.0C/0.0C,TW=3.21ms,App=10.78ms,GD=3.46ms,CPU&GPU=16.43ms,LCnt=3,GPU%=0.82,CPU%=0.57(W0.67),DSF=1.00
05-08 14:15:47.175  2116 13983 I LibraryStorage: Successfully saved 17 entitlements. Total entitlements: 17. Notifying: 0
05-08 14:15:47.235 13654 13984 D UE4     : [2020.05.08-12.15.47:234][  0]LogTcpMessaging: Started Connection to '127.0.0.1:45382'
05-08 14:15:47.237 13654 13984 D UE4     : [2020.05.08-12.15.47:237][  0]LogTcpMessaging: Discovered node 'D283400F419A89B21BC3C9BED70694A1' on connection '127.0.0.1:45382'...
05-08 14:15:47.397  2685 13848 W [CT]    : VIPER: StereoEpipolarSearch: No search points in epipolar search.
05-08 14:15:47.525 13654 13672 D UE4     : [2020.05.08-12.15.47:525][  0]LogAIModule: Creating AISystem for world MainMenu
05-08 14:15:47.526 13654 13672 D UE4     : [2020.05.08-12.15.47:526][  0]LogLoad: Game class is 'GameModeBase'
05-08 14:15:47.535 13654 13672 D UE4     : [2020.05.08-12.15.47:535][  0]LogWorld: Bringing World /Game/ToysGame/MainMenu.MainMenu up for play (max tick rate 0) at 2020.05.08-14.15.47
05-08 14:15:47.537 13654 13672 D UE4     : [2020.05.08-12.15.47:537][  0]LogWorld: Bringing up level for play took: 0.008516
05-08 14:15:47.543 13654 13672 D UE4     : [2020.05.08-12.15.47:543][  0]LogOnline: OSS: Creating online subsystem instance for: GooglePlay
05-08 14:15:47.543 13654 13672 D UE4     : [2020.05.08-12.15.47:543][  0]LogOnline: Warning: OSS: FOnlineSubsystemGooglePlayModule was disabled
05-08 14:15:47.546 13654 13672 D UE4     : [2020.05.08-12.15.47:545][  0]LogGameMode: FindPlayerStart: PATHS NOT DEFINED or NO PLAYERSTART with positive rating
05-08 14:15:47.573 13654 13672 I OVRPlugin: GetExternalAppFilesPath() returns /storage/emulated/0/Android/data/com.YourCompany.ToysGame/files
05-08 14:15:47.573 13654 13672 D OVRPlugin: MRC config file can't be opened: tried /storage/emulated/0/Android/data/com.YourCompany.ToysGame/files/mrc.xml
05-08 14:15:47.573 13654 13672 I OVRPlugin: [MediaManager] MrcConfig: enabled 0 hq_mode 0, frame 2560 x 1080 image 1920 x 1080 tcp_port 28734 debugcamera 0 bitrate 8000000
05-08 14:15:47.573 13654 13672 D UE4     : [2020.05.08-12.15.47:573][  0]LogMR: MRC Initialized
05-08 14:15:47.573 13654 13672 I OVRPlugin: [MediaManager] deconstruct
05-08 14:15:47.574 13654 13672 D UE4     : [2020.05.08-12.15.47:574][  0]LogLoad: Took 1.927923 seconds to LoadMap(/Game/ToysGame/MainMenu)
05-08 14:15:47.577 13654 13923 D UE4     : *** JavaEnvDestructor: 13923
05-08 14:15:47.594  2685 13846 I [CT]    : NIMBLE:HTEngine: HandTracking, Frame received with len = 4, , exposure(ms) 5.662000000000001
05-08 14:15:47.603 13654 13922 D UE4     : *** JavaEnvDestructor: 13922
05-08 14:15:47.615 13654 13672 D UE4     : [2020.05.08-12.15.47:615][  0]LogAndroid: Passed GEngineLoop.Init()
05-08 14:15:47.617 13654 13672 D UE4     : [2020.05.08-12.15.47:617][  0]LogAndroidEvents: Display: LogAndroidEvents::DequeueAppEvent : 9, [width=-1, height=-1], APP_EVENT_STATE_ON_START
05-08 14:15:47.618 13654 13672 D UE4     : FAppEventManager::Tick processing, 9
05-08 14:15:47.618 13654 13672 D UE4     : [2020.05.08-12.15.47:618][  0]LogAndroidEvents: Display: LogAndroidEvents::DequeueAppEvent : 7, [width=-1, height=-1], APP_EVENT_STATE_ON_RESUME
05-08 14:15:47.618 13654 13672 D UE4     : FAppEventManager::Tick processing, 7
05-08 14:15:47.618 13654 13672 D UE4     : [2020.05.08-12.15.47:618][  0]LogAndroidEvents: Display: LogAndroidEvents::DequeueAppEvent : 6, [width=-1, height=-1], APP_EVENT_STATE_ON_PAUSE
05-08 14:15:47.619 13654 13672 D UE4     : FAppEventManager::Tick processing, 6
05-08 14:15:47.619 13654 13672 D UE4     : [2020.05.08-12.15.47:619][  0]LogVulkanRHI: FVulkanPipelineStateCacheManager: skipped saving because we only save if the PSOFC based one failed to load.
05-08 14:15:47.620 13654 13672 D UE4     : [2020.05.08-12.15.47:620][  0]LogAndroidEvents: Display: LogAndroidEvents::DequeueAppEvent : 0, [width=2880, height=1600], APP_EVENT_STATE_WINDOW_CREATED
05-08 14:15:47.620 13654 13672 D UE4     : FAppEventManager::Tick processing, 0
05-08 14:15:47.620 13654 13672 D UE4     : [2020.05.08-12.15.47:620][  0]LogAndroidEvents: Display: ExecWindowCreated
05-08 14:15:47.620 13654 13672 D UE4     : AndroidEGL::ReInitWindow()
05-08 14:15:47.620 13654 13672 D UE4     : ExecWindowCreated, 0, 1, 0
