05-07 11:48:57.563  2126  2196 I GuardianSystem: SetCurrentPackageName: com.YourCompany.ToysGame, previous PackageName: com.oculus.vrshell
05-07 11:48:57.565  2101  2173 E Security-LocalReporter: UID '10043' is shared by multiple packages: [com.oculus.horizon, com.oculus.home]
05-07 11:48:57.568 14418 14646 D UE4     : *** JavaEnvDestructor: 14646
05-07 11:48:57.569 14418 14645 D UE4     : *** JavaEnvDestructor: 14645
05-07 11:48:57.574   548   594 D msm8974_platform: platform_split_snd_device: snd_device(2) new_snd_devices (speaker)
05-07 11:48:57.574 14418 14795 D UE4     : [2020.05.07-09.48.57:574][171]LogProfilingDebugging: Allocated a 1024 x 1024 texture for HMD canvas layer
05-07 11:48:57.575   548   594 D ACDB-LOADER: ACDB -> send_audvoltable
05-07 11:48:57.575   548   594 D ACDB-LOADER: ACDB -> ACDB_CMD_GET_AUDPROC_GAIN_DEP_STEP_TABLE, vol index 3
05-07 11:48:57.575   548   594 D         : Failed to fetch the lookup information of the device 0000000F 
05-07 11:48:57.575   548   594 E ACDB-LOADER: Error: ACDB AudProc vol returned = -19
05-07 11:48:57.575   548   594 D ACDB-LOADER: ACDB -> AUDIO_SET_VOL_CAL cal type = 40
05-07 11:48:57.575  2116 14507 W TimeWarp: WarpToScreen: No completed frames to display for client 0. submittedFrameIndex = 4731
05-07 11:48:57.579 14418 14797 I VrRuntimeClient: FenceChecker::MainLoop - started
05-07 11:48:57.581  2101  2173 I LibraryProvider: running queryApp(com.YourCompany.ToysGame) for com.oculus.uid:10043
05-07 11:48:57.581  2101  2173 W LibraryProvider: Cannot find entitlement for com.YourCompany.ToysGame
05-07 11:48:57.581  1778  1778 W OVRLibrary: null cursor received for query content://com.oculus.ocms.library/apps/com.YourCompany.ToysGame
05-07 11:48:57.584  2116 14507 I Clocks  : SetSchedFifo( tid=14435, pri=1 ) succeeded
05-07 11:48:57.585  1840  1902 I [OAR] AudioMixer: Waiting for sound effect to complete
05-07 11:48:57.585  2116 14507 I Clocks  : SetSchedFifo( tid=14795, pri=1 ) succeeded
05-07 11:48:57.587  2116 14507 I Clocks  : SetSchedFifo( tid=14797, pri=1 ) succeeded
05-07 11:48:57.588  2116 14507 I Clocks  : SetSchedFifo( tid=2351, pri=1 ) succeeded
05-07 11:48:57.588  2116 14507 I TimeWarp: UpdateClockLevels: Apply pending clock request change: 3,4 -> 4,4
05-07 11:48:57.588  2116 14503 I Clocks  : ReleaseClocks - start
05-07 11:48:57.589  2116 14507 W TimeWarp: WarpToScreen: No completed frames to display for client 0. submittedFrameIndex = 4732
05-07 11:48:57.590   716  2208 D         : CPU_CLUSTER_0: No client requests exists, release clocks
05-07 11:48:57.590   716  2208 D         : CPU_CLUSTER_1: No client requests exists, release clocks
05-07 11:48:57.594   716  2208 D         : GPU: No client requests exists, release clocks
05-07 11:48:57.595   716  2208 D         : CPUBW: No client requests exists, release clocks
05-07 11:48:57.596  2116 14503 I Clocks  : ReleaseClocks - end (8.2 ms)
05-07 11:48:57.596  2116 14503 I Clocks  : LockClocks( cpu=4, gpu=4 ) - start
05-07 11:48:57.600  2116 14503 I Clocks  : CPU levels [0, 4]
05-07 11:48:57.600  2116 14503 I Clocks  : GPU levels [0, 5]
05-07 11:48:57.600   716 12650 D         : CPU_CLUSTER_0: Client 2116 sends freq request [21, 21]
05-07 11:48:57.600   716 12650 D         : CPU_CLUSTER_0: Next Perf Level = (21, 21)
05-07 11:48:57.600   716 12650 D         : CPU_CLUSTER_1: Client 2116 sends freq request [26, 26]
05-07 11:48:57.600   716 12650 D         : CPU_CLUSTER_1: Next Perf Level = (26, 26)
05-07 11:48:57.601   716 12650 D         : CPUBW: Client 2116 sends freq request [8, 11]
05-07 11:48:57.601   716 12650 D         : CPUBW: Next Perf Level = (8, 11)
05-07 11:48:57.601   716 12650 D         : GPU: Client 2116 sends freq request [6, 6]
05-07 11:48:57.602   716 12650 D         : GPU: Next Perf Level = (6, 6)
05-07 11:48:57.602  2101  2115 E Security-LocalReporter: UID '10043' is shared by multiple packages: [com.oculus.horizon, com.oculus.home]
05-07 11:48:57.603  2116 14503 I Clocks  : LockClocks( cpu=4, gpu=4 ) - end (6.9 ms)
05-07 11:48:57.615  2116  2302 I VrRuntimeServer: SetCompositorClientEnabled client(2): enabled(0) 0x0
05-07 11:48:57.616  2101  2115 I LibraryProvider: running queryApp(com.YourCompany.ToysGame) for com.oculus.uid:10043
05-07 11:48:57.616  2101  2115 W LibraryProvider: Cannot find entitlement for com.YourCompany.ToysGame
05-07 11:48:57.616  1778  1778 W OVRLibrary: null cursor received for query content://com.oculus.ocms.library/apps/com.YourCompany.ToysGame
05-07 11:48:57.616  1778  1778 I PlatformPluginManager: onAppStart com.YourCompany.ToysGame false
05-07 11:48:57.617  1778  1778 I PlatformPluginManager: onAppStart - Stopping party chat passthrough
05-07 11:48:57.617  1778  1778 I PlatformPlugin: [PlatformPluginManager] SetSystemVoipPassthrough 0
05-07 11:48:57.617  1778  1778 I OVRPlatform: [PartyChatWebRTC] PartyChatSetPassthrough 0
05-07 11:48:57.617  1778 14478 I OVRPlatform: [PartyChatWebRTC] Updating playback mode to 1
05-07 11:48:57.617  1778  1778 I OVRPlatform: [PartiesAPI] ovr_Party_PluginGetSharedMemHandle: This function is deprecated, do not use
05-07 11:48:57.621  1778  1778 E OVRMediaServiceManager: LivestreamingManager Not initialized
05-07 11:48:57.636  2126  2196 I GuardianSystem: rsapi_PollEvent: rsEventForceShowGuardian. ForceIndefinitely: 0, ForceTimeInSeconds: 0.00, ForceCamera: 0
05-07 11:48:57.638  2126  2196 I GuardianSystem: ForceShowGuardian: false, 0.00
05-07 11:48:57.645  2101  2171 E Security-LocalReporter: UID '10043' is shared by multiple packages: [com.oculus.horizon, com.oculus.home]
05-07 11:48:57.660  2101  2171 I LibraryProvider: running queryApp(com.YourCompany.ToysGame) for com.oculus.uid:10043
05-07 11:48:57.661  2101  2171 W LibraryProvider: Cannot find entitlement for com.YourCompany.ToysGame
05-07 11:48:57.661  1778  1778 W OVRLibrary: null cursor received for query content://com.oculus.ocms.library/apps/com.YourCompany.ToysGame
05-07 11:48:57.668  1778  1778 I PlatformPlugin: [PlatformPluginManager] AudioCapture: nativeCapturedAudioRenderer_1New: id = -838695952
05-07 11:48:57.689  1840  1902 I [OAR] AudioMixer: Waiting for sound effect to complete
05-07 11:48:57.701  1778  1778 I ScreenCapture: Recording config: 1024x1024. FPS: 60. bitRate: 5000000
05-07 11:48:57.703  1778  1778 I FileCapture: broadcast capture state to vrshell running = true, with mode 0, with is_instant_replay = false
05-07 11:48:57.704  1778  1778 I PlatformPluginManager: enforcePartyChatStateConsistency - got current party response: Party is null
05-07 11:48:57.704  1778  1778 I PlatformPluginManager: enforcePartyChatStateConsistency - User not in a party.
05-07 11:48:57.704  1778  1778 I PlatformPluginManager: stopPartyChat
05-07 11:48:57.704  1778  1778 I PlatformPlugin: [PlatformPluginManager] Stopping party chat
05-07 11:48:57.704  1778  1778 I OVRPlatform: [PartyChatInterchangeable] StopPartyChat
05-07 11:48:57.733  1778  1778 I PlatformPluginManager: enforcePartyChatStateConsistency - got current party response: Party is null
05-07 11:48:57.733  1778  1778 I PlatformPluginManager: enforcePartyChatStateConsistency - User not in a party.
05-07 11:48:57.733  1778  1778 I PlatformPluginManager: stopPartyChat
05-07 11:48:57.733  1778  1778 I PlatformPlugin: [PlatformPluginManager] Stopping party chat
05-07 11:48:57.733  1778  1778 I OVRPlatform: [PartyChatInterchangeable] StopPartyChat
05-07 11:48:57.742   698  1397 I MediaPlayerService: MediaPlayerService::getOMX
05-07 11:48:57.742   698   698 I MediaPlayerService: MediaPlayerService::getOMX
05-07 11:48:57.744  1778 14806 I OMXClient: MuxOMX ctor
05-07 11:48:57.744  1778 14804 I OMXClient: MuxOMX ctor
05-07 11:48:57.747   695  4060 I OMXMaster: makeComponentInstance(OMX.google.aac.encoder) in mediacodec process
05-07 11:48:57.761   695   871 I OMXMaster: makeComponentInstance(OMX.qcom.video.encoder.avc) in mediacodec process
05-07 11:48:57.782   695   871 I OMX-VENC: Component_init : OMX.qcom.video.encoder.avc : return = 0x0
05-07 11:48:57.787   695   871 E OMX-VENC: set_parameter: metamode is valid for input port only
05-07 11:48:57.787   695   871 W OMXNodeInstance: [2b7005c:qcom.encoder.avc] component does not support metadata mode; using fallback
05-07 11:48:57.788   695  6124 W SoftAACEncoder2: Unsupported AAC profile - defaulting to AAC-LC
05-07 11:48:57.788  1778 14806 E ACodec  : [OMX.qcom.video.encoder.avc] storeMetaDataInBuffers (output) failed w/ err -1010
05-07 11:48:57.788  1778 14806 I ExtendedACodec: setupVideoEncoder()
05-07 11:48:57.789  1840  1902 I [OAR] AudioMixer: Waiting for sound effect to complete
05-07 11:48:57.790  1778 14806 W ACodec  : do not know color format 0x7fa30c06 = 2141391878
05-07 11:48:57.793  1778 14806 W ACodec  : do not know color format 0x7fa30c04 = 2141391876
05-07 11:48:57.797  1778 14806 W ACodec  : do not know color format 0x7fa30c00 = 2141391872
05-07 11:48:57.798  1778 14806 W ACodec  : do not know color format 0x7fa30c08 = 2141391880
05-07 11:48:57.799  1778 14806 W ACodec  : do not know color format 0x7fa30c07 = 2141391879
05-07 11:48:57.800  1778 14806 W ACodec  : do not know color format 0x7f000789 = 2130708361
05-07 11:48:57.811  1778 14806 I ACodec  : setupAVCEncoderParameters with [profile: Baseline] [level: Level52]
05-07 11:48:57.818  1778 14806 I ACodec  : [OMX.qcom.video.encoder.avc] cannot encode HDR static metadata. Ignoring.
05-07 11:48:57.818  1778 14806 I ACodec  : setupVideoEncoder succeeded
05-07 11:48:57.818  1778 14806 I ExtendedACodec: [OMX.qcom.video.encoder.avc] configure, AMessage : AMessage(what = 'conf', target = 1) = {
05-07 11:48:57.818  1778 14806 I ExtendedACodec:   string mime = "video/avc"
05-07 11:48:57.818  1778 14806 I ExtendedACodec:   int32_t frame-rate = 60
05-07 11:48:57.818  1778 14806 I ExtendedACodec:   int32_t channel-count = 1
05-07 11:48:57.818  1778 14806 I ExtendedACodec:   int32_t color-format = 2130708361
05-07 11:48:57.818  1778 14806 I ExtendedACodec:   int32_t height = 1024
05-07 11:48:57.818  1778 14806 I ExtendedACodec:   int32_t width = 1024
05-07 11:48:57.818  1778 14806 I ExtendedACodec:   int32_t max-input-size = 0
05-07 11:48:57.818  1778 14806 I ExtendedACodec:   int32_t bitrate = 5000000
05-07 11:48:57.818  1778 14806 I ExtendedACodec:   int32_t i-frame-interval = 5
05-07 11:48:57.818  1778 14806 I ExtendedACodec:   int32_t encoder = 1
05-07 11:48:57.818  1778 14806 I ExtendedACodec: }
05-07 11:48:57.823  1778 14806 W ACodec  : do not know color format 0x7f000789 = 2130708361
05-07 11:48:57.831   695  1666 E OMX-VENC: Does not handle dataspace request
05-07 11:48:57.832   695  1666 E OMXNodeInstance: getConfig(2b7005c:qcom.encoder.avc, ??(0x7f000062)) ERROR: UnsupportedSetting(0x80001019)
05-07 11:48:57.845   695   695 D GraphicBufferSource: setting dataspace: 0x104
05-07 11:48:57.846   695   871 E OMXNodeInstance: getParameter(2b7005c:qcom.encoder.avc, ParamConsumerUsageBits(0x6f800004)) ERROR: UnsupportedIndex(0x8000101a)
05-07 11:48:57.847   695  1339 D GraphicBufferSource: requesting color aspects (R:2(Limited), P:1(BT709_5), M:1(BT709_5), T:3(SMPTE170M))
05-07 11:48:57.890  1840  1902 I [OAR] AudioEngine: Setting FadeNextBuffer
05-07 11:48:57.890  1840 14770 I [OAR] AudioEngine: Fading final buffer
05-07 11:48:57.973  1840 14769 I VrApi   : FPS=72,Prd=45ms,Tear=0,Early=72,Stale=0,VSnc=1,Lat=1,Fov=0,CPU4/GPU=3/4,2304/670MHz,OC=FF,TA=0/3/0,SP=N/N/N,Mem=1804MHz,Free=1180MB,PSM=0,PLS=0,Temp=31.0C/0.0C,TW=1.75ms,App=4.33ms,GD=0.00ms,CPU&GPU=8.04ms,LCnt=3,GPU%=0.41,CPU%=0.11(W0.18),DSF=1.00
05-07 11:48:57.990  1840  1902 I [OAR] AudioEngine: Stopping player
05-07 11:48:58.001  1840  1902 W VrApi   : ovr_SubmitFrameInternal: FrameIndex discontinuity: Expected 32922, Received 32921
05-07 11:48:58.002  1840  1902 I [OAR] ModelDef: Destroying ModelFileModel .gltf.ovrscene
05-07 11:48:58.003  1840  1902 W [OAR] AudioMixer: StopWavFile: Couldn't find attached sound for clientId controllerp0xadce7000
05-07 11:48:58.003  1840  1902 I [OAR] ModelDef: Destroying ModelFileModel .gltf.ovrscene
05-07 11:48:58.003  1840  1902 W [OAR] AudioMixer: StopWavFile: Couldn't find attached sound for clientId controllerp0xad467000
05-07 11:48:58.003  1840  1902 I GoCompatibility: GoCompatibility: vrapi_LeaveVrMode_Hooked()
05-07 11:48:58.003  1840  1902 I VrApi   : ---------- vrapi_LeaveVrMode [start] ----------
05-07 11:48:58.005  2116  2302 I ClientMgr: ClientMgr: Flushing frame 32951 from non-current client: com.oculus.vrshell(enabled), current client: com.YourCompany.ToysGame.
05-07 11:48:58.006  1840  1902 D VrApi   : targetSDKVersion 27
05-07 11:48:58.009  1840  1902 I VrRuntimeClient: DEVICE MODEL NUMBER = Quest
05-07 11:48:58.009  1840  1902 I VrRuntimeClient: DEVICE HARDWARE = monterey
05-07 11:48:58.010  1840  1902 I VrRuntimeClient: DEVICE BUILD NAME = user-602380.24900.0
05-07 11:48:58.010  1840  1902 I VrRuntimeClient: DEVICE BUILD TYPE = user
05-07 11:48:58.010  1840  1902 I VrRuntimeClient: DEVICE OS VERSION = 7.1.1
05-07 11:48:58.010  1840  1902 I VrRuntimeClient: VRRUNTIME VERSION = VRAPI_VERSION_BEGIN { 1.1.33.0-210938873-210938873 Apr 24 2020 16:11:35 Development } RELEASE
05-07 11:48:58.010  1840  1902 I VrRuntimeClient: API LOADER VERSION = 1.1.30.0
05-07 11:48:58.010  1840  1902 I VrRuntimeClient: VRDRIVER VERSION = 16.0.0.141.450
05-07 11:48:58.010  1840  1902 I VrRuntimeClient: APP NAME = Oculus App Runtime
05-07 11:48:58.010  1840  1902 I VrRuntimeClient: APP VERSION = 16.0.0.139.450 versionCode 210946745 internalVersionName 16.0.0.139.450.670c400f6e52 2020_04_24_17_36
05-07 11:48:58.010  1840  1902 I VrRuntimeClient: APP VR TYPE = vr_only
05-07 11:48:58.010  1840  1902 I VrRuntimeClient: APP PACKAGE NAME = com.oculus.vrshell
05-07 11:48:58.010  1840  1902 I VrRuntimeClient: APP ACTIVITY CLASS = com.oculus.vrshell.MainActivity
05-07 11:48:58.014  1840  1902 D BatteryReceiver: Unregistering battery receiver
05-07 11:48:58.033  1840 14769 I VrApi   : FPS=72,Prd=45ms,Tear=0,Early=72,Stale=0,VSnc=1,Lat=1,Fov=0,CPU4/GPU=3/4,2304/670MHz,OC=FF,TA=0/3/0,SP=N/N/N,Mem=1804MHz,Free=1177MB,PSM=0,PLS=0,Temp=31.0C/0.0C,TW=1.75ms,App=4.33ms,GD=0.00ms,CPU&GPU=8.04ms,LCnt=3,GPU%=0.41,CPU%=0.11(W0.18),DSF=1.00
05-07 11:48:58.036  1840  1902 I VrApi   : OVR::Stats thread stopped
05-07 11:48:58.036  1840  1902 I InputDeviceManager: ovrInputDeviceManager::Shutdown
05-07 11:48:58.047  1778  1788 I art     : Background sticky concurrent mark sweep GC freed 10867(2MB) AllocSpace objects, 0(0B) LOS objects, 36% free, 4MB/6MB, paused 14.601ms total 40.814ms
05-07 11:48:58.049  1840 14768 I InputHooks_Internal: InputHooksThreadRun ShutdownRequest received
05-07 11:48:58.052  1840  1902 D InputHooksJava: Disabling Java Input Hooks
05-07 11:48:58.060  2116  2140 D VrRuntimeService: this client: 1840:com.oculus.vrshell
05-07 11:48:58.060  2116  2140 D VrRuntimeService: enableRendering: clientWindow: null enable: false
05-07 11:48:58.060  2116  2140 I ClientMgr: ClientMgr::EnableRendering 1840:com.oculus.vrshell : type 0 : disable
05-07 11:48:58.060  1840 14777 I VrRuntimeClient: FenceChecker::MainLoop - ended
05-07 11:48:58.061  2116  2302 I ClientMgr: Non-overlay clients rendering status has changed: prev=140, curr=141, enabled=3
05-07 11:48:58.061  1840  1902 I BufferObject: ovrBufferObjectFactory::Unimport deleting GL buffer=335
05-07 11:48:58.061  1840  1902 I BufferObject: ovrBufferObjectFactory::Unimport deleting GL memory object=34
05-07 11:48:58.062  1840  1902 I TrackingServiceClient: OVR::TrackingService::ClientSetInterface
05-07 11:48:58.062  1840  1902 D TrackingServiceClient: onClientDisconnect
05-07 11:48:58.062  1840  1902 D TrackingServiceConnectionNative: onClientDisconnect
05-07 11:48:58.062   713   713 I TrackingService: Unregistering client by ITrackingService.unregisterClient
05-07 11:48:58.062   713   713 I TrackingService: TrackingServiceHost Unregistering client: pid 1840
05-07 11:48:58.063  1840  1902 D BinderConnection: Disconnecting from TrackingService service
05-07 11:48:58.063  1840  1902 D TrackingServiceConnectionNative: onDisconnected
05-07 11:48:58.063  1840  1902 D TrackingServiceClient: TrackingServiceConnection mConnectedRemotes.clear()
05-07 11:48:58.063  1840  1902 I TrackingServiceClient: OVR::TrackingService::ClientSetInterface
05-07 11:48:58.063  1840  1902 I VrApi   : ---------- vrapi_LeaveVrMode [end] ----------
05-07 11:48:58.063  1840  1902 I [OAR] ShellFrameAnalytics: ShellFrame frameFunction: 28965us/63077509us, trace: 0us/2us, process commands: 7201us/79692us, system update: 2425us/86566us, render 188us/8790us, post render 0us/0us
05-07 11:48:58.069  1840  1902 I [OAR] ShellApp: 0xce197358 msg: surfaceDestroyed 0xdcdc0008
05-07 11:48:58.091  1840  1840 D [OAR] ShellControlBroadcastReceiver: onReceive with MainActivity native pointer 3734910480, action com.oculus.systemactivities.CAPTURE_STATE_UPDATE
05-07 11:48:58.092  1840  1902 I [OAR] ShellApp: 0xce197358 msg: broadcastIntent:
05-07 11:48:58.092  1840  1902 I [OAR] ShellApp: capture_mode = 0
05-07 11:48:58.092  1840  1902 I [OAR] ShellApp: is_capture_running = true
05-07 11:48:58.092  1840  1902 I [OAR] ShellApp: intent_action = com.oculus.systemactivities.CAPTURE_STATE_UPDATE
05-07 11:48:58.092  1840  1902 I [OAR] ShellApp: is_instant_replay = false
05-07 11:48:58.092  1840  1902 I [OAR] SystemUXController: OnCaptureStateChanged, disk?=1, enabled?=1, instantreplay?=0
05-07 11:48:58.110  1076  1492 E ActivityManager: Sending non-protected broadcast com.oculus.systemactivities.BEGIN_VIDEO_CAPTURE_WITH_SURFACE from system 1494:com.oculus.companion.server/1000 pkg com.oculus.companion.server
05-07 11:48:58.110  1076  1492 E ActivityManager: java.lang.Throwable
05-07 11:48:58.110  1076  1492 E ActivityManager: 	at com.android.server.am.ActivityManagerService.checkBroadcastFromSystem(ActivityManagerService.java:18304)
05-07 11:48:58.110  1076  1492 E ActivityManager: 	at com.android.server.am.ActivityManagerService.broadcastIntentLocked(ActivityManagerService.java:18785)
05-07 11:48:58.110  1076  1492 E ActivityManager: 	at com.android.server.am.ActivityManagerService.broadcastIntent(ActivityManagerService.java:18967)
05-07 11:48:58.110  1076  1492 E ActivityManager: 	at android.app.ActivityManagerNative.onTransact(ActivityManagerNative.java:500)
05-07 11:48:58.110  1076  1492 E ActivityManager: 	at com.android.server.am.ActivityManagerService.onTransact(ActivityManagerService.java:2843)
05-07 11:48:58.110  1076  1492 E ActivityManager: 	at android.os.Binder.execTransact(Binder.java:606)
05-07 11:48:58.129  1076  1492 E ActivityManager: Sending non-protected broadcast com.oculus.systemactivities.BEGIN_VIDEO_CAPTURE_WITH_SURFACE from system 1494:com.oculus.companion.server/1000 pkg com.oculus.companion.server
05-07 11:48:58.129  1076  1492 E ActivityManager: java.lang.Throwable
05-07 11:48:58.129  1076  1492 E ActivityManager: 	at com.android.server.am.ActivityManagerService.checkBroadcastFromSystem(ActivityManagerService.java:18304)
05-07 11:48:58.129  1076  1492 E ActivityManager: 	at com.android.server.am.ActivityManagerService.broadcastIntentLocked(ActivityManagerService.java:18876)
05-07 11:48:58.129  1076  1492 E ActivityManager: 	at com.android.server.am.ActivityManagerService.broadcastIntent(ActivityManagerService.java:18967)
05-07 11:48:58.129  1076  1492 E ActivityManager: 	at android.app.ActivityManagerNative.onTransact(ActivityManagerNative.java:500)
05-07 11:48:58.129  1076  1492 E ActivityManager: 	at com.android.server.am.ActivityManagerService.onTransact(ActivityManagerService.java:2843)
05-07 11:48:58.129  1076  1492 E ActivityManager: 	at android.os.Binder.execTransact(Binder.java:606)
05-07 11:48:58.140  2116  2116 D ScreenCaptureReceiver: onReceive com.oculus.systemactivities.BEGIN_VIDEO_CAPTURE_WITH_SURFACE package=com.oculus.systemdriver
05-07 11:48:58.144  2116  2116 D TrustedSignatureVerifier: Checking app signature for com.oculus.horizon
05-07 11:48:58.149  2116  2116 D ScreenCaptureReceiver: App is trusted
05-07 11:48:58.151  2116  2116 D ScreenCaptureReceiver: Valid surface. Starting streaming
05-07 11:48:58.152  2116  2116 I ScreenCaptureBase: Screen Capture Command:1
05-07 11:48:58.154  2116 14507 I ScreenCaptureVideo: Start Video Capture
05-07 11:48:58.158  2116 14507 I CaptureSurfaceManager: Capture NativeWindow: 1024 x 1024 fmt 1
05-07 11:48:58.160  2116 14507 I CaptureSurfaceManager: Surface Size 1024x1024
05-07 11:48:58.161  2116 14507 I Distortion: SetLensPositions - iad=0.063, left offset=0.000250001,0, right offset=-0.000250001,0
05-07 11:48:58.161  2116 14507 I DistortionMesh: LoadDistortionMeshFromMemory
05-07 11:48:58.164  2116 14507 I TimeWarp: UpdateClockLevels: Apply pending clock request change: 4,4 -> 4,5
05-07 11:48:58.164  2116 14503 I Clocks  : ReleaseClocks - start
05-07 11:48:58.164   716   716 D         : CPU_CLUSTER_0: No client requests exists, release clocks
05-07 11:48:58.164   716   716 D         : CPU_CLUSTER_1: No client requests exists, release clocks
05-07 11:48:58.165   716   716 D         : GPU: No client requests exists, release clocks
05-07 11:48:58.165   716   716 D         : CPUBW: No client requests exists, release clocks
05-07 11:48:58.166  2116 14503 I Clocks  : ReleaseClocks - end (1.8 ms)
05-07 11:48:58.166  2116 14503 I Clocks  : LockClocks( cpu=4, gpu=5 ) - start
05-07 11:48:58.167  2116 14503 I Clocks  : CPU levels [0, 4]
05-07 11:48:58.167  2116 14503 I Clocks  : GPU levels [0, 5]
05-07 11:48:58.167   716   716 D         : CPU_CLUSTER_0: Client 2116 sends freq request [21, 21]
05-07 11:48:58.167   716   716 D         : CPU_CLUSTER_0: Next Perf Level = (21, 21)
05-07 11:48:58.167   716   716 D         : CPU_CLUSTER_1: Client 2116 sends freq request [26, 26]
05-07 11:48:58.167   716   716 D         : CPU_CLUSTER_1: Next Perf Level = (26, 26)
05-07 11:48:58.167   716   716 D         : CPUBW: Client 2116 sends freq request [8, 11]
05-07 11:48:58.167   716   716 D         : CPUBW: Next Perf Level = (8, 11)
05-07 11:48:58.168   716   716 D         : GPU: Client 2116 sends freq request [7, 7]
05-07 11:48:58.168   716   716 D         : GPU: Next Perf Level = (7, 7)
05-07 11:48:58.169   695  1667 D GraphicBufferSource: got buffer with new dataSpace #104
05-07 11:48:58.169   695  1667 I OMX-VENC: get_config (dataspace changed): ColorSpace: Recommend 601-limited for RGBA8888
05-07 11:48:58.169   695  1667 D GraphicBufferSource: Codec resolved it to (R:2(Limited), P:3(BT601_6_625), M:3(BT601_6), T:3(SMPTE170M)) err=0(NO_ERROR)
05-07 11:48:58.170  2116 14503 I Clocks  : LockClocks( cpu=4, gpu=5 ) - end (3.8 ms)
05-07 11:48:58.170 14418 14795 I AudioCapture: AudioCapture::StartAudioCapture - Starting audio capture
05-07 11:48:58.170  1778 14806 D ACodec  : dataspace changed to 0x10c10000 (R:2(Limited), P:3(BT601_6_625), M:3(BT601_6), T:3(SMPTE170M)) (R:2(Limited), S:1(BT709), T:3(SMPTE_170M))
05-07 11:48:58.172 14418 14795 W AudioTrack: ReleaseBufferCallbackRegistered
05-07 11:48:58.172 14418 14795 I AudioCapture: AudioCapture::StartAudioConsumerThread
05-07 11:48:58.172 14418 14795 I AudioCapture: AudioCapture::StartAudioConsumerThread COMPLETE
05-07 11:48:58.173 14418 14813 I AudioCapture: AudioCapture::ConsumeAudio thread BEGIN
05-07 11:48:58.173 14418 14813 I JniUtils: Creating temporary JNIEnv. This is a heavy operation and should be infrequent. To optimize, use JNI AttachCurrentThread on calling thread
05-07 11:48:58.174   695 14809 I OMX-VENC: ENC_CONFIG: gralloc ColorSpace = 0 (601=0 601_FR=1 709=2)
05-07 11:48:58.174   695 14809 I OMX-VENC: ENC_CONFIG: Input Color = RGBA8888 UBWC
05-07 11:48:58.174   695 14809 I OMX-VENC: ENC_CONFIG: selected ColorSpace = 0 (601=0 601_FR=1 709=2)
05-07 11:48:58.175 14418 14813 D AudioService: Binding to audio capture service
05-07 11:48:58.176 14418 14813 D AudioService: Horizon version: 16.0.0.209.484
05-07 11:48:58.181 14418 14418 D AudioService: Connected to audio capture service: ComponentInfo{com.oculus.horizon/com.oculus.horizon.service_media.OVRMediaService}
05-07 11:48:58.206  1778  1909 I OVRPlatform: [CapturedAudioRenderer] Lazy create buffer trackID 1185, size 48000
05-07 11:48:58.415  1778 14800 I MPEG4Writer: limits: 4294967295/0 bytes/us, bit rate: -1 bps and the estimated moov size 3195 bytes
05-07 11:48:58.417  1778 14817 I MPEG4Writer: setStartTimestampUs: 0
05-07 11:48:58.417  1778 14817 I MPEG4Writer: Earliest track starting time: 0
05-07 11:48:58.419  2116 14507 I Vsync   : Vsync 5399:  2 x 13.92 ms (71.83 Hz, at 11568.064)
05-07 11:48:58.419  2116 14507 I TimeWarp: Adjusting 5399.08 > 5398 to 5399
05-07 11:48:58.421  1778 14818 I MPEG4Writer: setStartTimestampUs: 0
05-07 11:48:58.553 14418 14819 D UE4     : [2020.05.07-09.48.58:553][240]LogTcpMessaging: Started Connection to '127.0.0.1:48886'
05-07 11:48:58.554 14418 14819 D UE4     : [2020.05.07-09.48.58:554][240]LogTcpMessaging: Discovered node 'B21106454AEACF15F7D6E08FA0848160' on connection '127.0.0.1:48886'...
05-07 11:48:58.795   713 14485 I [CT]    : VIPER:MAP_MANAGER: State: TRACKING_PERSISTENT, UUID=d18585e8-d288-4997-b6ff-78495c7eed6a, Num. Persistent maps = 1,  Persistent maps:d18585e8-d288-4997-b6ff-78495c7eed6a,, Ser. Disabled = 00000000-0000-0000-0000-000000000000
05-07 11:48:58.803 14418 14437 D UE4     : [GameActivity] Used memory: 755306
05-07 11:48:58.968 14418 14788 I Telemetry: App memory usage: PSS=737MB DalvikPSS=3 MB
05-07 11:48:58.970 14418 14788 I VrApi   : FPS=52,Prd=44ms,Tear=0,Early=42,Stale=28,VSnc=1,Lat=1,Fov=0,CPU4/GPU=4/4,2304/710MHz,OC=FF,TA=0/E0/E0,SP=N/F/F,Mem=1804MHz,Free=1176MB,PSM=0,PLS=0,Temp=31.0C/0.0C,TW=2.27ms,App=12.95ms,GD=0.00ms,CPU&GPU=20.92ms,LCnt=2,GPU%=0.93,CPU%=0.52(W0.62),DSF=1.00
05-07 11:48:59.563 14418 14788 I VrApi   : FPS=71,Prd=44ms,Tear=0,Early=0,Stale=1,VSnc=1,Lat=1,Fov=0,CPU4/GPU=4/5,2304/710MHz,OC=FF,TA=0/E0/E0,SP=N/F/F,Mem=1804MHz,Free=1177MB,PSM=0,PLS=0,Temp=31.0C/0.0C,TW=2.39ms,App=13.00ms,GD=0.00ms,CPU&GPU=18.83ms,LCnt=2,GPU%=0.95,CPU%=0.57(W0.61),DSF=1.00
05-07 11:48:59.794   713 14485 I [CT]    : HealthReport: ==================================================
05-07 11:48:59.794   713 14485 I [CT]    : Health Report
05-07 11:48:59.794   713 14485 I [CT]    : -------------
05-07 11:48:59.794   713 14485 I [CT]    : 
05-07 11:48:59.794   713 14485 I [CT]    : Reporter #1 (InsideOutHealthMonitor) summary:
05-07 11:48:59.794   713 14485 I [CT]    : Camera: Total Dropped: 0.000000, Total Frame Count: 3234 (0.000000%), Camera Reset Count: 0
05-07 11:48:59.794   713 14485 I [CT]    : Camera: Total Single Camera Frame Dropped: 0, Total Frame Count: 3234 (0.000000%)
05-07 11:48:59.794   713 14485 I [CT]    : IMU: Total Dropped: 0.000000, Total Sample Count: 175532 (0.000000%)
05-07 11:48:59.794   713 14485 I [CT]    : Magnetometer: Total Dropped: 0.000000, Total Sample Count: 5266 (0.000000%)
05-07 11:48:59.794   713 14485 I [CT]    : 
05-07 11:48:59.794   713 14485 I [CT]    : Reporter #1 (InsideOutHealthMonitor) Passed
05-07 11:48:59.794   713 14485 I [CT]    : --------------------------------------------------
05-07 11:48:59.794   713 14485 I [CT]    : Reporter #2 (ConstellationHealthMonitor) summary:
05-07 11:48:59.794   713 14485 I [CT]    : Camera: Total Dropped: 0.000000, Total Frame Count: 2939 (0.000000%), Camera Reset Count: 2
05-07 11:48:59.794   713 14485 I [CT]    : Camera: Total Single Camera Frame Dropped: 0, Total Frame Count: 2939 (0.000000%)
05-07 11:48:59.794   713 14485 I [CT]    : Controller 7745273921483883046:
05-07 11:48:59.794   713 14485 I [CT]    : IMU: Capture period exceeded threshold.  Largest period: 4.715845 sec
05-07 11:48:59.794   713 14485 I [CT]    : Controllers may have been sleeping
05-07 11:48:59.794   713 14485 I [CT]    : IMU: Total Dropped: 0.000000, Total Sample Count: 85467.227000 (0.000000%)
05-07 11:48:59.794   713 14485 I [CT]    : Controller 4212769887286730484:
05-07 11:48:59.837  1778  1788 I art     : Background sticky concurrent mark sweep GC freed 11428(1983KB) AllocSpace objects, 5(236KB) LOS objects, 35% free, 4MB/6MB, paused 5.864ms total 37.848ms
05-07 11:49:00.074   713 14485 I [CT]    : VIPER: Status=6DoF,TRACKING,KF=114,Inl=296,Pts=465,Jit=0.2mm,Issues(Cam/min=0.0,IMU/min=0.0),Exp=(9.3ms,g=12.0,I=75)(6.1ms,g=5.0,I=68)(9.3ms,g=12.0,I=61)(7.9ms,g=10.0,I=67)
05-07 11:49:00.259  2116 14507 I TimeWarp: UpdateClockLevels: Apply pending clock request change: 4,5 -> 3,5
05-07 11:49:00.259  2116 14503 I Clocks  : ReleaseClocks - start
05-07 11:49:00.260   716   809 D         : CPU_CLUSTER_0: No client requests exists, release clocks
05-07 11:49:00.260   716   809 D         : CPU_CLUSTER_1: No client requests exists, release clocks
05-07 11:49:00.260   716   809 D         : GPU: No client requests exists, release clocks
05-07 11:49:00.260   716   809 D         : CPUBW: No client requests exists, release clocks
05-07 11:49:00.261  2116 14503 I Clocks  : ReleaseClocks - end (2.1 ms)
05-07 11:49:00.261  2116 14503 I Clocks  : LockClocks( cpu=3, gpu=5 ) - start
05-07 11:49:00.262  2116 14503 I Clocks  : CPU levels [0, 4]
05-07 11:49:00.262  2116 14503 I Clocks  : GPU levels [0, 5]
05-07 11:49:00.262   716   809 D         : CPU_CLUSTER_0: Client 2116 sends freq request [21, 21]
05-07 11:49:00.262   716   809 D         : CPU_CLUSTER_0: Next Perf Level = (21, 21)
05-07 11:49:00.262   716   809 D         : CPU_CLUSTER_1: Client 2116 sends freq request [22, 22]
05-07 11:49:00.262   716   809 D         : CPU_CLUSTER_1: Next Perf Level = (22, 22)
05-07 11:49:00.263   716   809 D         : CPUBW: Client 2116 sends freq request [8, 11]
05-07 11:49:00.263   716   809 D         : CPUBW: Next Perf Level = (8, 11)
05-07 11:49:00.263   716   809 D         : GPU: Client 2116 sends freq request [7, 7]
05-07 11:49:00.263   716   809 D         : GPU: Next Perf Level = (7, 7)
05-07 11:49:00.264  2116 14503 I Clocks  : LockClocks( cpu=3, gpu=5 ) - end (2.2 ms)
05-07 11:49:00.365  1076  1222 E TaskPersister: File error accessing recents directory (directory doesn't exist?).
05-07 11:49:00.460  2116  2140 I VrRuntimeService: nativeDestroyTextureSwapChain 289
05-07 11:49:00.563 14418 14788 I VrApi   : FPS=72,Prd=45ms,Tear=0,Early=0,Stale=0,VSnc=1,Lat=1,Fov=0,CPU4/GPU=4/5,1958/710MHz,OC=FF,TA=0/E0/E0,SP=N/F/F,Mem=1804MHz,Free=1177MB,PSM=0,PLS=0,Temp=31.0C/0.0C,TW=2.37ms,App=13.97ms,GD=0.00ms,CPU&GPU=17.25ms,LCnt=2,GPU%=0.93,CPU%=0.62(W0.68),DSF=1.00
05-07 11:49:00.604   713 14484 I [CT]    : MANAGEMENT:CONSTELLATION: Status=GREEN,, Obj=7745273921483883046,6DOF=1,FusJit=0.007mm,Issues(Cam/min=  0,IMU/min=0), Obj=4212769887286730484,6DOF=1 (estimated),Issues(Cam/min=  0,IMU/min=0)
05-07 11:49:01.341   713 13906 I [CT]    : boltlib: DSP utilization(%): 18
05-07 11:49:01.567 14418 14788 I VrApi   : FPS=72,Prd=44ms,Tear=0,Early=0,Stale=0,VSnc=1,Lat=1,Fov=0,CPU4/GPU=3/5,1958/710MHz,OC=FF,TA=0/E0/E0,SP=N/F/F,Mem=1804MHz,Free=1177MB,PSM=0,PLS=0,Temp=31.0C/0.0C,TW=1.50ms,App=13.17ms,GD=0.00ms,CPU&GPU=18.41ms,LCnt=1,GPU%=0.99,CPU%=0.50(W0.52),DSF=1.00
05-07 11:49:01.587  1778  1788 I art     : Background sticky concurrent mark sweep GC freed 12796(2MB) AllocSpace objects, 0(0B) LOS objects, 35% free, 4MB/6MB, paused 6.521ms total 25.108ms
05-07 11:49:01.900  2116 14507 I TimeWarp: UpdateClockLevels: Apply pending clock request change: 3,5 -> 4,5
05-07 11:49:01.900  2116 14503 I Clocks  : ReleaseClocks - start
05-07 11:49:01.901   716  3647 D         : CPU_CLUSTER_0: No client requests exists, release clocks
05-07 11:49:01.901   716  3647 D         : CPU_CLUSTER_1: No client requests exists, release clocks
05-07 11:49:01.901   716  3647 D         : GPU: No client requests exists, release clocks
05-07 11:49:01.901   716  3647 D         : CPUBW: No client requests exists, release clocks
05-07 11:49:01.902  2116 14503 I Clocks  : ReleaseClocks - end (1.1 ms)
05-07 11:49:01.902  2116 14503 I Clocks  : LockClocks( cpu=4, gpu=5 ) - start
05-07 11:49:01.903  2116 14503 I Clocks  : CPU levels [0, 4]
05-07 11:49:01.903  2116 14503 I Clocks  : GPU levels [0, 5]
05-07 11:49:01.903   716  3647 D         : CPU_CLUSTER_0: Client 2116 sends freq request [21, 21]
05-07 11:49:01.903   716  3647 D         : CPU_CLUSTER_0: Next Perf Level = (21, 21)
05-07 11:49:01.903   716  3647 D         : CPU_CLUSTER_1: Client 2116 sends freq request [26, 26]
05-07 11:49:01.903   716  3647 D         : CPU_CLUSTER_1: Next Perf Level = (26, 26)
05-07 11:49:01.904   716  3647 D         : CPUBW: Client 2116 sends freq request [8, 11]
05-07 11:49:01.904   716  3647 D         : CPUBW: Next Perf Level = (8, 11)
05-07 11:49:01.904   716  3647 D         : GPU: Client 2116 sends freq request [7, 7]
05-07 11:49:01.904   716  3647 D         : GPU: Next Perf Level = (7, 7)
05-07 11:49:01.904  2116 14503 I Clocks  : LockClocks( cpu=4, gpu=5 ) - end (2.4 ms)
05-07 11:49:02.042   713 13957 E [CT]    : TorsoModel: failed to update: hmd and/or controller in singular position
05-07 11:49:02.388 10996 11027 W CPanelService: Detected non-responsive panel app; exiting
05-07 11:49:02.395   713 14485 I [CT]    : VIPER:MAP_MANAGER: State: TRACKING_PERSISTENT, UUID=d18585e8-d288-4997-b6ff-78495c7eed6a, Num. Persistent maps = 1,  Persistent maps:d18585e8-d288-4997-b6ff-78495c7eed6a,, Ser. Disabled = 00000000-0000-0000-0000-000000000000
05-07 11:49:02.525  1076  1387 I ActivityManager: Process com.oculus.vrshell.home:explore (pid 10996) has died
05-07 11:49:02.525  1076  1387 D ActivityManager: cleanUpApplicationRecord -- 10996
05-07 11:49:02.526   690   690 I Zygote  : Process 10996 exited cleanly (1)
05-07 11:49:02.563 14418 14788 I VrApi   : FPS=70,Prd=44ms,Tear=0,Early=0,Stale=4,VSnc=1,Lat=1,Fov=0,CPU4/GPU=3/5,2304/710MHz,OC=FF,TA=0/E0/E0,SP=N/F/F,Mem=1804MHz,Free=1208MB,PSM=0,PLS=0,Temp=31.0C/0.0C,TW=1.52ms,App=14.90ms,GD=0.00ms,CPU&GPU=19.61ms,LCnt=1,GPU%=0.94,CPU%=0.51(W0.57),DSF=1.00
05-07 11:49:02.571  2101  2304 E Security-LocalReporter: UID '10043' is shared by multiple packages: [com.oculus.horizon, com.oculus.home]
05-07 11:49:02.585  2101  2304 I LibraryProvider: running queryApp(com.oculus.vrshell.home) for com.oculus.uid:10043
05-07 11:49:02.585  2101  2304 W LibraryProvider: Cannot find entitlement for com.oculus.vrshell.home
05-07 11:49:02.585  1778  1913 W OVRLibrary: null cursor received for query content://com.oculus.ocms.library/apps/com.oculus.vrshell.home
05-07 11:49:02.775  1461 14829 W ContextImpl: Calling a method in the system process without a qualified user: android.app.ContextImpl.sendBroadcast:877 android.content.ContextWrapper.sendBroadcast:421 com.facebook.analytics2.logger.UploadServiceBus.signalJobRan:60 com.facebook.analytics2.logger.UploadJobHandler.exitStateMachine:267 com.facebook.analytics2.logger.UploadJobHandler.handleMessage:97 
05-07 11:49:03.560 14418 14788 I VrApi   : FPS=64,Prd=44ms,Tear=0,Early=0,Stale=19,VSnc=1,Lat=1,Fov=0,CPU4/GPU=4/5,2304/710MHz,OC=FF,TA=0/E0/E0,SP=N/F/F,Mem=1804MHz,Free=1210MB,PSM=0,PLS=0,Temp=31.0C/0.0C,TW=1.55ms,App=15.07ms,GD=0.00ms,CPU&GPU=24.58ms,LCnt=1,GPU%=0.95,CPU%=0.41(W0.46),DSF=1.00
05-07 11:49:03.675   713 14485 I [CT]    : VIPER: Status=6DoF,TRACKING,KF=114,Inl=282,Pts=465,Jit=0.1mm,Issues(Cam/min=0.0,IMU/min=0.0),Exp=(13.0ms,g=15.0,I=71)(9.3ms,g=11.0,I=68)(13.0ms,g=15.0,I=71)(8.0ms,g=9.0,I=69)
05-07 11:49:04.084  1461  2010 I UploadManager: Scheduling jobbId 2131165248 within interval (900000, 2700000)
05-07 11:49:04.201   713 14484 I [CT]    : MANAGEMENT:CONSTELLATION: Status=GREEN,, Obj=7745273921483883046,6DOF=1,FusJit=0.006mm,Issues(Cam/min=  0,IMU/min=0), Obj=4212769887286730484,6DOF=1 (estimated),Issues(Cam/min=  0,IMU/min=0)
05-07 11:49:04.290 14418 14435 D UE4     : [2020.05.07-09.49.04:289][626]LogBlueprintUserMessages: [BP_VRButton_2] 1.0
05-07 11:49:04.319  2116  2136 I VrRuntimeService: nativeCreateTextureSwapChain api:vk 0 0x2b 1024 1024 1 3 1 0 15
05-07 11:49:04.322  2116  2136 I VrRuntimeServer: CreateTextureSwapChain: result importswapchaingles 1
05-07 11:49:04.327 14418 14795 W VrRuntimeClient: GetSamplerStateFromClientTexture: not currently supported for Vulkan.
05-07 11:49:04.433  2116 14507 I Vsync   : Vsync 5831:  2 x 13.78 ms (71.76 Hz, at 11574.078)
05-07 11:49:04.433  2116 14507 I TimeWarp: Adjusting 5831.02 > 5830 to 5831
05-07 11:49:04.559 14418 14788 I VrApi   : FPS=63,Prd=44ms,Tear=0,Early=0,Stale=19,VSnc=1,Lat=1,Fov=0,CPU4/GPU=4/5,2304/710MHz,OC=FF,TA=0/E0/E0,SP=N/F/F,Mem=1804MHz,Free=1209MB,PSM=0,PLS=0,Temp=31.0C/0.0C,TW=1.50ms,App=16.17ms,GD=0.00ms,CPU&GPU=24.77ms,LCnt=1,GPU%=0.94,CPU%=0.32(W0.35),DSF=1.00
05-07 11:49:04.836  2116 14507 I TimeWarp: Will tear: 0.006243
05-07 11:49:04.852  2116 14507 I Vsync   : Vsync 5861:  2 x 13.92 ms (71.84 Hz, at 11574.498)
05-07 11:49:05.018  2116 14507 I TimeWarp: Will tear: 0.006884
05-07 11:49:05.253  2116 14507 I TimeWarp: Will tear: 0.006085
05-07 11:49:05.270  2116 14507 I Vsync   : Vsync 5891:  2 x 13.92 ms (71.82 Hz, at 11574.916)
05-07 11:49:05.435  2116 14507 I Vsync   : Vsync 5903:  2 x 13.92 ms (71.83 Hz, at 11575.081)
05-07 11:49:05.435  2116 14507 I TimeWarp: Adjusting 5903.01 > 5902 to 5903
05-07 11:49:05.559 14418 14788 I VrApi   : FPS=62,Prd=44ms,Tear=0,Early=0,Stale=22,VSnc=1,Lat=1,Fov=0,CPU4/GPU=4/5,2304/710MHz,OC=FF,TA=0/E0/E0,SP=N/F/F,Mem=1804MHz,Free=1213MB,PSM=0,PLS=0,Temp=31.0C/0.0C,TW=2.18ms,App=15.81ms,GD=0.00ms,CPU&GPU=24.96ms,LCnt=2,GPU%=0.88,CPU%=0.31(W0.33),DSF=1.00
05-07 11:49:05.795   713 14485 I [CT]    : HealthReport: ==================================================
05-07 11:49:05.795   713 14485 I [CT]    : Health Report
05-07 11:49:05.795   713 14485 I [CT]    : -------------
05-07 11:49:05.795   713 14485 I [CT]    : 
05-07 11:49:05.795   713 14485 I [CT]    : Reporter #1 (InsideOutHealthMonitor) summary:
05-07 11:49:05.795   713 14485 I [CT]    : Camera: Total Dropped: 0.000000, Total Frame Count: 3384 (0.000000%), Camera Reset Count: 0
05-07 11:49:05.795   713 14485 I [CT]    : Camera: Total Single Camera Frame Dropped: 0, Total Frame Count: 3384 (0.000000%)
05-07 11:49:05.795   713 14485 I [CT]    : IMU: Total Dropped: 0.000000, Total Sample Count: 181534 (0.000000%)
05-07 11:49:05.795   713 14485 I [CT]    : Magnetometer: Total Dropped: 0.000000, Total Sample Count: 5446 (0.000000%)
05-07 11:49:05.795   713 14485 I [CT]    : 
05-07 11:49:05.795   713 14485 I [CT]    : Reporter #1 (InsideOutHealthMonitor) Passed
05-07 11:49:05.795   713 14485 I [CT]    : --------------------------------------------------
05-07 11:49:05.795   713 14485 I [CT]    : Reporter #2 (ConstellationHealthMonitor) summary:
05-07 11:49:05.795   713 14485 I [CT]    : Camera: Total Dropped: 0.000000, Total Frame Count: 3089 (0.000000%), Camera Reset Count: 2
05-07 11:49:05.795   713 14485 I [CT]    : Camera: Total Single Camera Frame Dropped: 0, Total Frame Count: 3089 (0.000000%)
05-07 11:49:05.795   713 14485 I [CT]    : Controller 7745273921483883046:
05-07 11:49:05.795   713 14485 I [CT]    : IMU: Capture period exceeded threshold.  Largest period: 4.715845 sec
05-07 11:49:05.795   713 14485 I [CT]    : Controllers may have been sleeping
05-07 11:49:05.795   713 14485 I [CT]    : IMU: Total Dropped: 0.000000, Total Sample Count: 88467.461000 (0.000000%)
05-07 11:49:05.795   713 14485 I [CT]    : Controller 4212769887286730484:
05-07 11:49:05.994   713 14485 I [CT]    : VIPER:MAP_MANAGER: State: TRACKING_PERSISTENT, UUID=d18585e8-d288-4997-b6ff-78495c7eed6a, Num. Persistent maps = 1,  Persistent maps:d18585e8-d288-4997-b6ff-78495c7eed6a,, Ser. Disabled = 00000000-0000-0000-0000-000000000000
05-07 11:49:06.173  2116 14507 I TimeWarp: Will tear: 0.006198
05-07 11:49:06.189  2116 14507 I Vsync   : Vsync 5957:  2 x 13.93 ms (71.80 Hz, at 11575.835)
05-07 11:49:06.355  2116 14507 I Vsync   : Vsync 5969:  2 x 13.87 ms (71.80 Hz, at 11576.000)
05-07 11:49:06.355  2116 14507 I TimeWarp: Adjusting 5969.04 > 5968 to 5969
05-07 11:49:06.560 14418 14788 I VrApi   : FPS=56,Prd=44ms,Tear=3,Early=0,Stale=30,VSnc=1,Lat=1,Fov=0,CPU4/GPU=4/5,2304/710MHz,OC=FF,TA=0/E0/E0,SP=N/F/F,Mem=1804MHz,Free=1213MB,PSM=0,PLS=0,Temp=31.0C/0.0C,TW=2.36ms,App=14.69ms,GD=0.00ms,CPU&GPU=26.06ms,LCnt=2,GPU%=0.94,CPU%=0.37(W0.43),DSF=1.00
05-07 11:49:06.684 14418 14435 D UE4     : [2020.05.07-09.49.06:684][762]LogBlueprintUserMessages: [BP_VRButton_2] 1.0
05-07 11:49:06.726  2126 14536 I Telemetry: App memory usage: PSS=57MB DalvikPSS=1 MB
05-07 11:49:06.841  2116 14507 I TimeWarp: Will tear: 0.006523
05-07 11:49:06.857  2116 14507 I Vsync   : Vsync 6005:  2 x 13.93 ms (71.82 Hz, at 11576.503)
05-07 11:49:07.079  2116 14507 I Vsync   : Vsync 6021:  2 x 13.92 ms (71.82 Hz, at 11576.725)
05-07 11:49:07.079  2116 14507 I TimeWarp: Adjusting 6021.06 > 6020 to 6021
05-07 11:49:07.275   713 14485 I [CT]    : VIPER: Status=6DoF,TRACKING,KF=114,Inl=269,Pts=465,Jit=0.1mm,Issues(Cam/min=0.0,IMU/min=0.0),Exp=(13.5ms,g=15.0,I=71)(9.5ms,g=11.0,I=68)(13.5ms,g=15.0,I=70)(7.4ms,g=10.0,I=69)
05-07 11:49:07.315  2116 14507 I Vsync   : Vsync 6038:  2 x 13.92 ms (71.83 Hz, at 11576.961)
05-07 11:49:07.315  2116 14507 I TimeWarp: Adjusting 6038.01 > 6037 to 6038
05-07 11:49:07.341   713 13906 I [CT]    : boltlib: DSP utilization(%): 17
05-07 11:49:07.563 14418 14788 I VrApi   : FPS=57,Prd=44ms,Tear=1,Early=0,Stale=33,VSnc=1,Lat=1,Fov=0,CPU4/GPU=4/5,2304/710MHz,OC=FF,TA=0/E0/E0,SP=N/F/F,Mem=1804MHz,Free=1209MB,PSM=0,PLS=0,Temp=31.0C/0.0C,TW=2.36ms,App=15.75ms,GD=0.00ms,CPU&GPU=25.96ms,LCnt=2,GPU%=0.90,CPU%=0.24(W0.30),DSF=1.00
05-07 11:49:07.636  2116 14507 I Vsync   : Vsync 6061:  2 x 13.92 ms (71.83 Hz, at 11577.281)
05-07 11:49:07.636  2116 14507 I TimeWarp: Adjusting 6061.05 > 6060 to 6061
05-07 11:49:07.801   713 14484 I [CT]    : MANAGEMENT:CONSTELLATION: Status=GREEN,, Obj=7745273921483883046,6DOF=1,FusJit=0.002mm,Issues(Cam/min=  0,IMU/min=0), Obj=4212769887286730484,6DOF=1 (estimated),Issues(Cam/min=  0,IMU/min=0)
05-07 11:49:07.842  1076  1122 E BatteryStatsService: power: Missing API
05-07 11:49:07.848  1076  1122 E BatteryStatsService: no controller energy info supplied
05-07 11:49:07.861  1076  1122 E BatteryStatsService: no controller energy info supplied
05-07 11:49:07.899 14418 14418 D UE4     : [GameActivity] Battery: status = 2, rawlevel = 96, scale = 100
05-07 11:49:07.900 14418 14418 D UE4     : nativeBatteryEvent(stat = 2, lvl = 96  temp = 32.00 C)
05-07 11:49:07.900  2116 14507 I Vsync   : Vsync 6080:  2 x 13.92 ms (71.82 Hz, at 11577.545)
05-07 11:49:07.900  2116 14507 I TimeWarp: Adjusting 6080.02 > 6079 to 6080
05-07 11:49:07.909  1424 14839 I OSUpdateService: Intent with action system_battery_changed
05-07 11:49:07.996  2116 14507 I TimeWarp: Will tear: 0.006049
05-07 11:49:08.013  2116 14507 I Vsync   : Vsync 6088:  2 x 13.92 ms (71.82 Hz, at 11577.658)
05-07 11:49:08.234  2116 14507 I TimeWarp: Will tear: 0.006561
05-07 11:49:08.250  2116 14507 I Vsync   : Vsync 6105:  2 x 13.92 ms (71.84 Hz, at 11577.895)
05-07 11:49:08.415  2116 14507 I Vsync   : Vsync 6117:  2 x 13.92 ms (71.83 Hz, at 11578.061)
05-07 11:49:08.415  2116 14507 I TimeWarp: Adjusting 6117.02 > 6116 to 6117
05-07 11:49:08.560 14418 14788 I VrApi   : FPS=57,Prd=43ms,Tear=1,Early=0,Stale=31,VSnc=1,Lat=1,Fov=0,CPU4/GPU=4/5,2304/710MHz,OC=FF,TA=0/E0/E0,SP=N/F/F,Mem=1804MHz,Free=1210MB,PSM=0,PLS=0,Temp=32.0C/0.0C,TW=2.26ms,App=15.73ms,GD=0.00ms,CPU&GPU=26.34ms,LCnt=2,GPU%=0.88,CPU%=0.25(W0.29),DSF=1.00
05-07 11:49:09.215 14418 14437 D UE4     : [GameActivity] Used memory: 755915
05-07 11:49:09.236  2116 14507 I TimeWarp: Will tear: 0.006293
05-07 11:49:09.252  2116 14507 I Vsync   : Vsync 6177:  2 x 13.92 ms (71.83 Hz, at 11578.898)
05-07 11:49:09.358 14418 14435 D UE4     : [2020.05.07-09.49.09:358][912]LogBlueprintUserMessages: [BP_VRButton_2] 1.0
05-07 11:49:09.564 14418 14788 I VrApi   : FPS=56,Prd=44ms,Tear=2,Early=0,Stale=30,VSnc=1,Lat=1,Fov=0,CPU4/GPU=4/5,2304/710MHz,OC=FF,TA=0/E0/E0,SP=N/F/F,Mem=1804MHz,Free=1213MB,PSM=0,PLS=0,Temp=32.0C/0.0C,TW=2.09ms,App=17.41ms,GD=0.00ms,CPU&GPU=26.26ms,LCnt=2,GPU%=0.93,CPU%=0.32(W0.41),DSF=1.00
05-07 11:49:09.595   713 14485 I [CT]    : VIPER:MAP_MANAGER: State: TRACKING_PERSISTENT, UUID=d18585e8-d288-4997-b6ff-78495c7eed6a, Num. Persistent maps = 1,  Persistent maps:d18585e8-d288-4997-b6ff-78495c7eed6a,, Ser. Disabled = 00000000-0000-0000-0000-000000000000
05-07 11:49:10.198  2116 14507 I Vsync   : Vsync 6245:  2 x 13.93 ms (71.82 Hz, at 11579.844)
05-07 11:49:10.198  2116 14507 I TimeWarp: Adjusting 6245.09 > 6244 to 6245
05-07 11:49:10.282 14418 14436 I InputHooks_Internal: Home Button
05-07 11:49:10.282 14418 14436 I InputHooks_Internal: source is remote, so not setting home key, letting that come from tracking service
05-07 11:49:10.286  2116  2302 I InputManager: HOME BUTTON shared state changed:  hardwar ID 7745273921483883046  UpdateCount: 5 
05-07 11:49:10.309 14418 14787 I InputHooks_Internal: SetHomeButtonDownState hw:  6b7cbd986a24c226 source: 1698898178 time 11580
05-07 11:49:10.310  2116  2303 I RecenterTimer: (11579.9556) StartTimer(1.00 0.50)
05-07 11:49:10.433  2116 14507 I TimeWarp: Will tear: 0.006497
05-07 11:49:10.450  2116 14507 I Vsync   : Vsync 6263:  2 x 13.92 ms (71.83 Hz, at 11580.095)
05-07 11:49:10.493 14418 14436 I InputHooks_Internal: Home Button
05-07 11:49:10.493 14418 14436 I InputHooks_Internal: source is remote, so not setting home key, letting that come from tracking service
05-07 11:49:10.495  2116  2302 I InputManager: HOME BUTTON shared state changed:  hardwar ID 7745273921483883046  UpdateCount: 6 
05-07 11:49:10.506 14418 14787 I InputHooks_Internal: SetHomeButtonUpState hw:  6b7cbd986a24c226 source: 1698898178 time 11580.2
05-07 11:49:10.564 14418 14788 I VrApi   : FPS=56,Prd=43ms,Tear=1,Early=0,Stale=36,VSnc=1,Lat=1,Fov=0,CPU4/GPU=4/5,2304/710MHz,OC=FF,TA=0/E0/E0,SP=N/F/F,Mem=1804MHz,Free=1213MB,PSM=0,PLS=0,Temp=32.0C/0.0C,TW=2.42ms,App=14.65ms,GD=0.00ms,CPU&GPU=27.05ms,LCnt=2,GPU%=0.88,CPU%=0.35(W0.42),DSF=1.00
05-07 11:49:10.760 14418 14787 I SystemUtils_Internal: ovrSystemUtils::StartSystemActivity: confirmQuit (null)
05-07 11:49:10.760 14418 14787 D SystemUtils: Package com.oculus.systemactivities exists on device
05-07 11:49:10.760 14418 14787 I SystemUtils_Internal: Package com.oculus.systemactivities : INSTALLED
05-07 11:49:10.760 14418 14787 I SystemUtils_Internal: Using Anytime UI for cmd: confirmQuit
05-07 11:49:10.761 14418 14787 D SystemUtils: sendBroadcastIntent - action: 'com.oculus.vrshell.intent.action.LAUNCH' data: 'systemux://dialog/exit'intent_pkg: com.YourCompany.ToysGame
05-07 11:49:10.761 14418 14787 D SystemUtils: VR Shell isn't running.
05-07 11:49:10.762  2116  2140 I ScreenCaptureBase: Screen Capture Command:2
05-07 11:49:10.769  2116 14507 I ScreenCaptureVideo: Stop Video Capture
05-07 11:49:10.773  1840  1840 D [OAR] ShellControlBroadcastReceiver: onReceive with MainActivity native pointer 3734910480, action com.oculus.vrshell.intent.action.LAUNCH
05-07 11:49:10.775  2116 14507 I TimeWarp: UpdateClockLevels: Apply pending clock request change: 4,5 -> 4,4
05-07 11:49:10.775  2116 14503 I Clocks  : ReleaseClocks - start
05-07 11:49:10.776   716  2208 D         : CPU_CLUSTER_0: No client requests exists, release clocks
05-07 11:49:10.776   716  2208 D         : CPU_CLUSTER_1: No client requests exists, release clocks
05-07 11:49:10.776   716  2208 D         : GPU: No client requests exists, release clocks
05-07 11:49:10.776   716  2208 D         : CPUBW: No client requests exists, release clocks
05-07 11:49:10.779  1840  1840 D [OAR] ShellApplication: ShellEnv is backgrounded or not running.
05-07 11:49:10.780  1840  1840 D [OAR] BroadcastReceiverHelpers: Data URI is systemux://dialog/exit
05-07 11:49:10.781  2116 14503 I Clocks  : ReleaseClocks - end (5.5 ms)
05-07 11:49:10.781  2116 14503 I Clocks  : LockClocks( cpu=4, gpu=4 ) - start
05-07 11:49:10.783  2116 14503 I Clocks  : CPU levels [0, 4]
05-07 11:49:10.783  2116 14503 I Clocks  : GPU levels [0, 5]
05-07 11:49:10.784  1076  1612 I ActivityManager: START u0 {act=com.oculus.vrshell.intent.action.LAUNCH flg=0x10000000 pkg=com.oculus.vrshell cmp=com.oculus.vrshell/.MainActivity (has extras)} from uid 10028 on display 0
05-07 11:49:10.785   716  2208 D         : CPU_CLUSTER_0: Client 2116 sends freq request [21, 21]
05-07 11:49:10.785   716  2208 D         : CPU_CLUSTER_0: Next Perf Level = (21, 21)
05-07 11:49:10.785   716  2208 D         : CPU_CLUSTER_1: Client 2116 sends freq request [26, 26]
05-07 11:49:10.785   716  2208 D         : CPU_CLUSTER_1: Next Perf Level = (26, 26)
05-07 11:49:10.786   716  2208 D         : CPUBW: Client 2116 sends freq request [8, 11]
05-07 11:49:10.786   716  2208 D         : CPUBW: Next Perf Level = (8, 11)
05-07 11:49:10.786   716  2208 D         : GPU: Client 2116 sends freq request [6, 6]
05-07 11:49:10.786   716  2208 D         : GPU: Next Perf Level = (6, 6)
05-07 11:49:10.788  2116 14503 I Clocks  : LockClocks( cpu=4, gpu=4 ) - end (7.2 ms)
05-07 11:49:10.793 14418 14436 D UE4     : [2020.05.07-09.49.10:793][993]LogAndroid: Case APP_CMD_LOST_FOCUS
05-07 11:49:10.793 14418 14436 D UE4     : LogAndroidEvents::EnqueueAppEvent : 10, [width=-1, height=-1], tid = 14436, APP_EVENT_STATE_WINDOW_LOST_FOCUS
05-07 11:49:10.793 14418 14418 D UE4     : [GameActivity] onPause: stop memory reporter runnable
05-07 11:49:10.793 14418 14418 D UE4     : [GameActivity] Unregistering sensor listeners
05-07 11:49:10.794 14418 14436 D UE4     : Case APP_CMD_PAUSE
05-07 11:49:10.794 14418 14436 D UE4     : [2020.05.07-09.49.10:794][993]LogAndroid: Case APP_CMD_PAUSE
05-07 11:49:10.794 14418 14436 D UE4     : LogAndroidEvents::EnqueueAppEvent : 6, [width=-1, height=-1], tid = 14436, APP_EVENT_STATE_ON_PAUSE
05-07 11:49:10.794 14418 14436 D UE4     : [2020.05.07-09.49.10:794][993]LogAndroid: event thread, suspending app, acquiring HW window lock.
05-07 11:49:10.794 14418 14436 D UE4     : LogAndroidEvents::EnqueueAppEvent : 15, [width=-1, height=-1], tid = 14436, APP_EVENT_RUN_CALLBACK
