05-05 12:34:25.567  2131 11759 W TimeWarp: WarpToScreen: No completed frames to display for client 0. submittedFrameIndex = 174
05-05 12:34:25.581  2131 11759 W TimeWarp: WarpToScreen: No completed frames to display for client 0. submittedFrameIndex = 174
05-05 12:34:25.584 11576 11916 D UE4     : [2020.05.05-10.34.25:584][  0]LogRenderer: Reallocating scene render targets to support 1216x1344 Format 2 NumSamples 4 (Frame:3).
05-05 12:34:25.595  2131 11759 W TimeWarp: WarpToScreen: No completed frames to display for client 0. submittedFrameIndex = 174
05-05 12:34:25.609  2131 11759 W TimeWarp: WarpToScreen: No completed frames to display for client 0. submittedFrameIndex = 174
05-05 12:34:25.622  2131 11759 W TimeWarp: WarpToScreen: No completed frames to display for client 0. submittedFrameIndex = 174
05-05 12:34:25.636  2131 11759 W TimeWarp: WarpToScreen: No completed frames to display for client 0. submittedFrameIndex = 174
05-05 12:34:25.650  2131 11759 W TimeWarp: WarpToScreen: No completed frames to display for client 0. submittedFrameIndex = 174
05-05 12:34:25.664  2131 11759 W TimeWarp: WarpToScreen: No completed frames to display for client 0. submittedFrameIndex = 174
05-05 12:34:25.678  2131 11759 W TimeWarp: WarpToScreen: No completed frames to display for client 0. submittedFrameIndex = 174
05-05 12:34:25.692  2131 11759 W TimeWarp: WarpToScreen: No completed frames to display for client 0. submittedFrameIndex = 174
05-05 12:34:25.706  2131 11759 W TimeWarp: WarpToScreen: No completed frames to display for client 0. submittedFrameIndex = 174
05-05 12:34:25.720  2131 11759 W TimeWarp: WarpToScreen: No completed frames to display for client 0. submittedFrameIndex = 174
05-05 12:34:25.734  2131 11759 W TimeWarp: WarpToScreen: No completed frames to display for client 0. submittedFrameIndex = 174
05-05 12:34:25.738 11576 11593 D UE4     : [2020.05.05-10.34.25:738][  0]LogSlate: Slate font cache was flushed
05-05 12:34:25.741  2131  2283 I VrRuntimeService: nativeCreateTextureSwapChain api:vk 2 0x2b 1216 1344 1 3 2 0 15
05-05 12:34:25.746   716 11740 I [CT]    : VIPER:MAP_MANAGER: State: TRACKING_PERSISTENT, UUID=d18585e8-d288-4997-b6ff-78495c7eed6a, Num. Persistent maps = 1,  Persistent maps:d18585e8-d288-4997-b6ff-78495c7eed6a,, Ser. Disabled = 00000000-0000-0000-0000-000000000000
05-05 12:34:25.748  2131 11759 W TimeWarp: WarpToScreen: No completed frames to display for client 0. submittedFrameIndex = 174
05-05 12:34:25.751  2131  2283 I VrRuntimeServer: CreateTextureSwapChain: result importswapchaingles 1
05-05 12:34:25.753 11576 11916 D UE4     : [2020.05.05-10.34.25:753][  1]LogHMD: Allocating Oculus 1216 x 1344 rendertarget swapchain
05-05 12:34:25.762  2131 11759 W TimeWarp: WarpToScreen: No completed frames to display for client 0. submittedFrameIndex = 174
05-05 12:34:25.765 11576 11917 D UE4     : *** JavaEnvDestructor: 11917
05-05 12:34:25.766 11576 11916 D UE4     : *** JavaEnvDestructor: 11916
05-05 12:34:25.769  2131  2159 I VrRuntimeService: nativeDestroyTextureSwapChain 215
05-05 12:34:25.770 11576 11918 D UE4     : [2020.05.05-10.34.25:770][  2]LogHMD: Allocating Oculus 38 x 42 variable resolution swapchain
05-05 12:34:25.776  2131 11759 W TimeWarp: WarpToScreen: No completed frames to display for client 0. submittedFrameIndex = 174
05-05 12:34:25.785   716 11740 I [CT]    : VIPER: Status=6DoF,TRACKING,KF=147,Inl=319,Pts=385,Jit=0.1mm,Issues(Cam/min=0.0,IMU/min=0.0),Exp=(7.2ms,g=9.0,I=75)(5.4ms,g=6.0,I=69)(7.2ms,g=9.0,I=67)(6.5ms,g=6.0,I=69)
05-05 12:34:25.790  2131 11759 W TimeWarp: WarpToScreen: No completed frames to display for client 0. submittedFrameIndex = 174
05-05 12:34:25.804  2131 11759 W TimeWarp: WarpToScreen: No completed frames to display for client 0. submittedFrameIndex = 174
05-05 12:34:25.817  2131 11759 W TimeWarp: WarpToScreen: No completed frames to display for client 0. submittedFrameIndex = 174
05-05 12:34:25.831  2131 11759 W TimeWarp: WarpToScreen: No completed frames to display for client 0. submittedFrameIndex = 174
05-05 12:34:25.845  2131 11759 W TimeWarp: WarpToScreen: No completed frames to display for client 0. submittedFrameIndex = 174
05-05 12:34:25.849 11576 11918 W VrRuntimeClient: GetSamplerStateFromClientTexture: not currently supported for Vulkan.
05-05 12:34:25.849 11576 11918 I TrackingServiceClient: setting simple haptics, but not yet connected to socket, open connection...
05-05 12:34:25.849   716   716 I TrackingService: virtual android::binder::Status OVR::OS::Tracking::TrackingService::getTrackingSocketFileDescriptor(android::os::ParcelFileDescriptor *)
05-05 12:34:25.849   716   716 D TrackingService: haptic socket already exists
05-05 12:34:25.853 11576 11920 I VrRuntimeClient: FenceChecker::MainLoop - started
05-05 12:34:25.861  2131 11759 I TimeWarpProgs: loaded binary layerProgram 2:0x28087:0x0 in 0.9 ms
05-05 12:34:25.868  2131 11759 I Clocks  : SetSchedFifo( tid=11593, pri=1 ) succeeded
05-05 12:34:25.869  2131 11759 I Clocks  : SetSchedFifo( tid=11918, pri=1 ) succeeded
05-05 12:34:25.869  2131 11759 I Clocks  : SetSchedFifo( tid=11920, pri=1 ) succeeded
05-05 12:34:25.870  2131 11759 I Clocks  : SetSchedFifo( tid=2399, pri=1 ) succeeded
05-05 12:34:25.870  2131 11759 I TimeWarp: UpdateClockLevels: Apply pending clock request change: 4,5 -> 3,3
05-05 12:34:25.870  2131 11754 I Clocks  : ReleaseClocks - start
05-05 12:34:25.870   723   723 D         : CPU_CLUSTER_0: No client requests exists, release clocks
05-05 12:34:25.870   723   723 D         : CPU_CLUSTER_1: No client requests exists, release clocks
05-05 12:34:25.871   723   723 D         : GPU: No client requests exists, release clocks
05-05 12:34:25.871   723   723 D         : CPUBW: No client requests exists, release clocks
05-05 12:34:25.871  2131  2282 I VrRuntimeServer: SetCompositorClientEnabled client(2): enabled(0) 0x0
05-05 12:34:25.872  2131 11754 I Clocks  : ReleaseClocks - end (1.6 ms)
05-05 12:34:25.872  2131 11754 I Clocks  : LockClocks( cpu=3, gpu=3 ) - start
05-05 12:34:25.872  2131 11754 I Clocks  : CPU levels [0, 4]
05-05 12:34:25.872  2131 11754 I Clocks  : GPU levels [0, 5]
05-05 12:34:25.873   723   723 D         : CPU_CLUSTER_0: Client 2131 sends freq request [21, 21]
05-05 12:34:25.875   723   723 D         : CPU_CLUSTER_0: Next Perf Level = (21, 21)
05-05 12:34:25.875   723   723 D         : CPU_CLUSTER_1: Client 2131 sends freq request [22, 22]
05-05 12:34:25.875   723   723 D         : CPU_CLUSTER_1: Next Perf Level = (22, 22)
05-05 12:34:25.876   723   723 D         : CPUBW: Client 2131 sends freq request [8, 11]
05-05 12:34:25.876   723   723 D         : CPUBW: Next Perf Level = (8, 11)
05-05 12:34:25.876   723   723 D         : GPU: Client 2131 sends freq request [4, 4]
05-05 12:34:25.876   723   723 D         : GPU: Next Perf Level = (4, 4)
05-05 12:34:25.877  2131 11754 I Clocks  : LockClocks( cpu=3, gpu=3 ) - end (5.5 ms)
05-05 12:34:26.089  2131 11759 I TimeWarp: UpdateClockLevels: Apply pending clock request change: 3,3 -> 3,4
05-05 12:34:26.090  2131 11754 I Clocks  : ReleaseClocks - start
05-05 12:34:26.091   723  8184 D         : CPU_CLUSTER_0: No client requests exists, release clocks
05-05 12:34:26.091   723  8184 D         : CPU_CLUSTER_1: No client requests exists, release clocks
05-05 12:34:26.091   723  8184 D         : GPU: No client requests exists, release clocks
05-05 12:34:26.091   723  8184 D         : CPUBW: No client requests exists, release clocks
05-05 12:34:26.093  2131 11754 I Clocks  : ReleaseClocks - end (2.9 ms)
05-05 12:34:26.093  2131 11754 I Clocks  : LockClocks( cpu=3, gpu=4 ) - start
05-05 12:34:26.094  2131 11754 I Clocks  : CPU levels [0, 4]
05-05 12:34:26.094  2131 11754 I Clocks  : GPU levels [0, 5]
05-05 12:34:26.094   723  8184 D         : CPU_CLUSTER_0: Client 2131 sends freq request [21, 21]
05-05 12:34:26.094   723  8184 D         : CPU_CLUSTER_0: Next Perf Level = (21, 21)
05-05 12:34:26.094   723  8184 D         : CPU_CLUSTER_1: Client 2131 sends freq request [22, 22]
05-05 12:34:26.094   723  8184 D         : CPU_CLUSTER_1: Next Perf Level = (22, 22)
05-05 12:34:26.095   723  8184 D         : CPUBW: Client 2131 sends freq request [8, 11]
05-05 12:34:26.095   723  8184 D         : CPUBW: Next Perf Level = (8, 11)
05-05 12:34:26.095   723  8184 D         : GPU: Client 2131 sends freq request [6, 6]
05-05 12:34:26.095   723  8184 D         : GPU: Next Perf Level = (6, 6)
05-05 12:34:26.103  2131 11754 I Clocks  : LockClocks( cpu=3, gpu=4 ) - end (10.6 ms)
05-05 12:34:26.201 11576 11923 D UE4     : [2020.05.05-10.34.26:201][ 23]LogTcpMessaging: Started Connection to '127.0.0.1:47280'
05-05 12:34:26.201 11576 11923 D UE4     : [2020.05.05-10.34.26:201][ 23]LogTcpMessaging: Discovered node '1765C0804EAFCD5F3FB78FA02B4F9B4B' on connection '127.0.0.1:47280'...
05-05 12:34:26.208 11576 11595 D UE4     : [GameActivity] Used memory: 971755
05-05 12:34:26.368  2131 11759 I TimeWarp: UpdateClockLevels: Apply pending clock request change: 3,4 -> 4,4
05-05 12:34:26.369  2131 11754 I Clocks  : ReleaseClocks - start
05-05 12:34:26.372   723  2725 D         : CPU_CLUSTER_0: No client requests exists, release clocks
05-05 12:34:26.372   723  2725 D         : CPU_CLUSTER_1: No client requests exists, release clocks
05-05 12:34:26.372   723  2725 D         : GPU: No client requests exists, release clocks
05-05 12:34:26.372   723  2725 D         : CPUBW: No client requests exists, release clocks
05-05 12:34:26.373  2131 11754 I Clocks  : ReleaseClocks - end (2.1 ms)
05-05 12:34:26.373  2131 11754 I Clocks  : LockClocks( cpu=4, gpu=4 ) - start
05-05 12:34:26.374  2131 11754 I Clocks  : CPU levels [0, 4]
05-05 12:34:26.374  2131 11754 I Clocks  : GPU levels [0, 5]
05-05 12:34:26.374   723  2725 D         : CPU_CLUSTER_0: Client 2131 sends freq request [21, 21]
05-05 12:34:26.374   723  2725 D         : CPU_CLUSTER_0: Next Perf Level = (21, 21)
05-05 12:34:26.374   723  2725 D         : CPU_CLUSTER_1: Client 2131 sends freq request [26, 26]
05-05 12:34:26.374   723  2725 D         : CPU_CLUSTER_1: Next Perf Level = (26, 26)
05-05 12:34:26.374   723  2725 D         : CPUBW: Client 2131 sends freq request [8, 11]
05-05 12:34:26.375   723  2725 D         : CPUBW: Next Perf Level = (8, 11)
05-05 12:34:26.375   723  2725 D         : GPU: Client 2131 sends freq request [6, 6]
05-05 12:34:26.375   723  2725 D         : GPU: Next Perf Level = (6, 6)
05-05 12:34:26.375  2131 11754 I Clocks  : LockClocks( cpu=4, gpu=4 ) - end (2.1 ms)
05-05 12:34:26.524 11576 11907 I Telemetry: App memory usage: PSS=845MB DalvikPSS=3 MB
05-05 12:34:26.525 11576 11907 I VrApi   : FPS=1,Prd=0ms,Tear=0,Early=0,Stale=72,VSnc=0,Lat=1,Fov=0,CPU4/GPU=0/0,1958/670MHz,OC=FF,TA=0/0/0,SP=N/N/N,Mem=1804MHz,Free=1282MB,PSM=0,PLS=0,Temp=31.0C/0.0C,TW=3.07ms,App=112.90ms,GD=10.62ms,CPU&GPU=0.00ms,LCnt=1,GPU%=0.50,CPU%=0.33(W0.53),DSF=1.00
05-05 12:34:26.809  1079  1232 E TaskPersister: File error accessing recents directory (directory doesn't exist?).
05-05 12:34:27.203 11576 11907 I VrApi   : FPS=1,Prd=5ms,Tear=0,Early=0,Stale=72,VSnc=0,Lat=1,Fov=0,CPU4/GPU=4/5,2304/670MHz,OC=FF,TA=0/E0/E0,SP=N/F/F,Mem=1804MHz,Free=1288MB,PSM=0,PLS=0,Temp=31.0C/0.0C,TW=1.33ms,App=13.70ms,GD=0.00ms,CPU&GPU=2.96ms,LCnt=1,GPU%=0.87,CPU%=0.37(W0.47),DSF=1.00
05-05 12:34:27.715   716 11739 I [CT]    : MANAGEMENT:CONSTELLATION: Status=GREEN,, Obj=7745273921483883046,6DOF=1,FusJit=0.01mm,Issues(Cam/min=  0,IMU/min=0), Obj=4212769887286730484,6DOF=1 (estimated),Issues(Cam/min=  0,IMU/min=0)
05-05 12:34:28.203 11576 11907 I VrApi   : FPS=64,Prd=41ms,Tear=0,Early=0,Stale=29,VSnc=1,Lat=1,Fov=0,CPU4/GPU=4/4,2304/670MHz,OC=FF,TA=0/E0/E0,SP=N/F/F,Mem=1804MHz,Free=1294MB,PSM=0,PLS=0,Temp=31.0C/0.0C,TW=1.30ms,App=15.33ms,GD=0.00ms,CPU&GPU=21.13ms,LCnt=1,GPU%=0.97,CPU%=0.22(W0.40),DSF=1.00
05-05 12:34:29.202 11576 11907 I VrApi   : FPS=70,Prd=44ms,Tear=0,Early=0,Stale=12,VSnc=1,Lat=1,Fov=0,CPU4/GPU=4/4,2304/670MHz,OC=FF,TA=0/E0/E0,SP=N/F/F,Mem=1804MHz,Free=1300MB,PSM=0,PLS=0,Temp=31.0C/0.0C,TW=1.29ms,App=13.87ms,GD=0.00ms,CPU&GPU=18.72ms,LCnt=1,GPU%=0.99,CPU%=0.24(W0.33),DSF=1.00
05-05 12:34:29.348   716 11740 I [CT]    : VIPER:MAP_MANAGER: State: TRACKING_PERSISTENT, UUID=d18585e8-d288-4997-b6ff-78495c7eed6a, Num. Persistent maps = 1,  Persistent maps:d18585e8-d288-4997-b6ff-78495c7eed6a,, Ser. Disabled = 00000000-0000-0000-0000-000000000000
05-05 12:34:29.387   716 11740 I [CT]    : VIPER: Status=6DoF,TRACKING,KF=147,Inl=406,Pts=385,Jit=0.1mm,Issues(Cam/min=0.0,IMU/min=0.0),Exp=(6.1ms,g=5.0,I=78)(5.1ms,g=2.0,I=70)(6.1ms,g=5.0,I=63)(5.1ms,g=4.0,I=68)
05-05 12:34:30.202 11576 11907 I VrApi   : FPS=69,Prd=45ms,Tear=0,Early=0,Stale=5,VSnc=1,Lat=1,Fov=0,CPU4/GPU=4/4,2304/670MHz,OC=FF,TA=0/E0/E0,SP=N/F/F,Mem=1804MHz,Free=1297MB,PSM=0,PLS=0,Temp=31.0C/0.0C,TW=1.27ms,App=14.47ms,GD=0.00ms,CPU&GPU=18.32ms,LCnt=1,GPU%=0.98,CPU%=0.27(W0.38),DSF=1.00
05-05 12:34:30.217   716 11669 I [CT]    : boltlib: DSP utilization(%): 16
05-05 12:34:30.547   716 11740 I [CT]    : HealthReport: ==================================================
05-05 12:34:30.547   716 11740 I [CT]    : Health Report
05-05 12:34:30.547   716 11740 I [CT]    : -------------
05-05 12:34:30.547   716 11740 I [CT]    : 
05-05 12:34:30.547   716 11740 I [CT]    : Reporter #1 (InsideOutHealthMonitor) summary:
05-05 12:34:30.547   716 11740 I [CT]    : Camera: Total Dropped: 0.000000, Total Frame Count: 300 (0.000000%), Camera Reset Count: 0
05-05 12:34:30.547   716 11740 I [CT]    : Camera: Total Single Camera Frame Dropped: 0, Total Frame Count: 300 (0.000000%)
05-05 12:34:30.547   716 11740 I [CT]    : IMU: Total Dropped: 0.000000, Total Sample Count: 12251 (0.000000%)
05-05 12:34:30.547   716 11740 I [CT]    : Magnetometer: Total Dropped: 0.000000, Total Sample Count: 368 (0.000000%)
05-05 12:34:30.547   716 11740 I [CT]    : 
05-05 12:34:30.547   716 11740 I [CT]    : Reporter #1 (InsideOutHealthMonitor) Passed
05-05 12:34:30.547   716 11740 I [CT]    : --------------------------------------------------
05-05 12:34:30.547   716 11740 I [CT]    : Reporter #2 (ConstellationHealthMonitor) summary:
05-05 12:34:30.547   716 11740 I [CT]    : Camera: Total Dropped: 0.000000, Total Frame Count: 301 (0.000000%), Camera Reset Count: 1
05-05 12:34:30.547   716 11740 I [CT]    : Camera: Total Single Camera Frame Dropped: 0, Total Frame Count: 301 (0.000000%)
05-05 12:34:30.547   716 11740 I [CT]    : Controller 7745273921483883046:
05-05 12:34:30.547   716 11740 I [CT]    : IMU: Capture period exceeded threshold.  Largest period: 1.953918 sec
05-05 12:34:30.547   716 11740 I [CT]    : Controllers may have been sleeping
05-05 12:34:30.547   716 11740 I [CT]    : IMU: Total Dropped: 0.000000, Total Sample Count: 5208.239500 (0.000000%)
05-05 12:34:30.547   716 11740 I [CT]    : Controller 4212769887286730484:
05-05 12:34:30.547   716 11740 I [CT]    : IMU: Ca
05-05 12:34:30.894  2131 11759 I TimeWarp: UpdateClockLevels: Apply pending clock request change: 4,4 -> 3,4
05-05 12:34:30.894  2131 11754 I Clocks  : ReleaseClocks - start
05-05 12:34:30.894   723   830 D         : CPU_CLUSTER_0: No client requests exists, release clocks
05-05 12:34:30.894   723   830 D         : CPU_CLUSTER_1: No client requests exists, release clocks
05-05 12:34:30.895   723   830 D         : GPU: No client requests exists, release clocks
05-05 12:34:30.895   723   830 D         : CPUBW: No client requests exists, release clocks
05-05 12:34:30.895  2131 11754 I Clocks  : ReleaseClocks - end (1.4 ms)
05-05 12:34:30.895  2131 11754 I Clocks  : LockClocks( cpu=3, gpu=4 ) - start
05-05 12:34:30.896  2131 11754 I Clocks  : CPU levels [0, 4]
05-05 12:34:30.896  2131 11754 I Clocks  : GPU levels [0, 5]
05-05 12:34:30.896   723   830 D         : CPU_CLUSTER_0: Client 2131 sends freq request [21, 21]
05-05 12:34:30.896   723   830 D         : CPU_CLUSTER_0: Next Perf Level = (21, 21)
05-05 12:34:30.896   723   830 D         : CPU_CLUSTER_1: Client 2131 sends freq request [22, 22]
05-05 12:34:30.896   723   830 D         : CPU_CLUSTER_1: Next Perf Level = (22, 22)
05-05 12:34:30.897   723   830 D         : CPUBW: Client 2131 sends freq request [8, 11]
05-05 12:34:30.897   723   830 D         : CPUBW: Next Perf Level = (8, 11)
05-05 12:34:30.897   723   830 D         : GPU: Client 2131 sends freq request [6, 6]
05-05 12:34:30.897   723   830 D         : GPU: Next Perf Level = (6, 6)
05-05 12:34:30.897  2131 11754 I Clocks  : LockClocks( cpu=3, gpu=4 ) - end (1.7 ms)
05-05 12:34:31.202 11576 11907 I VrApi   : FPS=70,Prd=45ms,Tear=0,Early=0,Stale=0,VSnc=1,Lat=1,Fov=0,CPU4/GPU=4/4,1958/670MHz,OC=FF,TA=0/E0/E0,SP=N/F/F,Mem=1804MHz,Free=1303MB,PSM=0,PLS=0,Temp=31.0C/0.0C,TW=1.29ms,App=13.36ms,GD=0.00ms,CPU&GPU=17.91ms,LCnt=1,GPU%=0.95,CPU%=0.27(W0.38),DSF=1.00
05-05 12:34:31.317   716 11739 I [CT]    : MANAGEMENT:CONSTELLATION: Status=GREEN,, Obj=7745273921483883046,6DOF=1,FusJit=0.004mm,Issues(Cam/min=  0,IMU/min=0), Obj=4212769887286730484,6DOF=1 (estimated),Issues(Cam/min=  0,IMU/min=0)
05-05 12:34:32.204 11576 11907 I VrApi   : FPS=71,Prd=45ms,Tear=0,Early=0,Stale=4,VSnc=1,Lat=1,Fov=0,CPU4/GPU=4/4,1958/670MHz,OC=FF,TA=0/E0/E0,SP=N/F/F,Mem=1804MHz,Free=1302MB,PSM=0,PLS=0,Temp=31.0C/0.0C,TW=1.30ms,App=14.87ms,GD=0.00ms,CPU&GPU=19.07ms,LCnt=1,GPU%=0.95,CPU%=0.21(W0.32),DSF=1.00
05-05 12:34:32.249   716 11740 W [CT]    : VIPER: Closest keyframe is not in both maps. We can't recover the srcFromTgtMap transform.
05-05 12:34:32.269   716 11740 W [CT]    : VIPER: StereoEpipolarSearch: No search points in epipolar search.
05-05 12:34:32.945   716 11740 I [CT]    : VIPER:MAP_MANAGER: State: TRACKING_PERSISTENT, UUID=d18585e8-d288-4997-b6ff-78495c7eed6a, Num. Persistent maps = 1,  Persistent maps:d18585e8-d288-4997-b6ff-78495c7eed6a,, Ser. Disabled = 00000000-0000-0000-0000-000000000000
05-05 12:34:32.985   716 11740 I [CT]    : VIPER: Status=6DoF,TRACKING,KF=145,Inl=317,Pts=383,Jit=0.8mm,Issues(Cam/min=0.0,IMU/min=0.0),Exp=(5.9ms,g=4.0,I=70)(3.5ms,g=2.0,I=63)(5.9ms,g=4.0,I=67)(4.8ms,g=3.0,I=67)
05-05 12:34:33.204 11576 11907 I VrApi   : FPS=67,Prd=44ms,Tear=0,Early=0,Stale=18,VSnc=1,Lat=1,Fov=0,CPU4/GPU=3/4,1958/670MHz,OC=FF,TA=0/E0/E0,SP=N/F/F,Mem=1804MHz,Free=1302MB,PSM=0,PLS=0,Temp=31.0C/0.0C,TW=1.30ms,App=13.96ms,GD=0.00ms,CPU&GPU=23.48ms,LCnt=1,GPU%=0.94,CPU%=0.21(W0.37),DSF=1.00
05-05 12:34:33.845  2131 11759 I TimeWarp: UpdateClockLevels: Apply pending clock request change: 3,4 -> 2,4
05-05 12:34:33.845  2131 11754 I Clocks  : ReleaseClocks - start
05-05 12:34:33.846   723  8184 D         : CPU_CLUSTER_0: No client requests exists, release clocks
05-05 12:34:33.846   723  8184 D         : CPU_CLUSTER_1: No client requests exists, release clocks
05-05 12:34:33.846   723  8184 D         : GPU: No client requests exists, release clocks
05-05 12:34:33.846   723  8184 D         : CPUBW: No client requests exists, release clocks
05-05 12:34:33.847  2131 11754 I Clocks  : ReleaseClocks - end (1.3 ms)
05-05 12:34:33.847  2131 11754 I Clocks  : LockClocks( cpu=2, gpu=4 ) - start
05-05 12:34:33.848  2131 11754 I Clocks  : CPU levels [0, 4]
05-05 12:34:33.848  2131 11754 I Clocks  : GPU levels [0, 5]
05-05 12:34:33.849   723  8184 D         : CPU_CLUSTER_0: Client 2131 sends freq request [21, 21]
05-05 12:34:33.849   723  8184 D         : CPU_CLUSTER_0: Next Perf Level = (21, 21)
05-05 12:34:33.849   723  8184 D         : CPU_CLUSTER_1: Client 2131 sends freq request [18, 18]
05-05 12:34:33.849   723  8184 D         : CPU_CLUSTER_1: Next Perf Level = (18, 18)
05-05 12:34:33.850   723  8184 D         : CPUBW: Client 2131 sends freq request [8, 11]
05-05 12:34:33.850   723  8184 D         : CPUBW: Next Perf Level = (8, 11)
05-05 12:34:33.850   723  8184 D         : GPU: Client 2131 sends freq request [6, 6]
05-05 12:34:33.850   723  8184 D         : GPU: Next Perf Level = (6, 6)
05-05 12:34:33.851  2131 11754 I Clocks  : LockClocks( cpu=2, gpu=4 ) - end (3.9 ms)
05-05 12:34:34.203 11576 11907 I VrApi   : FPS=71,Prd=45ms,Tear=0,Early=1,Stale=3,VSnc=1,Lat=1,Fov=0,CPU4/GPU=3/4,1651/670MHz,OC=FF,TA=0/E0/E0,SP=N/F/F,Mem=1804MHz,Free=1301MB,PSM=0,PLS=0,Temp=31.0C/0.0C,TW=1.23ms,App=12.44ms,GD=0.00ms,CPU&GPU=16.83ms,LCnt=1,GPU%=0.85,CPU%=0.24(W0.32),DSF=1.00
05-05 12:34:34.915   716 11739 I [CT]    : MANAGEMENT:CONSTELLATION: Status=GREEN,, Obj=7745273921483883046,6DOF=1,FusJit=0.007mm,Issues(Cam/min=  0,IMU/min=0), Obj=4212769887286730484,6DOF=1 (estimated),Issues(Cam/min=  0,IMU/min=0)
05-05 12:34:35.203 11576 11907 I VrApi   : FPS=70,Prd=45ms,Tear=0,Early=0,Stale=4,VSnc=1,Lat=1,Fov=0,CPU4/GPU=3/4,1651/670MHz,OC=FF,TA=0/E0/E0,SP=N/F/F,Mem=1804MHz,Free=1298MB,PSM=0,PLS=0,Temp=31.0C/0.0C,TW=1.28ms,App=14.42ms,GD=0.00ms,CPU&GPU=17.55ms,LCnt=1,GPU%=0.97,CPU%=0.31(W0.42),DSF=1.00
05-05 12:34:36.203 11576 11907 I VrApi   : FPS=70,Prd=44ms,Tear=0,Early=0,Stale=6,VSnc=1,Lat=1,Fov=0,CPU4/GPU=2/4,1651/670MHz,OC=FF,TA=0/E0/E0,SP=N/F/F,Mem=1804MHz,Free=1301MB,PSM=0,PLS=0,Temp=31.0C/0.0C,TW=1.29ms,App=13.97ms,GD=0.00ms,CPU&GPU=22.13ms,LCnt=1,GPU%=0.96,CPU%=0.19(W0.35),DSF=1.00
05-05 12:34:36.217   716 11669 I [CT]    : boltlib: DSP utilization(%): 16
05-05 12:34:36.546   716 11740 I [CT]    : VIPER:MAP_MANAGER: State: TRACKING_PERSISTENT, UUID=d18585e8-d288-4997-b6ff-78495c7eed6a, Num. Persistent maps = 1,  Persistent maps:d18585e8-d288-4997-b6ff-78495c7eed6a,, Ser. Disabled = 00000000-0000-0000-0000-000000000000
05-05 12:34:36.546   716 11740 I [CT]    : HealthReport: ==================================================
05-05 12:34:36.546   716 11740 I [CT]    : Health Report
05-05 12:34:36.546   716 11740 I [CT]    : -------------
05-05 12:34:36.546   716 11740 I [CT]    : 
05-05 12:34:36.546   716 11740 I [CT]    : Reporter #1 (InsideOutHealthMonitor) summary:
05-05 12:34:36.546   716 11740 I [CT]    : Camera: Total Dropped: 0.000000, Total Frame Count: 450 (0.000000%), Camera Reset Count: 0
05-05 12:34:36.546   716 11740 I [CT]    : Camera: Total Single Camera Frame Dropped: 0, Total Frame Count: 450 (0.000000%)
05-05 12:34:36.546   716 11740 I [CT]    : IMU: Total Dropped: 0.000000, Total Sample Count: 18250 (0.000000%)
05-05 12:34:36.546   716 11740 I [CT]    : Magnetometer: Total Dropped: 0.000000, Total Sample Count: 548 (0.000000%)
05-05 12:34:36.546   716 11740 I [CT]    : 
05-05 12:34:36.546   716 11740 I [CT]    : Reporter #1 (InsideOutHealthMonitor) Passed
05-05 12:34:36.546   716 11740 I [CT]    : --------------------------------------------------
05-05 12:34:36.546   716 11740 I [CT]    : Reporter #2 (ConstellationHealthMonitor) summary:
05-05 12:34:36.546   716 11740 I [CT]    : Camera: Total Dropped: 0.000000, Total Frame Count: 451 (0.000000%), Camera Reset Count: 1
05-05 12:34:36.546   716 11740 I [CT]    : Camera: Total Single Camera Frame Dropped: 0, Total Frame Count: 451 (0.000000%)
05-05 12:34:36.546   716 11740 I [CT]    : Controller 7745273921483883046:
05-05 12:34:36.546   716 11740 I [CT]    : IMU: Capture period exceeded threshold.  Largest period: 1.953918 sec
05-05 12:34:36.546   716 11740 I [CT]    : Controllers may have been sleeping
05-05 12:34:36.546   716 11740 I [CT]    : IMU: Total Dropped: 0.000000, Total Sample Count: 8207.363500 (0.000000%)
05-05 12:34:36.546   716 11740 I [CT]    : Controller 4212769887286730484:
05-05 12:34:36.546   716 11740 I [CT]    : IMU: Ca
05-05 12:34:36.574 11576 11576 D UE4     : [GameActivity] Battery: status = 2, rawlevel = 96, scale = 100
05-05 12:34:36.574 11576 11576 D UE4     : nativeBatteryEvent(stat = 2, lvl = 96  temp = 32.00 C)
05-05 12:34:36.574 11576 11595 D UE4     : [GameActivity] Used memory: 744979
05-05 12:34:36.586   716 11740 I [CT]    : VIPER: Status=6DoF,TRACKING,KF=145,Inl=361,Pts=383,Jit=0.2mm,Issues(Cam/min=0.0,IMU/min=0.0),Exp=(5.8ms,g=5.0,I=79)(4.6ms,g=2.0,I=70)(5.8ms,g=5.0,I=63)(4.8ms,g=4.0,I=68)
05-05 12:34:36.594  1441 11945 I OSUpdateService: Intent with action system_battery_changed
05-05 12:34:37.203 11576 11907 I VrApi   : FPS=72,Prd=44ms,Tear=0,Early=0,Stale=0,VSnc=1,Lat=1,Fov=0,CPU4/GPU=2/4,1651/670MHz,OC=FF,TA=0/E0/E0,SP=N/F/F,Mem=1804MHz,Free=1302MB,PSM=0,PLS=0,Temp=31.0C/0.0C,TW=1.27ms,App=13.92ms,GD=0.00ms,CPU&GPU=20.11ms,LCnt=1,GPU%=0.97,CPU%=0.28(W0.32),DSF=1.00
05-05 12:34:38.204 11576 11907 I VrApi   : FPS=72,Prd=44ms,Tear=0,Early=0,Stale=0,VSnc=1,Lat=1,Fov=0,CPU4/GPU=2/4,1651/670MHz,OC=FF,TA=0/E0/E0,SP=N/F/F,Mem=1804MHz,Free=1302MB,PSM=0,PLS=0,Temp=32.0C/0.0C,TW=1.29ms,App=13.51ms,GD=0.00ms,CPU&GPU=20.23ms,LCnt=1,GPU%=0.97,CPU%=0.28(W0.38),DSF=1.00
05-05 12:34:38.223  1079  1478 I WifiHAL : event received NL80211_CMD_VENDOR, vendor_id = 0x1374, subcmd = 0x6a
05-05 12:34:38.287  1079  1478 I WifiHAL : event received NL80211_CMD_VENDOR, vendor_id = 0x1374, subcmd = 0x6b
05-05 12:34:38.301  1079  1169 D WifiQualifiedNetworkSelector:: ==========start qualified Network Selection==========
05-05 12:34:38.301  1079  1169 D WifiQualifiedNetworkSelector:: Current network is: "BOEY" ,ID is: 0
05-05 12:34:38.302  1079  1169 D WifiQualifiedNetworkSelector:: Current band dose not match user preference. Start Qualified Network Selection Current band = 2.4GHz bandUserPreference band = 0
05-05 12:34:38.302  1079  1169 D WifiQualifiedNetworkSelector:: Current network is not qualified
05-05 12:34:38.303  1079  1169 D WifiQualifiedNetworkSelector:: Saved Network List
05-05 12:34:38.303  1079  1169 D WifiQualifiedNetworkSelector::     "BOEY":0  User Preferred BSSID:null FQDN:null NETWORK_SELECTION_ENABLED Disable account: 0 0 0 0 0 0 0 0 0 0 Connect Choice:null set time:-1
05-05 12:34:38.303  1079  1169 D WifiQualifiedNetworkSelector::  skipped due to low signal
05-05 12:34:38.303  1079  1169 D WifiQualifiedNetworkSelector:: vodafoneAAMET6:d4:b9:2f:33:86:a0 /  skipped due to not saved
05-05 12:34:38.303  1079  1169 D WifiQualifiedNetworkSelector::  
05-05 12:34:38.304  1079  1169 D WifiQualifiedNetworkSelector::  skipped due to not valid SSID
05-05 12:34:38.304  1079  1169 D WifiQualifiedNetworkSelector:: 
05-05 12:34:38.304  1079  1169 D WifiQualifiedNetworkSelector:: Checking the externalScoreEvaluator for candidates...
05-05 12:34:38.304  1079  1169 D WifiQualifiedNetworkSelector:: ExternalScoreEvaluator did not see any good candidates.
05-05 12:34:38.304  1079  1169 D WifiQualifiedNetworkSelector:: Can not find any suitable candidates
05-05 12:34:38.515   716 11739 I [CT]    : MANAGEMENT:CONSTELLATION: Status=GREEN,, Obj=7745273921483883046,6DOF=1,FusJit=0.003mm,Issues(Cam/min=  0,IMU/min=0), Obj=4212769887286730484,6DOF=1 (estimated),Issues(Cam/min=  0,IMU/min=0)
05-05 12:34:39.205 11576 11907 I VrApi   : FPS=72,Prd=45ms,Tear=0,Early=0,Stale=0,VSnc=1,Lat=1,Fov=0,CPU4/GPU=2/4,1651/670MHz,OC=FF,TA=0/E0/E0,SP=N/F/F,Mem=1804MHz,Free=1306MB,PSM=0,PLS=0,Temp=32.0C/0.0C,TW=1.28ms,App=13.45ms,GD=0.00ms,CPU&GPU=17.53ms,LCnt=1,GPU%=0.96,CPU%=0.26(W0.36),DSF=1.00
05-05 12:34:40.144   716 11740 I [CT]    : VIPER:MAP_MANAGER: State: TRACKING_PERSISTENT, UUID=d18585e8-d288-4997-b6ff-78495c7eed6a, Num. Persistent maps = 1,  Persistent maps:d18585e8-d288-4997-b6ff-78495c7eed6a,, Ser. Disabled = 00000000-0000-0000-0000-000000000000
05-05 12:34:40.186   716 11740 I [CT]    : VIPER: Status=6DoF,TRACKING,KF=145,Inl=359,Pts=383,Jit=0.1mm,Issues(Cam/min=0.0,IMU/min=0.0),Exp=(6.0ms,g=6.0,I=81)(4.7ms,g=4.0,I=70)(6.0ms,g=6.0,I=61)(5.4ms,g=4.0,I=67)
05-05 12:34:40.205 11576 11907 I VrApi   : FPS=71,Prd=45ms,Tear=0,Early=0,Stale=1,VSnc=1,Lat=1,Fov=0,CPU4/GPU=2/4,1651/670MHz,OC=FF,TA=0/E0/E0,SP=N/F/F,Mem=1804MHz,Free=1305MB,PSM=0,PLS=0,Temp=32.0C/0.0C,TW=1.30ms,App=14.67ms,GD=0.00ms,CPU&GPU=19.54ms,LCnt=1,GPU%=0.96,CPU%=0.23(W0.32),DSF=1.00
05-05 12:34:40.608  2145 11781 I Telemetry: App memory usage: PSS=59MB DalvikPSS=1 MB
05-05 12:34:41.204 11576 11907 I VrApi   : FPS=67,Prd=44ms,Tear=0,Early=0,Stale=14,VSnc=1,Lat=1,Fov=0,CPU4/GPU=2/4,1651/670MHz,OC=FF,TA=0/E0/E0,SP=N/F/F,Mem=1804MHz,Free=1305MB,PSM=0,PLS=0,Temp=32.0C/0.0C,TW=1.29ms,App=14.04ms,GD=0.00ms,CPU&GPU=23.56ms,LCnt=1,GPU%=0.96,CPU%=0.23(W0.30),DSF=1.00
05-05 12:34:42.116   716 11739 I [CT]    : MANAGEMENT:CONSTELLATION: Status=GREEN,, Obj=7745273921483883046,6DOF=1,FusJit=0.002mm,Issues(Cam/min=  0,IMU/min=0), Obj=4212769887286730484,6DOF=1 (estimated),Issues(Cam/min=  0,IMU/min=0)
05-05 12:34:42.204 11576 11907 I VrApi   : FPS=65,Prd=44ms,Tear=0,Early=0,Stale=22,VSnc=1,Lat=1,Fov=0,CPU4/GPU=2/4,1651/670MHz,OC=FF,TA=0/E0/E0,SP=N/F/F,Mem=1804MHz,Free=1302MB,PSM=0,PLS=0,Temp=32.0C/0.0C,TW=1.31ms,App=14.99ms,GD=0.00ms,CPU&GPU=23.97ms,LCnt=1,GPU%=0.95,CPU%=0.29(W0.41),DSF=1.00
05-05 12:34:42.253   716 11669 I [CT]    : boltlib: DSP utilization(%): 16
05-05 12:34:42.545   716 11740 I [CT]    : HealthReport: ==================================================
05-05 12:34:42.545   716 11740 I [CT]    : Health Report
05-05 12:34:42.545   716 11740 I [CT]    : -------------
05-05 12:34:42.545   716 11740 I [CT]    : 
05-05 12:34:42.545   716 11740 I [CT]    : Reporter #1 (InsideOutHealthMonitor) summary:
05-05 12:34:42.545   716 11740 I [CT]    : Camera: Total Dropped: 0.000000, Total Frame Count: 600 (0.000000%), Camera Reset Count: 0
05-05 12:34:42.545   716 11740 I [CT]    : Camera: Total Single Camera Frame Dropped: 0, Total Frame Count: 600 (0.000000%)
05-05 12:34:42.545   716 11740 I [CT]    : IMU: Total Dropped: 0.000000, Total Sample Count: 24248 (0.000000%)
05-05 12:34:42.545   716 11740 I [CT]    : Magnetometer: Total Dropped: 0.000000, Total Sample Count: 727 (0.000000%)
05-05 12:34:42.545   716 11740 I [CT]    : 
05-05 12:34:42.545   716 11740 I [CT]    : Reporter #1 (InsideOutHealthMonitor) Passed
05-05 12:34:42.545   716 11740 I [CT]    : --------------------------------------------------
05-05 12:34:42.545   716 11740 I [CT]    : Reporter #2 (ConstellationHealthMonitor) summary:
05-05 12:34:42.545   716 11740 I [CT]    : Camera: Total Dropped: 0.000000, Total Frame Count: 600 (0.000000%), Camera Reset Count: 1
05-05 12:34:42.545   716 11740 I [CT]    : Camera: Total Single Camera Frame Dropped: 0, Total Frame Count: 600 (0.000000%)
05-05 12:34:42.545   716 11740 I [CT]    : Controller 7745273921483883046:
05-05 12:34:42.545   716 11740 I [CT]    : IMU: Capture period exceeded threshold.  Largest period: 1.953918 sec
05-05 12:34:42.545   716 11740 I [CT]    : Controllers may have been sleeping
05-05 12:34:42.545   716 11740 I [CT]    : IMU: Total Dropped: 0.000000, Total Sample Count: 11207.495000 (0.000000%)
05-05 12:34:42.545   716 11740 I [CT]    : Controller 4212769887286730484:
05-05 12:34:42.545   716 11740 I [CT]    : IMU: C
05-05 12:34:43.204 11576 11907 I VrApi   : FPS=67,Prd=44ms,Tear=0,Early=0,Stale=14,VSnc=1,Lat=1,Fov=0,CPU4/GPU=2/4,1651/670MHz,OC=FF,TA=0/E0/E0,SP=N/F/F,Mem=1804MHz,Free=1305MB,PSM=0,PLS=0,Temp=32.0C/0.0C,TW=1.28ms,App=14.55ms,GD=0.00ms,CPU&GPU=23.09ms,LCnt=1,GPU%=0.96,CPU%=0.30(W0.37),DSF=1.00
05-05 12:34:43.746   716 11740 I [CT]    : VIPER:MAP_MANAGER: State: TRACKING_PERSISTENT, UUID=d18585e8-d288-4997-b6ff-78495c7eed6a, Num. Persistent maps = 1,  Persistent maps:d18585e8-d288-4997-b6ff-78495c7eed6a,, Ser. Disabled = 00000000-0000-0000-0000-000000000000
05-05 12:34:43.785   716 11740 I [CT]    : VIPER: Status=6DoF,TRACKING,KF=145,Inl=329,Pts=383,Jit=0.1mm,Issues(Cam/min=0.0,IMU/min=0.0),Exp=(5.8ms,g=5.0,I=81)(3.9ms,g=2.0,I=69)(5.8ms,g=5.0,I=59)(5.1ms,g=4.0,I=67)
05-05 12:34:44.204 11576 11907 I VrApi   : FPS=69,Prd=44ms,Tear=0,Early=0,Stale=12,VSnc=1,Lat=1,Fov=0,CPU4/GPU=2/4,1651/670MHz,OC=FF,TA=0/E0/E0,SP=N/F/F,Mem=1804MHz,Free=1305MB,PSM=0,PLS=0,Temp=32.0C/0.0C,TW=1.26ms,App=13.91ms,GD=0.00ms,CPU&GPU=22.39ms,LCnt=1,GPU%=1.00,CPU%=0.22(W0.35),DSF=1.00
05-05 12:34:45.205 11576 11907 I VrApi   : FPS=72,Prd=44ms,Tear=0,Early=0,Stale=0,VSnc=1,Lat=1,Fov=0,CPU4/GPU=2/4,1651/670MHz,OC=FF,TA=0/E0/E0,SP=N/F/F,Mem=1804MHz,Free=1305MB,PSM=0,PLS=0,Temp=32.0C/0.0C,TW=1.23ms,App=14.02ms,GD=0.00ms,CPU&GPU=23.77ms,LCnt=1,GPU%=0.96,CPU%=0.23(W0.33),DSF=1.00
05-05 12:34:45.715   716 11739 I [CT]    : MANAGEMENT:CONSTELLATION: Status=GREEN,, Obj=7745273921483883046,6DOF=1,FusJit=0.005mm,Issues(Cam/min=  0,IMU/min=0), Obj=4212769887286730484,6DOF=1 (estimated),Issues(Cam/min=  0,IMU/min=0)
05-05 12:34:46.534 11576 11907 I Telemetry: App memory usage: PSS=723MB DalvikPSS=3 MB
05-05 12:34:46.535 11576 11907 I VrApi   : FPS=70,Prd=44ms,Tear=0,Early=0,Stale=6,VSnc=1,Lat=1,Fov=0,CPU4/GPU=2/4,1651/670MHz,OC=FF,TA=0/E0/E0,SP=N/F/F,Mem=1804MHz,Free=1306MB,PSM=0,PLS=0,Temp=32.0C/0.0C,TW=1.27ms,App=14.14ms,GD=0.00ms,CPU&GPU=21.19ms,LCnt=1,GPU%=1.00,CPU%=0.27(W0.36),DSF=1.00
05-05 12:34:46.960 11576 11595 D UE4     : [GameActivity] Used memory: 740525
05-05 12:34:47.204 11576 11907 I VrApi   : FPS=71,Prd=44ms,Tear=0,Early=0,Stale=3,VSnc=1,Lat=1,Fov=0,CPU4/GPU=2/4,1651/670MHz,OC=FF,TA=0/E0/E0,SP=N/F/F,Mem=1804MHz,Free=1306MB,PSM=0,PLS=0,Temp=32.0C/0.0C,TW=1.27ms,App=13.91ms,GD=0.00ms,CPU&GPU=22.19ms,LCnt=1,GPU%=0.92,CPU%=0.21(W0.30),DSF=1.00
05-05 12:34:47.345   716 11740 I [CT]    : VIPER:MAP_MANAGER: State: TRACKING_PERSISTENT, UUID=d18585e8-d288-4997-b6ff-78495c7eed6a, Num. Persistent maps = 1,  Persistent maps:d18585e8-d288-4997-b6ff-78495c7eed6a,, Ser. Disabled = 00000000-0000-0000-0000-000000000000
05-05 12:34:47.387   716 11740 I [CT]    : VIPER: Status=6DoF,TRACKING,KF=145,Inl=331,Pts=383,Jit=0.1mm,Issues(Cam/min=0.0,IMU/min=0.0),Exp=(5.4ms,g=5.0,I=79)(3.8ms,g=2.0,I=68)(5.4ms,g=5.0,I=61)(4.9ms,g=4.0,I=69)
05-05 12:34:48.204 11576 11907 I VrApi   : FPS=72,Prd=44ms,Tear=0,Early=0,Stale=0,VSnc=1,Lat=1,Fov=0,CPU4/GPU=2/4,1651/670MHz,OC=FF,TA=0/E0/E0,SP=N/F/F,Mem=1804MHz,Free=1307MB,PSM=0,PLS=0,Temp=32.0C/0.0C,TW=1.30ms,App=13.44ms,GD=0.00ms,CPU&GPU=19.43ms,LCnt=1,GPU%=0.97,CPU%=0.25(W0.30),DSF=1.00
05-05 12:34:48.256   716 11669 I [CT]    : boltlib: DSP utilization(%): 16
05-05 12:34:48.545   716 11740 I [CT]    : HealthReport: ==================================================
05-05 12:34:48.545   716 11740 I [CT]    : Health Report
05-05 12:34:48.545   716 11740 I [CT]    : -------------
05-05 12:34:48.545   716 11740 I [CT]    : 
05-05 12:34:48.545   716 11740 I [CT]    : Reporter #1 (InsideOutHealthMonitor) summary:
05-05 12:34:48.545   716 11740 I [CT]    : Camera: Total Dropped: 0.000000, Total Frame Count: 750 (0.000000%), Camera Reset Count: 0
05-05 12:34:48.545   716 11740 I [CT]    : Camera: Total Single Camera Frame Dropped: 0, Total Frame Count: 750 (0.000000%)
05-05 12:34:48.545   716 11740 I [CT]    : IMU: Total Dropped: 0.000000, Total Sample Count: 30247 (0.000000%)
05-05 12:34:48.545   716 11740 I [CT]    : Magnetometer: Total Dropped: 0.000000, Total Sample Count: 908 (0.000000%)
05-05 12:34:48.545   716 11740 I [CT]    : 
05-05 12:34:48.545   716 11740 I [CT]    : Reporter #1 (InsideOutHealthMonitor) Passed
05-05 12:34:48.545   716 11740 I [CT]    : --------------------------------------------------
05-05 12:34:48.545   716 11740 I [CT]    : Reporter #2 (ConstellationHealthMonitor) summary:
05-05 12:34:48.545   716 11740 I [CT]    : Camera: Total Dropped: 0.000000, Total Frame Count: 750 (0.000000%), Camera Reset Count: 1
05-05 12:34:48.545   716 11740 I [CT]    : Camera: Total Single Camera Frame Dropped: 0, Total Frame Count: 750 (0.000000%)
05-05 12:34:48.545   716 11740 I [CT]    : Controller 7745273921483883046:
05-05 12:34:48.545   716 11740 I [CT]    : IMU: Capture period exceeded threshold.  Largest period: 1.953918 sec
05-05 12:34:48.545   716 11740 I [CT]    : Controllers may have been sleeping
05-05 12:34:48.545   716 11740 I [CT]    : IMU: Total Dropped: 0.000000, Total Sample Count: 14206.634500 (0.000000%)
05-05 12:34:48.545   716 11740 I [CT]    : Controller 4212769887286730484:
05-05 12:34:48.545   716 11740 I [CT]    : IMU: C
05-05 12:34:49.204 11576 11907 I VrApi   : FPS=72,Prd=45ms,Tear=0,Early=0,Stale=0,VSnc=1,Lat=1,Fov=0,CPU4/GPU=2/4,1651/670MHz,OC=FF,TA=0/E0/E0,SP=N/F/F,Mem=1804MHz,Free=1306MB,PSM=0,PLS=0,Temp=32.0C/0.0C,TW=1.28ms,App=13.44ms,GD=0.00ms,CPU&GPU=18.60ms,LCnt=1,GPU%=0.97,CPU%=0.29(W0.38),DSF=1.00
05-05 12:34:49.316   716 11739 I [CT]    : MANAGEMENT:CONSTELLATION: Status=GREEN,, Obj=7745273921483883046,6DOF=1,FusJit=0.001mm,Issues(Cam/min=  0,IMU/min=0), Obj=4212769887286730484,6DOF=1 (estimated),Issues(Cam/min=  0,IMU/min=0)
05-05 12:34:50.206 11576 11907 I VrApi   : FPS=72,Prd=45ms,Tear=0,Early=0,Stale=0,VSnc=1,Lat=1,Fov=0,CPU4/GPU=2/4,1651/670MHz,OC=FF,TA=0/E0/E0,SP=N/F/F,Mem=1804MHz,Free=1306MB,PSM=0,PLS=0,Temp=32.0C/0.0C,TW=1.28ms,App=13.38ms,GD=0.00ms,CPU&GPU=17.35ms,LCnt=1,GPU%=0.96,CPU%=0.35(W0.35),DSF=1.00
05-05 12:34:50.947   716 11740 I [CT]    : VIPER:MAP_MANAGER: State: TRACKING_PERSISTENT, UUID=d18585e8-d288-4997-b6ff-78495c7eed6a, Num. Persistent maps = 1,  Persistent maps:d18585e8-d288-4997-b6ff-78495c7eed6a,, Ser. Disabled = 00000000-0000-0000-0000-000000000000
05-05 12:34:50.987   716 11740 I [CT]    : VIPER: Status=6DoF,TRACKING,KF=145,Inl=376,Pts=383,Jit=0.2mm,Issues(Cam/min=0.0,IMU/min=0.0),Exp=(6.3ms,g=5.0,I=73)(4.4ms,g=4.0,I=64)(6.3ms,g=5.0,I=66)(4.7ms,g=4.0,I=70)
05-05 12:34:51.207 11576 11907 I VrApi   : FPS=72,Prd=45ms,Tear=0,Early=0,Stale=0,VSnc=1,Lat=1,Fov=0,CPU4/GPU=2/4,1651/670MHz,OC=FF,TA=0/E0/E0,SP=N/F/F,Mem=1804MHz,Free=1303MB,PSM=0,PLS=0,Temp=32.0C/0.0C,TW=1.27ms,App=13.63ms,GD=0.00ms,CPU&GPU=17.32ms,LCnt=1,GPU%=0.98,CPU%=0.26(W0.37),DSF=1.00
05-05 12:34:52.205 11576 11907 I VrApi   : FPS=72,Prd=45ms,Tear=0,Early=0,Stale=0,VSnc=1,Lat=1,Fov=0,CPU4/GPU=2/4,1651/670MHz,OC=FF,TA=0/E0/E0,SP=N/F/F,Mem=1804MHz,Free=1306MB,PSM=0,PLS=0,Temp=32.0C/0.0C,TW=1.29ms,App=13.64ms,GD=0.00ms,CPU&GPU=17.88ms,LCnt=1,GPU%=0.98,CPU%=0.27(W0.36),DSF=1.00
05-05 12:34:52.916   716 11739 I [CT]    : MANAGEMENT:CONSTELLATION: Status=GREEN,, Obj=7745273921483883046,6DOF=1,FusJit=0.0009mm,Issues(Cam/min=  0,IMU/min=0), Obj=4212769887286730484,6DOF=1 (estimated),Issues(Cam/min=  0,IMU/min=0)
05-05 12:34:53.205 11576 11907 I VrApi   : FPS=72,Prd=45ms,Tear=0,Early=0,Stale=0,VSnc=1,Lat=1,Fov=0,CPU4/GPU=2/4,1651/670MHz,OC=FF,TA=0/E0/E0,SP=N/F/F,Mem=1804MHz,Free=1305MB,PSM=0,PLS=0,Temp=32.0C/0.0C,TW=1.25ms,App=14.54ms,GD=0.00ms,CPU&GPU=17.78ms,LCnt=1,GPU%=0.98,CPU%=0.22(W0.33),DSF=1.00
05-05 12:34:54.205 11576 11907 I VrApi   : FPS=68,Prd=44ms,Tear=0,Early=0,Stale=12,VSnc=1,Lat=1,Fov=0,CPU4/GPU=2/4,1651/670MHz,OC=FF,TA=0/E0/E0,SP=N/F/F,Mem=1804MHz,Free=1305MB,PSM=0,PLS=0,Temp=32.0C/0.0C,TW=1.30ms,App=14.74ms,GD=0.00ms,CPU&GPU=23.07ms,LCnt=1,GPU%=0.95,CPU%=0.24(W0.33),DSF=1.00
05-05 12:34:54.257   716 11669 I [CT]    : boltlib: DSP utilization(%): 15
05-05 12:34:54.544   716 11740 I [CT]    : VIPER:MAP_MANAGER: State: TRACKING_PERSISTENT, UUID=d18585e8-d288-4997-b6ff-78495c7eed6a, Num. Persistent maps = 1,  Persistent maps:d18585e8-d288-4997-b6ff-78495c7eed6a,, Ser. Disabled = 00000000-0000-0000-0000-000000000000
05-05 12:34:54.544   716 11740 I [CT]    : HealthReport: ==================================================
05-05 12:34:54.544   716 11740 I [CT]    : Health Report
05-05 12:34:54.544   716 11740 I [CT]    : -------------
05-05 12:34:54.544   716 11740 I [CT]    : 
05-05 12:34:54.544   716 11740 I [CT]    : Reporter #1 (InsideOutHealthMonitor) summary:
05-05 12:34:54.544   716 11740 I [CT]    : Camera: Total Dropped: 0.000000, Total Frame Count: 900 (0.000000%), Camera Reset Count: 0
05-05 12:34:54.544   716 11740 I [CT]    : Camera: Total Single Camera Frame Dropped: 0, Total Frame Count: 900 (0.000000%)
05-05 12:34:54.544   716 11740 I [CT]    : IMU: Total Dropped: 0.000000, Total Sample Count: 36248 (0.000000%)
05-05 12:34:54.544   716 11740 I [CT]    : Magnetometer: Total Dropped: 0.000000, Total Sample Count: 1088 (0.000000%)
05-05 12:34:54.544   716 11740 I [CT]    : 
05-05 12:34:54.544   716 11740 I [CT]    : Reporter #1 (InsideOutHealthMonitor) Passed
05-05 12:34:54.544   716 11740 I [CT]    : --------------------------------------------------
05-05 12:34:54.544   716 11740 I [CT]    : Reporter #2 (ConstellationHealthMonitor) summary:
05-05 12:34:54.544   716 11740 I [CT]    : Camera: Total Dropped: 0.000000, Total Frame Count: 900 (0.000000%), Camera Reset Count: 1
05-05 12:34:54.544   716 11740 I [CT]    : Camera: Total Single Camera Frame Dropped: 0, Total Frame Count: 900 (0.000000%)
05-05 12:34:54.544   716 11740 I [CT]    : Controller 7745273921483883046:
05-05 12:34:54.544   716 11740 I [CT]    : IMU: Capture period exceeded threshold.  Largest period: 1.953918 sec
05-05 12:34:54.544   716 11740 I [CT]    : Controllers may have been sleeping
05-05 12:34:54.544   716 11740 I [CT]    : IMU: Total Dropped: 0.000000, Total Sample Count: 17205.781500 (0.000000%)
05-05 12:34:54.544   716 11740 I [CT]    : Controller 4212769887286730484:
05-05 12:34:54.544   716 11740 I [CT]    : IMU: 
05-05 12:34:54.584   716 11740 I [CT]    : VIPER: Status=6DoF,TRACKING,KF=145,Inl=237,Pts=383,Jit=0.2mm,Issues(Cam/min=0.0,IMU/min=0.0),Exp=(6.4ms,g=6.0,I=72)(5.2ms,g=4.0,I=68)(6.4ms,g=6.0,I=70)(5.6ms,g=3.0,I=68)
05-05 12:34:54.705  1079  1128 E BatteryStatsService: power: Missing API
05-05 12:34:54.714  1079  1128 E BatteryStatsService: no controller energy info supplied
05-05 12:34:54.727  1079  1128 E BatteryStatsService: no controller energy info supplied
05-05 12:34:54.768 11576 11576 D UE4     : [GameActivity] Battery: status = 2, rawlevel = 95, scale = 100
05-05 12:34:54.768 11576 11576 D UE4     : nativeBatteryEvent(stat = 2, lvl = 95  temp = 32.00 C)
05-05 12:34:54.778  1441 11980 I OSUpdateService: Intent with action system_battery_changed
05-05 12:34:55.207 11576 11907 I VrApi   : FPS=67,Prd=44ms,Tear=0,Early=0,Stale=15,VSnc=1,Lat=1,Fov=0,CPU4/GPU=2/4,1651/670MHz,OC=FF,TA=0/E0/E0,SP=N/F/F,Mem=1804MHz,Free=1306MB,PSM=0,PLS=0,Temp=32.0C/0.0C,TW=1.27ms,App=14.50ms,GD=0.00ms,CPU&GPU=23.36ms,LCnt=1,GPU%=0.99,CPU%=0.23(W0.32),DSF=1.00
05-05 12:34:56.206 11576 11907 I VrApi   : FPS=67,Prd=44ms,Tear=0,Early=0,Stale=12,VSnc=1,Lat=1,Fov=0,CPU4/GPU=2/4,1651/670MHz,OC=FF,TA=0/E0/E0,SP=N/F/F,Mem=1804MHz,Free=1306MB,PSM=0,PLS=0,Temp=32.0C/0.0C,TW=1.28ms,App=14.52ms,GD=0.00ms,CPU&GPU=23.03ms,LCnt=1,GPU%=0.97,CPU%=0.26(W0.32),DSF=1.00
05-05 12:34:56.516   716 11739 I [CT]    : MANAGEMENT:CONSTELLATION: Status=GREEN,, Obj=7745273921483883046,6DOF=1,FusJit=0.003mm,Issues(Cam/min=  0,IMU/min=0), Obj=4212769887286730484,6DOF=1 (estimated),Issues(Cam/min=  0,IMU/min=0)
05-05 12:34:57.210 11576 11907 I VrApi   : FPS=67,Prd=44ms,Tear=0,Early=0,Stale=15,VSnc=1,Lat=1,Fov=0,CPU4/GPU=2/4,1651/670MHz,OC=FF,TA=0/E0/E0,SP=N/F/F,Mem=1804MHz,Free=1306MB,PSM=0,PLS=0,Temp=32.0C/0.0C,TW=1.28ms,App=14.98ms,GD=0.00ms,CPU&GPU=23.44ms,LCnt=1,GPU%=0.97,CPU%=0.24(W0.33),DSF=1.00
05-05 12:34:57.223  2131 11759 I TimeWarp: UpdateClockLevels: Apply pending clock request change: 2,4 -> 3,4
05-05 12:34:57.223  2131 11754 I Clocks  : ReleaseClocks - start
05-05 12:34:57.224   723  3790 D         : CPU_CLUSTER_0: No client requests exists, release clocks
05-05 12:34:57.224   723  3790 D         : CPU_CLUSTER_1: No client requests exists, release clocks
05-05 12:34:57.224   723  3790 D         : GPU: No client requests exists, release clocks
05-05 12:34:57.224   723  3790 D         : CPUBW: No client requests exists, release clocks
05-05 12:34:57.225  2131 11754 I Clocks  : ReleaseClocks - end (1.5 ms)
05-05 12:34:57.225  2131 11754 I Clocks  : LockClocks( cpu=3, gpu=4 ) - start
05-05 12:34:57.236  2131 11754 I Clocks  : CPU levels [0, 4]
05-05 12:34:57.236  2131 11754 I Clocks  : GPU levels [0, 5]
05-05 12:34:57.237   723  3790 D         : CPU_CLUSTER_0: Client 2131 sends freq request [21, 21]
05-05 12:34:57.237   723  3790 D         : CPU_CLUSTER_0: Next Perf Level = (21, 21)
05-05 12:34:57.237   723  3790 D         : CPU_CLUSTER_1: Client 2131 sends freq request [22, 22]
05-05 12:34:57.237   723  3790 D         : CPU_CLUSTER_1: Next Perf Level = (22, 22)
05-05 12:34:57.238   723  3790 D         : CPUBW: Client 2131 sends freq request [8, 11]
05-05 12:34:57.238   723  3790 D         : CPUBW: Next Perf Level = (8, 11)
05-05 12:34:57.238   723  3790 D         : GPU: Client 2131 sends freq request [6, 6]
05-05 12:34:57.238   723  3790 D         : GPU: Next Perf Level = (6, 6)
05-05 12:34:57.239  2131 11754 I Clocks  : LockClocks( cpu=3, gpu=4 ) - end (13.9 ms)
05-05 12:34:57.346 11576 11595 D UE4     : [GameActivity] Used memory: 741137
05-05 12:34:58.073  2131 11759 I TimeWarp: UpdateClockLevels: Apply pending clock request change: 3,4 -> 4,4
05-05 12:34:58.073  2131 11754 I Clocks  : ReleaseClocks - start
05-05 12:34:58.074   723  3790 D         : CPU_CLUSTER_0: No client requests exists, release clocks
05-05 12:34:58.074   723  3790 D         : CPU_CLUSTER_1: No client requests exists, release clocks
05-05 12:34:58.074   723  3790 D         : GPU: No client requests exists, release clocks
05-05 12:34:58.074   723  3790 D         : CPUBW: No client requests exists, release clocks
05-05 12:34:58.075  2131 11754 I Clocks  : ReleaseClocks - end (1.6 ms)
05-05 12:34:58.075  2131 11754 I Clocks  : LockClocks( cpu=4, gpu=4 ) - start
05-05 12:34:58.076  2131 11754 I Clocks  : CPU levels [0, 4]
05-05 12:34:58.076  2131 11754 I Clocks  : GPU levels [0, 5]
05-05 12:34:58.077   723  3790 D         : CPU_CLUSTER_0: Client 2131 sends freq request [21, 21]
05-05 12:34:58.077   723  3790 D         : CPU_CLUSTER_0: Next Perf Level = (21, 21)
05-05 12:34:58.077   723  3790 D         : CPU_CLUSTER_1: Client 2131 sends freq request [26, 26]
05-05 12:34:58.077   723  3790 D         : CPU_CLUSTER_1: Next Perf Level = (26, 26)
05-05 12:34:58.078   723  3790 D         : CPUBW: Client 2131 sends freq request [8, 11]
05-05 12:34:58.078   723  3790 D         : CPUBW: Next Perf Level = (8, 11)
05-05 12:34:58.078   723  3790 D         : GPU: Client 2131 sends freq request [6, 6]
05-05 12:34:58.078   723  3790 D         : GPU: Next Perf Level = (6, 6)
05-05 12:34:58.078  2131 11754 I Clocks  : LockClocks( cpu=4, gpu=4 ) - end (3.1 ms)
05-05 12:34:58.146   716 11740 I [CT]    : VIPER:MAP_MANAGER: State: TRACKING_PERSISTENT, UUID=d18585e8-d288-4997-b6ff-78495c7eed6a, Num. Persistent maps = 1,  Persistent maps:d18585e8-d288-4997-b6ff-78495c7eed6a,, Ser. Disabled = 00000000-0000-0000-0000-000000000000
05-05 12:34:58.185   716 11740 I [CT]    : VIPER: Status=6DoF,TRACKING,KF=145,Inl=331,Pts=383,Jit=0.1mm,Issues(Cam/min=0.0,IMU/min=0.0),Exp=(6.1ms,g=6.0,I=82)(5.0ms,g=3.0,I=70)(6.1ms,g=6.0,I=61)(5.5ms,g=4.0,I=68)
05-05 12:34:58.206 11576 11907 I VrApi   : FPS=65,Prd=44ms,Tear=0,Early=0,Stale=20,VSnc=1,Lat=1,Fov=0,CPU4/GPU=2/4,2304/670MHz,OC=FF,TA=0/E0/E0,SP=N/F/F,Mem=1804MHz,Free=1302MB,PSM=0,PLS=0,Temp=32.0C/0.0C,TW=1.31ms,App=15.58ms,GD=0.00ms,CPU&GPU=23.91ms,LCnt=1,GPU%=0.96,CPU%=0.28(W0.35),DSF=1.00
05-05 12:34:59.206 11576 11907 I VrApi   : FPS=64,Prd=44ms,Tear=0,Early=0,Stale=25,VSnc=1,Lat=1,Fov=0,CPU4/GPU=3/4,2304/670MHz,OC=FF,TA=0/E0/E0,SP=N/F/F,Mem=1804MHz,Free=1306MB,PSM=0,PLS=0,Temp=32.0C/0.0C,TW=1.30ms,App=15.19ms,GD=0.00ms,CPU&GPU=24.40ms,LCnt=1,GPU%=0.95,CPU%=0.21(W0.29),DSF=1.00
05-05 12:35:00.116   716 11739 I [CT]    : MANAGEMENT:CONSTELLATION: Status=GREEN,, Obj=7745273921483883046,6DOF=1,FusJit=0.003mm,Issues(Cam/min=  0,IMU/min=0), Obj=4212769887286730484,6DOF=1 (estimated),Issues(Cam/min=  0,IMU/min=0)
05-05 12:35:00.206 11576 11907 I VrApi   : FPS=65,Prd=44ms,Tear=0,Early=0,Stale=21,VSnc=1,Lat=1,Fov=0,CPU4/GPU=4/4,2304/670MHz,OC=FF,TA=0/E0/E0,SP=N/F/F,Mem=1804MHz,Free=1306MB,PSM=0,PLS=0,Temp=32.0C/0.0C,TW=1.28ms,App=14.98ms,GD=0.00ms,CPU&GPU=23.71ms,LCnt=1,GPU%=0.97,CPU%=0.21(W0.32),DSF=1.00
05-05 12:35:00.257   716 11669 I [CT]    : boltlib: DSP utilization(%): 15
05-05 12:35:00.547   716 11740 I [CT]    : HealthReport: ==================================================
05-05 12:35:00.547   716 11740 I [CT]    : Health Report
05-05 12:35:00.547   716 11740 I [CT]    : -------------
05-05 12:35:00.547   716 11740 I [CT]    : 
05-05 12:35:00.547   716 11740 I [CT]    : Reporter #1 (InsideOutHealthMonitor) summary:
05-05 12:35:00.547   716 11740 I [CT]    : Camera: Total Dropped: 0.000000, Total Frame Count: 1050 (0.000000%), Camera Reset Count: 0
05-05 12:35:00.547   716 11740 I [CT]    : Camera: Total Single Camera Frame Dropped: 0, Total Frame Count: 1050 (0.000000%)
05-05 12:35:00.547   716 11740 I [CT]    : IMU: Total Dropped: 0.000000, Total Sample Count: 42250 (0.000000%)
05-05 12:35:00.547   716 11740 I [CT]    : Magnetometer: Total Dropped: 0.000000, Total Sample Count: 1268 (0.000000%)
05-05 12:35:00.547   716 11740 I [CT]    : 
05-05 12:35:00.547   716 11740 I [CT]    : Reporter #1 (InsideOutHealthMonitor) Passed
05-05 12:35:00.547   716 11740 I [CT]    : --------------------------------------------------
05-05 12:35:00.547   716 11740 I [CT]    : Reporter #2 (ConstellationHealthMonitor) summary:
05-05 12:35:00.547   716 11740 I [CT]    : Camera: Total Dropped: 0.000000, Total Frame Count: 1051 (0.000000%), Camera Reset Count: 1
05-05 12:35:00.547   716 11740 I [CT]    : Camera: Total Single Camera Frame Dropped: 0, Total Frame Count: 1051 (0.000000%)
05-05 12:35:00.547   716 11740 I [CT]    : Controller 7745273921483883046:
05-05 12:35:00.547   716 11740 I [CT]    : IMU: Capture period exceeded threshold.  Largest period: 1.953918 sec
05-05 12:35:00.547   716 11740 I [CT]    : Controllers may have been sleeping
05-05 12:35:00.547   716 11740 I [CT]    : IMU: Total Dropped: 0.000000, Total Sample Count: 20206.930500 (0.000000%)
05-05 12:35:00.547   716 11740 I [CT]    : Controller 4212769887286730484:
05-05 12:35:00.547   716 11740 I [CT]    : I
05-05 12:35:00.625  2145 11781 I Telemetry: App memory usage: PSS=59MB DalvikPSS=1 MB
05-05 12:35:01.206 11576 11907 I VrApi   : FPS=66,Prd=44ms,Tear=0,Early=0,Stale=19,VSnc=1,Lat=1,Fov=0,CPU4/GPU=4/4,2304/670MHz,OC=FF,TA=0/E0/E0,SP=N/F/F,Mem=1804MHz,Free=1303MB,PSM=0,PLS=0,Temp=32.0C/0.0C,TW=1.29ms,App=14.88ms,GD=0.00ms,CPU&GPU=23.74ms,LCnt=1,GPU%=0.97,CPU%=0.17(W0.29),DSF=1.00
