05-04 16:21:01.899  4448  4668 I VrApi   : FPS=0,Prd=0ms,Tear=0,Early=0,Stale=72,VSnc=1,Lat=0,Fov=0,CPU4/GPU=0/0,1651/670MHz,OC=FF,TA=0/0/0,SP=N/N/N,Mem=1804MHz,Free=1530MB,PSM=0,PLS=0,Temp=31.0C/0.0C,TW=2.48ms,App=0.00ms,GD=8.60ms,CPU&GPU=0.00ms,LCnt=0,GPU%=0.67,CPU%=0.33(W0.70),DSF=1.00
05-04 16:21:01.901  4448  4706 I VrApi   : OVR::Stats thread stopped
05-04 16:21:01.901  4448  4706 I InputDeviceManager: ovrInputDeviceManager::Shutdown
05-04 16:21:01.902   550  4691 D audio_hw_primary: in_set_parameters: enter: kvpairs=routing=0
05-04 16:21:01.902   550   600 I SoundTriggerHwService::Module: void android::SoundTriggerHwService::Module::onCallbackEvent(const sp<android::SoundTriggerHwService::CallbackEvent> &) no clients
05-04 16:21:01.902  1764  4696 I OVRPlatform-OVRMicrophone: Disabling AcousticEchoCanceler
05-04 16:21:01.903  1764  4696 I OVRPlatform-OVRMicrophone: Disabling NoiseSuppressor
05-04 16:21:01.904  4448  4667 I InputHooks_Internal: InputHooksThreadRun ShutdownRequest received
05-04 16:21:01.904  4448  4706 I InputHooks_Internal: Disabling Native Input Hooks
05-04 16:21:01.905  1764  4696 D OVRPlatform-OVRMicrophone: State changed to Initialized
05-04 16:21:01.905  1764  4696 I OVRPlatform-OVRMicrophone: Exit AudioRecordThread
05-04 16:21:01.906  2128  2150 D VrRuntimeService: this client: 4448:com.YourCompany.ToysGame
05-04 16:21:01.906  2128  2150 D VrRuntimeService: enableRendering: clientWindow: null enable: false
05-04 16:21:01.906  2128  2150 I ClientMgr: ClientMgr::EnableRendering 4448:com.YourCompany.ToysGame : type 0 : disable
05-04 16:21:01.906  2128  2150 I VrRuntimeServer: SetCompositorClientEnabled client(0): enabled(0) 0x0
05-04 16:21:01.907  2128  2296 I ClientMgr: Non-overlay clients rendering status has changed: prev=12, curr=13, enabled=1
05-04 16:21:01.909  2108  2314 I LibraryProvider: running queryApp(com.oculus.vrshell) for com.oculus.uid:10043
05-04 16:21:01.909  2108  2314 W LibraryProvider: Cannot find entitlement for com.oculus.vrshell
05-04 16:21:01.912  1764  1764 W OVRLibrary: null cursor received for query content://com.oculus.ocms.library/apps/com.oculus.vrshell
05-04 16:21:01.912  1764  1764 I PlatformPluginManager: onAppStart com.oculus.vrshell false
05-04 16:21:01.912  1764  1764 I OVRPlatform: [PartiesAPI] ovr_Party_PluginGetSharedMemHandle: This function is deprecated, do not use
05-04 16:21:01.914  1764  1764 E OVRMediaServiceManager: LivestreamingManager Not initialized
05-04 16:21:01.922  4448  4672 I VrRuntimeClient: FenceChecker::MainLoop - ended
05-04 16:21:01.922  4448  4706 I BufferObject: ovrBufferObjectFactory::Unimport unmapping Vulkan memory
05-04 16:21:01.922  4448  4706 I BufferObject: ovrBufferObjectFactory::Unimport destroying Vulkan buffer=546643302784
05-04 16:21:01.922  4448  4706 I BufferObject: ovrBufferObjectFactory::Unimport freeing Vulkan memory=546529791168
05-04 16:21:01.922  4448  4706 I TrackingServiceClient: OVR::TrackingService::ClientSetInterface
05-04 16:21:01.922  4448  4706 D TrackingServiceClient: onClientDisconnect
05-04 16:21:01.922  4448  4706 D TrackingServiceConnectionNative: onClientDisconnect
05-04 16:21:01.923   721   828 I TrackingService: Unregistering client by ITrackingService.unregisterClient
05-04 16:21:01.923   721   828 I TrackingService: TrackingServiceHost Unregistering client: pid 4448
05-04 16:21:01.923  4448  4706 D BinderConnection: Disconnecting from TrackingService service
05-04 16:21:01.923  4448  4706 D TrackingServiceConnectionNative: onDisconnected
05-04 16:21:01.923  4448  4706 D TrackingServiceClient: TrackingServiceConnection mConnectedRemotes.clear()
05-04 16:21:01.924  4448  4706 I TrackingServiceClient: OVR::TrackingService::ClientSetInterface
05-04 16:21:01.924  4448  4706 I VrApi   : ---------- vrapi_LeaveVrMode [end] ----------
05-04 16:21:01.924  4448  4465 D UE4     : [GameActivity] Unregistering volume receiver
05-04 16:21:01.925  4448  4465 D UE4     : [GameActivity] Unregistering battery receiver
05-04 16:21:01.925  4448  4465 D UE4     : [GameActivity] Unregistering headset receiver
05-04 16:21:01.925  4448  4465 D UE4     : [2020.05.04-14.21.01:925][  0]LogCore: Display: AppLifetime: Application will enter background
05-04 16:21:01.926  4448  4465 D UE4     : [2020.05.04-14.21.01:926][  0]LogTemp: Android pause audio
05-04 16:21:01.926  4448  4465 D UE4     : [2020.05.04-14.21.01:926][  0]LogAudioMixerAndroid: Display: Suspending android audio renderer
05-04 16:21:01.926  4448  4465 D UE4     : [2020.05.04-14.21.01:926][  0]LogAndroidEvents: Display: LogAndroidEvents::DequeueAppEvent : 13, [width=-1, height=-1], APP_EVENT_STATE_APP_SUSPENDED
05-04 16:21:01.926  4448  4465 D UE4     : FAppEventManager::Tick processing, 13
05-04 16:21:01.926  4448  4465 D UE4     : Execution will be paused...
05-04 16:21:01.927  4448  4465 D UE4     : [2020.05.04-14.21.01:926][  0]LogAndroidEvents: Display: LogAndroidEvents::DequeueAppEvent : 3, [width=-1, height=-1], APP_EVENT_STATE_WINDOW_DESTROYED
05-04 16:21:01.927  4448  4465 D UE4     : FAppEventManager::Tick processing, 3
05-04 16:21:01.927  4448  4465 D UE4     : APP_EVENT_STATE_WINDOW_DESTROYED, 0, 0, 0
05-04 16:21:01.927  4448  4465 D UE4     : [2020.05.04-14.21.01:927][  0]LogAndroidEvents: Display: LogAndroidEvents::DequeueAppEvent : 12, [width=-1, height=-1], APP_EVENT_STATE_SAVE_STATE
05-04 16:21:01.927  4448  4465 D UE4     : FAppEventManager::Tick processing, 12
05-04 16:21:01.927  4448  4465 D UE4     : [2020.05.04-14.21.01:927][  0]LogAndroidEvents: Display: LogAndroidEvents::DequeueAppEvent : 8, [width=-1, height=-1], APP_EVENT_STATE_ON_STOP
05-04 16:21:01.927  4448  4465 D UE4     : FAppEventManager::Tick processing, 8
05-04 16:21:01.927  4448  4465 D UE4     : [2020.05.04-14.21.01:927][  0]LogAndroidEvents: Display: LogAndroidEvents::DequeueAppEvent : 9, [width=-1, height=-1], APP_EVENT_STATE_ON_START
05-04 16:21:01.927  4448  4465 D UE4     : FAppEventManager::Tick processing, 9
05-04 16:21:01.927  4448  4465 D UE4     : [2020.05.04-14.21.01:927][  0]LogAndroidEvents: Display: LogAndroidEvents::DequeueAppEvent : 7, [width=-1, height=-1], APP_EVENT_STATE_ON_RESUME
05-04 16:21:01.927  4448  4465 D UE4     : FAppEventManager::Tick processing, 7
05-04 16:21:01.927  4448  4465 D UE4     : [2020.05.04-14.21.01:927][  0]LogAndroidEvents: Display: LogAndroidEvents::DequeueAppEvent : 0, [width=2880, height=1600], APP_EVENT_STATE_WINDOW_CREATED
05-04 16:21:01.927  4448  4465 D UE4     : FAppEventManager::Tick processing, 0
05-04 16:21:01.927  4448  4465 D UE4     : [2020.05.04-14.21.01:927][  0]LogAndroidEvents: Display: LogAndroidEvents::DequeueAppEvent : 11, [width=-1, height=-1], APP_EVENT_STATE_WINDOW_GAINED_FOCUS
05-04 16:21:01.927  4448  4465 D UE4     : FAppEventManager::Tick processing, 11
05-04 16:21:01.927  4448  4465 D UE4     : [2020.05.04-14.21.01:927][  0]LogAndroidEvents: Display: ExecWindowCreated
05-04 16:21:01.927  4448  4465 D UE4     : [2020.05.04-14.21.01:927][  0]LogAndroid: Mobile HDR: no
05-04 16:21:01.927  4448  4465 D UE4     : AndroidEGL::ReInitWindow()
05-04 16:21:01.927  4448  4465 D UE4     : ExecWindowCreated, 0, 1, 1
05-04 16:21:01.927  4448  4465 D UE4     : [2020.05.04-14.21.01:927][  0]LogAndroidEvents: Display: LogAndroidEvents::DequeueAppEvent : 14, [width=-1, height=-1], APP_EVENT_STATE_APP_ACTIVATED
05-04 16:21:01.927  4448  4465 D UE4     : FAppEventManager::Tick processing, 14
05-04 16:21:01.927  4448  4465 D UE4     : Execution will be resumed!
05-04 16:21:01.927  4448  4465 D UE4     : [2020.05.04-14.21.01:927][  0]LogAndroidEvents: Display: LogAndroidEvents::DequeueAppEvent : 15, [width=-1, height=-1], APP_EVENT_RUN_CALLBACK
05-04 16:21:01.927  4448  4465 D UE4     : FAppEventManager::Tick processing, 15
05-04 16:21:01.927  4448  4465 D UE4     : [2020.05.04-14.21.01:927][  0]LogAndroidEvents: Display: Event thread callback running.
05-04 16:21:01.927  4448  4465 D UE4     : [2020.05.04-14.21.01:927][  0]LogAndroid: performing app foregrounding callback.
05-04 16:21:01.927  4448  4465 D UE4     : [2020.05.04-14.21.01:927][  0]LogHMD: Initializing OVRPlugin session
05-04 16:21:01.927  4448  4465 D UE4     : [2020.05.04-14.21.01:927][  0]LogHMD: OculusHMD plugin supports multiview!
05-04 16:21:01.927  4448  4465 D OVRPlugin: Finished setting up render thread.
05-04 16:21:01.927  4448  4465 D OVRPlugin: Entering VR mode.
05-04 16:21:01.927  4448  4465 I VrApi   : ---------- vrapi_EnterVrMode [start] ----------
05-04 16:21:01.927  4448  4465 I VrRuntimeClient: Tracing is disabled
05-04 16:21:01.931  4448  4465 D VrApi   : targetSDKVersion 25
05-04 16:21:01.932  4448  4465 I VrRuntimeClient: DEVICE MODEL NUMBER = Quest
05-04 16:21:01.932  4448  4465 I VrRuntimeClient: DEVICE HARDWARE = monterey
05-04 16:21:01.932  4448  4465 I VrRuntimeClient: DEVICE BUILD NAME = user-602380.24900.0
05-04 16:21:01.932  4448  4465 I VrRuntimeClient: DEVICE BUILD TYPE = user
05-04 16:21:01.932  4448  4465 I VrRuntimeClient: DEVICE OS VERSION = 7.1.1
05-04 16:21:01.932  4448  4465 I VrRuntimeClient: VRRUNTIME VERSION = VRAPI_VERSION_BEGIN { 1.1.33.0-210938873-210938873 Apr 24 2020 16:11:35 Development } RELEASE
05-04 16:21:01.932  4448  4465 I VrRuntimeClient: API LOADER VERSION = 1.1.24.0
05-04 16:21:01.932  4448  4465 I VrRuntimeClient: VRDRIVER VERSION = 16.0.0.141.450
05-04 16:21:01.932  4448  4465 I VrRuntimeClient: APP NAME = ToysGame
05-04 16:21:01.932  4448  4465 I VrRuntimeClient: APP VERSION = 1.0 versionCode 1 internalVersionName <none>
05-04 16:21:01.932  4448  4465 I VrRuntimeClient: APP VR TYPE = vr_only
05-04 16:21:01.932  4448  4465 I VrRuntimeClient: APP PACKAGE NAME = com.YourCompany.ToysGame
05-04 16:21:01.932  4448  4465 I VrRuntimeClient: APP ACTIVITY CLASS = com.epicgames.ue4.GameActivity
05-04 16:21:01.932  4448  4465 D BatteryReceiver: Registering battery receiver
05-04 16:21:01.934  4448  4465 D HeadsetReceiver: getCurrentHeadsetState: false
05-04 16:21:01.934  4448  4465 I DeviceStatus_Android: nativeHeadsetEvent(0)
05-04 16:21:01.935  4448  4465 I VrRuntimeClient: DEADRECKONING SetControllerTrackingExtendedDeadreckoning 0
05-04 16:21:01.935  4448  4465 I InputHooks_Internal: Enabling Native Input Hooks
05-04 16:21:01.936  4448  4465 I InputDeviceManager: ovrInputDeviceManager::Initialize
05-04 16:21:01.936  4448  4465 I InputDeviceManager: HANDTRACKING packagename is com.YourCompany.ToysGame
05-04 16:21:01.937  4448  4465 I InputDeviceManager: HANDTRACKING: feature flag set to 0
05-04 16:21:01.937  4448  4465 I VrRuntimeClient: HANDTRACKING sethandmanifest 0
05-04 16:21:01.939  2128  2148 I ScreenCaptureBase: GlobalInhibitState=0
05-04 16:21:01.939  4448  4465 D TrackingServiceConnectionNative: onClientConnect
05-04 16:21:01.939  4448  4465 D BinderConnection: Connecting to TrackingService
05-04 16:21:01.939  4448  4465 D TrackingServiceConnectionNative: onConnected
05-04 16:21:01.940   721  2911 I TrackingService: TrackingService::getSharedMemoryFileDescriptor
05-04 16:21:01.940  4448  4465 I TrackingServiceClient: OVR::TrackingService::ClientSetInterface
05-04 16:21:01.940  4448  4465 I TrackingServiceClient: TrackingService client: roFd(73)
05-04 16:21:01.940  4448  4465 I TrackingServiceClient: TrackingService client: connected to interface version 11.
05-04 16:21:01.940  4448  4465 I TrackingServiceClient: TrackingService client: last prediction time is 0.004198 seconds old
05-04 16:21:01.940  4448  4465 I TrackingServiceClient: TrackingService client: provided by pid=721
05-04 16:21:01.940   721   821 I TrackingService: TrackingService::registerClient
05-04 16:21:01.941   721   821 I TrackingService: Registering client with TrackingServiceHost
05-04 16:21:01.941   721   821 I TrackingService: Notifying client pid 4448 of new remote 6b7cbd986a24c226
05-04 16:21:01.941  4448  4465 D TrackingServiceClient: TrackingServiceClient onRemoteConnected 6b7cbd986a24c226
05-04 16:21:01.941   721   821 I TrackingService: TrackingServiceHost GetSharedMemoryFileDescriptor for client pid 4448
05-04 16:21:01.941   721   821 I TrackingService: TrackingServiceHost registered common client; there are 0 secure clients
05-04 16:21:01.942  4448  4465 I TrackingServiceClient: ClientConnectComplete
05-04 16:21:01.942  4448  4465 I VrApi   : ovrModeParms::VRAPI_MODE_FLAG_RESET_WINDOW_FULLSCREEN = 1
05-04 16:21:01.942  4448  4465 I VrApi   : ovrModeParms::VRAPI_MODE_FLAG_NATIVE_WINDOW = 1
05-04 16:21:01.942  4448  4465 I VrApi   : ovrModeParms::VRAPI_MODE_FLAG_FRONT_BUFFER_PROTECTED = 0
05-04 16:21:01.942  4448  4465 I VrApi   : ovrModeParms::VRAPI_MODE_FLAG_FRONT_BUFFER_565 = 0
05-04 16:21:01.942  4448  4465 I VrApi   : ovrModeParms::VRAPI_MODE_FLAG_FRONT_BUFFER_SRGB = 1
05-04 16:21:01.942  4448  4465 I VrApi   : ovrModeParms::VRAPI_MODE_FLAG_CREATE_CONTEXT_NO_ERROR = 0
05-04 16:21:01.942  4448  4465 I VrApi   : HMD sensor attached.
05-04 16:21:01.942  4448  4465 I VrApi   : Client side frame sync enabled
05-04 16:21:01.943  4448  4465 I DynamicClocks: cpu-freq(0): 979200Hz
05-04 16:21:01.943  4448  4465 I DynamicClocks: cpu-freq(1): 1344000Hz
05-04 16:21:01.943  4448  4465 I DynamicClocks: cpu-freq(2): 1651200Hz
05-04 16:21:01.943  4448  4465 I DynamicClocks: cpu-freq(3): 1958400Hz
05-04 16:21:01.943  4448  4465 I DynamicClocks: cpu-freq(4): 2304000Hz
05-04 16:21:01.943  4448  4465 I DynamicClocks: gpu-freq(0): 257000000Hz
05-04 16:21:01.943  4448  4465 I DynamicClocks: gpu-freq(1): 342000000Hz
05-04 16:21:01.943  4448  4465 I DynamicClocks: gpu-freq(2): 414000000Hz
05-04 16:21:01.943  4448  4465 I DynamicClocks: gpu-freq(3): 515000000Hz
05-04 16:21:01.943  4448  4465 I DynamicClocks: gpu-freq(4): 670000000Hz
05-04 16:21:01.943  4448  4465 I DynamicClocks: gpu-freq(5): 710000000Hz
05-04 16:21:01.943  4448  4465 D VrRuntimeClient: pokeGuardianUserServiceForThisClient: com.YourCompany.ToysGame:10076
05-04 16:21:01.944  4448  4465 D VrRuntimeClient: VrRuntimeClient: enableRendering: activity client
05-04 16:21:01.944  4448  4465 D VrRuntimeClient: VrRuntimeClient: enableRendering: Using clientWindow=android.os.BinderProxy@99caec4
05-04 16:21:01.944  2137  2137 D VrGuardianUserService: onStartCommandIntent { act=FOREGROUND_CLIENT cmp=com.oculus.systemdriver/com.oculus.vrguardianservice.VrGuardianUserService (has extras) }
05-04 16:21:01.944  2128  2298 I ClientMgr: ClientMgr::SetPrimaryCompositorClient: com.YourCompany.ToysGame
05-04 16:21:01.944  2128  2298 I VrRuntimeServer: SetCompositorClientEnabled client(0): enabled(1) 0x7f702a8010
05-04 16:21:01.944  2128  2298 I ClientMgr: ClientMgr::SetFocusedClient: com.YourCompany.ToysGame type 0
05-04 16:21:01.944  2128  2298 D VrRuntimeService: this client: 4448:com.YourCompany.ToysGame
05-04 16:21:01.945  2128  2298 D VrRuntimeService: enableRendering: clientWindow: android.os.BinderProxy@a355458 enable: true
05-04 16:21:01.945  2128  2298 I ClientMgr: ClientMgr::EnableRendering 4448:com.YourCompany.ToysGame : type 0 : enable
05-04 16:21:01.945  2128  2298 I VrRuntimeServer: SetCompositorClientEnabled client(0): enabled(1) 0x7f702a8010
05-04 16:21:01.945  2128  2298 I TimeWarp: CheckDebuggerConnected: debugger 0
05-04 16:21:01.945  4448  4465 I VrRuntimeClient: CreateWarp: ImportVulkan: Fd=82, BufferSize=4096
05-04 16:21:01.945  4448  4465 I VrRuntimeClient: CreateWarp: ImportVulkan: bo.Vk.Buffer=546643270528, bo.Vk.Memory=546529787968, bo.Vk.Mapping=547610296320
05-04 16:21:01.946  4448  4465 I ScreenCaptureHelper: Advertising com.YourCompany.ToysGame as streamable
05-04 16:21:01.947  1764  1764 I OVRMediaService: onStartCommand Received message type: set_package_name, caller package: no_app_identity
05-04 16:21:01.947  4448  4465 I VrApi   : OVR::Stats thread started
05-04 16:21:01.947  4448  4465 I VrApi   : ---------- vrapi_EnterVrMode [end] ----------
05-04 16:21:01.947  4448  4465 I ClientInputSettings: LatchBackButtonEntireFrame = false
05-04 16:21:01.947  4448  4465 I ClientInputSettings: BlockRemoteButtonsWhenNotEmulatingHMT = true
05-04 16:21:01.947  4448  4465 I ClientInputSettings: EatNativeGamepadEvents = false
05-04 16:21:01.947  4448  4465 D OVRPlugin: Registering utility receivers.
05-04 16:21:01.947  4448  4465 I ClientInputSettings: ReorientHMDOnControllerRecenter = true
05-04 16:21:01.947  4448  4465 D UE4     : [GameActivity] Registering volume receiver
05-04 16:21:01.947  1764  1764 I OVRMediaService: Got package name intent (com.YourCompany.ToysGame)
05-04 16:21:01.949  2128  2296 I ClientMgr: Non-overlay clients rendering status has changed: prev=13, curr=14, enabled=2
05-04 16:21:01.950  4448  4465 D UE4     : [GameActivity] startVolumeReceiver: 6
05-04 16:21:01.950  4448  4465 D UE4     : nativeVolumeEvent(6)
05-04 16:21:01.950  4448  4465 D UE4     : [GameActivity] Registering battery receiver
05-04 16:21:01.951  2128  4607 W TimeWarp: WarpToScreen: No completed frames to display for client 0. submittedFrameIndex = 1384
05-04 16:21:01.952  4448  4706 D UE4     : [2020.05.04-14.21.01:952][  0]LogHMD: Error: Splash ovrp_BeginFrame4 0 failed (-1003)
05-04 16:21:01.952  4448  4465 D UE4     : [GameActivity] Registering headset receiver
05-04 16:21:01.954  4448  4759 D VrApi   : targetSDKVersion 25
05-04 16:21:01.955  4448  4465 D UE4     : [GameActivity] startHeadsetReceiver: 0
05-04 16:21:01.955  4448  4465 D UE4     : nativeHeadsetEvent(0)
05-04 16:21:01.955  4448  4465 D UE4     : [2020.05.04-14.21.01:955][  0]LogCore: Display: AppLifetime: Application has entered foreground
05-04 16:21:01.955  4448  4465 D UE4     : [2020.05.04-14.21.01:955][  0]LogUdpMessaging: Initializing bridge on interface 0.0.0.0:0 to multicast group 230.0.0.1:6666.
05-04 16:21:01.956  4448  4759 I JniUtils: ovr_GetCurrentPackageSignature 
05-04 16:21:01.957  4448  4759 I Metrics : device name = Oculus Quest
05-04 16:21:01.958  4448  4465 D UE4     : [2020.05.04-14.21.01:958][  0]LogTcpMessaging: Initializing TcpMessaging bridge, listening on 127.0.0.1:6666
05-04 16:21:01.958  4448  4465 D UE4     : [2020.05.04-14.21.01:958][  0]LogCore: Display: AppLifetime: Application has reactivated
05-04 16:21:01.959  4448  4465 D UE4     : [2020.05.04-14.21.01:959][  0]LogTemp: Android resume audio
05-04 16:21:01.959  4448  4465 D UE4     : [2020.05.04-14.21.01:959][  0]LogAudioMixerAndroid: Display: Resuming android audio renderer
05-04 16:21:01.961  4448  4465 D UE4     : [2020.05.04-14.21.01:961][  0]LogOcInput: OculusInput is initialized
05-04 16:21:01.961  4448  4465 D UE4     : [2020.05.04-14.21.01:961][  0]LogHMD: FSplash::OnHide
05-04 16:21:01.962  2137  2184 I GuardianSystem: rsapi_PollEvent: rsEventPackageNameChange: com.YourCompany.ToysGame
05-04 16:21:01.963  2128  2296 I ClientMgr: DEADRECKONING deadReckoning mode on ClientMgr from server is 0
05-04 16:21:01.964  4448  4707 D UE4     : *** JavaEnvDestructor: 4707
05-04 16:21:01.965  2128  4607 W TimeWarp: WarpToScreen: No completed frames to display for client 0. submittedFrameIndex = 1384
05-04 16:21:01.965  4448  4706 D UE4     : *** JavaEnvDestructor: 4706
05-04 16:21:01.966  4448  4465 D UE4     : [2020.05.04-14.21.01:966][  0]LogAndroid: Display: Low Power Mode Changed: 0
05-04 16:21:01.970  2108  2171 E Security-LocalReporter: UID '10043' is shared by multiple packages: [com.oculus.horizon, com.oculus.home]
05-04 16:21:01.974  4448  4767 D UE4     : *** JavaEnvDestructor: 4767
05-04 16:21:01.974  4448  4766 D UE4     : *** JavaEnvDestructor: 4766
05-04 16:21:01.977  4448  4465 D UE4     : [2020.05.04-14.21.01:977][  0]LogHMD: Setting user focus to game viewport since session status is visible...
05-04 16:21:01.977  4448  4465 D OVRPlugin: User present: 1
05-04 16:21:01.977  4448  4768 D UE4     : [2020.05.04-14.21.01:977][  0]LogRenderer: Reallocating scene render targets to support 1216x1344 Format 2 NumSamples 2 (Frame:2).
05-04 16:21:01.977  4448  4768 D UE4     : [2020.05.04-14.21.01:977][  0]LogHMD: Allocating Oculus 38 x 42 variable resolution swapchain
05-04 16:21:01.979  2128  4607 W TimeWarp: WarpToScreen: No completed frames to display for client 0. submittedFrameIndex = 1384
05-04 16:21:01.979  2108  2171 I LibraryProvider: running queryApp(com.YourCompany.ToysGame) for com.oculus.uid:10043
05-04 16:21:01.979  2108  2171 W LibraryProvider: Cannot find entitlement for com.YourCompany.ToysGame
05-04 16:21:01.980  1764  1764 W OVRLibrary: null cursor received for query content://com.oculus.ocms.library/apps/com.YourCompany.ToysGame
05-04 16:21:01.982  4448  4465 D UE4     : [2020.05.04-14.21.01:981][  0]LogSlate: InvalidateAllWidgets triggered.  All widgets were invalidated
05-04 16:21:01.993  2128  4607 W TimeWarp: WarpToScreen: No completed frames to display for client 0. submittedFrameIndex = 1384
05-04 16:21:01.995  1814  1886 I [OAR] AudioMixer: Waiting for sound effect to complete
05-04 16:21:01.997  2108  2315 E Security-LocalReporter: UID '10043' is shared by multiple packages: [com.oculus.horizon, com.oculus.home]
05-04 16:21:02.006  2128  4607 W TimeWarp: WarpToScreen: No completed frames to display for client 0. submittedFrameIndex = 1384
05-04 16:21:02.014  2108  2315 I LibraryProvider: running queryApp(com.YourCompany.ToysGame) for com.oculus.uid:10043
05-04 16:21:02.014  2108  2315 W LibraryProvider: Cannot find entitlement for com.YourCompany.ToysGame
05-04 16:21:02.014  1764  1764 W OVRLibrary: null cursor received for query content://com.oculus.ocms.library/apps/com.YourCompany.ToysGame
05-04 16:21:02.014  1764  1764 I PlatformPluginManager: onAppStart com.YourCompany.ToysGame false
05-04 16:21:02.015  1764  1764 I PlatformPluginManager: onAppStart - Stopping party chat passthrough
05-04 16:21:02.015  1764  1764 I PlatformPlugin: [PlatformPluginManager] SetSystemVoipPassthrough 0
05-04 16:21:02.015  1764  1764 I OVRPlatform: [PartyChatWebRTC] PartyChatSetPassthrough 0
05-04 16:21:02.015  1764  4554 I OVRPlatform: [PartyChatWebRTC] Updating playback mode to 1
05-04 16:21:02.015  1764  1764 I OVRPlatform: [PartiesAPI] ovr_Party_PluginGetSharedMemHandle: This function is deprecated, do not use
05-04 16:21:02.016  1764  1764 E OVRMediaServiceManager: LivestreamingManager Not initialized
05-04 16:21:02.020  2128  4607 W TimeWarp: WarpToScreen: No completed frames to display for client 0. submittedFrameIndex = 1384
05-04 16:21:02.034  2128  4607 W TimeWarp: WarpToScreen: No completed frames to display for client 0. submittedFrameIndex = 1384
05-04 16:21:02.048  2128  4607 W TimeWarp: WarpToScreen: No completed frames to display for client 0. submittedFrameIndex = 1384
05-04 16:21:02.062  2128  4607 W TimeWarp: WarpToScreen: No completed frames to display for client 0. submittedFrameIndex = 1384
05-04 16:21:02.076  2128  4607 W TimeWarp: WarpToScreen: No completed frames to display for client 0. submittedFrameIndex = 1384
05-04 16:21:02.090  2128  4607 W TimeWarp: WarpToScreen: No completed frames to display for client 0. submittedFrameIndex = 1384
05-04 16:21:02.095  1814  1886 I [OAR] AudioMixer: Waiting for sound effect to complete
05-04 16:21:02.100  1079  1453 I WifiHAL : event received NL80211_CMD_VENDOR, vendor_id = 0x1374, subcmd = 0x6b
05-04 16:21:02.104  2128  4607 W TimeWarp: WarpToScreen: No completed frames to display for client 0. submittedFrameIndex = 1384
05-04 16:21:02.114  1764  1764 I PlatformPluginManager: enforcePartyChatStateConsistency - got current party response: Party is null
05-04 16:21:02.114  1764  1764 I PlatformPluginManager: enforcePartyChatStateConsistency - User not in a party.
05-04 16:21:02.114  1764  1764 I PlatformPluginManager: stopPartyChat
05-04 16:21:02.114  1764  1764 I PlatformPlugin: [PlatformPluginManager] Stopping party chat
05-04 16:21:02.114  1764  1764 I OVRPlatform: [PartyChatInterchangeable] StopPartyChat
05-04 16:21:02.118  2128  4607 W TimeWarp: WarpToScreen: No completed frames to display for client 0. submittedFrameIndex = 1384
05-04 16:21:02.132  2128  4607 W TimeWarp: WarpToScreen: No completed frames to display for client 0. submittedFrameIndex = 1384
05-04 16:21:02.133  1079  1162 D WifiQualifiedNetworkSelector:: ==========start qualified Network Selection==========
05-04 16:21:02.133  1079  1162 D WifiQualifiedNetworkSelector:: Current network is: "BOEY" ,ID is: 0
05-04 16:21:02.133  1079  1162 D WifiQualifiedNetworkSelector:: Current band dose not match user preference. Start Qualified Network Selection Current band = 2.4GHz bandUserPreference band = 0
05-04 16:21:02.133  1079  1162 D WifiQualifiedNetworkSelector:: Current network is not qualified
05-04 16:21:02.133  1079  1162 D WifiQualifiedNetworkSelector:: Saved Network List
05-04 16:21:02.133  1079  1162 D WifiQualifiedNetworkSelector::     "BOEY":0  User Preferred BSSID:null FQDN:null NETWORK_SELECTION_ENABLED Disable account: 0 0 0 0 0 0 0 0 0 0 Connect Choice:null set time:-1
05-04 16:21:02.136  1079  1162 D WifiQualifiedNetworkSelector:: bodega vino y jamon:46:fe:3b:3b:0a:af(5GHz)-83 / vodafone5C18-5G:58:90:43:52:5c:1f(5GHz)-85 / CasaPaco:d4:b9:2f:33:86:a8(5GHz)-85 / MOVISTAR_PLUS_7AAD:e4:ab:89:79:7a:b6(5GHz)-87 / MOVISTAR_7AAD:e6:ab:89:79:7a:b6(5GHz)-87 /  skipped due to low signal
05-04 16:21:02.136  1079  1162 D WifiQualifiedNetworkSelector:: Lowi90B8-5G:b4:2a:0e:fa:90:bf / vodafone17C0-5G:d0:57:94:71:17:c7 / Carmen-Habitacion:98:da:c4:21:ff:12 / vodafone5C18:58:90:43:52:5c:1e / PTVTELECOM_QEje:8c:68:c8:aa:ea:dc / vodafoneAAMET6:d4:b9:2f:33:86:a0 / MiFibra-0294:4c:1b:86:3a:02:96 / FFFFFF:68:47:49:34:13:79 /  skipped due to not saved
05-04 16:21:02.136  1079  1162 D WifiQualifiedNetworkSelector::  
05-04 16:21:02.137  1079  1162 D WifiQualifiedNetworkSelector:: 44:fe:3b:3b:0a:af /  skipped due to not valid SSID
05-04 16:21:02.137  1079  1162 D WifiQualifiedNetworkSelector::  RSSI score: 100 Same network with current associated. Bonus: 16 Same BSSID with current association. Bonus: 24 Secure network Bonus:80 Score for scanResult: SSID: BOEY, BSSID: 84:16:f9:9b:3c:d6, capabilities: [WPA-PSK-CCMP+TKIP][WPA2-PSK-CCMP+TKIP][WPS][ESS], level: -47, frequency: 2462, timestamp: 4722392480, distance: ?(cm), distanceSd: ?(cm), passpoint: no, ChannelBandwidth: 0, centerFreq0: 0, centerFreq1: 0, 80211mcResponder: is not supported and Network ID: 0 final score:220
05-04 16:21:02.137  1079  1162 D WifiQualifiedNetworkSelector:: 
05-04 16:21:02.137  1079  1162 D WifiQualifiedNetworkSelector::  RSSI score: 68 Same network with current associated. Bonus: 16 Secure network Bonus:80 Score for scanResult: SSID: BOEY, BSSID: b4:2a:0e:fa:90:bd, capabilities: [WPA-PSK-CCMP+TKIP][WPA2-PSK-CCMP+TKIP][WPS][ESS], level: -68, frequency: 2462, timestamp: 4721042144, distance: ?(cm), distanceSd: ?(cm), passpoint: no, ChannelBandwidth: 0, centerFreq0: 0, centerFreq1: 0, 80211mcResponder: is not supported and Network ID: 0 final score:164
05-04 16:21:02.137  1079  1162 D WifiQualifiedNetworkSelector:: 
05-04 16:21:02.137  1079  1162 D WifiQualifiedNetworkSelector:: After user choice adjust, the final candidate is:"BOEY":0 : 84:16:f9:9b:3c:d6
05-04 16:21:02.137  1079  1162 D WifiQualifiedNetworkSelector:: "BOEY":0 is already the best choice!
05-04 16:21:02.146  2128  4607 W TimeWarp: WarpToScreen: No completed frames to display for client 0. submittedFrameIndex = 1384
05-04 16:21:02.160  2128  4607 W TimeWarp: WarpToScreen: No completed frames to display for client 0. submittedFrameIndex = 1384
05-04 16:21:02.174  2128  4607 W TimeWarp: WarpToScreen: No completed frames to display for client 0. submittedFrameIndex = 1384
05-04 16:21:02.188  2128  4607 W TimeWarp: WarpToScreen: No completed frames to display for client 0. submittedFrameIndex = 1384
05-04 16:21:02.194  1814  4675 I VrApi   : FPS=71,Prd=45ms,Tear=0,Early=69,Stale=2,VSnc=1,Lat=1,Fov=0,CPU4/GPU=2/4,1651/670MHz,OC=FF,TA=0/3/0,SP=N/N/N,Mem=1804MHz,Free=1521MB,PSM=0,PLS=0,Temp=31.0C/0.0C,TW=2.30ms,App=7.10ms,GD=0.00ms,CPU&GPU=11.69ms,LCnt=4,GPU%=0.55,CPU%=0.25(W0.36),DSF=1.00
05-04 16:21:02.195  1814  1886 I [OAR] AudioMixer: Waiting for sound effect to complete
05-04 16:21:02.201  2128  4607 W TimeWarp: WarpToScreen: No completed frames to display for client 0. submittedFrameIndex = 1384
05-04 16:21:02.215  2128  4607 W TimeWarp: WarpToScreen: No completed frames to display for client 0. submittedFrameIndex = 1384
05-04 16:21:02.229  2128  4607 W TimeWarp: WarpToScreen: No completed frames to display for client 0. submittedFrameIndex = 1384
05-04 16:21:02.243  2128  4607 W TimeWarp: WarpToScreen: No completed frames to display for client 0. submittedFrameIndex = 1384
05-04 16:21:02.248  4448  4768 D UE4     : [2020.05.04-14.21.02:248][  0]LogRenderer: Reallocating scene render targets to support 128x128 Format 2 NumSamples 4 (Frame:2).
05-04 16:21:02.257  2128  4607 W TimeWarp: WarpToScreen: No completed frames to display for client 0. submittedFrameIndex = 1384
05-04 16:21:02.260  1764  1764 I PlatformPluginManager: enforcePartyChatStateConsistency - got current party response: Party is null
05-04 16:21:02.260  1764  1764 I PlatformPluginManager: enforcePartyChatStateConsistency - User not in a party.
05-04 16:21:02.260  1764  1764 I PlatformPluginManager: stopPartyChat
05-04 16:21:02.260  1764  1764 I PlatformPlugin: [PlatformPluginManager] Stopping party chat
05-04 16:21:02.260  1764  1764 I OVRPlatform: [PartyChatInterchangeable] StopPartyChat
05-04 16:21:02.271  2128  4607 W TimeWarp: WarpToScreen: No completed frames to display for client 0. submittedFrameIndex = 1384
05-04 16:21:02.285  2128  4607 W TimeWarp: WarpToScreen: No completed frames to display for client 0. submittedFrameIndex = 1384
05-04 16:21:02.285  4448  4768 D UE4     : Ensure condition failed: Layout == VK_IMAGE_LAYOUT_SHARED_PRESENT_KHR || Layout == VK_IMAGE_LAYOUT_DEPTH_READ_ONLY_STENCIL_ATTACHMENT_OPTIMAL || Layout == VK_IMAGE_LAYOUT_DEPTH_ATTACHMENT_STENCIL_READ_ONLY_OPTIMAL || Layout == VK_IMAGE_LAYOUT_DEPTH_STENCIL_READ_ONLY_OPTIMAL || Layout == VK_IMAGE_LAYOUT_SHADER_READ_ONLY_OPTIMAL || Layout == VK_IMAGE_LAYOUT_GENERAL [File:D:/Build/++UE4/Sync/Engine/Source/Runtime/VulkanRHI/Private/VulkanDescriptorSets.h] [Line: 1103] 
05-04 16:21:02.286  4448  4768 D UE4     : Invalid Layout 0, Index 2, Type 1
05-04 16:21:02.286  4448  4768 D UE4     : 
05-04 16:21:02.295  1814  1886 I [OAR] AudioEngine: Setting FadeNextBuffer
05-04 16:21:02.297  4448  4768 D UE4     : [2020.05.04-14.21.02:297][  0]LogStats: FPlatformStackWalk::StackWalkAndDump -  0.011 s
05-04 16:21:02.297  4448  4768 D UE4     : [2020.05.04-14.21.02:297][  0]LogOutputDevice: Error: === Handled ensure: ===
05-04 16:21:02.297  4448  4768 D UE4     : [2020.05.04-14.21.02:297][  0]LogOutputDevice: Error: 
05-04 16:21:02.297  4448  4768 D UE4     : [2020.05.04-14.21.02:297][  0]LogOutputDevice: Error: Ensure condition failed: Layout == VK_IMAGE_LAYOUT_SHARED_PRESENT_KHR || Layout == VK_IMAGE_LAYOUT_DEPTH_READ_ONLY_STENCIL_ATTACHMENT_OPTIMAL || Layout == VK_IMAGE_LAYOUT_DEPTH_ATTACHMENT_STENCIL_READ_ONLY_OPTIMAL || Layout == VK_IMAGE_LAYOUT_DEPTH_STENCIL_READ_ONLY_OPTIMAL || Layout == VK_IMAGE_LAYOUT_SHADER_READ_ONLY_OPTIMAL || Layout == VK_IMAGE_LAYOUT_GENERAL [File:D:/Build/++UE4/Sync/Engine/Source/Runtime/VulkanRHI/Private/VulkanDescriptorSets.h] [Line: 1103]
05-04 16:21:02.297  4448  4768 D UE4     : [2020.05.04-14.21.02:297][  0]LogOutputDevice: Error: Invalid Layout 0, Index 2, Type 1
05-04 16:21:02.297  4448  4768 D UE4     : [2020.05.04-14.21.02:297][  0]LogOutputDevice: Error: 
05-04 16:21:02.297  4448  4768 D UE4     : [2020.05.04-14.21.02:297][  0]LogOutputDevice: Error: Stack: 
05-04 16:21:02.297  4448  4768 D UE4     : [2020.05.04-14.21.02:297][  0]LogOutputDevice: Error: [Callstack] 0x0000007F6E580460 libUE4.so(0x0000000008C03460)!bool FVulkanDescriptorSetWriter::WriteTextureView<(VkDescriptorType)2>(unsigned int, FVulkanTextureView const&, VkImageLayout)::{lambda()#1}::operator()() const  []
05-04 16:21:02.297  4448  4768 D UE4     : [2020.05.04-14.21.02:297][  0]LogOutputDevice: Error: [Callstack] 0x0000007F6A2840B4 libUE4.so(0x00000000049070B4)!bool FVulkanDescriptorSetWriter::WriteTextureView<(VkDescriptorType)2>(unsigned int, FVulkanTextureView const&, VkImageLayout)  []
05-04 16:21:02.297  4448  4768 D UE4     : [2020.05.04-14.21.02:297][  0]LogOutputDevice: Error: [Callstack] 0x0000007F6A267784 libUE4.so(0x00000000048EA784)!FVulkanCommandListContext::RHISetShaderTexture(FRHIPixelShader*, unsigned int, FRHITexture*)  []
05-04 16:21:02.297  4448  4768 D UE4     : [2020.05.04-14.21.02:297][  0]LogOutputDevice: Error: [Callstack] 0x0000007F6BA5300C libUE4.so(0x00000000060D600C)!FCopySceneColorToCubeFacePS::SetParameters(FRHICommandList&, FViewInfo const&, bool, bool, FLinearColor const&)  []
05-04 16:21:02.297  4448  4768 D UE4     : [2020.05.04-14.21.02:297][  0]LogOutputDevice: Error: [Callstack] 0x0000007F6BA52D40 libUE4.so(0x00000000060D5D40)!CaptureSceneToScratchCubemap(FRHICommandListImmediate&, FSceneRenderer*, ECubeFace, int, bool, bool, FLinearColor const&)  []
05-04 16:21:02.297  4448  4768 D UE4     : [2020.05.04-14.21.02:297][  0]LogOutputDevice: Error: [Callstack] 0x0000007F6BAA84C8 libUE4.so(0x000000000612B4C8)![Unknown]()  []
05-04 16:21:02.297  4448  4768 D UE4     : [2020.05.04-14.21.02:297][  0]LogOutputDevice: Error: [Callstack] 0x0000007F6A33EE0C libUE4.so(0x00000000049C1E0C)!FNamedTaskThread::ProcessTasksNamedThread(int, bool)  []
05-04 16:21:02.297  4448  4768 D UE4     : [2020.05.04-14.21.02:297][  0]LogOutputDevice: Error: [Callstack] 0x0000007F6A33DD60 libUE4.so(0x00000000049C0D60)!FNamedTaskThread::ProcessTasksUntilQuit(int)  []
05-04 16:21:02.297  4448  4768 D UE4     : [2020.05.04-14.21.02:297][  0]LogOutputDevice: Error: [Callstack] 0x0000007F6B366B34 libUE4.so(0x00000000059E9B34)!RenderingThreadMain(FEvent*)  []
05-04 16:21:02.297  4448  4768 D UE4     : [2020.05.04-14.21.02:297][  0]LogOutputDevice: Error: [Callstack] 0x0000007F6B3B5BB4 libUE4.so(0x0000000005A38BB4)!FRenderingThread::Run()  []
05-04 16:21:02.298  4448  4768 D UE4     : [2020.05.04-14.21.02:298][  0]LogOutputDevice: Error: [Callstack] 0x0000007F6A3D6BD4 libUE4.so(0x0000000004A59BD4)!FRunnableThreadPThread::Run()  []
05-04 16:21:02.298  4448  4768 D UE4     : [2020.05.04-14.21.02:298][  0]LogOutputDevice: Error: [Callstack] 0x0000007F6A339FF4 libUE4.so(0x00000000049BCFF4)!FRunnableThreadPThread::_ThreadProc(void*)  []
05-04 16:21:02.298  4448  4768 D UE4     : [2020.05.04-14.21.02:298][  0]LogOutputDevice: Error: [Callstack] 0x0000007F8F891458 libc.so(0x0000000000076458)![Unknown]()  []
05-04 16:21:02.298  4448  4768 D UE4     : [2020.05.04-14.21.02:298][  0]LogOutputDevice: Error: [Callstack] 0x0000007F8F839208 libc.so(0x000000000001E208)![Unknown]()  []
05-04 16:21:02.298  4448  4768 D UE4     : [2020.05.04-14.21.02:298][  0]LogOutputDevice: Error: 
05-04 16:21:02.298  4448  4768 D UE4     : [2020.05.04-14.21.02:298][  0]LogStats:                SubmitErrorReport -  0.000 s
05-04 16:21:02.298  4448  4768 D UE4     : [2020.05.04-14.21.02:298][  0]LogStats:                    SendNewReport -  0.000 s
05-04 16:21:02.298  4448  4768 D UE4     : [2020.05.04-14.21.02:298][  0]LogStats:             FDebug::EnsureFailed -  0.012 s
05-04 16:21:02.299  2128  4607 W TimeWarp: WarpToScreen: No completed frames to display for client 0. submittedFrameIndex = 1384
05-04 16:21:02.306  1814  4676 I [OAR] AudioEngine: Fading final buffer
05-04 16:21:02.313  2128  4607 W TimeWarp: WarpToScreen: No completed frames to display for client 0. submittedFrameIndex = 1384
05-04 16:21:02.327  2128  4607 W TimeWarp: WarpToScreen: No completed frames to display for client 0. submittedFrameIndex = 1384
05-04 16:21:02.341  2128  4607 W TimeWarp: WarpToScreen: No completed frames to display for client 0. submittedFrameIndex = 1384
05-04 16:21:02.355  2128  4607 W TimeWarp: WarpToScreen: No completed frames to display for client 0. submittedFrameIndex = 1384
05-04 16:21:02.369  2128  4607 W TimeWarp: WarpToScreen: No completed frames to display for client 0. submittedFrameIndex = 1384
05-04 16:21:02.383  2128  4607 W TimeWarp: WarpToScreen: No completed frames to display for client 0. submittedFrameIndex = 1384
05-04 16:21:02.396  1814  1886 I [OAR] AudioEngine: Stopping player
05-04 16:21:02.397  2128  4607 W TimeWarp: WarpToScreen: No completed frames to display for client 0. submittedFrameIndex = 1384
05-04 16:21:02.398  1814  1886 W VrApi   : ovr_SubmitFrameInternal: FrameIndex discontinuity: Expected 14010, Received 14009
05-04 16:21:02.399  1814  1886 I [OAR] ModelDef: Destroying ModelFileModel .gltf.ovrscene
05-04 16:21:02.400  1814  1886 W [OAR] AudioMixer: StopWavFile: Couldn't find attached sound for clientId controllerp0xb55ff000
05-04 16:21:02.402  2128  2148 I VrRuntimeService: nativeDestroyTextureSwapChain 133
05-04 16:21:02.403  2128  2298 I VrRuntimeService: nativeDestroyTextureSwapChain 132
05-04 16:21:02.403  1814  1886 I GoCompatibility: GoCompatibility: vrapi_LeaveVrMode_Hooked()
05-04 16:21:02.404  1814  1886 I VrApi   : ---------- vrapi_LeaveVrMode [start] ----------
05-04 16:21:02.407  1814  1886 D VrApi   : targetSDKVersion 27
05-04 16:21:02.410  2128  4607 W TimeWarp: WarpToScreen: No completed frames to display for client 0. submittedFrameIndex = 1384
05-04 16:21:02.412  1814  1886 I VrRuntimeClient: DEVICE MODEL NUMBER = Quest
05-04 16:21:02.412  1814  1886 I VrRuntimeClient: DEVICE HARDWARE = monterey
05-04 16:21:02.412  1814  1886 I VrRuntimeClient: DEVICE BUILD NAME = user-602380.24900.0
05-04 16:21:02.412  1814  1886 I VrRuntimeClient: DEVICE BUILD TYPE = user
05-04 16:21:02.412  1814  1886 I VrRuntimeClient: DEVICE OS VERSION = 7.1.1
05-04 16:21:02.412  1814  1886 I VrRuntimeClient: VRRUNTIME VERSION = VRAPI_VERSION_BEGIN { 1.1.33.0-210938873-210938873 Apr 24 2020 16:11:35 Development } RELEASE
05-04 16:21:02.412  1814  1886 I VrRuntimeClient: API LOADER VERSION = 1.1.30.0
05-04 16:21:02.412  1814  1886 I VrRuntimeClient: VRDRIVER VERSION = 16.0.0.141.450
05-04 16:21:02.412  1814  1886 I VrRuntimeClient: APP NAME = Oculus App Runtime
05-04 16:21:02.412  1814  1886 I VrRuntimeClient: APP VERSION = 16.0.0.139.450 versionCode 210946745 internalVersionName 16.0.0.139.450.670c400f6e52 2020_04_24_17_36
05-04 16:21:02.412  1814  1886 I VrRuntimeClient: APP VR TYPE = vr_only
05-04 16:21:02.412  1814  1886 I VrRuntimeClient: APP PACKAGE NAME = com.oculus.vrshell
05-04 16:21:02.412  1814  1886 I VrRuntimeClient: APP ACTIVITY CLASS = com.oculus.vrshell.MainActivity
05-04 16:21:02.413  1814  1886 D BatteryReceiver: Unregistering battery receiver
05-04 16:21:02.419  1814  4675 I VrApi   : FPS=71,Prd=45ms,Tear=0,Early=69,Stale=2,VSnc=1,Lat=1,Fov=0,CPU4/GPU=2/4,1651/670MHz,OC=FF,TA=0/3/0,SP=N/N/N,Mem=1804MHz,Free=1505MB,PSM=0,PLS=0,Temp=31.0C/0.0C,TW=2.30ms,App=7.10ms,GD=0.00ms,CPU&GPU=11.69ms,LCnt=4,GPU%=0.55,CPU%=0.25(W0.36),DSF=1.00
05-04 16:21:02.420  1814  1886 I VrApi   : OVR::Stats thread stopped
05-04 16:21:02.420  1814  1886 I InputDeviceManager: ovrInputDeviceManager::Shutdown
05-04 16:21:02.424  2128  4607 W TimeWarp: WarpToScreen: No completed frames to display for client 0. submittedFrameIndex = 1384
05-04 16:21:02.428  1814  4674 I InputHooks_Internal: InputHooksThreadRun ShutdownRequest received
05-04 16:21:02.429  1814  1886 D InputHooksJava: Disabling Java Input Hooks
05-04 16:21:02.431  2128  2148 D VrRuntimeService: this client: 1814:com.oculus.vrshell
05-04 16:21:02.431  2128  2148 D VrRuntimeService: enableRendering: clientWindow: null enable: false
05-04 16:21:02.431  2128  2148 I ClientMgr: ClientMgr::EnableRendering 1814:com.oculus.vrshell : type 0 : disable
05-04 16:21:02.432  1814  4689 I VrRuntimeClient: FenceChecker::MainLoop - ended
05-04 16:21:02.432  1814  1886 I BufferObject: ovrBufferObjectFactory::Unimport deleting GL buffer=232
05-04 16:21:02.432  1814  1886 I BufferObject: ovrBufferObjectFactory::Unimport deleting GL memory object=20
05-04 16:21:02.432  1814  1886 I TrackingServiceClient: OVR::TrackingService::ClientSetInterface
05-04 16:21:02.432  1814  1886 D TrackingServiceClient: onClientDisconnect
05-04 16:21:02.433  1814  1886 D TrackingServiceConnectionNative: onClientDisconnect
05-04 16:21:02.433   721   721 I TrackingService: Unregistering client by ITrackingService.unregisterClient
05-04 16:21:02.433   721   721 I TrackingService: TrackingServiceHost Unregistering client: pid 1814
05-04 16:21:02.433  1814  1886 D BinderConnection: Disconnecting from TrackingService service
05-04 16:21:02.433  1814  1886 D TrackingServiceConnectionNative: onDisconnected
05-04 16:21:02.433  1814  1886 D TrackingServiceClient: TrackingServiceConnection mConnectedRemotes.clear()
05-04 16:21:02.433  1814  1886 I TrackingServiceClient: OVR::TrackingService::ClientSetInterface
05-04 16:21:02.433  1814  1886 I VrApi   : ---------- vrapi_LeaveVrMode [end] ----------
05-04 16:21:02.433  1814  1886 I [OAR] ShellFrameAnalytics: ShellFrame frameFunction: 14026us/25043886us, trace: 0us/4us, process commands: 123us/415us, system update: 1841us/33933us, render 294us/14775us, post render 0us/3us
05-04 16:21:02.435  1814  1886 I [OAR] ShellApp: 0xcf297358 msg: surfaceDestroyed 0xddec0008
05-04 16:21:02.436  2128  2296 I ClientMgr: Non-overlay clients rendering status has changed: prev=14, curr=15, enabled=1
05-04 16:21:02.438  2128  4607 W TimeWarp: WarpToScreen: No completed frames to display for client 0. submittedFrameIndex = 1384
05-04 16:21:02.452  2128  4607 W TimeWarp: WarpToScreen: No completed frames to display for client 0. submittedFrameIndex = 1384
05-04 16:21:02.466  2128  4607 W TimeWarp: WarpToScreen: No completed frames to display for client 0. submittedFrameIndex = 1384
05-04 16:21:02.471  4448  4768 D UE4     : [2020.05.04-14.21.02:471][  0]LogRenderer: Reallocating scene render targets to support 1216x1344 Format 2 NumSamples 4 (Frame:3).
05-04 16:21:02.480  2128  4607 W TimeWarp: WarpToScreen: No completed frames to display for client 0. submittedFrameIndex = 1384
05-04 16:21:02.494  2128  4607 W TimeWarp: WarpToScreen: No completed frames to display for client 0. submittedFrameIndex = 1384
05-04 16:21:02.508  2128  4607 W TimeWarp: WarpToScreen: No completed frames to display for client 0. submittedFrameIndex = 1384
05-04 16:21:02.522  2128  4607 W TimeWarp: WarpToScreen: No completed frames to display for client 0. submittedFrameIndex = 1384
05-04 16:21:02.536  2128  4607 W TimeWarp: WarpToScreen: No completed frames to display for client 0. submittedFrameIndex = 1384
05-04 16:21:02.550  2128  4607 W TimeWarp: WarpToScreen: No completed frames to display for client 0. submittedFrameIndex = 1384
05-04 16:21:02.564  2128  4607 W TimeWarp: WarpToScreen: No completed frames to display for client 0. submittedFrameIndex = 1384
05-04 16:21:02.577  2128  4607 W TimeWarp: WarpToScreen: No completed frames to display for client 0. submittedFrameIndex = 1384
05-04 16:21:02.591  2128  4607 W TimeWarp: WarpToScreen: No completed frames to display for client 0. submittedFrameIndex = 1384
05-04 16:21:02.605  2128  4607 W TimeWarp: WarpToScreen: No completed frames to display for client 0. submittedFrameIndex = 1384
05-04 16:21:02.619  2128  4607 W TimeWarp: WarpToScreen: No completed frames to display for client 0. submittedFrameIndex = 1384
05-04 16:21:02.633  2128  4607 W TimeWarp: WarpToScreen: No completed frames to display for client 0. submittedFrameIndex = 1384
05-04 16:21:02.647  2128  4607 W TimeWarp: WarpToScreen: No completed frames to display for client 0. submittedFrameIndex = 1384
05-04 16:21:02.661  2128  4607 W TimeWarp: WarpToScreen: No completed frames to display for client 0. submittedFrameIndex = 1384
05-04 16:21:02.675  2128  4607 W TimeWarp: WarpToScreen: No completed frames to display for client 0. submittedFrameIndex = 1384
05-04 16:21:02.689  2128  4607 W TimeWarp: WarpToScreen: No completed frames to display for client 0. submittedFrameIndex = 1384
05-04 16:21:02.703  2128  4607 W TimeWarp: WarpToScreen: No completed frames to display for client 0. submittedFrameIndex = 1384
05-04 16:21:02.703  4448  4465 D UE4     : [2020.05.04-14.21.02:703][  0]LogSlate: Slate font cache was flushed
05-04 16:21:02.706  2128  2298 I VrRuntimeService: nativeCreateTextureSwapChain api:vk 2 0x2b 1216 1344 1 3 2 0 15
05-04 16:21:02.717  2128  4607 W TimeWarp: WarpToScreen: No completed frames to display for client 0. submittedFrameIndex = 1384
05-04 16:21:02.729  2128  2298 I VrRuntimeServer: CreateTextureSwapChain: result importswapchaingles 1
05-04 16:21:02.731  2128  4607 W TimeWarp: WarpToScreen: No completed frames to display for client 0. submittedFrameIndex = 1384
05-04 16:21:02.733  4448  4768 D UE4     : [2020.05.04-14.21.02:733][  1]LogHMD: Allocating Oculus 1216 x 1344 rendertarget swapchain
05-04 16:21:02.741  4448  4769 D UE4     : *** JavaEnvDestructor: 4769
05-04 16:21:02.742  4448  4768 D UE4     : *** JavaEnvDestructor: 4768
05-04 16:21:02.744  2128  4607 W TimeWarp: WarpToScreen: No completed frames to display for client 0. submittedFrameIndex = 1384
05-04 16:21:02.745  2128  2913 I VrRuntimeService: nativeDestroyTextureSwapChain 130
05-04 16:21:02.746  4448  4772 D UE4     : [2020.05.04-14.21.02:745][  2]LogHMD: Allocating Oculus 38 x 42 variable resolution swapchain
05-04 16:21:02.758  2128  4607 W TimeWarp: WarpToScreen: No completed frames to display for client 0. submittedFrameIndex = 1384
05-04 16:21:02.772  2128  4607 W TimeWarp: WarpToScreen: No completed frames to display for client 0. submittedFrameIndex = 1384
05-04 16:21:02.786  2128  4607 W TimeWarp: WarpToScreen: No completed frames to display for client 0. submittedFrameIndex = 1384
05-04 16:21:02.800  2128  4607 W TimeWarp: WarpToScreen: No completed frames to display for client 0. submittedFrameIndex = 1384
05-04 16:21:02.814  2128  4607 W TimeWarp: WarpToScreen: No completed frames to display for client 0. submittedFrameIndex = 1384
05-04 16:21:02.828  2128  4607 W TimeWarp: WarpToScreen: No completed frames to display for client 0. submittedFrameIndex = 1384
05-04 16:21:02.842  2128  4607 W TimeWarp: WarpToScreen: No completed frames to display for client 0. submittedFrameIndex = 1384
05-04 16:21:02.844  4448  4772 W VrRuntimeClient: GetSamplerStateFromClientTexture: not currently supported for Vulkan.
05-04 16:21:02.845  4448  4772 I TrackingServiceClient: setting simple haptics, but not yet connected to socket, open connection...
05-04 16:21:02.845   721  2911 I TrackingService: virtual android::binder::Status OVR::OS::Tracking::TrackingService::getTrackingSocketFileDescriptor(android::os::ParcelFileDescriptor *)
05-04 16:21:02.846   721  2911 D TrackingService: haptic socket already exists
05-04 16:21:02.849  4448  4774 I VrRuntimeClient: FenceChecker::MainLoop - started
05-04 16:21:02.857  2128  4607 I TimeWarpProgs: loaded binary layerProgram 2:0x28087:0x0 in 0.8 ms
05-04 16:21:02.865  2128  4607 I Clocks  : SetSchedFifo( tid=4465, pri=1 ) succeeded
05-04 16:21:02.865  2128  4607 I Clocks  : SetSchedFifo( tid=4772, pri=1 ) succeeded
05-04 16:21:02.866  2128  4607 I Clocks  : SetSchedFifo( tid=4774, pri=1 ) succeeded
05-04 16:21:02.866  2128  4607 I Clocks  : SetSchedFifo( tid=2393, pri=1 ) succeeded
05-04 16:21:02.866  2128  4607 I TimeWarp: UpdateClockLevels: Apply pending clock request change: 2,4 -> 3,4
05-04 16:21:02.866  2128  4601 I Clocks  : ReleaseClocks - start
05-04 16:21:02.867   727  1317 D         : CPU_CLUSTER_0: No client requests exists, release clocks
05-04 16:21:02.867   727  1317 D         : CPU_CLUSTER_1: No client requests exists, release clocks
05-04 16:21:02.867   727  1317 D         : GPU: No client requests exists, release clocks
05-04 16:21:02.867   727  1317 D         : CPUBW: No client requests exists, release clocks
05-04 16:21:02.868  2128  2296 I VrRuntimeServer: SetCompositorClientEnabled client(2): enabled(0) 0x0
05-04 16:21:02.868  2128  4601 I Clocks  : ReleaseClocks - end (1.5 ms)
05-04 16:21:02.868  2128  4601 I Clocks  : LockClocks( cpu=3, gpu=4 ) - start
05-04 16:21:02.870  2128  4601 I Clocks  : CPU levels [0, 4]
05-04 16:21:02.870  2128  4601 I Clocks  : GPU levels [0, 5]
05-04 16:21:02.870   727   839 D         : CPU_CLUSTER_0: Client 2128 sends freq request [21, 21]
05-04 16:21:02.870   727   839 D         : CPU_CLUSTER_0: Next Perf Level = (21, 21)
05-04 16:21:02.870   727   839 D         : CPU_CLUSTER_1: Client 2128 sends freq request [22, 22]
05-04 16:21:02.870   727   839 D         : CPU_CLUSTER_1: Next Perf Level = (22, 22)
05-04 16:21:02.870   727   839 D         : CPUBW: Client 2128 sends freq request [8, 11]
05-04 16:21:02.870   727   839 D         : CPUBW: Next Perf Level = (8, 11)
05-04 16:21:02.873   727   839 D         : GPU: Client 2128 sends freq request [6, 6]
05-04 16:21:02.873   727   839 D         : GPU: Next Perf Level = (6, 6)
05-04 16:21:02.875  2128  4601 I Clocks  : LockClocks( cpu=3, gpu=4 ) - end (6.6 ms)
05-04 16:21:02.959  4448  4775 D UE4     : [2020.05.04-14.21.02:959][  9]LogTcpMessaging: Started Connection to '127.0.0.1:46054'
05-04 16:21:02.959  4448  4775 D UE4     : [2020.05.04-14.21.02:959][  9]LogTcpMessaging: Discovered node '7DC75B4D48ED2A01840E07AF802AD5A1' on connection '127.0.0.1:46054'...
05-04 16:21:03.124  4448  4467 D UE4     : [GameActivity] Used memory: 980112
05-04 16:21:03.285   721  4583 I [CT]    : HealthReport: ==================================================
05-04 16:21:03.285   721  4583 I [CT]    : Health Report
05-04 16:21:03.285   721  4583 I [CT]    : -------------
05-04 16:21:03.285   721  4583 I [CT]    : 
05-04 16:21:03.285   721  4583 I [CT]    : Reporter #1 (InsideOutHealthMonitor) summary:
05-04 16:21:03.285   721  4583 I [CT]    : Camera: Total Dropped: 0.000000, Total Frame Count: 586 (0.000000%), Camera Reset Count: 0
05-04 16:21:03.285   721  4583 I [CT]    : Camera: Total Single Camera Frame Dropped: 0, Total Frame Count: 586 (0.000000%)
05-04 16:21:03.285   721  4583 I [CT]    : IMU: Total Dropped: 0.000000, Total Sample Count: 23689 (0.000000%)
