05-15 11:35:35.544   550   594 D         : Failed to fetch the lookup information of the device 0000000F 
05-15 11:35:35.544   550   594 E ACDB-LOADER: Error: ACDB AudProc vol returned = -19
05-15 11:35:35.544   550   594 D ACDB-LOADER: ACDB -> AUDIO_SET_VOL_CAL cal type = 40
05-15 11:35:35.547 18296 18313 I VrRuntimeClient: DEADRECKONING SetControllerTrackingExtendedDeadreckoning 0
05-15 11:35:35.547 18296 18313 I InputHooks_Internal: Enabling Native Input Hooks
05-15 11:35:35.548 18296 18313 I InputDeviceManager: ovrInputDeviceManager::Initialize
05-15 11:35:35.548 18296 18313 I InputDeviceManager: HANDTRACKING packagename is com.YourCompany.ToysGame
05-15 11:35:35.549 18296 18313 I InputDeviceManager: HANDTRACKING: feature flag set to 0
05-15 11:35:35.549 18296 18313 I VrRuntimeClient: HANDTRACKING sethandmanifest 0
05-15 11:35:35.551  2122 17626 I ScreenCaptureBase: GlobalInhibitState=0
05-15 11:35:35.551 18296 18313 D TrackingServiceConnectionNative: onClientConnect
05-15 11:35:35.551 18296 18313 D BinderConnection: Connecting to TrackingService
05-15 11:35:35.552 18296 18313 D TrackingServiceConnectionNative: onConnected
05-15 11:35:35.552   714   793 I TrackingService: TrackingService::getSharedMemoryFileDescriptor
05-15 11:35:35.552 18296 18313 I TrackingServiceClient: OVR::TrackingService::ClientSetInterface
05-15 11:35:35.552 18296 18313 I TrackingServiceClient: TrackingService client: roFd(67)
05-15 11:35:35.552 18296 18313 I TrackingServiceClient: TrackingService client: connected to interface version 11.
05-15 11:35:35.552 18296 18313 I TrackingServiceClient: TrackingService client: last prediction time is 0.004819 seconds old
05-15 11:35:35.552 18296 18313 I TrackingServiceClient: TrackingService client: provided by pid=714
05-15 11:35:35.553   714  2496 I TrackingService: TrackingService::registerClient
05-15 11:35:35.553   714  2496 I TrackingService: Registering client with TrackingServiceHost
05-15 11:35:35.554   714  2496 I TrackingService: Notifying client pid 18296 of new remote 6b7cbd986a24c226
05-15 11:35:35.554 18296 18313 D TrackingServiceClient: TrackingServiceClient onRemoteConnected 6b7cbd986a24c226
05-15 11:35:35.554   714  2496 I TrackingService: Notifying client pid 18296 of new remote 3a76c3e46c301ef4
05-15 11:35:35.554 18296 18313 D TrackingServiceClient: TrackingServiceClient onRemoteConnected 3a76c3e46c301ef4
05-15 11:35:35.554   714  2496 I TrackingService: TrackingServiceHost GetSharedMemoryFileDescriptor for client pid 18296
05-15 11:35:35.554   714  2496 I TrackingService: TrackingServiceHost registered common client; there are 0 secure clients
05-15 11:35:35.554 18296 18313 I TrackingServiceClient: ClientConnectComplete
05-15 11:35:35.554 18296 18313 I VrApi   : ovrModeParms::VRAPI_MODE_FLAG_RESET_WINDOW_FULLSCREEN = 1
05-15 11:35:35.554 18296 18313 I VrApi   : ovrModeParms::VRAPI_MODE_FLAG_NATIVE_WINDOW = 1
05-15 11:35:35.554 18296 18313 I VrApi   : ovrModeParms::VRAPI_MODE_FLAG_FRONT_BUFFER_PROTECTED = 0
05-15 11:35:35.555 18296 18313 I VrApi   : ovrModeParms::VRAPI_MODE_FLAG_FRONT_BUFFER_565 = 0
05-15 11:35:35.555 18296 18313 I VrApi   : ovrModeParms::VRAPI_MODE_FLAG_FRONT_BUFFER_SRGB = 1
05-15 11:35:35.555 18296 18313 I VrApi   : ovrModeParms::VRAPI_MODE_FLAG_CREATE_CONTEXT_NO_ERROR = 0
05-15 11:35:35.555 18296 18313 I VrApi   : HMD sensor attached.
05-15 11:35:35.555 18296 18313 I VrApi   : Client side frame sync enabled
05-15 11:35:35.556 18296 18313 I DynamicClocks: cpu-freq(0): 979200Hz
05-15 11:35:35.556 18296 18313 I DynamicClocks: cpu-freq(1): 1344000Hz
05-15 11:35:35.556 18296 18313 I DynamicClocks: cpu-freq(2): 1651200Hz
05-15 11:35:35.556 18296 18313 I DynamicClocks: cpu-freq(3): 1958400Hz
05-15 11:35:35.556 18296 18313 I DynamicClocks: cpu-freq(4): 2304000Hz
05-15 11:35:35.556 18296 18313 I DynamicClocks: gpu-freq(0): 257000000Hz
05-15 11:35:35.556 18296 18313 I DynamicClocks: gpu-freq(1): 342000000Hz
05-15 11:35:35.556 18296 18313 I DynamicClocks: gpu-freq(2): 414000000Hz
05-15 11:35:35.556 18296 18313 I DynamicClocks: gpu-freq(3): 515000000Hz
05-15 11:35:35.556 18296 18313 I DynamicClocks: gpu-freq(4): 670000000Hz
05-15 11:35:35.556 18296 18313 I DynamicClocks: gpu-freq(5): 710000000Hz
05-15 11:35:35.556 18296 18313 D VrRuntimeClient: pokeGuardianUserServiceForThisClient: com.YourCompany.ToysGame:10145
05-15 11:35:35.558  2142  2142 D VrGuardianUserService: onStartCommandIntent { act=FOREGROUND_CLIENT cmp=com.oculus.systemdriver/com.oculus.vrguardianservice.VrGuardianUserService (has extras) }
05-15 11:35:35.558 18296 18313 D VrRuntimeClient: VrRuntimeClient: enableRendering: activity client
05-15 11:35:35.559 18296 18313 D VrRuntimeClient: VrRuntimeClient: enableRendering: Using clientWindow=android.os.BinderProxy@794d6fd
05-15 11:35:35.559  2122  2147 I ClientMgr: ClientMgr::SetPrimaryCompositorClient: com.YourCompany.ToysGame
05-15 11:35:35.559  2122  2147 I VrRuntimeServer: SetCompositorClientEnabled client(0): enabled(1) 0x7f68af1010
05-15 11:35:35.559  2122  2147 I ClientMgr: ClientMgr::SetFocusedClient: com.YourCompany.ToysGame type 0
05-15 11:35:35.559  2122  2147 D VrRuntimeService: this client: 18296:com.YourCompany.ToysGame
05-15 11:35:35.559  2122  2147 D VrRuntimeService: enableRendering: clientWindow: android.os.BinderProxy@db44f65 enable: true
05-15 11:35:35.559  2122  2147 I ClientMgr: ClientMgr::EnableRendering 18296:com.YourCompany.ToysGame : type 0 : enable
05-15 11:35:35.559  2122  2147 I VrRuntimeServer: SetCompositorClientEnabled client(0): enabled(1) 0x7f68af1010
05-15 11:35:35.559  2122  2147 I TimeWarp: CheckDebuggerConnected: debugger 0
05-15 11:35:35.559 18296 18313 I VrRuntimeClient: CreateWarp: ImportVulkan: Fd=83, BufferSize=4096
05-15 11:35:35.559 18296 18313 I VrRuntimeClient: CreateWarp: ImportVulkan: bo.Vk.Buffer=546473112064, bo.Vk.Memory=546354785088, bo.Vk.Mapping=547197124608
05-15 11:35:35.562  2122  2257 I ClientMgr: Non-overlay clients rendering status has changed: prev=60, curr=61, enabled=3
05-15 11:35:35.562  2122  2257 I ClientMgr: DEADRECKONING deadReckoning mode on ClientMgr from server is 0
05-15 11:35:35.564 18296 18313 I ScreenCaptureHelper: Advertising com.YourCompany.ToysGame as streamable
05-15 11:35:35.564  1755  1755 I OVRMediaService: onStartCommand Received message type: set_package_name, caller package: no_app_identity
05-15 11:35:35.564  1755  1755 I OVRMediaService: Got package name intent (com.YourCompany.ToysGame)
05-15 11:35:35.565 18296 18313 I VrApi   : OVR::Stats thread started
05-15 11:35:35.565 18296 18313 I VrApi   : ---------- vrapi_EnterVrMode [end] ----------
05-15 11:35:35.565 18296 18313 I ClientInputSettings: LatchBackButtonEntireFrame = false
05-15 11:35:35.565 18296 18313 I ClientInputSettings: BlockRemoteButtonsWhenNotEmulatingHMT = true
05-15 11:35:35.565 18296 18313 I ClientInputSettings: EatNativeGamepadEvents = false
05-15 11:35:35.565 18296 18313 D OVRPlugin: Registering utility receivers.
05-15 11:35:35.565 18296 18313 I ClientInputSettings: ReorientHMDOnControllerRecenter = true
05-15 11:35:35.565 18296 18313 D UE4     : [GameActivity] Registering volume receiver
05-15 11:35:35.568 18296 18624 D UE4     : [2020.05.15-09.35.35:568][  0]LogHMD: Error: Splash ovrp_BeginFrame4 0 failed (-1003)
05-15 11:35:35.569 18296 18641 D VrApi   : targetSDKVersion 25
05-15 11:35:35.571 18296 18641 I JniUtils: ovr_GetCurrentPackageSignature 
05-15 11:35:35.573 18296 18641 I Metrics : device name = Oculus Quest
05-15 11:35:35.573 18296 18313 D UE4     : [GameActivity] startVolumeReceiver: 10
05-15 11:35:35.573 18296 18313 D UE4     : nativeVolumeEvent(10)
05-15 11:35:35.573 18296 18313 D UE4     : [GameActivity] Registering battery receiver
05-15 11:35:35.574 18296 18313 D UE4     : [GameActivity] Registering headset receiver
05-15 11:35:35.576 18296 18313 D UE4     : [GameActivity] startHeadsetReceiver: 0
05-15 11:35:35.576 18296 18313 D UE4     : nativeHeadsetEvent(0)
05-15 11:35:35.576 18296 18313 D UE4     : [2020.05.15-09.35.35:576][  0]LogCore: Display: AppLifetime: Application has entered foreground
05-15 11:35:35.576 18296 18313 D UE4     : [2020.05.15-09.35.35:576][  0]LogUdpMessaging: Initializing bridge on interface 0.0.0.0:0 to multicast group 230.0.0.1:6666.
05-15 11:35:35.578 18296 18313 D UE4     : [2020.05.15-09.35.35:578][  0]LogTcpMessaging: Initializing TcpMessaging bridge, listening on 127.0.0.1:6666
05-15 11:35:35.578  2122 18496 W TimeWarp: WarpToScreen: No completed frames to display for client 0. submittedFrameIndex = 198
05-15 11:35:35.578 18296 18313 D UE4     : [2020.05.15-09.35.35:578][  0]LogCore: Display: AppLifetime: Application has reactivated
05-15 11:35:35.578 18296 18313 D UE4     : [2020.05.15-09.35.35:578][  0]LogTemp: Android resume audio
05-15 11:35:35.578 18296 18313 D UE4     : [2020.05.15-09.35.35:578][  0]LogAudioMixerAndroid: Display: Resuming android audio renderer
05-15 11:35:35.580 18296 18313 D UE4     : [2020.05.15-09.35.35:580][  0]LogOcInput: OculusInput is initialized
05-15 11:35:35.580 18296 18313 D UE4     : [2020.05.15-09.35.35:580][  0]LogHMD: FSplash::OnHide
05-15 11:35:35.581  2142  2191 I GuardianSystem: rsapi_PollEvent: rsEventPackageNameChange: com.YourCompany.ToysGame
05-15 11:35:35.584   550   594 D msm8974_platform: platform_split_snd_device: snd_device(2) new_snd_devices (speaker)
05-15 11:35:35.584   550   594 D ACDB-LOADER: ACDB -> send_audvoltable
05-15 11:35:35.584   550   594 D ACDB-LOADER: ACDB -> ACDB_CMD_GET_AUDPROC_GAIN_DEP_STEP_TABLE, vol index 3
05-15 11:35:35.584   550   594 D         : Failed to fetch the lookup information of the device 0000000F 
05-15 11:35:35.584   550   594 E ACDB-LOADER: Error: ACDB AudProc vol returned = -19
05-15 11:35:35.584   550   594 D ACDB-LOADER: ACDB -> AUDIO_SET_VOL_CAL cal type = 40
05-15 11:35:35.588 18296 18625 D UE4     : *** JavaEnvDestructor: 18625
05-15 11:35:35.588 18296 18624 D UE4     : *** JavaEnvDestructor: 18624
05-15 11:35:35.589 18296 18313 D UE4     : [2020.05.15-09.35.35:589][  0]LogAndroid: Display: Low Power Mode Changed: 0
05-15 11:35:35.592  2122 18496 W TimeWarp: WarpToScreen: No completed frames to display for client 0. submittedFrameIndex = 198
05-15 11:35:35.596  2113  3505 E Security-LocalReporter: UID '10043' is shared by multiple packages: [com.oculus.home, com.oculus.horizon]
05-15 11:35:35.596   714 18449 I [CT]    : R:Behavior:AtRest: deactivated
05-15 11:35:35.596   714 18449 I [CT]    : AdHocPatch: [Left] t = 10.185s, behavior transition: AtRest -> None at 10.234s
05-15 11:35:35.597 18296 18649 D UE4     : *** JavaEnvDestructor: 18649
05-15 11:35:35.598 18296 18648 D UE4     : *** JavaEnvDestructor: 18648
05-15 11:35:35.599 18296 18313 D UE4     : [2020.05.15-09.35.35:599][  0]LogHMD: Setting user focus to game viewport since session status is visible...
05-15 11:35:35.599 18296 18313 D OVRPlugin: User present: 1
05-15 11:35:35.599 18296 18650 D UE4     : [2020.05.15-09.35.35:599][  0]LogRenderer: Reallocating scene render targets to support 1216x1344 Format 2 NumSamples 2 (Frame:2).
05-15 11:35:35.600 18296 18650 D UE4     : [2020.05.15-09.35.35:600][  0]LogHMD: Allocating Oculus 38 x 42 variable resolution swapchain
05-15 11:35:35.604 18296 18313 D UE4     : [2020.05.15-09.35.35:604][  0]LogSlate: InvalidateAllWidgets triggered.  All widgets were invalidated
05-15 11:35:35.606  2122 18496 W TimeWarp: WarpToScreen: No completed frames to display for client 0. submittedFrameIndex = 198
05-15 11:35:35.611  2113  3505 I LibraryProvider: running queryApp(com.YourCompany.ToysGame) for com.oculus.uid:10043
05-15 11:35:35.611  2113  3505 W LibraryProvider: Cannot find entitlement for com.YourCompany.ToysGame
05-15 11:35:35.611  1755  1755 W OVRLibrary: null cursor received for query content://com.oculus.ocms.library/apps/com.YourCompany.ToysGame
05-15 11:35:35.619   714 18449 D TrackingService: [HANDTRACKING] Controller 3a76c3e46c301ef4 in hand: Y, valid: Y
05-15 11:35:35.620  2122 18496 W TimeWarp: WarpToScreen: No completed frames to display for client 0. submittedFrameIndex = 198
05-15 11:35:35.628  2113  2188 E Security-LocalReporter: UID '10043' is shared by multiple packages: [com.oculus.home, com.oculus.horizon]
05-15 11:35:35.634  2122 18496 W TimeWarp: WarpToScreen: No completed frames to display for client 0. submittedFrameIndex = 198
05-15 11:35:35.641  2113  2188 I LibraryProvider: running queryApp(com.YourCompany.ToysGame) for com.oculus.uid:10043
05-15 11:35:35.648  2113  2188 W LibraryProvider: Cannot find entitlement for com.YourCompany.ToysGame
05-15 11:35:35.648  2122 18496 W TimeWarp: WarpToScreen: No completed frames to display for client 0. submittedFrameIndex = 198
05-15 11:35:35.649  1755  1755 W OVRLibrary: null cursor received for query content://com.oculus.ocms.library/apps/com.YourCompany.ToysGame
05-15 11:35:35.649  1755  1755 I PlatformPluginManager: onAppStart com.YourCompany.ToysGame false
05-15 11:35:35.649  1755  1755 I PlatformPluginManager: onAppStart - Stopping party chat passthrough
05-15 11:35:35.649  1755  1755 I PlatformPlugin: [PlatformPluginManager] SetSystemVoipPassthrough 0
05-15 11:35:35.649  1755  1755 I OVRPlatform: [PartyChatWebRTC] PartyChatSetPassthrough 0
05-15 11:35:35.650  1755 18450 I OVRPlatform: [PartyChatWebRTC] Updating playback mode to 1
05-15 11:35:35.650  1755  1755 I OVRPlatform: [PartiesAPI] ovr_Party_PluginGetSharedMemHandle: This function is deprecated, do not use
05-15 11:35:35.651  1755  1755 E OVRMediaServiceManager: LivestreamingManager Not initialized
05-15 11:35:35.662  2122 18496 W TimeWarp: WarpToScreen: No completed frames to display for client 0. submittedFrameIndex = 198
05-15 11:35:35.676  2122 18496 W TimeWarp: WarpToScreen: No completed frames to display for client 0. submittedFrameIndex = 198
05-15 11:35:35.690  2122 18496 W TimeWarp: WarpToScreen: No completed frames to display for client 0. submittedFrameIndex = 198
05-15 11:35:35.704  2122 18496 W TimeWarp: WarpToScreen: No completed frames to display for client 0. submittedFrameIndex = 198
05-15 11:35:35.718  2122 18496 W TimeWarp: WarpToScreen: No completed frames to display for client 0. submittedFrameIndex = 198
05-15 11:35:35.726  1755  1755 I PlatformPluginManager: enforcePartyChatStateConsistency - got current party response: Party is null
05-15 11:35:35.726  1755  1755 I PlatformPluginManager: enforcePartyChatStateConsistency - User not in a party.
05-15 11:35:35.726  1755  1755 I PlatformPluginManager: stopPartyChat
05-15 11:35:35.726  1755  1755 I PlatformPlugin: [PlatformPluginManager] Stopping party chat
05-15 11:35:35.726  1755  1755 I OVRPlatform: [PartyChatInterchangeable] StopPartyChat
05-15 11:35:35.731  2122 18496 W TimeWarp: WarpToScreen: No completed frames to display for client 0. submittedFrameIndex = 198
05-15 11:35:35.745  2122 18496 W TimeWarp: WarpToScreen: No completed frames to display for client 0. submittedFrameIndex = 198
05-15 11:35:35.759  2122 18496 W TimeWarp: WarpToScreen: No completed frames to display for client 0. submittedFrameIndex = 198
05-15 11:35:35.773  2122 18496 W TimeWarp: WarpToScreen: No completed frames to display for client 0. submittedFrameIndex = 198
05-15 11:35:35.774   714 18465 I [CT]    : HealthReport: ==================================================
05-15 11:35:35.774   714 18465 I [CT]    : Health Report
05-15 11:35:35.774   714 18465 I [CT]    : -------------
05-15 11:35:35.774   714 18465 I [CT]    : 
05-15 11:35:35.774   714 18465 I [CT]    : Reporter #1 (InsideOutHealthMonitor) summary:
05-15 11:35:35.774   714 18465 I [CT]    : Camera: Total Dropped: 0.000000, Total Frame Count: 250 (0.000000%), Camera Reset Count: 0
05-15 11:35:35.774   714 18465 I [CT]    : Camera: Total Single Camera Frame Dropped: 0, Total Frame Count: 250 (0.000000%)
05-15 11:35:35.774   714 18465 I [CT]    : IMU: Total Dropped: 0.000000, Total Sample Count: 10221 (0.000000%)
05-15 11:35:35.774   714 18465 I [CT]    : Magnetometer: Total Dropped: 0.000000, Total Sample Count: 307 (0.000000%)
05-15 11:35:35.774   714 18465 I [CT]    : 
05-15 11:35:35.774   714 18465 I [CT]    : Reporter #1 (InsideOutHealthMonitor) Passed
05-15 11:35:35.774   714 18465 I [CT]    : --------------------------------------------------
05-15 11:35:35.774   714 18465 I [CT]    : Reporter #2 (ConstellationHealthMonitor) summary:
05-15 11:35:35.774   714 18465 I [CT]    : Camera: Total Dropped: 0.000000, Total Frame Count: 250 (0.000000%), Camera Reset Count: 1
05-15 11:35:35.774   714 18465 I [CT]    : Camera: Total Single Camera Frame Dropped: 0, Total Frame Count: 250 (0.000000%)
05-15 11:35:35.774   714 18465 I [CT]    : Controller 4212769887286730484:
05-15 11:35:35.774   714 18465 I [CT]    : IMU: Capture period exceeded threshold.  Largest period: 4.026115 sec
05-15 11:35:35.774   714 18465 I [CT]    : Controllers may have been sleeping
05-15 11:35:35.774   714 18465 I [CT]    : IMU: Total Dropped: 0.000000, Total Sample Count: 3169.833000 (0.000000%)
05-15 11:35:35.774   714 18465 I [CT]    : Controller 7745273921483883046:
05-15 11:35:35.774   714 18465 I [CT]    : IMU: Ca
05-15 11:35:35.787  2122 18496 W TimeWarp: WarpToScreen: No completed frames to display for client 0. submittedFrameIndex = 198
05-15 11:35:35.801  2122 18496 W TimeWarp: WarpToScreen: No completed frames to display for client 0. submittedFrameIndex = 198
05-15 11:35:35.815  2122 18496 W TimeWarp: WarpToScreen: No completed frames to display for client 0. submittedFrameIndex = 198
05-15 11:35:35.829  2122 18496 W TimeWarp: WarpToScreen: No completed frames to display for client 0. submittedFrameIndex = 198
05-15 11:35:35.843  2122 18496 W TimeWarp: WarpToScreen: No completed frames to display for client 0. submittedFrameIndex = 198
05-15 11:35:35.857  2122 18496 W TimeWarp: WarpToScreen: No completed frames to display for client 0. submittedFrameIndex = 198
05-15 11:35:35.871  2122 18496 W TimeWarp: WarpToScreen: No completed frames to display for client 0. submittedFrameIndex = 198
05-15 11:35:35.884  2122 18496 W TimeWarp: WarpToScreen: No completed frames to display for client 0. submittedFrameIndex = 198
05-15 11:35:35.898  2122 18496 W TimeWarp: WarpToScreen: No completed frames to display for client 0. submittedFrameIndex = 198
05-15 11:35:35.912  2122 18496 W TimeWarp: WarpToScreen: No completed frames to display for client 0. submittedFrameIndex = 198
05-15 11:35:35.926  2122 18496 W TimeWarp: WarpToScreen: No completed frames to display for client 0. submittedFrameIndex = 198
05-15 11:35:35.940  2122 18496 W TimeWarp: WarpToScreen: No completed frames to display for client 0. submittedFrameIndex = 198
05-15 11:35:35.954  2122 18496 W TimeWarp: WarpToScreen: No completed frames to display for client 0. submittedFrameIndex = 198
05-15 11:35:35.968  2122 18496 W TimeWarp: WarpToScreen: No completed frames to display for client 0. submittedFrameIndex = 198
05-15 11:35:35.970 18296 18650 D UE4     : [2020.05.15-09.35.35:970][  0]LogRenderer: Reallocating scene render targets to support 128x128 Format 2 NumSamples 4 (Frame:2).
05-15 11:35:35.982  2122 18496 W TimeWarp: WarpToScreen: No completed frames to display for client 0. submittedFrameIndex = 198
05-15 11:35:35.996  2122 18496 W TimeWarp: WarpToScreen: No completed frames to display for client 0. submittedFrameIndex = 198
05-15 11:35:36.002 18296 18650 D UE4     : Ensure condition failed: Layout == VK_IMAGE_LAYOUT_SHARED_PRESENT_KHR || Layout == VK_IMAGE_LAYOUT_DEPTH_READ_ONLY_STENCIL_ATTACHMENT_OPTIMAL || Layout == VK_IMAGE_LAYOUT_DEPTH_ATTACHMENT_STENCIL_READ_ONLY_OPTIMAL || Layout == VK_IMAGE_LAYOUT_DEPTH_STENCIL_READ_ONLY_OPTIMAL || Layout == VK_IMAGE_LAYOUT_SHADER_READ_ONLY_OPTIMAL || Layout == VK_IMAGE_LAYOUT_GENERAL [File:D:/Build/++UE4/Sync/Engine/Source/Runtime/VulkanRHI/Private/VulkanDescriptorSets.h] [Line: 1103] 
05-15 11:35:36.002 18296 18650 D UE4     : Invalid Layout 0, Index 2, Type 1
05-15 11:35:36.002 18296 18650 D UE4     : 
05-15 11:35:36.010  2122 18496 W TimeWarp: WarpToScreen: No completed frames to display for client 0. submittedFrameIndex = 198
05-15 11:35:36.022 18296 18650 D UE4     : [2020.05.15-09.35.36:022][  0]LogStats: FPlatformStackWalk::StackWalkAndDump -  0.020 s
05-15 11:35:36.022 18296 18650 D UE4     : [2020.05.15-09.35.36:022][  0]LogOutputDevice: Error: === Handled ensure: ===
05-15 11:35:36.022 18296 18650 D UE4     : [2020.05.15-09.35.36:022][  0]LogOutputDevice: Error: 
05-15 11:35:36.022 18296 18650 D UE4     : [2020.05.15-09.35.36:022][  0]LogOutputDevice: Error: Ensure condition failed: Layout == VK_IMAGE_LAYOUT_SHARED_PRESENT_KHR || Layout == VK_IMAGE_LAYOUT_DEPTH_READ_ONLY_STENCIL_ATTACHMENT_OPTIMAL || Layout == VK_IMAGE_LAYOUT_DEPTH_ATTACHMENT_STENCIL_READ_ONLY_OPTIMAL || Layout == VK_IMAGE_LAYOUT_DEPTH_STENCIL_READ_ONLY_OPTIMAL || Layout == VK_IMAGE_LAYOUT_SHADER_READ_ONLY_OPTIMAL || Layout == VK_IMAGE_LAYOUT_GENERAL [File:D:/Build/++UE4/Sync/Engine/Source/Runtime/VulkanRHI/Private/VulkanDescriptorSets.h] [Line: 1103]
05-15 11:35:36.022 18296 18650 D UE4     : [2020.05.15-09.35.36:022][  0]LogOutputDevice: Error: Invalid Layout 0, Index 2, Type 1
05-15 11:35:36.022 18296 18650 D UE4     : [2020.05.15-09.35.36:022][  0]LogOutputDevice: Error: 
05-15 11:35:36.022 18296 18650 D UE4     : [2020.05.15-09.35.36:022][  0]LogOutputDevice: Error: Stack: 
05-15 11:35:36.022 18296 18650 D UE4     : [2020.05.15-09.35.36:022][  0]LogOutputDevice: Error: [Callstack] 0x0000007F64174528 libUE4.so(0x0000000008C14528)!bool FVulkanDescriptorSetWriter::WriteTextureView<(VkDescriptorType)2>(unsigned int, FVulkanTextureView const&, VkImageLayout)::{lambda()#1}::operator()() const  []
05-15 11:35:36.022 18296 18650 D UE4     : [2020.05.15-09.35.36:022][  0]LogOutputDevice: Error: [Callstack] 0x0000007F5FE78214 libUE4.so(0x0000000004918214)!bool FVulkanDescriptorSetWriter::WriteTextureView<(VkDescriptorType)2>(unsigned int, FVulkanTextureView const&, VkImageLayout)  []
05-15 11:35:36.022 18296 18650 D UE4     : [2020.05.15-09.35.36:022][  0]LogOutputDevice: Error: [Callstack] 0x0000007F5FE5B8E4 libUE4.so(0x00000000048FB8E4)!FVulkanCommandListContext::RHISetShaderTexture(FRHIPixelShader*, unsigned int, FRHITexture*)  []
05-15 11:35:36.023 18296 18650 D UE4     : [2020.05.15-09.35.36:022][  0]LogOutputDevice: Error: [Callstack] 0x0000007F6164716C libUE4.so(0x00000000060E716C)!FCopySceneColorToCubeFacePS::SetParameters(FRHICommandList&, FViewInfo const&, bool, bool, FLinearColor const&)  []
05-15 11:35:36.023 18296 18650 D UE4     : [2020.05.15-09.35.36:023][  0]LogOutputDevice: Error: [Callstack] 0x0000007F61646EA0 libUE4.so(0x00000000060E6EA0)!CaptureSceneToScratchCubemap(FRHICommandListImmediate&, FSceneRenderer*, ECubeFace, int, bool, bool, FLinearColor const&)  []
05-15 11:35:36.023 18296 18650 D UE4     : [2020.05.15-09.35.36:023][  0]LogOutputDevice: Error: [Callstack] 0x0000007F6169C628 libUE4.so(0x000000000613C628)![Unknown]()  []
05-15 11:35:36.023 18296 18650 D UE4     : [2020.05.15-09.35.36:023][  0]LogOutputDevice: Error: [Callstack] 0x0000007F5FF32F6C libUE4.so(0x00000000049D2F6C)!FNamedTaskThread::ProcessTasksNamedThread(int, bool)  []
05-15 11:35:36.023 18296 18650 D UE4     : [2020.05.15-09.35.36:023][  0]LogOutputDevice: Error: [Callstack] 0x0000007F5FF31EC0 libUE4.so(0x00000000049D1EC0)!FNamedTaskThread::ProcessTasksUntilQuit(int)  []
05-15 11:35:36.023 18296 18650 D UE4     : [2020.05.15-09.35.36:023][  0]LogOutputDevice: Error: [Callstack] 0x0000007F60F5AC94 libUE4.so(0x00000000059FAC94)!RenderingThreadMain(FEvent*)  []
05-15 11:35:36.023 18296 18650 D UE4     : [2020.05.15-09.35.36:023][  0]LogOutputDevice: Error: [Callstack] 0x0000007F60FA9D14 libUE4.so(0x0000000005A49D14)!FRenderingThread::Run()  []
05-15 11:35:36.023 18296 18650 D UE4     : [2020.05.15-09.35.36:023][  0]LogOutputDevice: Error: [Callstack] 0x0000007F5FFCAD34 libUE4.so(0x0000000004A6AD34)!FRunnableThreadPThread::Run()  []
05-15 11:35:36.023 18296 18650 D UE4     : [2020.05.15-09.35.36:023][  0]LogOutputDevice: Error: [Callstack] 0x0000007F5FF2E154 libUE4.so(0x00000000049CE154)!FRunnableThreadPThread::_ThreadProc(void*)  []
05-15 11:35:36.023 18296 18650 D UE4     : [2020.05.15-09.35.36:023][  0]LogOutputDevice: Error: [Callstack] 0x0000007F8615D458 libc.so(0x0000000000076458)![Unknown]()  []
05-15 11:35:36.023 18296 18650 D UE4     : [2020.05.15-09.35.36:023][  0]LogOutputDevice: Error: [Callstack] 0x0000007F86105208 libc.so(0x000000000001E208)![Unknown]()  []
05-15 11:35:36.023 18296 18650 D UE4     : [2020.05.15-09.35.36:023][  0]LogOutputDevice: Error: 
05-15 11:35:36.023 18296 18650 D UE4     : [2020.05.15-09.35.36:023][  0]LogStats:                SubmitErrorReport -  0.000 s
05-15 11:35:36.023 18296 18650 D UE4     : [2020.05.15-09.35.36:023][  0]LogStats:                    SendNewReport -  0.000 s
05-15 11:35:36.023 18296 18650 D UE4     : [2020.05.15-09.35.36:023][  0]LogStats:             FDebug::EnsureFailed -  0.021 s
05-15 11:35:36.024  2122 18496 W TimeWarp: WarpToScreen: No completed frames to display for client 0. submittedFrameIndex = 198
05-15 11:35:36.038  2122 18496 W TimeWarp: WarpToScreen: No completed frames to display for client 0. submittedFrameIndex = 198
05-15 11:35:36.052  2122 18496 W TimeWarp: WarpToScreen: No completed frames to display for client 0. submittedFrameIndex = 198
05-15 11:35:36.066  2122 18496 W TimeWarp: WarpToScreen: No completed frames to display for client 0. submittedFrameIndex = 198
05-15 11:35:36.079  2122 18496 W TimeWarp: WarpToScreen: No completed frames to display for client 0. submittedFrameIndex = 198
05-15 11:35:36.093  2122 18496 W TimeWarp: WarpToScreen: No completed frames to display for client 0. submittedFrameIndex = 198
05-15 11:35:36.107  2122 18496 W TimeWarp: WarpToScreen: No completed frames to display for client 0. submittedFrameIndex = 198
05-15 11:35:36.121  2122 18496 W TimeWarp: WarpToScreen: No completed frames to display for client 0. submittedFrameIndex = 198
05-15 11:35:36.135  2122 18496 W TimeWarp: WarpToScreen: No completed frames to display for client 0. submittedFrameIndex = 198
05-15 11:35:36.149  2122 18496 W TimeWarp: WarpToScreen: No completed frames to display for client 0. submittedFrameIndex = 198
05-15 11:35:36.161 18296 18650 D UE4     : [2020.05.15-09.35.36:161][  0]LogRenderer: Reallocating scene render targets to support 1216x1344 Format 2 NumSamples 4 (Frame:3).
05-15 11:35:36.163  2122 18496 W TimeWarp: WarpToScreen: No completed frames to display for client 0. submittedFrameIndex = 198
05-15 11:35:36.177  2122 18496 W TimeWarp: WarpToScreen: No completed frames to display for client 0. submittedFrameIndex = 198
05-15 11:35:36.191  2122 18496 W TimeWarp: WarpToScreen: No completed frames to display for client 0. submittedFrameIndex = 198
05-15 11:35:36.205  2122 18496 W TimeWarp: WarpToScreen: No completed frames to display for client 0. submittedFrameIndex = 198
05-15 11:35:36.219  2122 18496 W TimeWarp: WarpToScreen: No completed frames to display for client 0. submittedFrameIndex = 198
05-15 11:35:36.233  2122 18496 W TimeWarp: WarpToScreen: No completed frames to display for client 0. submittedFrameIndex = 198
05-15 11:35:36.247  2122 18496 W TimeWarp: WarpToScreen: No completed frames to display for client 0. submittedFrameIndex = 198
05-15 11:35:36.261  2122 18496 W TimeWarp: WarpToScreen: No completed frames to display for client 0. submittedFrameIndex = 198
05-15 11:35:36.274  2122 18496 W TimeWarp: WarpToScreen: No completed frames to display for client 0. submittedFrameIndex = 198
05-15 11:35:36.288  2122 18496 W TimeWarp: WarpToScreen: No completed frames to display for client 0. submittedFrameIndex = 198
05-15 11:35:36.302  2122 18496 W TimeWarp: WarpToScreen: No completed frames to display for client 0. submittedFrameIndex = 198
05-15 11:35:36.316  2122 18496 W TimeWarp: WarpToScreen: No completed frames to display for client 0. submittedFrameIndex = 198
05-15 11:35:36.330  2122 18496 W TimeWarp: WarpToScreen: No completed frames to display for client 0. submittedFrameIndex = 198
05-15 11:35:36.344  2122 18496 W TimeWarp: WarpToScreen: No completed frames to display for client 0. submittedFrameIndex = 198
05-15 11:35:36.358  2122 18496 W TimeWarp: WarpToScreen: No completed frames to display for client 0. submittedFrameIndex = 198
05-15 11:35:36.372  2122 18496 W TimeWarp: WarpToScreen: No completed frames to display for client 0. submittedFrameIndex = 198
05-15 11:35:36.386  2122 18496 W TimeWarp: WarpToScreen: No completed frames to display for client 0. submittedFrameIndex = 198
05-15 11:35:36.400  2122 18496 W TimeWarp: WarpToScreen: No completed frames to display for client 0. submittedFrameIndex = 198
05-15 11:35:36.414  2122 18496 W TimeWarp: WarpToScreen: No completed frames to display for client 0. submittedFrameIndex = 198
05-15 11:35:36.428  2122 18496 W TimeWarp: WarpToScreen: No completed frames to display for client 0. submittedFrameIndex = 198
05-15 11:35:36.439 18296 18313 D UE4     : [2020.05.15-09.35.36:439][  0]LogSlate: Slate font cache was flushed
05-15 11:35:36.441  2122 18496 W TimeWarp: WarpToScreen: No completed frames to display for client 0. submittedFrameIndex = 198
05-15 11:35:36.442  2122  2258 I VrRuntimeService: nativeCreateTextureSwapChain api:vk 2 0x2b 1216 1344 1 3 2 0 15
05-15 11:35:36.455  2122 18496 W TimeWarp: WarpToScreen: No completed frames to display for client 0. submittedFrameIndex = 198
05-15 11:35:36.469  2122 18496 W TimeWarp: WarpToScreen: No completed frames to display for client 0. submittedFrameIndex = 198
05-15 11:35:36.478  2122  2258 I VrRuntimeServer: CreateTextureSwapChain: result importswapchaingles 1
05-15 11:35:36.482 18296 18650 D UE4     : [2020.05.15-09.35.36:482][  1]LogHMD: Allocating Oculus 1216 x 1344 rendertarget swapchain
05-15 11:35:36.483  2122 18496 W TimeWarp: WarpToScreen: No completed frames to display for client 0. submittedFrameIndex = 198
05-15 11:35:36.491 18296 18651 D UE4     : *** JavaEnvDestructor: 18651
05-15 11:35:36.492 18296 18650 D UE4     : *** JavaEnvDestructor: 18650
05-15 11:35:36.496  2122 17626 I VrRuntimeService: nativeDestroyTextureSwapChain 237
05-15 11:35:36.496 18296 18655 D UE4     : [2020.05.15-09.35.36:496][  2]LogHMD: Allocating Oculus 38 x 42 variable resolution swapchain
05-15 11:35:36.497  2122 18496 W TimeWarp: WarpToScreen: No completed frames to display for client 0. submittedFrameIndex = 198
05-15 11:35:36.511  2122 18496 W TimeWarp: WarpToScreen: No completed frames to display for client 0. submittedFrameIndex = 198
05-15 11:35:36.525  2122 18496 W TimeWarp: WarpToScreen: No completed frames to display for client 0. submittedFrameIndex = 198
05-15 11:35:36.539  2122 18496 W TimeWarp: WarpToScreen: No completed frames to display for client 0. submittedFrameIndex = 198
05-15 11:35:36.553  2122 18496 W TimeWarp: WarpToScreen: No completed frames to display for client 0. submittedFrameIndex = 198
05-15 11:35:36.567  2122 18496 W TimeWarp: WarpToScreen: No completed frames to display for client 0. submittedFrameIndex = 198
05-15 11:35:36.576   714 18465 I [CT]    : VIPER:MAP_MANAGER: State: TRACKING_PERSISTENT, UUID=022994f1-0c1e-4a65-9817-b24e9f537401, Num. Persistent maps = 1,  Persistent maps:022994f1-0c1e-4a65-9817-b24e9f537401,, Ser. Disabled = 00000000-0000-0000-0000-000000000000
05-15 11:35:36.579 18296 18657 D UE4     : [2020.05.15-09.35.36:579][  3]LogTcpMessaging: Started Connection to '127.0.0.1:56788'
05-15 11:35:36.579 18296 18657 D UE4     : [2020.05.15-09.35.36:579][  3]LogTcpMessaging: Discovered node '749D3C534CDCC36A8BF96DAA646D18D5' on connection '127.0.0.1:56788'...
05-15 11:35:36.581  2122 18496 W TimeWarp: WarpToScreen: No completed frames to display for client 0. submittedFrameIndex = 198
05-15 11:35:36.595  2122 18496 W TimeWarp: WarpToScreen: No completed frames to display for client 0. submittedFrameIndex = 198
05-15 11:35:36.609  2122 18496 W TimeWarp: WarpToScreen: No completed frames to display for client 0. submittedFrameIndex = 198
05-15 11:35:36.616   714 18465 I [CT]    : VIPER: Status=6DoF,TRACKING,KF=448,Inl=300,Pts=1717,Jit=0.5mm,Issues(Cam/min=0.0,IMU/min=0.0),Exp=(8.2ms,g=10.0,I=80)(6.3ms,g=6.0,I=75)(8.2ms,g=10.0,I=69)(6.5ms,g=6.0,I=68)
05-15 11:35:36.618 18296 18655 W VrRuntimeClient: GetSamplerStateFromClientTexture: not currently supported for Vulkan.
05-15 11:35:36.618 18296 18655 I TrackingServiceClient: setting simple haptics, but not yet connected to socket, open connection...
05-15 11:35:36.619   714  2407 I TrackingService: virtual android::binder::Status OVR::OS::Tracking::TrackingService::getTrackingSocketFileDescriptor(android::os::ParcelFileDescriptor *)
05-15 11:35:36.619   714  2407 D TrackingService: haptic socket already exists
05-15 11:35:36.619 18296 18658 I VrRuntimeClient: FenceChecker::MainLoop - started
05-15 11:35:36.628  2122 18496 I TimeWarpProgs: loaded binary layerProgram 2:0x28087:0x0 in 5.6 ms
05-15 11:35:36.631  2122 18496 I Clocks  : SetSchedFifo( tid=18313, pri=1 ) succeeded
05-15 11:35:36.631  2122 18496 I Clocks  : SetSchedFifo( tid=18655, pri=1 ) succeeded
05-15 11:35:36.632  2122 18496 I Clocks  : SetSchedFifo( tid=18658, pri=1 ) succeeded
05-15 11:35:36.632  2122 18496 I Clocks  : SetSchedFifo( tid=2320, pri=1 ) succeeded
05-15 11:35:36.632  2122 18496 I TimeWarp: UpdateClockLevels: Apply pending clock request change: 4,4 -> 2,3
05-15 11:35:36.632  2122 18478 I Clocks  : ReleaseClocks - start
05-15 11:35:36.632   717   821 D         : CPU_CLUSTER_0: No client requests exists, release clocks
05-15 11:35:36.632   717   821 D         : CPU_CLUSTER_1: No client requests exists, release clocks
05-15 11:35:36.632   717   821 D         : GPU: No client requests exists, release clocks
05-15 11:35:36.633   717   821 D         : CPUBW: No client requests exists, release clocks
05-15 11:35:36.633  2122 18478 I Clocks  : ReleaseClocks - end (0.9 ms)
05-15 11:35:36.633  2122 18478 I Clocks  : LockClocks( cpu=2, gpu=3 ) - start
05-15 11:35:36.634  2122 18478 I Clocks  : CPU levels [0, 4]
05-15 11:35:36.634  2122 18478 I Clocks  : GPU levels [0, 5]
05-15 11:35:36.634   717  2250 D         : CPU_CLUSTER_0: Client 2122 sends freq request [21, 21]
05-15 11:35:36.634   717  2250 D         : CPU_CLUSTER_0: Next Perf Level = (21, 21)
05-15 11:35:36.634   717  2250 D         : CPU_CLUSTER_1: Client 2122 sends freq request [18, 18]
05-15 11:35:36.634   717  2250 D         : CPU_CLUSTER_1: Next Perf Level = (18, 18)
05-15 11:35:36.635   717  2250 D         : CPUBW: Client 2122 sends freq request [8, 11]
05-15 11:35:36.635   717  2250 D         : CPUBW: Next Perf Level = (8, 11)
05-15 11:35:36.636   717  2250 D         : GPU: Client 2122 sends freq request [4, 4]
05-15 11:35:36.636   717  2250 D         : GPU: Next Perf Level = (4, 4)
05-15 11:35:36.636  2122 18478 I Clocks  : LockClocks( cpu=2, gpu=3 ) - end (3.3 ms)
05-15 11:35:36.644  2122 18496 I TimeWarp: UpdateClockLevels: Apply pending clock request change: 2,3 -> 3,3
05-15 11:35:36.644  2122 18478 I Clocks  : ReleaseClocks - start
05-15 11:35:36.645   717  5716 D         : CPU_CLUSTER_0: No client requests exists, release clocks
05-15 11:35:36.645   717  5716 D         : CPU_CLUSTER_1: No client requests exists, release clocks
05-15 11:35:36.645   717  5716 D         : GPU: No client requests exists, release clocks
05-15 11:35:36.645   717  5716 D         : CPUBW: No client requests exists, release clocks
05-15 11:35:36.646  2122 18478 I Clocks  : ReleaseClocks - end (1.4 ms)
05-15 11:35:36.646  2122 18478 I Clocks  : LockClocks( cpu=3, gpu=3 ) - start
05-15 11:35:36.647  2122 18478 I Clocks  : CPU levels [0, 4]
05-15 11:35:36.647  2122 18478 I Clocks  : GPU levels [0, 5]
05-15 11:35:36.647   717  5716 D         : CPU_CLUSTER_0: Client 2122 sends freq request [21, 21]
05-15 11:35:36.647   717  5716 D         : CPU_CLUSTER_0: Next Perf Level = (21, 21)
05-15 11:35:36.647   717  5716 D         : CPU_CLUSTER_1: Client 2122 sends freq request [22, 22]
05-15 11:35:36.647   717  5716 D         : CPU_CLUSTER_1: Next Perf Level = (22, 22)
05-15 11:35:36.647   717  5716 D         : CPUBW: Client 2122 sends freq request [8, 11]
05-15 11:35:36.647   717  5716 D         : CPUBW: Next Perf Level = (8, 11)
05-15 11:35:36.648   717  5716 D         : GPU: Client 2122 sends freq request [4, 4]
05-15 11:35:36.648   717  5716 D         : GPU: Next Perf Level = (4, 4)
05-15 11:35:36.648  2122  2257 I VrRuntimeServer: SetCompositorClientEnabled client(2): enabled(0) 0x0
05-15 11:35:36.648  2122 18478 I Clocks  : LockClocks( cpu=3, gpu=3 ) - end (2.4 ms)
05-15 11:35:36.706 17946 17976 W CPanelService: Detected non-responsive panel app; exiting
05-15 11:35:36.774  1050  1484 I ActivityManager: Process com.oculus.vrshell.home:explore (pid 17946) has died
05-15 11:35:36.774  1050  1484 D ActivityManager: cleanUpApplicationRecord -- 17946
05-15 11:35:36.785   691   691 I Zygote  : Process 17946 exited cleanly (1)
05-15 11:35:36.824  2113  2193 E Security-LocalReporter: UID '10043' is shared by multiple packages: [com.oculus.home, com.oculus.horizon]
05-15 11:35:36.836  2113  2193 I LibraryProvider: running queryApp(com.oculus.vrshell.home) for com.oculus.uid:10043
05-15 11:35:36.837  2113  2193 W LibraryProvider: Cannot find entitlement for com.oculus.vrshell.home
05-15 11:35:36.837  1755  4572 W OVRLibrary: null cursor received for query content://com.oculus.ocms.library/apps/com.oculus.vrshell.home
05-15 11:35:36.922  2122 18496 I TimeWarp: UpdateClockLevels: Apply pending clock request change: 3,3 -> 3,4
05-15 11:35:36.923  2122 18478 I Clocks  : ReleaseClocks - start
05-15 11:35:36.923   717  2250 D         : CPU_CLUSTER_0: No client requests exists, release clocks
05-15 11:35:36.923   717  2250 D         : CPU_CLUSTER_1: No client requests exists, release clocks
05-15 11:35:36.924   717  2250 D         : GPU: No client requests exists, release clocks
05-15 11:35:36.924   717  2250 D         : CPUBW: No client requests exists, release clocks
05-15 11:35:36.925  2122 18478 I Clocks  : ReleaseClocks - end (2.9 ms)
05-15 11:35:36.925  2122 18478 I Clocks  : LockClocks( cpu=3, gpu=4 ) - start
05-15 11:35:36.927  2122 18478 I Clocks  : CPU levels [0, 4]
05-15 11:35:36.927  2122 18478 I Clocks  : GPU levels [0, 5]
05-15 11:35:36.932   717   717 D         : CPU_CLUSTER_0: Client 2122 sends freq request [21, 21]
05-15 11:35:36.932   717   717 D         : CPU_CLUSTER_0: Next Perf Level = (21, 21)
05-15 11:35:36.932   717   717 D         : CPU_CLUSTER_1: Client 2122 sends freq request [22, 22]
05-15 11:35:36.932   717   717 D         : CPU_CLUSTER_1: Next Perf Level = (22, 22)
05-15 11:35:36.933   717   717 D         : CPUBW: Client 2122 sends freq request [8, 11]
05-15 11:35:36.933   717   717 D         : CPUBW: Next Perf Level = (8, 11)
05-15 11:35:36.934   717   717 D         : GPU: Client 2122 sends freq request [6, 6]
05-15 11:35:36.934   717   717 D         : GPU: Next Perf Level = (6, 6)
05-15 11:35:36.936  2122 18478 I Clocks  : LockClocks( cpu=3, gpu=4 ) - end (10.2 ms)
05-15 11:35:37.021 18296 18641 I Telemetry: App memory usage: PSS=1181MB DalvikPSS=3 MB
05-15 11:35:37.024 18296 18641 I VrApi   : FPS=1,Prd=0ms,Tear=0,Early=0,Stale=72,VSnc=0,Lat=1,Fov=0,CPU4/GPU=0/0,2304/670MHz,OC=FF,TA=0/0/0,SP=N/N/N,Mem=1804MHz,Free=1073MB,PSM=0,PLS=0,Temp=0.0C/0.0C,TW=2.41ms,App=17.21ms,GD=4.20ms,CPU&GPU=0.00ms,LCnt=1,GPU%=0.53,CPU%=0.61(W0.67),DSF=1.00
05-15 11:35:37.159  2122 18496 I TimeWarp: UpdateClockLevels: Apply pending clock request change: 3,4 -> 4,4
05-15 11:35:37.159  2122 18478 I Clocks  : ReleaseClocks - start
05-15 11:35:37.160   717  1230 D         : CPU_CLUSTER_0: No client requests exists, release clocks
05-15 11:35:37.160   717  1230 D         : CPU_CLUSTER_1: No client requests exists, release clocks
05-15 11:35:37.160   717  1230 D         : GPU: No client requests exists, release clocks
05-15 11:35:37.162   717  1230 D         : CPUBW: No client requests exists, release clocks
05-15 11:35:37.164  2122 18478 I Clocks  : ReleaseClocks - end (3.0 ms)
05-15 11:35:37.164  2122 18478 I Clocks  : LockClocks( cpu=4, gpu=4 ) - start
05-15 11:35:37.165  2122 18478 I Clocks  : CPU levels [0, 4]
05-15 11:35:37.165  2122 18478 I Clocks  : GPU levels [0, 5]
05-15 11:35:37.165   717   821 D         : CPU_CLUSTER_0: Client 2122 sends freq request [21, 21]
05-15 11:35:37.165   717   821 D         : CPU_CLUSTER_0: Next Perf Level = (21, 21)
05-15 11:35:37.165   717   821 D         : CPU_CLUSTER_1: Client 2122 sends freq request [26, 26]
05-15 11:35:37.165   717   821 D         : CPU_CLUSTER_1: Next Perf Level = (26, 26)
05-15 11:35:37.166   717   821 D         : CPUBW: Client 2122 sends freq request [8, 11]
05-15 11:35:37.166   717   821 D         : CPUBW: Next Perf Level = (8, 11)
05-15 11:35:37.167   717   821 D         : GPU: Client 2122 sends freq request [6, 6]
05-15 11:35:37.167   717   821 D         : GPU: Next Perf Level = (6, 6)
05-15 11:35:37.167  2122 18478 I Clocks  : LockClocks( cpu=4, gpu=4 ) - end (2.7 ms)
05-15 11:35:37.443   714 18398 I [CT]    : boltlib: DSP utilization(%): 15
05-15 11:35:37.580 18296 18641 I VrApi   : FPS=1,Prd=4ms,Tear=0,Early=0,Stale=53,VSnc=0,Lat=1,Fov=0,CPU4/GPU=4/4,2304/670MHz,OC=FF,TA=0/E0/E0,SP=N/F/F,Mem=1804MHz,Free=1124MB,PSM=0,PLS=0,Temp=27.0C/0.0C,TW=1.28ms,App=13.76ms,GD=0.00ms,CPU&GPU=28.07ms,LCnt=1,GPU%=0.86,CPU%=0.46(W0.50),DSF=1.00
05-15 11:35:38.584 18296 18641 I VrApi   : FPS=58,Prd=40ms,Tear=0,Early=0,Stale=36,VSnc=1,Lat=1,Fov=0,CPU4/GPU=4/4,2304/670MHz,OC=FF,TA=0/E0/E0,SP=N/F/F,Mem=1804MHz,Free=1126MB,PSM=0,PLS=0,Temp=27.0C/0.0C,TW=1.35ms,App=15.32ms,GD=0.00ms,CPU&GPU=198313.34ms,LCnt=1,GPU%=0.97,CPU%=0.41(W0.43),DSF=1.00
05-15 11:35:38.707   714 18464 I [CT]    : MANAGEMENT:CONSTELLATION: Status=GREEN,, Obj=4212769887286730484,6DOF=1,FusJit=0.009mm,Issues(Cam/min=  0,IMU/min=0), Obj=7745273921483883046,6DOF=1,FusJit=0.0mm,Issues(Cam/min=  0,IMU/min=0)
05-15 11:35:39.581 18296 18641 I VrApi   : FPS=60,Prd=44ms,Tear=0,Early=0,Stale=38,VSnc=1,Lat=1,Fov=0,CPU4/GPU=4/4,2304/670MHz,OC=FF,TA=0/E0/E0,SP=N/F/F,Mem=1804MHz,Free=1128MB,PSM=0,PLS=0,Temp=27.0C/0.0C,TW=1.33ms,App=16.67ms,GD=0.00ms,CPU&GPU=25.34ms,LCnt=1,GPU%=0.98,CPU%=0.36(W0.45),DSF=1.00
05-15 11:35:40.178   714 18465 I [CT]    : VIPER:MAP_MANAGER: State: TRACKING_PERSISTENT, UUID=022994f1-0c1e-4a65-9817-b24e9f537401, Num. Persistent maps = 1,  Persistent maps:022994f1-0c1e-4a65-9817-b24e9f537401,, Ser. Disabled = 00000000-0000-0000-0000-000000000000
05-15 11:35:40.219   714 18465 I [CT]    : VIPER: Status=6DoF,TRACKING,KF=447,Inl=372,Pts=1732,Jit=0.8mm,Issues(Cam/min=0.0,IMU/min=0.0),Exp=(7.8ms,g=9.0,I=77)(5.3ms,g=6.0,I=70)(7.8ms,g=9.0,I=65)(6.1ms,g=6.0,I=68)
05-15 11:35:40.580 18296 18641 I VrApi   : FPS=59,Prd=44ms,Tear=0,Early=0,Stale=18,VSnc=1,Lat=1,Fov=0,CPU4/GPU=4/4,2304/670MHz,OC=FF,TA=0/E0/E0,SP=N/F/F,Mem=1804MHz,Free=1128MB,PSM=0,PLS=0,Temp=27.0C/0.0C,TW=1.27ms,App=13.81ms,GD=0.00ms,CPU&GPU=25.85ms,LCnt=1,GPU%=1.00,CPU%=0.28(W0.38),DSF=1.00
05-15 11:35:41.580 18296 18641 I VrApi   : FPS=71,Prd=45ms,Tear=0,Early=0,Stale=0,VSnc=1,Lat=1,Fov=0,CPU4/GPU=4/4,2304/670MHz,OC=FF,TA=0/E0/E0,SP=N/F/F,Mem=1804MHz,Free=1128MB,PSM=0,PLS=0,Temp=27.0C/0.0C,TW=1.31ms,App=13.29ms,GD=0.00ms,CPU&GPU=23.01ms,LCnt=1,GPU%=0.95,CPU%=0.29(W0.35),DSF=1.00
05-15 11:35:41.778   714 18465 I [CT]    : HealthReport: ==================================================
05-15 11:35:41.778   714 18465 I [CT]    : Health Report
05-15 11:35:41.778   714 18465 I [CT]    : -------------
05-15 11:35:41.778   714 18465 I [CT]    : 
05-15 11:35:41.778   714 18465 I [CT]    : Reporter #1 (InsideOutHealthMonitor) summary:
05-15 11:35:41.778   714 18465 I [CT]    : Camera: Total Dropped: 0.000000, Total Frame Count: 400 (0.000000%), Camera Reset Count: 0
05-15 11:35:41.778   714 18465 I [CT]    : Camera: Total Single Camera Frame Dropped: 0, Total Frame Count: 400 (0.000000%)
05-15 11:35:41.778   714 18465 I [CT]    : IMU: Total Dropped: 0.000000, Total Sample Count: 16224 (0.000000%)
05-15 11:35:41.778   714 18465 I [CT]    : Magnetometer: Total Dropped: 0.000000, Total Sample Count: 488 (0.000000%)
05-15 11:35:41.778   714 18465 I [CT]    : 
05-15 11:35:41.778   714 18465 I [CT]    : Reporter #1 (InsideOutHealthMonitor) Passed
05-15 11:35:41.778   714 18465 I [CT]    : --------------------------------------------------
05-15 11:35:41.778   714 18465 I [CT]    : Reporter #2 (ConstellationHealthMonitor) summary:
05-15 11:35:41.778   714 18465 I [CT]    : Camera: Total Dropped: 0.000000, Total Frame Count: 401 (0.000000%), Camera Reset Count: 1
05-15 11:35:41.778   714 18465 I [CT]    : Camera: Total Single Camera Frame Dropped: 0, Total Frame Count: 401 (0.000000%)
05-15 11:35:41.778   714 18465 I [CT]    : Controller 4212769887286730484:
05-15 11:35:41.778   714 18465 I [CT]    : IMU: Capture period exceeded threshold.  Largest period: 4.026115 sec
05-15 11:35:41.778   714 18465 I [CT]    : Controllers may have been sleeping
05-15 11:35:41.778   714 18465 I [CT]    : IMU: Total Dropped: 0.000000, Total Sample Count: 6172.639000 (0.000000%)
05-15 11:35:41.778   714 18465 I [CT]    : Controller 7745273921483883046:
05-15 11:35:41.778   714 18465 I [CT]    : IMU: Ca
05-15 11:35:41.879  2122 18496 I TimeWarp: UpdateClockLevels: Apply pending clock request change: 4,4 -> 3,4
05-15 11:35:41.880  2122 18478 I Clocks  : ReleaseClocks - start
05-15 11:35:41.880   717   821 D         : CPU_CLUSTER_0: No client requests exists, release clocks
05-15 11:35:41.881   717   821 D         : CPU_CLUSTER_1: No client requests exists, release clocks
05-15 11:35:41.881   717   821 D         : GPU: No client requests exists, release clocks
05-15 11:35:41.881   717   821 D         : CPUBW: No client requests exists, release clocks
05-15 11:35:41.882  2122 18478 I Clocks  : ReleaseClocks - end (1.9 ms)
05-15 11:35:41.882  2122 18478 I Clocks  : LockClocks( cpu=3, gpu=4 ) - start
05-15 11:35:41.883  2122 18478 I Clocks  : CPU levels [0, 4]
05-15 11:35:41.883  2122 18478 I Clocks  : GPU levels [0, 5]
05-15 11:35:41.884   717   821 D         : CPU_CLUSTER_0: Client 2122 sends freq request [21, 21]
05-15 11:35:41.884   717   821 D         : CPU_CLUSTER_0: Next Perf Level = (21, 21)
05-15 11:35:41.884   717   821 D         : CPU_CLUSTER_1: Client 2122 sends freq request [22, 22]
05-15 11:35:41.884   717   821 D         : CPU_CLUSTER_1: Next Perf Level = (22, 22)
05-15 11:35:41.885   717   821 D         : CPUBW: Client 2122 sends freq request [8, 11]
05-15 11:35:41.885   717   821 D         : CPUBW: Next Perf Level = (8, 11)
05-15 11:35:41.885   717   821 D         : GPU: Client 2122 sends freq request [6, 6]
05-15 11:35:41.885   717   821 D         : GPU: Next Perf Level = (6, 6)
05-15 11:35:41.885  2122 18478 I Clocks  : LockClocks( cpu=3, gpu=4 ) - end (3.7 ms)
05-15 11:35:42.307   714 18464 I [CT]    : MANAGEMENT:CONSTELLATION: Status=GREEN,, Obj=4212769887286730484,6DOF=1,FusJit=0.002mm,Issues(Cam/min=  0,IMU/min=0), Obj=7745273921483883046,6DOF=1,FusJit=0.0mm,Issues(Cam/min=  0,IMU/min=0)
05-15 11:35:42.579 18296 18641 I VrApi   : FPS=72,Prd=45ms,Tear=0,Early=0,Stale=0,VSnc=1,Lat=1,Fov=0,CPU4/GPU=3/4,1958/670MHz,OC=FF,TA=0/E0/E0,SP=N/F/F,Mem=1804MHz,Free=1126MB,PSM=0,PLS=0,Temp=27.0C/0.0C,TW=1.30ms,App=13.24ms,GD=0.00ms,CPU&GPU=16.77ms,LCnt=1,GPU%=0.95,CPU%=0.24(W0.33),DSF=1.00
05-15 11:35:43.443   714 18398 I [CT]    : boltlib: DSP utilization(%): 18
05-15 11:35:43.580 18296 18641 I VrApi   : FPS=72,Prd=45ms,Tear=0,Early=0,Stale=0,VSnc=1,Lat=1,Fov=0,CPU4/GPU=3/4,1958/670MHz,OC=FF,TA=0/E0/E0,SP=N/F/F,Mem=1804MHz,Free=1127MB,PSM=0,PLS=0,Temp=27.0C/0.0C,TW=1.25ms,App=12.99ms,GD=0.00ms,CPU&GPU=16.89ms,LCnt=1,GPU%=1.00,CPU%=0.30(W0.38),DSF=1.00
05-15 11:35:43.778   714 18465 I [CT]    : VIPER:MAP_MANAGER: State: TRACKING_PERSISTENT, UUID=022994f1-0c1e-4a65-9817-b24e9f537401, Num. Persistent maps = 1,  Persistent maps:022994f1-0c1e-4a65-9817-b24e9f537401,, Ser. Disabled = 00000000-0000-0000-0000-000000000000
05-15 11:35:43.819   714 18465 I [CT]    : VIPER: Status=6DoF,TRACKING,KF=447,Inl=368,Pts=1732,Jit=0.1mm,Issues(Cam/min=0.0,IMU/min=0.0),Exp=(7.8ms,g=9.0,I=77)(6.1ms,g=5.0,I=70)(7.8ms,g=9.0,I=64)(6.1ms,g=6.0,I=68)
05-15 11:35:43.884  2122 18496 I TimeWarp: UpdateClockLevels: Apply pending clock request change: 3,4 -> 2,4
05-15 11:35:43.884  2122 18478 I Clocks  : ReleaseClocks - start
05-15 11:35:43.885   717  1230 D         : CPU_CLUSTER_0: No client requests exists, release clocks
05-15 11:35:43.886   717  1230 D         : CPU_CLUSTER_1: No client requests exists, release clocks
05-15 11:35:43.886   717  1230 D         : GPU: No client requests exists, release clocks
05-15 11:35:43.886   717  1230 D         : CPUBW: No client requests exists, release clocks
05-15 11:35:43.887  2122 18478 I Clocks  : ReleaseClocks - end (1.8 ms)
05-15 11:35:43.887  2122 18478 I Clocks  : LockClocks( cpu=2, gpu=4 ) - start
05-15 11:35:43.887  2122 18478 I Clocks  : CPU levels [0, 4]
05-15 11:35:43.887  2122 18478 I Clocks  : GPU levels [0, 5]
05-15 11:35:43.888   717  5716 D         : CPU_CLUSTER_0: Client 2122 sends freq request [21, 21]
05-15 11:35:43.888   717  5716 D         : CPU_CLUSTER_0: Next Perf Level = (21, 21)
05-15 11:35:43.888   717  5716 D         : CPU_CLUSTER_1: Client 2122 sends freq request [18, 18]
05-15 11:35:43.888   717  5716 D         : CPU_CLUSTER_1: Next Perf Level = (18, 18)
05-15 11:35:43.888   717  5716 D         : CPUBW: Client 2122 sends freq request [8, 11]
05-15 11:35:43.888   717  5716 D         : CPUBW: Next Perf Level = (8, 11)
05-15 11:35:43.889   717  5716 D         : GPU: Client 2122 sends freq request [6, 6]
05-15 11:35:43.889   717  5716 D         : GPU: Next Perf Level = (6, 6)
05-15 11:35:43.889  2122 18478 I Clocks  : LockClocks( cpu=2, gpu=4 ) - end (2.1 ms)
05-15 11:35:44.060 18296 18315 D UE4     : [GameActivity] Used memory: 981756
