05-23 18:00:21.687  1073  1509 I DisplayManagerService: Display device removed: DisplayDeviceInfo{"com.oculus.android_panel_app.AndroidPanelLayer-#main": uniqueId="virtual:com.oculus.systemux,10021,com.oculus.android_panel_app.AndroidPanelLayer-#main,1", 770 x 241, modeId 73, defaultModeId 73, supportedModes [{id=73, width=770, height=241, fps=60.0}], colorMode 0, supportedColorModes [0], HdrCapabilities null, density 160, 160.0 x 160.0 dpi, appVsyncOff 0, presDeadline 16666666, touch NONE, rotation 0, type VIRTUAL, state ON, owner com.oculus.systemux (uid 10021), FLAG_PRIVATE, FLAG_NEVER_BLANK, FLAG_OWN_CONTENT_ONLY}
05-23 18:00:21.709  1073  1502 I DisplayManagerService: Display device removed: DisplayDeviceInfo{"com.oculus.android_panel_app.AndroidPanelLayer-dialog": uniqueId="virtual:com.oculus.systemux,10021,com.oculus.android_panel_app.AndroidPanelLayer-dialog,0", 540 x 300, modeId 74, defaultModeId 74, supportedModes [{id=74, width=540, height=300, fps=60.0}], colorMode 0, supportedColorModes [0], HdrCapabilities null, density 160, 160.0 x 160.0 dpi, appVsyncOff 0, presDeadline 16666666, touch NONE, rotation 0, type VIRTUAL, state ON, owner com.oculus.systemux (uid 10021), FLAG_PRIVATE, FLAG_NEVER_BLANK, FLAG_OWN_CONTENT_ONLY}
05-23 18:00:21.743  1073  1555 I DisplayManagerService: Display device removed: DisplayDeviceInfo{"com.oculus.android_panel_app.AndroidPanelLayer-toast": uniqueId="virtual:com.oculus.systemux,10021,com.oculus.android_panel_app.AndroidPanelLayer-toast,0", 420 x 72, modeId 75, defaultModeId 75, supportedModes [{id=75, width=420, height=72, fps=60.0}], colorMode 0, supportedColorModes [0], HdrCapabilities null, density 160, 160.0 x 160.0 dpi, appVsyncOff 0, presDeadline 16666666, touch NONE, rotation 0, type VIRTUAL, state ON, owner com.oculus.systemux (uid 10021), FLAG_PRIVATE, FLAG_NEVER_BLANK, FLAG_OWN_CONTENT_ONLY}
05-23 18:00:23.959  1073  1213 E TaskPersister: File error accessing recents directory (directory doesn't exist?).
05-23 18:00:34.626  1498  9747 W ContextImpl: Calling a method in the system process without a qualified user: android.app.ContextImpl.sendBroadcast:877 android.content.ContextWrapper.sendBroadcast:421 com.facebook.analytics2.logger.UploadServiceBus.signalJobRan:60 com.facebook.analytics2.logger.UploadJobHandler.exitStateMachine:267 com.facebook.analytics2.logger.UploadJobHandler.handleMessage:97 
05-23 18:00:37.870  1073  4960 I ActivityManager: START u0 {act=com.oculus.vrshell.intent.action.LAUNCH flg=0x10000000 pkg=com.oculus.vrshell cmp=com.oculus.vrshell/.MainActivity (has extras)} from uid 10028 on display 0
05-23 18:00:38.176  1073  4783 I DisplayManagerService: Display device added: DisplayDeviceInfo{"com.oculus.android_panel_app.AndroidPanelLayer-#main": uniqueId="virtual:com.oculus.systemux,10021,com.oculus.android_panel_app.AndroidPanelLayer-#main,1", 770 x 241, modeId 76, defaultModeId 76, supportedModes [{id=76, width=770, height=241, fps=60.0}], colorMode 0, supportedColorModes [0], HdrCapabilities null, density 160, 160.0 x 160.0 dpi, appVsyncOff 0, presDeadline 16666666, touch NONE, rotation 0, type VIRTUAL, state OFF, owner com.oculus.systemux (uid 10021), FLAG_PRIVATE, FLAG_NEVER_BLANK, FLAG_OWN_CONTENT_ONLY}
05-23 18:00:38.379  1073  3425 I DisplayManagerService: Display device added: DisplayDeviceInfo{"com.oculus.android_panel_app.AndroidPanelLayer-dialog": uniqueId="virtual:com.oculus.systemux,10021,com.oculus.android_panel_app.AndroidPanelLayer-dialog,0", 540 x 300, modeId 77, defaultModeId 77, supportedModes [{id=77, width=540, height=300, fps=60.0}], colorMode 0, supportedColorModes [0], HdrCapabilities null, density 160, 160.0 x 160.0 dpi, appVsyncOff 0, presDeadline 16666666, touch NONE, rotation 0, type VIRTUAL, state OFF, owner com.oculus.systemux (uid 10021), FLAG_PRIVATE, FLAG_NEVER_BLANK, FLAG_OWN_CONTENT_ONLY}
05-23 18:00:38.499  1073  1131 I DisplayManagerService: Display device changed state: "com.oculus.android_panel_app.AndroidPanelLayer-#main", ON
05-23 18:00:38.507  1073  1131 I DisplayManagerService: Display device changed state: "com.oculus.android_panel_app.AndroidPanelLayer-dialog", ON
05-23 18:00:40.212  1073  3422 I ActivityManager: Start proc 9762:com.oculus.vrshell.home:explore/u0a53 for service com.oculus.vrshell.home/.ExploreService
05-23 18:00:41.616  1498  9853 W ContextImpl: Calling a method in the system process without a qualified user: android.app.ContextImpl.sendBroadcast:877 android.content.ContextWrapper.sendBroadcast:421 com.facebook.analytics2.logger.UploadServiceBus.signalJobRan:60 com.facebook.analytics2.logger.UploadJobHandler.exitStateMachine:267 com.facebook.analytics2.logger.UploadJobHandler.handleMessage:97 
05-23 18:00:41.678  1073  4960 I ActivityManager: Start proc 9854:com.oculus.vrshell.home:library/u0a53 for service com.oculus.vrshell.home/.LibraryService
05-23 18:00:42.427  1073  3425 I WindowManager: WIN DEATH: Window{c73087e u0 SurfaceView - com.YourCompany.ToysGame/com.epicgames.ue4.GameActivity}
05-23 18:00:42.428  1073  1559 D ConnectivityService: ConnectivityService NetworkRequestInfo binderDied(NetworkRequest [ LISTEN id=18, [ Capabilities: NOT_RESTRICTED&TRUSTED&NOT_VPN&FOREGROUND] ], android.os.BinderProxy@90531df)
05-23 18:00:42.431  1073  1618 I ActivityManager: Process com.YourCompany.ToysGame (pid 9571) has died
05-23 18:00:42.431  1073  1618 D ActivityManager: cleanUpApplicationRecord -- 9571
05-23 18:00:42.431  1073  1187 E ConnectivityService: RemoteException caught trying to send a callback msg for NetworkRequest [ LISTEN id=18, [ Capabilities: NOT_RESTRICTED&TRUSTED&NOT_VPN&FOREGROUND] ]
05-23 18:00:42.458  1073  1509 I WindowManager: WIN DEATH: Window{ea75007 u0 com.YourCompany.ToysGame/com.epicgames.ue4.GameActivity}
05-23 18:00:44.390  1073  4960 I ActivityManager: START u0 {act=android.intent.action.MAIN cat=[android.intent.category.LAUNCHER] flg=0x10010000 pkg=com.YourCompany.ToysGame cmp=com.YourCompany.ToysGame/com.epicgames.ue4.GameActivity (has extras)} from uid 10028 on display 0
05-23 18:00:44.481  1073  1098 I ActivityManager: Start proc 9924:com.YourCompany.ToysGame/u0a163 for activity com.YourCompany.ToysGame/com.epicgames.ue4.GameActivity
05-23 18:00:44.707  1073  1559 I ActivityManager: Process com.oculus.vrshell.home:library (pid 9854) has died
05-23 18:00:44.708  1073  1559 D ActivityManager: cleanUpApplicationRecord -- 9854
05-23 18:00:45.204  1073  3538 I DisplayManagerService: Display device removed: DisplayDeviceInfo{"com.oculus.android_panel_app.AndroidPanelLayer-#main": uniqueId="virtual:com.oculus.systemux,10021,com.oculus.android_panel_app.AndroidPanelLayer-#main,1", 770 x 241, modeId 76, defaultModeId 76, supportedModes [{id=76, width=770, height=241, fps=60.0}], colorMode 0, supportedColorModes [0], HdrCapabilities null, density 160, 160.0 x 160.0 dpi, appVsyncOff 0, presDeadline 16666666, touch NONE, rotation 0, type VIRTUAL, state ON, owner com.oculus.systemux (uid 10021), FLAG_PRIVATE, FLAG_NEVER_BLANK, FLAG_OWN_CONTENT_ONLY}
05-23 18:00:45.256  1073  4960 I DisplayManagerService: Display device removed: DisplayDeviceInfo{"com.oculus.android_panel_app.AndroidPanelLayer-dialog": uniqueId="virtual:com.oculus.systemux,10021,com.oculus.android_panel_app.AndroidPanelLayer-dialog,0", 540 x 300, modeId 77, defaultModeId 77, supportedModes [{id=77, width=540, height=300, fps=60.0}], colorMode 0, supportedColorModes [0], HdrCapabilities null, density 160, 160.0 x 160.0 dpi, appVsyncOff 0, presDeadline 16666666, touch NONE, rotation 0, type VIRTUAL, state ON, owner com.oculus.systemux (uid 10021), FLAG_PRIVATE, FLAG_NEVER_BLANK, FLAG_OWN_CONTENT_ONLY}
05-23 18:00:45.749  1073  1529 I DisplayManagerService: Display device removed: DisplayDeviceInfo{"com.oculus.android_panel_app.AndroidPanelLayer-#main": uniqueId="virtual:com.oculus.systemux,10021,com.oculus.android_panel_app.AndroidPanelLayer-#main,0", 768 x 124, modeId 66, defaultModeId 66, supportedModes [{id=66, width=768, height=124, fps=60.0}], colorMode 0, supportedColorModes [0], HdrCapabilities null, density 160, 160.0 x 160.0 dpi, appVsyncOff 0, presDeadline 16666666, touch NONE, rotation 0, type VIRTUAL, state ON, owner com.oculus.systemux (uid 10021), FLAG_PRIVATE, FLAG_NEVER_BLANK, FLAG_OWN_CONTENT_ONLY}
05-23 18:00:45.787  1073  4783 I DisplayManagerService: Display device removed: DisplayDeviceInfo{"com.oculus.android_panel_app.AndroidPanelLayer-tabletNav": uniqueId="virtual:com.oculus.systemux,10021,com.oculus.android_panel_app.AndroidPanelLayer-tabletNav,0", 216 x 340, modeId 68, defaultModeId 68, supportedModes [{id=68, width=216, height=340, fps=60.0}], colorMode 0, supportedColorModes [0], HdrCapabilities null, density 160, 160.0 x 160.0 dpi, appVsyncOff 0, presDeadline 16666666, touch NONE, rotation 0, type VIRTUAL, state ON, owner com.oculus.systemux (uid 10021), FLAG_PRIVATE, FLAG_NEVER_BLANK, FLAG_OWN_CONTENT_ONLY}
05-23 18:00:45.818  1073  1099 I DisplayManagerService: Display device removed: DisplayDeviceInfo{"com.oculus.android_panel_app.AndroidPanelLayer-tabletContent": uniqueId="virtual:com.oculus.systemux,10021,com.oculus.android_panel_app.AndroidPanelLayer-tabletContent,0", 552 x 340, modeId 69, defaultModeId 69, supportedModes [{id=69, width=552, height=340, fps=60.0}], colorMode 0, supportedColorModes [0], HdrCapabilities null, density 160, 160.0 x 160.0 dpi, appVsyncOff 0, presDeadline 16666666, touch NONE, rotation 0, type VIRTUAL, state ON, owner com.oculus.systemux (uid 10021), FLAG_PRIVATE, FLAG_NEVER_BLANK, FLAG_OWN_CONTENT_ONLY}
05-23 18:00:45.833  1073  1590 I DisplayManagerService: Display device removed: DisplayDeviceInfo{"com.oculus.android_panel_app.AndroidPanelLayer-tablet": uniqueId="virtual:com.oculus.systemux,10021,com.oculus.android_panel_app.AndroidPanelLayer-tablet,0", 768 x 340, modeId 67, defaultModeId 67, supportedModes [{id=67, width=768, height=340, fps=60.0}], colorMode 0, supportedColorModes [0], HdrCapabilities null, density 160, 160.0 x 160.0 dpi, appVsyncOff 0, presDeadline 16666666, touch NONE, rotation 0, type VIRTUAL, state ON, owner com.oculus.systemux (uid 10021), FLAG_PRIVATE, FLAG_NEVER_BLANK, FLAG_OWN_CONTENT_ONLY}
05-23 18:00:45.866  1073  1502 I DisplayManagerService: Display device added: DisplayDeviceInfo{"com.oculus.android_panel_app.AndroidPanelLayer-#main": uniqueId="virtual:com.oculus.systemux,10021,com.oculus.android_panel_app.AndroidPanelLayer-#main,0", 768 x 124, modeId 78, defaultModeId 78, supportedModes [{id=78, width=768, height=124, fps=60.0}], colorMode 0, supportedColorModes [0], HdrCapabilities null, density 160, 160.0 x 160.0 dpi, appVsyncOff 0, presDeadline 16666666, touch NONE, rotation 0, type VIRTUAL, state OFF, owner com.oculus.systemux (uid 10021), FLAG_PRIVATE, FLAG_NEVER_BLANK, FLAG_OWN_CONTENT_ONLY}
05-23 18:00:45.933  1073  1590 I DisplayManagerService: Display device added: DisplayDeviceInfo{"com.oculus.android_panel_app.AndroidPanelLayer-tablet": uniqueId="virtual:com.oculus.systemux,10021,com.oculus.android_panel_app.AndroidPanelLayer-tablet,0", 768 x 340, modeId 79, defaultModeId 79, supportedModes [{id=79, width=768, height=340, fps=60.0}], colorMode 0, supportedColorModes [0], HdrCapabilities null, density 160, 160.0 x 160.0 dpi, appVsyncOff 0, presDeadline 16666666, touch NONE, rotation 0, type VIRTUAL, state OFF, owner com.oculus.systemux (uid 10021), FLAG_PRIVATE, FLAG_NEVER_BLANK, FLAG_OWN_CONTENT_ONLY}
05-23 18:00:45.951  1073  1555 I DisplayManagerService: Display device added: DisplayDeviceInfo{"com.oculus.android_panel_app.AndroidPanelLayer-tabletNav": uniqueId="virtual:com.oculus.systemux,10021,com.oculus.android_panel_app.AndroidPanelLayer-tabletNav,0", 216 x 340, modeId 80, defaultModeId 80, supportedModes [{id=80, width=216, height=340, fps=60.0}], colorMode 0, supportedColorModes [0], HdrCapabilities null, density 160, 160.0 x 160.0 dpi, appVsyncOff 0, presDeadline 16666666, touch NONE, rotation 0, type VIRTUAL, state OFF, owner com.oculus.systemux (uid 10021), FLAG_PRIVATE, FLAG_NEVER_BLANK, FLAG_OWN_CONTENT_ONLY}
05-23 18:00:45.973  1073  1502 I DisplayManagerService: Display device added: DisplayDeviceInfo{"com.oculus.android_panel_app.AndroidPanelLayer-tabletContent": uniqueId="virtual:com.oculus.systemux,10021,com.oculus.android_panel_app.AndroidPanelLayer-tabletContent,0", 552 x 340, modeId 81, defaultModeId 81, supportedModes [{id=81, width=552, height=340, fps=60.0}], colorMode 0, supportedColorModes [0], HdrCapabilities null, density 160, 160.0 x 160.0 dpi, appVsyncOff 0, presDeadline 16666666, touch NONE, rotation 0, type VIRTUAL, state OFF, owner com.oculus.systemux (uid 10021), FLAG_PRIVATE, FLAG_NEVER_BLANK, FLAG_OWN_CONTENT_ONLY}
05-23 18:00:46.082  1073  1131 I DisplayManagerService: Display device changed state: "com.oculus.android_panel_app.AndroidPanelLayer-#main", ON
05-23 18:00:46.101  1073  1131 I DisplayManagerService: Display device changed state: "com.oculus.android_panel_app.AndroidPanelLayer-tablet", ON
05-23 18:00:46.112  1073  1131 I DisplayManagerService: Display device changed state: "com.oculus.android_panel_app.AndroidPanelLayer-tabletNav", ON
05-23 18:00:46.129  1073  1131 I DisplayManagerService: Display device changed state: "com.oculus.android_panel_app.AndroidPanelLayer-tabletContent", ON
05-23 18:00:46.503  1073  1213 E TaskPersister: File error accessing recents directory (directory doesn't exist?).
05-23 18:00:47.818  1498 10001 W ContextImpl: Calling a method in the system process without a qualified user: android.app.ContextImpl.sendBroadcast:877 android.content.ContextWrapper.sendBroadcast:421 com.facebook.analytics2.logger.UploadServiceBus.signalJobRan:60 com.facebook.analytics2.logger.UploadJobHandler.exitStateMachine:267 com.facebook.analytics2.logger.UploadJobHandler.handleMessage:97 
05-23 18:00:49.563  1073  8366 I ActivityManager: Process com.oculus.vrshell.home:explore (pid 9762) has died
05-23 18:00:49.563  1073  8366 D ActivityManager: cleanUpApplicationRecord -- 9762
05-23 18:01:00.344  1073  1246 I ActivityManager: START u0 {act=com.oculus.vrshell.intent.action.LAUNCH flg=0x10000000 pkg=com.oculus.vrshell cmp=com.oculus.vrshell/.MainActivity (has extras)} from uid 10028 on display 0
05-23 18:01:00.625  1073  1618 I DisplayManagerService: Display device added: DisplayDeviceInfo{"com.oculus.android_panel_app.AndroidPanelLayer-#main": uniqueId="virtual:com.oculus.systemux,10021,com.oculus.android_panel_app.AndroidPanelLayer-#main,1", 770 x 241, modeId 82, defaultModeId 82, supportedModes [{id=82, width=770, height=241, fps=60.0}], colorMode 0, supportedColorModes [0], HdrCapabilities null, density 160, 160.0 x 160.0 dpi, appVsyncOff 0, presDeadline 16666666, touch NONE, rotation 0, type VIRTUAL, state OFF, owner com.oculus.systemux (uid 10021), FLAG_PRIVATE, FLAG_NEVER_BLANK, FLAG_OWN_CONTENT_ONLY}
05-23 18:01:00.843  1073  3538 I DisplayManagerService: Display device added: DisplayDeviceInfo{"com.oculus.android_panel_app.AndroidPanelLayer-dialog": uniqueId="virtual:com.oculus.systemux,10021,com.oculus.android_panel_app.AndroidPanelLayer-dialog,0", 540 x 300, modeId 83, defaultModeId 83, supportedModes [{id=83, width=540, height=300, fps=60.0}], colorMode 0, supportedColorModes [0], HdrCapabilities null, density 160, 160.0 x 160.0 dpi, appVsyncOff 0, presDeadline 16666666, touch NONE, rotation 0, type VIRTUAL, state OFF, owner com.oculus.systemux (uid 10021), FLAG_PRIVATE, FLAG_NEVER_BLANK, FLAG_OWN_CONTENT_ONLY}
05-23 18:01:00.963  1073  1131 I DisplayManagerService: Display device changed state: "com.oculus.android_panel_app.AndroidPanelLayer-#main", ON
05-23 18:01:00.979  1073  1131 I DisplayManagerService: Display device changed state: "com.oculus.android_panel_app.AndroidPanelLayer-dialog", ON
05-23 18:01:03.283  1073  3425 I DisplayManagerService: Display device removed: DisplayDeviceInfo{"com.oculus.android_panel_app.AndroidPanelLayer-#main": uniqueId="virtual:com.oculus.systemux,10021,com.oculus.android_panel_app.AndroidPanelLayer-#main,1", 770 x 241, modeId 82, defaultModeId 82, supportedModes [{id=82, width=770, height=241, fps=60.0}], colorMode 0, supportedColorModes [0], HdrCapabilities null, density 160, 160.0 x 160.0 dpi, appVsyncOff 0, presDeadline 16666666, touch NONE, rotation 0, type VIRTUAL, state ON, owner com.oculus.systemux (uid 10021), FLAG_PRIVATE, FLAG_NEVER_BLANK, FLAG_OWN_CONTENT_ONLY}
05-23 18:01:03.325  1073  8366 I DisplayManagerService: Display device removed: DisplayDeviceInfo{"com.oculus.android_panel_app.AndroidPanelLayer-dialog": uniqueId="virtual:com.oculus.systemux,10021,com.oculus.android_panel_app.AndroidPanelLayer-dialog,0", 540 x 300, modeId 83, defaultModeId 83, supportedModes [{id=83, width=540, height=300, fps=60.0}], colorMode 0, supportedColorModes [0], HdrCapabilities null, density 160, 160.0 x 160.0 dpi, appVsyncOff 0, presDeadline 16666666, touch NONE, rotation 0, type VIRTUAL, state ON, owner com.oculus.systemux (uid 10021), FLAG_PRIVATE, FLAG_NEVER_BLANK, FLAG_OWN_CONTENT_ONLY}
05-23 18:01:05.563  1073  1213 E TaskPersister: File error accessing recents directory (directory doesn't exist?).
05-23 18:01:08.580  1498 10064 W ContextImpl: Calling a method in the system process without a qualified user: android.app.ContextImpl.sendBroadcast:877 android.content.ContextWrapper.sendBroadcast:421 com.facebook.analytics2.logger.UploadServiceBus.signalJobRan:60 com.facebook.analytics2.logger.UploadJobHandler.exitStateMachine:267 com.facebook.analytics2.logger.UploadJobHandler.handleMessage:97 
05-23 18:01:13.228  1073  1118 E BatteryStatsService: no controller energy info supplied
05-23 18:01:13.244  1073  1118 E BatteryStatsService: no controller energy info supplied
05-23 18:01:32.032  1073  1596 I ActivityManager: START u0 {act=com.oculus.vrshell.intent.action.LAUNCH flg=0x10000000 pkg=com.oculus.vrshell cmp=com.oculus.vrshell/.MainActivity (has extras)} from uid 10028 on display 0
--------- beginning of main
05-23 18:01:32.327  1858  1920 I [OAR] Gatekeepers: Not passing to SystemUX GK oculus_vrshell_core_tv_button:false
05-23 18:01:32.327  1858  1920 I [OAR] Gatekeepers: Not passing to SystemUX GK assistant_on_oculus:false
05-23 18:01:32.327  1858  1920 I [OAR] Gatekeepers: Not passing to SystemUX GK oculus_monterey_ota_slow_dogfooding:false
05-23 18:01:32.327  1858  1920 I [OAR] Gatekeepers: Not passing to SystemUX GK oculus_vrshell_increased_pixel_density:false
05-23 18:01:32.327  1858  1920 I [OAR] Gatekeepers: Not passing to SystemUX GK oculus_ota_monterey_demo:false
05-23 18:01:32.327  1858  1920 I [OAR] Gatekeepers: Not passing to SystemUX GK oculus_ota_manual_qa:false
05-23 18:01:32.327  1858  1920 I [OAR] Gatekeepers: Not passing to SystemUX GK oculus_vrshell_core_quest_retaildemo:false
05-23 18:01:32.327  1858  1920 I [OAR] Gatekeepers: Not passing to SystemUX GK oculus_vrshell_multiapp_rollout:false
05-23 18:01:32.327  1858  1920 I [OAR] Gatekeepers: Not passing to SystemUX GK oculus_vrshell_webtask:false
05-23 18:01:32.327  1858  1920 I [OAR] Gatekeepers: Not passing to SystemUX GK oculus_mobile_auiv2_rollout_v16:false
05-23 18:01:32.327  1858  1920 I [OAR] Gatekeepers: Passing to SystemUX GK oculus_mobile_pause_videoshot_enabled:true
05-23 18:01:32.327  1858  1920 I [OAR] Gatekeepers: Not passing to SystemUX GK oculus_library_show_disabled_apps:false
05-23 18:01:32.327  1858  1920 I [OAR] Gatekeepers: Not passing to SystemUX GK oc_vrshell_keyboard_transcription_feedback:false
05-23 18:01:32.327  1858  1920 I [OAR] Gatekeepers: Not passing to SystemUX GK ota_blacklist:false
05-23 18:01:32.327  1858  1920 I [OAR] Gatekeepers: Not passing to SystemUX GK oc_shellenv_as_default:false
05-23 18:01:32.328  1858  1920 I [OAR] Gatekeepers: Not passing to SystemUX GK oculus_mobile_search_aui_search_removal:false
05-23 18:01:32.328  1858  1920 I [OAR] Gatekeepers: Not passing to SystemUX GK oculus_vrshell_enable_social_video:false
05-23 18:01:32.328  1858  1920 I [OAR] Gatekeepers: Not passing to SystemUX GK oculus_vrshell_enable_social_platform_app_routing:false
05-23 18:01:32.328  1858  1920 I [OAR] Gatekeepers: Passing to SystemUX GK oculus_party_joinable_toggle_aui:true
05-23 18:01:32.328  1858  1920 I [OAR] Gatekeepers: Not passing to SystemUX GK oculus_mobile_auiv2_feature_enabled:true - Not registered
05-23 18:01:32.328  1858  1920 I [OAR] Gatekeepers: Not passing to SystemUX GK oculus_monterey_ota_fast_dogfooding:false
05-23 18:01:32.328  1858  1920 I [OAR] Gatekeepers: Not passing to SystemUX GK oculus_home_layertransform:false
05-23 18:01:32.328  1858  1920 I [OAR] Gatekeepers: Not passing to SystemUX GK oculus_mobile_settings_controller_effects:false
05-23 18:01:32.328  1858  1920 I [OAR] Gatekeepers: Not passing to SystemUX GK oculus_vrshell_multiapp_public:true - Not registered
05-23 18:01:32.328  1858  1920 I [OAR] Gatekeepers: Not passing to SystemUX GK oculus_vrshell_managed_launcher:false
05-23 18:01:32.328  1858  1920 I [OAR] Gatekeepers: Not passing to SystemUX GK oculus_vrshell_core_go_retaildemo:false
05-23 18:01:32.328  1858  1920 I [OAR] Gatekeepers: Not passing to SystemUX GK oculus_video_use_exoplayer_fast_seek:true - Not registered
05-23 18:01:32.328  1858  1920 I [OAR] Gatekeepers: Not passing to SystemUX GK oculus_monterey_master_lkg_ota:false
05-23 18:01:32.328  1858  1920 I [OAR] Gatekeepers: Passing to SystemUX GK oculus_messenger_quick_chat_dialog:true
05-23 18:01:32.328  1858  1920 I [OAR] Gatekeepers: Passing to SystemUX GK oculus_vrshell_enable_vrcast:true
05-23 18:01:32.328  1858  1920 I [OAR] Gatekeepers: Not passing to SystemUX GK oculus_vrshell_core_debug_panel:false
05-23 18:01:32.328  1858  1920 I [OAR] Gatekeepers: Not passing to SystemUX GK oculus_vrshell_anytimeui_v2_profile:false
05-23 18:01:32.328  1858  1920 I [OAR] Gatekeepers: Not passing to SystemUX GK oculus_vrshell_anytimeui_passthrough_button:false
05-23 18:01:32.328  1858  1920 I [OAR] Gatekeepers: Not passing to SystemUX GK oculus_vrshell_overlays_v2_enabled:true - Not registered
05-23 18:01:32.328  1858  1920 I [OAR] ShellApp: Notifying foreground panel changed
05-23 18:01:32.330  1858  1920 I [OAR] PanelAppHost: PanelAppHost( com.oculus.systemux/com.oculus.panelapp.anytimeui.AnytimeUIAndroidPanelService ) for PanelId 48
05-23 18:01:32.330  1858  1920 I [OAR] PanelAppHost: Panel app 48 (com.oculus.systemux/com.oculus.panelapp.anytimeui.AnytimeUIAndroidPanelService) changing state from startup to foreground
05-23 18:01:32.330  2191  2246 I GuardianSystem: UpdateSystem: Responding to local space version number change.
05-23 18:01:32.331  2129  4167 I VrRuntimeService: nativeCreateAndroidSurfaceSwapChain 65536 1 32856 1 1 1 1 1 0 0
05-23 18:01:32.332  2129  4167 I VrRuntimeServer: CreateAndroidSurfaceSwapChain: result surface 0x7f7c3a5000
05-23 18:01:32.333  1858  1920 I [OAR] PanelRenderLayer: vrapi_CreateAndroidSurfaceSwapChain() -> 0xb8bb8600
05-23 18:01:32.333  2129  2153 I VrRuntimeService: nativeCreateAndroidSurfaceSwapChain 65536 1 32856 1 1 1 1 1 0 0
05-23 18:01:32.334  2129  2153 I VrRuntimeServer: CreateAndroidSurfaceSwapChain: result surface 0x7f7fb07000
05-23 18:01:32.334  1858  1920 I [OAR] PanelRenderLayer: vrapi_CreateAndroidSurfaceSwapChain() -> 0xb395c000
05-23 18:01:32.334  2129  4094 I VrRuntimeService: nativeCreateAndroidSurfaceSwapChain 65536 1 32856 1 1 1 1 1 0 0
05-23 18:01:32.335  2129  4094 I VrRuntimeServer: CreateAndroidSurfaceSwapChain: result surface 0x7f74a61000
05-23 18:01:32.335  1858  1920 I [OAR] PanelRenderLayer: vrapi_CreateAndroidSurfaceSwapChain() -> 0xb8bb7800
05-23 18:01:32.336  1858  1920 I [OAR] PanelAppHost: Passing env var _oc_device_region = 0
05-23 18:01:32.336  1858  1920 I [OAR] PanelAppHost: Passing env var _oc_device_type = 259
05-23 18:01:32.336  1858  1920 I [OAR] PanelAppHost: Passing env var _oc_headset_type = 256
05-23 18:01:32.336  1858  1920 I [OAR] PanelAppHost: Passing env var _oc_analytics_session_id = 03440790-8bc2-41fe-ab22-a37aee9de554
05-23 18:01:32.336  1858  1920 I [OAR] PanelAppHost: Passing env var _oc_userid = 102449717587751
05-23 18:01:32.336  1858  1920 I [OAR] PanelAppHost: Passing env var _oc_enterprise_mode = false
05-23 18:01:32.336  1858  1920 I [OAR] PanelAppHost: Passing env var _oc_shell_version_name = 17.0.0.168.462
05-23 18:01:32.336  1858  1920 I [OAR] PanelAppHost: Passing env var _oc_shell_version_code = 214483578
05-23 18:01:32.336  1858  1920 I [OAR] PanelAppHost: Passing env var _oc_shell_permissions = permissionsGranted camera write_storage microphone
05-23 18:01:32.336  1858  1920 I [OAR] PanelAppHost: Passing env var _oc_shell_automation_enabled = false
05-23 18:01:32.336  1858  1920 I [OAR] PanelAppHost: Passing env var _oc_shell_view_id_debugging_enabled = false
05-23 18:01:32.336  1858  1920 I [OAR] PanelAppHost: Passing env var _oc_shell_render_scale = 1.000000
05-23 18:01:32.336  1858  1920 I [OAR] PanelAppHost: Passing env var _oc_auiv2 = false
05-23 18:01:32.336  1858  1920 I [OAR] PanelAppHost: Passing env var _oc_shell_feature_sets = multi-layer-v1,mirror-avatar-v1,system-ux-routes-v1,deeplink-nav-v1,clock-levels-v1,layerTranslate-v1,layerScaleDensity-v1,layerScaleDensity-v2,multiapp-alpha-v1,multiapp-v1
05-23 18:01:32.336  1858  1920 I [OAR] PanelAppHost: Passing env var _oc_launch_timestamp = 2695971
05-23 18:01:32.336  1858  1920 I [OAR] PanelAppHost: Passing env var _oc_gk:oculus_mobile_pause_screenshot_enabled = true
05-23 18:01:32.336  1858  1920 I [OAR] PanelAppHost: Passing env var _oc_gk:oculus_vrshell_anytimeui_living_room_badge = true
05-23 18:01:32.336  1858  1920 I [OAR] PanelAppHost: Passing env var _oc_gk:oculus_developer = true
05-23 18:01:32.336  1858  1920 I [OAR] PanelAppHost: Passing env var _oc_gk:oculus_mobile_settings_release_process = true
05-23 18:01:32.336  1858  1920 I [OAR] PanelAppHost: Passing env var _oc_gk:oculus_social_party_fb_upsell = true
05-23 18:01:32.336  1858  1920 I [OAR] PanelAppHost: Passing env var _oc_gk:oculus_auiv2_default_tablet_hidden = true
05-23 18:01:32.336  1858  1920 I [OAR] PanelAppHost: Passing env var _oc_gk:oculus_parties_message_button = true
05-23 18:01:32.336  1858  1920 I [OAR] PanelAppHost: Passing env var _oc_gk:oculus_parties_join_button = true
05-23 18:01:32.336  1858  1920 I [OAR] PanelAppHost: Passing env var _oc_gk:oculus_vrshell_anytimeui_v2_show_pymks = true
05-23 18:01:32.336  1858  1920 I [OAR] PanelAppHost: Passing env var _oc_gk:oculus_vrshell_anytimeui_chat_icon = true
05-23 18:01:32.336  1858  1920 I [OAR] PanelAppHost: Passing env var _oc_gk:oculus_mobile_hand_tracking_ga = true
05-23 18:01:32.336  1858  1920 I [OAR] PanelAppHost: Passing env var _oc_gk:oculus_mobile_settings_hand_tracking = true
05-23 18:01:32.336  1858  1920 I [OAR] PanelAppHost: Passing env var _oc_gk:oculus_quest_passthrough_ondemand = true
05-23 18:01:32.336  1858  1920 I [OAR] PanelAppHost: Passing env var _oc_gk:oc_social_h1_2020_mobile_sharing_updates = true
05-23 18:01:32.336  1858  1920 I [OAR] PanelAppHost: Passing env var _oc_gk:oculus_mobile_pause_invite_enabled = true
05-23 18:01:32.336  1858  1920 I [OAR] PanelAppHost: Passing env var _oc_gk:oculus_party_joinable_calls = true
05-23 18:01:32.336  1858  1920 I [OAR] PanelAppHost: Passing env var _oc_gk:oculus_party_block_members = true
05-23 18:01:32.336  1858  1920 I [OAR] PanelAppHost: Passing env var _oc_gk:oculus_mobile_pause_videoshot_enabled = true
05-23 18:01:32.336  1858  1920 I [OAR] PanelAppHost: Passing env var _oc_gk:oculus_party_joinable_toggle_aui = true
05-23 18:01:32.336  1858  1920 I [OAR] PanelAppHost: Passing env var _oc_gk:oculus_messenger_quick_chat_dialog = true
05-23 18:01:32.336  1858  1920 I [OAR] PanelAppHost: Passing env var _oc_gk:oculus_vrshell_enable_vrcast = true
05-23 18:01:32.336  1858  1920 I [OAR] PanelAppHost: Passing env var _oc_gk:oculus_mobile_sysux_unified_dialogs_v9 = true
05-23 18:01:32.336  1858  1920 I [OAR] PanelAppHost: Passing env var _oc_gk:oculus_mobile_sysux_lightweight_releases = true
05-23 18:01:32.336  1858  1920 I [OAR] PanelAppHost: Passing env var _oc_gk:oculus_mobile_home_js_bundle = true
05-23 18:01:32.336  1858  1920 I [OAR] PanelAppHost: Passing env var _oc_ff:aui_v2 = false
05-23 18:01:32.336  1858  1920 I [OAR] PanelAppHost: Passing env var _oc_ff:aui_android_only_library = false
05-23 18:01:32.336  1858  1920 I [OAR] PanelAppHost: Passing env var _oc_ff:aui_react_only_library = false
05-23 18:01:32.336  1858  1920 I [OAR] PanelAppHost: Passing env var _oc_shell_host = vrshell
05-23 18:01:32.336  1858  1920 I [OAR] PanelAppHost: Passing env var _oc_shell_panel_id = 48
05-23 18:01:32.336  1858  1920 I [OAR] PanelAppHost: Calling sendPanelLaunchIntent for panel app com.oculus.systemux/com.oculus.panelapp.anytimeui.AnytimeUIAndroidPanelService
05-23 18:01:32.336  1858  1920 D [OAR] ShellApplication: sendApkPanelLaunchIntent: packageName=com.oculus.systemux, serviceClassName=com.oculus.panelapp.anytimeui.AnytimeUIAndroidPanelService
05-23 18:01:32.340  1858  1920 D [OAR] PanelServiceConnection: getSystemProcessUidForCurrentUser: 'android' systemUid = 1000
05-23 18:01:32.340  1858  1920 D [OAR] ShellApplication: bindService Intent { cmp=com.oculus.systemux/com.oculus.panelapp.anytimeui.AnytimeUIAndroidPanelService }
05-23 18:01:32.340  1858 10072 I [OAR] AudioEngine: PlayTimeOffset = 2695.985546
05-23 18:01:32.342  1858  1920 D [OAR] ShellApplication: notify OS to set com.oculus.systemux/com.oculus.panelapp.anytimeui.AnytimeUIAndroidPanelService to FOREGROUND
05-23 18:01:32.343  1858  1858 D [OAR] PanelServiceConnection: onSeviceConnected - component name (ComponentInfo{com.oculus.systemux/com.oculus.panelapp.anytimeui.AnytimeUIAndroidPanelService}), panel app id (48)
05-23 18:01:32.343  1858  1858 D [OAR] ShellApplication: notify OS to set com.oculus.systemux/com.oculus.panelapp.anytimeui.AnytimeUIAndroidPanelService to FOREGROUND
05-23 18:01:32.343  1858  1920 I [OAR] DialogController: SetPendingDialog old: 0 systemux://dialog/none   new: 11 systemux://dialog/exit com.YourCompany.ToysGame/com.epicgames.ue4.GameActivity
05-23 18:01:32.344  1858  1920 I [OAR] SystemUXController: No known System UX Route for Navigation Route: com.oculus.systemux/com.oculus.panelapp.anytimeui.AnytimeUIAndroidPanelService
05-23 18:01:32.344  1858  1920 I [OAR] PlatformManager: Checking livestreaming allowed for:  com.YourCompany.ToysGame
05-23 18:01:32.344  1858  1920 I [OAR] SystemTaskBarControllerBatteryLevels: Updating left controller battery level from 60 to 60.
05-23 18:01:32.344  1858  1920 I [OAR] SystemTaskBarControllerBatteryLevels: Updating right controller battery level from 50 to 50.
05-23 18:01:32.344  1858  1920 I [OAR] DialogController: Launching pending dialog: systemux://dialog/exit
05-23 18:01:32.344  1858  1920 I [OAR] DialogController: showDialog systemux://dialog/exit systemux://dialog/exit com.YourCompany.ToysGame
05-23 18:01:32.344  1858  2423 I OVRPlatform: [CurlHttpClient] Executing HTTP request: https://graph.oculus.com//v1.20/me?fields=current_party{id,leader{id},join_policy,users{id,alias,can_viewer_message,display_name,profile_url,profile_url_small,presence,presence_status,presence_app{id,package_name},presence_deeplink_joinable,presence_deeplink_message,presence_destination_api_name,presence_scoped_user_id,avatar_v2{avatar_image{uri}}},invited_users{id,alias,can_viewer_message,display_name,profile_url,profile_url_small,presence,presence_status,presence_app{id,package_name},avatar_v2{avatar_image{uri}}}}&app_version=214483578
05-23 18:01:32.345  2114  2314 I LibraryProvider: running queryApp(com.YourCompany.ToysGame) for com.oculus.uid:10043
05-23 18:01:32.345  2114  2314 W LibraryProvider: Cannot find entitlement for com.YourCompany.ToysGame
05-23 18:01:32.345  1789  1789 W OVRLibrary: null cursor received for query content://com.oculus.ocms.library/apps/com.YourCompany.ToysGame
05-23 18:01:32.346  1858  1920 I [OAR] GuardianController: currentForceFlags != desiredForceFlags: 0, 4
05-23 18:01:32.346  2191  2308 I VrGuardianService: GuardianSDKServer::SetGuardianForceDrawFlags
05-23 18:01:32.347  2191  2308 I JniUtils: Creating temporary JNIEnv. This is a heavy operation and should be infrequent. To optimize, use JNI AttachCurrentThread on calling thread
05-23 18:01:32.347  1858  1858 I [OAR] PanelServiceConnection: verifyFirstPartyUID(Debug Signatures=false, uid=10021) => apkSignatureResult=SigCertInfo(isTrusted=true, packageNames=[com.oculus.systemux], signature=308205cf308203b7a0030201020204097e91c1300d06092a864886f70d01010b0500308197310b3009060355040613025553311330110603550408130a43616c69666f726e6961311330110603550407130a4d656e6c6f205061726b31233021060355040a131a46616365626f6f6b20546563686e6f6c6f676965732c204c4c4331233021060355040b131a46616365626f6f6b20546563686e6f6c6f676965732c204c4c43311430120603550403130b4f63756c75732041707073301e170d3139303730343131333935315a170d3436313131393131333935315a308197310b3009060355040613025553311330110603550408130a43616c69666f726e6961311330110603550407130a4d656e6c6f205061726b31233021060355040a131a46616365626f6f6b20546563686e6f6c6f676965732c204c4c4331233021060355040b131a46616365626f6f6b20546563686e6f6c6f676965732c204c4c43311430120603550403130b4f63756c7573204170707330820222300d06092a864886f70d01010105000382020f003082020a0282020100b815642a5c201c8da044905dafbb06c05fddb75449cc75a716a0434da0493a52a4d60643532c237e76cb41d2c32a5e4474f12b37f632a809b5a5ceb8c6289ecf828e736b4ec452b1c2757bd0b5ed13eff5a7a47ab2ef6cdf60a8d749e9e8603f30d12b5db8f734c57578a2a4ce5ff5737c1f02c629d2dcb4f82726674663a699de94463ff370fa9eb48158831bf0b68bd6ec84293182d52e860bdd81bb9ce9cdd6a77fea0df25004da34d3cce7a31069646aa4628fba9ccb0952163793be9a4edf49a53f83179c2f44d8c87d6c129e8d590af0f3fced26201ee43b31fccd93b497cd198c5cd1f98d64c4f7ad79ca47278c02652d5dc072a99807e22f473f7bae4da2bafcae48cd49ad55a764b8d39f329f6175eac9074307deff48b1c4a6e19b748766617768c31a17feae8478eb7f9ebfb61af2b9f5a692b636342d7ebc53d7146626b51801b5a0a102e281475decdefb8683d0ca2843dc7aaeb6759bcab0dcba38db44f5d7f797a1c9c02dd159c0e3c72b14dc882d31c24ad8abee4ce0f7f0205e05efef551e2551a61e96636ed5dfd7435d3d24f5a130a12f10452cc954aa770d5d95e3e0cb9d7b05c5506a7947f8ff3437b3d82274fdaa156d85bfb7fbcb4fa5557080fedab86520b71d3d533e7bb3e7e3ebe9712b68e755d700b0afbf7595ffa80a6b3d90bfe599769138ee6515df415e32c0abed2b8e4aea1f47351f490203010001a321301f301d0603551d0e04160414a3c939e6b71c43bc9193f773c0351be1aff311f9300d06092a864886f70d01010b050003820201004e4c865231f2a3583c6af9488ecf9aa96b1ee84e2d7bfad00581537dc70c54ecfcf360e563d018efa4cdd77bf6fc4c9f1a20ebd4215cf1538686d4089bdcc8adb6ae4497ead14b0c18efd52ce93357019973e94e16b3326c60885b1bdc5f9cad1098f16732935876d8d19bda3ceeaaa69a83c4e2231710c6735f88abdfffe3dfa2be3f18f894923441b4e4a9c9664ed6294c16d7c073547063bfdbbefad184a001f1dce2feffdc96d10eb16a3bfbcd382cd297ca3b4edb7ebacd1a9931a1368a5157ceaebbca5b39bd5db5461a340db8ec076d38a94bcdd042bfb51388158ba97a49b631c1762fa746c7bb36eaf15cae23fa993cfb052e824f2ae173ea27b50a6cca91eb955f4faf131514757e5a3ecae9df6d23771279b7742f28fb9ce394eb9e03926f550716f1312355a5efdc479d8347b516cff55cb14307c81280142cacf2fd6562a2baacbfc97869272b1c51abf79121de8bab227e001313d4115eb9b33a332ebb34e290f14b5352ef1038f7a5f3740c9d1136b3526de4331deb4fa529c36a17c04c3e64d4f6ebda73d6e6e18281e3948fd11e685eab6611be1bc62839bce5962715e7f6537e6c083bcd3538d17407b26c850cd6b3f5e2149fdef027a6cfb7ed0f93c928aca14927b10c6a3f104ba1b10413af8b1868b84a004e5ddd065fff26a7bb3c818bb5a2d69aedf9441ef9033efae3ef52282a96f66d4b4ff3f2), time=1 ms
05-23 18:01:32.348  1858  1920 I [OAR] EnvironmentReconciler: Audio state is invalid, but headset is mounted. Marking all state as changed to trigger update
05-23 18:01:32.348  1858  1920 I [OAR] PlatformManager: isLiveStreamingAllowed response:  1
05-23 18:01:32.352   549  1700 D audio_hw_primary: adev_open_input_stream: enter: sample_rate(48000) channel_mask(0x10) devices(0x80000004)        stream_handle(0xf35bcd40) io_handle(310) source(1) format 1
05-23 18:01:32.352  3096  6596 I CppPanelService: verifyVrShellUID(Debug Signatures=false, uid=10028) => apkSignatureResult=SigCertInfo(isTrusted=true, packageNames=[com.oculus.vrshell], signature=3082038d30820275a00302010202041303858a300d06092a864886f70d01010b05003077310b3009060355040613025553310b3009060355040813024341311330110603550407130a4d656e6c6f205061726b31173015060355040a130e4f63756c75732056522c204c4c4331173015060355040b130e4f63756c75732056522c204c4c43311430120603550403130b4f63756c75732041707073301e170d3134313033303231343032315a170d3432303331373231343032315a3077310b3009060355040613025553310b3009060355040813024341311330110603550407130a4d656e6c6f205061726b31173015060355040a130e4f63756c75732056522c204c4c4331173015060355040b130e4f63756c75732056522c204c4c43311430120603550403130b4f63756c7573204170707330820122300d06092a864886f70d01010105000382010f003082010a0282010100a34c7fbd96dea95d811f21a0d760cabca85f2df5dbe19b62aca7a3e3e0b6e48f7e173345f2753c458d639cc2e222eeee4cfb5e89ac1c5060044414056709a43a7f1a6f1e4f2c3d708c48912634be08ad6da1fff92d9c0d4b85e4bc8a8b1c27de84c04eb1e6577c10693500af46beaf7bd2ce72a06a46f4e565859f242cecbef1a431ae8096db712cebe73840bacc64de6b99077ba1ca8c20e5d0b4870bd161f087abbf568dfef58e604068ca6f7cdea183c8681c306bc30cb223e7c5ce3a2fcf00d13e158475b3700ef62dcca46c57baecca4d91052e20b861a1a085d5fc8e99aed8c4a9cfd550d01e54ef5062133befcf7f9ea6a5a1d1575a72cd82279f34030203010001a321301f301d0603551d0e04160414ec7ccdaf8ccdc6dd1b87d4b561582ad8ec397b80300d06092a864886f70d01010b0500038201010014c557ecddc17ba8b979618036e7093b8e7307f624644532c31239f4dc83fd9424267ca7670fa9f78689cbc5bfd8a6312fdc214bd159d614a8753ceec0f2b2d9166217895b13c992e1d10ca625a3153dacfa51dbdb7fde139bd59510f5add29f88be3826b445ce7386dcf06577be72fbdf118fa81179091fad275981409e02d40422d8e86df5827a2c496a4b905b4825c3f1ba0af4cf509bf9b0d4d608cf0b4320ac60d1a8cbcc384de24f11a4c93c0fc5b887cbd6855871af1b1ef729c51a8a123efc6a627b6494e81a264587443b9156ad17772863c2f9685fae9c72a552b333f8ef2822bce5d4d178e45b3a8dd4e321924f6a5ba43f732971a9e74cbf0433), time=2 ms
05-23 18:01:32.361   549 10074 I AudioFlinger: AudioFlinger's thread 0xf2183b40 ready to run
05-23 18:01:32.364   549 10074 D audio_hw_primary: in_standby: enter: stream (0xf35bcd40) usecase(16: audio-record)
05-23 18:01:32.370   549 10074 D audio_hw_primary: in_standby: enter: stream (0xf35bcd40) usecase(16: audio-record)
05-23 18:01:32.372   549  7174 D audio_hw_primary: adev_close_input_stream: enter:stream_handle(0xf35bcd40)
05-23 18:01:32.372   549  7174 D audio_hw_primary: in_standby: enter: stream (0xf35bcd40) usecase(16: audio-record)
05-23 18:01:32.380  2114  2262 E Security-LocalReporter: UID '10043' is shared by multiple packages: [com.oculus.home, com.oculus.horizon]
05-23 18:01:32.385  3096  3096 D CppPanelService: BEGIN: Initializing panel application via MSG_CREATE_PANEL_APP.
05-23 18:01:32.387  1858  1920 I OVRPlatform: [AndroidPlatformIntegration] Creating shared mic
05-23 18:01:32.388  2191  2308 I VrGuardianService: GuardianSDKServer::SetGuardianCanPaint
05-23 18:01:32.388  1858  1920 I [OAR] TelemetryProvider: aui_reorient system 0 0 0 com.YourCompany.ToysGame
05-23 18:01:32.389  1858 10076 I VrRuntimeClient: FenceChecker::MainLoop - started
05-23 18:01:32.392  3096  3096 D CppPanelService: Falling back to last known good shell api level for 17.0.0.168.462
05-23 18:01:32.392  2114  2232 E Security-LocalReporter: UID '10043' is shared by multiple packages: [com.oculus.home, com.oculus.horizon]
05-23 18:01:32.392  3096  3096 D CppPanelService: Configuring service for Shell with versionName 17.0.0.168.462 and versionCode 214483578 selected API Level 2
05-23 18:01:32.392  3096  3096 I AndroidPanelApp: Creating AndroidPanelApp
05-23 18:01:32.392  3096  3096 I AndroidPanelApp: _oc_userid = 102449717587751
05-23 18:01:32.392  3096  3096 I AndroidPanelApp: _oc_gk:oculus_vrshell_anytimeui_v2_show_pymks = true
05-23 18:01:32.392  3096  3096 I AndroidPanelApp: _oc_gk:oculus_auiv2_default_tablet_hidden = true
05-23 18:01:32.392  3096  3096 I AndroidPanelApp: _oc_gk:oculus_messenger_quick_chat_dialog = true
05-23 18:01:32.392  3096  3096 I AndroidPanelApp: _oc_gk:oculus_quest_passthrough_ondemand = true
05-23 18:01:32.392  3096  3096 I AndroidPanelApp: _oc_gk:oculus_parties_join_button = true
05-23 18:01:32.392  3096  3096 I AndroidPanelApp: _oc_gk:oculus_mobile_sysux_unified_dialogs_v9 = true
05-23 18:01:32.392  3096  3096 I AndroidPanelApp: _oc_gk:oculus_vrshell_enable_vrcast = true
05-23 18:01:32.392  3096  3096 I AndroidPanelApp: _oc_gk:oculus_mobile_settings_hand_tracking = true
05-23 18:01:32.392  3096  3096 I AndroidPanelApp: _oc_gk:oculus_vrshell_anytimeui_chat_icon = true
05-23 18:01:32.392  3096  3096 I AndroidPanelApp: _oc_gk:oculus_mobile_pause_videoshot_enabled = true
05-23 18:01:32.392  3096  3096 I AndroidPanelApp: _oc_gk:oculus_social_party_fb_upsell = true
05-23 18:01:32.392  3096  3096 I AndroidPanelApp: _oc_gk:oculus_mobile_hand_tracking_ga = true
05-23 18:01:32.392  3096  3096 I AndroidPanelApp: _oc_shell_permissions = permissionsGranted camera write_storage microphone
05-23 18:01:32.392  3096  3096 I AndroidPanelApp: _oc_gk:oc_social_h1_2020_mobile_sharing_updates = true
05-23 18:01:32.392  3096  3096 I AndroidPanelApp: _oc_gk:oculus_vrshell_anytimeui_living_room_badge = true
05-23 18:01:32.392  3096  3096 I AndroidPanelApp: _oc_device_type = 259
05-23 18:01:32.392  3096  3096 I AndroidPanelApp: _oc_ff:aui_react_only_library = false
05-23 18:01:32.392  3096  3096 I AndroidPanelApp: _oc_shell_version_code = 214483578
05-23 18:01:32.392  3096  3096 I AndroidPanelApp: _oc_shell_version_name = 17.0.0.168.462
05-23 18:01:32.392  3096  3096 I AndroidPanelApp: _oc_shell_panel_id = 48
05-23 18:01:32.392  3096  3096 I AndroidPanelApp: _oc_gk:oculus_party_block_members = true
05-23 18:01:32.392  3096  3096 I AndroidPanelApp: _oc_device_region = 0
05-23 18:01:32.392  3096  3096 I AndroidPanelApp: _oc_gk:oculus_mobile_pause_invite_enabled = true
05-23 18:01:32.392  3096  3096 I AndroidPanelApp: _oc_launch_timestamp = 2695971
05-23 18:01:32.392  3096  3096 I AndroidPanelApp: _oc_gk:oculus_parties_message_button = true
05-23 18:01:32.392  3096  3096 I AndroidPanelApp: _oc_gk:oculus_party_joinable_calls = true
05-23 18:01:32.392  3096  3096 I AndroidPanelApp: _oc_auiv2 = false
05-23 18:01:32.392  3096  3096 I AndroidPanelApp: _oc_gk:oculus_party_joinable_toggle_aui = true
05-23 18:01:32.392  3096  3096 I AndroidPanelApp: _oc_shell_automation_enabled = false
05-23 18:01:32.392  3096  3096 I AndroidPanelApp: _oc_ff:aui_v2 = false
05-23 18:01:32.392  3096  3096 I AndroidPanelApp: _oc_headset_type = 256
05-23 18:01:32.392  3096  3096 I AndroidPanelApp: _oc_gk:oculus_mobile_home_js_bundle = true
05-23 18:01:32.392  3096  3096 I AndroidPanelApp: _oc_shell_render_scale = 1.000000
05-23 18:01:32.392  3096  3096 I AndroidPanelApp: _oc_gk:oculus_developer = true
05-23 18:01:32.392  3096  3096 I AndroidPanelApp: _oc_gk:oculus_mobile_pause_screenshot_enabled = true
05-23 18:01:32.392  3096  3096 I AndroidPanelApp: _oc_shell_feature_sets = multi-layer-v1,mirror-avatar-v1,system-ux-routes-v1,deeplink-nav-v1,clock-levels-v1,layerTranslate-v1,layerScaleDensity-v1,layerScaleDensity-v2,multiapp-alpha-v1,multiapp-v1
05-23 18:01:32.392  3096  3096 I AndroidPanelApp: _oc_enterprise_mode = false
05-23 18:01:32.392  3096  3096 I AndroidPanelApp: _oc_analytics_session_id = 03440790-8bc2-41fe-ab22-a37aee9de554
05-23 18:01:32.392  3096  3096 I AndroidPanelApp: _oc_gk:oculus_mobile_settings_release_process = true
05-23 18:01:32.392  3096  3096 I AndroidPanelApp: _oc_shell_view_id_debugging_enabled = false
05-23 18:01:32.392  3096  3096 I AndroidPanelApp: _oc_gk:oculus_mobile_sysux_lightweight_releases = true
05-23 18:01:32.392  3096  3096 I AndroidPanelApp: _oc_ff:aui_android_only_library = false
05-23 18:01:32.392  3096  3096 I AndroidPanelApp: _oc_shell_host = vrshell
05-23 18:01:32.392  3096  3096 I AndroidPanelApp: Created
05-23 18:01:32.403  2129  8808 I Clocks  : SetSchedFifo( tid=10076, pri=1 ) succeeded
05-23 18:01:32.404  2129  2341 I VrRuntimeServer: SetCompositorClientEnabled client(2): enabled(0) 0x0
05-23 18:01:32.409  2129  8808 I Clocks  : SetSchedFifo( tid=2404, pri=1 ) succeeded
05-23 18:01:32.409  2129  8808 I TimeWarp: UpdateClockLevels: Apply pending clock request change: 4,5 -> 4,4
05-23 18:01:32.410  2129  8727 I Clocks  : ReleaseClocks - start
05-23 18:01:32.419   723  5942 D         : CPU_CLUSTER_0: No client requests exists, release clocks
05-23 18:01:32.419   723  5942 D         : CPU_CLUSTER_1: No client requests exists, release clocks
05-23 18:01:32.420   723  5942 D         : GPU: No client requests exists, release clocks
05-23 18:01:32.420   723  5942 D         : CPUBW: No client requests exists, release clocks
05-23 18:01:32.421  2129  8727 I Clocks  : ReleaseClocks - end (10.8 ms)
05-23 18:01:32.421  2129  8727 I Clocks  : LockClocks( cpu=4, gpu=4 ) - start
05-23 18:01:32.423  1858  2425 I OVRPlatform: [HttpRequest] Request `me?fields=current_party{id,leader{id},join_policy,users{id,alias,can_viewer_message,display_name,profile_url,profile_url_small,presence,presence_status,presence_app{id,package_name},presence_deeplink_joinable,presence_deeplink_message,presence_destination_api_name,presence_scoped_user_id,avatar_v2{avatar_image{uri}}},invited_users{id,alias,can_viewer_message,display_name,profile_url,profile_url_small,presence,presence_status,presence_app{id,package_name},avatar_v2{avatar_image{uri}}}}' (id: 2998) succeeded: {"id":"102449717587751"}
05-23 18:01:32.423  1858  2425 I OVRPlatform: [RequestStopwatch] HttpRequestAsync (me?fields=current_party{id,leader{id},join_policy,users{id,alias,can_viewer_message,display_name,profile_url,profile_url_small,presence,presence_status,presence_app{id,package_name},presence_deeplink_joinable,presence_deeplink_message,presence_destination_api_name,presence_scoped_user_id,avatar_v2{avatar_image{uri}}},invited_users{id,alias,can_viewer_message,display_name,profile_url,profile_url_small,presence,presence_status,presence_app{id,package_name},avatar_v2{avatar_image{uri}}}}) took 78.6870 milliseconds
05-23 18:01:32.424  3096  3096 V [OAR] AnytimeUIAndroidPanelAppBase: Wifi is connected
05-23 18:01:32.424  3096  3096 I AndroidPanelApp: Calling ensurePanelLayer on layer "#main" with view ID -1
05-23 18:01:32.424  3096  3096 I AndroidPanelLayer: Setting spec for layer "#main"
05-23 18:01:32.424  1789  1922 I OVRPlatform: [MicrophoneServer] Starting mic server with client 0xc7ab5588
05-23 18:01:32.424  3096  3096 I AndroidPanelLayer: Setting size of layer "#main" to have width 770 and height 241
05-23 18:01:32.424  1789  1922 D OVRPlatform-OVRMicrophone: start - current state Initialized
05-23 18:01:32.424  3096  3096 I AndroidPanelLayer: Destroying presentation for layer "#main" with width 770 and height 241
05-23 18:01:32.424  3096  3096 I AndroidPanelLayer: Creating presentation for layer "#main" with width 770 and height 241
05-23 18:01:32.426  1073  1529 I DisplayManagerService: Display device added: DisplayDeviceInfo{"com.oculus.android_panel_app.AndroidPanelLayer-#main": uniqueId="virtual:com.oculus.systemux,10021,com.oculus.android_panel_app.AndroidPanelLayer-#main,1", 770 x 241, modeId 84, defaultModeId 84, supportedModes [{id=84, width=770, height=241, fps=60.0}], colorMode 0, supportedColorModes [0], HdrCapabilities null, density 160, 160.0 x 160.0 dpi, appVsyncOff 0, presDeadline 16666666, touch NONE, rotation 0, type VIRTUAL, state OFF, owner com.oculus.systemux (uid 10021), FLAG_PRIVATE, FLAG_NEVER_BLANK, FLAG_OWN_CONTENT_ONLY}
05-23 18:01:32.429  2129  8727 I Clocks  : CPU levels [0, 4]
05-23 18:01:32.429  2129  8727 I Clocks  : GPU levels [0, 5]
05-23 18:01:32.431   723  1957 D         : CPU_CLUSTER_0: Client 2129 sends freq request [21, 21]
05-23 18:01:32.431   723  1957 D         : CPU_CLUSTER_0: Next Perf Level = (21, 21)
05-23 18:01:32.431   723  1957 D         : CPU_CLUSTER_1: Client 2129 sends freq request [26, 26]
05-23 18:01:32.431   723  1957 D         : CPU_CLUSTER_1: Next Perf Level = (26, 26)
05-23 18:01:32.433  3096  3096 D [OAR] AnytimeUIAndroidPanelApp: Inflating view for layer: #main, viewIdentifier = -1
05-23 18:01:32.434   723  1957 D         : CPUBW: Client 2129 sends freq request [8, 11]
05-23 18:01:32.434   723  1957 D         : CPUBW: Next Perf Level = (8, 11)
05-23 18:01:32.434  1789  1922 I OVRPlatform-OVRMicrophone: AcousticEchoCanceler available
05-23 18:01:32.435   723  1957 D         : GPU: Client 2129 sends freq request [6, 6]
05-23 18:01:32.435   723  1957 D         : GPU: Next Perf Level = (6, 6)
05-23 18:01:32.435  1858  1920 I [OAR] PartyManager: Party Response Parse Time: 0.061094ms
05-23 18:01:32.437  1789  1922 I OVRPlatform-OVRMicrophone: AcousticEchoCanceler created, enabling
05-23 18:01:32.437  1789  1922 I OVRPlatform-OVRMicrophone: AcousticEchoCanceler enable: 0
05-23 18:01:32.438  2129  8727 I Clocks  : LockClocks( cpu=4, gpu=4 ) - end (17.6 ms)
05-23 18:01:32.439  2114  2262 I LibraryProvider: running queryApp(com.YourCompany.ToysGame) for com.oculus.uid:10043
05-23 18:01:32.439  2114  2262 W LibraryProvider: Cannot find entitlement for com.YourCompany.ToysGame
05-23 18:01:32.439  1789  5545 W OVRLibrary: null cursor received for query content://com.oculus.ocms.library/apps/com.YourCompany.ToysGame
05-23 18:01:32.440  1858  2553 I OVRPlatform: [QueueAsyncResponseHandler] success: {"streaming_enabled":false}
05-23 18:01:32.468  1789  1922 I OVRPlatform-OVRMicrophone: NoiseSuppressor available
05-23 18:01:32.470  2114  2232 I LibraryProvider: running queryApp(com.YourCompany.ToysGame) for com.oculus.uid:10043
05-23 18:01:32.473  2114  2232 W LibraryProvider: Cannot find entitlement for com.YourCompany.ToysGame
05-23 18:01:32.475  1789  1789 W OVRLibrary: null cursor received for query content://com.oculus.ocms.library/apps/com.YourCompany.ToysGame
05-23 18:01:32.475  1789  1789 I PlatformPluginManager: onAppStart com.YourCompany.ToysGame false
