05-11 12:55:43.792  1842  1905 W VrApi   : ovr_SubmitFrameInternal: FrameIndex discontinuity: Expected 9041, Received 9040
05-11 12:55:43.793  2115  2326 I ClientMgr: ClientMgr: Flushing frame 9049 from non-current client: com.oculus.vrshell(enabled), current client: com.YourCompany.ToysGame.
05-11 12:55:43.795  1842  1905 I [OAR] ModelDef: Destroying ModelFileModel .gltf.ovrscene
05-11 12:55:43.795  1842  1905 W [OAR] AudioMixer: StopWavFile: Couldn't find attached sound for clientId controllerp0xbfa9e000
05-11 12:55:43.795  1842  1905 I [OAR] ModelDef: Destroying ModelFileModel .gltf.ovrscene
05-11 12:55:43.796  1842  1905 W [OAR] AudioMixer: StopWavFile: Couldn't find attached sound for clientId controllerp0xb98ca000
05-11 12:55:43.796  1842  1905 I GoCompatibility: GoCompatibility: vrapi_LeaveVrMode_Hooked()
05-11 12:55:43.796  1842  1905 I VrApi   : ---------- vrapi_LeaveVrMode [start] ----------
05-11 12:55:43.798  1842  1905 D VrApi   : targetSDKVersion 27
05-11 12:55:43.799  1842  1905 I VrRuntimeClient: DEVICE MODEL NUMBER = Quest
05-11 12:55:43.799  1842  1905 I VrRuntimeClient: DEVICE HARDWARE = monterey
05-11 12:55:43.799  1842  1905 I VrRuntimeClient: DEVICE BUILD NAME = user-602380.24900.0
05-11 12:55:43.799  1842  1905 I VrRuntimeClient: DEVICE BUILD TYPE = user
05-11 12:55:43.799  1842  1905 I VrRuntimeClient: DEVICE OS VERSION = 7.1.1
05-11 12:55:43.799  1842  1905 I VrRuntimeClient: VRRUNTIME VERSION = VRAPI_VERSION_BEGIN { 1.1.33.0-210938873-210938873 Apr 24 2020 16:11:35 Development } RELEASE
05-11 12:55:43.799  1842  1905 I VrRuntimeClient: API LOADER VERSION = 1.1.30.0
05-11 12:55:43.799  1842  1905 I VrRuntimeClient: VRDRIVER VERSION = 16.0.0.141.450
05-11 12:55:43.799  1842  1905 I VrRuntimeClient: APP NAME = Oculus App Runtime
05-11 12:55:43.799  1842  1905 I VrRuntimeClient: APP VERSION = 16.0.0.139.450 versionCode 210946745 internalVersionName 16.0.0.139.450.670c400f6e52 2020_04_24_17_36
05-11 12:55:43.799  1842  1905 I VrRuntimeClient: APP VR TYPE = vr_only
05-11 12:55:43.799  1842  1905 I VrRuntimeClient: APP PACKAGE NAME = com.oculus.vrshell
05-11 12:55:43.799  1842  1905 I VrRuntimeClient: APP ACTIVITY CLASS = com.oculus.vrshell.MainActivity
05-11 12:55:43.800  1842  1905 D BatteryReceiver: Unregistering battery receiver
05-11 12:55:43.807  1842  7722 I VrApi   : FPS=73,Prd=45ms,Tear=0,Early=36,Stale=24,VSnc=1,Lat=1,Fov=0,CPU4/GPU=4/4,2304/670MHz,OC=FF,TA=0/3/0,SP=N/N/N,Mem=1804MHz,Free=1128MB,PSM=0,PLS=0,Temp=29.0C/0.0C,TW=1.87ms,App=4.11ms,GD=0.00ms,CPU&GPU=8.38ms,LCnt=3,GPU%=0.40,CPU%=0.08(W0.14),DSF=1.00
05-11 12:55:43.808  1842  1905 I VrApi   : OVR::Stats thread stopped
05-11 12:55:43.808  1842  1905 I InputDeviceManager: ovrInputDeviceManager::Shutdown
05-11 12:55:43.817  1774  1774 I PlatformPluginManager: enforcePartyChatStateConsistency - got current party response: Party is null
05-11 12:55:43.817  1774  1774 I PlatformPluginManager: enforcePartyChatStateConsistency - User not in a party.
05-11 12:55:43.817  1774  1774 I PlatformPluginManager: stopPartyChat
05-11 12:55:43.817  1774  1774 I PlatformPlugin: [PlatformPluginManager] Stopping party chat
05-11 12:55:43.817  1842  7721 I InputHooks_Internal: InputHooksThreadRun ShutdownRequest received
05-11 12:55:43.817  1774  1774 I OVRPlatform: [PartyChatInterchangeable] StopPartyChat
05-11 12:55:43.818  1842  1905 D InputHooksJava: Disabling Java Input Hooks
05-11 12:55:43.819  2115  2328 D VrRuntimeService: this client: 1842:com.oculus.vrshell
05-11 12:55:43.820  2115  2328 D VrRuntimeService: enableRendering: clientWindow: null enable: false
05-11 12:55:43.820  2115  2328 I ClientMgr: ClientMgr::EnableRendering 1842:com.oculus.vrshell : type 0 : disable
05-11 12:55:43.820  1842  7728 I VrRuntimeClient: FenceChecker::MainLoop - ended
05-11 12:55:43.821  2115  2326 I ClientMgr: Non-overlay clients rendering status has changed: prev=46, curr=47, enabled=3
05-11 12:55:43.822  1842  1905 I BufferObject: ovrBufferObjectFactory::Unimport deleting GL buffer=331
05-11 12:55:43.822  1842  1905 I BufferObject: ovrBufferObjectFactory::Unimport deleting GL memory object=21
05-11 12:55:43.822  1842  1905 I TrackingServiceClient: OVR::TrackingService::ClientSetInterface
05-11 12:55:43.823  1842  1905 D TrackingServiceClient: onClientDisconnect
05-11 12:55:43.823  1842  1905 D TrackingServiceConnectionNative: onClientDisconnect
05-11 12:55:43.823   720   819 I TrackingService: Unregistering client by ITrackingService.unregisterClient
05-11 12:55:43.823   720   819 I TrackingService: TrackingServiceHost Unregistering client: pid 1842
05-11 12:55:43.823  1842  1905 D BinderConnection: Disconnecting from TrackingService service
05-11 12:55:43.823  1842  1905 D TrackingServiceConnectionNative: onDisconnected
05-11 12:55:43.824  1842  1905 D TrackingServiceClient: TrackingServiceConnection mConnectedRemotes.clear()
05-11 12:55:43.824  1842  1905 I TrackingServiceClient: OVR::TrackingService::ClientSetInterface
05-11 12:55:43.824  1842  1905 I VrApi   : ---------- vrapi_LeaveVrMode [end] ----------
05-11 12:55:43.824  1842  1905 I [OAR] ShellFrameAnalytics: ShellFrame frameFunction: 35751us/30564839us, trace: 0us/1us, process commands: 35us/347us, system update: 2192us/39528us, render 350us/4052us, post render 0us/0us
05-11 12:55:43.827  1842  1905 I [OAR] ShellApp: 0xd2510358 msg: surfaceDestroyed 0xe1141008
05-11 12:55:43.887  7328  7345 D UE4     : [2020.05.11-10.55.43:887][107]LogCore: Display: AppLifetime: Application will deactivate
05-11 12:55:43.887  7328  7647 D OVRPlugin: Leaving VR mode.
05-11 12:55:43.887  7328  7647 I GoCompatibility: GoCompatibility: vrapi_LeaveVrMode_Hooked()
05-11 12:55:43.887  7328  7647 I VrApi   : ---------- vrapi_LeaveVrMode [start] ----------
05-11 12:55:43.888  7328  7647 D VrApi   : targetSDKVersion 25
05-11 12:55:43.889  7328  7647 I VrRuntimeClient: DEVICE MODEL NUMBER = Quest
05-11 12:55:43.889  7328  7647 I VrRuntimeClient: DEVICE HARDWARE = monterey
05-11 12:55:43.889  7328  7647 I VrRuntimeClient: DEVICE BUILD NAME = user-602380.24900.0
05-11 12:55:43.889  7328  7647 I VrRuntimeClient: DEVICE BUILD TYPE = user
05-11 12:55:43.889  7328  7647 I VrRuntimeClient: DEVICE OS VERSION = 7.1.1
05-11 12:55:43.889  7328  7647 I VrRuntimeClient: VRRUNTIME VERSION = VRAPI_VERSION_BEGIN { 1.1.33.0-210938873-210938873 Apr 24 2020 16:11:35 Development } RELEASE
05-11 12:55:43.889  7328  7647 I VrRuntimeClient: API LOADER VERSION = 1.1.24.0
05-11 12:55:43.889  7328  7647 I VrRuntimeClient: VRDRIVER VERSION = 16.0.0.141.450
05-11 12:55:43.889  7328  7647 I VrRuntimeClient: APP NAME = ToysGame
05-11 12:55:43.889  7328  7647 I VrRuntimeClient: APP VERSION = 1.0 versionCode 1 internalVersionName <none>
05-11 12:55:43.889  7328  7647 I VrRuntimeClient: APP VR TYPE = vr_only
05-11 12:55:43.889  7328  7647 I VrRuntimeClient: APP PACKAGE NAME = com.YourCompany.ToysGame
05-11 12:55:43.889  7328  7647 I VrRuntimeClient: APP ACTIVITY CLASS = com.epicgames.ue4.GameActivity
05-11 12:55:43.890  7328  7647 D BatteryReceiver: Unregistering battery receiver
05-11 12:55:43.894  7328  7634 D VrApi   : targetSDKVersion 25
05-11 12:55:43.894  7328  7634 I VrApi   : FPS=72,Prd=44ms,Tear=0,Early=0,Stale=6,VSnc=1,Lat=1,Fov=0,CPU4/GPU=2/4,2304/670MHz,OC=FF,TA=0/E0/E0,SP=N/N/N,Mem=1804MHz,Free=1128MB,PSM=0,PLS=0,Temp=29.0C/0.0C,TW=1.38ms,App=13.08ms,GD=0.00ms,CPU&GPU=17.45ms,LCnt=1,GPU%=0.95,CPU%=0.27(W0.30),DSF=1.00
05-11 12:55:43.895  7328  7647 I VrApi   : OVR::Stats thread stopped
05-11 12:55:43.895  7328  7647 I InputDeviceManager: ovrInputDeviceManager::Shutdown
05-11 12:55:43.908  7328  7633 I InputHooks_Internal: InputHooksThreadRun ShutdownRequest received
05-11 12:55:43.908  7328  7647 I InputHooks_Internal: Disabling Native Input Hooks
05-11 12:55:43.909  2115  2140 D VrRuntimeService: this client: 7328:com.YourCompany.ToysGame
05-11 12:55:43.909  2115  2140 D VrRuntimeService: enableRendering: clientWindow: null enable: false
05-11 12:55:43.909  2115  2140 I ClientMgr: ClientMgr::EnableRendering 7328:com.YourCompany.ToysGame : type 0 : disable
05-11 12:55:43.909  2115  2140 I VrRuntimeServer: SetCompositorClientEnabled client(0): enabled(0) 0x0
05-11 12:55:43.912  1478  2003 I UploadManager: Scheduling jobbId 2131165248 within interval (0, 1800000)
05-11 12:55:43.918  2115  2326 I ClientMgr: Non-overlay clients rendering status has changed: prev=47, curr=48, enabled=2
05-11 12:55:43.930  7328  7652 I VrRuntimeClient: FenceChecker::MainLoop - ended
05-11 12:55:43.931  7328  7647 I BufferObject: ovrBufferObjectFactory::Unimport unmapping Vulkan memory
05-11 12:55:43.931  7328  7647 I BufferObject: ovrBufferObjectFactory::Unimport destroying Vulkan buffer=547169854080
05-11 12:55:43.931  7328  7647 I BufferObject: ovrBufferObjectFactory::Unimport freeing Vulkan memory=547056169280
05-11 12:55:43.931  7328  7647 I TrackingServiceClient: OVR::TrackingService::ClientSetInterface
05-11 12:55:43.931  7328  7647 D TrackingServiceClient: onClientDisconnect
05-11 12:55:43.931  7328  7647 D TrackingServiceConnectionNative: onClientDisconnect
05-11 12:55:43.931   720   720 I TrackingService: Unregistering client by ITrackingService.unregisterClient
05-11 12:55:43.931   720   720 I TrackingService: TrackingServiceHost Unregistering client: pid 7328
05-11 12:55:43.931  7328  7647 D BinderConnection: Disconnecting from TrackingService service
05-11 12:55:43.931  7328  7647 D TrackingServiceConnectionNative: onDisconnected
05-11 12:55:43.931  7328  7647 D TrackingServiceClient: TrackingServiceConnection mConnectedRemotes.clear()
05-11 12:55:43.931  7328  7647 I TrackingServiceClient: OVR::TrackingService::ClientSetInterface
05-11 12:55:43.931  7328  7647 I VrApi   : ---------- vrapi_LeaveVrMode [end] ----------
05-11 12:55:43.932  7328  7345 D UE4     : [GameActivity] Unregistering volume receiver
05-11 12:55:43.932  7328  7345 D UE4     : [GameActivity] Unregistering battery receiver
05-11 12:55:43.933  7328  7345 D UE4     : [GameActivity] Unregistering headset receiver
05-11 12:55:43.934  7328  7345 D UE4     : [2020.05.11-10.55.43:934][107]LogCore: Display: AppLifetime: Application will enter background
05-11 12:55:43.934  7328  7345 D UE4     : [2020.05.11-10.55.43:934][107]LogTemp: Android pause audio
05-11 12:55:43.934  7328  7345 D UE4     : [2020.05.11-10.55.43:934][107]LogAudioMixerAndroid: Display: Suspending android audio renderer
05-11 12:55:43.934  7328  7345 D UE4     : [2020.05.11-10.55.43:934][107]LogHMD: Error: ovrp_WaitToBeginFrame 2107 failed (-1003)
05-11 12:55:43.934  7328  7346 D UE4     : [2020.05.11-10.55.43:934][107]LogAndroid: Blocking renderer on invalid window.
05-11 12:55:43.934  7328  7345 W VrApi   : vrapi_WaitFrame: ovr->Destroyed
05-11 12:55:43.934  7328  7346 D UE4     : [2020.05.11-10.55.43:934][107]LogAndroid: Waiting for renderer to encounter blocking command.
05-11 12:55:43.934  7328  7345 W VrApi   : vrapi_GetPredictedDisplayTime: ovr->Destroyed
05-11 12:55:43.934  7328  7345 W VrApi   : vrapi_GetPredictedTracking2: ovr->Destroyed
05-11 12:55:43.935  7328  7345 W VrApi   : vrapi_GetPredictedTracking2: ovr->Destroyed
05-11 12:55:43.935  7328  7647 D UE4     : [2020.05.11-10.55.43:935][107]LogAndroid: Blocking renderer
05-11 12:55:43.935  7328  7647 D UE4     : [2020.05.11-10.55.43:935][107]LogAndroid: RendererBlock release window callback
05-11 12:55:43.935  7328  7647 D UE4     : [2020.05.11-10.55.43:935][107]LogVulkanRHI: Destroy swapchain ... 
05-11 12:55:43.935   552   598 D msm8974_platform: platform_split_snd_device: snd_device(2) new_snd_devices (speaker)
05-11 12:55:43.935   552   598 D ACDB-LOADER: ACDB -> send_audvoltable
05-11 12:55:43.935   552   598 D ACDB-LOADER: ACDB -> ACDB_CMD_GET_AUDPROC_GAIN_DEP_STEP_TABLE, vol index 5
05-11 12:55:43.935   552   598 D         : Failed to fetch the lookup information of the device 0000000F 
05-11 12:55:43.935   552   598 E ACDB-LOADER: Error: ACDB AudProc vol returned = -19
05-11 12:55:43.936   552   598 D ACDB-LOADER: ACDB -> AUDIO_SET_VOL_CAL cal type = 40
05-11 12:55:43.937  7328  7346 D UE4     : LogAndroidEvents::EnqueueAppEvent : 13, [width=-1, height=-1], tid = 7346, APP_EVENT_STATE_APP_SUSPENDED
05-11 12:55:43.937  7328  7346 D UE4     : Case APP_CMD_TERM_WINDOW, tid = 7346
05-11 12:55:43.937  7328  7346 D UE4     : [2020.05.11-10.55.43:937][107]LogAndroid: Case APP_CMD_TERM_WINDOW
05-11 12:55:43.937  7328  7346 D UE4     : LogAndroidEvents::EnqueueAppEvent : 3, [width=-1, height=-1], tid = 7346, APP_EVENT_STATE_WINDOW_DESTROYED
05-11 12:55:43.939  7328  7345 D UE4     : [2020.05.11-10.55.43:939][108]LogAndroidEvents: Display: LogAndroidEvents::DequeueAppEvent : 13, [width=-1, height=-1], APP_EVENT_STATE_APP_SUSPENDED
05-11 12:55:43.939  7328  7345 D UE4     : FAppEventManager::Tick processing, 13
05-11 12:55:43.939  7328  7345 D UE4     : Execution will be paused...
05-11 12:55:43.939  7328  7345 D UE4     : [2020.05.11-10.55.43:939][108]LogAndroidEvents: Display: LogAndroidEvents::DequeueAppEvent : 3, [width=-1, height=-1], APP_EVENT_STATE_WINDOW_DESTROYED
05-11 12:55:43.939  7328  7345 D UE4     : FAppEventManager::Tick processing, 3
05-11 12:55:43.939  7328  7345 D UE4     : APP_EVENT_STATE_WINDOW_DESTROYED, 0, 0, 0
05-11 12:55:43.939  7328  7345 D UE4     : FAppEventManager::Tick EventHandlerEvent Wait 
05-11 12:55:43.939  7328  7345 D UE4     : FAppEventManager::Tick EventHandlerEvent DONE Wait 
05-11 12:55:43.948  7328  7346 D UE4     : [2020.05.11-10.55.43:948][108]LogAndroid: Case APP_CMD_SAVE_STATE
05-11 12:55:43.948  7328  7346 D UE4     : LogAndroidEvents::EnqueueAppEvent : 12, [width=-1, height=-1], tid = 7346, APP_EVENT_STATE_SAVE_STATE
05-11 12:55:43.955  7328  7328 D UE4     : [GameActivity] ==============> GameActive.onStop complete!
05-11 12:55:43.955  7328  7346 D UE4     : [2020.05.11-10.55.43:955][108]LogAndroid: Case APP_CMD_STOP
05-11 12:55:43.955  7328  7346 D UE4     : LogAndroidEvents::EnqueueAppEvent : 8, [width=-1, height=-1], tid = 7346, APP_EVENT_STATE_ON_STOP
05-11 12:55:43.956  7328  7328 D UE4     : [GameActivity] ==============> GameActive.onTrimMemory(TRIM_MEMORY_UI_HIDDEN) called!
05-11 12:55:43.956  7328  7328 V UE4     : [GameApp] App in background
05-11 12:55:43.957  7328  7328 D UE4     : [GameActivity] Creating console command broadcast listener
05-11 12:55:43.957  7328  7346 D UE4     : [2020.05.11-10.55.43:957][108]LogAndroid: Case APP_CMD_START
05-11 12:55:43.957  7328  7346 D UE4     : LogAndroidEvents::EnqueueAppEvent : 9, [width=-1, height=-1], tid = 7346, APP_EVENT_STATE_ON_START
05-11 12:55:43.958  7328  7328 D UE4     : [GameActivity] ==================================> Inside onStart function in GameActivity
05-11 12:55:43.958  7328  7328 V UE4     : [GameApp] App in foreground
05-11 12:55:43.958  7328  7346 D UE4     : Case APP_CMD_RESUME
05-11 12:55:43.958  7328  7328 D UE4     : [GameActivity] onResume: start memory reporter runnable
05-11 12:55:43.958  7328  7346 D UE4     : [2020.05.11-10.55.43:958][108]LogAndroid: Case APP_CMD_RESUME
05-11 12:55:43.958  7328  7346 D UE4     : LogAndroidEvents::EnqueueAppEvent : 7, [width=-1, height=-1], tid = 7346, APP_EVENT_STATE_ON_RESUME
05-11 12:55:43.958  7328  7328 D UE4     : [GameActivity] === Restoring Transparent Bars ===
05-11 12:55:43.958  7328  7328 D UE4     : [GameActivity] ==============> [JAVA] AndroidThunkJava_KeepScreenOn(false) - Enabled screen saver
05-11 12:55:43.959  7328  7328 D UE4     : [GameActivity] Registering sensor listeners
05-11 12:55:43.959  7328  7328 D UE4     : App is running in Landscape
05-11 12:55:43.959  7328  7328 D UE4     : [GameActivity] === Restoring Transparent Bars ===
05-11 12:55:43.959  7328  7328 D UE4     : [GameActivity] ==============> Resuming main init
05-11 12:55:43.959  7328  7328 D UE4     : [GameActivity] ==============> GameActive.onResume complete!
05-11 12:55:43.960  7328  7346 D UE4     : [2020.05.11-10.55.43:960][108]LogAndroid: Case APP_CMD_GAINED_FOCUS
05-11 12:55:43.960  7328  7346 D UE4     : LogAndroidEvents::EnqueueAppEvent : 11, [width=-1, height=-1], tid = 7346, APP_EVENT_STATE_WINDOW_GAINED_FOCUS
05-11 12:55:43.962  1081  3635 W InputMethodManagerService: Focus gain on non-focused client com.android.internal.view.IInputMethodClient$Stub$Proxy@aedf8c0 (uid=10130 pid=7328)
05-11 12:55:43.963  7328  7346 D UE4     : [2020.05.11-10.55.43:963][108]LogAndroid: Case APP_CMD_LOST_FOCUS
05-11 12:55:43.963  7328  7346 D UE4     : LogAndroidEvents::EnqueueAppEvent : 10, [width=-1, height=-1], tid = 7346, APP_EVENT_STATE_WINDOW_LOST_FOCUS
05-11 12:55:43.967  7328  7346 D UE4     : Case APP_CMD_INIT_WINDOW
05-11 12:55:43.967  7328  7346 D UE4     : [2020.05.11-10.55.43:967][108]LogAndroid: Case APP_CMD_INIT_WINDOW
05-11 12:55:43.967  7328  7346 D UE4     : LogAndroidEvents::EnqueueAppEvent : 0, [width=2880, height=1600], tid = 7346, APP_EVENT_STATE_WINDOW_CREATED
05-11 12:55:43.976  2115  2115 D VrRuntimeService: onFocusedWindowChanged: focusedWindowToken=android.os.BinderProxy@d1e198c, focusedWindowUid=10130
05-11 12:55:43.976  2115  2115 W ClientMgr: ClientMgr::SetPrimaryCompositorClient: No active client
05-11 12:55:43.976  2115  2115 I VrRuntimeServer: SetCompositorClientEnabled client(0): enabled(0) 0x0
05-11 12:55:43.976  2115  2115 W ClientMgr: ClientMgr::SetFocusedClient: No focused client
05-11 12:55:43.976  2115  2115 I TimeWarp: ReleaseClockLevels
05-11 12:55:43.983  2115  7499 I TimeWarp: UpdateClockLevels: Force releasing clocks
05-11 12:55:43.983  2115  7499 I TimeWarp: UpdateClockLevels: Apply pending clock request change: 4,4 -> -1,-1
05-11 12:55:43.984  2115  7469 I Clocks  : ReleaseClocks - start
05-11 12:55:43.984  1081  3635 I ActivityManager: Activity reported stop, but no longer stopping: ActivityRecord{2757234 u0 com.YourCompany.ToysGame/com.epicgames.ue4.GameActivity t121} RESUMED
05-11 12:55:43.984   723  2163 D         : CPU_CLUSTER_0: No client requests exists, release clocks
05-11 12:55:43.984   723  2163 D         : CPU_CLUSTER_1: No client requests exists, release clocks
05-11 12:55:43.984   723  2163 D         : GPU: No client requests exists, release clocks
05-11 12:55:43.984   723  2163 D         : CPUBW: No client requests exists, release clocks
05-11 12:55:43.986  2115  7469 I Clocks  : ReleaseClocks - end (2.4 ms)
05-11 12:55:43.986  7328  7346 D UE4     : [2020.05.11-10.55.43:986][108]LogAndroid: Case APP_CMD_GAINED_FOCUS
05-11 12:55:43.986  7328  7346 D UE4     : LogAndroidEvents::EnqueueAppEvent : 11, [width=-1, height=-1], tid = 7346, APP_EVENT_STATE_WINDOW_GAINED_FOCUS
05-11 12:55:43.986  7328  7346 D UE4     : [2020.05.11-10.55.43:986][108]LogAndroid: event thread, activate app, unlocking HW window
05-11 12:55:43.986  7328  7346 D UE4     : LogAndroidEvents::EnqueueAppEvent : 14, [width=-1, height=-1], tid = 7346, APP_EVENT_STATE_APP_ACTIVATED
05-11 12:55:43.986  7328  7346 D UE4     : LogAndroidEvents::EnqueueAppEvent : 15, [width=-1, height=-1], tid = 7346, APP_EVENT_RUN_CALLBACK
05-11 12:55:43.987  7328  7647 D UE4     : [2020.05.11-10.55.43:986][108]LogAndroid: RendererBlock acquired window lock
05-11 12:55:43.987  7328  7647 D UE4     : [2020.05.11-10.55.43:987][108]LogVulkanRHI: Recreate swapchain ... 
05-11 12:55:43.988  7328  7647 D UE4     : [2020.05.11-10.55.43:987][108]LogAndroid: RendererBlock updating window
05-11 12:55:43.988  7328  7647 D UE4     : [2020.05.11-10.55.43:988][108]LogAndroid: RendererBlock released window lock
05-11 12:55:43.988  2115  2326 I VrRuntimeServer: SetCompositorClientEnabled client(2): enabled(1) 0x7fac7340e8
05-11 12:55:43.988  7328  7647 W VrApi   : vrapi_GetPredictedDisplayTime: ovr->Destroyed
05-11 12:55:43.988  7328  7647 W VrApi   : vrapi_GetPredictedTracking2: ovr->Destroyed
05-11 12:55:43.989  7328  7647 D UE4     : [2020.05.11-10.55.43:988][108]LogHMD: Error: ovrp_BeginFrame4 2107 failed (-1003)
05-11 12:55:43.999  2115  7499 I TimeWarp: UpdateClockLevels: Apply pending clock request change: -1,-1 -> 4,4
05-11 12:55:43.999  2115  7469 I Clocks  : LockClocks( cpu=4, gpu=4 ) - start
05-11 12:55:44.002  2115  7469 I Clocks  : CPU levels [0, 4]
05-11 12:55:44.003  2115  7469 I Clocks  : GPU levels [0, 5]
05-11 12:55:44.003   723  2163 D         : CPU_CLUSTER_0: Client 2115 sends freq request [21, 21]
05-11 12:55:44.003   723  2163 D         : CPU_CLUSTER_0: Next Perf Level = (21, 21)
05-11 12:55:44.003   723  2163 D         : CPU_CLUSTER_1: Client 2115 sends freq request [26, 26]
05-11 12:55:44.003   723  2163 D         : CPU_CLUSTER_1: Next Perf Level = (26, 26)
05-11 12:55:44.003   723  2163 D         : CPUBW: Client 2115 sends freq request [8, 11]
05-11 12:55:44.003   723  2163 D         : CPUBW: Next Perf Level = (8, 11)
05-11 12:55:44.004   723  2163 D         : GPU: Client 2115 sends freq request [6, 6]
05-11 12:55:44.004   723  2163 D         : GPU: Next Perf Level = (6, 6)
05-11 12:55:44.004  2115  7469 I Clocks  : LockClocks( cpu=4, gpu=4 ) - end (4.9 ms)
05-11 12:55:44.009  2099  2329 E Security-LocalReporter: UID '10043' is shared by multiple packages: [com.oculus.home, com.oculus.horizon]
05-11 12:55:44.023   720  7388 I [CT]    : boltlib: DSP utilization(%): 17
05-11 12:55:44.023   720  7442 I [CT]    : L:Behavior:AtRest: activated
05-11 12:55:44.023   720  7442 I [CT]    : AdHocPatch: [Left] t = 42.111s, behavior transition: None -> AtRest at 42.161s
05-11 12:55:44.026  2099  2329 I LibraryProvider: running queryApp(com.oculus.vrshell) for com.oculus.uid:10043
05-11 12:55:44.027  2099  2329 W LibraryProvider: Cannot find entitlement for com.oculus.vrshell
05-11 12:55:44.027  1774  1774 W OVRLibrary: null cursor received for query content://com.oculus.ocms.library/apps/com.oculus.vrshell
05-11 12:55:44.027  1774  1774 I PlatformPluginManager: onAppStart com.oculus.vrshell false
05-11 12:55:44.028  1774  1774 I OVRPlatform: [PartiesAPI] ovr_Party_PluginGetSharedMemHandle: This function is deprecated, do not use
05-11 12:55:44.030  1774  1774 E OVRMediaServiceManager: LivestreamingManager Not initialized
05-11 12:55:44.040  7328  7345 D UE4     : [2020.05.11-10.55.44:040][108]LogAndroidEvents: Display: LogAndroidEvents::DequeueAppEvent : 12, [width=-1, height=-1], APP_EVENT_STATE_SAVE_STATE
05-11 12:55:44.040  7328  7345 D UE4     : FAppEventManager::Tick processing, 12
05-11 12:55:44.040  7328  7345 D UE4     : [2020.05.11-10.55.44:040][108]LogAndroidEvents: Display: LogAndroidEvents::DequeueAppEvent : 8, [width=-1, height=-1], APP_EVENT_STATE_ON_STOP
05-11 12:55:44.040  7328  7345 D UE4     : FAppEventManager::Tick processing, 8
05-11 12:55:44.040  7328  7345 D UE4     : [2020.05.11-10.55.44:040][108]LogAndroidEvents: Display: LogAndroidEvents::DequeueAppEvent : 9, [width=-1, height=-1], APP_EVENT_STATE_ON_START
05-11 12:55:44.040  7328  7345 D UE4     : FAppEventManager::Tick processing, 9
05-11 12:55:44.040  7328  7345 D UE4     : [2020.05.11-10.55.44:040][108]LogAndroidEvents: Display: LogAndroidEvents::DequeueAppEvent : 7, [width=-1, height=-1], APP_EVENT_STATE_ON_RESUME
05-11 12:55:44.040  7328  7345 D UE4     : FAppEventManager::Tick processing, 7
05-11 12:55:44.040  7328  7345 D UE4     : [2020.05.11-10.55.44:040][108]LogAndroidEvents: Display: LogAndroidEvents::DequeueAppEvent : 11, [width=-1, height=-1], APP_EVENT_STATE_WINDOW_GAINED_FOCUS
05-11 12:55:44.040  7328  7345 D UE4     : FAppEventManager::Tick processing, 11
05-11 12:55:44.040  7328  7345 D UE4     : [2020.05.11-10.55.44:040][108]LogAndroidEvents: Display: LogAndroidEvents::DequeueAppEvent : 10, [width=-1, height=-1], APP_EVENT_STATE_WINDOW_LOST_FOCUS
05-11 12:55:44.040  7328  7345 D UE4     : FAppEventManager::Tick processing, 10
05-11 12:55:44.040  7328  7345 D UE4     : [2020.05.11-10.55.44:040][108]LogAndroidEvents: Display: LogAndroidEvents::DequeueAppEvent : 0, [width=2880, height=1600], APP_EVENT_STATE_WINDOW_CREATED
05-11 12:55:44.040  7328  7345 D UE4     : FAppEventManager::Tick processing, 0
05-11 12:55:44.040  7328  7345 D UE4     : [2020.05.11-10.55.44:040][108]LogAndroidEvents: Display: LogAndroidEvents::DequeueAppEvent : 11, [width=-1, height=-1], APP_EVENT_STATE_WINDOW_GAINED_FOCUS
05-11 12:55:44.040  7328  7345 D UE4     : FAppEventManager::Tick processing, 11
05-11 12:55:44.040  7328  7345 D UE4     : [2020.05.11-10.55.44:040][108]LogAndroidEvents: Display: ExecWindowCreated
05-11 12:55:44.040  7328  7345 D UE4     : [2020.05.11-10.55.44:040][108]LogAndroid: Mobile HDR: no
05-11 12:55:44.040  7328  7345 D UE4     : AndroidEGL::ReInitWindow()
05-11 12:55:44.040  7328  7345 D UE4     : ExecWindowCreated, 0, 1, 1
05-11 12:55:44.040  7328  7345 D UE4     : [2020.05.11-10.55.44:040][108]LogAndroidEvents: Display: LogAndroidEvents::DequeueAppEvent : 14, [width=-1, height=-1], APP_EVENT_STATE_APP_ACTIVATED
05-11 12:55:44.040  7328  7345 D UE4     : FAppEventManager::Tick processing, 14
05-11 12:55:44.040  7328  7345 D UE4     : Execution will be resumed!
05-11 12:55:44.040  7328  7345 D UE4     : [2020.05.11-10.55.44:040][108]LogAndroidEvents: Display: LogAndroidEvents::DequeueAppEvent : 15, [width=-1, height=-1], APP_EVENT_RUN_CALLBACK
05-11 12:55:44.040  7328  7345 D UE4     : FAppEventManager::Tick processing, 15
05-11 12:55:44.040  7328  7345 D UE4     : [2020.05.11-10.55.44:040][108]LogAndroidEvents: Display: Event thread callback running.
05-11 12:55:44.040  7328  7345 D UE4     : [2020.05.11-10.55.44:040][108]LogAndroid: performing app foregrounding callback.
05-11 12:55:44.040  7328  7345 D UE4     : [2020.05.11-10.55.44:040][108]LogHMD: Initializing OVRPlugin session
05-11 12:55:44.040  7328  7345 D UE4     : [2020.05.11-10.55.44:040][108]LogHMD: OculusHMD plugin supports multiview!
05-11 12:55:44.041  7328  7345 D OVRPlugin: Finished setting up render thread.
05-11 12:55:44.041  7328  7345 D OVRPlugin: Entering VR mode.
05-11 12:55:44.041  7328  7345 I VrApi   : ---------- vrapi_EnterVrMode [start] ----------
05-11 12:55:44.041  7328  7345 I VrRuntimeClient: Tracing is disabled
05-11 12:55:44.045  7328  7345 D VrApi   : targetSDKVersion 25
05-11 12:55:44.048  7328  7345 I VrRuntimeClient: DEVICE MODEL NUMBER = Quest
05-11 12:55:44.048  7328  7345 I VrRuntimeClient: DEVICE HARDWARE = monterey
05-11 12:55:44.048  7328  7345 I VrRuntimeClient: DEVICE BUILD NAME = user-602380.24900.0
05-11 12:55:44.048  7328  7345 I VrRuntimeClient: DEVICE BUILD TYPE = user
05-11 12:55:44.048  7328  7345 I VrRuntimeClient: DEVICE OS VERSION = 7.1.1
05-11 12:55:44.048  7328  7345 I VrRuntimeClient: VRRUNTIME VERSION = VRAPI_VERSION_BEGIN { 1.1.33.0-210938873-210938873 Apr 24 2020 16:11:35 Development } RELEASE
05-11 12:55:44.048  7328  7345 I VrRuntimeClient: API LOADER VERSION = 1.1.24.0
05-11 12:55:44.048  7328  7345 I VrRuntimeClient: VRDRIVER VERSION = 16.0.0.141.450
05-11 12:55:44.048  7328  7345 I VrRuntimeClient: APP NAME = ToysGame
05-11 12:55:44.048  7328  7345 I VrRuntimeClient: APP VERSION = 1.0 versionCode 1 internalVersionName <none>
05-11 12:55:44.048  7328  7345 I VrRuntimeClient: APP VR TYPE = vr_only
05-11 12:55:44.048  7328  7345 I VrRuntimeClient: APP PACKAGE NAME = com.YourCompany.ToysGame
05-11 12:55:44.048  7328  7345 I VrRuntimeClient: APP ACTIVITY CLASS = com.epicgames.ue4.GameActivity
05-11 12:55:44.048  7328  7345 D BatteryReceiver: Registering battery receiver
05-11 12:55:44.049  7328  7345 D HeadsetReceiver: getCurrentHeadsetState: false
05-11 12:55:44.049  7328  7345 I DeviceStatus_Android: nativeHeadsetEvent(0)
05-11 12:55:44.051  7328  7345 I VrRuntimeClient: DEADRECKONING SetControllerTrackingExtendedDeadreckoning 0
05-11 12:55:44.051  7328  7345 I InputHooks_Internal: Enabling Native Input Hooks
05-11 12:55:44.051  7328  7345 I InputDeviceManager: ovrInputDeviceManager::Initialize
05-11 12:55:44.051  7328  7345 I InputDeviceManager: HANDTRACKING packagename is com.YourCompany.ToysGame
05-11 12:55:44.053  7328  7345 I InputDeviceManager: HANDTRACKING: feature flag set to 0
05-11 12:55:44.053  7328  7345 I VrRuntimeClient: HANDTRACKING sethandmanifest 0
05-11 12:55:44.055  2115  2328 I ScreenCaptureBase: GlobalInhibitState=0
05-11 12:55:44.055  7328  7345 D TrackingServiceConnectionNative: onClientConnect
05-11 12:55:44.055  7328  7345 D BinderConnection: Connecting to TrackingService
05-11 12:55:44.056  7328  7345 D TrackingServiceConnectionNative: onConnected
05-11 12:55:44.056   720   720 I TrackingService: TrackingService::getSharedMemoryFileDescriptor
05-11 12:55:44.056  7328  7345 I TrackingServiceClient: OVR::TrackingService::ClientSetInterface
05-11 12:55:44.056  7328  7345 I TrackingServiceClient: TrackingService client: roFd(74)
05-11 12:55:44.056  7328  7345 I TrackingServiceClient: TrackingService client: connected to interface version 11.
05-11 12:55:44.056  7328  7345 I TrackingServiceClient: TrackingService client: last prediction time is 0.005065 seconds old
05-11 12:55:44.056  7328  7345 I TrackingServiceClient: TrackingService client: provided by pid=720
05-11 12:55:44.056   720   819 I TrackingService: TrackingService::registerClient
05-11 12:55:44.056   720   819 I TrackingService: Registering client with TrackingServiceHost
05-11 12:55:44.057   720   819 I TrackingService: Notifying client pid 7328 of new remote 6b7cbd986a24c226
05-11 12:55:44.057  7328  7345 D TrackingServiceClient: TrackingServiceClient onRemoteConnected 6b7cbd986a24c226
05-11 12:55:44.057   720   819 I TrackingService: Notifying client pid 7328 of new remote 3a76c3e46c301ef4
05-11 12:55:44.057  7328  7345 D TrackingServiceClient: TrackingServiceClient onRemoteConnected 3a76c3e46c301ef4
05-11 12:55:44.057   720   819 I TrackingService: TrackingServiceHost GetSharedMemoryFileDescriptor for client pid 7328
05-11 12:55:44.057   720   819 I TrackingService: TrackingServiceHost registered common client; there are 0 secure clients
05-11 12:55:44.058  7328  7345 I TrackingServiceClient: ClientConnectComplete
05-11 12:55:44.058  7328  7345 I VrApi   : ovrModeParms::VRAPI_MODE_FLAG_RESET_WINDOW_FULLSCREEN = 1
05-11 12:55:44.058  7328  7345 I VrApi   : ovrModeParms::VRAPI_MODE_FLAG_NATIVE_WINDOW = 1
05-11 12:55:44.058  7328  7345 I VrApi   : ovrModeParms::VRAPI_MODE_FLAG_FRONT_BUFFER_PROTECTED = 0
05-11 12:55:44.058  7328  7345 I VrApi   : ovrModeParms::VRAPI_MODE_FLAG_FRONT_BUFFER_565 = 0
05-11 12:55:44.058  7328  7345 I VrApi   : ovrModeParms::VRAPI_MODE_FLAG_FRONT_BUFFER_SRGB = 1
05-11 12:55:44.058  7328  7345 I VrApi   : ovrModeParms::VRAPI_MODE_FLAG_CREATE_CONTEXT_NO_ERROR = 0
05-11 12:55:44.058  7328  7345 I VrApi   : HMD sensor attached.
05-11 12:55:44.058  7328  7345 I VrApi   : Client side frame sync enabled
05-11 12:55:44.058  7328  7345 I DynamicClocks: cpu-freq(0): 979200Hz
05-11 12:55:44.058  7328  7345 I DynamicClocks: cpu-freq(1): 1344000Hz
05-11 12:55:44.058  7328  7345 I DynamicClocks: cpu-freq(2): 1651200Hz
05-11 12:55:44.058  7328  7345 I DynamicClocks: cpu-freq(3): 1958400Hz
05-11 12:55:44.058  7328  7345 I DynamicClocks: cpu-freq(4): 2304000Hz
05-11 12:55:44.059  7328  7345 I DynamicClocks: gpu-freq(0): 257000000Hz
05-11 12:55:44.059  7328  7345 I DynamicClocks: gpu-freq(1): 342000000Hz
05-11 12:55:44.059  7328  7345 I DynamicClocks: gpu-freq(2): 414000000Hz
05-11 12:55:44.059  7328  7345 I DynamicClocks: gpu-freq(3): 515000000Hz
05-11 12:55:44.059  7328  7345 I DynamicClocks: gpu-freq(4): 670000000Hz
05-11 12:55:44.059  7328  7345 I DynamicClocks: gpu-freq(5): 710000000Hz
05-11 12:55:44.059  7328  7345 D VrRuntimeClient: pokeGuardianUserServiceForThisClient: com.YourCompany.ToysGame:10130
05-11 12:55:44.060  7328  7345 D VrRuntimeClient: VrRuntimeClient: enableRendering: activity client
05-11 12:55:44.060  7328  7345 D VrRuntimeClient: VrRuntimeClient: enableRendering: Using clientWindow=android.os.BinderProxy@c3c2852
05-11 12:55:44.060  2115  2133 I ClientMgr: ClientMgr::SetPrimaryCompositorClient: com.YourCompany.ToysGame
05-11 12:55:44.060  2115  2133 I VrRuntimeServer: SetCompositorClientEnabled client(0): enabled(1) 0x7f8fa06010
05-11 12:55:44.060  2115  2133 I ClientMgr: ClientMgr::SetFocusedClient: com.YourCompany.ToysGame type 0
05-11 12:55:44.060  2115  2133 D VrRuntimeService: this client: 7328:com.YourCompany.ToysGame
05-11 12:55:44.060  2115  2133 D VrRuntimeService: enableRendering: clientWindow: android.os.BinderProxy@d1e198c enable: true
05-11 12:55:44.060  2115  2133 I ClientMgr: ClientMgr::EnableRendering 7328:com.YourCompany.ToysGame : type 0 : enable
05-11 12:55:44.060  2115  2133 I VrRuntimeServer: SetCompositorClientEnabled client(0): enabled(1) 0x7f8fa06010
05-11 12:55:44.060  2115  2133 I TimeWarp: CheckDebuggerConnected: debugger 0
05-11 12:55:44.061  7328  7345 I VrRuntimeClient: CreateWarp: ImportVulkan: Fd=84, BufferSize=4096
05-11 12:55:44.061  7328  7345 I VrRuntimeClient: CreateWarp: ImportVulkan: bo.Vk.Buffer=547169853184, bo.Vk.Memory=547056167040, bo.Vk.Mapping=548140867584
05-11 12:55:44.061  2134  2134 D VrGuardianUserService: onStartCommandIntent { act=FOREGROUND_CLIENT cmp=com.oculus.systemdriver/com.oculus.vrguardianservice.VrGuardianUserService (has extras) }
05-11 12:55:44.062  7328  7345 I ScreenCaptureHelper: Advertising com.YourCompany.ToysGame as streamable
05-11 12:55:44.062  1774  1774 I OVRMediaService: onStartCommand Received message type: set_package_name, caller package: no_app_identity
05-11 12:55:44.063  1774  1774 I OVRMediaService: Got package name intent (com.YourCompany.ToysGame)
05-11 12:55:44.064  7328  7345 I VrApi   : OVR::Stats thread started
05-11 12:55:44.064  7328  7345 I VrApi   : ---------- vrapi_EnterVrMode [end] ----------
05-11 12:55:44.064  7328  7345 I ClientInputSettings: LatchBackButtonEntireFrame = false
05-11 12:55:44.064  7328  7345 I ClientInputSettings: BlockRemoteButtonsWhenNotEmulatingHMT = true
05-11 12:55:44.064  7328  7345 I ClientInputSettings: EatNativeGamepadEvents = false
05-11 12:55:44.064  7328  7345 D OVRPlugin: Registering utility receivers.
05-11 12:55:44.064  7328  7345 I ClientInputSettings: ReorientHMDOnControllerRecenter = true
05-11 12:55:44.064  7328  7345 D UE4     : [GameActivity] Registering volume receiver
05-11 12:55:44.066   720  7442 I [CT]    : L:Behavior:AtRest: deactivated
05-11 12:55:44.066   720  7442 I [CT]    : AdHocPatch: [Left] t = 42.155s, behavior transition: AtRest -> None at 42.204s
05-11 12:55:44.068  7328  7736 D VrApi   : targetSDKVersion 25
05-11 12:55:44.070  7328  7736 I JniUtils: ovr_GetCurrentPackageSignature 
05-11 12:55:44.071  7328  7345 D UE4     : [GameActivity] startVolumeReceiver: 10
05-11 12:55:44.071  7328  7345 D UE4     : nativeVolumeEvent(10)
05-11 12:55:44.071  7328  7345 D UE4     : [GameActivity] Registering battery receiver
05-11 12:55:44.071  7328  7736 I Metrics : device name = Oculus Quest
05-11 12:55:44.071  2115  2326 I ClientMgr: Non-overlay clients rendering status has changed: prev=48, curr=49, enabled=3
05-11 12:55:44.072  7328  7345 D UE4     : [GameActivity] Registering headset receiver
05-11 12:55:44.073  7328  7345 D UE4     : [GameActivity] startHeadsetReceiver: 0
05-11 12:55:44.073  7328  7345 D UE4     : nativeHeadsetEvent(0)
05-11 12:55:44.073  7328  7345 D UE4     : [2020.05.11-10.55.44:073][108]LogCore: Display: AppLifetime: Application has entered foreground
05-11 12:55:44.073  7328  7345 D UE4     : [2020.05.11-10.55.44:073][108]LogUdpMessaging: Initializing bridge on interface 0.0.0.0:0 to multicast group 230.0.0.1:6666.
05-11 12:55:44.073  2115  7499 W TimeWarp: WarpToScreen: No completed frames to display for client 0. submittedFrameIndex = 2361
05-11 12:55:44.075  7328  7345 D UE4     : [2020.05.11-10.55.44:075][108]LogTcpMessaging: Initializing TcpMessaging bridge, listening on 127.0.0.1:6666
05-11 12:55:44.076  7328  7345 D UE4     : [2020.05.11-10.55.44:076][108]LogCore: Display: AppLifetime: Application has reactivated
05-11 12:55:44.076  7328  7345 D UE4     : [2020.05.11-10.55.44:076][108]LogTemp: Android resume audio
05-11 12:55:44.076  7328  7345 D UE4     : [2020.05.11-10.55.44:076][108]LogAudioMixerAndroid: Display: Resuming android audio renderer
05-11 12:55:44.085  7328  7648 D UE4     : *** JavaEnvDestructor: 7648
05-11 12:55:44.085  2115  2326 I ClientMgr: DEADRECKONING deadReckoning mode on ClientMgr from server is 0
05-11 12:55:44.086  7328  7647 D UE4     : *** JavaEnvDestructor: 7647
05-11 12:55:44.086  2134  2186 I GuardianSystem: rsapi_PollEvent: rsEventPackageNameChange: com.YourCompany.ToysGame
05-11 12:55:44.086  2099  2214 E Security-LocalReporter: UID '10043' is shared by multiple packages: [com.oculus.home, com.oculus.horizon]
05-11 12:55:44.087  2115  7499 W TimeWarp: WarpToScreen: No completed frames to display for client 0. submittedFrameIndex = 2361
05-11 12:55:44.092  7328  7745 I VrRuntimeClient: FenceChecker::MainLoop - started
05-11 12:55:44.095   552   598 D msm8974_platform: platform_split_snd_device: snd_device(2) new_snd_devices (speaker)
05-11 12:55:44.095   552   598 D ACDB-LOADER: ACDB -> send_audvoltable
05-11 12:55:44.096   552   598 D ACDB-LOADER: ACDB -> ACDB_CMD_GET_AUDPROC_GAIN_DEP_STEP_TABLE, vol index 3
05-11 12:55:44.096   552   598 D         : Failed to fetch the lookup information of the device 0000000F 
05-11 12:55:44.096   552   598 E ACDB-LOADER: Error: ACDB AudProc vol returned = -19
05-11 12:55:44.096   552   598 D ACDB-LOADER: ACDB -> AUDIO_SET_VOL_CAL cal type = 40
05-11 12:55:44.096  2115  7499 I Clocks  : SetSchedFifo( tid=7345, pri=1 ) succeeded
05-11 12:55:44.097  2115  7499 I Clocks  : SetSchedFifo( tid=7743, pri=1 ) succeeded
05-11 12:55:44.098  2115  7499 I Clocks  : SetSchedFifo( tid=7745, pri=1 ) succeeded
05-11 12:55:44.098  2115  7499 I Clocks  : SetSchedFifo( tid=2349, pri=1 ) succeeded
05-11 12:55:44.098  2115  7499 I TimeWarp: UpdateClockLevels: Apply pending clock request change: 4,4 -> 2,4
05-11 12:55:44.098  2115  7469 I Clocks  : ReleaseClocks - start
05-11 12:55:44.099  2099  2214 I LibraryProvider: running queryApp(com.YourCompany.ToysGame) for com.oculus.uid:10043
05-11 12:55:44.099   723  2163 D         : CPU_CLUSTER_0: No client requests exists, release clocks
05-11 12:55:44.099   723  2163 D         : CPU_CLUSTER_1: No client requests exists, release clocks
05-11 12:55:44.099  2099  2214 W LibraryProvider: Cannot find entitlement for com.YourCompany.ToysGame
05-11 12:55:44.099   723  2163 D         : GPU: No client requests exists, release clocks
05-11 12:55:44.099   723  2163 D         : CPUBW: No client requests exists, release clocks
05-11 12:55:44.099  1774  1774 W OVRLibrary: null cursor received for query content://com.oculus.ocms.library/apps/com.YourCompany.ToysGame
05-11 12:55:44.100  2115  7469 I Clocks  : ReleaseClocks - end (1.3 ms)
05-11 12:55:44.100  2115  7469 I Clocks  : LockClocks( cpu=2, gpu=4 ) - start
05-11 12:55:44.101  2115  7469 I Clocks  : CPU levels [0, 4]
05-11 12:55:44.101  2115  7469 I Clocks  : GPU levels [0, 5]
05-11 12:55:44.101  2115  7499 W TimeWarp: WarpToScreen: No completed frames to display for client 0. submittedFrameIndex = 2363
05-11 12:55:44.102   723  2163 D         : CPU_CLUSTER_0: Client 2115 sends freq request [21, 21]
05-11 12:55:44.102   723  2163 D         : CPU_CLUSTER_0: Next Perf Level = (21, 21)
05-11 12:55:44.102   723  2163 D         : CPU_CLUSTER_1: Client 2115 sends freq request [18, 18]
05-11 12:55:44.102   723  2163 D         : CPU_CLUSTER_1: Next Perf Level = (18, 18)
05-11 12:55:44.102   723  2163 D         : CPUBW: Client 2115 sends freq request [8, 11]
05-11 12:55:44.102   723  2163 D         : CPUBW: Next Perf Level = (8, 11)
05-11 12:55:44.105   723  2163 D         : GPU: Client 2115 sends freq request [6, 6]
05-11 12:55:44.105   723  2163 D         : GPU: Next Perf Level = (6, 6)
05-11 12:55:44.106  2115  7469 I Clocks  : LockClocks( cpu=2, gpu=4 ) - end (5.9 ms)
05-11 12:55:44.111  2099  2176 E Security-LocalReporter: UID '10043' is shared by multiple packages: [com.oculus.home, com.oculus.horizon]
05-11 12:55:44.113  2115  2326 I VrRuntimeServer: SetCompositorClientEnabled client(2): enabled(0) 0x0
05-11 12:55:44.119  2134  2186 I GuardianSystem: rsapi_PollEvent: rsEventForceShowGuardian. ForceIndefinitely: 0, ForceTimeInSeconds: 0.00, ForceCamera: 0
05-11 12:55:44.120  2134  2186 I GuardianSystem: ForceShowGuardian: false, 0.00
05-11 12:55:44.126  2099  2176 I LibraryProvider: running queryApp(com.YourCompany.ToysGame) for com.oculus.uid:10043
05-11 12:55:44.126  2099  2176 W LibraryProvider: Cannot find entitlement for com.YourCompany.ToysGame
05-11 12:55:44.126  1774  1774 W OVRLibrary: null cursor received for query content://com.oculus.ocms.library/apps/com.YourCompany.ToysGame
05-11 12:55:44.127  1774  1774 I PlatformPluginManager: onAppStart com.YourCompany.ToysGame false
05-11 12:55:44.127  1774  1774 I PlatformPluginManager: onAppStart - Stopping party chat passthrough
05-11 12:55:44.127  1774  1774 I PlatformPlugin: [PlatformPluginManager] SetSystemVoipPassthrough 0
05-11 12:55:44.127  1774  1774 I OVRPlatform: [PartyChatWebRTC] PartyChatSetPassthrough 0
05-11 12:55:44.127  1774  7408 I OVRPlatform: [PartyChatWebRTC] Updating playback mode to 1
05-11 12:55:44.127  1774  1774 I OVRPlatform: [PartiesAPI] ovr_Party_PluginGetSharedMemHandle: This function is deprecated, do not use
05-11 12:55:44.128  1774  1774 E OVRMediaServiceManager: LivestreamingManager Not initialized
05-11 12:55:44.166  1774  1774 I PlatformPluginManager: enforcePartyChatStateConsistency - got current party response: Party is null
05-11 12:55:44.166  1774  1774 I PlatformPluginManager: enforcePartyChatStateConsistency - User not in a party.
05-11 12:55:44.166  1774  1774 I PlatformPluginManager: stopPartyChat
05-11 12:55:44.166  1774  1774 I PlatformPlugin: [PlatformPluginManager] Stopping party chat
05-11 12:55:44.166  1774  1774 I OVRPlatform: [PartyChatInterchangeable] StopPartyChat
05-11 12:55:44.192  1774  1774 I PlatformPluginManager: enforcePartyChatStateConsistency - got current party response: Party is null
05-11 12:55:44.192  1774  1774 I PlatformPluginManager: enforcePartyChatStateConsistency - User not in a party.
05-11 12:55:44.192  1774  1774 I PlatformPluginManager: stopPartyChat
05-11 12:55:44.192  1774  1774 I PlatformPlugin: [PlatformPluginManager] Stopping party chat
05-11 12:55:44.192  1774  1774 I OVRPlatform: [PartyChatInterchangeable] StopPartyChat
05-11 12:55:44.501  2134  7522 I Telemetry: App memory usage: PSS=55MB DalvikPSS=1 MB
05-11 12:55:45.347  7328  7347 D UE4     : [GameActivity] Used memory: 975558
05-11 12:55:45.438  7328  7736 I Telemetry: App memory usage: PSS=952MB DalvikPSS=3 MB
05-11 12:55:45.439  7328  7736 I VrApi   : FPS=31,Prd=45ms,Tear=1,Early=46,Stale=24,VSnc=1,Lat=1,Fov=0,CPU4/GPU=4/4,1651/670MHz,OC=FF,TA=0/E0/E0,SP=N/F/F,Mem=1804MHz,Free=1128MB,PSM=0,PLS=0,Temp=29.0C/0.0C,TW=1.29ms,App=13.08ms,GD=0.00ms,CPU&GPU=16.97ms,LCnt=1,GPU%=0.93,CPU%=0.30(W0.47),DSF=1.00
05-11 12:55:45.476   720  7458 I [CT]    : VIPER:MAP_MANAGER: State: TRACKING_PERSISTENT, UUID=ed2bde7a-0e1d-413c-9ec5-b40bd0ba40f4, Num. Persistent maps = 3,  Persistent maps:f7929d7a-d62f-4cab-ba07-8335c6f7b640,022994f1-0c1e-4a65-9817-b24e9f537401,ed2bde7a-0e1d-413c-9ec5-b40bd0ba40f4,, Ser. Disabled = 00000000-0000-0000-0000-000000000000
05-11 12:55:45.516   720  7458 I [CT]    : VIPER: Status=6DoF,TRACKING,KF=61,Inl=253,Pts=180,Jit=0.3mm,Issues(Cam/min=0.0,IMU/min=0.0),Exp=(10.7ms,g=14.0,I=78)(6.1ms,g=7.0,I=68)(10.7ms,g=14.0,I=63)(8.7ms,g=12.0,I=67)
05-11 12:55:45.924   720  7457 I [CT]    : MANAGEMENT:CONSTELLATION: Status=GREEN,, Obj=4212769887286730484,6DOF=1,FusJit=0.002mm,Issues(Cam/min=  0,IMU/min=0), Obj=7745273921483883046,6DOF=1,FusJit=0.0mm,Issues(Cam/min=  0,IMU/min=0)
05-11 12:55:46.076  7328  7750 D UE4     : [2020.05.11-10.55.46:076][252]LogTcpMessaging: Started Connection to '127.0.0.1:57324'
05-11 12:55:46.076  7328  7750 D UE4     : [2020.05.11-10.55.46:076][252]LogTcpMessaging: Discovered node '999459CD4B99EA393939AA9E03F5D913' on connection '127.0.0.1:57324'...
05-11 12:55:46.078  7328  7736 I VrApi   : FPS=72,Prd=44ms,Tear=0,Early=0,Stale=23,VSnc=1,Lat=1,Fov=0,CPU4/GPU=2/4,1651/670MHz,OC=FF,TA=0/E0/E0,SP=N/F/F,Mem=1804MHz,Free=1131MB,PSM=0,PLS=0,Temp=29.0C/0.0C,TW=1.29ms,App=13.08ms,GD=0.00ms,CPU&GPU=16.89ms,LCnt=1,GPU%=0.94,CPU%=0.27(W0.27),DSF=1.00
05-11 12:55:46.106   720  7442 I [CT]    : L:Behavior:AtRest: activated
05-11 12:55:46.106   720  7442 I [CT]    : AdHocPatch: [Right] t = 44.196s, behavior transition: None -> AtRest at 44.246s
05-11 12:55:46.161   720  7442 I [CT]    : L:Behavior:AtRest: deactivated
05-11 12:55:46.161   720  7442 I [CT]    : AdHocPatch: [Right] t = 44.248s, behavior transition: AtRest -> None at 44.298s
05-11 12:55:46.233   720  7442 I [CT]    : L:Behavior:AtRest: activated
05-11 12:55:46.233   720  7442 I [CT]    : AdHocPatch: [Right] t = 44.322s, behavior transition: None -> AtRest at 44.372s
05-11 12:55:46.354   720  7442 I [CT]    : L:Behavior:AtRest: deactivated
05-11 12:55:46.355   720  7442 I [CT]    : AdHocPatch: [Right] t = 44.443s, behavior transition: AtRest -> None at 44.494s
05-11 12:55:46.370   720  7442 I [CT]    : L:Behavior:AtRest: activated
05-11 12:55:46.371   720  7442 I [CT]    : AdHocPatch: [Right] t = 44.459s, behavior transition: None -> AtRest at 44.510s
05-11 12:55:46.435   720  7442 I [CT]    : L:Behavior:AtRest: deactivated
05-11 12:55:46.435   720  7442 I [CT]    : AdHocPatch: [Right] t = 44.523s, behavior transition: AtRest -> None at 44.574s
05-11 12:55:46.574  1081  1206 E TaskPersister: File error accessing recents directory (directory doesn't exist?).
05-11 12:55:47.079  7328  7736 I VrApi   : FPS=72,Prd=45ms,Tear=0,Early=0,Stale=0,VSnc=1,Lat=1,Fov=0,CPU4/GPU=2/4,1651/670MHz,OC=FF,TA=0/E0/E0,SP=N/F/F,Mem=1804MHz,Free=1131MB,PSM=0,PLS=0,Temp=29.0C/0.0C,TW=1.31ms,App=13.01ms,GD=0.00ms,CPU&GPU=16.82ms,LCnt=1,GPU%=0.93,CPU%=0.20(W0.37),DSF=1.00
05-11 12:55:47.534   720  7442 I [CT]    : L:Behavior:AtRest: activated
05-11 12:55:47.534   720  7442 I [CT]    : AdHocPatch: [Right] t = 45.624s, behavior transition: None -> AtRest at 45.674s
05-11 12:55:47.547   720  7442 I [CT]    : L:Behavior:AtRest: deactivated
05-11 12:55:47.547   720  7442 I [CT]    : AdHocPatch: [Right] t = 45.636s, behavior transition: AtRest -> None at 45.686s
05-11 12:55:47.636   720  7458 I [CT]    : HealthReport: ==================================================
05-11 12:55:47.636   720  7458 I [CT]    : Health Report
05-11 12:55:47.636   720  7458 I [CT]    : -------------
05-11 12:55:47.636   720  7458 I [CT]    : 
05-11 12:55:47.636   720  7458 I [CT]    : Reporter #1 (InsideOutHealthMonitor) summary:
05-11 12:55:47.636   720  7458 I [CT]    : Camera: Total Dropped: 0.000000, Total Frame Count: 1134 (0.000000%), Camera Reset Count: 0
05-11 12:55:47.636   720  7458 I [CT]    : Camera: Total Single Camera Frame Dropped: 0, Total Frame Count: 1134 (0.000000%)
05-11 12:55:47.636   720  7458 I [CT]    : IMU: Total Dropped: 0.000000, Total Sample Count: 45606 (0.000000%)
05-11 12:55:47.636   720  7458 I [CT]    : Magnetometer: Total Dropped: 0.000000, Total Sample Count: 1369 (0.000000%)
05-11 12:55:47.636   720  7458 I [CT]    : 
05-11 12:55:47.636   720  7458 I [CT]    : Reporter #1 (InsideOutHealthMonitor) Passed
05-11 12:55:47.636   720  7458 I [CT]    : --------------------------------------------------
05-11 12:55:47.636   720  7458 I [CT]    : Reporter #2 (ConstellationHealthMonitor) summary:
05-11 12:55:47.636   720  7458 I [CT]    : Camera: Total Dropped: 0.000000, Total Frame Count: 1135 (0.000000%), Camera Reset Count: 1
05-11 12:55:47.636   720  7458 I [CT]    : Camera: Total Single Camera Frame Dropped: 0, Total Frame Count: 1135 (0.000000%)
05-11 12:55:47.636   720  7458 I [CT]    : Controller 4212769887286730484:
05-11 12:55:47.636   720  7458 I [CT]    : IMU: Capture period exceeded threshold.  Largest period: 4.256255 sec
05-11 12:55:47.636   720  7458 I [CT]    : Controllers may have been sleeping
05-11 12:55:47.636   720  7458 I [CT]    : IMU: Total Dropped: 0.000000, Total Sample Count: 20736.453500 (0.000000%)
05-11 12:55:47.636   720  7458 I [CT]    : Controller 7745273921483883046:
05-11 12:55:47.636   720  7458 I [CT]    : I
05-11 12:55:47.640   720  7442 I [CT]    : L:Behavior:AtRest: activated
05-11 12:55:47.640   720  7442 I [CT]    : AdHocPatch: [Right] t = 45.728s, behavior transition: None -> AtRest at 45.778s
05-11 12:55:47.648   720  7442 I [CT]    : L:Behavior:AtRest: deactivated
05-11 12:55:47.648   720  7442 I [CT]    : AdHocPatch: [Right] t = 45.738s, behavior transition: AtRest -> None at 45.788s
05-11 12:55:47.892   720  7442 I [CT]    : L:Behavior:AtRest: activated
05-11 12:55:47.893   720  7442 I [CT]    : AdHocPatch: [Right] t = 45.981s, behavior transition: None -> AtRest at 46.032s
05-11 12:55:47.913   720  7442 I [CT]    : L:Behavior:AtRest: deactivated
05-11 12:55:47.913   720  7442 I [CT]    : AdHocPatch: [Right] t = 46.001s, behavior transition: AtRest -> None at 46.052s
05-11 12:55:47.969   720  7442 I [CT]    : L:Behavior:AtRest: activated
05-11 12:55:47.969   720  7442 I [CT]    : AdHocPatch: [Right] t = 46.057s, behavior transition: None -> AtRest at 46.108s
05-11 12:55:48.077  7328  7736 I VrApi   : FPS=72,Prd=45ms,Tear=0,Early=0,Stale=0,VSnc=1,Lat=1,Fov=0,CPU4/GPU=2/4,1651/670MHz,OC=FF,TA=0/E0/E0,SP=N/F/F,Mem=1804MHz,Free=1130MB,PSM=0,PLS=0,Temp=29.0C/0.0C,TW=1.30ms,App=13.92ms,GD=0.00ms,CPU&GPU=18.10ms,LCnt=1,GPU%=0.98,CPU%=0.26(W0.30),DSF=1.00
05-11 12:55:48.182   720  7442 I [CT]    : L:Behavior:AtRest: deactivated
05-11 12:55:48.183   720  7442 I [CT]    : AdHocPatch: [Right] t = 46.271s, behavior transition: AtRest -> None at 46.322s
05-11 12:55:48.615  6034  6074 W CPanelService: Detected non-responsive panel app; exiting
05-11 12:55:48.698  1081  1567 I ActivityManager: Process com.oculus.vrshell.home:explore (pid 6034) has died
05-11 12:55:48.699  1081  1567 D ActivityManager: cleanUpApplicationRecord -- 6034
05-11 12:55:48.709   698   698 I Zygote  : Process 6034 exited cleanly (1)
