05-23 18:01:36.230 10080 10080 D OVRServiceSynchronous: Service connected.
05-23 18:01:36.252 10080 10105 I RCTVR   : language 'en-rGB'
05-23 18:01:36.255 10080 10105 I BundleHelper: Retrieve override bundle from allowed bundles in the BundleConfiguration
05-23 18:01:36.255 10080 10105 I BundleHelper:   And if installed locally
05-23 18:01:36.257 10080 10105 I BundleHelper: No debug override bundle found
05-23 18:01:36.257 10080 10105 I BundleHelper: Bundle configuration - No service 'SOCIAL' found. Skipping.
05-23 18:01:36.257 10080 10105 I BundleHelper: No JS Bundles are allowed.
05-23 18:01:36.257 10080 10105 I RCTVR   : [TIMESTAMP] : ReactPlayerCommon : 2699.90147616900003
05-23 18:01:36.257 10080 10105 I RCTVR   : ReactPlayer: config automation enabled false
05-23 18:01:36.257 10080 10105 I RCTVR   : ReactPlayerCommon: Init
05-23 18:01:36.258 10080 10105 I RCTVR   : [TIMESTAMP] : ReactPlayer_InitReactNativeContext_Start : 2699.90327033499989
05-23 18:01:36.261 10080 10122 I RCTVR   : JavaScript[0xe322fb18], Avg 0.0179690001532435417, Max 0.0179690001532435417, MaxInLast 0.0179690001532435417
05-23 18:01:36.261 10080 10122 I RCTVR_HERMES: Hermes Mem: numCollections 0, allocatedBytes 108848, heapSize 9265152, va 8388608
05-23 18:01:36.263 10080 10126 I AsyncFonts: FStart
05-23 18:01:36.263 10080 10105 I RCTVR   : AsyncLocalStorage '/data/user/0/com.oculus.vrshell.home/files'
05-23 18:01:36.265 10080 10127 I OVR_MemBuffer: Couldn't open assets/audio/sound_def.json: No such file or directory
05-23 18:01:36.267 10080 10105 I RCTQplModule: Timestamp- markerStart 2699479
05-23 18:01:36.269 10080 10126 I OVR_MemBuffer: Couldn't open mapped file assets/NotoSansCJK-Bold.ttc
05-23 18:01:36.270  2114  2219 E Security-LocalReporter: UID '10043' is shared by multiple packages: [com.oculus.home, com.oculus.horizon]
05-23 18:01:36.273 10080 10126 I AsyncFonts: FComplete
05-23 18:01:36.276 10080 10118 W VideoCapabilities: Unrecognized profile 2130706433 for video/avc
05-23 18:01:36.276 10080 10118 W VideoCapabilities: Unrecognized profile 2130706434 for video/avc
05-23 18:01:36.282 10080 10105 I MessengerModuleImpl: MessengerModule
05-23 18:01:36.282 10080 10105 I MessengerModuleImpl: SetIsVrMessengerServiceEnableSocialApk false
05-23 18:01:36.282 10080 10105 I MessengerModuleImpl: SetAppId 1481000308606657
05-23 18:01:36.282 10080 10105 I MessengerModuleImpl: SetUserId 102449717587751
05-23 18:01:36.282 10080 10080 I MessengerModuleImpl: Can't initialise yet, missing: UserId AccessToken Service
05-23 18:01:36.282 10080 10080 I MessengerModuleImpl: Can't initialise yet, missing: AccessToken Service
05-23 18:01:36.283 10080 10105 I ReactPlayerCommon: ReactNativeExec: Signal
05-23 18:01:36.283 10080 10105 I RCTVR   : Metrics history-based collection is disabled.
05-23 18:01:36.283 10080 10105 I RCTVR   : [TIMESTAMP] : ReactPlayer_InitReactNativeContext_End : 2699.9276830939998
05-23 18:01:36.283 10080 10105 I RCTVR   : Marker panel_create_start: duration=356.494769ms start=2699479 end=2699835.49476899998
05-23 18:01:36.283 10080 10105 I RCTVR   : Marker panel_create_end: duration=448.828771ms start=2699479 end=2699927.8287709998
05-23 18:01:36.283 10080 10105 I panelapp: Init start
05-23 18:01:36.283 10080 10105 I panelapp: timestamp Init()
05-23 18:01:36.283 10080 10105 I panelapp: ANativeWindow_setBuffersGeometry()
05-23 18:01:36.283 10080 10105 I panelapp: ANativeWindow_setBuffersGeometry()
05-23 18:01:36.283 10080 10105 I panelapp: ANativeWindow_setBuffersGeometry()
05-23 18:01:36.283 10080 10105 I panelapp: ANativeWindow_setBuffersGeometry()
05-23 18:01:36.283 10080 10105 I panelapp: ANativeWindow_setBuffersGeometry()
05-23 18:01:36.283 10080 10105 I panelapp: ANativeWindow_setBuffersGeometry()
05-23 18:01:36.283 10080 10105 I panelapp: ANativeWindow_setBuffersGeometry()
05-23 18:01:36.283 10080 10105 I panelapp: ANativeWindow_setBuffersGeometry()
05-23 18:01:36.283 10080 10105 I panelapp: ANativeWindow_setBuffersGeometry()
05-23 18:01:36.283 10080 10105 I panelapp: ANativeWindow_setBuffersGeometry()
05-23 18:01:36.283 10080 10105 I panelapp: ANativeWindow_setBuffersGeometry()
05-23 18:01:36.283 10080 10105 I panelapp: ANativeWindow_setBuffersGeometry()
05-23 18:01:36.283 10080 10105 I panelapp: ANativeWindow_setBuffersGeometry()
05-23 18:01:36.283 10080 10105 I panelapp: ANativeWindow_setBuffersGeometry()
05-23 18:01:36.283 10080 10105 I panelapp: ovrPanel::InitGL()
05-23 18:01:36.284 10080 10105 I AdrenoGLES-0: QUALCOMM build                   : 2fa729c, I332901a8a4
05-23 18:01:36.284 10080 10105 I AdrenoGLES-0: Build Date                       : 03/26/20
05-23 18:01:36.284 10080 10105 I AdrenoGLES-0: OpenGL ES Shader Compiler Version: EV031.29.05.00
05-23 18:01:36.284 10080 10105 I AdrenoGLES-0: Local Branch                     : 
05-23 18:01:36.284 10080 10105 I AdrenoGLES-0: Remote Branch                    : refs/tags/AU_LINUX_ANDROID_LA.UM.5.7.C25.07.01.01.563.041
05-23 18:01:36.284 10080 10105 I AdrenoGLES-0: Remote Branch                    : NONE
05-23 18:01:36.284 10080 10105 I AdrenoGLES-0: Reconstruct Branch               : NOTHING
05-23 18:01:36.284 10080 10105 I AdrenoGLES-0: Build Config                     : S P 6.0.9 AArch32
05-23 18:01:36.284 10080 10105 I AdrenoGLES-0: Driver Path                      : /system/vendor/lib/egl/libGLESv2_adreno.so
05-23 18:01:36.286 10080 10130 I panelapp: Start
05-23 18:01:36.286 10080 10130 I RCTVR   : Marker load_bundle_start: duration=451.639707ms start=2699479 end=2699930.63970699999
05-23 18:01:36.286 10080 10130 I RCTVR   : [TIMESTAMP] : ReactPlayer_LoadBundle_Start : 2699.93070955099984
05-23 18:01:36.286 10080 10130 I RCTVR   : ReactPlayerCommon: start loading bundle
05-23 18:01:36.286 10080 10122 I RCTVR   : Marker execute_bundle_0_start: duration=451.896478ms start=2699479 end=2699930.8964780001
05-23 18:01:36.286 10080 10130 I RCTVR   : Marker load_bundle_end: duration=451.995437ms start=2699479 end=2699930.99543699995
05-23 18:01:36.286 10080 10130 I panelapp: Complete
05-23 18:01:36.288 10105 10105 W OVR::PanelApp: type=1400 audit(0.0:119): avc: denied { read } for name="gpu_model" dev="sysfs" ino=31478 scontext=u:r:untrusted_app:s0:c512,c768 tcontext=u:object_r:sysfs:s0 tclass=file permissive=0
05-23 18:01:36.299 10080 10105 I AdrenoGLES-0: PFP: 0x005ff112, ME: 0x005ff066
05-23 18:01:36.301 10080 10105 W AdrenoUtils: <ReadGpuID_from_sysfs:198>: Failed to open /sys/class/kgsl/kgsl-3d0/gpu_model
05-23 18:01:36.301 10080 10105 W AdrenoUtils: <ReadGpuID:222>: Failed to read chip ID from gpu_model. Fallback to use the GSL path
05-23 18:01:36.303 10080 10118 W VideoCapabilities: Unrecognized profile 2130706433 for video/avc
05-23 18:01:36.303 10080 10118 W VideoCapabilities: Unrecognized profile 2130706434 for video/avc
05-23 18:01:36.304 10080 10122 I ReactNativeExecutorHermes: WaitForNativeModules: Started
05-23 18:01:36.304 10080 10122 I ReactNativeExecutorHermes: WaitForNativeModules: Finished
05-23 18:01:36.306 10080 10118 W VideoCapabilities: Unrecognized profile 2130706433 for video/avc
05-23 18:01:36.306 10080 10118 W VideoCapabilities: Unrecognized profile 2130706434 for video/avc
05-23 18:01:36.307  2114  2219 I LibraryProvider: running queryApp(com.oculus.vrshell.home) for com.oculus.uid:10043
05-23 18:01:36.307  2114  2219 W LibraryProvider: Cannot find entitlement for com.oculus.vrshell.home
05-23 18:01:36.309 10080 10105 I panelapp: GLES3::LoadGLFunctions()
05-23 18:01:36.311 10080 10118 W VideoCapabilities: Unrecognized profile/level 0/3 for video/mpeg2
05-23 18:01:36.311 10080 10105 I panelapp: GL_InitExtensions()
05-23 18:01:36.312 10080 10105 I OVR_GlUtils: es3 = TRUE
05-23 18:01:36.312 10080 10105 I OVR_GlUtils: GL_MAX_TEXTURE_SIZE = 16384
05-23 18:01:36.312 10080 10105 I OVR_GlUtils: GL_MAX_VERTEX_UNIFORM_VECTORS = 256
05-23 18:01:36.312 10080 10105 I OVR_GlUtils: GL_MAX_FRAGMENT_UNIFORM_VECTORS = 256
05-23 18:01:36.312 10080 10105 I RCTVR   : ReactPlayerCommon: InitGfx
05-23 18:01:36.312 10080 10122 I JniUtils: Using caller's JNIEnv
05-23 18:01:36.313 10080 10118 W VideoCapabilities: Unrecognized profile/level 0/3 for video/mpeg2
05-23 18:01:36.315 10080 10105 I panelapp: Init complete
05-23 18:01:36.315  1789  5545 W OVRLibrary: null cursor received for query content://com.oculus.ocms.library/apps/com.oculus.vrshell.home
05-23 18:01:36.315 10080 10105 I RCTVR   : Create root
05-23 18:01:36.315 10080 10105 I RCTVR   : ReactPlayerCommon: reloaded RootView 'main', tag: 1
05-23 18:01:36.316 10080 10105 I RCTVRMEM: Total Allocated Space: 9921096, Total Free Space: 2137528, JavaScript Heap Size: 108848
05-23 18:01:36.318 10080 10122 I JniUtils: Using caller's JNIEnv
05-23 18:01:36.318 10080 10122 I JniUtils: Using caller's JNIEnv
05-23 18:01:36.320  1858  1920 I [OAR] PanelRenderLayer: ResetSurface 1328 x 628 - shape:2 stereo:0
05-23 18:01:36.321 10080 10122 I JniUtils: Using caller's JNIEnv
05-23 18:01:36.322 10080 10122 I JniUtils: Using caller's JNIEnv
05-23 18:01:36.326 10080 10105 I RvrPnl  : FPS=0.000740749/91.91/91.91, MSPF=1349.99/10.8802/10.8802, MEMALLOC=9.46149
05-23 18:01:36.329 10080 10119 V OVRServiceManager: Registered process token.
05-23 18:01:36.330 10080 10118 W VideoCapabilities: Unsupported mime video/x-ms-wmv
05-23 18:01:36.330 10080 10122 I JniUtils: Using caller's JNIEnv
05-23 18:01:36.332 10080 10122 I JniUtils: Using caller's JNIEnv
05-23 18:01:36.334 10080 10122 I JniUtils: Using caller's JNIEnv
05-23 18:01:36.334 10080 10122 I JniUtils: Using caller's JNIEnv
05-23 18:01:36.335 10080 10118 W VideoCapabilities: Unsupported mime video/x-ms-wmv
05-23 18:01:36.336 10080 10122 I OVR_MemBuffer: Couldn't open assets/en_GB.json: No such file or directory
05-23 18:01:36.337 10080 10122 I JniUtils: Using caller's JNIEnv
05-23 18:01:36.340 10080 10118 W VideoCapabilities: Unsupported mime video/divx
05-23 18:01:36.344 10080 10118 W VideoCapabilities: Unsupported mime video/divx311
05-23 18:01:36.344 10080 10122 I ReactNativeExecutorHermes: Timestamp- markerPoint: 2699989
05-23 18:01:36.345 10080 10122 I RCTVR   : Marker execute_bundle_0_end: duration=510.471682ms start=2699479 end=2699989.47168199997
05-23 18:01:36.349  1858 10071 I VrApi   : FPS=72,Prd=45ms,Tear=0,Early=70,Stale=0,VSnc=1,Lat=1,Fov=0,CPU4/GPU=4/4,2304/670MHz,OC=FF,TA=0/0/0,SP=N/N/N,Mem=1804MHz,Free=1062MB,PSM=0,PLS=0,Temp=35.0C/0.0C,TW=2.52ms,App=5.75ms,GD=0.44ms,CPU&GPU=9.11ms,LCnt=3,GPU%=0.54,CPU%=0.18(W0.20),DSF=1.00
05-23 18:01:36.350 10080 10122 I RCTVR   : [TIMESTAMP] : HermesReady : 2699.99473865999971
05-23 18:01:36.350 10080 10122 I RCTVR   : Marker hermes_ready: duration=515.792566ms start=2699479 end=2699994.79256600002
05-23 18:01:36.350 10080 10122 I RCTVR_HERMES: [info]: Running "main" with {"rootTag":1,"initialProps":{"surfaceWidth":1328,"surfaceHeight":628}}
05-23 18:01:36.352 10080 10118 W VideoCapabilities: Unsupported mime video/divx4
05-23 18:01:36.353  1789  1789 I FBConnectReceiver: Updating linked FB account on com.oculus.fbconnect.UPDATE_CURRENT_FACEBOOK_ACCOUNT
05-23 18:01:36.375 10080 10122 I JniUtils: Using caller's JNIEnv
05-23 18:01:36.375 10080 10122 I RCTVR_HERMES: [info]: QuickExperiments.initialize with options:
05-23 18:01:36.375 10080 10122 I RCTVR_HERMES: [info]: { useNativeQEModule: true }
05-23 18:01:36.376 10080 10122 I RCTVR   : Marker execute_bundle_1_start: duration=541.530375ms start=2699479 end=2700020.53037500009
05-23 18:01:36.376 10080 10122 I RCTVR   : Marker execute_bundle_1_end: duration=542.143657ms start=2699479 end=2700021.1436569998
05-23 18:01:36.379 10080 10105 I RCTVR   : Marker tti_home_react_root: duration=5.908488ms start=2700017.86865800014 end=2700023.77714599995
05-23 18:01:36.379 10080 10105 I RCTVR   : Marker tti_router_app_initializing: duration=6.025572ms start=2700017.87860599998 end=2700023.90417800006
05-23 18:01:36.379 10080 10105 I RCTVR   : Marker tti_home_where_to_go: duration=6.065988ms start=2700017.88542900002 end=2700023.95141700003
05-23 18:01:36.379 10080 10118 W VideoCapabilities: Unsupported mime video/mp4v-esdp
05-23 18:01:36.390  1858  1920 I [OAR] PanelAppHost: Setting panel layer visibility of layer "#main" to invisible
05-23 18:01:36.391  1858  1920 I [OAR] PanelAppAnalytics: First frame latency: 0.469 for id 49 com.oculus.vrshell.home/com.oculus.vrshell.home.SocialService
05-23 18:01:36.394 10080 10105 I OVRPlatform: [capi] ovr_Voip_GetSystemVoipMicrophoneMuted: caught an OVRPlatformException: Context::Get: Called before context was initialized
05-23 18:01:36.404 10080 10118 I VideoCapabilities: Unsupported profile 4 for video/mp4v-es
05-23 18:01:36.413 10080 10118 I org.webrtc.Logging: MediaCodecVideoEncoder: Found target encoder for mime video/x-vnd.on2.vp8 : OMX.qcom.video.encoder.vp8. Color: 0x15
05-23 18:01:36.413 10080 10118 W VideoCapabilities: Unrecognized profile 2130706433 for video/avc
05-23 18:01:36.413 10080 10118 W VideoCapabilities: Unrecognized profile 2130706434 for video/avc
05-23 18:01:36.414 10080 10118 I org.webrtc.Logging: MediaCodecVideoEncoder: Found target encoder for mime video/avc : OMX.qcom.video.encoder.avc. Color: 0x15
05-23 18:01:36.415 10080 10118 I org.webrtc.Logging: MediaCodecVideoDecoder: Trying to find HW decoder for mime video/x-vnd.on2.vp8
05-23 18:01:36.415 10080 10118 I org.webrtc.Logging: MediaCodecVideoDecoder: Found candidate decoder OMX.qcom.video.decoder.vp8
05-23 18:01:36.416 10080 10118 I org.webrtc.Logging: MediaCodecVideoDecoder: Found target decoder OMX.qcom.video.decoder.vp8. Color: 0x13
05-23 18:01:36.416 10080 10118 I org.webrtc.Logging: MediaCodecVideoDecoder: Trying to find HW decoder for mime video/x-vnd.on2.vp9
05-23 18:01:36.416 10080 10118 I org.webrtc.Logging: MediaCodecVideoDecoder: Found candidate decoder OMX.qcom.video.decoder.vp9
05-23 18:01:36.416 10080 10118 I org.webrtc.Logging: MediaCodecVideoDecoder: Found target decoder OMX.qcom.video.decoder.vp9. Color: 0x13
05-23 18:01:36.416 10080 10118 I org.webrtc.Logging: MediaCodecVideoDecoder: Trying to find HW decoder for mime video/avc
05-23 18:01:36.416 10080 10118 I org.webrtc.Logging: MediaCodecVideoDecoder: Found candidate decoder OMX.qcom.video.decoder.avc
05-23 18:01:36.416 10080 10118 W VideoCapabilities: Unrecognized profile 2130706433 for video/avc
05-23 18:01:36.416 10080 10118 W VideoCapabilities: Unrecognized profile 2130706434 for video/avc
05-23 18:01:36.417 10080 10118 I org.webrtc.Logging: MediaCodecVideoDecoder: Found target decoder OMX.qcom.video.decoder.avc. Color: 0x13
05-23 18:01:36.420 10080 10107 I OVRPlatform: [RequestStopwatch] AndroidPlatformIntegration-Constructor took 204.0770 milliseconds
05-23 18:01:36.427 10080 10122 I JniUtils: Using caller's JNIEnv
05-23 18:01:36.433 10080 10105 I MessengerModuleImpl: requestThreads 8.0, 15.0, 0.0
05-23 18:01:36.433 10080 10080 I MessengerModuleImpl: Trying to InvokeService before messenger service is initialised, queueing call for later...
05-23 18:01:36.436 10080 10122 W RCTVR_HERMES: [warn]: 'Home', [ 'Failed to get the system VOIP microphone mute state!',
05-23 18:01:36.436 10080 10122 W RCTVR_HERMES:   { message: 'Error getting microphone state' } ]
05-23 18:01:36.446  1858  1920 I [OAR] PanelAppHost: Setting panel layer visibility of layer "#main" to visible
05-23 18:01:36.450  1858  1920 I [OAR] PanelRenderLayer: New SurfaceLayer 1328 x 628 (shape: 2)
05-23 18:01:36.450  2129  9277 I VrRuntimeService: nativeCreateTextureSwapChain api:gles 0 0x8c43 1328 628 11 3 1 0 0
05-23 18:01:36.457 10080 10122 I RCTVR_HERMES: [info]: QuickExperiments loaded native cached QEs.
05-23 18:01:36.457 10080 10122 I RCTVR_HERMES: [info]: Overrides: [object Object]
05-23 18:01:36.458  2129  9277 I VrRuntimeServer: CreateTextureSwapChain: result importswapchaingles 1
05-23 18:01:36.469  2191  2308 I VrGuardianService: GuardianSDKServer::SetGuardianCanPaint
05-23 18:01:36.471 10080 10122 I JniUtils: Using caller's JNIEnv
05-23 18:01:36.472 10080 10122 I RCTVR_HERMES: [info]: GraphQL native prefetch is enabled
05-23 18:01:36.478 10080 10122 I JniUtils: Using caller's JNIEnv
05-23 18:01:36.479 10080 10122 I RCTVR_HERMES: [info]: Library entitlements cache was missed.
05-23 18:01:36.481 10080 10105 D OculusLogger: reportQuickExperimentExposure(sessionless__oculus_mobile_explore_prefetching, test, 102449717587751)
05-23 18:01:36.482 10080 10105 D QuickPromotionModule: Initialized and enabled.
05-23 18:01:36.484 10080 10107 I OVRPlatform: [AndroidPlatformIntegration] Creating shared mic
05-23 18:01:36.484 10080 10107 I libjingle: [000:000] [10107] (WebRtcPeerConnectionFactory.cpp:119): WebRtcPeerConnectionFactory::WebRtcPeerConnectionFactory
05-23 18:01:36.486 10080 10136 I libjingle: [000:002] [10136] (WebRtcPeerConnectionFactory.cpp:98): SetThreadCPUAffinity failed for thread 0, cpu mask 15 err=Invalid argument 22
05-23 18:01:36.488 10080 10137 I libjingle: [000:004] [10137] (WebRtcPeerConnectionFactory.cpp:98): SetThreadCPUAffinity failed for thread 0, cpu mask 15 err=Invalid argument 22
05-23 18:01:36.489 10080 10107 I libjingle: [000:005] [10107] (WebRtcPeerConnectionFactory.cpp:164): WebRtcPeerConnectionFactory::WebRtcPeerConnectionFactory enc 0xe1a26ff8 dec 0xcca3d4e0
05-23 18:01:36.490 10080 10137 D JVM     : AttachCurrentThreadIfNeeded::ctor@[tid=10137]
05-23 18:01:36.490 10080 10137 D JVM     : Attaching thread to JVM
05-23 18:01:36.490 10080 10137 D JVM     : JVM::environment@[tid=10137]
05-23 18:01:36.490 10080 10137 D JVM     : JNIEnvironment::ctor@[tid=10137]
05-23 18:01:36.490 10080 10137 D AudioManager: ctor@[tid=10137]
05-23 18:01:36.490 10080 10137 D JVM     : JNIEnvironment::RegisterNatives(org/webrtc/voiceengine/WebRtcAudioManager)
05-23 18:01:36.490 10080 10137 D JVM     : NativeRegistration::ctor@[tid=10137]
05-23 18:01:36.490 10080 10137 D JVM     : NativeRegistration::NewObject@[tid=10137]
05-23 18:01:36.490 10080 10122 I ReactNativeExecutorHermes: Timestamp- markerPoint: 2700135
05-23 18:01:36.491 10080 10122 W RCTVR_HERMES: [warn]: QEData empty or corrupt for sessionless__oculus_horizon_party_live_streaming_universe
05-23 18:01:36.492 10080 10105 D QuickPromotionModule: Set access token.
05-23 18:01:36.494 10080 10137 I org.webrtc.Logging: WebRtcAudioManager: ctor@[name=Thread-6, id=155]
05-23 18:01:36.500 10080 10137 I org.webrtc.Logging: WebRtcAudioManager: Sample rate is set to 48000 Hz
05-23 18:01:36.512 10080 10137 I org.webrtc.Logging: WebRtcAudioEffects: canUseAcousticEchoCanceler: true
05-23 18:01:36.515 10080 10137 I org.webrtc.Logging: WebRtcAudioEffects: canUseAutomaticGainControl: false
05-23 18:01:36.527 10080 10137 I org.webrtc.Logging: WebRtcAudioEffects: canUseNoiseSuppressor: true
05-23 18:01:36.536 10080 10137 D AudioManager: OnCacheAudioParameters@[tid=10137]
05-23 18:01:36.536 10080 10137 D AudioManager: hardware_aec: 1
05-23 18:01:36.536 10080 10137 D AudioManager: hardware_agc: 0
05-23 18:01:36.536 10080 10137 D AudioManager: hardware_ns: 1
05-23 18:01:36.536 10080 10137 D AudioManager: low_latency_output: 1
05-23 18:01:36.536 10080 10137 D AudioManager: sample_rate: 48000
05-23 18:01:36.536 10080 10137 D AudioManager: channels: 1
05-23 18:01:36.536 10080 10137 D AudioManager: output_buffer_size: 192
05-23 18:01:36.536 10080 10137 D AudioManager: input_buffer_size: 1920
05-23 18:01:36.536 10080 10137 D JVM     : GlobalRef::ctor@[tid=10137]
05-23 18:01:36.536 10080 10137 D AudioManager: JavaAudioManager::ctor@[tid=10137]
05-23 18:01:36.536 10080 10137 D JVM     : AttachCurrentThreadIfNeeded::ctor@[tid=10137]
05-23 18:01:36.536 10080 10137 D JVM     : JVM::environment@[tid=10137]
05-23 18:01:36.536 10080 10137 D JVM     : JNIEnvironment::ctor@[tid=10137]
05-23 18:01:36.536 10080 10137 D AudioTrackJni: ctor@[tid=10137]
05-23 18:01:36.536 10080 10137 D JVM     : JNIEnvironment::RegisterNatives(org/webrtc/voiceengine/WebRtcAudioTrack)
05-23 18:01:36.536 10080 10137 D JVM     : NativeRegistration::ctor@[tid=10137]
05-23 18:01:36.536 10080 10137 D JVM     : NativeRegistration::NewObject@[tid=10137]
05-23 18:01:36.536 10080 10137 I org.webrtc.Logging: WebRtcAudioTrack: ctor@[name=Thread-6, id=155]
05-23 18:01:36.536 10080 10137 D JVM     : GlobalRef::ctor@[tid=10137]
05-23 18:01:36.537 10080 10137 D AudioManager: SetActiveAudioLayer(5)@[tid=10137]
05-23 18:01:36.537 10080 10137 D AudioManager: delay_estimate_in_milliseconds: 150
05-23 18:01:36.537 10080 10137 D AudioTrackJni: AttachAudioBuffer@[tid=10137]
05-23 18:01:36.537 10080 10137 D AudioTrackJni: SetPlayoutSampleRate(48000)
05-23 18:01:36.537 10080 10137 D AudioTrackJni: SetPlayoutChannels(1)
05-23 18:01:36.537 10080 10137 I libjingle: [000:053] [10137] (AudioRecordWrapper.cpp:53): Attached an audio buffer to AudioRecordWrapper
05-23 18:01:36.539 10080 10137 I libjingle: [000:054] [10137] (webrtcvoiceengine.cc:246): WebRtc VoiceEngine codecs:
05-23 18:01:36.539 10080 10137 I libjingle: [000:054] [10137] (webrtcvoiceengine.cc:273): ISAC/16000/1 (103)
05-23 18:01:36.539 10080 10137 I libjingle: [000:054] [10137] (webrtcvoiceengine.cc:273): PCMU/8000/1 (0)
05-23 18:01:36.539 10080 10137 I libjingle: [000:054] [10137] (webrtcvoiceengine.cc:273): PCMA/8000/1 (8)
05-23 18:01:36.539 10080 10137 W libjingle: [000:054] [10137] (webrtcvoiceengine.cc:297): Unexpected codec: PCMU/8000/2 (110)
05-23 18:01:36.539 10080 10137 W libjingle: [000:054] [10137] (webrtcvoiceengine.cc:297): Unexpected codec: PCMA/8000/2 (118)
05-23 18:01:36.539 10080 10137 I libjingle: [000:054] [10137] (webrtcvoiceengine.cc:273): ILBC/8000/1 (102)
05-23 18:01:36.539 10080 10137 I libjingle: [000:054] [10137] (webrtcvoiceengine.cc:273): G722/8000/1 (9)
05-23 18:01:36.539 10080 10137 W libjingle: [000:054] [10137] (webrtcvoiceengine.cc:297): Unexpected codec: G722/8000/2 (119)
05-23 18:01:36.539 10080 10137 I libjingle: [000:054] [10137] (webrtcvoiceengine.cc:273): opus/48000/2 (111)
05-23 18:01:36.539 10080 10137 I libjingle: [000:054] [10137] (webrtcvoiceengine.cc:273): CN/8000/1 (13)
05-23 18:01:36.539 10080 10137 I libjingle: [000:054] [10137] (webrtcvoiceengine.cc:273): CN/16000/1 (105)
05-23 18:01:36.539 10080 10137 I libjingle: [000:054] [10137] (webrtcvoiceengine.cc:273): CN/32000/1 (106)
05-23 18:01:36.539 10080 10137 I libjingle: [000:054] [10137] (webrtcvoiceengine.cc:273): telephone-event/8000/1 (126)
05-23 18:01:36.539 10080 10137 I libjingle: [000:054] [10137] (webrtcvoiceengine.cc:273): red/8000/1 (127)
05-23 18:01:36.539 10080 10137 I libjingle: [000:054] [10137] (webrtcvideoengine2.cc:497): WebRtcVideoEngine2::WebRtcVideoEngine2()
05-23 18:01:36.540 10080 10137 I libjingle: [000:055] [10137] (webrtcvoiceengine.cc:551): WebRtcVoiceEngine::Init
05-23 18:01:36.540 10080 10137 I libjingle: [000:055] [10137] (webrtcvoiceengine.cc:575): VoiceEngine 4.1.0
05-23 18:01:36.540 10080 10137 I libjingle: [000:055] [10137] (voe_base_impl.cc:244): Init: An external ADM implementation will be used in VoiceEngine
05-23 18:01:36.540 10080 10137 D AudioManager: Init@[tid=10137]
05-23 18:01:36.540 10080 10137 I org.webrtc.Logging: WebRtcAudioManager: init@[name=Thread-6, id=155]
05-23 18:01:36.543 10080 10137 I org.webrtc.Logging: WebRtcAudioManager: audio mode is: MODE_NORMAL
05-23 18:01:36.543 10080 10137 D AudioTrackJni: Init@[tid=10137]
05-23 18:01:36.544 10080 10137 I libjingle: [000:059] [10137] (webrtcvoiceengine.cc:1066): webrtc: output: available=0
05-23 18:01:36.544 10080 10137 E libjingle: [000:059] [10137] (webrtcvoiceengine.cc:1066): webrtc: stereo playout is not supported
05-23 18:01:36.544 10080 10137 W libjingle: [000:059] [10137] (webrtcvoiceengine.cc:1066): webrtc: Init() failed to set mono/stereo playout mode (error=8090)
05-23 18:01:36.544 10080 10137 I libjingle: [000:059] [10137] (webrtcvoiceengine.cc:1066): webrtc: output: available=0
05-23 18:01:36.544 10080 10137 E libjingle: [000:059] [10137] (webrtcvoiceengine.cc:1066): webrtc: recording in stereo is not supported
05-23 18:01:36.544 10080 10137 W libjingle: [000:059] [10137] (webrtcvoiceengine.cc:1066): webrtc: Init() failed to set mono/stereo recording mode (error=8090)
05-23 18:01:36.544 10080 10137 I libjingle: [000:059] [10137] (webrtcvoiceengine.cc:1066): webrtc: TransmitMixer::SetAudioProcessingModule(audioProcessingModule=0xc6bb1300)
05-23 18:01:36.544 10080 10137 I libjingle: [000:059] [10137] (webrtcvoiceengine.cc:1066): webrtc: OutputMixer::SetAudioProcessingModule(audioProcessingModule=0xc6bb1300)
05-23 18:01:36.544 10080 10137 E libjingle: [000:059] [10137] (voe_base_impl.cc:371): Init: Failed to set agc to enabled: 0
05-23 18:01:36.544 10080 10137 I libjingle: [000:059] [10137] (webrtcvoiceengine.cc:648): ApplyOptions: AudioOptions {aec: true, agc: true, ns: true, hf: true, swap: false, audio_jitter_buffer_max_packets: 50, audio_jitter_buffer_fast_accelerate: false, typing: true, agc_delta: 0, experimental_agc: false, extended_filter_aec: false, delay_agnostic_aec: false, experimental_ns: false, }
05-23 18:01:36.544 10080 10137 I OVRPlatform: [SharedMicrophoneAudioRecord] EnableBuiltInEffect(): called to enable effect 0
05-23 18:01:36.544 10080 10137 I libjingle: [000:059] [10137] (webrtcvoiceengine.cc:722): Disabling EC since built-in EC will be used instead
05-23 18:01:36.544 10080 10137 I libjingle: [000:059] [10137] (webrtcvoiceengine.cc:729): Echo control set to 0 with mode 4
05-23 18:01:36.544 10080 10137 I libjingle: [000:059] [10137] (webrtcvoiceengine.cc:764): Auto gain set to 0 with mode 4
05-23 18:01:36.544 10080 10137 I OVRPlatform: [SharedMicrophoneAudioRecord] EnableBuiltInEffect(): called to enable effect 2
05-23 18:01:36.544 10080 10137 I libjingle: [000:059] [10137] (webrtcvoiceengine.cc:804): Disabling NS since built-in NS will be used instead
05-23 18:01:36.544 10080 10137 I libjingle: [000:060] [10137] (webrtcvoiceengine.cc:811): Noise suppression set to 0 with mode 5
05-23 18:01:36.544 10080 10137 I libjingle: [000:060] [10137] (webrtcvoiceengine.cc:817): High pass filter enabled? 0
05-23 18:01:36.548 10080 10137 I libjingle: [000:060] [10137] (webrtcvoiceengine.cc:825): Stereo swapping enabled? 0
05-23 18:01:36.548 10080 10137 I libjingle: [000:063] [10137] (webrtcvoiceengine.cc:834): NetEq capacity is 50
05-23 18:01:36.548 10080 10137 I libjingle: [000:063] [10137] (webrtcvoiceengine.cc:842): NetEq fast mode? 0
05-23 18:01:36.548 10080 10137 I libjingle: [000:063] [10137] (webrtcvoiceengine.cc:850): Typing detection is enabled? 0
05-23 18:01:36.548 10080 10137 E libjingle: [000:063] [10137] (voe_audio_processing_impl.cc:955): SetTypingDetectionStatus: not supported
05-23 18:01:36.548 10080 10137 W libjingle: [000:063] [10137] (webrtcvoiceengine.cc:854): SetTypingDetectionStatus(0) failed, err=8003
05-23 18:01:36.548 10080 10137 I libjingle: [000:063] [10137] (webrtcvoiceengine.cc:859): Adjust agc delta is 0
05-23 18:01:36.548 10080 10137 I libjingle: [000:063] [10137] (webrtcvoiceengine.cc:1091): Adjusting AGC level from default -3dB to -3dB
05-23 18:01:36.548 10080 10137 I libjingle: [000:063] [10137] (webrtcvoiceengine.cc:870): Delay agnostic aec is enabled? 0
05-23 18:01:36.548 10080 10137 I libjingle: [000:063] [10137] (webrtcvoiceengine.cc:879): Extended filter aec is enabled? 0
05-23 18:01:36.548 10080 10137 I libjingle: [000:063] [10137] (webrtcvoiceengine.cc:888): Experimental ns is enabled? 0
05-23 18:01:36.548 10080 10137 I libjingle: [000:063] [10137] (webrtcvoiceengine.cc:611): WebRtc VoiceEngine codecs:
05-23 18:01:36.548 10080 10137 I libjingle: [000:063] [10137] (webrtcvoiceengine.cc:613): opus/48000/2 (111)
05-23 18:01:36.548 10080 10137 I libjingle: [000:063] [10137] (webrtcvoiceengine.cc:613): ISAC/16000/1 (103)
05-23 18:01:36.549 10080 10137 I libjingle: [000:065] [10137] (webrtcvoiceengine.cc:613): G722/8000/1 (9)
05-23 18:01:36.549 10080 10137 I libjingle: [000:065] [10137] (webrtcvoiceengine.cc:613): ILBC/8000/1 (102)
05-23 18:01:36.549 10080 10137 I libjingle: [000:065] [10137] (webrtcvoiceengine.cc:613): PCMU/8000/1 (0)
05-23 18:01:36.549 10080 10137 I libjingle: [000:065] [10137] (webrtcvoiceengine.cc:613): PCMA/8000/1 (8)
05-23 18:01:36.549 10080 10137 I libjingle: [000:065] [10137] (webrtcvoiceengine.cc:613): CN/32000/1 (106)
05-23 18:01:36.549 10080 10137 I libjingle: [000:065] [10137] (webrtcvoiceengine.cc:613): CN/16000/1 (105)
05-23 18:01:36.549 10080 10137 I libjingle: [000:065] [10137] (webrtcvoiceengine.cc:613): CN/8000/1 (13)
05-23 18:01:36.549 10080 10137 I libjingle: [000:065] [10137] (webrtcvoiceengine.cc:613): red/8000/1 (127)
05-23 18:01:36.549 10080 10137 I libjingle: [000:065] [10137] (webrtcvoiceengine.cc:613): telephone-event/8000/1 (126)
05-23 18:01:36.549 10080 10137 I libjingle: [000:065] [10137] (webrtcvoiceengine.cc:961): Setting microphone to (id=0) and speaker to (id=0)
05-23 18:01:36.549 10080 10137 W libjingle: [000:065] [10137] (webrtcvoiceengine.cc:1066): webrtc: SetRecordingChannel() unable to set the recording channel (error=10028)
05-23 18:01:36.549 10080 10137 E libjingle: [000:065] [10137] (webrtcvoiceengine.cc:1066): webrtc: recording in stereo is not supported
05-23 18:01:36.550 10080 10137 W libjingle: [000:065] [10137] (webrtcvoiceengine.cc:1066): webrtc: SetRecordingDevice() failed to set mono recording mode (error=8090)
05-23 18:01:36.550 10080 10137 E libjingle: [000:065] [10137] (webrtcvoiceengine.cc:1066): webrtc: stereo playout is not supported
05-23 18:01:36.550 10080 10137 W libjingle: [000:065] [10137] (webrtcvoiceengine.cc:1066): webrtc: SetPlayoutDevice() failed to set stereo playout mode (error=8090)
05-23 18:01:36.550 10080 10137 I libjingle: [000:065] [10137] (webrtcvoiceengine.cc:981): Set microphone to (id=0) and speaker to (id=0)
05-23 18:01:36.550 10080 10137 I libjingle: [000:065] [10137] (webrtcvoiceengine.cc:554): WebRtcVoiceEngine::Init Done!
05-23 18:01:36.550 10080 10137 I libjingle: [000:065] [10137] (webrtcvideoengine2.cc:506): WebRtcVideoEngine2::Init
05-23 18:01:36.550 10080 10137 I libjingle: [000:066] [10137] (dtlsidentitystore.cc:53): Generating identity, using keytype 0
05-23 18:01:36.550 10080 10137 I libjingle: [000:066] [10137] (opensslidentity.cc:41): Making key pair
05-23 18:01:36.564 10080 10105 D QuickPromotionModule: Signal trigger 'app_foreground'.
05-23 18:01:36.564 10080 10105 D QuickPromotionModule: Enable surface #5643.
05-23 18:01:36.564 10080 10105 D QuickPromotionModule: Enable surface #5259.
05-23 18:01:36.565 10080 10105 I RCTVR   : RCTEnvironment
05-23 18:01:36.572 10080 10105 I RCTVRNET: Network data cache path: /data/user/0/com.oculus.vrshell.home/cache
05-23 18:01:36.573 10080 10140 I OVR_MemBuffer: Couldn't open assets/src/ocicon/assets/oc_icon_arrow_left_outline_2_24_d2d3d4.png: No such file or directory
05-23 18:01:36.574 10080 10105 I RCTVR   : Allocated offscreen texture 5, size 792x64
05-23 18:01:36.574 10080 10105 I RCTVR   : Marker tti_utilities_frame_view: duration=8.786146ms start=2700209.93197100004 end=2700218.71811700007
05-23 18:01:36.574 10080 10105 I RCTVR   : Marker tti_router_app: duration=9.479166ms start=2700209.33759699995 end=2700218.8167630001
05-23 18:01:36.574 10080 10105 I RCTVR   : env default
05-23 18:01:36.578   720  8796 I [CT]    : VIPER: Status=6DoF,TRACKING,KF=82,Inl=383,Pts=374,Jit=0.1mm,Issues(Cam/min=0.6,IMU/min=0.0),Exp=(7.5ms,g=8.0,I=62)(6.5ms,g=7.0,I=68)(7.5ms,g=8.0,I=68)(6.3ms,g=6.0,I=66)
05-23 18:01:36.602  3096  3096 I [OAR] AnytimeUIAndroidPanelApp: updateActiveComponent - systemux://cameraroll, returnComponent = com.YourCompany.ToysGame
05-23 18:01:36.621 10080 10131 I RCTVRNET: Request complete: time=210 name=unknown docid= traceid=DipJl7VZuE6 code=200
05-23 18:01:36.626 10080 10131 I RCTVRNET: Request complete: time=204 name=unknown docid= traceid=A/olWPhWFWB code=200
05-23 18:01:36.642 10080 10131 I RCTVRNET: Request complete: time=291 name=unknown docid= traceid=DDN0fH0j+rQ code=200
05-23 18:01:36.647 10080 10139 D LocalMediaManager: Adding internal file : /storage/emulated/0/Oculus/VideoShots/Button.mp4
05-23 18:01:36.653 10080 10139 D LocalMediaManager: Adding internal file : /storage/emulated/0/Oculus/VideoShots/com.YourCompany.ToysGame-20200523-175915.mp4
05-23 18:01:36.654 10080 10139 D LocalMediaManager: Adding internal file : /storage/emulated/0/Oculus/VideoShots/com.YourCompany.ToysGame-20200523-180002.mp4
05-23 18:01:36.654 10080 10139 D LocalMediaManager: Adding internal file : /storage/emulated/0/Oculus/VideoShots/com.YourCompany.ToysGame-20200523-180102.mp4
05-23 18:01:36.655 10080 10131 I RCTVRNET: Request complete: time=154 name=OCRelayNetwork_FBLinkActionsRefreshFBLinkedStatusQuery docid=2464161093633584 traceid=FbpflQsp/Zp code=200
05-23 18:01:36.660 10080 10139 D LocalMediaManager: External storage directory is empty.
05-23 18:01:36.698 10080 10139 D LocalMediaManager: Scanning hidden folders : /storage/emulated/0/Android/obb
05-23 18:01:36.702 10080 10137 I libjingle: [000:217] [10137] (opensslidentity.cc:82): Returning key pair
05-23 18:01:36.702 10080 10137 I libjingle: [000:217] [10137] (opensslidentity.cc:89): Making certificate for WebRTC
05-23 18:01:36.702 10080 10139 D LocalMediaManager: Scanning hidden folders : /storage/emulated/0/Android/data
05-23 18:01:36.704 10080 10137 I libjingle: [000:219] [10137] (opensslidentity.cc:137): Returning certificate
05-23 18:01:36.704 10080 10139 D LocalMediaManager: Video media scan found 4 internal videos in 71 msec.
05-23 18:01:36.704 10080 10139 D LocalMediaManager: Video media scan found 0 external videos in 0 msec.
05-23 18:01:36.704 10080 10139 D LocalMediaManager: Video media scan found 0 hidden videos in 43 msec.
05-23 18:01:36.704 10080 10107 I OVRPlatform: [AndroidPlatformIntegration] Cached SystemVoipState wasn't set, explicitly requesting
05-23 18:01:36.705 10080 10107 I OVRPlatform: [RequestStopwatch] AndroidFinishInitialization took 488.7230 milliseconds
05-23 18:01:36.705 10080 10107 I OVRPlatform: [RequestStopwatch] AndroidAsyncInitRequest took 489.1510 milliseconds
05-23 18:01:36.708  1789 10037 I OVRPlatform: [PartiesAPI] ovr_Party_PluginGetSharedMemHandle: This function is deprecated, do not use
05-23 18:01:36.709 10080 10111 I OVRPlatform: [P2PNetworkTransport] SystemVoip state changed, updating mute
05-23 18:01:36.737   720  8796 I [CT]    : VIPER:MAP_MANAGER: State: TRACKING_PERSISTENT, UUID=eb4ba2b9-ebe1-42a3-9de2-f36bf5a10065, Num. Persistent maps = 2,  Persistent maps:eb4ba2b9-ebe1-42a3-9de2-f36bf5a10065,022994f1-0c1e-4a65-9817-b24e9f537401,, Ser. Disabled = 00000000-0000-0000-0000-000000000000
05-23 18:01:36.794 10080 10139 D LocalMediaCacheDatabase: Set DB cache entry for /storage/emulated/0/UE4Game/ToysGame/Engine/Content/Slate/Checkerboard.png :CachedMetadata{mType=IMAGE, mIs360=false, mIs180=false, mIs3D=false, mIsTopBotton=false, mOrientation=0, mHasAudio=false}
05-23 18:01:36.800 10080 10139 D LocalMediaCacheDatabase: Set DB cache entry for /storage/emulated/0/UE4Game/ToysGame/Engine/Content/Slate/Common/BoxShadow.png :CachedMetadata{mType=IMAGE, mIs360=false, mIs180=false, mIs3D=false, mIsTopBotton=false, mOrientation=0, mHasAudio=false}
05-23 18:01:36.805 10080 10139 D LocalMediaCacheDatabase: Set DB cache entry for /storage/emulated/0/UE4Game/ToysGame/Engine/Content/Slate/Common/Button.png :CachedMetadata{mType=IMAGE, mIs360=false, mIs180=false, mIs3D=false, mIsTopBotton=false, mOrientation=0, mHasAudio=false}
05-23 18:01:36.813 10080 10139 D LocalMediaCacheDatabase: Set DB cache entry for /storage/emulated/0/UE4Game/ToysGame/Engine/Content/Slate/Common/Button_Disabled.png :CachedMetadata{mType=IMAGE, mIs360=false, mIs180=false, mIs3D=false, mIsTopBotton=false, mOrientation=0, mHasAudio=false}
05-23 18:01:36.818 10080 10139 D LocalMediaCacheDatabase: Set DB cache entry for /storage/emulated/0/UE4Game/ToysGame/Engine/Content/Slate/Common/Button_Hovered.png :CachedMetadata{mType=IMAGE, mIs360=false, mIs180=false, mIs3D=false, mIsTopBotton=false, mOrientation=0, mHasAudio=false}
05-23 18:01:36.822 10080 10139 D LocalMediaCacheDatabase: Set DB cache entry for /storage/emulated/0/UE4Game/ToysGame/Engine/Content/Slate/Common/Button_Pressed.png :CachedMetadata{mType=IMAGE, mIs360=false, mIs180=false, mIs3D=false, mIsTopBotton=false, mOrientation=0, mHasAudio=false}
05-23 18:01:36.826 10080 10139 D LocalMediaCacheDatabase: Set DB cache entry for /storage/emulated/0/UE4Game/ToysGame/Engine/Content/Slate/Common/Check.png :CachedMetadata{mType=IMAGE, mIs360=false, mIs180=false, mIs3D=false, mIsTopBotton=false, mOrientation=0, mHasAudio=false}
05-23 18:01:36.832 10080 10139 D LocalMediaCacheDatabase: Set DB cache entry for /storage/emulated/0/UE4Game/ToysGame/Engine/Content/Slate/Common/CheckBox.png :CachedMetadata{mType=IMAGE, mIs360=false, mIs180=false, mIs3D=false, mIsTopBotton=false, mOrientation=0, mHasAudio=false}
05-23 18:01:36.835 10080 10139 D LocalMediaCacheDatabase: Set DB cache entry for /storage/emulated/0/UE4Game/ToysGame/Engine/Content/Slate/Common/CheckBox_Checked.png :CachedMetadata{mType=IMAGE, mIs360=false, mIs180=false, mIs3D=false, mIsTopBotton=false, mOrientation=0, mHasAudio=false}
05-23 18:01:36.839 10080 10139 D LocalMediaCacheDatabase: Set DB cache entry for /storage/emulated/0/UE4Game/ToysGame/Engine/Content/Slate/Common/CheckBox_Checked_Hovered.png :CachedMetadata{mType=IMAGE, mIs360=false, mIs180=false, mIs3D=false, mIsTopBotton=false, mOrientation=0, mHasAudio=false}
05-23 18:01:36.841  1789  1804 I ExternalPlatformNetwork: access token acquired for pkg 'com.oculus.vrshell.home'
05-23 18:01:36.842 10080 10109 I OVRPlatform: [RequestStopwatch] AccessTokenRequest took 138.4030 milliseconds
05-23 18:01:36.845 10080 10139 D LocalMediaCacheDatabase: Set DB cache entry for /storage/emulated/0/UE4Game/ToysGame/Engine/Content/Slate/Common/CheckBox_Hovered.png :CachedMetadata{mType=IMAGE, mIs360=false, mIs180=false, mIs3D=false, mIsTopBotton=false, mOrientation=0, mHasAudio=false}
05-23 18:01:36.852 10080 10105 I OCPlatformModule: timestamp accessTokenRequestID
05-23 18:01:36.852 10080 10105 I RCTVR   : Marker access_token_request_start: duration=382.131537ms start=2699479 end=2699861.13153700018
05-23 18:01:36.852 10080 10105 I RCTVR   : Marker access_token_request_end: duration=1018.226266ms start=2699479 end=2700497.22626599995
05-23 18:01:36.854 10080 10105 I AccessTokenForwarderModule: Forwarding token
05-23 18:01:36.854 10080 10105 D AccessTokenForwarder: Get access token
05-23 18:01:36.854 10080 10105 I MessengerModuleImpl: SetAccessToken
05-23 18:01:36.854 10080 10080 I MessengerModuleImpl: Can't initialise yet, missing: Service
05-23 18:01:36.857 10080 10139 D LocalMediaCacheDatabase: Set DB cache entry for /storage/emulated/0/UE4Game/ToysGame/Engine/Content/Slate/Common/CheckBox_Undetermined.png :CachedMetadata{mType=IMAGE, mIs360=false, mIs180=false, mIs3D=false, mIsTopBotton=false, mOrientation=0, mHasAudio=false}
05-23 18:01:36.862 10080 10139 D LocalMediaCacheDatabase: Set DB cache entry for /storage/emulated/0/UE4Game/ToysGame/Engine/Content/Slate/Common/CheckBox_Undetermined_Hovered.png :CachedMetadata{mType=IMAGE, mIs360=false, mIs180=false, mIs3D=false, mIsTopBotton=false, mOrientation=0, mHasAudio=false}
05-23 18:01:36.866 10080 10105 I HomeApplication: onAccessToken
05-23 18:01:36.869 10080 10131 I RCTVRNET: Request complete: time=318 name=OCRelayNetwork_createSocialViewContainer2Query docid=2640790672691884 traceid=H/heMcm4j19 code=200
05-23 18:01:36.875 10080 10139 D LocalMediaCacheDatabase: Set DB cache entry for /storage/emulated/0/UE4Game/ToysGame/Engine/Content/Slate/Common/Checker.png :CachedMetadata{mType=IMAGE, mIs360=false, mIs180=false, mIs3D=false, mIsTopBotton=false, mOrientation=0, mHasAudio=false}
05-23 18:01:36.892 10080 10139 D LocalMediaCacheDatabase: Set DB cache entry for /storage/emulated/0/UE4Game/ToysGame/Engine/Content/Slate/Common/Circle.png :CachedMetadata{mType=IMAGE, mIs360=false, mIs180=false, mIs3D=false, mIsTopBotton=false, mOrientation=0, mHasAudio=false}
05-23 18:01:36.897 10080 10139 D LocalMediaCacheDatabase: Set DB cache entry for /storage/emulated/0/UE4Game/ToysGame/Engine/Content/Slate/Common/ColorGradingWheel.png :CachedMetadata{mType=IMAGE, mIs360=false, mIs180=false, mIs3D=false, mIsTopBotton=false, mOrientation=0, mHasAudio=false}
05-23 18:01:36.906 10080 10139 D LocalMediaCacheDatabase: Set DB cache entry for /storage/emulated/0/UE4Game/ToysGame/Engine/Content/Slate/Common/ColorPicker_Mode_16x.png :CachedMetadata{mType=IMAGE, mIs360=false, mIs180=false, mIs3D=false, mIsTopBotton=false, mOrientation=0, mHasAudio=false}
05-23 18:01:36.911  1789 10159 I FbnsPushNotificationHandler: {"persisted_id":"","ndid":"592b6369-b7ba-4a15-9e64-a181d12bf47bG5a65292ae52fbG5d2d6f062f27G1fc0","extra_data":"{\"user_with_updated_status\":\"102449717587751\",\"presence\":\"Home | Quest\",\"app_id\":1481000308606657,\"friend_display_name\":\"Pau Fenollosa \\u00c1ngeles\"}","PushNotifID":"592b6369-b7ba-4a15-9e64-a181d12bf47b"}
05-23 18:01:36.911  1789 10159 I NotificationReceiver: oculus_user_status
05-23 18:01:36.916  2191  2308 I VrGuardianService: GuardianSDKServer::SetGuardianCanPaint
05-23 18:01:36.916 10080 10139 D LocalMediaCacheDatabase: Set DB cache entry for /storage/emulated/0/UE4Game/ToysGame/Engine/Content/Slate/Common/ColorPicker_Separator.png :CachedMetadata{mType=IMAGE, mIs360=false, mIs180=false, mIs3D=false, mIsTopBotton=false, mOrientation=0, mHasAudio=false}
05-23 18:01:36.922  1789 10159 I NotificationReceiver: Notification cannot be toasted without a message. Hiding notif
05-23 18:01:36.925 10080 10139 D LocalMediaCacheDatabase: Set DB cache entry for /storage/emulated/0/UE4Game/ToysGame/Engine/Content/Slate/Common/ColorPicker_SliderHandle.png :CachedMetadata{mType=IMAGE, mIs360=false, mIs180=false, mIs3D=false, mIsTopBotton=false, mOrientation=0, mHasAudio=false}
05-23 18:01:36.931 10080 10139 D LocalMediaCacheDatabase: Set DB cache entry for /storage/emulated/0/UE4Game/ToysGame/Engine/Content/Slate/Common/ColorSpectrum.png :CachedMetadata{mType=IMAGE, mIs360=false, mIs180=false, mIs3D=false, mIsTopBotton=false, mOrientation=0, mHasAudio=false}
05-23 18:01:36.943 10080 10139 D LocalMediaCacheDatabase: Set DB cache entry for /storage/emulated/0/UE4Game/ToysGame/Engine/Content/Slate/Common/ColorWheel.png :CachedMetadata{mType=IMAGE, mIs360=false, mIs180=false, mIs3D=false, mIsTopBotton=false, mOrientation=0, mHasAudio=false}
05-23 18:01:36.950 10080 10139 D LocalMediaCacheDatabase: Set DB cache entry for /storage/emulated/0/UE4Game/ToysGame/Engine/Content/Slate/Common/ColumnHeader.png :CachedMetadata{mType=IMAGE, mIs360=false, mIs180=false, mIs3D=false, mIsTopBotton=false, mOrientation=0, mHasAudio=false}
05-23 18:01:36.955 10080 10139 D LocalMediaCacheDatabase: Set DB cache entry for /storage/emulated/0/UE4Game/ToysGame/Engine/Content/Slate/Common/ColumnHeaderMenuButton_Hovered.png :CachedMetadata{mType=IMAGE, mIs360=false, mIs180=false, mIs3D=false, mIsTopBotton=false, mOrientation=0, mHasAudio=false}
05-23 18:01:36.959 10080 10139 D LocalMediaCacheDatabase: Set DB cache entry for /storage/emulated/0/UE4Game/ToysGame/Engine/Content/Slate/Common/ColumnHeaderMenuButton_Normal.png :CachedMetadata{mType=IMAGE, mIs360=false, mIs180=false, mIs3D=false, mIsTopBotton=false, mOrientation=0, mHasAudio=false}
05-23 18:01:36.964 10080 10139 D LocalMediaCacheDatabase: Set DB cache entry for /storage/emulated/0/UE4Game/ToysGame/Engine/Content/Slate/Common/ColumnHeader_Arrow.png :CachedMetadata{mType=IMAGE, mIs360=false, mIs180=false, mIs3D=false, mIsTopBotton=false, mOrientation=0, mHasAudio=false}
05-23 18:01:36.969 10080 10139 D LocalMediaCacheDatabase: Set DB cache entry for /storage/emulated/0/UE4Game/ToysGame/Engine/Content/Slate/Common/ColumnHeader_Hovered.png :CachedMetadata{mType=IMAGE, mIs360=false, mIs180=false, mIs3D=false, mIsTopBotton=false, mOrientation=0, mHasAudio=false}
05-23 18:01:36.976 10080 10139 D LocalMediaCacheDatabase: Set DB cache entry for /storage/emulated/0/UE4Game/ToysGame/Engine/Content/Slate/Common/ComboArrow.png :CachedMetadata{mType=IMAGE, mIs360=false, mIs180=false, mIs3D=false, mIsTopBotton=false, mOrientation=0, mHasAudio=false}
05-23 18:01:36.980 10080 10139 D LocalMediaCacheDatabase: Set DB cache entry for /storage/emulated/0/UE4Game/ToysGame/Engine/Content/Slate/Common/CursorPing.png :CachedMetadata{mType=IMAGE, mIs360=false, mIs180=false, mIs3D=false, mIsTopBotton=false, mOrientation=0, mHasAudio=false}
05-23 18:01:36.986 10080 10139 D LocalMediaCacheDatabase: Set DB cache entry for /storage/emulated/0/UE4Game/ToysGame/Engine/Content/Slate/Common/DebugBorder.PNG :CachedMetadata{mType=IMAGE, mIs360=false, mIs180=false, mIs3D=false, mIsTopBotton=false, mOrientation=0, mHasAudio=false}
05-23 18:01:36.990 10080 10139 D LocalMediaCacheDatabase: Set DB cache entry for /storage/emulated/0/UE4Game/ToysGame/Engine/Content/Slate/Common/Delimiter.png :CachedMetadata{mType=IMAGE, mIs360=false, mIs180=false, mIs3D=false, mIsTopBotton=false, mOrientation=0, mHasAudio=false}
05-23 18:01:36.995 10080 10139 D LocalMediaCacheDatabase: Set DB cache entry for /storage/emulated/0/UE4Game/ToysGame/Engine/Content/Slate/Common/DownArrow.png :CachedMetadata{mType=IMAGE, mIs360=false, mIs180=false, mIs3D=false, mIsTopBotton=false, mOrientation=0, mHasAudio=false}
05-23 18:01:37.008 10080 10139 D LocalMediaCacheDatabase: Set DB cache entry for /storage/emulated/0/UE4Game/ToysGame/Engine/Content/Slate/Common/DropZoneIndicator_Above.png :CachedMetadata{mType=IMAGE, mIs360=false, mIs180=false, mIs3D=false, mIsTopBotton=false, mOrientation=0, mHasAudio=false}
05-23 18:01:37.014 10080 10139 D LocalMediaCacheDatabase: Set DB cache entry for /storage/emulated/0/UE4Game/ToysGame/Engine/Content/Slate/Common/DropZoneIndicator_Below.png :CachedMetadata{mType=IMAGE, mIs360=false, mIs180=false, mIs3D=false, mIsTopBotton=false, mOrientation=0, mHasAudio=false}
05-23 18:01:37.028 10080 10139 D LocalMediaCacheDatabase: Set DB cache entry for /storage/emulated/0/UE4Game/ToysGame/Engine/Content/Slate/Common/DropZoneIndicator_Onto.png :CachedMetadata{mType=IMAGE, mIs360=false, mIs180=false, mIs3D=false, mIsTopBotton=false, mOrientation=0, mHasAudio=false}
05-23 18:01:37.034 10080 10139 D LocalMediaCacheDatabase: Set DB cache entry for /storage/emulated/0/UE4Game/ToysGame/Engine/Content/Slate/Common/EditableTextSelectionBackground.png :CachedMetadata{mType=IMAGE, mIs360=false, mIs180=false, mIs3D=false, mIsTopBotton=false, mOrientation=0, mHasAudio=false}
05-23 18:01:37.039 10080 10139 D LocalMediaCacheDatabase: Set DB cache entry for /storage/emulated/0/UE4Game/ToysGame/Engine/Content/Slate/Common/EventMessage_Default.png :CachedMetadata{mType=IMAGE, mIs360=false, mIs180=false, mIs3D=false, mIsTopBotton=false, mOrientation=0, mHasAudio=false}
05-23 18:01:37.044 10080 10139 D LocalMediaCacheDatabase: Set DB cache entry for /storage/emulated/0/UE4Game/ToysGame/Engine/Content/Slate/Common/ExpansionButton_CloseOverlay.png :CachedMetadata{mType=IMAGE, mIs360=false, mIs180=false, mIs3D=false, mIsTopBotton=false, mOrientation=0, mHasAudio=false}
05-23 18:01:37.046  2191  2308 I VrGuardianService: GuardianSDKServer::SetGuardianCanPaint
05-23 18:01:37.050 10080 10139 D LocalMediaCacheDatabase: Set DB cache entry for /storage/emulated/0/UE4Game/ToysGame/Engine/Content/Slate/Common/GroupBorder.png :CachedMetadata{mType=IMAGE, mIs360=false, mIs180=false, mIs3D=false, mIsTopBotton=false, mOrientation=0, mHasAudio=false}
05-23 18:01:37.066 10080 10139 D LocalMediaCacheDatabase: Set DB cache entry for /storage/emulated/0/UE4Game/ToysGame/Engine/Content/Slate/Common/GroupBorder_Shape.png :CachedMetadata{mType=IMAGE, mIs360=false, mIs180=false, mIs3D=false, mIsTopBotton=false, mOrientation=0, mHasAudio=false}
05-23 18:01:37.072 10080 10139 D LocalMediaCacheDatabase: Set DB cache entry for /storage/emulated/0/UE4Game/ToysGame/Engine/Content/Slate/Common/HeaderSplitterGrip.PNG :CachedMetadata{mType=IMAGE, mIs360=false, mIs180=false, mIs3D=false, mIsTopBotton=false, mOrientation=0, mHasAudio=false}
05-23 18:01:37.077 10080 10139 D LocalMediaCacheDatabase: Set DB cache entry for /storage/emulated/0/UE4Game/ToysGame/Engine/Content/Slate/Common/LastColumnHeader_Hovered.png :CachedMetadata{mType=IMAGE, mIs360=false, mIs180=false, mIs3D=false, mIsTopBotton=false, mOrientation=0, mHasAudio=false}
05-23 18:01:37.082 10080 10139 D LocalMediaCacheDatabase: Set DB cache entry for /storage/emulated/0/UE4Game/ToysGame/Engine/Content/Slate/Common/NoiseBackground.png :CachedMetadata{mType=IMAGE, mIs360=false, mIs180=false, mIs3D=false, mIsTopBotton=false, mOrientation=0, mHasAudio=false}
05-23 18:01:37.086 10080 10139 D LocalMediaCacheDatabase: Set DB cache entry for /storage/emulated/0/UE4Game/ToysGame/Engine/Content/Slate/Common/ProgressBar_Background.png :CachedMetadata{mType=IMAGE, mIs360=false, mIs180=false, mIs3D=false, mIsTopBotton=false, mOrientation=0, mHasAudio=false}
05-23 18:01:37.094 10080 10139 D LocalMediaCacheDatabase: Set DB cache entry for /storage/emulated/0/UE4Game/ToysGame/Engine/Content/Slate/Common/ProgressBar_Fill.png :CachedMetadata{mType=IMAGE, mIs360=false, mIs180=false, mIs3D=false, mIsTopBotton=false, mOrientation=0, mHasAudio=false}
05-23 18:01:37.102 10080 10139 D LocalMediaCacheDatabase: Set DB cache entry for /storage/emulated/0/UE4Game/ToysGame/Engine/Content/Slate/Common/ProgressBar_Marquee.PNG :CachedMetadata{mType=IMAGE, mIs360=false, mIs180=false, mIs3D=false, mIsTopBotton=false, mOrientation=0, mHasAudio=false}
05-23 18:01:37.110 10080 10139 D LocalMediaCacheDatabase: Set DB cache entry for /storage/emulated/0/UE4Game/ToysGame/Engine/Content/Slate/Common/RadioButton_SelectedBack_16x.png :CachedMetadata{mType=IMAGE, mIs360=false, mIs180=false, mIs3D=false, mIsTopBotton=false, mOrientation=0, mHasAudio=false}
