05-08 14:16:19.002  2685 13848 I [CT]    : HealthReport: ==================================================
05-08 14:16:19.002  2685 13848 I [CT]    : Health Report
05-08 14:16:19.002  2685 13848 I [CT]    : -------------
05-08 14:16:19.002  2685 13848 I [CT]    : 
05-08 14:16:19.002  2685 13848 I [CT]    : Reporter #1 (InsideOutHealthMonitor) summary:
05-08 14:16:19.002  2685 13848 I [CT]    : Camera: Total Dropped: 0.000000, Total Frame Count: 891 (0.000000%), Camera Reset Count: 0
05-08 14:16:19.002  2685 13848 I [CT]    : Camera: Total Single Camera Frame Dropped: 0, Total Frame Count: 891 (0.000000%)
05-08 14:16:19.002  2685 13848 I [CT]    : IMU: Total Dropped: 0.000000, Total Sample Count: 35894 (0.000000%)
05-08 14:16:19.002  2685 13848 I [CT]    : Magnetometer: Total Dropped: 0.000000, Total Sample Count: 1077 (0.000000%)
05-08 14:16:19.002  2685 13848 I [CT]    : 
05-08 14:16:19.002  2685 13848 I [CT]    : Reporter #1 (InsideOutHealthMonitor) Passed
05-08 14:16:19.002  2685 13848 I [CT]    : --------------------------------------------------
05-08 14:16:19.002  2685 13848 I [CT]    : Reporter #2 (ConstellationHealthMonitor) summary:
05-08 14:16:19.002  2685 13848 I [CT]    : Camera: Total Dropped: 0.000000, Total Frame Count: 891 (0.000000%), Camera Reset Count: 1
05-08 14:16:19.002  2685 13848 I [CT]    : Camera: Total Single Camera Frame Dropped: 0, Total Frame Count: 891 (0.000000%)
05-08 14:16:19.002  2685 13848 I [CT]    : Controller 4212769887286730484:
05-08 14:16:19.002  2685 13848 I [CT]    : IMU: Capture period exceeded threshold.  Largest period: 0.620762 sec
05-08 14:16:19.002  2685 13848 I [CT]    : Controllers may have been sleeping
05-08 14:16:19.002  2685 13848 I [CT]    : IMU: Total Dropped: 0.000000, Total Sample Count: 17692.254500 (0.000000%)
05-08 14:16:19.002  2685 13848 I [CT]    : Controller 7745273921483883046:
05-08 14:16:19.002  2685 13848 I [CT]    : IMU: 
05-08 14:16:19.036  2685 13779 I [CT]    : boltlib: DSP utilization(%): 14
05-08 14:16:19.103  2685 13847 I [CT]    : CONSTELLATION: R:  RESET. Keep Cov and Calib States = 1. Keep velocity state and covariance = 0
05-08 14:16:19.366  2685 13848 I [CT]    : VIPER:MAP_MANAGER: State: TRACKING_PERSISTENT, UUID=d18585e8-d288-4997-b6ff-78495c7eed6a, Num. Persistent maps = 1,  Persistent maps:d18585e8-d288-4997-b6ff-78495c7eed6a,, Ser. Disabled = 00000000-0000-0000-0000-000000000000
05-08 14:16:19.406  2685 13848 I [CT]    : VIPER: Status=6DoF,TRACKING,KF=128,Inl=343,Pts=472,Jit=0.8mm,Issues(Cam/min=0.0,IMU/min=0.0),Exp=(5.4ms,g=6.0,I=73)(3.9ms,g=3.0,I=59)(5.4ms,g=6.0,I=65)(5.0ms,g=4.0,I=68)
05-08 14:16:19.632  2139 13867 I TimeWarp: UpdateClockLevels: Apply pending clock request change: 4,4 -> 3,4
05-08 14:16:19.632  2139 13861 I Clocks  : ReleaseClocks - start
05-08 14:16:19.633   724  7518 D         : CPU_CLUSTER_0: No client requests exists, release clocks
05-08 14:16:19.633   724  7518 D         : CPU_CLUSTER_1: No client requests exists, release clocks
05-08 14:16:19.633   724  7518 D         : GPU: No client requests exists, release clocks
05-08 14:16:19.633   724  7518 D         : CPUBW: No client requests exists, release clocks
05-08 14:16:19.634  2139 13861 I Clocks  : ReleaseClocks - end (1.8 ms)
05-08 14:16:19.634  2139 13861 I Clocks  : LockClocks( cpu=3, gpu=4 ) - start
05-08 14:16:19.635  2139 13861 I Clocks  : CPU levels [0, 4]
05-08 14:16:19.635  2139 13861 I Clocks  : GPU levels [0, 5]
05-08 14:16:19.635   724  7518 D         : CPU_CLUSTER_0: Client 2139 sends freq request [21, 21]
05-08 14:16:19.635   724  7518 D         : CPU_CLUSTER_0: Next Perf Level = (21, 21)
05-08 14:16:19.636   724  7518 D         : CPU_CLUSTER_1: Client 2139 sends freq request [22, 22]
05-08 14:16:19.636   724  7518 D         : CPU_CLUSTER_1: Next Perf Level = (22, 22)
05-08 14:16:19.636   724  7518 D         : CPUBW: Client 2139 sends freq request [8, 11]
05-08 14:16:19.636   724  7518 D         : CPUBW: Next Perf Level = (8, 11)
05-08 14:16:19.637   724  7518 D         : GPU: Client 2139 sends freq request [6, 6]
05-08 14:16:19.637   724  7518 D         : GPU: Next Perf Level = (6, 6)
05-08 14:16:19.637  2139 13861 I Clocks  : LockClocks( cpu=3, gpu=4 ) - end (2.6 ms)
05-08 14:16:19.661 13654 14014 I VrApi   : FPS=72,Prd=45ms,Tear=0,Early=10,Stale=0,VSnc=1,Lat=1,Fov=0,CPU4/GPU=4/4,1958/670MHz,OC=FF,TA=0/E0/E0,SP=N/F/F,Mem=1804MHz,Free=1239MB,PSM=0,PLS=0,Temp=30.0C/0.0C,TW=1.34ms,App=10.97ms,GD=0.00ms,CPU&GPU=13.56ms,LCnt=1,GPU%=0.80,CPU%=0.51(W0.57),DSF=1.00
05-08 14:16:20.502  2146  2191 I GuardianSystem: UpdateGuardianSystemState: Flags changed: 524288, 532480
05-08 14:16:20.535  2146  2368 W VrApi   : ovr_SubmitFrameInternal: FrameIndex discontinuity: Expected 35088, Received 35186
05-08 14:16:20.606  2139 13867 I TimeWarp: UpdateClockLevels: Apply pending clock request change: 3,4 -> 3,5
05-08 14:16:20.606  2139 13861 I Clocks  : ReleaseClocks - start
05-08 14:16:20.607   724 10485 D         : CPU_CLUSTER_0: No client requests exists, release clocks
05-08 14:16:20.607   724 10485 D         : CPU_CLUSTER_1: No client requests exists, release clocks
05-08 14:16:20.607   724 10485 D         : GPU: No client requests exists, release clocks
05-08 14:16:20.607   724 10485 D         : CPUBW: No client requests exists, release clocks
05-08 14:16:20.608  2139 13861 I Clocks  : ReleaseClocks - end (1.7 ms)
05-08 14:16:20.608  2139 13861 I Clocks  : LockClocks( cpu=3, gpu=5 ) - start
05-08 14:16:20.609  2139 13861 I Clocks  : CPU levels [0, 4]
05-08 14:16:20.609  2139 13861 I Clocks  : GPU levels [0, 5]
05-08 14:16:20.609   724 10485 D         : CPU_CLUSTER_0: Client 2139 sends freq request [21, 21]
05-08 14:16:20.609   724 10485 D         : CPU_CLUSTER_0: Next Perf Level = (21, 21)
05-08 14:16:20.609   724 10485 D         : CPU_CLUSTER_1: Client 2139 sends freq request [22, 22]
05-08 14:16:20.609   724 10485 D         : CPU_CLUSTER_1: Next Perf Level = (22, 22)
05-08 14:16:20.609   724 10485 D         : CPUBW: Client 2139 sends freq request [8, 11]
05-08 14:16:20.609   724 10485 D         : CPUBW: Next Perf Level = (8, 11)
05-08 14:16:20.610   724 10485 D         : GPU: Client 2139 sends freq request [7, 7]
05-08 14:16:20.610   724 10485 D         : GPU: Next Perf Level = (7, 7)
05-08 14:16:20.611  2139 13861 I Clocks  : LockClocks( cpu=3, gpu=5 ) - end (2.5 ms)
05-08 14:16:20.662  2139 13867 I TimeWarp: UpdateClockLevels: Apply pending clock request change: 3,5 -> 4,5
05-08 14:16:20.662  2139 13861 I Clocks  : ReleaseClocks - start
05-08 14:16:20.663   724 10485 D         : CPU_CLUSTER_0: No client requests exists, release clocks
05-08 14:16:20.663   724 10485 D         : CPU_CLUSTER_1: No client requests exists, release clocks
05-08 14:16:20.664   724 10485 D         : GPU: No client requests exists, release clocks
05-08 14:16:20.664   724 10485 D         : CPUBW: No client requests exists, release clocks
05-08 14:16:20.664 13654 14014 I VrApi   : FPS=72,Prd=45ms,Tear=0,Early=5,Stale=0,VSnc=1,Lat=1,Fov=0,CPU4/GPU=3/4,1958/710MHz,OC=FF,TA=0/E0/E0,SP=N/F/F,Mem=1804MHz,Free=1239MB,PSM=0,PLS=0,Temp=30.0C/0.0C,TW=1.34ms,App=13.23ms,GD=0.00ms,CPU&GPU=15.94ms,LCnt=1,GPU%=0.95,CPU%=0.54(W0.57),DSF=1.00
05-08 14:16:20.664  2139 13861 I Clocks  : ReleaseClocks - end (1.8 ms)
05-08 14:16:20.664  2139 13861 I Clocks  : LockClocks( cpu=4, gpu=5 ) - start
05-08 14:16:20.665  2139 13861 I Clocks  : CPU levels [0, 4]
05-08 14:16:20.665  2139 13861 I Clocks  : GPU levels [0, 5]
05-08 14:16:20.665   724 10485 D         : CPU_CLUSTER_0: Client 2139 sends freq request [21, 21]
05-08 14:16:20.665   724 10485 D         : CPU_CLUSTER_0: Next Perf Level = (21, 21)
05-08 14:16:20.665   724 10485 D         : CPU_CLUSTER_1: Client 2139 sends freq request [26, 26]
05-08 14:16:20.665   724 10485 D         : CPU_CLUSTER_1: Next Perf Level = (26, 26)
05-08 14:16:20.665   724 10485 D         : CPUBW: Client 2139 sends freq request [8, 11]
05-08 14:16:20.665   724 10485 D         : CPUBW: Next Perf Level = (8, 11)
05-08 14:16:20.666   724 10485 D         : GPU: Client 2139 sends freq request [7, 7]
05-08 14:16:20.666   724 10485 D         : GPU: Next Perf Level = (7, 7)
05-08 14:16:20.666  2139 13861 I Clocks  : LockClocks( cpu=4, gpu=5 ) - end (1.6 ms)
05-08 14:16:20.898  2685 13847 I [CT]    : MANAGEMENT:CONSTELLATION: Status=GREEN,, Obj=4212769887286730484,6DOF=1,FusJit=0.0008mm,Issues(Cam/min=  0,IMU/min=0), Obj=7745273921483883046,6DOF=1,FusJit=0.0mm,Issues(Cam/min=  0,IMU/min=0)
05-08 14:16:21.015  2146  2191 I GuardianSystem: UpdateGuardianSystemState: Flags changed: 532480, 524288
05-08 14:16:21.414  2139 13867 I TimeWarp: UpdateClockLevels: Apply pending clock request change: 4,5 -> 4,4
05-08 14:16:21.414  2139 13861 I Clocks  : ReleaseClocks - start
05-08 14:16:21.417   724   724 D         : CPU_CLUSTER_0: No client requests exists, release clocks
05-08 14:16:21.417   724   724 D         : CPU_CLUSTER_1: No client requests exists, release clocks
05-08 14:16:21.417   724   724 D         : GPU: No client requests exists, release clocks
05-08 14:16:21.417   724   724 D         : CPUBW: No client requests exists, release clocks
05-08 14:16:21.417  2139 13861 I Clocks  : ReleaseClocks - end (3.1 ms)
05-08 14:16:21.418  2139 13861 I Clocks  : LockClocks( cpu=4, gpu=4 ) - start
05-08 14:16:21.418  2139 13861 I Clocks  : CPU levels [0, 4]
05-08 14:16:21.418  2139 13861 I Clocks  : GPU levels [0, 5]
05-08 14:16:21.419   724   724 D         : CPU_CLUSTER_0: Client 2139 sends freq request [21, 21]
05-08 14:16:21.419   724   724 D         : CPU_CLUSTER_0: Next Perf Level = (21, 21)
05-08 14:16:21.419   724   724 D         : CPU_CLUSTER_1: Client 2139 sends freq request [26, 26]
05-08 14:16:21.419   724   724 D         : CPU_CLUSTER_1: Next Perf Level = (26, 26)
05-08 14:16:21.419   724   724 D         : CPUBW: Client 2139 sends freq request [8, 11]
05-08 14:16:21.419   724   724 D         : CPUBW: Next Perf Level = (8, 11)
05-08 14:16:21.419   724   724 D         : GPU: Client 2139 sends freq request [6, 6]
05-08 14:16:21.419   724   724 D         : GPU: Next Perf Level = (6, 6)
05-08 14:16:21.420  2139 13861 I Clocks  : LockClocks( cpu=4, gpu=4 ) - end (2.4 ms)
05-08 14:16:21.664 13654 14014 I VrApi   : FPS=63,Prd=44ms,Tear=0,Early=0,Stale=7,VSnc=1,Lat=1,Fov=0,CPU4/GPU=4/5,2304/670MHz,OC=FF,TA=0/E0/E0,SP=N/F/F,Mem=1804MHz,Free=1238MB,PSM=0,PLS=0,Temp=30.0C/0.0C,TW=1.30ms,App=12.36ms,GD=0.00ms,CPU&GPU=21.95ms,LCnt=1,GPU%=0.89,CPU%=0.27(W0.32),DSF=1.00
05-08 14:16:22.667 13654 14014 I VrApi   : FPS=72,Prd=45ms,Tear=0,Early=0,Stale=20,VSnc=1,Lat=1,Fov=0,CPU4/GPU=4/4,2304/670MHz,OC=FF,TA=0/E0/E0,SP=N/F/F,Mem=1804MHz,Free=1238MB,PSM=0,PLS=0,Temp=30.0C/0.0C,TW=1.31ms,App=13.10ms,GD=0.00ms,CPU&GPU=16.51ms,LCnt=1,GPU%=0.94,CPU%=0.48(W0.50),DSF=1.00
05-08 14:16:22.965  2685 13848 I [CT]    : VIPER:MAP_MANAGER: State: TRACKING_PERSISTENT, UUID=d18585e8-d288-4997-b6ff-78495c7eed6a, Num. Persistent maps = 1,  Persistent maps:d18585e8-d288-4997-b6ff-78495c7eed6a,, Ser. Disabled = 00000000-0000-0000-0000-000000000000
05-08 14:16:23.006  2685 13848 I [CT]    : VIPER: Status=6DoF,TRACKING,KF=128,Inl=382,Pts=472,Jit=0.1mm,Issues(Cam/min=0.0,IMU/min=0.0),Exp=(5.8ms,g=6.0,I=73)(4.9ms,g=3.0,I=67)(5.8ms,g=6.0,I=65)(5.0ms,g=4.0,I=68)
05-08 14:16:23.350  2139 13867 I TimeWarp: UpdateClockLevels: Apply pending clock request change: 4,4 -> 3,4
05-08 14:16:23.350  2139 13861 I Clocks  : ReleaseClocks - start
05-08 14:16:23.351   724   724 D         : CPU_CLUSTER_0: No client requests exists, release clocks
05-08 14:16:23.351   724   724 D         : CPU_CLUSTER_1: No client requests exists, release clocks
05-08 14:16:23.351   724   724 D         : GPU: No client requests exists, release clocks
05-08 14:16:23.351   724   724 D         : CPUBW: No client requests exists, release clocks
05-08 14:16:23.353  2139 13861 I Clocks  : ReleaseClocks - end (2.8 ms)
05-08 14:16:23.353  2139 13861 I Clocks  : LockClocks( cpu=3, gpu=4 ) - start
05-08 14:16:23.353  2139 13861 I Clocks  : CPU levels [0, 4]
05-08 14:16:23.353  2139 13861 I Clocks  : GPU levels [0, 5]
05-08 14:16:23.354   724   724 D         : CPU_CLUSTER_0: Client 2139 sends freq request [21, 21]
05-08 14:16:23.354   724   724 D         : CPU_CLUSTER_0: Next Perf Level = (21, 21)
05-08 14:16:23.354   724   724 D         : CPU_CLUSTER_1: Client 2139 sends freq request [22, 22]
05-08 14:16:23.354   724   724 D         : CPU_CLUSTER_1: Next Perf Level = (22, 22)
05-08 14:16:23.354   724   724 D         : CPUBW: Client 2139 sends freq request [8, 11]
05-08 14:16:23.354   724   724 D         : CPUBW: Next Perf Level = (8, 11)
05-08 14:16:23.355   724   724 D         : GPU: Client 2139 sends freq request [6, 6]
05-08 14:16:23.355   724   724 D         : GPU: Next Perf Level = (6, 6)
05-08 14:16:23.355  2139 13861 I Clocks  : LockClocks( cpu=3, gpu=4 ) - end (2.4 ms)
05-08 14:16:23.662 13654 14014 I VrApi   : FPS=72,Prd=45ms,Tear=0,Early=0,Stale=0,VSnc=1,Lat=1,Fov=0,CPU4/GPU=4/4,1958/670MHz,OC=FF,TA=0/E0/E0,SP=N/F/F,Mem=1804MHz,Free=1239MB,PSM=0,PLS=0,Temp=30.0C/0.0C,TW=1.31ms,App=13.30ms,GD=0.00ms,CPU&GPU=16.98ms,LCnt=1,GPU%=0.96,CPU%=0.54(W0.59),DSF=1.00
05-08 14:16:24.496  2685 13847 I [CT]    : MANAGEMENT:CONSTELLATION: Status=GREEN,, Obj=4212769887286730484,6DOF=1,FusJit=0.0008mm,Issues(Cam/min=  0,IMU/min=0), Obj=7745273921483883046,6DOF=1,FusJit=0.0mm,Issues(Cam/min=  0,IMU/min=0)
05-08 14:16:24.662 13654 14014 I VrApi   : FPS=72,Prd=45ms,Tear=0,Early=0,Stale=0,VSnc=1,Lat=1,Fov=0,CPU4/GPU=3/4,1958/670MHz,OC=FF,TA=0/E0/E0,SP=N/F/F,Mem=1804MHz,Free=1239MB,PSM=0,PLS=0,Temp=30.0C/0.0C,TW=1.31ms,App=12.86ms,GD=0.00ms,CPU&GPU=17.04ms,LCnt=1,GPU%=0.92,CPU%=0.40(W0.50),DSF=1.00
05-08 14:16:25.007  2685 13848 I [CT]    : HealthReport: ==================================================
05-08 14:16:25.007  2685 13848 I [CT]    : Health Report
05-08 14:16:25.007  2685 13848 I [CT]    : -------------
05-08 14:16:25.007  2685 13848 I [CT]    : 
05-08 14:16:25.007  2685 13848 I [CT]    : Reporter #1 (InsideOutHealthMonitor) summary:
05-08 14:16:25.007  2685 13848 I [CT]    : Camera: Total Dropped: 0.000000, Total Frame Count: 1041 (0.000000%), Camera Reset Count: 0
05-08 14:16:25.007  2685 13848 I [CT]    : Camera: Total Single Camera Frame Dropped: 0, Total Frame Count: 1041 (0.000000%)
05-08 14:16:25.007  2685 13848 I [CT]    : IMU: Total Dropped: 0.000000, Total Sample Count: 41899 (0.000000%)
05-08 14:16:25.007  2685 13848 I [CT]    : Magnetometer: Total Dropped: 0.000000, Total Sample Count: 1258 (0.000000%)
05-08 14:16:25.007  2685 13848 I [CT]    : 
05-08 14:16:25.007  2685 13848 I [CT]    : Reporter #1 (InsideOutHealthMonitor) Passed
05-08 14:16:25.007  2685 13848 I [CT]    : --------------------------------------------------
05-08 14:16:25.007  2685 13848 I [CT]    : Reporter #2 (ConstellationHealthMonitor) summary:
05-08 14:16:25.007  2685 13848 I [CT]    : Camera: Total Dropped: 0.000000, Total Frame Count: 1042 (0.000000%), Camera Reset Count: 1
05-08 14:16:25.007  2685 13848 I [CT]    : Camera: Total Single Camera Frame Dropped: 0, Total Frame Count: 1042 (0.000000%)
05-08 14:16:25.007  2685 13848 I [CT]    : Controller 4212769887286730484:
05-08 14:16:25.007  2685 13848 I [CT]    : IMU: Capture period exceeded threshold.  Largest period: 0.620762 sec
05-08 14:16:25.007  2685 13848 I [CT]    : Controllers may have been sleeping
05-08 14:16:25.007  2685 13848 I [CT]    : IMU: Total Dropped: 0.000000, Total Sample Count: 20694.340500 (0.000000%)
05-08 14:16:25.007  2685 13848 I [CT]    : Controller 7745273921483883046:
05-08 14:16:25.007  2685 13848 I [CT]    : I
05-08 14:16:25.037  2685 13779 I [CT]    : boltlib: DSP utilization(%): 15
05-08 14:16:25.327  2139 13867 I TimeWarp: UpdateClockLevels: Apply pending clock request change: 3,4 -> 4,4
05-08 14:16:25.327  2139 13861 I Clocks  : ReleaseClocks - start
05-08 14:16:25.327   724 10485 D         : CPU_CLUSTER_0: No client requests exists, release clocks
05-08 14:16:25.328   724 10485 D         : CPU_CLUSTER_1: No client requests exists, release clocks
05-08 14:16:25.328   724 10485 D         : GPU: No client requests exists, release clocks
05-08 14:16:25.328   724 10485 D         : CPUBW: No client requests exists, release clocks
05-08 14:16:25.329  2139 13861 I Clocks  : ReleaseClocks - end (2.0 ms)
05-08 14:16:25.329  2139 13861 I Clocks  : LockClocks( cpu=4, gpu=4 ) - start
05-08 14:16:25.330  2139 13861 I Clocks  : CPU levels [0, 4]
05-08 14:16:25.330  2139 13861 I Clocks  : GPU levels [0, 5]
05-08 14:16:25.330   724 10485 D         : CPU_CLUSTER_0: Client 2139 sends freq request [21, 21]
05-08 14:16:25.330   724 10485 D         : CPU_CLUSTER_0: Next Perf Level = (21, 21)
05-08 14:16:25.330   724 10485 D         : CPU_CLUSTER_1: Client 2139 sends freq request [26, 26]
05-08 14:16:25.330   724 10485 D         : CPU_CLUSTER_1: Next Perf Level = (26, 26)
05-08 14:16:25.330   724 10485 D         : CPUBW: Client 2139 sends freq request [8, 11]
05-08 14:16:25.330   724 10485 D         : CPUBW: Next Perf Level = (8, 11)
05-08 14:16:25.330   724 10485 D         : GPU: Client 2139 sends freq request [6, 6]
05-08 14:16:25.330   724 10485 D         : GPU: Next Perf Level = (6, 6)
05-08 14:16:25.331  2139 13861 I Clocks  : LockClocks( cpu=4, gpu=4 ) - end (1.7 ms)
05-08 14:16:25.523  2146 13899 I Telemetry: App memory usage: PSS=57MB DalvikPSS=1 MB
05-08 14:16:25.662 13654 14014 I VrApi   : FPS=72,Prd=45ms,Tear=0,Early=0,Stale=0,VSnc=1,Lat=1,Fov=0,CPU4/GPU=3/4,2304/670MHz,OC=FF,TA=0/E0/E0,SP=N/F/F,Mem=1804MHz,Free=1238MB,PSM=0,PLS=0,Temp=30.0C/0.0C,TW=1.35ms,App=15.37ms,GD=0.00ms,CPU&GPU=17.59ms,LCnt=1,GPU%=0.96,CPU%=0.45(W0.52),DSF=1.00
05-08 14:16:26.565  2685 13848 I [CT]    : VIPER:MAP_MANAGER: State: TRACKING_PERSISTENT, UUID=d18585e8-d288-4997-b6ff-78495c7eed6a, Num. Persistent maps = 1,  Persistent maps:d18585e8-d288-4997-b6ff-78495c7eed6a,, Ser. Disabled = 00000000-0000-0000-0000-000000000000
05-08 14:16:26.606  2685 13848 I [CT]    : VIPER: Status=6DoF,TRACKING,KF=128,Inl=335,Pts=472,Jit=1.1mm,Issues(Cam/min=0.0,IMU/min=0.0),Exp=(6.0ms,g=6.0,I=73)(5.1ms,g=4.0,I=68)(6.0ms,g=6.0,I=68)(4.9ms,g=4.0,I=67)
05-08 14:16:26.665 13654 14014 I VrApi   : FPS=68,Prd=44ms,Tear=0,Early=0,Stale=12,VSnc=1,Lat=1,Fov=0,CPU4/GPU=4/4,2304/670MHz,OC=FF,TA=0/E0/E0,SP=N/F/F,Mem=1804MHz,Free=1236MB,PSM=0,PLS=0,Temp=30.0C/0.0C,TW=1.32ms,App=13.23ms,GD=0.00ms,CPU&GPU=21.55ms,LCnt=1,GPU%=0.95,CPU%=0.49(W0.55),DSF=1.00
05-08 14:16:27.668 13654 14014 I VrApi   : FPS=72,Prd=45ms,Tear=0,Early=0,Stale=0,VSnc=1,Lat=1,Fov=0,CPU4/GPU=4/4,2304/670MHz,OC=FF,TA=0/E0/E0,SP=N/F/F,Mem=1804MHz,Free=1239MB,PSM=0,PLS=0,Temp=30.0C/0.0C,TW=1.35ms,App=13.18ms,GD=0.00ms,CPU&GPU=16.95ms,LCnt=1,GPU%=0.95,CPU%=0.51(W0.57),DSF=1.00
05-08 14:16:27.916  2139 13867 I TimeWarp: UpdateClockLevels: Apply pending clock request change: 4,4 -> 3,4
05-08 14:16:27.916  2139 13861 I Clocks  : ReleaseClocks - start
05-08 14:16:27.917   724  2203 D         : CPU_CLUSTER_0: No client requests exists, release clocks
05-08 14:16:27.917   724  2203 D         : CPU_CLUSTER_1: No client requests exists, release clocks
05-08 14:16:27.917   724  2203 D         : GPU: No client requests exists, release clocks
05-08 14:16:27.918   724  2203 D         : CPUBW: No client requests exists, release clocks
05-08 14:16:27.918  2139 13861 I Clocks  : ReleaseClocks - end (1.7 ms)
05-08 14:16:27.918  2139 13861 I Clocks  : LockClocks( cpu=3, gpu=4 ) - start
05-08 14:16:27.919  2139 13861 I Clocks  : CPU levels [0, 4]
05-08 14:16:27.919  2139 13861 I Clocks  : GPU levels [0, 5]
05-08 14:16:27.919   724  2203 D         : CPU_CLUSTER_0: Client 2139 sends freq request [21, 21]
05-08 14:16:27.919   724  2203 D         : CPU_CLUSTER_0: Next Perf Level = (21, 21)
05-08 14:16:27.919   724  2203 D         : CPU_CLUSTER_1: Client 2139 sends freq request [22, 22]
05-08 14:16:27.919   724  2203 D         : CPU_CLUSTER_1: Next Perf Level = (22, 22)
05-08 14:16:27.919   724  2203 D         : CPUBW: Client 2139 sends freq request [8, 11]
05-08 14:16:27.919   724  2203 D         : CPUBW: Next Perf Level = (8, 11)
05-08 14:16:27.920   724  2203 D         : GPU: Client 2139 sends freq request [6, 6]
05-08 14:16:27.920   724  2203 D         : GPU: Next Perf Level = (6, 6)
05-08 14:16:27.920  2139 13861 I Clocks  : LockClocks( cpu=3, gpu=4 ) - end (1.9 ms)
05-08 14:16:27.929 13654 13674 D UE4     : [GameActivity] Used memory: 773605
05-08 14:16:28.096  2685 13847 I [CT]    : MANAGEMENT:CONSTELLATION: Status=GREEN,, Obj=4212769887286730484,6DOF=1,FusJit=0.0008mm,Issues(Cam/min=  0,IMU/min=0), Obj=7745273921483883046,6DOF=1,FusJit=0.0mm,Issues(Cam/min=  0,IMU/min=0)
05-08 14:16:28.665 13654 14014 I VrApi   : FPS=72,Prd=45ms,Tear=0,Early=0,Stale=0,VSnc=1,Lat=1,Fov=0,CPU4/GPU=4/4,1958/670MHz,OC=FF,TA=0/E0/E0,SP=N/F/F,Mem=1804MHz,Free=1239MB,PSM=0,PLS=0,Temp=30.0C/0.0C,TW=1.34ms,App=13.31ms,GD=0.00ms,CPU&GPU=16.98ms,LCnt=1,GPU%=0.95,CPU%=0.54(W0.61),DSF=1.00
05-08 14:16:29.662 13654 14014 I VrApi   : FPS=72,Prd=45ms,Tear=0,Early=0,Stale=0,VSnc=1,Lat=1,Fov=0,CPU4/GPU=3/4,1958/670MHz,OC=FF,TA=0/E0/E0,SP=N/F/F,Mem=1804MHz,Free=1240MB,PSM=0,PLS=0,Temp=30.0C/0.0C,TW=1.32ms,App=13.34ms,GD=0.00ms,CPU&GPU=17.09ms,LCnt=1,GPU%=0.95,CPU%=0.52(W0.55),DSF=1.00
05-08 14:16:29.922  2139 13867 I TimeWarp: UpdateClockLevels: Apply pending clock request change: 3,4 -> 2,4
05-08 14:16:29.922  2139 13861 I Clocks  : ReleaseClocks - start
05-08 14:16:29.924   724 10485 D         : CPU_CLUSTER_0: No client requests exists, release clocks
05-08 14:16:29.924   724 10485 D         : CPU_CLUSTER_1: No client requests exists, release clocks
05-08 14:16:29.924   724 10485 D         : GPU: No client requests exists, release clocks
05-08 14:16:29.925   724 10485 D         : CPUBW: No client requests exists, release clocks
05-08 14:16:29.925  2139 13861 I Clocks  : ReleaseClocks - end (3.5 ms)
05-08 14:16:29.925  2139 13861 I Clocks  : LockClocks( cpu=2, gpu=4 ) - start
05-08 14:16:29.926  2139 13861 I Clocks  : CPU levels [0, 4]
05-08 14:16:29.926  2139 13861 I Clocks  : GPU levels [0, 5]
05-08 14:16:29.926   724 10485 D         : CPU_CLUSTER_0: Client 2139 sends freq request [21, 21]
05-08 14:16:29.926   724 10485 D         : CPU_CLUSTER_0: Next Perf Level = (21, 21)
05-08 14:16:29.926   724 10485 D         : CPU_CLUSTER_1: Client 2139 sends freq request [18, 18]
05-08 14:16:29.926   724 10485 D         : CPU_CLUSTER_1: Next Perf Level = (18, 18)
05-08 14:16:29.926   724 10485 D         : CPUBW: Client 2139 sends freq request [8, 11]
05-08 14:16:29.927   724 10485 D         : CPUBW: Next Perf Level = (8, 11)
05-08 14:16:29.927   724 10485 D         : GPU: Client 2139 sends freq request [6, 6]
05-08 14:16:29.927   724 10485 D         : GPU: Next Perf Level = (6, 6)
05-08 14:16:29.928  2139 13861 I Clocks  : LockClocks( cpu=2, gpu=4 ) - end (2.1 ms)
05-08 14:16:30.165  2685 13848 I [CT]    : VIPER:MAP_MANAGER: State: TRACKING_PERSISTENT, UUID=d18585e8-d288-4997-b6ff-78495c7eed6a, Num. Persistent maps = 1,  Persistent maps:d18585e8-d288-4997-b6ff-78495c7eed6a,, Ser. Disabled = 00000000-0000-0000-0000-000000000000
05-08 14:16:30.204  2685 13848 I [CT]    : VIPER: Status=6DoF,TRACKING,KF=128,Inl=293,Pts=472,Jit=0.2mm,Issues(Cam/min=0.0,IMU/min=0.0),Exp=(6.6ms,g=6.0,I=70)(5.5ms,g=4.0,I=68)(6.6ms,g=6.0,I=71)(4.9ms,g=4.0,I=69)
05-08 14:16:30.663 13654 14014 I VrApi   : FPS=72,Prd=45ms,Tear=0,Early=0,Stale=0,VSnc=1,Lat=1,Fov=0,CPU4/GPU=3/4,1651/670MHz,OC=FF,TA=0/E0/E0,SP=N/F/F,Mem=1804MHz,Free=1236MB,PSM=0,PLS=0,Temp=30.0C/0.0C,TW=1.32ms,App=13.48ms,GD=0.00ms,CPU&GPU=17.53ms,LCnt=1,GPU%=0.96,CPU%=0.53(W0.59),DSF=1.00
05-08 14:16:31.005  2685 13848 I [CT]    : HealthReport: ==================================================
05-08 14:16:31.005  2685 13848 I [CT]    : Health Report
05-08 14:16:31.005  2685 13848 I [CT]    : -------------
05-08 14:16:31.005  2685 13848 I [CT]    : 
05-08 14:16:31.005  2685 13848 I [CT]    : Reporter #1 (InsideOutHealthMonitor) summary:
05-08 14:16:31.005  2685 13848 I [CT]    : Camera: Total Dropped: 0.000000, Total Frame Count: 1191 (0.000000%), Camera Reset Count: 0
05-08 14:16:31.005  2685 13848 I [CT]    : Camera: Total Single Camera Frame Dropped: 0, Total Frame Count: 1191 (0.000000%)
05-08 14:16:31.005  2685 13848 I [CT]    : IMU: Total Dropped: 0.000000, Total Sample Count: 47897 (0.000000%)
05-08 14:16:31.005  2685 13848 I [CT]    : Magnetometer: Total Dropped: 0.000000, Total Sample Count: 1437 (0.000000%)
05-08 14:16:31.005  2685 13848 I [CT]    : 
05-08 14:16:31.005  2685 13848 I [CT]    : Reporter #1 (InsideOutHealthMonitor) Passed
05-08 14:16:31.005  2685 13848 I [CT]    : --------------------------------------------------
05-08 14:16:31.005  2685 13848 I [CT]    : Reporter #2 (ConstellationHealthMonitor) summary:
05-08 14:16:31.005  2685 13848 I [CT]    : Camera: Total Dropped: 0.000000, Total Frame Count: 1191 (0.000000%), Camera Reset Count: 1
05-08 14:16:31.005  2685 13848 I [CT]    : Camera: Total Single Camera Frame Dropped: 0, Total Frame Count: 1191 (0.000000%)
05-08 14:16:31.005  2685 13848 I [CT]    : Controller 4212769887286730484:
05-08 14:16:31.005  2685 13848 I [CT]    : IMU: Capture period exceeded threshold.  Largest period: 0.620762 sec
05-08 14:16:31.005  2685 13848 I [CT]    : Controllers may have been sleeping
05-08 14:16:31.005  2685 13848 I [CT]    : IMU: Total Dropped: 0.000000, Total Sample Count: 23693.431000 (0.000000%)
05-08 14:16:31.005  2685 13848 I [CT]    : Controller 7745273921483883046:
05-08 14:16:31.005  2685 13848 I [CT]    : I
05-08 14:16:31.037  2685 13779 I [CT]    : boltlib: DSP utilization(%): 15
05-08 14:16:31.098  2685 13826 I [CT]    : R:Behavior:AtRest: activated
05-08 14:16:31.099  2685 13826 I [CT]    : AdHocPatch: [Right] t = 48.096s, behavior transition: None -> AtRest at 48.147s
05-08 14:16:31.120  2685 13826 I [CT]    : R:Behavior:AtRest: deactivated
05-08 14:16:31.120  2685 13826 I [CT]    : AdHocPatch: [Right] t = 48.118s, behavior transition: AtRest -> None at 48.169s
05-08 14:16:31.664 13654 14014 I VrApi   : FPS=72,Prd=45ms,Tear=0,Early=0,Stale=0,VSnc=1,Lat=1,Fov=0,CPU4/GPU=2/4,1651/670MHz,OC=FF,TA=0/E0/E0,SP=N/F/F,Mem=1804MHz,Free=1239MB,PSM=0,PLS=0,Temp=30.0C/0.0C,TW=1.32ms,App=13.43ms,GD=0.00ms,CPU&GPU=17.73ms,LCnt=1,GPU%=0.96,CPU%=0.49(W0.52),DSF=1.00
05-08 14:16:31.694  2685 13847 I [CT]    : MANAGEMENT:CONSTELLATION: Status=GREEN,, Obj=4212769887286730484,6DOF=1,FusJit=0.0008mm,Issues(Cam/min=  0,IMU/min=0), Obj=7745273921483883046,6DOF=1,FusJit=0.0mm,Issues(Cam/min=  0,IMU/min=0)
05-08 14:16:32.664 13654 14014 I VrApi   : FPS=72,Prd=45ms,Tear=0,Early=0,Stale=0,VSnc=1,Lat=1,Fov=0,CPU4/GPU=2/4,1651/670MHz,OC=FF,TA=0/E0/E0,SP=N/F/F,Mem=1804MHz,Free=1238MB,PSM=0,PLS=0,Temp=30.0C/0.0C,TW=1.31ms,App=13.39ms,GD=0.00ms,CPU&GPU=17.41ms,LCnt=1,GPU%=0.96,CPU%=0.47(W0.50),DSF=1.00
05-08 14:16:33.668 13654 14014 I VrApi   : FPS=72,Prd=44ms,Tear=0,Early=0,Stale=0,VSnc=1,Lat=1,Fov=0,CPU4/GPU=2/4,1651/670MHz,OC=FF,TA=0/E0/E0,SP=N/F/F,Mem=1804MHz,Free=1238MB,PSM=0,PLS=0,Temp=30.0C/0.0C,TW=1.32ms,App=13.39ms,GD=0.00ms,CPU&GPU=17.78ms,LCnt=1,GPU%=0.97,CPU%=0.56(W0.57),DSF=1.00
05-08 14:16:33.765  2685 13848 I [CT]    : VIPER:MAP_MANAGER: State: TRACKING_PERSISTENT, UUID=d18585e8-d288-4997-b6ff-78495c7eed6a, Num. Persistent maps = 1,  Persistent maps:d18585e8-d288-4997-b6ff-78495c7eed6a,, Ser. Disabled = 00000000-0000-0000-0000-000000000000
05-08 14:16:33.806  2685 13848 I [CT]    : VIPER: Status=6DoF,TRACKING,KF=131,Inl=291,Pts=466,Jit=0.4mm,Issues(Cam/min=0.0,IMU/min=0.0),Exp=(6.0ms,g=6.0,I=68)(5.2ms,g=4.0,I=68)(6.0ms,g=6.0,I=75)(5.5ms,g=3.0,I=70)
05-08 14:16:34.664 13654 14014 I VrApi   : FPS=72,Prd=45ms,Tear=0,Early=0,Stale=0,VSnc=1,Lat=1,Fov=0,CPU4/GPU=2/4,1651/670MHz,OC=FF,TA=0/E0/E0,SP=N/F/F,Mem=1804MHz,Free=1238MB,PSM=0,PLS=0,Temp=30.0C/0.0C,TW=1.30ms,App=12.98ms,GD=0.00ms,CPU&GPU=17.37ms,LCnt=1,GPU%=0.93,CPU%=0.63(W0.70),DSF=1.00
05-08 14:16:35.295  2685 13847 I [CT]    : MANAGEMENT:CONSTELLATION: Status=GREEN,, Obj=4212769887286730484,6DOF=1,FusJit=0.0008mm,Issues(Cam/min=  0,IMU/min=0), Obj=7745273921483883046,6DOF=1,FusJit=0.0mm,Issues(Cam/min=  0,IMU/min=0)
05-08 14:16:35.421  2685 13826 I [CT]    : R:Behavior:AtRest: activated
05-08 14:16:35.421  2685 13826 I [CT]    : AdHocPatch: [Right] t = 52.418s, behavior transition: None -> AtRest at 52.468s
05-08 14:16:35.434  2685 13826 I [CT]    : R:Behavior:AtRest: deactivated
05-08 14:16:35.434  2685 13826 I [CT]    : AdHocPatch: [Right] t = 52.432s, behavior transition: AtRest -> None at 52.482s
05-08 14:16:35.664 13654 14014 I VrApi   : FPS=72,Prd=44ms,Tear=0,Early=0,Stale=0,VSnc=1,Lat=1,Fov=0,CPU4/GPU=2/4,1651/670MHz,OC=FF,TA=0/E0/E0,SP=N/F/F,Mem=1804MHz,Free=1238MB,PSM=0,PLS=0,Temp=30.0C/0.0C,TW=1.32ms,App=12.93ms,GD=0.00ms,CPU&GPU=17.01ms,LCnt=1,GPU%=0.93,CPU%=0.61(W0.68),DSF=1.00
05-08 14:16:36.434  2685 13826 I [CT]    : R:Behavior:AtRest: activated
05-08 14:16:36.434  2685 13826 I [CT]    : AdHocPatch: [Right] t = 53.433s, behavior transition: None -> AtRest at 53.483s
05-08 14:16:36.592  2685 13826 I [CT]    : R:Behavior:AtRest: deactivated
05-08 14:16:36.592  2685 13826 I [CT]    : AdHocPatch: [Right] t = 53.591s, behavior transition: AtRest -> None at 53.641s
05-08 14:16:36.784  2685 13826 I [CT]    : R:Behavior:AtRest: activated
05-08 14:16:36.785  2685 13826 I [CT]    : AdHocPatch: [Right] t = 53.783s, behavior transition: None -> AtRest at 53.833s
05-08 14:16:36.834  2685 13826 I [CT]    : R:Behavior:AtRest: deactivated
05-08 14:16:36.834  2685 13826 I [CT]    : AdHocPatch: [Right] t = 53.832s, behavior transition: AtRest -> None at 53.883s
05-08 14:16:36.983 13654 14014 I Telemetry: App memory usage: PSS=756MB DalvikPSS=2 MB
05-08 14:16:36.984 13654 14014 I VrApi   : FPS=72,Prd=45ms,Tear=0,Early=0,Stale=0,VSnc=1,Lat=1,Fov=0,CPU4/GPU=2/4,1651/670MHz,OC=FF,TA=0/E0/E0,SP=N/F/F,Mem=1804MHz,Free=1238MB,PSM=0,PLS=0,Temp=30.0C/0.0C,TW=1.31ms,App=12.90ms,GD=0.00ms,CPU&GPU=16.98ms,LCnt=1,GPU%=0.91,CPU%=0.60(W0.67),DSF=1.00
05-08 14:16:37.004  2685 13848 I [CT]    : HealthReport: ==================================================
05-08 14:16:37.004  2685 13848 I [CT]    : Health Report
05-08 14:16:37.004  2685 13848 I [CT]    : -------------
05-08 14:16:37.004  2685 13848 I [CT]    : 
05-08 14:16:37.004  2685 13848 I [CT]    : Reporter #1 (InsideOutHealthMonitor) summary:
05-08 14:16:37.004  2685 13848 I [CT]    : Camera: Total Dropped: 0.000000, Total Frame Count: 1341 (0.000000%), Camera Reset Count: 0
05-08 14:16:37.004  2685 13848 I [CT]    : Camera: Total Single Camera Frame Dropped: 0, Total Frame Count: 1341 (0.000000%)
05-08 14:16:37.004  2685 13848 I [CT]    : IMU: Total Dropped: 0.000000, Total Sample Count: 53896 (0.000000%)
05-08 14:16:37.004  2685 13848 I [CT]    : Magnetometer: Total Dropped: 0.000000, Total Sample Count: 1617 (0.000000%)
05-08 14:16:37.004  2685 13848 I [CT]    : 
05-08 14:16:37.004  2685 13848 I [CT]    : Reporter #1 (InsideOutHealthMonitor) Passed
05-08 14:16:37.004  2685 13848 I [CT]    : --------------------------------------------------
05-08 14:16:37.004  2685 13848 I [CT]    : Reporter #2 (ConstellationHealthMonitor) summary:
05-08 14:16:37.004  2685 13848 I [CT]    : Camera: Total Dropped: 0.000000, Total Frame Count: 1341 (0.000000%), Camera Reset Count: 1
05-08 14:16:37.004  2685 13848 I [CT]    : Camera: Total Single Camera Frame Dropped: 0, Total Frame Count: 1341 (0.000000%)
05-08 14:16:37.004  2685 13848 I [CT]    : Controller 4212769887286730484:
05-08 14:16:37.004  2685 13848 I [CT]    : IMU: Capture period exceeded threshold.  Largest period: 0.620762 sec
05-08 14:16:37.004  2685 13848 I [CT]    : Controllers may have been sleeping
05-08 14:16:37.004  2685 13848 I [CT]    : IMU: Total Dropped: 0.000000, Total Sample Count: 26693.526500 (0.000000%)
05-08 14:16:37.004  2685 13848 I [CT]    : Controller 7745273921483883046:
05-08 14:16:37.004  2685 13848 I [CT]    : I
05-08 14:16:37.037  2685 13779 I [CT]    : boltlib: DSP utilization(%): 16
05-08 14:16:37.084  2685 13826 I [CT]    : R:Behavior:AtRest: activated
05-08 14:16:37.084  2685 13826 I [CT]    : AdHocPatch: [Right] t = 54.082s, behavior transition: None -> AtRest at 54.133s
05-08 14:16:37.131  2685 13826 I [CT]    : R:Behavior:AtRest: deactivated
05-08 14:16:37.131  2685 13826 I [CT]    : AdHocPatch: [Right] t = 54.124s, behavior transition: AtRest -> None at 54.175s
05-08 14:16:37.134  2685 13847 I [CT]    : CONSTELLATION: R: Detected static motion, applying constant pose priors.
05-08 14:16:37.152  2685 13826 I [CT]    : R:Behavior:AtRest: activated
05-08 14:16:37.153  2685 13826 I [CT]    : AdHocPatch: [Right] t = 54.150s, behavior transition: None -> AtRest at 54.201s
05-08 14:16:37.216  2685 13826 I [CT]    : R:Behavior:AtRest: deactivated
05-08 14:16:37.216  2685 13826 I [CT]    : AdHocPatch: [Right] t = 54.214s, behavior transition: AtRest -> None at 54.265s
05-08 14:16:37.364  2685 13848 I [CT]    : VIPER:MAP_MANAGER: State: TRACKING_PERSISTENT, UUID=d18585e8-d288-4997-b6ff-78495c7eed6a, Num. Persistent maps = 1,  Persistent maps:d18585e8-d288-4997-b6ff-78495c7eed6a,, Ser. Disabled = 00000000-0000-0000-0000-000000000000
05-08 14:16:37.404  2685 13848 I [CT]    : VIPER: Status=6DoF,TRACKING,KF=131,Inl=269,Pts=466,Jit=0.1mm,Issues(Cam/min=0.0,IMU/min=0.0),Exp=(5.7ms,g=6.0,I=65)(5.2ms,g=4.0,I=68)(5.7ms,g=6.0,I=74)(5.1ms,g=3.0,I=68)
05-08 14:16:37.412  2685 13826 I [CT]    : R:Behavior:AtRest: activated
05-08 14:16:37.412  2685 13826 I [CT]    : AdHocPatch: [Right] t = 54.410s, behavior transition: None -> AtRest at 54.461s
05-08 14:16:37.540  2685 13826 I [CT]    : R:Behavior:AtRest: deactivated
05-08 14:16:37.540  2685 13826 I [CT]    : AdHocPatch: [Right] t = 54.538s, behavior transition: AtRest -> None at 54.589s
05-08 14:16:37.584  2685 13826 I [CT]    : R:Behavior:AtRest: activated
05-08 14:16:37.584  2685 13826 I [CT]    : AdHocPatch: [Right] t = 54.582s, behavior transition: None -> AtRest at 54.633s
05-08 14:16:37.665 13654 14014 I VrApi   : FPS=72,Prd=45ms,Tear=0,Early=0,Stale=0,VSnc=1,Lat=1,Fov=0,CPU4/GPU=2/4,1651/670MHz,OC=FF,TA=0/E0/E0,SP=N/F/F,Mem=1804MHz,Free=1236MB,PSM=0,PLS=0,Temp=30.0C/0.0C,TW=1.31ms,App=12.89ms,GD=0.00ms,CPU&GPU=17.10ms,LCnt=1,GPU%=0.93,CPU%=0.60(W0.68),DSF=1.00
05-08 14:16:37.718  2685 13826 I [CT]    : R:Behavior:AtRest: deactivated
05-08 14:16:37.718  2685 13826 I [CT]    : AdHocPatch: [Right] t = 54.715s, behavior transition: AtRest -> None at 54.767s
05-08 14:16:37.818  1787 14112 I FbnsPushNotificationHandler: {"persisted_id":"","ndid":"4829874d-2724-4e22-86f2-d007dabdf579G5a521ae6be8cfG5d2d6f062f27G1fc0","extra_data":"{\"user_with_updated_status\":\"1372702276159880\",\"presence\":\"Online\",\"app_id\":null,\"friend_display_name\":\"Aurelio Puerta Mart\\u00edn\"}","PushNotifID":"4829874d-2724-4e22-86f2-d007dabdf579"}
05-08 14:16:37.818  1787 14112 I NotificationReceiver: oculus_user_status
05-08 14:16:37.823  1787 14112 I NotificationReceiver: Notification cannot be toasted without a message. Hiding notif
05-08 14:16:37.899  9318  9382 I RCTVRNET: Request complete: time=71 name=OCRelayNetwork_ExploreWidgetsQueryRendererRefetchQuery docid=3281481848536696 traceid=BKvCKncPTeX code=200
05-08 14:16:37.900  9318  9373 I RCTVR   : JavaScript[0xded2fc68], Avg 1637.87941694014216, Max 5176641.98681700043, MaxInLast 20130.9542370010167
05-08 14:16:37.900  9318  9373 I RCTVR_HERMES: Hermes Mem: numCollections 110, allocatedBytes 9528790, heapSize 18478440, va 16777216
05-08 14:16:38.281 13654 13674 D UE4     : [GameActivity] Used memory: 774833
05-08 14:16:38.400  2685 13826 I [CT]    : R:Behavior:AtRest: activated
05-08 14:16:38.400  2685 13826 I [CT]    : AdHocPatch: [Right] t = 55.398s, behavior transition: None -> AtRest at 55.447s
05-08 14:16:38.572  2685 13826 I [CT]    : R:Behavior:AtRest: deactivated
05-08 14:16:38.572  2685 13826 I [CT]    : AdHocPatch: [Right] t = 55.564s, behavior transition: AtRest -> None at 55.613s
05-08 14:16:38.598  2685 13826 I [CT]    : R:Behavior:AtRest: activated
05-08 14:16:38.598  2685 13826 I [CT]    : AdHocPatch: [Right] t = 55.596s, behavior transition: None -> AtRest at 55.645s
05-08 14:16:38.662  2685 13826 I [CT]    : R:Behavior:AtRest: deactivated
05-08 14:16:38.662  2685 13826 I [CT]    : AdHocPatch: [Right] t = 55.660s, behavior transition: AtRest -> None at 55.709s
05-08 14:16:38.671 13654 14014 I VrApi   : FPS=72,Prd=45ms,Tear=0,Early=0,Stale=0,VSnc=1,Lat=1,Fov=0,CPU4/GPU=2/4,1651/670MHz,OC=FF,TA=0/E0/E0,SP=N/F/F,Mem=1804MHz,Free=1237MB,PSM=0,PLS=0,Temp=30.0C/0.0C,TW=1.33ms,App=12.88ms,GD=0.00ms,CPU&GPU=17.06ms,LCnt=1,GPU%=0.93,CPU%=0.59(W0.68),DSF=1.00
05-08 14:16:38.894  2685 13847 I [CT]    : MANAGEMENT:CONSTELLATION: Status=GREEN,, Obj=4212769887286730484,6DOF=1,FusJit=0.0008mm,Issues(Cam/min=  0,IMU/min=0), Obj=7745273921483883046,6DOF=1,FusJit=0.0mm,Issues(Cam/min=  0,IMU/min=0)
05-08 14:16:39.132  2685 13826 D TrackingService: [HANDTRACKING] Controller 6b7cbd986a24c226 in hand: N, valid: Y
05-08 14:16:39.236  2685 13826 I [CT]    : R:Behavior:AtRest: activated
05-08 14:16:39.236  2685 13826 I [CT]    : AdHocPatch: [Right] t = 56.233s, behavior transition: None -> AtRest at 56.284s
05-08 14:16:39.436  2685 13826 I [CT]    : R:Behavior:AtRest: deactivated
05-08 14:16:39.436  2685 13826 I [CT]    : AdHocPatch: [Right] t = 56.435s, behavior transition: AtRest -> None at 56.484s
05-08 14:16:39.491  2685 13826 D TrackingService: [HANDTRACKING] Controller 6b7cbd986a24c226 in hand: Y, valid: Y
05-08 14:16:39.672 13654 14014 I VrApi   : FPS=72,Prd=45ms,Tear=0,Early=0,Stale=0,VSnc=1,Lat=1,Fov=0,CPU4/GPU=2/4,1651/670MHz,OC=FF,TA=0/E0/E0,SP=N/F/F,Mem=1804MHz,Free=1237MB,PSM=0,PLS=0,Temp=30.0C/0.0C,TW=1.31ms,App=12.86ms,GD=0.00ms,CPU&GPU=17.04ms,LCnt=1,GPU%=0.92,CPU%=0.57(W0.77),DSF=1.00
05-08 14:16:40.667 13654 14014 I VrApi   : FPS=72,Prd=45ms,Tear=0,Early=0,Stale=0,VSnc=1,Lat=1,Fov=0,CPU4/GPU=2/4,1651/670MHz,OC=FF,TA=0/E0/E0,SP=N/F/F,Mem=1804MHz,Free=1237MB,PSM=0,PLS=0,Temp=30.0C/0.0C,TW=1.30ms,App=13.23ms,GD=0.00ms,CPU&GPU=17.19ms,LCnt=1,GPU%=0.94,CPU%=0.61(W0.67),DSF=1.00
05-08 14:16:40.965  2685 13848 I [CT]    : VIPER:MAP_MANAGER: State: TRACKING_PERSISTENT, UUID=d18585e8-d288-4997-b6ff-78495c7eed6a, Num. Persistent maps = 1,  Persistent maps:d18585e8-d288-4997-b6ff-78495c7eed6a,, Ser. Disabled = 00000000-0000-0000-0000-000000000000
05-08 14:16:41.005  2685 13848 I [CT]    : VIPER: Status=6DoF,TRACKING,KF=131,Inl=254,Pts=466,Jit=0.6mm,Issues(Cam/min=0.0,IMU/min=0.0),Exp=(5.9ms,g=6.0,I=66)(5.2ms,g=4.0,I=68)(5.9ms,g=6.0,I=76)(5.2ms,g=3.0,I=69)
05-08 14:16:41.666 13654 14014 I VrApi   : FPS=72,Prd=45ms,Tear=0,Early=0,Stale=0,VSnc=1,Lat=1,Fov=0,CPU4/GPU=2/4,1651/670MHz,OC=FF,TA=0/E0/E0,SP=N/F/F,Mem=1804MHz,Free=1236MB,PSM=0,PLS=0,Temp=30.0C/0.0C,TW=1.32ms,App=13.00ms,GD=0.00ms,CPU&GPU=17.17ms,LCnt=1,GPU%=0.93,CPU%=0.59(W0.67),DSF=1.00
05-08 14:16:42.496  2685 13847 I [CT]    : MANAGEMENT:CONSTELLATION: Status=GREEN,, Obj=4212769887286730484,6DOF=1,FusJit=0.0008mm,Issues(Cam/min=  0,IMU/min=0), Obj=7745273921483883046,6DOF=1,FusJit=0.0mm,Issues(Cam/min=  0,IMU/min=0)
05-08 14:16:42.666 13654 14014 I VrApi   : FPS=72,Prd=45ms,Tear=0,Early=0,Stale=0,VSnc=1,Lat=1,Fov=0,CPU4/GPU=2/4,1651/670MHz,OC=FF,TA=0/E0/E0,SP=N/F/F,Mem=1804MHz,Free=1237MB,PSM=0,PLS=0,Temp=30.0C/0.0C,TW=1.31ms,App=12.90ms,GD=0.00ms,CPU&GPU=17.24ms,LCnt=1,GPU%=0.99,CPU%=0.67(W0.74),DSF=1.00
05-08 14:16:43.007  2685 13848 I [CT]    : HealthReport: ==================================================
05-08 14:16:43.007  2685 13848 I [CT]    : Health Report
05-08 14:16:43.007  2685 13848 I [CT]    : -------------
05-08 14:16:43.007  2685 13848 I [CT]    : 
05-08 14:16:43.007  2685 13848 I [CT]    : Reporter #1 (InsideOutHealthMonitor) summary:
05-08 14:16:43.007  2685 13848 I [CT]    : Camera: Total Dropped: 0.000000, Total Frame Count: 1491 (0.000000%), Camera Reset Count: 0
05-08 14:16:43.007  2685 13848 I [CT]    : Camera: Total Single Camera Frame Dropped: 0, Total Frame Count: 1491 (0.000000%)
05-08 14:16:43.007  2685 13848 I [CT]    : IMU: Total Dropped: 0.000000, Total Sample Count: 59898 (0.000000%)
05-08 14:16:43.007  2685 13848 I [CT]    : Magnetometer: Total Dropped: 0.000000, Total Sample Count: 1797 (0.000000%)
05-08 14:16:43.007  2685 13848 I [CT]    : 
05-08 14:16:43.007  2685 13848 I [CT]    : Reporter #1 (InsideOutHealthMonitor) Passed
05-08 14:16:43.007  2685 13848 I [CT]    : --------------------------------------------------
05-08 14:16:43.007  2685 13848 I [CT]    : Reporter #2 (ConstellationHealthMonitor) summary:
05-08 14:16:43.007  2685 13848 I [CT]    : Camera: Total Dropped: 0.000000, Total Frame Count: 1492 (0.000000%), Camera Reset Count: 1
05-08 14:16:43.007  2685 13848 I [CT]    : Camera: Total Single Camera Frame Dropped: 0, Total Frame Count: 1492 (0.000000%)
05-08 14:16:43.007  2685 13848 I [CT]    : Controller 4212769887286730484:
05-08 14:16:43.007  2685 13848 I [CT]    : IMU: Capture period exceeded threshold.  Largest period: 0.620762 sec
05-08 14:16:43.007  2685 13848 I [CT]    : Controllers may have been sleeping
05-08 14:16:43.007  2685 13848 I [CT]    : IMU: Total Dropped: 0.000000, Total Sample Count: 29694.625500 (0.000000%)
05-08 14:16:43.007  2685 13848 I [CT]    : Controller 7745273921483883046:
05-08 14:16:43.007  2685 13848 I [CT]    : I
05-08 14:16:43.038  2685 13779 I [CT]    : boltlib: DSP utilization(%): 16
05-08 14:16:43.048  1092  7712 I WifiHAL : event received NL80211_CMD_VENDOR, vendor_id = 0x1374, subcmd = 0x6a
05-08 14:16:43.113  1092  7712 I WifiHAL : event received NL80211_CMD_VENDOR, vendor_id = 0x1374, subcmd = 0x6b
05-08 14:16:43.123  1092  1177 D WifiQualifiedNetworkSelector:: ==========start qualified Network Selection==========
05-08 14:16:43.123  1092  1177 D WifiQualifiedNetworkSelector:: Current network is: "BOEY" ,ID is: 0
05-08 14:16:43.123  1092  1177 D WifiQualifiedNetworkSelector:: Current band dose not match user preference. Start Qualified Network Selection Current band = 2.4GHz bandUserPreference band = 0
05-08 14:16:43.124  1092  1177 D WifiQualifiedNetworkSelector:: Current network is not qualified
05-08 14:16:43.124  1092  1177 D WifiQualifiedNetworkSelector:: Saved Network List
05-08 14:16:43.124  1092  1177 D WifiQualifiedNetworkSelector::     "BOEY":0  User Preferred BSSID:null FQDN:null NETWORK_SELECTION_ENABLED Disable account: 0 0 0 0 0 0 0 0 0 0 Connect Choice:null set time:-1
05-08 14:16:43.125  1092  1177 D WifiQualifiedNetworkSelector::  skipped due to low signal
05-08 14:16:43.127  1092  1177 D WifiQualifiedNetworkSelector::  skipped due to not saved
05-08 14:16:43.127  1092  1177 D WifiQualifiedNetworkSelector::  
05-08 14:16:43.127  1092  1177 D WifiQualifiedNetworkSelector::  skipped due to not valid SSID
05-08 14:16:43.127  1092  1177 D WifiQualifiedNetworkSelector::  RSSI score: 100 Same network with current associated. Bonus: 16 Same BSSID with current association. Bonus: 24 Secure network Bonus:80 Score for scanResult: SSID: BOEY, BSSID: 84:16:f9:9b:3c:d6, capabilities: [WPA-PSK-CCMP+TKIP][WPA2-PSK-CCMP+TKIP][WPS][ESS], level: -47, frequency: 2462, timestamp: 13445598837, distance: ?(cm), distanceSd: ?(cm), passpoint: no, ChannelBandwidth: 0, centerFreq0: 0, centerFreq1: 0, 80211mcResponder: is not supported and Network ID: 0 final score:220
05-08 14:16:43.127  1092  1177 D WifiQualifiedNetworkSelector:: 
05-08 14:16:43.128  1092  1177 D WifiQualifiedNetworkSelector:: After user choice adjust, the final candidate is:"BOEY":0 : 84:16:f9:9b:3c:d6
05-08 14:16:43.128  1092  1177 D WifiQualifiedNetworkSelector:: "BOEY":0 is already the best choice!
05-08 14:16:43.257   695   695 D GatekeeperNativeService: Using value 1 for gk arvr_gk_nimble_mfjlp, user=0
05-08 14:16:43.258   695  2793 D GatekeeperNativeService: Using value 1 for gk oculus_blob_size_checker_gk, user=0
05-08 14:16:43.259   695  2792 D GatekeeperNativeService: Using value 1 for gk oculus_enable_background_subtraction_gk, user=0
05-08 14:16:43.261   695   804 D GatekeeperNativeService: Using value 0 for gk oculus_enable_ht_quest_vrsrecording, user=0
05-08 14:16:43.261   695   695 D GatekeeperNativeService: Using value 0 for gk oculus_gk_is_dogfood, user=0
05-08 14:16:43.262   695  2793 D GatekeeperNativeService: Using value 0 for gk oculus_gk_is_employee, user=0
05-08 14:16:43.263   695  2792 D GatekeeperNativeService: Using value 0 for gk oculus_gk_is_qa, user=0
05-08 14:16:43.263   695   804 D GatekeeperNativeService: Using value 0 for gk oculus_gk_is_spatial_ai, user=0
05-08 14:16:43.264   695   695 D GatekeeperNativeService: Using value 1 for gk oculus_mapmerging_gk, user=0
05-08 14:16:43.265   695  2793 D GatekeeperNativeService: Using value 0 for gk oculus_telemetry_gk_generic_1, user=0
05-08 14:16:43.266   695  2792 D GatekeeperNativeService: Using value 0 for gk oculus_telemetry_gk_generic_2, user=0
05-08 14:16:43.266   695   804 D GatekeeperNativeService: Using value 0 for gk oculus_telemetry_gk_generic_3, user=0
05-08 14:16:43.267   695   695 D GatekeeperNativeService: Using value 0 for gk oculus_telemetry_gk_generic_4, user=0
05-08 14:16:43.267   695  2793 D GatekeeperNativeService: Using value 0 for gk oculus_telemetry_gk_generic_5, user=0
05-08 14:16:43.271   695  2792 D GatekeeperNativeService: Using value 0 for gk oculus_vr_keyboard_enabled, user=0
05-08 14:16:43.273  2685 13857 I [CT]    : TELEMETRY_COLLECTOR: Sending event: constellation_periodic
05-08 14:16:43.274  2685 13857 I [CT]    : TELEMETRY_COLLECTOR: Sending event: relocalization_periodic
05-08 14:16:43.298  2685 13857 I [CT]    : TELEMETRY_COLLECTOR: Sending event: oculus_boltcv_periodic
05-08 14:16:43.299  2685 13857 I [CT]    : TELEMETRY_COLLECTOR: Sending event: insideout_periodic
05-08 14:16:43.301  2685 13857 I [CT]    : TELEMETRY_COLLECTOR: Sending event: constellation_periodic
05-08 14:16:43.303  2685 13857 I [CT]    : TELEMETRY_COLLECTOR: Sending event: constellation_periodic
05-08 14:16:43.303  2685 13857 I [CT]    : TELEMETRY_COLLECTOR: Sending event: map_periodic
05-08 14:16:43.304  2685 13857 I [CT]    : NIMBLE:HLOG: NimbleTelemetryAggregator::populateTelemetry
05-08 14:16:43.309  2685 13857 I [CT]    : TELEMETRY_COLLECTOR: Sending event: nimble_periodic
05-08 14:16:43.313  2685 13857 I [CT]    : TELEMETRY_COLLECTOR: Sending event: attitude_ekf_periodic
05-08 14:16:43.363  1504  2002 I UploadManager: Scheduling jobbId 2131165248 within interval (0, 1800000)
05-08 14:16:43.670 13654 14014 I VrApi   : FPS=71,Prd=44ms,Tear=0,Early=0,Stale=0,VSnc=1,Lat=1,Fov=0,CPU4/GPU=2/4,1651/670MHz,OC=FF,TA=0/E0/E0,SP=N/F/F,Mem=1804MHz,Free=1236MB,PSM=0,PLS=0,Temp=30.0C/0.0C,TW=1.32ms,App=13.49ms,GD=0.00ms,CPU&GPU=20.95ms,LCnt=1,GPU%=0.96,CPU%=0.58(W0.73),DSF=1.00
05-08 14:16:43.828 13654 13673 I InputHooks_Internal: Home Button
05-08 14:16:43.828 13654 13673 I InputHooks_Internal: source is remote, so not setting home key, letting that come from tracking service
05-08 14:16:43.836  2139  2317 I InputManager: HOME BUTTON shared state changed:  hardwar ID 7745273921483883046  UpdateCount: 1 
05-08 14:16:43.846 13654 14013 I InputHooks_Internal: SetHomeButtonDownState hw:  6b7cbd986a24c226 source: 1698898178 time 13446.3
05-08 14:16:43.847  2139  2321 I RecenterTimer: (13446.3458) StartTimer(1.00 0.50)
05-08 14:16:44.039 13654 13673 I InputHooks_Internal: Home Button
05-08 14:16:44.039 13654 13673 I InputHooks_Internal: source is remote, so not setting home key, letting that come from tracking service
05-08 14:16:44.045  2139  2317 I InputManager: HOME BUTTON shared state changed:  hardwar ID 7745273921483883046  UpdateCount: 2 
05-08 14:16:44.057 13654 14013 I InputHooks_Internal: SetHomeButtonUpState hw:  6b7cbd986a24c226 source: 1698898178 time 13446.6
05-08 14:16:44.311 13654 14013 I SystemUtils_Internal: ovrSystemUtils::StartSystemActivity: confirmQuit (null)
05-08 14:16:44.314 13654 14013 D SystemUtils: Package com.oculus.systemactivities exists on device
05-08 14:16:44.314 13654 14013 I SystemUtils_Internal: Package com.oculus.systemactivities : INSTALLED
05-08 14:16:44.314 13654 14013 I SystemUtils_Internal: Using Anytime UI for cmd: confirmQuit
05-08 14:16:44.314 13654 14013 D SystemUtils: sendBroadcastIntent - action: 'com.oculus.vrshell.intent.action.LAUNCH' data: 'systemux://dialog/exit'intent_pkg: com.YourCompany.ToysGame
05-08 14:16:44.316 13654 14013 D SystemUtils: VR Shell isn't running.
05-08 14:16:44.323  2139  3288 I ScreenCaptureBase: Screen Capture Command:2
05-08 14:16:44.340  1830  1830 D [OAR] ShellControlBroadcastReceiver: onReceive with MainActivity native pointer 3692967280, action com.oculus.vrshell.intent.action.LAUNCH
05-08 14:16:44.341  1830  1830 D [OAR] ShellApplication: ShellEnv is backgrounded or not running.
05-08 14:16:44.342  1830  1830 D [OAR] BroadcastReceiverHelpers: Data URI is systemux://dialog/exit
05-08 14:16:44.345  1092  5804 I ActivityManager: START u0 {act=com.oculus.vrshell.intent.action.LAUNCH flg=0x10000000 pkg=com.oculus.vrshell cmp=com.oculus.vrshell/.MainActivity (has extras)} from uid 10028 on display 0
05-08 14:16:44.346  2139 13867 V Appshot : Appshot client set to com.YourCompany.ToysGame
05-08 14:16:44.347  2139 13867 I CaptureSurfaceManager: Capture NativeWindow: 768 x 768 fmt 1
05-08 14:16:44.347  2139 13867 I CaptureSurfaceManager: Surface Size 768x768
05-08 14:16:44.349 13654 13654 D UE4     : [GameActivity] onPause: stop memory reporter runnable
05-08 14:16:44.349 13654 13654 D UE4     : [GameActivity] Unregistering sensor listeners
05-08 14:16:44.350 13654 13673 D UE4     : [2020.05.08-12.16.44:348][340]LogAndroid: Case APP_CMD_LOST_FOCUS
05-08 14:16:44.350 13654 13673 D UE4     : LogAndroidEvents::EnqueueAppEvent : 10, [width=-1, height=-1], tid = 13673, APP_EVENT_STATE_WINDOW_LOST_FOCUS
05-08 14:16:44.350 13654 13673 D UE4     : Case APP_CMD_PAUSE
05-08 14:16:44.350 13654 13673 D UE4     : [2020.05.08-12.16.44:350][340]LogAndroid: Case APP_CMD_PAUSE
