05-06 14:25:09.644  1842  1917 I [OAR] DialogControllerManager: Queuing pending dialog systemux://dialog/exit - command uri systemux://dialog/exit
05-06 14:25:09.644  1842  1917 I [OAR] SystemUXController: Registering pending Dialog launch for 10 - overwriting existing launch? false.
05-06 14:25:09.644  1789  1806 D AudioRecord: updateAppOpsRecordAudio: checkOp OP_RECORD_AUDIO for com.oculus.horizon returns: 0 (ALLOWED)
05-06 14:25:09.644  1789  3508 D AudioRecord: updateAppOpsRecordAudio: checkOp OP_RECORD_AUDIO for com.oculus.horizon returns: 0 (ALLOWED)
05-06 14:25:09.651  1789  1922 E Parcel  : Reading a NULL string not supported here.
05-06 14:25:09.651  1789  1804 E Parcel  : Reading a NULL string not supported here.
05-06 14:25:09.651  1789  1804 D AudioRecord: updateAppOpsRecordAudio: checkOp OP_RECORD_AUDIO for com.oculus.horizon returns: 0 (ALLOWED)
05-06 14:25:09.651  1789  1922 D AudioRecord: updateAppOpsRecordAudio: checkOp OP_RECORD_AUDIO for com.oculus.horizon returns: 0 (ALLOWED)
05-06 14:25:09.652  1842  1842 D [OAR] MainActivity: onResume()
05-06 14:25:09.652  3739  3763 E Parcel  : Reading a NULL string not supported here.
05-06 14:25:09.653  3739  3763 D AudioTrack: updateAppOpsPlayAudio: checkOp OP_PLAY_AUDIO for com.YourCompany.ToysGame returns: 1 (IGNORED)
05-06 14:25:09.653  3739  3763 I AudioTrack: updateAppOpsPlayAudio: pausing audio thread
05-06 14:25:09.658  3739  3763 E Parcel  : Reading a NULL string not supported here.
05-06 14:25:09.660  3739  3763 D AudioTrack: updateAppOpsPlayAudio: checkOp OP_PLAY_AUDIO for com.YourCompany.ToysGame returns: 1 (IGNORED)
05-06 14:25:09.660  3739  3763 E Parcel  : Reading a NULL string not supported here.
05-06 14:25:09.662  1842  1917 I [OAR] ShellApp: 0xcb53e358 msg: resume
05-06 14:25:09.670  1842  1842 D [OAR] MainActivity: com.oculus.vrshell.MainActivity@e786d2e surfaceCreated()
05-06 14:25:09.670  1842  1842 I [OAR] ShellMain:     looperMessageQueue->PostPrintf("surfaceCreated 0xda1c0008")
05-06 14:25:09.670  1842  1842 D [OAR] MainActivity: com.oculus.vrshell.MainActivity@e786d2e surfaceChanged() format: 4 width: 2880 height: 1600
05-06 14:25:09.670  1842  1842 I [OAR] ShellMain:     ANativeWindow_release(newNativeWindow)
05-06 14:25:09.671  1842  1917 I [OAR] ShellApp: 0xcb53e358 msg: surfaceCreated 0xda1c0008
05-06 14:25:09.671  1842  1917 I [OAR] ShellApp: ---------- ShellApp::EnterVrMode() ----------
05-06 14:25:09.671  1842  1917 I [OAR] VrPlatformVrApi: vrapi_EnterVrMode()
05-06 14:25:09.671  1842  1917 I VrApi   : ---------- vrapi_EnterVrMode [start] ----------
05-06 14:25:09.671  1842  1917 I VrRuntimeClient: Tracing is disabled
05-06 14:25:09.674  1842  1917 D VrApi   : targetSDKVersion 27
05-06 14:25:09.676  1842  1917 I VrRuntimeClient: DEVICE MODEL NUMBER = Quest
05-06 14:25:09.676  1842  1917 I VrRuntimeClient: DEVICE HARDWARE = monterey
05-06 14:25:09.676  1842  1917 I VrRuntimeClient: DEVICE BUILD NAME = user-602380.24900.0
05-06 14:25:09.676  1842  1917 I VrRuntimeClient: DEVICE BUILD TYPE = user
05-06 14:25:09.676  1842  1917 I VrRuntimeClient: DEVICE OS VERSION = 7.1.1
05-06 14:25:09.676  1842  1917 I VrRuntimeClient: VRRUNTIME VERSION = VRAPI_VERSION_BEGIN { 1.1.33.0-210938873-210938873 Apr 24 2020 16:11:35 Development } RELEASE
05-06 14:25:09.676  1842  1917 I VrRuntimeClient: API LOADER VERSION = 1.1.30.0
05-06 14:25:09.676  1842  1917 I VrRuntimeClient: VRDRIVER VERSION = 16.0.0.141.450
05-06 14:25:09.676  1842  1917 I VrRuntimeClient: APP NAME = Oculus App Runtime
05-06 14:25:09.676  1842  1917 I VrRuntimeClient: APP VERSION = 16.0.0.139.450 versionCode 210946745 internalVersionName 16.0.0.139.450.670c400f6e52 2020_04_24_17_36
05-06 14:25:09.676  1842  1917 I VrRuntimeClient: APP VR TYPE = vr_only
05-06 14:25:09.676  1842  1917 I VrRuntimeClient: APP PACKAGE NAME = com.oculus.vrshell
05-06 14:25:09.676  1842  1917 I VrRuntimeClient: APP ACTIVITY CLASS = com.oculus.vrshell.MainActivity
05-06 14:25:09.676  1842  1917 D BatteryReceiver: Registering battery receiver
05-06 14:25:09.677  3739  4288 D UE4     : *** JavaEnvDestructor: 4288
05-06 14:25:09.681  1842  1917 D HeadsetReceiver: getCurrentHeadsetState: false
05-06 14:25:09.681  1842  1917 I DeviceStatus_Android: nativeHeadsetEvent(0)
05-06 14:25:09.685  1842  1917 I VrRuntimeClient: DEADRECKONING SetControllerTrackingExtendedDeadreckoning 0
05-06 14:25:09.685  1842  1917 D InputHooksJava: Enabling Java Input Hooks
05-06 14:25:09.685  1842  1917 I InputDeviceManager: ovrInputDeviceManager::Initialize
05-06 14:25:09.685  1842  1917 I InputDeviceManager: HANDTRACKING packagename is com.oculus.vrshell
05-06 14:25:09.688  1842  1917 W InputDeviceManager: HANDTRACKING: Deprecated Manifest Permission request for com.oculus.vrshell please update to 'com.oculus.permission.HAND_TRACKING'
05-06 14:25:09.691  2150  2150 D VrRuntimeService: onFocusedWindowChanged: focusedWindowToken=android.os.BinderProxy@b944952, focusedWindowUid=10028
05-06 14:25:09.691  2150  2150 W ClientMgr: ClientMgr::SetPrimaryCompositorClient: No active client
05-06 14:25:09.691  2150  2150 I VrRuntimeServer: SetCompositorClientEnabled client(0): enabled(0) 0x0
05-06 14:25:09.692  1842  1917 I InputDeviceManager: HANDTRACKING: Manifest Permission request for com.oculus.vrshell
05-06 14:25:09.693  1842  1917 I InputDeviceManager: HANDTRACKING:  'com.oculus.vrshell' Is hands or controller.
05-06 14:25:09.693  1842  1917 I InputDeviceManager: HANDTRACKING: feature flag set to 2
05-06 14:25:09.693  1842  1917 I VrRuntimeClient: HANDTRACKING sethandmanifest 2
05-06 14:25:09.713  2150  3955 I Clocks  : SetSchedFifo( tid=3756, pri=0 ) succeeded
05-06 14:25:09.719  2150  3955 I Clocks  : SetSchedFifo( tid=4297, pri=0 ) succeeded
05-06 14:25:09.723  2150  3955 I Clocks  : SetSchedFifo( tid=4299, pri=0 ) succeeded
05-06 14:25:09.724  2150  3955 I Clocks  : SetSchedFifo( tid=2365, pri=0 ) succeeded
05-06 14:25:09.724  2150  3955 I TimeWarp: Will tear: 0.007360
05-06 14:25:09.728  2150  2150 W ClientMgr: ClientMgr::SetFocusedClient: No focused client
05-06 14:25:09.728  2150  2150 I TimeWarp: ReleaseClockLevels
05-06 14:25:09.728  2150  2334 I VrRuntimeServer: SetCompositorClientEnabled client(2): enabled(1) 0x7f9af340e8
05-06 14:25:09.729  2150  2455 I ScreenCaptureBase: GlobalInhibitState=0
05-06 14:25:09.730  1842  1917 D TrackingServiceConnectionNative: onClientConnect
05-06 14:25:09.730  1842  1917 D BinderConnection: Connecting to TrackingService
05-06 14:25:09.731  1842  1917 D TrackingServiceConnectionNative: onConnected
05-06 14:25:09.733   709   709 I TrackingService: TrackingService::getSharedMemoryFileDescriptor
05-06 14:25:09.736  1842  1917 I TrackingServiceClient: OVR::TrackingService::ClientSetInterface
05-06 14:25:09.736  1842  1917 I TrackingServiceClient: TrackingService client: roFd(94)
05-06 14:25:09.736  1842  1917 I TrackingServiceClient: TrackingService client: connected to interface version 11.
05-06 14:25:09.736  1842  1917 I TrackingServiceClient: TrackingService client: last prediction time is 0.004855 seconds old
05-06 14:25:09.736  1842  1917 I TrackingServiceClient: TrackingService client: provided by pid=709
05-06 14:25:09.736   709  3175 I TrackingService: TrackingService::registerClient
05-06 14:25:09.736   709  3175 I TrackingService: Registering client with TrackingServiceHost
05-06 14:25:09.737   709  3175 I TrackingService: Notifying client pid 1842 of new remote 3a76c3e46c301ef4
05-06 14:25:09.737  1842  1917 D TrackingServiceClient: TrackingServiceClient onRemoteConnected 3a76c3e46c301ef4
05-06 14:25:09.737   709  3175 I TrackingService: Notifying client pid 1842 of new remote 6b7cbd986a24c226
05-06 14:25:09.737  1842  1917 D TrackingServiceClient: TrackingServiceClient onRemoteConnected 6b7cbd986a24c226
05-06 14:25:09.737   709  3175 I TrackingService: TrackingServiceHost GetSharedMemoryFileDescriptor for client pid 1842
05-06 14:25:09.737  2150  3955 I TimeWarp: UpdateClockLevels: Force releasing clocks
05-06 14:25:09.737  2150  3955 I TimeWarp: UpdateClockLevels: Apply pending clock request change: 2,4 -> -1,-1
05-06 14:25:09.737   709  3175 I TrackingService: TrackingServiceHost registered common client; there are 0 secure clients
05-06 14:25:09.738  1842  1917 I TrackingServiceClient: ClientConnectComplete
05-06 14:25:09.738  1842  1917 I VrApi   : ovrModeParms::VRAPI_MODE_FLAG_RESET_WINDOW_FULLSCREEN = 1
05-06 14:25:09.738  1842  1917 I VrApi   : ovrModeParms::VRAPI_MODE_FLAG_NATIVE_WINDOW = 1
05-06 14:25:09.738  2150  3949 I Clocks  : ReleaseClocks - start
05-06 14:25:09.738  1842  1917 I VrApi   : ovrModeParms::VRAPI_MODE_FLAG_FRONT_BUFFER_PROTECTED = 0
05-06 14:25:09.738  1842  1917 I VrApi   : ovrModeParms::VRAPI_MODE_FLAG_FRONT_BUFFER_565 = 0
05-06 14:25:09.738  1842  1917 I VrApi   : ovrModeParms::VRAPI_MODE_FLAG_FRONT_BUFFER_SRGB = 1
05-06 14:25:09.738  1842  1917 I VrApi   : ovrModeParms::VRAPI_MODE_FLAG_CREATE_CONTEXT_NO_ERROR = 0
05-06 14:25:09.738  1842  1917 I VrApi   : HMD sensor attached.
05-06 14:25:09.738  1842  1917 I VrApi   : Client side frame sync enabled
05-06 14:25:09.739   713  2968 D         : CPU_CLUSTER_0: No client requests exists, release clocks
05-06 14:25:09.739   713  2968 D         : CPU_CLUSTER_1: No client requests exists, release clocks
05-06 14:25:09.740   713  2968 D         : GPU: No client requests exists, release clocks
05-06 14:25:09.740   713  2968 D         : CPUBW: No client requests exists, release clocks
05-06 14:25:09.741  1842  1917 I DynamicClocks: cpu-freq(0): 979200Hz
05-06 14:25:09.741  1842  1917 I DynamicClocks: cpu-freq(1): 1344000Hz
05-06 14:25:09.741  1842  1917 I DynamicClocks: cpu-freq(2): 1651200Hz
05-06 14:25:09.741  1842  1917 I DynamicClocks: cpu-freq(3): 1958400Hz
05-06 14:25:09.741  1842  1917 I DynamicClocks: cpu-freq(4): 2304000Hz
05-06 14:25:09.741  2150  3949 I Clocks  : ReleaseClocks - end (3.7 ms)
05-06 14:25:09.743  1842  1917 I DynamicClocks: gpu-freq(0): 257000000Hz
05-06 14:25:09.744  1842  1917 I DynamicClocks: gpu-freq(1): 342000000Hz
05-06 14:25:09.744  1842  1917 I DynamicClocks: gpu-freq(2): 414000000Hz
05-06 14:25:09.744  1842  1917 I DynamicClocks: gpu-freq(3): 515000000Hz
05-06 14:25:09.744  1842  1917 I DynamicClocks: gpu-freq(4): 670000000Hz
05-06 14:25:09.744  1842  1917 I DynamicClocks: gpu-freq(5): 710000000Hz
05-06 14:25:09.744  1842  1917 D VrRuntimeClient: pokeGuardianUserServiceForThisClient: com.oculus.vrshell:10028
05-06 14:25:09.744  2119  2229 E Security-LocalReporter: UID '10043' is shared by multiple packages: [com.oculus.home, com.oculus.horizon]
05-06 14:25:09.753  2150  3955 I TimeWarp: UpdateClockLevels: Apply pending clock request change: -1,-1 -> 2,4
05-06 14:25:09.753  2150  3949 I Clocks  : LockClocks( cpu=2, gpu=4 ) - start
05-06 14:25:09.754  2150  3949 I Clocks  : CPU levels [0, 4]
05-06 14:25:09.754  2150  3949 I Clocks  : GPU levels [0, 5]
05-06 14:25:09.755   713  2969 D         : CPU_CLUSTER_0: Client 2150 sends freq request [21, 21]
05-06 14:25:09.755   713  2969 D         : CPU_CLUSTER_0: Next Perf Level = (21, 21)
05-06 14:25:09.755   713  2969 D         : CPU_CLUSTER_1: Client 2150 sends freq request [18, 18]
05-06 14:25:09.755   713  2969 D         : CPU_CLUSTER_1: Next Perf Level = (18, 18)
05-06 14:25:09.756   713  2969 D         : CPUBW: Client 2150 sends freq request [8, 11]
05-06 14:25:09.756   713  2969 D         : CPUBW: Next Perf Level = (8, 11)
05-06 14:25:09.756   713  2969 D         : GPU: Client 2150 sends freq request [6, 6]
05-06 14:25:09.756   713  2969 D         : GPU: Next Perf Level = (6, 6)
05-06 14:25:09.757  2150  3949 I Clocks  : LockClocks( cpu=2, gpu=4 ) - end (4.1 ms)
05-06 14:25:09.761  2161  2161 D VrGuardianUserService: onStartCommandIntent { act=FOREGROUND_CLIENT cmp=com.oculus.systemdriver/com.oculus.vrguardianservice.VrGuardianUserService (has extras) }
05-06 14:25:09.761  1842  1917 D VrRuntimeClient: VrRuntimeClient: enableRendering: activity client
05-06 14:25:09.761  1842  1917 D VrRuntimeClient: VrRuntimeClient: enableRendering: Using clientWindow=android.os.BinderProxy@da4c2af
05-06 14:25:09.761  2150  3223 I ClientMgr: ClientMgr::SetPrimaryCompositorClient: com.oculus.vrshell
05-06 14:25:09.762  2150  3223 I VrRuntimeServer: SetCompositorClientEnabled client(0): enabled(1) 0x7f93a0b010
05-06 14:25:09.762  2150  3223 I ClientMgr: ClientMgr::SetFocusedClient: com.oculus.vrshell type 0
05-06 14:25:09.762  2150  3223 D VrRuntimeService: this client: 1842:com.oculus.vrshell
05-06 14:25:09.762  2150  3223 D VrRuntimeService: enableRendering: clientWindow: android.os.BinderProxy@b944952 enable: true
05-06 14:25:09.762  2150  3223 I ClientMgr: ClientMgr::EnableRendering 1842:com.oculus.vrshell : type 0 : enable
05-06 14:25:09.762  2150  3223 I VrRuntimeServer: SetCompositorClientEnabled client(0): enabled(1) 0x7f93a0b010
05-06 14:25:09.762  2150  3223 I TimeWarp: CheckDebuggerConnected: debugger 0
05-06 14:25:09.762  1842  1917 I VrRuntimeClient: CreateWarp: ImportGles: Fd=64, BufferSize=4096, AllocSize=9028
05-06 14:25:09.762  1842  1917 I VrRuntimeClient: CreateWarp: ImportGles: bo.Gl.BufferId=352, bo.Gl.MemoryObject=37
05-06 14:25:09.763  1842  1917 I ScreenCaptureHelper: Advertising com.oculus.vrshell as streamable
05-06 14:25:09.765  1842  1917 I VrApi   : OVR::Stats thread started
05-06 14:25:09.765  1842  1917 I VrApi   : ---------- vrapi_EnterVrMode [end] ----------
05-06 14:25:09.765  1842  1917 I ClientInputSettings: SetInhibitHandleHomeKey = true
05-06 14:25:09.765  1842  1917 I ClientInputSettings: InhibitConfirmQuitMenu = true
05-06 14:25:09.765  1842  1917 I ClientInputSettings: ReorientHMDOnControllerRecenter = true
05-06 14:25:09.765  1842  1917 I [OAR] ShellApp: Setting clock levels to cpu=2, gpu=4
05-06 14:25:09.765  1842  1917 I [OAR] VrPlatformVrApi: Setting perf thread tids to main=1917, render=unset
05-06 14:25:09.765  1842  1917 I [OAR] ShellApp: Setting perf thread tids to main=1917, render=unset
05-06 14:25:09.765  1842  1917 I [OAR] Compositor: Initializing Compositor: 1216x1344
05-06 14:25:09.766  1842  1917 I [OAR] ShellApp: FramebufferIsSrgb: true
05-06 14:25:09.766  1842  1917 I libOpenSLES: Emulating old channel mask behavior (ignoring positional mask 0x3, using default mask 0x3 based on channel count of 2)
05-06 14:25:09.767   545   600 I AudioPolicyManagerCustom: offload disabled by audio.offload.disable=1
05-06 14:25:09.767   545   600 I AudioPolicyManagerCustom: Direct PCM is disabled for this request
05-06 14:25:09.770  2150  2334 I ClientMgr: Non-overlay clients rendering status has changed: prev=23, curr=24, enabled=2
05-06 14:25:09.770   545   545 W AudioFlinger: createTrack_l(): mismatch between requested flags (00000104) and output flags (00000006)
05-06 14:25:09.771  1842  1917 D AudioTrack: Client defaulted notificationFrames to 192 for frameCount 384
05-06 14:25:09.772  2150  3955 W TimeWarp: WarpToScreen: No completed frames to display for client 0. submittedFrameIndex = 9230
05-06 14:25:09.775  1842  1917 D AudioTrack: updateAppOpsPlayAudio: checkOp OP_PLAY_AUDIO for com.oculus.vrshell returns: 0 (ALLOWED)
05-06 14:25:09.776  2150  3963 D Appshot : broadcastImageToShell intent_pkg: com.YourCompany.ToysGame jpg_size: 38758
05-06 14:25:09.776   545   586 W AudioFlinger: checkEffectCompatibility_l(): non HW effect Volume listener for Music on playback thread in fast mode
05-06 14:25:09.776   545   586 E AudioEffect: set(): AudioFlinger could not create effect, status: -22
05-06 14:25:09.776   545   586 E AudioPolicyEffects: addOutputSessionEffects(): failed to create Fx  music_helper on session 185
05-06 14:25:09.776  1842  1917 I [OAR] VrShellDesktopBase: Foreground desktop
05-06 14:25:09.776  1842  1917 I [OAR] SystemUXController: Recentering for launch - SystemDialog, com.YourCompany.ToysGame, com.YourCompany.ToysGame/com.epicgames.ue4.GameActivity
05-06 14:25:09.776  1842  1917 I [OAR] LocalSpace: ResetNextFrame
05-06 14:25:09.777  1842  4501 D VrApi   : targetSDKVersion 27
05-06 14:25:09.780  1842  4501 I JniUtils: ovr_GetCurrentPackageSignature 
05-06 14:25:09.780  3019  3019 D [OAR] AnytimeUIBroadcastReceiver: action: com.oculus.vrshell.intent.action.UPDATE_APP_SCREENSHOT
05-06 14:25:09.781  3019  3019 D [OAR] HomeDialog: screenshot update package: com.YourCompany.ToysGame size: 38758
05-06 14:25:09.784  2161  2225 I GuardianSystem: rsapi_PollEvent: rsEventPackageNameChange: com.oculus.vrshell
05-06 14:25:09.784  1842  4501 I Metrics : device name = Oculus Quest
05-06 14:25:09.784  2150  2334 I ClientMgr: DEADRECKONING deadReckoning mode on ClientMgr from server is 0
05-06 14:25:09.784  2161  2225 I GuardianSystem: SetCurrentPackageName: com.oculus.vrshell, previous PackageName: com.YourCompany.ToysGame
05-06 14:25:09.786  2119  2229 I LibraryProvider: running queryApp(com.YourCompany.ToysGame) for com.oculus.uid:10043
05-06 14:25:09.786  2119  2229 W LibraryProvider: Cannot find entitlement for com.YourCompany.ToysGame
05-06 14:25:09.786  1789  1789 W OVRLibrary: null cursor received for query content://com.oculus.ocms.library/apps/com.YourCompany.ToysGame
05-06 14:25:09.786  2150  3955 W TimeWarp: WarpToScreen: No completed frames to display for client 0. submittedFrameIndex = 9230
05-06 14:25:09.789  1842  4502 I [OAR] AudioEngine: PlayTimeOffset = 639.339175
05-06 14:25:09.789  1842  1917 D [OAR] ShellApplication: Broadcast intent com.oculus.assistant.ASSISTANT_PANEL_AVAILABILITY status: 2, mode: 1
05-06 14:25:09.794  1842  1917 D [OAR] ShellApplication: Broadcast intent com.oculus.assistant.ASSISTANT_PANEL_AVAILABILITY status: 1, mode: 1
05-06 14:25:09.794  1842  1917 I [OAR] InputManager: Adding controller deviceId = 536870914 type = 4
05-06 14:25:09.799  2119  2224 E Security-LocalReporter: UID '10043' is shared by multiple packages: [com.oculus.home, com.oculus.horizon]
05-06 14:25:09.799  1842  1917 I [OAR] ModelFile: LoadModelFileFromMemory .gltf.ovrscene 694993
05-06 14:25:09.799  1842  1917 I [OAR] ModelFile: LoadModelFileFromMemory zfp = 0xb3229400
05-06 14:25:09.800  2150  3955 W TimeWarp: WarpToScreen: No completed frames to display for client 0. submittedFrameIndex = 9230
05-06 14:25:09.810  2119  2224 I LibraryProvider: running queryApp(com.YourCompany.ToysGame) for com.oculus.uid:10043
05-06 14:25:09.810  2119  2224 W LibraryProvider: Cannot find entitlement for com.YourCompany.ToysGame
05-06 14:25:09.810  1789  1789 W OVRLibrary: null cursor received for query content://com.oculus.ocms.library/apps/com.YourCompany.ToysGame
05-06 14:25:09.811  1789  1789 I PlatformPluginManager: onAppStart com.YourCompany.ToysGame false
05-06 14:25:09.811  1789  1789 I PlatformPluginManager: onAppStart - Stopping party chat passthrough
05-06 14:25:09.811  1789  1789 I PlatformPlugin: [PlatformPluginManager] SetSystemVoipPassthrough 0
05-06 14:25:09.811  1789  1789 I OVRPlatform: [PartyChatWebRTC] PartyChatSetPassthrough 0
05-06 14:25:09.811  1789  3894 I OVRPlatform: [PartyChatWebRTC] Updating playback mode to 1
05-06 14:25:09.811  1789  1789 I OVRPlatform: [PartiesAPI] ovr_Party_PluginGetSharedMemHandle: This function is deprecated, do not use
05-06 14:25:09.813  1789  1789 E OVRMediaServiceManager: LivestreamingManager Not initialized
05-06 14:25:09.813  1789  1789 I OVRMediaService: onStartCommand Received message type: set_package_name, caller package: no_app_identity
05-06 14:25:09.814  1789  1789 I OVRMediaService: Got package name intent (com.oculus.vrshell)
05-06 14:25:09.814  2150  3955 W TimeWarp: WarpToScreen: No completed frames to display for client 0. submittedFrameIndex = 9230
05-06 14:25:09.817  1842  1917 I [OAR] ModelFile_glTF: LoadModelFile_glTF_Json parsing .gltf.ovrscene
05-06 14:25:09.820  1842  1917 I [OAR] InputManager: Adding controller deviceId = 536870915 type = 4
05-06 14:25:09.824  1842  1917 I [OAR] ModelFile: LoadModelFileFromMemory .gltf.ovrscene 695274
05-06 14:25:09.824  1842  1917 I [OAR] ModelFile: LoadModelFileFromMemory zfp = 0xb3241e00
05-06 14:25:09.828  2150  3955 W TimeWarp: WarpToScreen: No completed frames to display for client 0. submittedFrameIndex = 9230
05-06 14:25:09.829  2119  2343 E Security-LocalReporter: UID '10043' is shared by multiple packages: [com.oculus.home, com.oculus.horizon]
05-06 14:25:09.838  2119  2343 I LibraryProvider: running queryApp(com.oculus.vrshell) for com.oculus.uid:10043
05-06 14:25:09.838  2119  2343 W LibraryProvider: Cannot find entitlement for com.oculus.vrshell
05-06 14:25:09.839  1789  1789 W OVRLibrary: null cursor received for query content://com.oculus.ocms.library/apps/com.oculus.vrshell
05-06 14:25:09.839  1789  1789 I PlatformPluginManager: onAppStart com.oculus.vrshell false
05-06 14:25:09.840  1789  1789 I OVRPlatform: [PartiesAPI] ovr_Party_PluginGetSharedMemHandle: This function is deprecated, do not use
05-06 14:25:09.841  1789  1789 E OVRMediaServiceManager: LivestreamingManager Not initialized
05-06 14:25:09.842  2150  3955 W TimeWarp: WarpToScreen: No completed frames to display for client 0. submittedFrameIndex = 9230
05-06 14:25:09.842  1842  1917 I [OAR] ModelFile_glTF: LoadModelFile_glTF_Json parsing .gltf.ovrscene
05-06 14:25:09.845  1842  1917 I [OAR] InputManager: Switching Primary controller due to vrapi
05-06 14:25:09.845  1842  1917 I [OAR] InputManager: Secondary input source selection id=536870914
05-06 14:25:09.845  2161  2212 I GuardianSystem: Guardian: GuardianCmdWithParms 1, 0, 0.000000
05-06 14:25:09.846  1842  1917 I [OAR] RouteInput: New inputState.cursorTraceSource: 1
05-06 14:25:09.846  1842  1917 I [OAR] LocalSpace: Reset - initialRawFromLocalPose
05-06 14:25:09.846  1842  1917 I [OAR] LocalSpace: 	rotX: -0.023045
05-06 14:25:09.846  1842  1917 I [OAR] LocalSpace: 	rotY: 0.034491
05-06 14:25:09.846  1842  1917 I [OAR] LocalSpace: 	rotZ: -0.021839
05-06 14:25:09.846  1842  1917 I [OAR] LocalSpace: 	rotW: 0.998901
05-06 14:25:09.846  1842  1917 I [OAR] LocalSpace: 	traX: -0.035694
05-06 14:25:09.846  1842  1917 I [OAR] LocalSpace: 	traY: -0.016698
05-06 14:25:09.846  1842  1917 I [OAR] LocalSpace: 	traZ: 0.067662
05-06 14:25:09.846  1842  1917 I [OAR] LocalSpace: Applying VRAPI Reorient
05-06 14:25:09.846  1842  1917 I [OAR] LocalSpace: Recentering local space
05-06 14:25:09.846  2150  2455 I VrRuntimeServer: UpdateLocalSpace: Src: 2, Version: 11, VersionUser: 0, RawFloorHeightOld: -1.242255, RawFloorHeightNew: -1.242255
05-06 14:25:09.846  1842  1917 I [OAR] LocalSpace: currentLocalPose
05-06 14:25:09.846  1842  1917 I [OAR] LocalSpace: 	rotX: 0.024312
05-06 14:25:09.846  1842  1917 I [OAR] LocalSpace: 	rotY: 0.000026
05-06 14:25:09.846  1842  1917 I [OAR] LocalSpace: 	rotZ: -0.001054
05-06 14:25:09.846  1842  1917 I [OAR] LocalSpace: 	rotW: 0.999704
05-06 14:25:09.846  1842  1917 I [OAR] LocalSpace: 	traX: 0.000000
05-06 14:25:09.846  1842  1917 I [OAR] LocalSpace: 	traY: 1.234776
05-06 14:25:09.846  1842  1917 I [OAR] LocalSpace: 	traZ: 0.000000
05-06 14:25:09.846  1842  1917 I [OAR] LocalSpace: localPose
05-06 14:25:09.846  1842  1917 I [OAR] LocalSpace: 	rotX: -0.022267
05-06 14:25:09.846  1842  1917 I [OAR] LocalSpace: 	rotY: -0.000504
05-06 14:25:09.846  1842  1917 I [OAR] LocalSpace: 	rotZ: -0.022633
05-06 14:25:09.846  1842  1917 I [OAR] LocalSpace: 	rotW: 0.999496
05-06 14:25:09.846  1842  1917 I [OAR] LocalSpace: 	traX: 0.000000
05-06 14:25:09.846  1842  1917 I [OAR] LocalSpace: 	traY: 1.225557
05-06 14:25:09.846  1842  1917 I [OAR] LocalSpace: 	traZ: 0.000000
05-06 14:25:09.847  1842  1917 I [OAR] DialogControllerManager: ShowDialog
05-06 14:25:09.847  1842  1917 I [OAR] DialogControllerManager: Previous pending dialog: type: 0, uri "systemux://dialog/none", return component: "", return activity component: ""
05-06 14:25:09.848  1842  1917 I [OAR] DialogControllerManager: New pending dialog: type: 10, uri "systemux://dialog/exit", return component: "com.YourCompany.ToysGame", return activity component: "com.YourCompany.ToysGame/com.epicgames.ue4.GameActivity"
05-06 14:25:09.848  1842  1917 I [OAR] DialogControllerManager: Dialog change detected; updating dialog UI.
05-06 14:25:09.848  1842  1917 I [OAR] DialogControllerManager: Old dialog: type: 0, uri "systemux://dialog/none", return component: "", return activity component: ""
05-06 14:25:09.848  1842  1917 I [OAR] DialogControllerManager: New dialog: type: 10, uri "systemux://dialog/exit", return component: "com.YourCompany.ToysGame", return activity component: "com.YourCompany.ToysGame/com.epicgames.ue4.GameActivity"
05-06 14:25:09.848  1842  1917 I [OAR] CommonSystemDialog: Unable to find common dialog for systemux route "EXIT_TO_HOME(systemux://dialog/exit)".
05-06 14:25:09.848  1842  1917 I [OAR] SystemDialogDefinition: Unable to find system dialog definition for dialog URI "systemux://dialog/exit".
05-06 14:25:09.848  1842  1917 I [OAR] SystemDialogController: HideVrShellDialog
05-06 14:25:09.848  1842  1917 I [OAR] DialogController: SetPendingDialog old: 0 systemux://dialog/none   new: 10 systemux://dialog/exit com.YourCompany.ToysGame/com.epicgames.ue4.GameActivity
05-06 14:25:09.849  1842  1917 I [OAR] SystemUXController: No known System UX Route for Navigation Route: com.oculus.systemux/com.oculus.panelapp.anytimeui.AnytimeUIAndroidPanelService
05-06 14:25:09.849  1842  1917 I [OAR] PlatformManager: Checking livestreaming allowed for:  com.YourCompany.ToysGame
05-06 14:25:09.849  1842  1917 I [OAR] DialogController: Launching pending dialog: systemux://dialog/exit
05-06 14:25:09.849  1842  1917 I [OAR] DialogController: showDialog systemux://dialog/exit systemux://dialog/exit com.YourCompany.ToysGame
05-06 14:25:09.849  1842  1917 I [OAR] EnvironmentReconciler: Audio state is invalid, but headset is mounted. Marking all state as changed to trigger update
05-06 14:25:09.850  1842  2378 I OVRPlatform: [CurlHttpClient] Executing HTTP request: https://graph.oculus.com//v1.20/me?fields=current_party{id,leader{id},join_policy,users{id,alias,can_viewer_message,display_name,profile_url,profile_url_small,presence,presence_status,presence_app{id,package_name},presence_deeplink_joinable,presence_deeplink_message,presence_destination_api_name,presence_scoped_user_id,avatar_v2{avatar_image{uri}}},invited_users{id,alias,can_viewer_message,display_name,profile_url,profile_url_small,presence,presence_status,presence_app{id,package_name},avatar_v2{avatar_image{uri}}}}&app_version=210946745
05-06 14:25:09.850  2161  2225 I GuardianSystem: UpdateSystem: Responding to local space version number change.
05-06 14:25:09.851  1842  1917 I [OAR] PanelAppAnalytics: Panel render last: 108756ms avg: 11932ms for com.oculus.systemux/com.oculus.panelapp.anytimeui.AnytimeUIAndroidPanelService
05-06 14:25:09.852  3019  3019 I [OAR] AnytimeUIAndroidPanelApp: updateActiveComponent - com.oculus.systemux/com.oculus.panelapp.anytimeui.AnytimeUIAndroidPanelService, returnComponent = com.YourCompany.ToysGame
05-06 14:25:09.852  3019  3019 I [OAR] AnytimeUIAndroidPanelAppBase: updateLiveStreamStatus - isLiveStreaming=false, allowed=false
05-06 14:25:09.852  3019  3019 I [OAR] AnytimeUIAndroidPanelAppBase: configureDialog:  systemux://dialog/exit [systemux://dialog/exit] (com.YourCompany.ToysGame)
05-06 14:25:09.852  1499  2000 I UploadManager: Scheduling jobbId 2131165248 within interval (0, 1800000)
05-06 14:25:09.852  3019  3019 I [OAR] AnytimeUIAndroidPanelAppBase: actionSetRoute - Route:  EXIT_TO_HOME(systemux://dialog/exit)
05-06 14:25:09.853  3019  3019 D [OAR] TaskBarViewV1: NUX Mode = false
05-06 14:25:09.853  3019  3019 D [OAR] TaskBarViewV1: Skipping NUX Mode for Quest
05-06 14:25:09.853  3019  3019 I AndroidPanelApp: Calling ensurePanelLayer on layer "dialog" with view ID 2131296310
05-06 14:25:09.853  3019  3019 I AndroidPanelLayer: Setting spec for layer "dialog"
05-06 14:25:09.853   545  1181 D audio_hw_primary: adev_open_input_stream: enter: sample_rate(48000) channel_mask(0x10) devices(0x80000004)        stream_handle(0xee4ca140) io_handle(94) source(1) format 1
05-06 14:25:09.853  3019  3019 I AndroidPanelLayer: Setting size of layer "dialog" to have width 540 and height 300
05-06 14:25:09.853  3019  3019 D [OAR] AnytimeUIAndroidPanelApp: Inflating view for layer: dialog, viewIdentifier = 2131296310
05-06 14:25:09.853  3019  3019 D [OAR] HomeDialog: Home Dialog constructed
05-06 14:25:09.856  2150  3955 W TimeWarp: WarpToScreen: No completed frames to display for client 0. submittedFrameIndex = 9230
05-06 14:25:09.859   545  4506 I AudioFlinger: AudioFlinger's thread 0xebd837c0 ready to run
05-06 14:25:09.859   545  4506 D audio_hw_primary: in_standby: enter: stream (0xee4ca140) usecase(16: audio-record)
05-06 14:25:09.860   545  4506 D audio_hw_primary: in_standby: enter: stream (0xee4ca140) usecase(16: audio-record)
05-06 14:25:09.863   691   691 D GatekeeperNativeService: Using value 0 for gk oculus_bugreporter_v2_enabled, user=0
05-06 14:25:09.863  3019  3019 I [OAR] BugReporterUtils: Setting up bug reporter on button; using None
05-06 14:25:09.863  3019  3019 I [OAR] HomeDialog: Setting target package to com.YourCompany.ToysGame
05-06 14:25:09.867   545   545 W AudioFlinger::EffectModule: EffectModule 0xee4ba900 destructor called with unreleased interface
05-06 14:25:09.867   545   545 W AudioFlinger::EffectHandle: disconnect Effect handle 0xee4b98c0 disconnected after thread destruction
05-06 14:25:09.870  2150  3955 W TimeWarp: WarpToScreen: No completed frames to display for client 0. submittedFrameIndex = 9230
05-06 14:25:09.875   545   545 D audio_hw_primary: adev_close_input_stream: enter:stream_handle(0xee4ca140)
05-06 14:25:09.875   545   545 D audio_hw_primary: in_standby: enter: stream (0xee4ca140) usecase(16: audio-record)
05-06 14:25:09.883  2119  2146 E Security-LocalReporter: UID '10043' is shared by multiple packages: [com.oculus.home, com.oculus.horizon]
05-06 14:25:09.884  2150  3955 W TimeWarp: WarpToScreen: No completed frames to display for client 0. submittedFrameIndex = 9230
05-06 14:25:09.884  1842  1917 I OVRPlatform: [AndroidPlatformIntegration] Creating shared mic
05-06 14:25:09.885  1842  1917 I [OAR] TelemetryProvider: aui_reorient system 0 0 0 com.YourCompany.ToysGame
05-06 14:25:09.886  1842  4508 I VrRuntimeClient: FenceChecker::MainLoop - started
05-06 14:25:09.893  2150  3955 I Clocks  : SetSchedFifo( tid=1917, pri=1 ) succeeded
05-06 14:25:09.894  2150  3955 I Clocks  : SetSchedFifo( tid=4508, pri=1 ) succeeded
05-06 14:25:09.895  2150  3955 I Clocks  : SetSchedFifo( tid=2365, pri=1 ) succeeded
05-06 14:25:09.895  2150  3955 I TimeWarp: UpdateClockLevels: Apply pending clock request change: 2,4 -> 4,4
05-06 14:25:09.895  2150  3949 I Clocks  : ReleaseClocks - start
05-06 14:25:09.895  2150  2334 I VrRuntimeServer: SetCompositorClientEnabled client(2): enabled(0) 0x0
05-06 14:25:09.896   713   807 D         : CPU_CLUSTER_0: No client requests exists, release clocks
05-06 14:25:09.896   713   807 D         : CPU_CLUSTER_1: No client requests exists, release clocks
05-06 14:25:09.896   713   807 D         : GPU: No client requests exists, release clocks
05-06 14:25:09.897   713   807 D         : CPUBW: No client requests exists, release clocks
05-06 14:25:09.905  2150  3949 I Clocks  : ReleaseClocks - end (9.9 ms)
05-06 14:25:09.906  2150  3949 I Clocks  : LockClocks( cpu=4, gpu=4 ) - start
05-06 14:25:09.907  2150  3949 I Clocks  : CPU levels [0, 4]
05-06 14:25:09.907  2150  3949 I Clocks  : GPU levels [0, 5]
05-06 14:25:09.908   713  2968 D         : CPU_CLUSTER_0: Client 2150 sends freq request [21, 21]
05-06 14:25:09.908   713  2968 D         : CPU_CLUSTER_0: Next Perf Level = (21, 21)
05-06 14:25:09.908   713  2968 D         : CPU_CLUSTER_1: Client 2150 sends freq request [26, 26]
05-06 14:25:09.908   713  2968 D         : CPU_CLUSTER_1: Next Perf Level = (26, 26)
05-06 14:25:09.908   713  2968 D         : CPUBW: Client 2150 sends freq request [8, 11]
05-06 14:25:09.908   713  2968 D         : CPUBW: Next Perf Level = (8, 11)
05-06 14:25:09.908  2119  2342 I LibraryProvider: running queryApp(com.YourCompany.ToysGame) for com.oculus.systemux
05-06 14:25:09.908  2119  2342 W LibraryProvider: Cannot find entitlement for com.YourCompany.ToysGame
05-06 14:25:09.909   713  2968 D         : GPU: Client 2150 sends freq request [6, 6]
05-06 14:25:09.909  3019  3019 W OVRLibrary: null cursor received for query content://com.oculus.ocms.library/apps/com.YourCompany.ToysGame
05-06 14:25:09.909   713  2968 D         : GPU: Next Perf Level = (6, 6)
05-06 14:25:09.909  2150  3949 I Clocks  : LockClocks( cpu=4, gpu=4 ) - end (3.5 ms)
05-06 14:25:09.911  1789  1923 I OVRPlatform: [MicrophoneServer] Starting mic server with client 0xb2f8b810
05-06 14:25:09.911  1789  1923 D OVRPlatform-OVRMicrophone: start - current state Initialized
05-06 14:25:09.914  2119  2146 I LibraryProvider: running queryApp(com.YourCompany.ToysGame) for com.oculus.uid:10043
05-06 14:25:09.914  2119  2146 W LibraryProvider: Cannot find entitlement for com.YourCompany.ToysGame
05-06 14:25:09.914  1789  1921 W OVRLibrary: null cursor received for query content://com.oculus.ocms.library/apps/com.YourCompany.ToysGame
05-06 14:25:09.915  1842  2414 I OVRPlatform: [QueueAsyncResponseHandler] success: {"streaming_enabled":false}
05-06 14:25:09.917  1789  1789 I PlatformPluginManager: enforcePartyChatStateConsistency - got current party response: Party is null
05-06 14:25:09.917  1789  1789 I PlatformPluginManager: enforcePartyChatStateConsistency - User not in a party.
05-06 14:25:09.917  1789  1789 I PlatformPluginManager: stopPartyChat
05-06 14:25:09.918  1789  1923 I OVRPlatform-OVRMicrophone: AcousticEchoCanceler available
05-06 14:25:09.918  2161  2225 I GuardianSystem: rsapi_PollEvent: rsEventForceShowGuardian. ForceIndefinitely: 0, ForceTimeInSeconds: 0.00, ForceCamera: 0
05-06 14:25:09.918  2161  2225 I GuardianSystem: ForceShowGuardian: false, 0.00
05-06 14:25:09.920  1789  1923 I OVRPlatform-OVRMicrophone: AcousticEchoCanceler created, enabling
05-06 14:25:09.920  1789  1923 I OVRPlatform-OVRMicrophone: AcousticEchoCanceler enable: 0
05-06 14:25:09.922  3019  3019 I AndroidPanelApp: measureLayerView with initial width 540, initial height 300, resize behavior NONE.
05-06 14:25:09.922  3019  3019 I AndroidPanelApp: Measured width 540 and height 300.
05-06 14:25:09.922  3019  3019 I AndroidPanelLayer: Setting size of layer "dialog" to have width 540 and height 300
05-06 14:25:09.922  1789  1923 I OVRPlatform-OVRMicrophone: NoiseSuppressor available
05-06 14:25:09.923  3019  3019 I AndroidPanelApp: layerTransform: Showing panel layer "dialog" in VrShell with width 540, height 300, position( 0.000000 , 0.000000 ), rotation (0.000000 , 0.000000 , 0.000000 )  hit-testable true, shape 2, and system-positioned true. Density: 4680.000000. Supersampled: false 
05-06 14:25:09.923  1789  1923 I OVRPlatform-OVRMicrophone: NoiseSuppressor created, enabling
05-06 14:25:09.923  1789  1923 I OVRPlatform-OVRMicrophone: NoiseSuppressor enable: 0
05-06 14:25:09.924   545   599 I SoundTriggerHwService::Module: void android::SoundTriggerHwService::Module::onCallbackEvent(const sp<android::SoundTriggerHwService::CallbackEvent> &) no clients
05-06 14:25:09.925   545  4038 D audio_hw_primary: in_set_parameters: enter: kvpairs=input_source=1;routing=-2147483644
05-06 14:25:09.925   545  4038 D audio_hw_primary: start_input_stream: enter: stream(0xee4ca640)usecase(16: audio-record)
05-06 14:25:09.925   545  4038 E audio_hw_extn: audio_extn_perf_lock_acquire: Incorrect params, Failed to acquire perf lock, err 
05-06 14:25:09.925   545  4038 D audio_hw_primary: select_devices for use case (audio-record)
05-06 14:25:09.925   545  4038 D audio_hw_primary: select_devices: out_snd_device(0: ) in_snd_device(62: handset-mic-aec)
05-06 14:25:09.925   545  4038 I msm8974_platform: platform_check_and_set_capture_codec_backend_cfg:txbecf: afe: bitwidth 16, samplerate 48000, channel 1, backend_idx 7 usecase = 16 device (handset-mic-aec)
05-06 14:25:09.925   545  4038 I msm8974_platform: platform_check_capture_codec_backend_cfg:txbecf: afe: Codec selected backend: 7 current bit width: 16 and sample rate: 48000, channels 1
05-06 14:25:09.925   545  4038 W msm8974_platform: platform_get_backend_index:napb: Invalid device - 0 
05-06 14:25:09.925   545  4038 I msm8974_platform: platform_check_capture_codec_backend_cfg:txbecf: afe: Codec selected backend: 7 updated bit width: 16 and sample rate: 48000
05-06 14:25:09.925   545  4038 D audio_hw_primary: check_usecases_capture_codec_backend:becf: force routing 0
05-06 14:25:09.925   545  4038 D hardware_info: hw_info_append_hw_type : device_name = handset-mic-aec
05-06 14:25:09.925   545  4038 D msm8974_platform: platform_split_snd_device: snd_device(62) new_snd_devices (handset-mic-aec)
05-06 14:25:09.925   545  4038 D audio_hw_primary: enable_snd_device: snd_device(62: handset-mic-aec)
05-06 14:25:09.927  1842  1917 I [OAR] PlatformManager: isLiveStreamingAllowed response:  0
05-06 14:25:09.929  1789  1923 I OVRPlatform-OVRMicrophone: start - recorder.startRecording 1.760313ms
05-06 14:25:09.929  1842  2376 I OVRPlatform: [HttpRequest] Request `me?fields=current_party{id,leader{id},join_policy,users{id,alias,can_viewer_message,display_name,profile_url,profile_url_small,presence,presence_status,presence_app{id,package_name},presence_deeplink_joinable,presence_deeplink_message,presence_destination_api_name,presence_scoped_user_id,avatar_v2{avatar_image{uri}}},invited_users{id,alias,can_viewer_message,display_name,profile_url,profile_url_small,presence,presence_status,presence_app{id,package_name},avatar_v2{avatar_image{uri}}}}' (id: 701) succeeded: {"id":"102449717587751"}
05-06 14:25:09.929  1842  2376 I OVRPlatform: [RequestStopwatch] HttpRequestAsync (me?fields=current_party{id,leader{id},join_policy,users{id,alias,can_viewer_message,display_name,profile_url,profile_url_small,presence,presence_status,presence_app{id,package_name},presence_deeplink_joinable,presence_deeplink_message,presence_destination_api_name,presence_scoped_user_id,avatar_v2{avatar_image{uri}}},invited_users{id,alias,can_viewer_message,display_name,profile_url,profile_url_small,presence,presence_status,presence_app{id,package_name},avatar_v2{avatar_image{uri}}}}) took 80.1580 milliseconds
05-06 14:25:09.931  1789  1923 I OVRPlatform-OVRMicrophone: start - AudioThread startup 1.017344ms
05-06 14:25:09.931  1789  1923 D OVRPlatform-OVRMicrophone: State changed to Recording
05-06 14:25:09.931  1789  1923 I OVRPlatform: [MicrophoneServer] Adding connection 0xb2f8b810, has local client: no
05-06 14:25:09.931  1789  1923 I OVRPlatform: [PCMTransfer] Created socket pair, sender: 85, receiver: 86
05-06 14:25:09.931  1789  1789 I PlatformPlugin: [PlatformPluginManager] Stopping party chat
05-06 14:25:09.931  1789  1789 I OVRPlatform: [PartyChatInterchangeable] StopPartyChat
05-06 14:25:09.935  3019  3019 I AndroidPanelApp: Processing pending show layer info for layer dialog with width 540 and height 300.
05-06 14:25:09.936  3019  3019 I AndroidPanelApp: layerSupersample no changes
05-06 14:25:09.939   545  4038 D audio_hw_utils: audio_extn_utils_send_app_type_cfg: usecase->in_snd_device handset-mic-aec
05-06 14:25:09.939   545  4038 D msm8974_platform: platform_split_snd_device: snd_device(62) new_snd_devices (handset-mic-aec)
05-06 14:25:09.940   545  4038 I audio_hw_utils: send_app_type_cfg_for_device CAPTURE app_type 69938, acdb_dev_id 106, sample_rate 48000, snd_device_be_idx 3
05-06 14:25:09.940  1842  1917 I [OAR] PanelAppHost: Resize layer dialog to size 540 x 300 shape:2 stereo:0
05-06 14:25:09.941  1842  1917 I [OAR] PanelRenderLayer: ResetSurface 540 x 300 - shape:2 stereo:0
05-06 14:25:09.941   545  4038 D msm8974_platform: platform_split_snd_device: snd_device(62) new_snd_devices (handset-mic-aec)
05-06 14:25:09.941   545  4038 D ACDB-LOADER: ACDB -> send_audio_cal, acdb_id = 106, path = 1, app id = 0x11132, sample rate = 48000
05-06 14:25:09.941   545  4038 D ACDB-LOADER: ACDB -> send_asm_topology
05-06 14:25:09.941  1842  1917 I [OAR] PartyManager: Party Response Parse Time: 0.046563ms
05-06 14:25:09.941   545  4038 D ACDB-LOADER: ACDB -> ACDB_CMD_GET_AUDPROC_STREAM_TOPOLOGY_ID
05-06 14:25:09.941   545  4038 D ACDB-LOADER: ACDB -> send_adm_topology
05-06 14:25:09.941   545  4038 D ACDB-LOADER: ACDB -> ACDB_CMD_GET_AUDPROC_COMMON_TOPOLOGY_ID
05-06 14:25:09.941   545  4038 D ACDB-LOADER: ACDB -> send_audtable
05-06 14:25:09.941   545  4038 D ACDB-LOADER: ACDB -> ACDB_CMD_GET_AUDPROC_COMMON_TABLE_SIZE
05-06 14:25:09.941   545  4038 D ACDB-LOADER: ACDB -> ACDB_CMD_GET_AUDPROC_COMMON_TABLE
05-06 14:25:09.941   545  4038 D ACDB-LOADER: ACDB -> AUDIO_SET_AUDPROC_CAL
05-06 14:25:09.941   545  4038 D ACDB-LOADER: ACDB -> send_audvoltable
05-06 14:25:09.941   545  4038 D ACDB-LOADER: ACDB -> ACDB_CMD_GET_AUDPROC_GAIN_DEP_STEP_TABLE, vol index 0
05-06 14:25:09.941   545  4038 D         : Failed to fetch the lookup information of the device 0000006A 
05-06 14:25:09.941   545  4038 E ACDB-LOADER: Error: ACDB AudProc vol returned = -19
05-06 14:25:09.941   545  4038 D ACDB-LOADER: ACDB -> AUDIO_SET_VOL_CAL cal type = 12
05-06 14:25:09.941   545  4038 D ACDB-LOADER: ACDB -> send_audstrmtable
05-06 14:25:09.941   545  4038 D ACDB-LOADER: ACDB -> ACDB_CMD_GET_AUDPROC_STREAM_TABLE_V2
05-06 14:25:09.941   545  4038 D ACDB-LOADER: ACDB -> audstrm_cal->cal_type.cal_data.cal_size = 16
05-06 14:25:09.941   545  4038 D ACDB-LOADER: ACDB -> send_afe_topology
05-06 14:25:09.941   545  4038 D ACDB-LOADER: ACDB -> ACDB_CMD_GET_AFE_TOPOLOGY_ID
05-06 14:25:09.942   545  4038 D ACDB-LOADER: ACDB -> GET_AFE_TOPOLOGY_ID for adcd_id 106, Topology Id 112fb
05-06 14:25:09.942   545  4038 D ACDB-LOADER: ACDB -> send_afe_cal
05-06 14:25:09.942   545  4038 D ACDB-LOADER: ACDB -> ACDB_CMD_GET_AFE_COMMON_TABLE
05-06 14:25:09.942   545  4038 D         : Failed to fetch the lookup information of the device 0000006A 
05-06 14:25:09.942   545  4038 E ACDB-LOADER: Error: ACDB AFE returned = -19
05-06 14:25:09.942   545  4038 D ACDB-LOADER: ACDB -> AUDIO_SET_AFE_CAL
05-06 14:25:09.942   545  4038 D ACDB-LOADER: ACDB -> send_hw_delay : acdb_id = 106 path = 1
05-06 14:25:09.942   545  4038 D ACDB-LOADER: ACDB -> ACDB_AVSYNC_INFO: ACDB_CMD_GET_DEVICE_PROPERTY
05-06 14:25:09.942   545  4038 D audio_hw_primary: enable_audio_route: apply mixer and update path: audio-record
05-06 14:25:09.949  3019  3019 I AndroidPanelApp: Processing next frame action "layerShow" for layer "dialog"
05-06 14:25:09.949  3019  3019 I AndroidPanelApp: nextFrameAction(layerShow, dialog)
05-06 14:25:09.949  3019  3019 I AndroidPanelApp: layerShow acknowledged for dialog
05-06 14:25:09.949  3019  3019 I AndroidPanelApp: tryShowLayer(dialog)
05-06 14:25:09.949  3019  3019 I AndroidPanelLayer: Showing layer dialog
05-06 14:25:09.950   545  4038 D audio_hw_primary: select_devices: done
05-06 14:25:09.950  3019  3019 I AndroidPanelLayer: Unhiding layer dialog
05-06 14:25:09.956  1789  1789 I PlatformPluginManager: enforcePartyChatStateConsistency - got current party response: Party is null
05-06 14:25:09.956  1789  1789 I PlatformPluginManager: enforcePartyChatStateConsistency - User not in a party.
05-06 14:25:09.956  1789  1789 I PlatformPluginManager: stopPartyChat
05-06 14:25:09.956  1789  1789 I PlatformPlugin: [PlatformPluginManager] Stopping party chat
05-06 14:25:09.956  1789  1789 I OVRPlatform: [PartyChatInterchangeable] StopPartyChat
05-06 14:25:09.960  3019  3019 I AndroidPanelApp: measureLayerView with initial width 540, initial height 300, resize behavior NONE.
05-06 14:25:09.960  3019  3019 I AndroidPanelApp: Measured width 540 and height 300.
05-06 14:25:09.961  3019  3019 I AndroidPanelApp: Layout change has caused layer "dialog" to be resized from -1 X -1 to 540 X 300
05-06 14:25:09.961  3019  3019 I AndroidPanelLayer: Setting size of layer "dialog" to have width 540 and height 300
05-06 14:25:09.961  3019  3019 I AndroidPanelApp: layerTransform: Showing panel layer "dialog" in VrShell with width 540, height 300, position( 0.000000 , 0.000000 ), rotation (0.000000 , 0.000000 , 0.000000 )  hit-testable true, shape 2, and system-positioned true. Density: 4680.000000. Supersampled: false 
05-06 14:25:09.962   545  4038 E audio_hw_extn: audio_extn_perf_lock_release: Perf lock release error 
05-06 14:25:09.962   545  4038 D audio_hw_primary: start_input_stream: exit
05-06 14:25:09.962  3019  3019 I AndroidPanelApp: Processing next frame action "layerResize" for layer "dialog"
05-06 14:25:09.962  3019  3019 I AndroidPanelApp: nextFrameAction(layerResize, dialog)
05-06 14:25:09.962  3019  3019 I AndroidPanelApp: layerResize is waiting for next frame
05-06 14:25:09.963  3019  3019 I AndroidPanelApp: Processing pending show layer info for layer dialog with width 540 and height 300.
05-06 14:25:09.963  3019  3019 I AndroidPanelApp: layerSupersample no changes
05-06 14:25:09.963  3019  3019 I AndroidPanelApp: Turning on layer visibility for layer dialog.
05-06 14:25:09.963  3019  3019 D AndroidPanelApp: Queue: layerVisibility dialog 1
05-06 14:25:09.968  1842  1917 I [OAR] PanelAppHost: Resize layer dialog to size 540 x 300 shape:2 stereo:0
05-06 14:25:09.968  1842  1917 I [OAR] PanelRenderLayer: ResetSurface 540 x 300 - shape:2 stereo:0
05-06 14:25:09.970  3019  3019 I AndroidPanelApp: Processing next frame action "layerShow" for layer "dialog"
05-06 14:25:09.970  3019  3019 I AndroidPanelApp: nextFrameAction(layerShow, dialog)
05-06 14:25:09.970  3019  3019 I AndroidPanelApp: layerShow acknowledged for dialog
05-06 14:25:09.970  3019  3019 I AndroidPanelApp: tryShowLayer(dialog)
05-06 14:25:09.970  3019  3019 I AndroidPanelLayer: Showing layer dialog
05-06 14:25:09.971  3019  3019 I AndroidPanelLayer: Unhiding layer dialog
05-06 14:25:09.971  3019  3019 I AndroidPanelApp: Handling next frame raw command "layerVisibility dialog 1"
05-06 14:25:09.982  1842  1917 I [OAR] PanelAppHost: Setting panel layer visibility of layer "dialog" to visible
05-06 14:25:09.993  3019  3019 I AndroidPanelApp: Turning on layer visibility for layer dialog.
05-06 14:25:09.993  3019  3019 D AndroidPanelApp: Queue: layerVisibility dialog 1
05-06 14:25:10.000  3019  3019 I AndroidPanelApp: Handling next frame raw command "layerVisibility dialog 1"
05-06 14:25:10.010  1842  1917 I [OAR] PanelAppHost: Setting panel layer visibility of layer "dialog" to visible
05-06 14:25:10.354   709  3911 I [CT]    : L:Behavior:AtRest: activated
05-06 14:25:10.354   709  3911 I [CT]    : AdHocPatch: [Left] t = 142.057s, behavior transition: None -> AtRest at 142.105s
05-06 14:25:10.363  3739  4284 I VrApi   : FPS=72,Prd=45ms,Tear=0,Early=26,Stale=0,VSnc=1,Lat=1,Fov=0,CPU4/GPU=2/4,2304/670MHz,OC=FF,TA=0/3/3,SP=N/N/N,Mem=1804MHz,Free=1427MB,PSM=0,PLS=0,Temp=29.0C/0.0C,TW=1.31ms,App=9.74ms,GD=0.00ms,CPU&GPU=12.94ms,LCnt=1,GPU%=0.70,CPU%=0.24(W0.38),DSF=1.00
05-06 14:25:10.428   709  3911 I [CT]    : L:Behavior:AtRest: deactivated
05-06 14:25:10.428   709  3911 I [CT]    : AdHocPatch: [Left] t = 142.129s, behavior transition: AtRest -> None at 142.177s
05-06 14:25:10.577  3739  4286 D UE4     : *** JavaEnvDestructor: 4286
05-06 14:25:10.578  3739  4287 D UE4     : *** JavaEnvDestructor: 4287
05-06 14:25:10.579  3739  4285 D UE4     : *** JavaEnvDestructor: 4285
05-06 14:25:10.617   545   594 I AudioFlinger: BUFFER TIMEOUT: remove(4097) from active list on thread 0xee783d80
05-06 14:25:10.635   545   586 D msm8974_platform: platform_split_snd_device: snd_device(2) new_snd_devices (speaker)
05-06 14:25:10.635   545   586 D ACDB-LOADER: ACDB -> send_audvoltable
05-06 14:25:10.635   545   586 D ACDB-LOADER: ACDB -> ACDB_CMD_GET_AUDPROC_GAIN_DEP_STEP_TABLE, vol index 5
05-06 14:25:10.635   545   586 D         : Failed to fetch the lookup information of the device 0000000F 
05-06 14:25:10.635   545   586 E ACDB-LOADER: Error: ACDB AudProc vol returned = -19
05-06 14:25:10.635   545   586 D ACDB-LOADER: ACDB -> AUDIO_SET_VOL_CAL cal type = 40
05-06 14:25:10.635   545   586 W msm8974_platform: platform_send_gain_dep_cal: Usecase list is empty
05-06 14:25:10.662   709  3926 I [CT]    : HealthReport: ==================================================
05-06 14:25:10.662   709  3926 I [CT]    : Health Report
05-06 14:25:10.662   709  3926 I [CT]    : -------------
05-06 14:25:10.662   709  3926 I [CT]    : 
05-06 14:25:10.662   709  3926 I [CT]    : Reporter #1 (InsideOutHealthMonitor) summary:
05-06 14:25:10.662   709  3926 I [CT]    : Camera: Total Dropped: 0.000000, Total Frame Count: 3550 (0.000000%), Camera Reset Count: 0
05-06 14:25:10.662   709  3926 I [CT]    : Camera: Total Single Camera Frame Dropped: 0, Total Frame Count: 3550 (0.000000%)
05-06 14:25:10.662   709  3926 I [CT]    : IMU: Total Dropped: 0.000000, Total Sample Count: 142254 (0.000000%)
05-06 14:25:10.662   709  3926 I [CT]    : Magnetometer: Total Dropped: 0.000000, Total Sample Count: 4268 (0.000000%)
05-06 14:25:10.662   709  3926 I [CT]    : 
05-06 14:25:10.662   709  3926 I [CT]    : Reporter #1 (InsideOutHealthMonitor) Passed
05-06 14:25:10.662   709  3926 I [CT]    : --------------------------------------------------
05-06 14:25:10.662   709  3926 I [CT]    : Reporter #2 (ConstellationHealthMonitor) summary:
05-06 14:25:10.662   709  3926 I [CT]    : Camera: Total Dropped: 0.000000, Total Frame Count: 3551 (0.000000%), Camera Reset Count: 1
05-06 14:25:10.662   709  3926 I [CT]    : Camera: Total Single Camera Frame Dropped: 0, Total Frame Count: 3551 (0.000000%)
05-06 14:25:10.662   709  3926 I [CT]    : Controller 7745273921483883046:
05-06 14:25:10.662   709  3926 I [CT]    : IMU: Capture period exceeded threshold.  Largest period: 3.153328 sec
05-06 14:25:10.662   709  3926 I [CT]    : Controllers may have been sleeping
05-06 14:25:10.662   709  3926 I [CT]    : IMU: Total Dropped: 0.000000, Total Sample Count: 69608.335000 (0.000000%)
