05-06 12:47:57.692  1908  1908 I [OAR] VrNotificationListenerService: onNotificationPosted(): key = 0|com.oculus.notification_proxy|4098|null|1000, type = invalid
05-06 12:47:57.692  1908  1908 I [OAR] VrNotificationListenerService: onNotificationPosted(): user|package|tag|id = UserHandle{0}|com.oculus.notification_proxy|null|4098
05-06 12:47:57.694  1077  1077 W TelecomManager: Telecom Service not found.
05-06 12:47:57.704  1490  1490 D OculusNotificationListenerService: Notification removed: 0|com.oculus.notification_proxy|4098|null|1000
05-06 12:47:57.711  1490  1490 D OculusNotificationListenerService: Notification posted: 0|com.oculus.notification_proxy|4098|null|1000
05-06 12:47:57.733   707  5394 I SyncBossHAL: pulsar_manager.c(393): INFO: 6b7cbd98xxxxxxxx: Configuring IR LED to ontime = 19, period = 40000
05-06 12:47:57.735  1892  1892 D [OAR] ToastController: onReceiveNotificationToToast()
05-06 12:47:57.736  1892  1892 D [OAR] ToastLayerView: showNotification(4098, isSystem:true)
05-06 12:47:57.737   707  5403 D LibDevices: stateChangeNotifierFunc(): Reporting device change. New change token: 0
05-06 12:47:57.737   707  5394 I SyncBossHAL: pulsar_manager.c(296): INFO: Finished getting cache data for controller
05-06 12:47:57.737   707  5394 I SyncBossHAL:     id            : 6b7cbd98xxxxxxxx
05-06 12:47:57.737   707  5394 I SyncBossHAL:     pulsar_type   : 0x13011101
05-06 12:47:57.737   707  5394 I SyncBossHAL:     connection id : 0x1
05-06 12:47:57.737   707  5394 I SyncBossHAL:     fw ver        : 1.14.2
05-06 12:47:57.737   707  5394 I SyncBossHAL:     spl ver       : 1.13.0
05-06 12:47:57.737   707  5394 I SyncBossHAL:     serial        : 1PALCRDVF90133
05-06 12:47:57.737   707  5394 I SyncBossHAL:     handedness    : right
05-06 12:47:57.737   707  5394 I SyncBossHAL:     battery state : 100%
05-06 12:47:57.738  1908  1908 D VrNotificationAnalytics: logNotificationPosted(invalid)
05-06 12:47:57.741  1908  1908 D [OAR] VrBroadcastReceiver: action: com.oculus.vrshell.intent.action.NOTIFICATION_WAKE
05-06 12:47:57.742   707  5403 D LibDevices: Syncboss input 6b7cbd986a24c226 hardware type 2, subtype 2, revision 0x13
05-06 12:47:57.742   707  5403 D LibDevices: Syncboss input 3a76c3e46c301ef4 hardware type 2, subtype 1, revision 
05-06 12:47:57.742   707  5403 D LibDevices: stateChangeNotifierFunc(): Reporting controller info. Change token: 1
05-06 12:47:57.742   707  5403 I TrackingService: Registering primary controller 6b7cbd986a24c226 in slot 0
05-06 12:47:57.743   707  5403 I TrackingService: Notifying client pid 2119 of new primary remote 6b7cbd986a24c226
05-06 12:47:57.744  2119  2588 D TrackingServiceClient: TrackingServiceClient onRemoteConnected 6b7cbd986a24c226
05-06 12:47:57.744   707  5403 I TrackingService: Notifying client pid 2134 of new primary remote 6b7cbd986a24c226
05-06 12:47:57.745  2134  2212 D TrackingServiceClient: TrackingServiceClient onRemoteConnected 6b7cbd986a24c226
05-06 12:47:57.745   707  5403 I TrackingService: Notifying client pid 5294 of new primary remote 6b7cbd986a24c226
05-06 12:47:57.746  1077  1140 W EventHub: Unable to disable kernel key repeat for /dev/input/event3: Function not implemented
05-06 12:47:57.746  1077  1140 I EventHub: New device: id=12, fd=216, path='/dev/input/event3', name='Device 0x6B7CBD986A24C226', classes=0x2001, configuration='/system/usr/idc/Vendor_2833_Product_0160.idc', keyLayout='/system/usr/keylayout/oculus-device.kl', keyCharacterMap='/system/usr/keychars/oculus-device.kcm', builtinKeyboard=false, wakeMechanism=EPOLLWAKEUP, usingClockIoctl=true
05-06 12:47:57.747  5294  5340 D TrackingServiceClient: TrackingServiceClient onRemoteConnected 6b7cbd986a24c226
05-06 12:47:57.748   707  5403 I TrackingService: Notifying client pid 1826 of new primary remote 6b7cbd986a24c226
05-06 12:47:57.748  1826  3370 D TrackingServiceClient: TrackingServiceClient onRemoteConnected 6b7cbd986a24c226
05-06 12:47:57.748   707  5403 I [CT]    : VisionInterface: Requesting tracking engine to activate device 0x7745273921483883046lx.
05-06 12:47:57.748   707  5403 I [CT]    : VisionInterface: Device is not registered: ID 7745273921483883046
05-06 12:47:57.748   707  5403 I [CT]    : TRACKER:CONSTELLATION: Adding object with id 7745273921483883046
05-06 12:47:57.748   707  5403 I [CT]    : TRACKER:CONSTELLATION: Object serial 1PALCRDVF90133
05-06 12:47:57.748   707  5403 I [CT]    : CONSTELLATION:CONFIG: Found device of type: CONTROLLER_LCON_RIGHT
05-06 12:47:57.748   707  5403 I [CT]    : CONSTELLATION:CONFIG: Parsed device of type: LCON
05-06 12:47:57.748   707  5403 I [CT]    : CONSTELLATION:CONFIG: Clearing Constellation config file overrides
05-06 12:47:57.749   707  5403 W [CT]    : CONFIG: Config contains a key which is not used.
05-06 12:47:57.749   707  5403 W [CT]    : CONFIG: Config contains a key which is not used.
05-06 12:47:57.749   707  5403 I [CT]    : CONSTELLATION:CONFIG: Applied config file Constellation_LCON.conf
05-06 12:47:57.749   707  5403 I [CT]    : TRACKER:CONSTELLATION: Decoding calibration data...
05-06 12:47:57.749   707  5403 I [CT]    : CONSTELLATION:CALIBRATION_DECODER: Factory sensor calibration: {"gyro_m":[1.0004869625,0.002314981,0.009444856,0.0136711785,-0.0026250938,-0.9984086979,-0.0032313352,0.9970925544,-0.0077177091],"acc_b":[-0.2484078305,0.1251809208,-0.070945794],"build_bash":"568eaa2725999b69cdda6f2f1c252427dafe3ebf","TrackedObject":{"JsonVersion":3,"Lensing":{"Model0":[4,0.00225126,-0.00488171,0.00377238,-0.000125422]},"GyroCalibration":[1.00015576,0.02812056,-0.00738983,-0.00322602,0.00502668,-0.99845584,-0.02914694,0.99668941,0.00017482,0.02747879,-0.01852092,-0.01626987],"ImuPosition":[0.005585638,-0.007119839,0.019845198],"ModelPoints":{"Point12":[-0.03298076,0.00380156,0.00023713,-0.7051038,-0.6950803,0.14032818,85.0,80.0,0.0],"Point11":[-0.04220522,0.02276108,-0.00393994,-0.9435189,-0.10477919,-0.31431419,85.0,80.0,0.0],"Point14":[-0.02012238,-0.0041096,-0.01470661,-0.49720891,-0.70839529,-0.5009585,85.0,80.0,0.0],"Point13":[-0.0301521,0.00384233,-0.0130084,-0.67315478,-0.5810967,-0.45737213,85.0,80.0,0.0],"Point10":[-0
05-06 12:47:57.749  1892  1892 I AndroidPanelLayer: Unhiding layer toast
05-06 12:47:57.749  1892  1892 I AndroidPanelApp: layerTransform: Showing panel layer "toast" in VrShell with width 420, height 72, position( 0.000000 , 0.000000 ), rotation (0.000000 , 0.000000 , 0.000000 )  hit-testable true, shape 1, and system-positioned true. Density: 4680.000000. Supersampled: false 
05-06 12:47:57.750   707  5403 I [CT]    : CONSTELLATION:CALIBRATION_DECODER: Lensing Model: 0, 4 coefficients
05-06 12:47:57.750   707  5403 I [CT]    : CONSTELLATION:CALIBRATION_DECODER: Lensing Coefficient 0: 0.00225126
05-06 12:47:57.750   707  5403 I [CT]    : CONSTELLATION:CALIBRATION_DECODER: Lensing Coefficient 1: -0.00488171
05-06 12:47:57.750   707  5403 I [CT]    : CONSTELLATION:CALIBRATION_DECODER: Lensing Coefficient 2: 0.00377238
05-06 12:47:57.750   707  5403 I [CT]    : CONSTELLATION:CALIBRATION_DECODER: Lensing Coefficient 3: -0.000125422
05-06 12:47:57.751  1892  1892 I AndroidPanelApp: Processing pending show layer info for layer toast with width 420 and height 72.
05-06 12:47:57.751  1892  1892 I AndroidPanelApp: layerSupersample no changes
05-06 12:47:57.751   707  5403 I [CT]    : CONSTELLATION:CALIBRATION_DECODER: Adjusting LCON right IMU position calibration with hardcoded values (T33812064)
05-06 12:47:57.751   707  5403 I [CT]    : TRACKER:CONSTELLATION: Calibration: 
05-06 12:47:57.751   707  5403 I [CT]    :  %s
05-06 12:47:57.751   707  5403 I [CT]    : TRACKER:CONSTELLATION: Right handed controller found!
05-06 12:47:57.751   707  5403 I [CT]    : TRACKER:CONSTELLATION: Imu Position = 0.00558564 -0.00711984 0.0198452 
05-06 12:47:57.751   707  5403 I [CT]    : CONSTELLATION: ControllerStateBuffer: RESET
05-06 12:47:57.751   707  5403 I [CT]    : CONSTELLATION: Creating Controller Fusion with 15 LEDs.
05-06 12:47:57.752   707  5403 I [CT]    : CONSTELLATION: ControllerStateBuffer: RESET
05-06 12:47:57.752   707  5403 I [CT]    : R:Behavior:AtRest: reset
05-06 12:47:57.752   707  5403 I [CT]    : R:Behavior:AtRest: reset
05-06 12:47:57.752   707  5403 I [CT]    : Blackboard: reset
05-06 12:47:57.752   707  5403 I [CT]    : CONSTELLATION:MATCHING: [BruteMatching] Pre-computed 105 model pairs.
05-06 12:47:57.752  1826  1887 I [OAR] PanelAppHost: Resize layer toast to size 420 x 72 shape:1 stereo:0
05-06 12:47:57.752  1826  1887 I [OAR] PanelRenderLayer: ResetSurface 420 x 72 - shape:1 stereo:0
05-06 12:47:57.753   707  5391 I SyncBossFW: [info   ] {APPI}: Found 2 connected pulsar devices
05-06 12:47:57.756  1077  1140 I InputReader: Device added: id=12, name='Device 0x6B7CBD986A24C226', sources=0x65432102
05-06 12:47:57.760  1908  1908 I [OAR] VrNotificationListenerService: onNotificationRemoved(): key = 0|com.oculus.notification_proxy|4098|null|1000, type = invalid
05-06 12:47:57.760  1908  1908 I [OAR] VrNotificationListenerService: onNotificationRemoved(): user|package|tag|id = UserHandle{0}|com.oculus.notification_proxy|null|4098
05-06 12:47:57.762   707  5403 I [CT]    : CONSTELLATION:MATCHING: [BruteMatching] Pre-computed 53 model triangles.
05-06 12:47:57.763  1892  1892 I AndroidPanelApp: Processing next frame action "layerShow" for layer "toast"
05-06 12:47:57.763  1892  1892 I AndroidPanelApp: nextFrameAction(layerShow, toast)
05-06 12:47:57.763  1892  1892 I AndroidPanelApp: layerShow acknowledged for toast
05-06 12:47:57.763  1892  1892 I AndroidPanelApp: tryShowLayer(toast)
05-06 12:47:57.763  1892  1892 I AndroidPanelLayer: Showing layer toast
05-06 12:47:57.764  1892  1892 I AndroidPanelLayer: Unhiding layer toast
05-06 12:47:57.764   707  5403 I [CT]    : BlobsSizeChecker: Initializing BlobSizeChecker from serialized string
05-06 12:47:57.765   707  5403 I [CT]    : BlobsSizeChecker: BlobSizeChecker Initialization Complete.
05-06 12:47:57.765   707  5403 I [CT]    : CONSTELLATION: ControllerStateBuffer: RESET
05-06 12:47:57.765   707  5403 I [CT]    : R:Behavior:AtRest: reset
05-06 12:47:57.765   707  5403 I [CT]    : R:Behavior:AtRest: reset
05-06 12:47:57.765   707  5403 I [CT]    : Blackboard: reset
05-06 12:47:57.766   707  5403 I [CT]    : VisionInterface: Setting tracked object ID 7745273921483883046 LED on-time to 19 us.
05-06 12:47:57.776  1892  1892 I AndroidPanelApp: Turning on layer visibility for layer toast.
05-06 12:47:57.776  1892  1892 D AndroidPanelApp: Queue: layerVisibility toast 1
05-06 12:47:57.776  1892  1892 D [OAR] ToastController: onReceiveNotificationToDismiss()
05-06 12:47:57.776  1892  1892 D [OAR] ToastLayerView: hideNotificationIfDisplaying(0|com.oculus.notification_proxy|4098|null|1000)
05-06 12:47:57.776  1892  1892 I AndroidPanelLayer: Hiding layer toast
05-06 12:47:57.776  1892  1892 I AndroidPanelApp: HideLayer(toast)
05-06 12:47:57.776  1892  1892 I AndroidPanelApp: Removing layerVisibility command "layerVisibility toast 1".
05-06 12:47:57.776  1892  1892 D [OAR] NotificationBroadcastReceiver: action: com.oculus.intent.action.NOTIF_CHANGE
05-06 12:47:57.776  1892  1892 D [OAR] AnytimeUINotifsBarView: onNotificationsChanged - skipped, detils bar not visible
05-06 12:47:57.790  1892  1892 I AndroidPanelApp: Processing pending hide layer for layer toast.
05-06 12:47:57.790   707  5397 I SyncBossInput: [lcon (right) 6b7cbd98xxxxxxxx]: 163268678 [info   ] {THDG}: active_connected -> active_seek
05-06 12:47:57.790  2119  2119 W StatusBarNotifier: Asked to dismiss notification -377788311, current -1
05-06 12:47:57.793  5294  5469 D UE4     : *** JavaEnvDestructor: 5469
05-06 12:47:57.793  1826  1887 I [OAR] PanelAppHost: Setting panel layer visibility of layer "toast" to invisible
05-06 12:47:57.795   707  5394 I SyncBossHAL: pulsar_manager.c(393): INFO: 3a76c3e4xxxxxxxx: Configuring IR LED to ontime = 19, period = 40000
05-06 12:47:57.795  1908  1908 D VrNotificationAnalytics: logNotificationRemoved(invalid)
05-06 12:47:57.795  1908  1908 I [OAR] VrNotificationListenerService: onNotificationPosted(): key = 0|com.oculus.notification_proxy|4098|null|1000, type = invalid
05-06 12:47:57.795  1908  1908 I [OAR] VrNotificationListenerService: onNotificationPosted(): user|package|tag|id = UserHandle{0}|com.oculus.notification_proxy|null|4098
05-06 12:47:57.799   707  5394 I SyncBossHAL: pulsar_manager.c(296): INFO: Finished getting cache data for controller
05-06 12:47:57.799   707  5394 I SyncBossHAL:     id            : 3a76c3e4xxxxxxxx
05-06 12:47:57.799   707  5394 I SyncBossHAL:     pulsar_type   : 0x13001101
05-06 12:47:57.799   707  5394 I SyncBossHAL:     connection id : 0x2
05-06 12:47:57.799   707  5394 I SyncBossHAL:     fw ver        : 1.14.2
05-06 12:47:57.799   707  5394 I SyncBossHAL:     spl ver       : 1.13.0
05-06 12:47:57.799   707  5394 I SyncBossHAL:     serial        : 1PALCLDUQ40132
05-06 12:47:57.799   707  5394 I SyncBossHAL:     handedness    : left
05-06 12:47:57.799   707  5394 I SyncBossHAL:     battery state : 100%
05-06 12:47:57.804   707  5403 D LibDevices: stateChangeNotifierFunc(): Reporting device change. New change token: 1
05-06 12:47:57.804  1490  1511 I ControllerNotifications: Updating input notifications based on state ConnectedBatteryNormal
05-06 12:47:57.805   707  5398 E [CT]    : CONSTELLATION: R: : Reset Sensor Fusion. Time since last IMU sample: 6.132377
05-06 12:47:57.805   707  5398 W [CT]    : CONSTELLATION: R: Could not retrieve attitude. Muting log for 1 sec.
05-06 12:47:57.805   707  5398 I [CT]    : TorsoModel: initializing torsoYaw_
05-06 12:47:57.805   707  5398 I [CT]    : AdHocPatch: not initialized: waiting for reliable pose
05-06 12:47:57.807   707  5403 D LibDevices: Syncboss input 3a76c3e46c301ef4 hardware type 2, subtype 1, revision 0x13
05-06 12:47:57.807   707  5403 D LibDevices: Syncboss input 6b7cbd986a24c226 hardware type 2, subtype 2, revision 0x13
05-06 12:47:57.807   707  5403 D LibDevices: stateChangeNotifierFunc(): Reporting controller info. Change token: 2
05-06 12:47:57.807   707  5403 I TrackingService: Registering primary controller 3a76c3e46c301ef4 in slot 1
05-06 12:47:57.808   707  5403 I TrackingService: Notifying client pid 2119 of new primary remote 3a76c3e46c301ef4
05-06 12:47:57.808  2119  2146 D TrackingServiceClient: TrackingServiceClient onRemoteConnected 3a76c3e46c301ef4
05-06 12:47:57.808   707  5403 I TrackingService: Notifying client pid 2134 of new primary remote 3a76c3e46c301ef4
05-06 12:47:57.809  2134  2180 D TrackingServiceClient: TrackingServiceClient onRemoteConnected 3a76c3e46c301ef4
05-06 12:47:57.809   707  5403 I TrackingService: Notifying client pid 5294 of new primary remote 3a76c3e46c301ef4
05-06 12:47:57.809  1077  1140 W EventHub: Unable to disable kernel key repeat for /dev/input/event4: Function not implemented
05-06 12:47:57.810  1077  1140 I EventHub: New device: id=13, fd=219, path='/dev/input/event4', name='Device 0x3A76C3E46C301EF4', classes=0x2001, configuration='/system/usr/idc/Vendor_2833_Product_0160.idc', keyLayout='/system/usr/keylayout/oculus-device.kl', keyCharacterMap='/system/usr/keychars/oculus-device.kcm', builtinKeyboard=false, wakeMechanism=EPOLLWAKEUP, usingClockIoctl=true
05-06 12:47:57.810  1077  1140 I InputReader: Device added: id=13, name='Device 0x3A76C3E46C301EF4', sources=0x65432102
05-06 12:47:57.811  5294  5306 D TrackingServiceClient: TrackingServiceClient onRemoteConnected 3a76c3e46c301ef4
05-06 12:47:57.818  2119  2296 I InputManager: HANDTRACKING hand 1 status set to OutOfView
05-06 12:47:57.821   707  5403 I TrackingService: Notifying client pid 1826 of new primary remote 3a76c3e46c301ef4
05-06 12:47:57.821  1826  1843 D TrackingServiceClient: TrackingServiceClient onRemoteConnected 3a76c3e46c301ef4
05-06 12:47:57.821   707  5403 I [CT]    : VisionInterface: Requesting tracking engine to activate device 0x4212769887286730484lx.
05-06 12:47:57.821   707  5403 I [CT]    : VisionInterface: Device is not registered: ID 4212769887286730484
05-06 12:47:57.821   707  5403 I [CT]    : TRACKER:CONSTELLATION: Adding object with id 4212769887286730484
05-06 12:47:57.821   707  5403 I [CT]    : TRACKER:CONSTELLATION: Object serial 1PALCLDUQ40132
05-06 12:47:57.821   707  5403 I [CT]    : CONSTELLATION:CONFIG: Found device of type: CONTROLLER_LCON_LEFT
05-06 12:47:57.821   707  5403 I [CT]    : CONSTELLATION:CONFIG: Parsed device of type: LCON
05-06 12:47:57.821   707  5403 I [CT]    : CONSTELLATION:CONFIG: Clearing Constellation config file overrides
05-06 12:47:57.822   707  5403 W [CT]    : CONFIG: Config contains a key which is not used.
05-06 12:47:57.822   707  5403 W [CT]    : CONFIG: Config contains a key which is not used.
05-06 12:47:57.822   707  5403 I [CT]    : CONSTELLATION:CONFIG: Applied config file Constellation_LCON.conf
05-06 12:47:57.822   707  5403 I [CT]    : TRACKER:CONSTELLATION: Decoding calibration data...
05-06 12:47:57.822   707  5403 I [CT]    : CONSTELLATION:CALIBRATION_DECODER: Factory sensor calibration: {"gyro_m":[0.011532418,-0.9958058829,-0.0138734362,-0.001498596,0.0177700137,-0.9966265995,0.9967384537,0.0088311841,0.0023621419],"acc_b":[-0.0616082777,0.0626747415,0.5089551857],"build_bash":"568eaa2725999b69cdda6f2f1c252427dafe3ebf","TrackedObject":{"JsonVersion":3,"Lensing":{"Model0":[4,0.00225126,-0.00488171,0.00377238,-0.000125422]},"GyroCalibration":[0.02089904,-0.99565223,-0.015287,0.01470898,0.01949887,-0.9964327,0.99647863,0.01787602,0.01872993,0.02451719,-0.01777862,-0.01830113],"ImuPosition":[-0.005584116,-0.007119839,0.01985501],"ModelPoints":{"Point12":[0.03295667,0.00377998,0.00030947,0.7051038,-0.6950803,0.14032818,85.0,80.0,0.0],"Point11":[0.04221311,0.02292168,-0.00394812,0.9435189,-0.10477919,-0.31431419,85.0,80.0,0.0],"Point14":[0.01998775,-0.00395421,-0.01478466,0.49720891,-0.70839529,-0.5009585,85.0,80.0,0.0],"Point13":[0.03007944,0.00388684,-0.01299466,0.67315478,-0.5810967,-0.45737213,85.0,80.0,0.0],"Point10":[0.04270779,
05-06 12:47:57.824   707  5403 I [CT]    : CONSTELLATION:CALIBRATION_DECODER: Lensing Model: 0, 4 coefficients
05-06 12:47:57.824   707  5403 I [CT]    : CONSTELLATION:CALIBRATION_DECODER: Lensing Coefficient 0: 0.00225126
05-06 12:47:57.824   707  5403 I [CT]    : CONSTELLATION:CALIBRATION_DECODER: Lensing Coefficient 1: -0.00488171
05-06 12:47:57.824   707  5403 I [CT]    : CONSTELLATION:CALIBRATION_DECODER: Lensing Coefficient 2: 0.00377238
05-06 12:47:57.824   707  5403 I [CT]    : CONSTELLATION:CALIBRATION_DECODER: Lensing Coefficient 3: -0.000125422
05-06 12:47:57.825   707  5403 I [CT]    : CONSTELLATION:CALIBRATION_DECODER: Adjusting LCON left IMU position calibration with hardcoded values (T33812064)
05-06 12:47:57.825   707  5403 I [CT]    : TRACKER:CONSTELLATION: Calibration: 
05-06 12:47:57.825   707  5403 I [CT]    :  %s
05-06 12:47:57.825   707  5403 I [CT]    : TRACKER:CONSTELLATION: Left handed controller found!
05-06 12:47:57.825   707  5403 I [CT]    : TRACKER:CONSTELLATION: Imu Position = -0.00558412 -0.00711984 0.019855 
05-06 12:47:57.825   707  5403 I [CT]    : CONSTELLATION: ControllerStateBuffer: RESET
05-06 12:47:57.826   707  5403 I [CT]    : CONSTELLATION: Creating Controller Fusion with 15 LEDs.
05-06 12:47:57.826   707  5403 I [CT]    : CONSTELLATION: ControllerStateBuffer: RESET
05-06 12:47:57.826   707  5403 I [CT]    : R:Behavior:AtRest: reset
05-06 12:47:57.826   707  5403 I [CT]    : R:Behavior:AtRest: reset
05-06 12:47:57.826   707  5403 I [CT]    : Blackboard: reset
05-06 12:47:57.826   707  5403 I [CT]    : CONSTELLATION:MATCHING: [BruteMatching] Pre-computed 105 model pairs.
05-06 12:47:57.827   707  5398 I [CT]    : TorsoModel: initializing torsoYaw_
05-06 12:47:57.836   707  5403 I [CT]    : CONSTELLATION:MATCHING: [BruteMatching] Pre-computed 51 model triangles.
05-06 12:47:57.838   707  5403 I [CT]    : CONSTELLATION: ControllerStateBuffer: RESET
05-06 12:47:57.838   707  5403 I [CT]    : R:Behavior:AtRest: reset
05-06 12:47:57.838   707  5403 I [CT]    : R:Behavior:AtRest: reset
05-06 12:47:57.838   707  5403 I [CT]    : Blackboard: reset
05-06 12:47:57.838   707  5398 I [CT]    : TorsoModel: initializing torsoYaw_
05-06 12:47:57.838   707  5403 I [CT]    : VisionInterface: Setting tracked object ID 4212769887286730484 LED on-time to 19 us.
05-06 12:47:57.839  1490  1490 D OculusNotificationListenerService: Notification posted: 0|com.oculus.notification_proxy|4098|null|1000
05-06 12:47:57.840   707  5416 E [CT]    : NIMBLE:ExposureControl: Unable to compute adjustment without histogram data
05-06 12:47:57.840   707  5416 E [CT]    : NIMBLE:ExposureControl: Unable to compute adjustment without histogram data
05-06 12:47:57.840   707  5416 E [CT]    : NIMBLE:ExposureControl: Unable to compute adjustment without histogram data
05-06 12:47:57.845   707  5398 E [CT]    : CONSTELLATION: L: : Reset Sensor Fusion. Time since last IMU sample: 6.172592
05-06 12:47:57.845   707  5398 I [CT]    : TorsoModel: initializing torsoYaw_
05-06 12:47:57.845   707  5398 D TrackingService: [HANDTRACKING] Controller 3a76c3e46c301ef4 in hand: N, valid: Y
05-06 12:47:57.845  1490  1511 I ControllerNotifications: Updating input notifications based on state ConnectedBatteryNormal
05-06 12:47:57.846   707  5397 I SyncBossInput: [lcon (right) 6b7cbd98xxxxxxxx]: 163295528 [info   ] {THDG}: active_seek -> inactive_seek
05-06 12:47:57.847  1077  1077 W TelecomManager: Telecom Service not found.
05-06 12:47:57.848  1892  1892 D [OAR] ToastController: onReceiveNotificationToToast()
05-06 12:47:57.852  1892  1892 D [OAR] ToastLayerView: showNotification(4098, isSystem:true)
05-06 12:47:57.852  1490  1490 D OculusNotificationListenerService: Notification removed: 0|com.oculus.notification_proxy|4098|null|1000
05-06 12:47:57.853  1892  1892 I AndroidPanelLayer: Unhiding layer toast
05-06 12:47:57.854  1892  1892 I AndroidPanelApp: layerTransform: Showing panel layer "toast" in VrShell with width 420, height 72, position( 0.000000 , 0.000000 ), rotation (0.000000 , 0.000000 , 0.000000 )  hit-testable true, shape 1, and system-positioned true. Density: 4680.000000. Supersampled: false 
05-06 12:47:57.854  1892  1892 I AndroidPanelApp: Processing pending show layer info for layer toast with width 420 and height 72.
05-06 12:47:57.854  1892  1892 I AndroidPanelApp: layerSupersample no changes
05-06 12:47:57.857  1908  1908 D VrNotificationAnalytics: logNotificationPosted(invalid)
05-06 12:47:57.857  1908  1908 D [OAR] VrNotificationService: VrNotificationService onStartCommand() Intent { cmp=com.oculus.vrshell/.VrNotificationService }
05-06 12:47:57.858  1908  1908 D [OAR] VrBroadcastReceiver: action: com.oculus.vrshell.intent.action.NOTIFICATION_WAKE
05-06 12:47:57.859   707  5397 I SyncBossInput: [lcon (left) 3a76c3e4xxxxxxxx]: 154532706 [info   ] {THDG}: active_seek -> inactive_seek
05-06 12:47:57.863  1826  1887 I [OAR] PanelAppHost: Resize layer toast to size 420 x 72 shape:1 stereo:0
05-06 12:47:57.863  1826  1887 I [OAR] PanelRenderLayer: ResetSurface 420 x 72 - shape:1 stereo:0
05-06 12:47:57.866  1892  1892 I AndroidPanelApp: Processing next frame action "layerShow" for layer "toast"
05-06 12:47:57.866  1892  1892 I AndroidPanelApp: nextFrameAction(layerShow, toast)
05-06 12:47:57.866  1892  1892 I AndroidPanelApp: layerShow acknowledged for toast
05-06 12:47:57.866  1892  1892 I AndroidPanelApp: tryShowLayer(toast)
05-06 12:47:57.866  1892  1892 I AndroidPanelLayer: Showing layer toast
05-06 12:47:57.867  1892  1892 I AndroidPanelLayer: Unhiding layer toast
05-06 12:47:57.870  1826  1826 D [OAR] ShellControlBroadcastReceiver: onReceive with MainActivity native pointer 3739628792, action com.oculus.vrshell.intent.action.NOTIFICATION_SHOWN
05-06 12:47:57.871  1908  1908 I [OAR] VrNotificationListenerService: onNotificationPosted(): key = 0|com.oculus.notification_proxy|4098|null|1000, type = invalid
05-06 12:47:57.871  1908  1908 I [OAR] VrNotificationListenerService: onNotificationPosted(): user|package|tag|id = UserHandle{0}|com.oculus.notification_proxy|null|4098
05-06 12:47:57.877  1826  1887 I [OAR] ShellApp: 0xe18e5358 msg: broadcastIntent:
05-06 12:47:57.877  1826  1887 I [OAR] ShellApp: toast_duration = 5
05-06 12:47:57.877  1826  1887 I [OAR] ShellApp: intent_action = com.oculus.vrshell.intent.action.NOTIFICATION_SHOWN
05-06 12:47:57.877  1826  1887 I [OAR] ShellApp: toast_has_cta = false
05-06 12:47:57.878   707  5397 I SyncBossInput: [lcon (right) 6b7cbd98xxxxxxxx]: 163651698 [info   ] {APP }: Connected
05-06 12:47:57.879   707  5416 E [CT]    : NIMBLE:ExposureControl: Unable to compute adjustment without histogram data
05-06 12:47:57.880   707  5416 E [CT]    : NIMBLE:ExposureControl: Unable to compute adjustment without histogram data
05-06 12:47:57.880   707  5416 E [CT]    : NIMBLE:ExposureControl: Unable to compute adjustment without histogram data
05-06 12:47:57.891   707  5397 I SyncBossInput: [lcon (left) 3a76c3e4xxxxxxxx]: 154888874 [info   ] {APP }: Connected
05-06 12:47:57.891  1892  1892 I AndroidPanelApp: Turning on layer visibility for layer toast.
05-06 12:47:57.891  1892  1892 D AndroidPanelApp: Queue: layerVisibility toast 1
05-06 12:47:57.892  1892  1892 D [OAR] NotificationBroadcastReceiver: action: com.oculus.intent.action.NOTIF_CHANGE
05-06 12:47:57.892  1892  1892 D [OAR] AnytimeUINotifsBarView: onNotificationsChanged - skipped, detils bar not visible
05-06 12:47:57.906  1892  1892 I AndroidPanelApp: Handling next frame raw command "layerVisibility toast 1"
05-06 12:47:57.909  1892  1892 D [OAR] NotificationBroadcastReceiver: action: com.oculus.intent.action.NOTIF_CHANGE
05-06 12:47:57.909  1892  1892 D [OAR] AnytimeUINotifsBarView: onNotificationsChanged - skipped, detils bar not visible
05-06 12:47:57.919  1826  1887 I [OAR] PanelAppHost: Setting panel layer visibility of layer "toast" to visible
05-06 12:47:57.924   707  5397 I SyncBossInput: [lcon (right) 6b7cbd98xxxxxxxx]: 163651721 [info   ] {THDG}: inactive_seek -> active_connected
05-06 12:47:57.928   707  5416 E [CT]    : NIMBLE:ExposureControl: Unable to compute adjustment without histogram data
05-06 12:47:57.928   707  5416 E [CT]    : NIMBLE:ExposureControl: Unable to compute adjustment without histogram data
05-06 12:47:57.934  1908  1908 D VrNotificationAnalytics: logNotificationPosted(invalid)
05-06 12:47:57.935  1908  1908 I [OAR] VrNotificationListenerService: onNotificationRemoved(): key = 0|com.oculus.notification_proxy|4098|null|1000, type = invalid
05-06 12:47:57.935  1908  1908 I [OAR] VrNotificationListenerService: onNotificationRemoved(): user|package|tag|id = UserHandle{0}|com.oculus.notification_proxy|null|4098
05-06 12:47:57.936  1892  1892 D [OAR] ToastController: onReceiveNotificationToToast()
05-06 12:47:57.937   707  5397 I SyncBossInput: [lcon (left) 3a76c3e4xxxxxxxx]: 154888897 [info   ] {THDG}: inactive_seek -> active_connected
05-06 12:47:57.940  1892  1892 E [OAR] ToastController: Notification with key not found.
05-06 12:47:57.941  1892  1892 E [OAR] ToastController: Missing attached status bar notification.
05-06 12:47:57.944  1892  1892 D [OAR] ToastController: onReceiveNotificationToDismiss()
05-06 12:47:57.944  1892  1892 D [OAR] ToastLayerView: hideNotificationIfDisplaying(0|com.oculus.notification_proxy|4098|null|1000)
05-06 12:47:57.945  1892  1892 I AndroidPanelLayer: Hiding layer toast
05-06 12:47:57.945  1892  1892 I AndroidPanelApp: HideLayer(toast)
05-06 12:47:57.949  1892  1892 I AndroidPanelApp: Processing pending hide layer for layer toast.
05-06 12:47:57.952  1908  1908 D VrNotificationAnalytics: logNotificationRemoved(invalid)
05-06 12:47:57.952  1908  1908 D [OAR] VrNotificationService: VrNotificationService onStartCommand() Intent { cmp=com.oculus.vrshell/.VrNotificationService }
05-06 12:47:57.953  2119  2119 W StatusBarNotifier: Asked to dismiss notification -377788311, current -1
05-06 12:47:57.961  1826  1887 I [OAR] PanelAppHost: Setting panel layer visibility of layer "toast" to invisible
05-06 12:47:57.963  1908  1908 D [OAR] VrBroadcastReceiver: action: com.oculus.vrshell.intent.action.NOTIFICATION_WAKE
05-06 12:47:57.965  1908  1908 D [OAR] VrNotificationService: VrNotificationService onStartCommand() Intent { cmp=com.oculus.vrshell/.VrNotificationService }
05-06 12:47:57.968  1826  1826 D [OAR] ShellControlBroadcastReceiver: onReceive with MainActivity native pointer 3739628792, action com.oculus.vrshell.intent.action.NOTIFICATION_SHOWN
05-06 12:47:57.970   707  5416 E [CT]    : NIMBLE:ExposureControl: Unable to compute adjustment without histogram data
05-06 12:47:57.970   707  5416 E [CT]    : NIMBLE:ExposureControl: Unable to compute adjustment without histogram data
05-06 12:47:57.974  1826  1887 I [OAR] ShellApp: 0xe18e5358 msg: broadcastIntent:
05-06 12:47:57.974  1826  1887 I [OAR] ShellApp: toast_duration = 5
05-06 12:47:57.974  1826  1887 I [OAR] ShellApp: intent_action = com.oculus.vrshell.intent.action.NOTIFICATION_SHOWN
05-06 12:47:57.974  1826  1887 I [OAR] ShellApp: toast_has_cta = false
05-06 12:47:57.975  1892  1892 D [OAR] NotificationBroadcastReceiver: action: com.oculus.intent.action.NOTIF_CHANGE
05-06 12:47:57.976  1892  1892 D [OAR] AnytimeUINotifsBarView: onNotificationsChanged - skipped, detils bar not visible
05-06 12:47:57.992  1826  1826 D [OAR] ShellControlBroadcastReceiver: onReceive with MainActivity native pointer 3739628792, action com.oculus.vrshell.intent.action.NOTIFICATION_SHOWN
05-06 12:47:57.999  1892  1892 D [OAR] NotificationBroadcastReceiver: action: com.oculus.intent.action.NOTIF_CHANGE
05-06 12:47:57.999  1892  1892 D [OAR] AnytimeUINotifsBarView: onNotificationsChanged - skipped, detils bar not visible
05-06 12:47:57.999   707  5416 E [CT]    : NIMBLE:ExposureControl: Unable to compute adjustment without histogram data
05-06 12:47:58.000   707  5416 E [CT]    : NIMBLE:ExposureControl: Unable to compute adjustment without histogram data
05-06 12:47:58.000   707  5416 E [CT]    : NIMBLE:ExposureControl: Unable to compute adjustment without histogram data
05-06 12:47:58.002  1826  1887 I [OAR] ShellApp: 0xe18e5358 msg: broadcastIntent:
05-06 12:47:58.002  1826  1887 I [OAR] ShellApp: toast_duration = 5
05-06 12:47:58.002  1826  1887 I [OAR] ShellApp: intent_action = com.oculus.vrshell.intent.action.NOTIFICATION_SHOWN
05-06 12:47:58.002  1826  1887 I [OAR] ShellApp: toast_has_cta = false
05-06 12:47:58.040   707  5416 E [CT]    : NIMBLE:ExposureControl: Unable to compute adjustment without histogram data
05-06 12:47:58.040   707  5416 E [CT]    : NIMBLE:ExposureControl: Unable to compute adjustment without histogram data
05-06 12:47:58.040   707  5416 E [CT]    : NIMBLE:ExposureControl: Unable to compute adjustment without histogram data
05-06 12:47:58.080   707  5416 E [CT]    : NIMBLE:ExposureControl: Unable to compute adjustment without histogram data
05-06 12:47:58.080   707  5416 E [CT]    : NIMBLE:ExposureControl: Unable to compute adjustment without histogram data
05-06 12:47:58.114  5294  5490 I VrApi   : FPS=0,Prd=0ms,Tear=0,Early=0,Stale=72,VSnc=1,Lat=0,Fov=0,CPU4/GPU=0/0,2304/710MHz,OC=FF,TA=0/0/0,SP=N/N/N,Mem=1804MHz,Free=1365MB,PSM=0,PLS=0,Temp=32.0C/0.0C,TW=1.72ms,App=0.00ms,GD=0.00ms,CPU&GPU=0.00ms,LCnt=0,GPU%=0.13,CPU%=0.34(W0.55),DSF=1.00
05-06 12:47:58.127   707  5416 E [CT]    : NIMBLE:ExposureControl: Unable to compute adjustment without histogram data
05-06 12:47:58.160   707  5416 E [CT]    : NIMBLE:ExposureControl: Unable to compute adjustment without histogram data
05-06 12:47:58.160   707  5416 E [CT]    : NIMBLE:ExposureControl: Unable to compute adjustment without histogram data
05-06 12:47:58.199   707  5416 E [CT]    : NIMBLE:ExposureControl: Unable to compute adjustment without histogram data
05-06 12:47:58.199   707  5416 E [CT]    : NIMBLE:ExposureControl: Unable to compute adjustment without histogram data
05-06 12:47:58.248   707  5416 E [CT]    : NIMBLE:ExposureControl: Unable to compute adjustment without histogram data
05-06 12:47:58.263   707  5397 I SyncBossHAL: syncboss_hal_input_controller.c(153): INFO: Controller 3a76c3e4xxxxxxxx battery level changed: 0% -> 100%
05-06 12:47:58.263   707  5403 D LibDevices: stateChangeNotifierFunc(): Reporting device change. New change token: 2
05-06 12:47:58.265   707  5403 D LibDevices: Syncboss input 3a76c3e46c301ef4 hardware type 2, subtype 1, revision 0x13
05-06 12:47:58.265   707  5403 D LibDevices: Syncboss input 6b7cbd986a24c226 hardware type 2, subtype 2, revision 0x13
05-06 12:47:58.265   707  5403 D LibDevices: stateChangeNotifierFunc(): Reporting controller info. Change token: 3
05-06 12:47:58.291  2119  2296 I InputManager: HANDTRACKING hand 1 status set to Tracked
05-06 12:47:58.303  1826  5494 I VrApi   : FPS=72,Prd=45ms,Tear=1,Early=22,Stale=4,VSnc=1,Lat=1,Fov=0,CPU4/GPU=4/4,2304/710MHz,OC=FF,TA=0/E0/0,SP=N/F/N,Mem=1804MHz,Free=1365MB,PSM=0,PLS=0,Temp=32.0C/0.0C,TW=3.06ms,App=10.78ms,GD=3.58ms,CPU&GPU=13.87ms,LCnt=5,GPU%=0.84,CPU%=0.27(W0.27),DSF=1.00
05-06 12:47:58.371   707  5416 I [CT]    : NIMBLE:HLOG: {
05-06 12:47:58.371   707  5416 I [CT]    :   "Capture latency(ms)": {
05-06 12:47:58.371   707  5416 I [CT]    :     "P95": 10.062219000019468,
05-06 12:47:58.371   707  5416 I [CT]    :     "max": 12.402646000055029,
05-06 12:47:58.371   707  5416 I [CT]    :     "mean": 9.927060933339742
05-06 12:47:58.371   707  5416 I [CT]    :   },
05-06 12:47:58.371   707  5416 I [CT]    :   "E2E Pipeline latency(ms)": {
05-06 12:47:58.371   707  5416 I [CT]    :     "P95": 18.597238999973342,
05-06 12:47:58.371   707  5416 I [CT]    :     "max": 23.51317700004074,
05-06 12:47:58.371   707  5416 I [CT]    :     "mean": 12.1412062352773
05-06 12:47:58.371   707  5416 I [CT]    :   },
05-06 12:47:58.371   707  5416 I [CT]    :   "Pre-dropped frames": {
05-06 12:47:58.371   707  5416 I [CT]    :     "count": 0,
05-06 12:47:58.371   707  5416 I [CT]    :     "mean(ms)": 0.0
05-06 12:47:58.371   707  5416 I [CT]    :   }
05-06 12:47:58.371   707  5416 I [CT]    : }
05-06 12:47:58.373   707  5416 I [CT]    : NIMBLE:HLOG: [Throttled count=3] [Health][left ] [IK #] count= 120, mean=0.166667+-1.28556, max = 10, histogram = [[<1:118], [<3:0], [<5:0], [<7:0], [<9:0], [<11:2], [<30:0], ], 
05-06 12:47:58.410  2705  2728 I RvrPnl  : FPS=71.7532/160.867/43.8471, MSPF=0.0139367/6.2163/22.8065, MEMALLOC=15.3857
05-06 12:47:58.451   707  5416 E [CT]    : NIMBLE:ExposureControl: Unable to compute adjustment without histogram data
05-06 12:47:58.491   707  5416 E [CT]    : NIMBLE:ExposureControl: Unable to compute adjustment without histogram data
05-06 12:47:58.584  2119  2296 I InputManager: HANDTRACKING hand 0 status set to Tracked
05-06 12:47:58.651   707  5416 E [CT]    : NIMBLE:ExposureControl: Unable to compute adjustment without histogram data
05-06 12:47:58.691   707  5416 E [CT]    : NIMBLE:ExposureControl: Unable to compute adjustment without histogram data
05-06 12:47:58.726   707  5343 I [CT]    : boltlib: DSP utilization(%): 33
05-06 12:47:58.732   707  5416 E [CT]    : NIMBLE:ExposureControl: Unable to compute adjustment without histogram data
05-06 12:47:58.741  1826  2418 I OVRPlatform: [CurlHttpClient] Executing HTTP request: https://graph.oculus.com//v1.20/me?fields=current_party{id,leader{id},join_policy,users{id,alias,can_viewer_message,display_name,profile_url,profile_url_small,presence,presence_status,presence_app{id,package_name},presence_deeplink_joinable,presence_deeplink_message,presence_destination_api_name,presence_scoped_user_id,avatar_v2{avatar_image{uri}}},invited_users{id,alias,can_viewer_message,display_name,profile_url,profile_url_small,presence,presence_status,presence_app{id,package_name},avatar_v2{avatar_image{uri}}}}&app_version=210946745
05-06 12:47:58.748   707  5397 I SyncBossHAL: syncboss_hal_input_controller.c(153): INFO: Controller 6b7cbd98xxxxxxxx battery level changed: 0% -> 100%
05-06 12:47:58.749   707  5403 D LibDevices: stateChangeNotifierFunc(): Reporting device change. New change token: 3
05-06 12:47:58.750  5294  5534 D UE4     : [2020.05.06-10.47.58:750][  0]LogTcpMessaging: Lost node '924CBE2E44B9CF7B46085F9EB3F0E407' on connection '127.0.0.1:58630'...
05-06 12:47:58.750  5294  5534 D UE4     : *** JavaEnvDestructor: 5534
05-06 12:47:58.751   707  5403 D LibDevices: Syncboss input 3a76c3e46c301ef4 hardware type 2, subtype 1, revision 0x13
05-06 12:47:58.751   707  5403 D LibDevices: Syncboss input 6b7cbd986a24c226 hardware type 2, subtype 2, revision 0x13
05-06 12:47:58.751   707  5403 D LibDevices: stateChangeNotifierFunc(): Reporting controller info. Change token: 4
05-06 12:47:58.814  1826  2412 I OVRPlatform: [HttpRequest] Request `me?fields=current_party{id,leader{id},join_policy,users{id,alias,can_viewer_message,display_name,profile_url,profile_url_small,presence,presence_status,presence_app{id,package_name},presence_deeplink_joinable,presence_deeplink_message,presence_destination_api_name,presence_scoped_user_id,avatar_v2{avatar_image{uri}}},invited_users{id,alias,can_viewer_message,display_name,profile_url,profile_url_small,presence,presence_status,presence_app{id,package_name},avatar_v2{avatar_image{uri}}}}' (id: 1877) succeeded: {"id":"102449717587751"}
05-06 12:47:58.814  1826  2412 I OVRPlatform: [RequestStopwatch] HttpRequestAsync (me?fields=current_party{id,leader{id},join_policy,users{id,alias,can_viewer_message,display_name,profile_url,profile_url_small,presence,presence_status,presence_app{id,package_name},presence_deeplink_joinable,presence_deeplink_message,presence_destination_api_name,presence_scoped_user_id,avatar_v2{avatar_image{uri}}},invited_users{id,alias,can_viewer_message,display_name,profile_url,profile_url_small,presence,presence_status,presence_app{id,package_name},avatar_v2{avatar_image{uri}}}}) took 73.2310 milliseconds
05-06 12:47:58.824  1826  1887 I [OAR] PartyManager: Party Response Parse Time: 0.075833ms
05-06 12:47:58.852  5294  5311 D UE4     : [2020.05.06-10.47.58:852][  0]LogTcpMessaging: Initializing TcpMessaging bridge, listening on 127.0.0.1:6666
05-06 12:47:58.859  5294  5311 D UE4     : [2020.05.06-10.47.58:857][  0]LogCore: Display: AppLifetime: Application has reactivated
05-06 12:47:58.860  5294  5311 D UE4     : [2020.05.06-10.47.58:860][  0]LogTemp: Android resume audio
05-06 12:47:58.860  5294  5311 D UE4     : [2020.05.06-10.47.58:860][  0]LogAndroidEvents: Display: LogAndroidEvents::DequeueAppEvent : 7, [width=-1, height=-1], APP_EVENT_STATE_ON_RESUME
05-06 12:47:58.860  5294  5311 D UE4     : FAppEventManager::Tick processing, 7
05-06 12:47:58.860  5294  5311 D UE4     : [2020.05.06-10.47.58:860][  0]LogAndroidEvents: Display: LogAndroidEvents::DequeueAppEvent : 10, [width=-1, height=-1], APP_EVENT_STATE_WINDOW_LOST_FOCUS
05-06 12:47:58.860  5294  5311 D UE4     : FAppEventManager::Tick processing, 10
05-06 12:47:58.860  5294  5311 D UE4     : [2020.05.06-10.47.58:860][  0]LogAndroidEvents: Display: LogAndroidEvents::DequeueAppEvent : 6, [width=-1, height=-1], APP_EVENT_STATE_ON_PAUSE
05-06 12:47:58.860  5294  5311 D UE4     : FAppEventManager::Tick processing, 6
05-06 12:47:58.860  5294  5311 D UE4     : [2020.05.06-10.47.58:860][  0]LogVulkanRHI: FVulkanPipelineStateCacheManager: skipped saving because we only save if the PSOFC based one failed to load.
05-06 12:47:58.860  5294  5311 D UE4     : [2020.05.06-10.47.58:860][  0]LogAndroidEvents: Display: LogAndroidEvents::DequeueAppEvent : 15, [width=-1, height=-1], APP_EVENT_RUN_CALLBACK
05-06 12:47:58.860  5294  5311 D UE4     : FAppEventManager::Tick processing, 15
05-06 12:47:58.860  5294  5311 D UE4     : [2020.05.06-10.47.58:860][  0]LogAndroidEvents: Display: Event thread callback running.
05-06 12:47:58.860  5294  5311 D UE4     : [2020.05.06-10.47.58:860][  0]LogAndroid: performing app backgrounding callback. 0x7f40850c00
05-06 12:47:58.878  2134  2186 I GuardianSystem: UpdateGuardianSystemState: Flags changed: 598016, 589824
05-06 12:47:58.885  5294  5544 D UE4     : *** JavaEnvDestructor: 5544
05-06 12:47:59.035  2134  2212 I GuardianSystem: Guardian: GuardianCmdWithParms 7, 0, 0.000000
05-06 12:47:59.100  5294  5312 D UE4     : [2020.05.06-10.47.59:100][  0]LogAndroid: backgrounding callback, not responded in timely manner.
05-06 12:47:59.100  5294  5312 D UE4     : [2020.05.06-10.47.59:100][  0]LogAndroid: Blocking renderer on invalid window.
05-06 12:47:59.100  5294  5312 D UE4     : [2020.05.06-10.47.59:100][  0]LogAndroid: Waiting for renderer to encounter blocking command.
05-06 12:47:59.100  5294  5537 D UE4     : [2020.05.06-10.47.59:100][  0]LogAndroid: Blocking renderer
05-06 12:47:59.100  5294  5537 D UE4     : [2020.05.06-10.47.59:100][  0]LogAndroid: RendererBlock release window callback
05-06 12:47:59.100  5294  5537 D UE4     : [2020.05.06-10.47.59:100][  0]LogVulkanRHI: Destroy swapchain ... 
05-06 12:47:59.115  5294  5490 I VrApi   : FPS=0,Prd=0ms,Tear=0,Early=0,Stale=72,VSnc=1,Lat=0,Fov=0,CPU4/GPU=0/0,2304/710MHz,OC=FF,TA=0/0/0,SP=N/N/N,Mem=1804MHz,Free=1368MB,PSM=0,PLS=0,Temp=32.0C/0.0C,TW=1.72ms,App=0.00ms,GD=0.00ms,CPU&GPU=0.00ms,LCnt=0,GPU%=0.13,CPU%=0.34(W0.55),DSF=1.00
05-06 12:47:59.117  5294  5312 D UE4     : LogAndroidEvents::EnqueueAppEvent : 13, [width=-1, height=-1], tid = 5312, APP_EVENT_STATE_APP_SUSPENDED
05-06 12:47:59.118  5294  5312 D UE4     : Case APP_CMD_TERM_WINDOW, tid = 5312
05-06 12:47:59.118  5294  5312 D UE4     : [2020.05.06-10.47.59:118][  0]LogAndroid: Case APP_CMD_TERM_WINDOW
05-06 12:47:59.118  5294  5312 D UE4     : LogAndroidEvents::EnqueueAppEvent : 3, [width=-1, height=-1], tid = 5312, APP_EVENT_STATE_WINDOW_DESTROYED
05-06 12:47:59.119   711   711 D wifisighelper: New 2.4GHz txpower: 20	
05-06 12:47:59.134  5294  5312 D UE4     : [2020.05.06-10.47.59:134][  0]LogAndroid: Case APP_CMD_SAVE_STATE
05-06 12:47:59.134  5294  5312 D UE4     : LogAndroidEvents::EnqueueAppEvent : 12, [width=-1, height=-1], tid = 5312, APP_EVENT_STATE_SAVE_STATE
05-06 12:47:59.136  5294  5294 D UE4     : [GameActivity] ==============> GameActive.onStop complete!
05-06 12:47:59.136  5294  5312 D UE4     : [2020.05.06-10.47.59:136][  0]LogAndroid: Case APP_CMD_STOP
05-06 12:47:59.136  5294  5312 D UE4     : LogAndroidEvents::EnqueueAppEvent : 8, [width=-1, height=-1], tid = 5312, APP_EVENT_STATE_ON_STOP
05-06 12:47:59.138  5294  5294 D UE4     : [GameActivity] ==============> GameActive.onTrimMemory(TRIM_MEMORY_UI_HIDDEN) called!
05-06 12:47:59.140  5294  5294 V UE4     : [GameApp] App in background
05-06 12:47:59.141  5294  5294 D UE4     : [GameActivity] Battery: status = 2, rawlevel = 95, scale = 100
05-06 12:47:59.141  5294  5294 D UE4     : nativeBatteryEvent(stat = 2, lvl = 95  temp = 32.00 C)
05-06 12:47:59.299  2134  2160 I GuardianSystem: Guardian: GuardianCmdWithParms 7, 1, 0.000000
05-06 12:47:59.302  1826  5494 I VrApi   : FPS=72,Prd=45ms,Tear=0,Early=36,Stale=0,VSnc=1,Lat=1,Fov=0,CPU4/GPU=4/5,2304/710MHz,OC=FF,TA=0/E0/0,SP=N/F/N,Mem=1804MHz,Free=1365MB,PSM=0,PLS=0,Temp=32.0C/0.0C,TW=2.81ms,App=11.93ms,GD=3.59ms,CPU&GPU=14.85ms,LCnt=4,GPU%=0.83,CPU%=0.02(W0.06),DSF=1.00
05-06 12:47:59.304  2119  5440 I TimeWarp: UpdateClockLevels: Apply pending clock request change: 4,5 -> 4,4
05-06 12:47:59.304  2119  5434 I Clocks  : ReleaseClocks - start
05-06 12:47:59.304   710  1928 D         : CPU_CLUSTER_0: No client requests exists, release clocks
05-06 12:47:59.305   710  1928 D         : CPU_CLUSTER_1: No client requests exists, release clocks
05-06 12:47:59.305   710  1928 D         : GPU: No client requests exists, release clocks
05-06 12:47:59.305   710  1928 D         : CPUBW: No client requests exists, release clocks
05-06 12:47:59.306  2119  5434 I Clocks  : ReleaseClocks - end (1.7 ms)
05-06 12:47:59.306  2119  5434 I Clocks  : LockClocks( cpu=4, gpu=4 ) - start
05-06 12:47:59.306  2119  5434 I Clocks  : CPU levels [0, 4]
05-06 12:47:59.307  2119  5434 I Clocks  : GPU levels [0, 5]
05-06 12:47:59.307   710  2189 D         : CPU_CLUSTER_0: Client 2119 sends freq request [21, 21]
05-06 12:47:59.307   710  2189 D         : CPU_CLUSTER_0: Next Perf Level = (21, 21)
05-06 12:47:59.307   710  2189 D         : CPU_CLUSTER_1: Client 2119 sends freq request [26, 26]
05-06 12:47:59.307   710  2189 D         : CPU_CLUSTER_1: Next Perf Level = (26, 26)
05-06 12:47:59.307   710  2189 D         : CPUBW: Client 2119 sends freq request [8, 11]
05-06 12:47:59.307   710  2189 D         : CPUBW: Next Perf Level = (8, 11)
05-06 12:47:59.307   710  2189 D         : GPU: Client 2119 sends freq request [6, 6]
05-06 12:47:59.307   710  2189 D         : GPU: Next Perf Level = (6, 6)
05-06 12:47:59.308  2119  5434 I Clocks  : LockClocks( cpu=4, gpu=4 ) - end (2.1 ms)
05-06 12:47:59.348   707  5398 D TrackingService: [HANDTRACKING] Controller 6b7cbd986a24c226 in hand: Y, valid: Y
05-06 12:47:59.350  2119  2296 I InputManager: HANDTRACKING going to controller mode due to controller in hand flag detection
05-06 12:47:59.364  2119  2296 I InputManager: HANDTRACKING GetHandTrackingSettingChangeRequest 0
05-06 12:47:59.364  2119  2296 I ClientMgr: HANDTRACKING newHandTrackingMode on ClientMgr from server is 0
05-06 12:47:59.378  2119  2149 I ClientMgr: OculusSettingsCallback 'hand_tracking_enabled'
05-06 12:47:59.378   707  2476 D Tracker/CoreOS: MontereyGlue: Acquiring handleHandTrackingSettingChange lock
05-06 12:47:59.380   707  2476 D Tracker/CoreOS: MontereyGlue: Handling hand tracking setting disabled
05-06 12:47:59.381   707  2476 I [CT]    : NIMBLE:HTEngine: doDeactivate()
05-06 12:47:59.381   707  2476 I [CT]    : NIMBLE:HTEngine: [Personalization] Already stopped
05-06 12:47:59.381   707  2476 I [CT]    : NIMBLE:HTEngine: [Deactivate] Stopping Hand tracking pipeline thread...
05-06 12:47:59.382   707  2476 I [CT]    : NIMBLE:HTEngine: [Deactivate] Deactivated HT
05-06 12:47:59.382   707  2476 D Tracker/CoreOS: MontereyGlue: Releasing handleHandTrackingSettingChange lock
05-06 12:47:59.383   707  5398 D TrackingService: [HANDTRACKING] Controller 3a76c3e46c301ef4 in hand: Y, valid: Y
05-06 12:47:59.383  2119  2149 I ClientMgr: OculusSettingsCallback: hand_tracking_enabled changed to: 0
05-06 12:47:59.391  2119  2296 I InputManager: HANDTRACKING server setting handtracking enabled to DISABLED from 1 via 0
05-06 12:47:59.392  2119  2296 I InputManager: HANDTRACKING Control Data last: 1 new: 2
05-06 12:47:59.392  2119  2296 I InputManager: HANDTRACKING Tracking Service reports hands DISABLED
05-06 12:47:59.392  2119  2296 I InputManager: HANDTRACKING hand 0 status set to Disabled
05-06 12:47:59.392  2119  2296 I InputManager: HANDTRACKING hand 1 status set to Disabled
05-06 12:47:59.392  2119  2296 I InputManager: HANDTRACKING: Switching to Tracked Remotes only   TRACKED REMOTES
05-06 12:47:59.394  1826  1887 I [OAR] InputManager: Adding controller deviceId = 536870914 type = 4
05-06 12:47:59.398  1826  1887 I [OAR] ModelFile: LoadModelFileFromMemory .gltf.ovrscene 694993
05-06 12:47:59.398  1826  1887 I [OAR] ModelFile: LoadModelFileFromMemory zfp = 0xc9662d00
05-06 12:47:59.411  1826  1887 I [OAR] ModelFile_glTF: LoadModelFile_glTF_Json parsing .gltf.ovrscene
05-06 12:47:59.414  1826  1887 I [OAR] InputManager: Adding controller deviceId = 536870915 type = 4
05-06 12:47:59.417  1826  1887 I [OAR] ModelFile: LoadModelFileFromMemory .gltf.ovrscene 695274
05-06 12:47:59.417  1826  1887 I [OAR] ModelFile: LoadModelFileFromMemory zfp = 0xcbd87f00
05-06 12:47:59.429  2134  2186 I GuardianSystem: UpdateGuardianSystemState: Flags changed: 589824, 524288
05-06 12:47:59.431  1826  1887 I [OAR] ModelFile_glTF: LoadModelFile_glTF_Json parsing .gltf.ovrscene
05-06 12:47:59.433  1826  1887 I [OAR] TrackedHand: Hand lost, disconnecting.
05-06 12:47:59.433  1826  1887 I [OAR] InputManager: Removing device 536870923
05-06 12:47:59.433  1826  1887 W [OAR] AudioMixer: StopWavFile: Couldn't find attached sound for clientId controllerp0xbf3ff000
05-06 12:47:59.433  1826  1887 I [OAR] ModelDef: Destroying ModelFileModel pinchArrowBlend.gltf.ovrscene
05-06 12:47:59.433  1826  1887 I [OAR] TrackedHand: Hand lost, disconnecting.
05-06 12:47:59.433  1826  1887 I [OAR] InputManager: Removing device 536870922
05-06 12:47:59.433  1826  1887 I [OAR] InputManager: Switching Primary controller due to vrapi
05-06 12:47:59.433  1826  1887 I [OAR] InputManager: Secondary input source selection id=536870915
05-06 12:47:59.434  1826  1887 I [OAR] RouteInput: New inputState.cursorTraceSource: 1
05-06 12:47:59.434  1826  1887 I [OAR] SystemTaskBarControllerBatteryLevels: Updating left controller battery level from 0 to 100.
05-06 12:47:59.434  1826  1887 I [OAR] SystemTaskBarControllerBatteryLevels: Updating right controller battery level from 0 to 100.
05-06 12:47:59.438  2705  2728 I RvrPnl  : FPS=69.0606/166.587/18.9444, MSPF=0.01448/6.00286/52.7859, MEMALLOC=15.3857
05-06 12:47:59.438  1892  1892 I [OAR] AnytimeUIAndroidPanelAppBase: updateControllerBattery - left, 100 percent
05-06 12:47:59.438  1892  1892 I [OAR] AnytimeUIAndroidPanelAppBase: updateControllerBattery - right, 100 percent
05-06 12:47:59.443  1892  1892 I DialogPanel: Handling custom dialog with host vrshell, package com.oculus.vrshell, service com.oculus.vrshell, and definition: {"type":"custom","dialogId":"common_system_dialog_app_launch_blocked_controller_required","title":"Switch to Controllers","body":"After you've picked up your controllers, please return to the centre of your playing area and select <b>Continue<\/b>.","primaryButton":{"action":"continue","text":"Continue"},"secondaryButton":{"action":"cancel","text":"Cancel"},"controllerBackButton":{"action":"cancel"}}
05-06 12:47:59.443  1892  1892 I DialogUI: Updating config with title: Switch to Controllers
05-06 12:47:59.444   707  5417 I [CT]    : CONSTELLATION: R:  RESET. Keep Cov and Calib States = 0. Keep velocity state and covariance = 0
