05-05 15:24:26.391   715  9213 I [CT]    : 
05-05 15:24:26.391   715  9213 I [CT]    : Reporter #1 (InsideOutHealthMonitor) Passed
05-05 15:24:26.391   715  9213 I [CT]    : --------------------------------------------------
05-05 15:24:26.391   715  9213 I [CT]    : Reporter #2 (ConstellationHealthMonitor) summary:
05-05 15:24:26.391   715  9213 I [CT]    : Camera: Total Dropped: 0.000000, Total Frame Count: 1348 (0.000000%), Camera Reset Count: 1
05-05 15:24:26.391   715  9213 I [CT]    : Camera: Total Single Camera Frame Dropped: 0, Total Frame Count: 1348 (0.000000%)
05-05 15:24:26.391   715  9213 I [CT]    : Controller 7745273921483883046:
05-05 15:24:26.391   715  9213 I [CT]    : IMU: Capture period exceeded threshold.  Largest period: 0.895692 sec
05-05 15:24:26.391   715  9213 I [CT]    : Controllers may have been sleeping
05-05 15:24:26.391   715  9213 I [CT]    : IMU: Total Dropped: 0.000000, Total Sample Count: 26656.975500 (0.000000%)
05-05 15:24:26.391   715  9213 I [CT]    : Controller 4212769887286730484:
05-05 15:24:26.391   715  9213 I [CT]    : I
05-05 15:24:26.393  2129  2185 I GuardianSystem: UpdateGuardianSystemState: Flags changed: 524288, 532480
05-05 15:24:26.396   715  9200 I [CT]    : L:Behavior:AtRest: activated
05-05 15:24:26.396   715  9200 I [CT]    : AdHocPatch: [Left] t = 54.205s, behavior transition: None -> AtRest at 54.255s
05-05 15:24:26.407   715  9200 I [CT]    : L:Behavior:AtRest: deactivated
05-05 15:24:26.407   715  9200 I [CT]    : AdHocPatch: [Left] t = 54.221s, behavior transition: AtRest -> None at 54.271s
05-05 15:24:26.426  2129  2375 W VrApi   : ovr_SubmitFrameInternal: FrameIndex discontinuity: Expected 33385, Received 33392
05-05 15:24:26.432  2121  9237 I TimeWarp: UpdateClockLevels: Apply pending clock request change: 3,5 -> 3,4
05-05 15:24:26.432  2121  9227 I Clocks  : ReleaseClocks - start
05-05 15:24:26.433   719  2791 D         : CPU_CLUSTER_0: No client requests exists, release clocks
05-05 15:24:26.433   719  2791 D         : CPU_CLUSTER_1: No client requests exists, release clocks
05-05 15:24:26.433   719  2791 D         : GPU: No client requests exists, release clocks
05-05 15:24:26.433   719  2791 D         : CPUBW: No client requests exists, release clocks
05-05 15:24:26.434  2121  9227 I Clocks  : ReleaseClocks - end (1.8 ms)
05-05 15:24:26.434  2121  9227 I Clocks  : LockClocks( cpu=3, gpu=4 ) - start
05-05 15:24:26.434  2121  9227 I Clocks  : CPU levels [0, 4]
05-05 15:24:26.434  2121  9227 I Clocks  : GPU levels [0, 5]
05-05 15:24:26.435   719  2043 D         : CPU_CLUSTER_0: Client 2121 sends freq request [21, 21]
05-05 15:24:26.435   719  2043 D         : CPU_CLUSTER_0: Next Perf Level = (21, 21)
05-05 15:24:26.435   719  2043 D         : CPU_CLUSTER_1: Client 2121 sends freq request [22, 22]
05-05 15:24:26.435   719  2043 D         : CPU_CLUSTER_1: Next Perf Level = (22, 22)
05-05 15:24:26.435   719  2043 D         : CPUBW: Client 2121 sends freq request [8, 11]
05-05 15:24:26.435   719  2043 D         : CPUBW: Next Perf Level = (8, 11)
05-05 15:24:26.435   719  2043 D         : GPU: Client 2121 sends freq request [6, 6]
05-05 15:24:26.435   719  2043 D         : GPU: Next Perf Level = (6, 6)
05-05 15:24:26.435  2121  9227 I Clocks  : LockClocks( cpu=3, gpu=4 ) - end (1.7 ms)
05-05 15:24:26.487   715  9200 I [CT]    : L:Behavior:AtRest: activated
05-05 15:24:26.487   715  9200 I [CT]    : AdHocPatch: [Left] t = 54.301s, behavior transition: None -> AtRest at 54.351s
05-05 15:24:26.498  2129  2185 I GuardianSystem: UpdateGuardianSystemState: Flags changed: 532480, 524288
05-05 15:24:26.499   715  9200 I [CT]    : L:Behavior:AtRest: deactivated
05-05 15:24:26.499   715  9200 I [CT]    : AdHocPatch: [Left] t = 54.313s, behavior transition: AtRest -> None at 54.363s
05-05 15:24:26.510   715  9213 I [CT]    : VIPER:MAP_MANAGER: State: TRACKING_PERSISTENT, UUID=d18585e8-d288-4997-b6ff-78495c7eed6a, Num. Persistent maps = 1,  Persistent maps:d18585e8-d288-4997-b6ff-78495c7eed6a,, Ser. Disabled = 00000000-0000-0000-0000-000000000000
05-05 15:24:26.512  2129  2185 I GuardianSystem: UpdateGuardianSystemState: Flags changed: 524288, 532480
05-05 15:24:26.518   715  9200 I [CT]    : L:Behavior:AtRest: activated
05-05 15:24:26.518   715  9200 I [CT]    : AdHocPatch: [Left] t = 54.331s, behavior transition: None -> AtRest at 54.380s
05-05 15:24:26.525  2129  2185 I GuardianSystem: UpdateGuardianSystemState: Flags changed: 532480, 524288
05-05 15:24:26.550   715  9213 I [CT]    : VIPER: Status=6DoF,TRACKING,KF=133,Inl=369,Pts=456,Jit=0.3mm,Issues(Cam/min=0.0,IMU/min=0.0),Exp=(6.4ms,g=7.0,I=76)(5.3ms,g=5.0,I=68)(6.4ms,g=7.0,I=65)(5.4ms,g=5.0,I=69)
05-05 15:24:26.684   715  9200 I [CT]    : L:Behavior:AtRest: deactivated
05-05 15:24:26.684   715  9200 I [CT]    : AdHocPatch: [Left] t = 54.497s, behavior transition: AtRest -> None at 54.548s
05-05 15:24:26.707  2129  2185 I GuardianSystem: UpdateGuardianSystemState: Flags changed: 524288, 532480
05-05 15:24:26.739  2129  2375 W VrApi   : ovr_SubmitFrameInternal: FrameIndex discontinuity: Expected 33401, Received 33407
05-05 15:24:26.796   715  9200 I [CT]    : L:Behavior:AtRest: activated
05-05 15:24:26.796   715  9200 I [CT]    : AdHocPatch: [Left] t = 54.605s, behavior transition: None -> AtRest at 54.656s
05-05 15:24:26.804   715  9200 I [CT]    : L:Behavior:AtRest: deactivated
05-05 15:24:26.804   715  9200 I [CT]    : AdHocPatch: [Left] t = 54.617s, behavior transition: AtRest -> None at 54.668s
05-05 15:24:26.819   715  9200 I [CT]    : L:Behavior:AtRest: activated
05-05 15:24:26.819   715  9200 I [CT]    : AdHocPatch: [Left] t = 54.633s, behavior transition: None -> AtRest at 54.684s
05-05 15:24:26.824  2129  2185 I GuardianSystem: UpdateGuardianSystemState: Flags changed: 532480, 524288
05-05 15:24:26.829   715  9200 I [CT]    : L:Behavior:AtRest: deactivated
05-05 15:24:26.830   715  9200 I [CT]    : AdHocPatch: [Left] t = 54.643s, behavior transition: AtRest -> None at 54.694s
05-05 15:24:26.835  2121  9237 I TimeWarp: UpdateClockLevels: Apply pending clock request change: 3,4 -> 3,5
05-05 15:24:26.836  2121  9227 I Clocks  : ReleaseClocks - start
05-05 15:24:26.838   719   719 D         : CPU_CLUSTER_0: No client requests exists, release clocks
05-05 15:24:26.838   719   719 D         : CPU_CLUSTER_1: No client requests exists, release clocks
05-05 15:24:26.838   719   719 D         : GPU: No client requests exists, release clocks
05-05 15:24:26.839   719   719 D         : CPUBW: No client requests exists, release clocks
05-05 15:24:26.839  2129  2185 I GuardianSystem: UpdateGuardianSystemState: Flags changed: 524288, 532480
05-05 15:24:26.840  2121  9227 I Clocks  : ReleaseClocks - end (4.4 ms)
05-05 15:24:26.840  2121  9227 I Clocks  : LockClocks( cpu=3, gpu=5 ) - start
05-05 15:24:26.841  2121  9227 I Clocks  : CPU levels [0, 4]
05-05 15:24:26.841  2121  9227 I Clocks  : GPU levels [0, 5]
05-05 15:24:26.841   719  2188 D         : CPU_CLUSTER_0: Client 2121 sends freq request [21, 21]
05-05 15:24:26.841   719  2188 D         : CPU_CLUSTER_0: Next Perf Level = (21, 21)
05-05 15:24:26.841   719  2188 D         : CPU_CLUSTER_1: Client 2121 sends freq request [22, 22]
05-05 15:24:26.841   719  2188 D         : CPU_CLUSTER_1: Next Perf Level = (22, 22)
05-05 15:24:26.841   719  2188 D         : CPUBW: Client 2121 sends freq request [8, 11]
05-05 15:24:26.841   719  2188 D         : CPUBW: Next Perf Level = (8, 11)
05-05 15:24:26.842   719  2188 D         : GPU: Client 2121 sends freq request [7, 7]
05-05 15:24:26.842   719  2188 D         : GPU: Next Perf Level = (7, 7)
05-05 15:24:26.843  2121  9227 I Clocks  : LockClocks( cpu=3, gpu=5 ) - end (3.3 ms)
05-05 15:24:26.857  9037  9358 I VrApi   : FPS=71,Prd=45ms,Tear=0,Early=0,Stale=3,VSnc=1,Lat=1,Fov=0,CPU4/GPU=3/4,1958/710MHz,OC=FF,TA=0/E0/E0,SP=N/F/F,Mem=1804MHz,Free=1312MB,PSM=0,PLS=0,Temp=33.0C/0.0C,TW=1.25ms,App=15.17ms,GD=1.64ms,CPU&GPU=18.75ms,LCnt=1,GPU%=1.00,CPU%=0.24(W0.38),DSF=1.00
05-05 15:24:26.888   715  9200 I [CT]    : L:Behavior:AtRest: activated
05-05 15:24:26.888   715  9200 I [CT]    : AdHocPatch: [Left] t = 54.701s, behavior transition: None -> AtRest at 54.752s
05-05 15:24:26.895  2129  2185 I GuardianSystem: UpdateGuardianSystemState: Flags changed: 532480, 524288
05-05 15:24:26.905  2121  9237 I TimeWarp: UpdateClockLevels: Apply pending clock request change: 3,5 -> 4,5
05-05 15:24:26.905  2121  9227 I Clocks  : ReleaseClocks - start
05-05 15:24:26.906   719   719 D         : CPU_CLUSTER_0: No client requests exists, release clocks
05-05 15:24:26.906   719   719 D         : CPU_CLUSTER_1: No client requests exists, release clocks
05-05 15:24:26.906   719   719 D         : GPU: No client requests exists, release clocks
05-05 15:24:26.906   719   719 D         : CPUBW: No client requests exists, release clocks
05-05 15:24:26.907  2121  9227 I Clocks  : ReleaseClocks - end (1.4 ms)
05-05 15:24:26.907  2121  9227 I Clocks  : LockClocks( cpu=4, gpu=5 ) - start
05-05 15:24:26.908  2121  9227 I Clocks  : CPU levels [0, 4]
05-05 15:24:26.908  2121  9227 I Clocks  : GPU levels [0, 5]
05-05 15:24:26.909   719  2791 D         : CPU_CLUSTER_0: Client 2121 sends freq request [21, 21]
05-05 15:24:26.909   719  2791 D         : CPU_CLUSTER_0: Next Perf Level = (21, 21)
05-05 15:24:26.909   719  2791 D         : CPU_CLUSTER_1: Client 2121 sends freq request [26, 26]
05-05 15:24:26.909   719  2791 D         : CPU_CLUSTER_1: Next Perf Level = (26, 26)
05-05 15:24:26.910   719  2791 D         : CPUBW: Client 2121 sends freq request [8, 11]
05-05 15:24:26.910   719  2791 D         : CPUBW: Next Perf Level = (8, 11)
05-05 15:24:26.910   719  2791 D         : GPU: Client 2121 sends freq request [7, 7]
05-05 15:24:26.910   719  2791 D         : GPU: Next Perf Level = (7, 7)
05-05 15:24:26.911  2121  9227 I Clocks  : LockClocks( cpu=4, gpu=5 ) - end (3.9 ms)
05-05 15:24:26.959   715  9200 I [CT]    : L:Behavior:AtRest: deactivated
05-05 15:24:26.960   715  9200 I [CT]    : AdHocPatch: [Left] t = 54.773s, behavior transition: AtRest -> None at 54.824s
05-05 15:24:26.970   715  9200 I [CT]    : L:Behavior:AtRest: activated
05-05 15:24:26.970   715  9200 I [CT]    : AdHocPatch: [Left] t = 54.783s, behavior transition: None -> AtRest at 54.834s
05-05 15:24:27.049   715  9200 I [CT]    : L:Behavior:AtRest: deactivated
05-05 15:24:27.049   715  9200 I [CT]    : AdHocPatch: [Left] t = 54.863s, behavior transition: AtRest -> None at 54.914s
05-05 15:24:27.059   715  9200 I [CT]    : L:Behavior:AtRest: activated
05-05 15:24:27.059   715  9200 I [CT]    : AdHocPatch: [Left] t = 54.873s, behavior transition: None -> AtRest at 54.924s
05-05 15:24:27.103   715  9200 I [CT]    : L:Behavior:AtRest: deactivated
05-05 15:24:27.103   715  9200 I [CT]    : AdHocPatch: [Left] t = 54.917s, behavior transition: AtRest -> None at 54.968s
05-05 15:24:27.112  2129  2185 I GuardianSystem: UpdateGuardianSystemState: Flags changed: 524288, 532480
05-05 15:24:27.121   715  9200 I [CT]    : L:Behavior:AtRest: activated
05-05 15:24:27.122   715  9200 I [CT]    : AdHocPatch: [Left] t = 54.935s, behavior transition: None -> AtRest at 54.986s
05-05 15:24:27.143  2129  2375 W VrApi   : ovr_SubmitFrameInternal: FrameIndex discontinuity: Expected 33420, Received 33427
05-05 15:24:27.149  2129  2185 I GuardianSystem: UpdateGuardianSystemState: Flags changed: 532480, 524288
05-05 15:24:27.292   715  9200 I [CT]    : L:Behavior:AtRest: deactivated
05-05 15:24:27.292   715  9200 I [CT]    : AdHocPatch: [Left] t = 55.106s, behavior transition: AtRest -> None at 55.156s
05-05 15:24:27.302   715  9200 I [CT]    : L:Behavior:AtRest: activated
05-05 15:24:27.302   715  9200 I [CT]    : AdHocPatch: [Left] t = 55.116s, behavior transition: None -> AtRest at 55.166s
05-05 15:24:27.376   715  9200 I [CT]    : L:Behavior:AtRest: deactivated
05-05 15:24:27.376   715  9200 I [CT]    : AdHocPatch: [Left] t = 55.190s, behavior transition: AtRest -> None at 55.239s
05-05 15:24:27.393  2129  2185 I GuardianSystem: UpdateGuardianSystemState: Flags changed: 524288, 532480
05-05 15:24:27.424  2129  2375 W VrApi   : ovr_SubmitFrameInternal: FrameIndex discontinuity: Expected 33429, Received 33437
05-05 15:24:27.485   715  9200 I [CT]    : L:Behavior:AtRest: activated
05-05 15:24:27.485   715  9200 I [CT]    : AdHocPatch: [Left] t = 55.300s, behavior transition: None -> AtRest at 55.349s
05-05 15:24:27.497  2129  2185 I GuardianSystem: UpdateGuardianSystemState: Flags changed: 532480, 524288
05-05 15:24:27.626   715  9200 I [CT]    : L:Behavior:AtRest: deactivated
05-05 15:24:27.626   715  9200 I [CT]    : AdHocPatch: [Left] t = 55.440s, behavior transition: AtRest -> None at 55.489s
05-05 15:24:27.637   715  9200 I [CT]    : L:Behavior:AtRest: activated
05-05 15:24:27.638   715  9200 I [CT]    : AdHocPatch: [Left] t = 55.452s, behavior transition: None -> AtRest at 55.501s
05-05 15:24:27.652   715  9200 I [CT]    : L:Behavior:AtRest: deactivated
05-05 15:24:27.652   715  9200 I [CT]    : AdHocPatch: [Left] t = 55.466s, behavior transition: AtRest -> None at 55.515s
05-05 15:24:27.680  2129  2185 I GuardianSystem: UpdateGuardianSystemState: Flags changed: 524288, 532480
05-05 15:24:27.712  2129  2375 W VrApi   : ovr_SubmitFrameInternal: FrameIndex discontinuity: Expected 33444, Received 33450
05-05 15:24:27.729   715  9200 I [CT]    : L:Behavior:AtRest: activated
05-05 15:24:27.730   715  9200 I [CT]    : AdHocPatch: [Left] t = 55.544s, behavior transition: None -> AtRest at 55.593s
05-05 15:24:27.743  2129  2185 I GuardianSystem: UpdateGuardianSystemState: Flags changed: 532480, 524288
05-05 15:24:27.775   715  9200 I [CT]    : L:Behavior:AtRest: deactivated
05-05 15:24:27.776   715  9200 I [CT]    : AdHocPatch: [Left] t = 55.590s, behavior transition: AtRest -> None at 55.639s
05-05 15:24:27.780   715  9200 I [CT]    : L:Behavior:AtRest: activated
05-05 15:24:27.780   715  9200 I [CT]    : AdHocPatch: [Left] t = 55.594s, behavior transition: None -> AtRest at 55.643s
05-05 15:24:27.858  9037  9358 I VrApi   : FPS=69,Prd=45ms,Tear=0,Early=0,Stale=16,VSnc=1,Lat=1,Fov=0,CPU4/GPU=3/5,2304/710MHz,OC=FF,TA=0/E0/E0,SP=N/F/F,Mem=1804MHz,Free=1311MB,PSM=0,PLS=0,Temp=33.0C/0.0C,TW=1.29ms,App=13.42ms,GD=1.55ms,CPU&GPU=22.19ms,LCnt=1,GPU%=0.95,CPU%=0.25(W0.33),DSF=1.00
05-05 15:24:27.894   715  9200 I [CT]    : L:Behavior:AtRest: deactivated
05-05 15:24:27.894   715  9200 I [CT]    : AdHocPatch: [Left] t = 55.708s, behavior transition: AtRest -> None at 55.757s
05-05 15:24:27.904   715  9200 I [CT]    : L:Behavior:AtRest: activated
05-05 15:24:27.904   715  9200 I [CT]    : AdHocPatch: [Left] t = 55.718s, behavior transition: None -> AtRest at 55.767s
05-05 15:24:27.927   715  9200 I [CT]    : L:Behavior:AtRest: deactivated
05-05 15:24:27.927   715  9200 I [CT]    : AdHocPatch: [Left] t = 55.742s, behavior transition: AtRest -> None at 55.791s
05-05 15:24:27.941   715  9200 I [CT]    : L:Behavior:AtRest: activated
05-05 15:24:27.941   715  9200 I [CT]    : AdHocPatch: [Left] t = 55.756s, behavior transition: None -> AtRest at 55.805s
05-05 15:24:27.956   715  9200 I [CT]    : L:Behavior:AtRest: deactivated
05-05 15:24:27.956   715  9200 I [CT]    : AdHocPatch: [Left] t = 55.766s, behavior transition: AtRest -> None at 55.815s
05-05 15:24:27.965   715  9200 I [CT]    : L:Behavior:AtRest: activated
05-05 15:24:27.965   715  9200 I [CT]    : AdHocPatch: [Left] t = 55.780s, behavior transition: None -> AtRest at 55.829s
05-05 15:24:27.979   715  9200 I [CT]    : L:Behavior:AtRest: deactivated
05-05 15:24:27.979   715  9200 I [CT]    : AdHocPatch: [Left] t = 55.794s, behavior transition: AtRest -> None at 55.843s
05-05 15:24:27.992  2129  2185 I GuardianSystem: UpdateGuardianSystemState: Flags changed: 524288, 532480
05-05 15:24:28.021  2129  2375 W VrApi   : ovr_SubmitFrameInternal: FrameIndex discontinuity: Expected 33454, Received 33462
05-05 15:24:28.037   715  9200 I [CT]    : L:Behavior:AtRest: activated
05-05 15:24:28.037   715  9200 I [CT]    : AdHocPatch: [Left] t = 55.852s, behavior transition: None -> AtRest at 55.901s
05-05 15:24:28.051  2129  2185 I GuardianSystem: UpdateGuardianSystemState: Flags changed: 532480, 524288
05-05 15:24:28.075   715  9200 I [CT]    : L:Behavior:AtRest: deactivated
05-05 15:24:28.076   715  9200 I [CT]    : AdHocPatch: [Left] t = 55.886s, behavior transition: AtRest -> None at 55.935s
05-05 15:24:28.080  2129  2185 I GuardianSystem: UpdateGuardianSystemState: Flags changed: 524288, 532480
05-05 15:24:28.087   715  9200 I [CT]    : L:Behavior:AtRest: activated
05-05 15:24:28.087   715  9200 I [CT]    : AdHocPatch: [Left] t = 55.902s, behavior transition: None -> AtRest at 55.951s
05-05 15:24:28.099   715  9200 I [CT]    : L:Behavior:AtRest: deactivated
05-05 15:24:28.099   715  9200 I [CT]    : AdHocPatch: [Left] t = 55.912s, behavior transition: AtRest -> None at 55.961s
05-05 15:24:28.102  2129  2375 W VrApi   : ovr_SubmitFrameInternal: FrameIndex discontinuity: Expected 33466, Received 33467
05-05 15:24:28.116   715  9200 I [CT]    : L:Behavior:AtRest: activated
05-05 15:24:28.117   715  9200 I [CT]    : AdHocPatch: [Left] t = 55.930s, behavior transition: None -> AtRest at 55.979s
05-05 15:24:28.117  2129  2185 I GuardianSystem: UpdateGuardianSystemState: Flags changed: 532480, 524288
05-05 15:24:28.198   715  9200 I [CT]    : L:Behavior:AtRest: deactivated
05-05 15:24:28.198   715  9200 I [CT]    : AdHocPatch: [Left] t = 56.012s, behavior transition: AtRest -> None at 56.060s
05-05 15:24:28.207   715  9200 I [CT]    : L:Behavior:AtRest: activated
05-05 15:24:28.207   715  9200 I [CT]    : AdHocPatch: [Left] t = 56.022s, behavior transition: None -> AtRest at 56.072s
05-05 15:24:28.228   715  9200 I [CT]    : L:Behavior:AtRest: deactivated
05-05 15:24:28.228   715  9200 I [CT]    : AdHocPatch: [Left] t = 56.042s, behavior transition: AtRest -> None at 56.092s
05-05 15:24:28.231  2129  2185 I GuardianSystem: UpdateGuardianSystemState: Flags changed: 524288, 532480
05-05 15:24:28.241   715  9200 I [CT]    : L:Behavior:AtRest: activated
05-05 15:24:28.241   715  9200 I [CT]    : AdHocPatch: [Left] t = 56.056s, behavior transition: None -> AtRest at 56.106s
05-05 15:24:28.264  2129  2375 W VrApi   : ovr_SubmitFrameInternal: FrameIndex discontinuity: Expected 33470, Received 33474
05-05 15:24:28.265  2129  2185 I GuardianSystem: UpdateGuardianSystemState: Flags changed: 532480, 524288
05-05 15:24:28.317   715  9200 I [CT]    : L:Behavior:AtRest: deactivated
05-05 15:24:28.317   715  9200 I [CT]    : AdHocPatch: [Left] t = 56.132s, behavior transition: AtRest -> None at 56.182s
05-05 15:24:28.334   715  9200 I [CT]    : L:Behavior:AtRest: activated
05-05 15:24:28.334   715  9200 I [CT]    : AdHocPatch: [Left] t = 56.148s, behavior transition: None -> AtRest at 56.198s
05-05 15:24:28.346   715  9200 I [CT]    : L:Behavior:AtRest: deactivated
05-05 15:24:28.346   715  9200 I [CT]    : AdHocPatch: [Left] t = 56.160s, behavior transition: AtRest -> None at 56.210s
05-05 15:24:28.363   715  9200 I [CT]    : L:Behavior:AtRest: activated
05-05 15:24:28.363   715  9200 I [CT]    : AdHocPatch: [Left] t = 56.178s, behavior transition: None -> AtRest at 56.228s
05-05 15:24:28.520  2121  9237 I TimeWarp: UpdateClockLevels: Apply pending clock request change: 4,5 -> 4,4
05-05 15:24:28.520  2121  9227 I Clocks  : ReleaseClocks - start
05-05 15:24:28.521   719   719 D         : CPU_CLUSTER_0: No client requests exists, release clocks
05-05 15:24:28.521   719   719 D         : CPU_CLUSTER_1: No client requests exists, release clocks
05-05 15:24:28.521   719   719 D         : GPU: No client requests exists, release clocks
05-05 15:24:28.522   719   719 D         : CPUBW: No client requests exists, release clocks
05-05 15:24:28.522  2121  9227 I Clocks  : ReleaseClocks - end (1.7 ms)
05-05 15:24:28.522  2121  9227 I Clocks  : LockClocks( cpu=4, gpu=4 ) - start
05-05 15:24:28.523  2121  9227 I Clocks  : CPU levels [0, 4]
05-05 15:24:28.523  2121  9227 I Clocks  : GPU levels [0, 5]
05-05 15:24:28.523   719   819 D         : CPU_CLUSTER_0: Client 2121 sends freq request [21, 21]
05-05 15:24:28.523   719   819 D         : CPU_CLUSTER_0: Next Perf Level = (21, 21)
05-05 15:24:28.524   719   819 D         : CPU_CLUSTER_1: Client 2121 sends freq request [26, 26]
05-05 15:24:28.524   719   819 D         : CPU_CLUSTER_1: Next Perf Level = (26, 26)
05-05 15:24:28.524   719   819 D         : CPUBW: Client 2121 sends freq request [8, 11]
05-05 15:24:28.524   719   819 D         : CPUBW: Next Perf Level = (8, 11)
05-05 15:24:28.524   719   819 D         : GPU: Client 2121 sends freq request [6, 6]
05-05 15:24:28.524   719   819 D         : GPU: Next Perf Level = (6, 6)
05-05 15:24:28.524  2121  9227 I Clocks  : LockClocks( cpu=4, gpu=4 ) - end (2.1 ms)
05-05 15:24:28.557   715  9200 I [CT]    : L:Behavior:AtRest: deactivated
05-05 15:24:28.557   715  9200 I [CT]    : AdHocPatch: [Left] t = 56.372s, behavior transition: AtRest -> None at 56.422s
05-05 15:24:28.569   715  9200 I [CT]    : L:Behavior:AtRest: activated
05-05 15:24:28.569   715  9200 I [CT]    : AdHocPatch: [Left] t = 56.384s, behavior transition: None -> AtRest at 56.434s
05-05 15:24:28.676   715  9200 I [CT]    : L:Behavior:AtRest: deactivated
05-05 15:24:28.676   715  9200 I [CT]    : AdHocPatch: [Left] t = 56.488s, behavior transition: AtRest -> None at 56.538s
05-05 15:24:28.680  2129  2185 I GuardianSystem: UpdateGuardianSystemState: Flags changed: 524288, 532480
05-05 15:24:28.712  2129  2375 W VrApi   : ovr_SubmitFrameInternal: FrameIndex discontinuity: Expected 33476, Received 33489
05-05 15:24:28.723   715  9200 I [CT]    : L:Behavior:AtRest: activated
05-05 15:24:28.724   715  9200 I [CT]    : AdHocPatch: [Left] t = 56.538s, behavior transition: None -> AtRest at 56.588s
05-05 15:24:28.727  2129  2185 I GuardianSystem: UpdateGuardianSystemState: Flags changed: 532480, 524288
05-05 15:24:28.858  9037  9358 I VrApi   : FPS=68,Prd=45ms,Tear=0,Early=0,Stale=10,VSnc=1,Lat=1,Fov=0,CPU4/GPU=4/5,2304/670MHz,OC=FF,TA=0/E0/E0,SP=N/F/F,Mem=1804MHz,Free=1312MB,PSM=0,PLS=0,Temp=33.0C/0.0C,TW=1.34ms,App=13.10ms,GD=2.67ms,CPU&GPU=20.32ms,LCnt=1,GPU%=0.87,CPU%=0.20(W0.25),DSF=1.00
05-05 15:24:28.894   715  9200 I [CT]    : L:Behavior:AtRest: deactivated
05-05 15:24:28.894   715  9200 I [CT]    : AdHocPatch: [Left] t = 56.708s, behavior transition: AtRest -> None at 56.758s
05-05 15:24:28.910   715  9200 I [CT]    : L:Behavior:AtRest: activated
05-05 15:24:28.910   715  9200 I [CT]    : AdHocPatch: [Left] t = 56.724s, behavior transition: None -> AtRest at 56.774s
05-05 15:24:28.913  2129  2185 I GuardianSystem: UpdateGuardianSystemState: Flags changed: 524288, 532480
05-05 15:24:28.919   715  9200 I [CT]    : L:Behavior:AtRest: deactivated
05-05 15:24:28.919   715  9200 I [CT]    : AdHocPatch: [Left] t = 56.734s, behavior transition: AtRest -> None at 56.784s
05-05 15:24:28.941  2129  2375 W VrApi   : ovr_SubmitFrameInternal: FrameIndex discontinuity: Expected 33492, Received 33498
05-05 15:24:28.999   715  9212 I [CT]    : MANAGEMENT:CONSTELLATION: Status=GREEN,, Obj=7745273921483883046,6DOF=1,FusJit=0.004mm,Issues(Cam/min=  0,IMU/min=0), Obj=4212769887286730484,6DOF=1,Issues(Cam/min=  0,IMU/min=0)
05-05 15:24:29.001   715  9200 I [CT]    : L:Behavior:AtRest: activated
05-05 15:24:29.001   715  9200 I [CT]    : AdHocPatch: [Left] t = 56.816s, behavior transition: None -> AtRest at 56.865s
05-05 15:24:29.012  2129  2185 I GuardianSystem: UpdateGuardianSystemState: Flags changed: 532480, 524288
05-05 15:24:29.017   715  9200 I [CT]    : L:Behavior:AtRest: deactivated
05-05 15:24:29.017   715  9200 I [CT]    : AdHocPatch: [Left] t = 56.832s, behavior transition: AtRest -> None at 56.881s
05-05 15:24:29.025   715  9200 I [CT]    : L:Behavior:AtRest: activated
05-05 15:24:29.026   715  9200 I [CT]    : AdHocPatch: [Left] t = 56.840s, behavior transition: None -> AtRest at 56.889s
05-05 15:24:29.343   715  9200 I [CT]    : L:Behavior:AtRest: deactivated
05-05 15:24:29.344   715  9200 I [CT]    : AdHocPatch: [Left] t = 57.158s, behavior transition: AtRest -> None at 57.207s
05-05 15:24:29.356   715  9200 I [CT]    : L:Behavior:AtRest: activated
05-05 15:24:29.356   715  9200 I [CT]    : AdHocPatch: [Left] t = 57.170s, behavior transition: None -> AtRest at 57.219s
05-05 15:24:29.467   715  9200 I [CT]    : L:Behavior:AtRest: deactivated
05-05 15:24:29.467   715  9200 I [CT]    : AdHocPatch: [Left] t = 57.282s, behavior transition: AtRest -> None at 57.331s
05-05 15:24:29.481   715  9200 I [CT]    : L:Behavior:AtRest: activated
05-05 15:24:29.481   715  9200 I [CT]    : AdHocPatch: [Left] t = 57.296s, behavior transition: None -> AtRest at 57.345s
05-05 15:24:29.596   715  9200 I [CT]    : L:Behavior:AtRest: deactivated
05-05 15:24:29.596   715  9200 I [CT]    : AdHocPatch: [Left] t = 57.408s, behavior transition: AtRest -> None at 57.459s
05-05 15:24:29.598  2129  2185 I GuardianSystem: UpdateGuardianSystemState: Flags changed: 524288, 532480
05-05 15:24:29.605   715  9200 I [CT]    : L:Behavior:AtRest: activated
05-05 15:24:29.606   715  9200 I [CT]    : AdHocPatch: [Left] t = 57.418s, behavior transition: None -> AtRest at 57.469s
05-05 15:24:29.624   715  9200 I [CT]    : L:Behavior:AtRest: deactivated
05-05 15:24:29.624   715  9200 I [CT]    : AdHocPatch: [Left] t = 57.436s, behavior transition: AtRest -> None at 57.487s
05-05 15:24:29.631  2129  2375 W VrApi   : ovr_SubmitFrameInternal: FrameIndex discontinuity: Expected 33505, Received 33523
05-05 15:24:29.636   715  9200 I [CT]    : L:Behavior:AtRest: activated
05-05 15:24:29.636   715  9200 I [CT]    : AdHocPatch: [Left] t = 57.444s, behavior transition: None -> AtRest at 57.495s
05-05 15:24:29.646  2129  2185 I GuardianSystem: UpdateGuardianSystemState: Flags changed: 532480, 524288
05-05 15:24:29.856  9037  9358 I VrApi   : FPS=67,Prd=45ms,Tear=0,Early=0,Stale=3,VSnc=1,Lat=1,Fov=0,CPU4/GPU=4/4,2304/670MHz,OC=FF,TA=0/E0/E0,SP=N/F/F,Mem=1804MHz,Free=1312MB,PSM=0,PLS=0,Temp=33.0C/0.0C,TW=1.44ms,App=16.04ms,GD=3.23ms,CPU&GPU=17.74ms,LCnt=1,GPU%=0.97,CPU%=0.25(W0.30),DSF=1.00
05-05 15:24:29.857  2121  9237 I TimeWarp: UpdateClockLevels: Apply pending clock request change: 4,4 -> 4,5
05-05 15:24:29.857  2121  9227 I Clocks  : ReleaseClocks - start
05-05 15:24:29.858   719  2791 D         : CPU_CLUSTER_0: No client requests exists, release clocks
05-05 15:24:29.858   719  2791 D         : CPU_CLUSTER_1: No client requests exists, release clocks
05-05 15:24:29.858   719  2791 D         : GPU: No client requests exists, release clocks
05-05 15:24:29.858   719  2791 D         : CPUBW: No client requests exists, release clocks
05-05 15:24:29.859  2121  9227 I Clocks  : ReleaseClocks - end (2.0 ms)
05-05 15:24:29.859  2121  9227 I Clocks  : LockClocks( cpu=4, gpu=5 ) - start
05-05 15:24:29.860  2121  9227 I Clocks  : CPU levels [0, 4]
05-05 15:24:29.860  2121  9227 I Clocks  : GPU levels [0, 5]
05-05 15:24:29.861   719   719 D         : CPU_CLUSTER_0: Client 2121 sends freq request [21, 21]
05-05 15:24:29.861   719   719 D         : CPU_CLUSTER_0: Next Perf Level = (21, 21)
05-05 15:24:29.861   719   719 D         : CPU_CLUSTER_1: Client 2121 sends freq request [26, 26]
05-05 15:24:29.861   719   719 D         : CPU_CLUSTER_1: Next Perf Level = (26, 26)
05-05 15:24:29.861   719   719 D         : CPUBW: Client 2121 sends freq request [8, 11]
05-05 15:24:29.861   719   719 D         : CPUBW: Next Perf Level = (8, 11)
05-05 15:24:29.861   719   719 D         : GPU: Client 2121 sends freq request [7, 7]
05-05 15:24:29.861   719   719 D         : GPU: Next Perf Level = (7, 7)
05-05 15:24:29.862  2121  9227 I Clocks  : LockClocks( cpu=4, gpu=5 ) - end (3.0 ms)
05-05 15:24:29.925   715  9200 I [CT]    : L:Behavior:AtRest: deactivated
05-05 15:24:29.925   715  9200 I [CT]    : AdHocPatch: [Left] t = 57.739s, behavior transition: AtRest -> None at 57.790s
05-05 15:24:29.927  2129  2185 I GuardianSystem: UpdateGuardianSystemState: Flags changed: 524288, 532480
05-05 15:24:29.934   715  9200 I [CT]    : L:Behavior:AtRest: activated
05-05 15:24:29.934   715  9200 I [CT]    : AdHocPatch: [Left] t = 57.747s, behavior transition: None -> AtRest at 57.798s
05-05 15:24:29.949   715  9200 I [CT]    : L:Behavior:AtRest: deactivated
05-05 15:24:29.949   715  9200 I [CT]    : AdHocPatch: [Left] t = 57.763s, behavior transition: AtRest -> None at 57.814s
05-05 15:24:29.960  2129  2375 W VrApi   : ovr_SubmitFrameInternal: FrameIndex discontinuity: Expected 33526, Received 33535
05-05 15:24:29.967   715  9200 I [CT]    : L:Behavior:AtRest: activated
05-05 15:24:29.968   715  9200 I [CT]    : AdHocPatch: [Left] t = 57.781s, behavior transition: None -> AtRest at 57.832s
05-05 15:24:29.977  2129  2185 I GuardianSystem: UpdateGuardianSystemState: Flags changed: 532480, 524288
05-05 15:24:29.982  2121  9237 I TimeWarp: UpdateClockLevels: Apply pending clock request change: 4,5 -> 4,4
05-05 15:24:29.982  2121  9227 I Clocks  : ReleaseClocks - start
05-05 15:24:29.983   719  2043 D         : CPU_CLUSTER_0: No client requests exists, release clocks
05-05 15:24:29.983   719  2043 D         : CPU_CLUSTER_1: No client requests exists, release clocks
05-05 15:24:29.983   719  2043 D         : GPU: No client requests exists, release clocks
05-05 15:24:29.983   719  2043 D         : CPUBW: No client requests exists, release clocks
05-05 15:24:29.985  2121  9227 I Clocks  : ReleaseClocks - end (2.5 ms)
05-05 15:24:29.985  2121  9227 I Clocks  : LockClocks( cpu=4, gpu=4 ) - start
05-05 15:24:29.988  2121  9227 I Clocks  : CPU levels [0, 4]
05-05 15:24:29.988  2121  9227 I Clocks  : GPU levels [0, 5]
05-05 15:24:29.988   719  2188 D         : CPU_CLUSTER_0: Client 2121 sends freq request [21, 21]
05-05 15:24:29.988   719  2188 D         : CPU_CLUSTER_0: Next Perf Level = (21, 21)
05-05 15:24:29.988   719  2188 D         : CPU_CLUSTER_1: Client 2121 sends freq request [26, 26]
05-05 15:24:29.988   719  2188 D         : CPU_CLUSTER_1: Next Perf Level = (26, 26)
05-05 15:24:29.990   719  2188 D         : CPUBW: Client 2121 sends freq request [8, 11]
05-05 15:24:29.991   719  2188 D         : CPUBW: Next Perf Level = (8, 11)
05-05 15:24:29.991   719  2188 D         : GPU: Client 2121 sends freq request [6, 6]
05-05 15:24:29.991   719  2188 D         : GPU: Next Perf Level = (6, 6)
05-05 15:24:29.992  2121  9227 I Clocks  : LockClocks( cpu=4, gpu=4 ) - end (6.7 ms)
05-05 15:24:30.094  2121  9237 I TimeWarp: UpdateClockLevels: Apply pending clock request change: 4,4 -> 3,4
05-05 15:24:30.094  2121  9227 I Clocks  : ReleaseClocks - start
05-05 15:24:30.095   719   719 D         : CPU_CLUSTER_0: No client requests exists, release clocks
05-05 15:24:30.095   719   719 D         : CPU_CLUSTER_1: No client requests exists, release clocks
05-05 15:24:30.095   719   719 D         : GPU: No client requests exists, release clocks
05-05 15:24:30.095   719   719 D         : CPUBW: No client requests exists, release clocks
05-05 15:24:30.096  2121  9227 I Clocks  : ReleaseClocks - end (1.8 ms)
05-05 15:24:30.096  2121  9227 I Clocks  : LockClocks( cpu=3, gpu=4 ) - start
05-05 15:24:30.098  2121  9227 I Clocks  : CPU levels [0, 4]
05-05 15:24:30.098  2121  9227 I Clocks  : GPU levels [0, 5]
05-05 15:24:30.098   719  2043 D         : CPU_CLUSTER_0: Client 2121 sends freq request [21, 21]
05-05 15:24:30.098   719  2043 D         : CPU_CLUSTER_0: Next Perf Level = (21, 21)
05-05 15:24:30.098   719  2043 D         : CPU_CLUSTER_1: Client 2121 sends freq request [22, 22]
05-05 15:24:30.098   719  2043 D         : CPU_CLUSTER_1: Next Perf Level = (22, 22)
05-05 15:24:30.099   719  2043 D         : CPUBW: Client 2121 sends freq request [8, 11]
05-05 15:24:30.099   719  2043 D         : CPUBW: Next Perf Level = (8, 11)
05-05 15:24:30.099   719  2043 D         : GPU: Client 2121 sends freq request [6, 6]
05-05 15:24:30.099   719  2043 D         : GPU: Next Perf Level = (6, 6)
05-05 15:24:30.099  2121  9227 I Clocks  : LockClocks( cpu=3, gpu=4 ) - end (3.4 ms)
05-05 15:24:30.111   715  9213 I [CT]    : VIPER:MAP_MANAGER: State: TRACKING_PERSISTENT, UUID=d18585e8-d288-4997-b6ff-78495c7eed6a, Num. Persistent maps = 1,  Persistent maps:d18585e8-d288-4997-b6ff-78495c7eed6a,, Ser. Disabled = 00000000-0000-0000-0000-000000000000
05-05 15:24:30.150   715  9213 I [CT]    : VIPER: Status=6DoF,TRACKING,KF=133,Inl=399,Pts=456,Jit=0.1mm,Issues(Cam/min=0.0,IMU/min=0.0),Exp=(5.9ms,g=7.0,I=75)(4.8ms,g=5.0,I=68)(5.9ms,g=7.0,I=66)(5.1ms,g=5.0,I=67)
05-05 15:24:30.165   715  9200 I [CT]    : L:Behavior:AtRest: deactivated
05-05 15:24:30.166   715  9200 I [CT]    : AdHocPatch: [Left] t = 57.979s, behavior transition: AtRest -> None at 58.030s
05-05 15:24:30.180   715  9200 I [CT]    : L:Behavior:AtRest: activated
05-05 15:24:30.180   715  9200 I [CT]    : AdHocPatch: [Left] t = 57.993s, behavior transition: None -> AtRest at 58.044s
05-05 15:24:30.196   715  9200 I [CT]    : L:Behavior:AtRest: deactivated
05-05 15:24:30.196   715  9200 I [CT]    : AdHocPatch: [Left] t = 58.005s, behavior transition: AtRest -> None at 58.056s
05-05 15:24:30.225  2129  2185 I GuardianSystem: UpdateGuardianSystemState: Flags changed: 524288, 532480
05-05 15:24:30.258  2129  2375 W VrApi   : ovr_SubmitFrameInternal: FrameIndex discontinuity: Expected 33538, Received 33546
05-05 15:24:30.301   715  9200 I [CT]    : L:Behavior:AtRest: activated
05-05 15:24:30.301   715  9200 I [CT]    : AdHocPatch: [Left] t = 58.115s, behavior transition: None -> AtRest at 58.166s
05-05 15:24:30.314  2129  2185 I GuardianSystem: UpdateGuardianSystemState: Flags changed: 532480, 524288
05-05 15:24:30.347   715  9200 I [CT]    : L:Behavior:AtRest: deactivated
05-05 15:24:30.347   715  9200 I [CT]    : AdHocPatch: [Left] t = 58.161s, behavior transition: AtRest -> None at 58.212s
05-05 15:24:30.358  2121  9237 I TimeWarp: UpdateClockLevels: Apply pending clock request change: 3,4 -> 3,5
05-05 15:24:30.358  2121  9227 I Clocks  : ReleaseClocks - start
05-05 15:24:30.359   719   819 D         : CPU_CLUSTER_0: No client requests exists, release clocks
05-05 15:24:30.359   719   819 D         : CPU_CLUSTER_1: No client requests exists, release clocks
05-05 15:24:30.359   719   819 D         : GPU: No client requests exists, release clocks
05-05 15:24:30.359   719   819 D         : CPUBW: No client requests exists, release clocks
05-05 15:24:30.360  2121  9227 I Clocks  : ReleaseClocks - end (1.9 ms)
05-05 15:24:30.360  2121  9227 I Clocks  : LockClocks( cpu=3, gpu=5 ) - start
05-05 15:24:30.361  2121  9227 I Clocks  : CPU levels [0, 4]
05-05 15:24:30.361  2121  9227 I Clocks  : GPU levels [0, 5]
05-05 15:24:30.361   715  9200 I [CT]    : L:Behavior:AtRest: activated
05-05 15:24:30.361   715  9200 I [CT]    : AdHocPatch: [Left] t = 58.175s, behavior transition: None -> AtRest at 58.226s
05-05 15:24:30.361   719  2791 D         : CPU_CLUSTER_0: Client 2121 sends freq request [21, 21]
05-05 15:24:30.361   719  2791 D         : CPU_CLUSTER_0: Next Perf Level = (21, 21)
05-05 15:24:30.362   719  2791 D         : CPU_CLUSTER_1: Client 2121 sends freq request [22, 22]
05-05 15:24:30.362   719  2791 D         : CPU_CLUSTER_1: Next Perf Level = (22, 22)
05-05 15:24:30.362   719  2791 D         : CPUBW: Client 2121 sends freq request [8, 11]
05-05 15:24:30.362   719  2791 D         : CPUBW: Next Perf Level = (8, 11)
05-05 15:24:30.362   719  2791 D         : GPU: Client 2121 sends freq request [7, 7]
05-05 15:24:30.362   719  2791 D         : GPU: Next Perf Level = (7, 7)
05-05 15:24:30.364  2121  9227 I Clocks  : LockClocks( cpu=3, gpu=5 ) - end (3.3 ms)
05-05 15:24:30.496   715  9200 I [CT]    : L:Behavior:AtRest: deactivated
05-05 15:24:30.496   715  9200 I [CT]    : AdHocPatch: [Left] t = 58.309s, behavior transition: AtRest -> None at 58.360s
05-05 15:24:30.499  2129  2185 I GuardianSystem: UpdateGuardianSystemState: Flags changed: 524288, 532480
05-05 15:24:30.508   715  9200 I [CT]    : L:Behavior:AtRest: activated
05-05 15:24:30.508   715  9200 I [CT]    : AdHocPatch: [Left] t = 58.321s, behavior transition: None -> AtRest at 58.372s
05-05 15:24:30.518  1439  9473 I OSUpdateService: Intent with action system_battery_changed
05-05 15:24:30.529  2129  2375 W VrApi   : ovr_SubmitFrameInternal: FrameIndex discontinuity: Expected 33552, Received 33558
05-05 15:24:30.530  2129  2185 I GuardianSystem: UpdateGuardianSystemState: Flags changed: 532480, 524288
05-05 15:24:30.618   715  9200 I [CT]    : L:Behavior:AtRest: deactivated
05-05 15:24:30.618   715  9200 I [CT]    : AdHocPatch: [Left] t = 58.431s, behavior transition: AtRest -> None at 58.481s
05-05 15:24:30.636   715  9200 I [CT]    : L:Behavior:AtRest: activated
05-05 15:24:30.636   715  9200 I [CT]    : AdHocPatch: [Left] t = 58.445s, behavior transition: None -> AtRest at 58.495s
05-05 15:24:30.769   715  9200 I [CT]    : L:Behavior:AtRest: deactivated
05-05 15:24:30.770   715  9200 I [CT]    : AdHocPatch: [Left] t = 58.583s, behavior transition: AtRest -> None at 58.633s
05-05 15:24:30.779   715  9200 I [CT]    : L:Behavior:AtRest: activated
05-05 15:24:30.779   715  9200 I [CT]    : AdHocPatch: [Left] t = 58.593s, behavior transition: None -> AtRest at 58.643s
05-05 15:24:30.818  2121  9237 I TimeWarp: UpdateClockLevels: Apply pending clock request change: 3,5 -> 3,4
05-05 15:24:30.818  2121  9227 I Clocks  : ReleaseClocks - start
05-05 15:24:30.819   719   719 D         : CPU_CLUSTER_0: No client requests exists, release clocks
05-05 15:24:30.819   719   719 D         : CPU_CLUSTER_1: No client requests exists, release clocks
05-05 15:24:30.819   719   719 D         : GPU: No client requests exists, release clocks
05-05 15:24:30.819   719   719 D         : CPUBW: No client requests exists, release clocks
05-05 15:24:30.819  2121  9227 I Clocks  : ReleaseClocks - end (1.1 ms)
05-05 15:24:30.819  2121  9227 I Clocks  : LockClocks( cpu=3, gpu=4 ) - start
05-05 15:24:30.820  2121  9227 I Clocks  : CPU levels [0, 4]
05-05 15:24:30.820  2121  9227 I Clocks  : GPU levels [0, 5]
05-05 15:24:30.820   719  2043 D         : CPU_CLUSTER_0: Client 2121 sends freq request [21, 21]
05-05 15:24:30.820   719  2043 D         : CPU_CLUSTER_0: Next Perf Level = (21, 21)
05-05 15:24:30.820   719  2043 D         : CPU_CLUSTER_1: Client 2121 sends freq request [22, 22]
05-05 15:24:30.820   719  2043 D         : CPU_CLUSTER_1: Next Perf Level = (22, 22)
05-05 15:24:30.820   719  2043 D         : CPUBW: Client 2121 sends freq request [8, 11]
05-05 15:24:30.820   719  2043 D         : CPUBW: Next Perf Level = (8, 11)
05-05 15:24:30.821   719  2043 D         : GPU: Client 2121 sends freq request [6, 6]
05-05 15:24:30.821   719  2043 D         : GPU: Next Perf Level = (6, 6)
05-05 15:24:30.821  2121  9227 I Clocks  : LockClocks( cpu=3, gpu=4 ) - end (1.8 ms)
05-05 15:24:30.860  9037  9358 I VrApi   : FPS=70,Prd=44ms,Tear=0,Early=0,Stale=6,VSnc=1,Lat=1,Fov=0,CPU4/GPU=4/5,1958/670MHz,OC=FF,TA=0/E0/E0,SP=N/F/F,Mem=1804MHz,Free=1309MB,PSM=0,PLS=0,Temp=33.0C/0.0C,TW=1.33ms,App=14.22ms,GD=2.31ms,CPU&GPU=20.29ms,LCnt=1,GPU%=0.96,CPU%=0.31(W0.37),DSF=1.00
05-05 15:24:30.861   715  9200 I [CT]    : L:Behavior:AtRest: deactivated
05-05 15:24:30.862   715  9200 I [CT]    : AdHocPatch: [Left] t = 58.675s, behavior transition: AtRest -> None at 58.725s
05-05 15:24:30.876   715  9200 I [CT]    : L:Behavior:AtRest: activated
05-05 15:24:30.876   715  9200 I [CT]    : AdHocPatch: [Left] t = 58.687s, behavior transition: None -> AtRest at 58.737s
05-05 15:24:30.885   715  9200 I [CT]    : L:Behavior:AtRest: deactivated
05-05 15:24:30.885   715  9200 I [CT]    : AdHocPatch: [Left] t = 58.699s, behavior transition: AtRest -> None at 58.749s
05-05 15:24:30.901   715  9200 I [CT]    : L:Behavior:AtRest: activated
05-05 15:24:30.902   715  9200 I [CT]    : AdHocPatch: [Left] t = 58.715s, behavior transition: None -> AtRest at 58.765s
05-05 15:24:31.190   715  9200 I [CT]    : L:Behavior:AtRest: deactivated
05-05 15:24:31.190   715  9200 I [CT]    : AdHocPatch: [Left] t = 59.003s, behavior transition: AtRest -> None at 59.053s
05-05 15:24:31.216  2129  2185 I GuardianSystem: UpdateGuardianSystemState: Flags changed: 524288, 532480
05-05 15:24:31.249  2129  2375 W VrApi   : ovr_SubmitFrameInternal: FrameIndex discontinuity: Expected 33560, Received 33581
05-05 15:24:31.297   715  9200 I [CT]    : L:Behavior:AtRest: activated
05-05 15:24:31.297   715  9200 I [CT]    : AdHocPatch: [Left] t = 59.111s, behavior transition: None -> AtRest at 59.161s
05-05 15:24:31.307  2129  2185 I GuardianSystem: UpdateGuardianSystemState: Flags changed: 532480, 524288
05-05 15:24:31.315   715  9200 I [CT]    : L:Behavior:AtRest: deactivated
05-05 15:24:31.316   715  9200 I [CT]    : AdHocPatch: [Left] t = 59.125s, behavior transition: AtRest -> None at 59.175s
05-05 15:24:31.319  2129  2185 I GuardianSystem: UpdateGuardianSystemState: Flags changed: 524288, 532480
05-05 15:24:31.330   715  9200 I [CT]    : L:Behavior:AtRest: activated
05-05 15:24:31.330   715  9200 I [CT]    : AdHocPatch: [Left] t = 59.143s, behavior transition: None -> AtRest at 59.193s
05-05 15:24:31.337  2129  2185 I GuardianSystem: UpdateGuardianSystemState: Flags changed: 532480, 524288
05-05 15:24:31.361  2121  9237 I TimeWarp: UpdateClockLevels: Apply pending clock request change: 3,4 -> 4,4
05-05 15:24:31.361  2121  9227 I Clocks  : ReleaseClocks - start
05-05 15:24:31.361   719  2791 D         : CPU_CLUSTER_0: No client requests exists, release clocks
05-05 15:24:31.361   719  2791 D         : CPU_CLUSTER_1: No client requests exists, release clocks
05-05 15:24:31.362   719  2791 D         : GPU: No client requests exists, release clocks
05-05 15:24:31.362   719  2791 D         : CPUBW: No client requests exists, release clocks
05-05 15:24:31.363  2121  9227 I Clocks  : ReleaseClocks - end (1.9 ms)
05-05 15:24:31.363  2121  9227 I Clocks  : LockClocks( cpu=4, gpu=4 ) - start
05-05 15:24:31.363  2121  9227 I Clocks  : CPU levels [0, 4]
05-05 15:24:31.363  2121  9227 I Clocks  : GPU levels [0, 5]
05-05 15:24:31.364   719   719 D         : CPU_CLUSTER_0: Client 2121 sends freq request [21, 21]
05-05 15:24:31.364   719   719 D         : CPU_CLUSTER_0: Next Perf Level = (21, 21)
05-05 15:24:31.364   719   719 D         : CPU_CLUSTER_1: Client 2121 sends freq request [26, 26]
05-05 15:24:31.364   719   719 D         : CPU_CLUSTER_1: Next Perf Level = (26, 26)
05-05 15:24:31.364   719   719 D         : CPUBW: Client 2121 sends freq request [8, 11]
05-05 15:24:31.364   719   719 D         : CPUBW: Next Perf Level = (8, 11)
05-05 15:24:31.364   719   719 D         : GPU: Client 2121 sends freq request [6, 6]
05-05 15:24:31.364   719   719 D         : GPU: Next Perf Level = (6, 6)
05-05 15:24:31.364  2121  9227 I Clocks  : LockClocks( cpu=4, gpu=4 ) - end (1.7 ms)
05-05 15:24:31.412   715  9200 I [CT]    : L:Behavior:AtRest: deactivated
05-05 15:24:31.412   715  9200 I [CT]    : AdHocPatch: [Left] t = 59.225s, behavior transition: AtRest -> None at 59.274s
05-05 15:24:31.418  2129  2185 I GuardianSystem: UpdateGuardianSystemState: Flags changed: 524288, 532480
05-05 15:24:31.423   715  9200 I [CT]    : L:Behavior:AtRest: activated
05-05 15:24:31.423   715  9200 I [CT]    : AdHocPatch: [Left] t = 59.237s, behavior transition: None -> AtRest at 59.286s
05-05 15:24:31.440   715  9200 I [CT]    : L:Behavior:AtRest: deactivated
05-05 15:24:31.440   715  9200 I [CT]    : AdHocPatch: [Left] t = 59.253s, behavior transition: AtRest -> None at 59.302s
05-05 15:24:31.448  2129  2375 W VrApi   : ovr_SubmitFrameInternal: FrameIndex discontinuity: Expected 33589, Received 33592
05-05 15:24:31.450   715  9200 I [CT]    : L:Behavior:AtRest: activated
05-05 15:24:31.450   715  9200 I [CT]    : AdHocPatch: [Left] t = 59.263s, behavior transition: None -> AtRest at 59.314s
05-05 15:24:31.462  2129  2185 I GuardianSystem: UpdateGuardianSystemState: Flags changed: 532480, 524288
05-05 15:24:31.767   715  9200 I [CT]    : L:Behavior:AtRest: deactivated
05-05 15:24:31.767   715  9200 I [CT]    : AdHocPatch: [Left] t = 59.581s, behavior transition: AtRest -> None at 59.632s
05-05 15:24:31.782  2129  2185 I GuardianSystem: UpdateGuardianSystemState: Flags changed: 524288, 532480
05-05 15:24:31.788   715  9200 I [CT]    : L:Behavior:AtRest: activated
05-05 15:24:31.788   715  9200 I [CT]    : AdHocPatch: [Left] t = 59.601s, behavior transition: None -> AtRest at 59.652s
05-05 15:24:31.814  2129  2375 W VrApi   : ovr_SubmitFrameInternal: FrameIndex discontinuity: Expected 33595, Received 33605
05-05 15:24:31.816  2129  2185 I GuardianSystem: UpdateGuardianSystemState: Flags changed: 532480, 524288
05-05 15:24:31.858  9037  9358 I VrApi   : FPS=70,Prd=44ms,Tear=0,Early=0,Stale=6,VSnc=1,Lat=1,Fov=0,CPU4/GPU=3/4,2304/670MHz,OC=FF,TA=0/E0/E0,SP=N/F/F,Mem=1804MHz,Free=1307MB,PSM=0,PLS=0,Temp=33.0C/0.0C,TW=1.25ms,App=14.14ms,GD=0.00ms,CPU&GPU=20.46ms,LCnt=1,GPU%=1.00,CPU%=0.39(W0.45),DSF=1.00
05-05 15:24:31.862  2121  9237 I TimeWarp: UpdateClockLevels: Apply pending clock request change: 4,4 -> 4,5
05-05 15:24:31.862  2121  9227 I Clocks  : ReleaseClocks - start
05-05 15:24:31.863   719   819 D         : CPU_CLUSTER_0: No client requests exists, release clocks
05-05 15:24:31.863   719   819 D         : CPU_CLUSTER_1: No client requests exists, release clocks
05-05 15:24:31.864   719   819 D         : GPU: No client requests exists, release clocks
05-05 15:24:31.864   719   819 D         : CPUBW: No client requests exists, release clocks
05-05 15:24:31.865  2121  9227 I Clocks  : ReleaseClocks - end (2.5 ms)
05-05 15:24:31.865  2121  9227 I Clocks  : LockClocks( cpu=4, gpu=5 ) - start
05-05 15:24:31.866  2121  9227 I Clocks  : CPU levels [0, 4]
05-05 15:24:31.866  2121  9227 I Clocks  : GPU levels [0, 5]
05-05 15:24:31.870   719   719 D         : CPU_CLUSTER_0: Client 2121 sends freq request [21, 21]
05-05 15:24:31.871   719   719 D         : CPU_CLUSTER_0: Next Perf Level = (21, 21)
05-05 15:24:31.871   719   719 D         : CPU_CLUSTER_1: Client 2121 sends freq request [26, 26]
05-05 15:24:31.871   719   719 D         : CPU_CLUSTER_1: Next Perf Level = (26, 26)
05-05 15:24:31.871   719   719 D         : CPUBW: Client 2121 sends freq request [8, 11]
05-05 15:24:31.871   719   719 D         : CPUBW: Next Perf Level = (8, 11)
05-05 15:24:31.872   719   719 D         : GPU: Client 2121 sends freq request [7, 7]
05-05 15:24:31.872   719   719 D         : GPU: Next Perf Level = (7, 7)
05-05 15:24:31.874  2121  9227 I Clocks  : LockClocks( cpu=4, gpu=5 ) - end (8.4 ms)
05-05 15:24:31.938  9037  9056 D UE4     : [GameActivity] Used memory: 754008
05-05 15:24:31.982   715  9200 I [CT]    : L:Behavior:AtRest: deactivated
05-05 15:24:31.982   715  9200 I [CT]    : AdHocPatch: [Left] t = 59.795s, behavior transition: AtRest -> None at 59.846s
05-05 15:24:31.998   715  9200 I [CT]    : L:Behavior:AtRest: activated
05-05 15:24:31.998   715  9200 I [CT]    : AdHocPatch: [Left] t = 59.811s, behavior transition: None -> AtRest at 59.862s
05-05 15:24:31.998  2129  2185 I GuardianSystem: UpdateGuardianSystemState: Flags changed: 524288, 532480
05-05 15:24:32.010   715  9200 I [CT]    : L:Behavior:AtRest: deactivated
05-05 15:24:32.010   715  9200 I [CT]    : AdHocPatch: [Left] t = 59.823s, behavior transition: AtRest -> None at 59.874s
05-05 15:24:32.024   715  9200 I [CT]    : L:Behavior:AtRest: activated
05-05 15:24:32.024   715  9200 I [CT]    : AdHocPatch: [Left] t = 59.837s, behavior transition: None -> AtRest at 59.888s
05-05 15:24:32.030  2129  2375 W VrApi   : ovr_SubmitFrameInternal: FrameIndex discontinuity: Expected 33607, Received 33613
05-05 15:24:32.040  2129  2185 I GuardianSystem: UpdateGuardianSystemState: Flags changed: 532480, 524288
05-05 15:24:32.040   715  9200 I [CT]    : L:Behavior:AtRest: deactivated
05-05 15:24:32.040   715  9200 I [CT]    : AdHocPatch: [Left] t = 59.853s, behavior transition: AtRest -> None at 59.904s
05-05 15:24:32.045  2129  2185 I GuardianSystem: UpdateGuardianSystemState: Flags changed: 524288, 532480
05-05 15:24:32.120   715  9200 I [CT]    : L:Behavior:AtRest: activated
05-05 15:24:32.120   715  9200 I [CT]    : AdHocPatch: [Left] t = 59.933s, behavior transition: None -> AtRest at 59.984s
05-05 15:24:32.129  2129  2185 I GuardianSystem: UpdateGuardianSystemState: Flags changed: 532480, 524288
05-05 15:24:32.131   715  9200 I [CT]    : L:Behavior:AtRest: deactivated
05-05 15:24:32.131   715  9200 I [CT]    : AdHocPatch: [Left] t = 59.945s, behavior transition: AtRest -> None at 59.996s
05-05 15:24:32.147   715  9200 I [CT]    : L:Behavior:AtRest: activated
05-05 15:24:32.147   715  9200 I [CT]    : AdHocPatch: [Left] t = 59.961s, behavior transition: None -> AtRest at 60.012s
05-05 15:24:32.148  2129  2185 I GuardianSystem: UpdateGuardianSystemState: Flags changed: 524288, 532480
05-05 15:24:32.158  2129  2185 I GuardianSystem: UpdateGuardianSystemState: Flags changed: 532480, 524288
05-05 15:24:32.222  1061  1476 I WifiHAL : event received NL80211_CMD_VENDOR, vendor_id = 0x1374, subcmd = 0x6a
05-05 15:24:32.251   715  9200 I [CT]    : L:Behavior:AtRest: deactivated
05-05 15:24:32.251   715  9200 I [CT]    : AdHocPatch: [Left] t = 60.065s, behavior transition: AtRest -> None at 60.115s
05-05 15:24:32.256   715  9149 I [CT]    : boltlib: DSP utilization(%): 15
05-05 15:24:32.264   715  9200 I [CT]    : L:Behavior:AtRest: activated
05-05 15:24:32.264   715  9200 I [CT]    : AdHocPatch: [Left] t = 60.077s, behavior transition: None -> AtRest at 60.127s
05-05 15:24:32.275  1061  1435 D SntpClient: round trip: 47ms, clock offset: -77ms
05-05 15:24:32.281  1061  1476 I WifiHAL : event received NL80211_CMD_VENDOR, vendor_id = 0x1374, subcmd = 0x6b
05-05 15:24:32.288  1061  1159 D WifiQualifiedNetworkSelector:: ==========start qualified Network Selection==========
