05-06 14:23:22.661   709  3926 I [CT]    : Camera: Total Dropped: 0.000000, Total Frame Count: 850 (0.000000%), Camera Reset Count: 0
05-06 14:23:22.661   709  3926 I [CT]    : Camera: Total Single Camera Frame Dropped: 0, Total Frame Count: 850 (0.000000%)
05-06 14:23:22.661   709  3926 I [CT]    : IMU: Total Dropped: 0.000000, Total Sample Count: 34255 (0.000000%)
05-06 14:23:22.661   709  3926 I [CT]    : Magnetometer: Total Dropped: 0.000000, Total Sample Count: 1028 (0.000000%)
05-06 14:23:22.661   709  3926 I [CT]    : 
05-06 14:23:22.661   709  3926 I [CT]    : Reporter #1 (InsideOutHealthMonitor) Passed
05-06 14:23:22.661   709  3926 I [CT]    : --------------------------------------------------
05-06 14:23:22.661   709  3926 I [CT]    : Reporter #2 (ConstellationHealthMonitor) summary:
05-06 14:23:22.661   709  3926 I [CT]    : Camera: Total Dropped: 0.000000, Total Frame Count: 851 (0.000000%), Camera Reset Count: 1
05-06 14:23:22.661   709  3926 I [CT]    : Camera: Total Single Camera Frame Dropped: 0, Total Frame Count: 851 (0.000000%)
05-06 14:23:22.661   709  3926 I [CT]    : Controller 7745273921483883046:
05-06 14:23:22.661   709  3926 I [CT]    : IMU: Capture period exceeded threshold.  Largest period: 3.153328 sec
05-06 14:23:22.661   709  3926 I [CT]    : Controllers may have been sleeping
05-06 14:23:22.661   709  3926 I [CT]    : IMU: Total Dropped: 0.000000, Total Sample Count: 15608.322500 (0.000000%)
05-06 14:23:22.661   709  3926 I [CT]    : Controller 4212769887286730484:
05-06 14:23:22.661   709  3926 I [CT]    : IMU: 
05-06 14:23:22.721   709  3911 I [CT]    : L:Behavior:AtRest: activated
05-06 14:23:22.721   709  3911 I [CT]    : AdHocPatch: [Left] t = 34.425s, behavior transition: None -> AtRest at 34.475s
05-06 14:23:22.830  3739  4275 D UE4     : *** JavaEnvDestructor: 4275
05-06 14:23:22.830  3739  4276 D UE4     : *** JavaEnvDestructor: 4276
05-06 14:23:22.831  3739  4274 D UE4     : *** JavaEnvDestructor: 4274
05-06 14:23:22.997  1499  4280 W ContextImpl: Calling a method in the system process without a qualified user: android.app.ContextImpl.sendBroadcast:877 android.content.ContextWrapper.sendBroadcast:421 com.facebook.analytics2.logger.UploadServiceBus.signalJobRan:60 com.facebook.analytics2.logger.UploadJobHandler.exitStateMachine:267 com.facebook.analytics2.logger.UploadJobHandler.handleMessage:97 
05-06 14:23:23.162  3739  4278 D UE4     : *** JavaEnvDestructor: 4278
05-06 14:23:23.164  3739  4279 D UE4     : *** JavaEnvDestructor: 4279
05-06 14:23:23.264  3739  3756 D UE4     : [2020.05.06-12.23.23:264][  0]LogCore: Display: AppLifetime: Application will deactivate
05-06 14:23:23.264  3739  4270 D OVRPlugin: Leaving VR mode.
05-06 14:23:23.264  3739  4270 I GoCompatibility: GoCompatibility: vrapi_LeaveVrMode_Hooked()
05-06 14:23:23.264  3739  4270 I VrApi   : ---------- vrapi_LeaveVrMode [start] ----------
05-06 14:23:23.266  3739  4270 D VrApi   : targetSDKVersion 25
05-06 14:23:23.270  3739  4270 I VrRuntimeClient: DEVICE MODEL NUMBER = Quest
05-06 14:23:23.270  3739  4270 I VrRuntimeClient: DEVICE HARDWARE = monterey
05-06 14:23:23.270  3739  4270 I VrRuntimeClient: DEVICE BUILD NAME = user-602380.24900.0
05-06 14:23:23.270  3739  4270 I VrRuntimeClient: DEVICE BUILD TYPE = user
05-06 14:23:23.270  3739  4270 I VrRuntimeClient: DEVICE OS VERSION = 7.1.1
05-06 14:23:23.270  3739  4270 I VrRuntimeClient: VRRUNTIME VERSION = VRAPI_VERSION_BEGIN { 1.1.33.0-210938873-210938873 Apr 24 2020 16:11:35 Development } RELEASE
05-06 14:23:23.270  3739  4270 I VrRuntimeClient: API LOADER VERSION = 1.1.24.0
05-06 14:23:23.270  3739  4270 I VrRuntimeClient: VRDRIVER VERSION = 16.0.0.141.450
05-06 14:23:23.270  3739  4270 I VrRuntimeClient: APP NAME = ToysGame
05-06 14:23:23.270  3739  4270 I VrRuntimeClient: APP VERSION = 1.0 versionCode 1 internalVersionName <none>
05-06 14:23:23.270  3739  4270 I VrRuntimeClient: APP VR TYPE = vr_only
05-06 14:23:23.270  3739  4270 I VrRuntimeClient: APP PACKAGE NAME = com.YourCompany.ToysGame
05-06 14:23:23.270  3739  4270 I VrRuntimeClient: APP ACTIVITY CLASS = com.epicgames.ue4.GameActivity
05-06 14:23:23.270  3739  4270 D BatteryReceiver: Unregistering battery receiver
05-06 14:23:23.275  3739  4267 I VrApi   : FPS=0,Prd=0ms,Tear=0,Early=58,Stale=12,VSnc=1,Lat=0,Fov=0,CPU4/GPU=4/4,1651/515MHz,OC=FF,TA=0/0/0,SP=N/N/N,Mem=1295MHz,Free=1475MB,PSM=0,PLS=0,Temp=28.0C/0.0C,TW=1.24ms,App=0.00ms,GD=0.00ms,CPU&GPU=0.00ms,LCnt=0,GPU%=0.13,CPU%=0.26(W0.33),DSF=1.00
05-06 14:23:23.278  3739  4270 I VrApi   : OVR::Stats thread stopped
05-06 14:23:23.278  3739  4270 I InputDeviceManager: ovrInputDeviceManager::Shutdown
05-06 14:23:23.280  1499  2000 I UploadManager: Scheduling jobbId 2131165248 within interval (900000, 2700000)
05-06 14:23:23.287  3739  4266 I InputHooks_Internal: InputHooksThreadRun ShutdownRequest received
05-06 14:23:23.287  3739  4270 I InputHooks_Internal: Disabling Native Input Hooks
05-06 14:23:23.288  2150  2455 D VrRuntimeService: this client: 3739:com.YourCompany.ToysGame
05-06 14:23:23.288  2150  2455 D VrRuntimeService: enableRendering: clientWindow: null enable: false
05-06 14:23:23.288  2150  2455 I ClientMgr: ClientMgr::EnableRendering 3739:com.YourCompany.ToysGame : type 0 : disable
05-06 14:23:23.288  2150  2455 I VrRuntimeServer: SetCompositorClientEnabled client(0): enabled(0) 0x0
05-06 14:23:23.295  2150  2334 I ClientMgr: Non-overlay clients rendering status has changed: prev=21, curr=22, enabled=0
05-06 14:23:23.309  3739  4268 I VrRuntimeClient: FenceChecker::MainLoop - ended
05-06 14:23:23.309  3739  4270 I BufferObject: ovrBufferObjectFactory::Unimport unmapping Vulkan memory
05-06 14:23:23.309  3739  4270 I BufferObject: ovrBufferObjectFactory::Unimport destroying Vulkan buffer=546878835584
05-06 14:23:23.309  3739  4270 I BufferObject: ovrBufferObjectFactory::Unimport freeing Vulkan memory=546777910464
05-06 14:23:23.309  3739  4270 I TrackingServiceClient: OVR::TrackingService::ClientSetInterface
05-06 14:23:23.309  3739  4270 D TrackingServiceClient: onClientDisconnect
05-06 14:23:23.309  3739  4270 D TrackingServiceConnectionNative: onClientDisconnect
05-06 14:23:23.310   709  3186 I TrackingService: Unregistering client by ITrackingService.unregisterClient
05-06 14:23:23.310   709  3186 I TrackingService: TrackingServiceHost Unregistering client: pid 3739
05-06 14:23:23.310  3739  4270 D BinderConnection: Disconnecting from TrackingService service
05-06 14:23:23.310  3739  4270 D TrackingServiceConnectionNative: onDisconnected
05-06 14:23:23.310  3739  4270 D TrackingServiceClient: TrackingServiceConnection mConnectedRemotes.clear()
05-06 14:23:23.310  3739  4270 I TrackingServiceClient: OVR::TrackingService::ClientSetInterface
05-06 14:23:23.310  3739  4270 I VrApi   : ---------- vrapi_LeaveVrMode [end] ----------
05-06 14:23:23.311  3739  3756 D UE4     : [GameActivity] Unregistering volume receiver
05-06 14:23:23.311  3739  3756 D UE4     : [GameActivity] Unregistering battery receiver
05-06 14:23:23.312  3739  3756 D UE4     : [GameActivity] Unregistering headset receiver
05-06 14:23:23.312  3739  3756 D UE4     : [2020.05.06-12.23.23:312][  0]LogCore: Display: AppLifetime: Application will enter background
05-06 14:23:23.312  3739  3756 D UE4     : [2020.05.06-12.23.23:312][  0]LogTemp: Android pause audio
05-06 14:23:23.312  3739  3756 D UE4     : [2020.05.06-12.23.23:312][  0]LogAudioMixerAndroid: Display: Suspending android audio renderer
05-06 14:23:23.312  3739  3756 D UE4     : [2020.05.06-12.23.23:312][  0]LogAndroidEvents: Display: LogAndroidEvents::DequeueAppEvent : 13, [width=-1, height=-1], APP_EVENT_STATE_APP_SUSPENDED
05-06 14:23:23.313  3739  3756 D UE4     : FAppEventManager::Tick processing, 13
05-06 14:23:23.313  3739  3756 D UE4     : Execution will be paused...
05-06 14:23:23.313  3739  3756 D UE4     : [2020.05.06-12.23.23:313][  0]LogAndroidEvents: Display: LogAndroidEvents::DequeueAppEvent : 3, [width=-1, height=-1], APP_EVENT_STATE_WINDOW_DESTROYED
05-06 14:23:23.313  3739  3756 D UE4     : FAppEventManager::Tick processing, 3
05-06 14:23:23.313  3739  3756 D UE4     : APP_EVENT_STATE_WINDOW_DESTROYED, 0, 0, 0
05-06 14:23:23.313  3739  3756 D UE4     : [2020.05.06-12.23.23:313][  0]LogAndroidEvents: Display: LogAndroidEvents::DequeueAppEvent : 12, [width=-1, height=-1], APP_EVENT_STATE_SAVE_STATE
05-06 14:23:23.313  3739  3756 D UE4     : FAppEventManager::Tick processing, 12
05-06 14:23:23.313  3739  3756 D UE4     : [2020.05.06-12.23.23:313][  0]LogAndroidEvents: Display: LogAndroidEvents::DequeueAppEvent : 8, [width=-1, height=-1], APP_EVENT_STATE_ON_STOP
05-06 14:23:23.313  3739  3756 D UE4     : FAppEventManager::Tick processing, 8
05-06 14:23:23.313  3739  3756 D UE4     : [2020.05.06-12.23.23:313][  0]LogAndroidEvents: Display: LogAndroidEvents::DequeueAppEvent : 9, [width=-1, height=-1], APP_EVENT_STATE_ON_START
05-06 14:23:23.313  3739  3756 D UE4     : FAppEventManager::Tick processing, 9
05-06 14:23:23.313  3739  3756 D UE4     : [2020.05.06-12.23.23:313][  0]LogAndroidEvents: Display: LogAndroidEvents::DequeueAppEvent : 7, [width=-1, height=-1], APP_EVENT_STATE_ON_RESUME
05-06 14:23:23.313  3739  3756 D UE4     : FAppEventManager::Tick processing, 7
05-06 14:23:23.313  3739  3756 D UE4     : [2020.05.06-12.23.23:313][  0]LogAndroidEvents: Display: LogAndroidEvents::DequeueAppEvent : 0, [width=2880, height=1600], APP_EVENT_STATE_WINDOW_CREATED
05-06 14:23:23.313  3739  3756 D UE4     : FAppEventManager::Tick processing, 0
05-06 14:23:23.313  3739  3756 D UE4     : [2020.05.06-12.23.23:313][  0]LogAndroidEvents: Display: LogAndroidEvents::DequeueAppEvent : 11, [width=-1, height=-1], APP_EVENT_STATE_WINDOW_GAINED_FOCUS
05-06 14:23:23.313  3739  3756 D UE4     : FAppEventManager::Tick processing, 11
05-06 14:23:23.313  3739  3756 D UE4     : [2020.05.06-12.23.23:313][  0]LogAndroidEvents: Display: ExecWindowCreated
05-06 14:23:23.313  3739  3756 D UE4     : AndroidEGL::ReInitWindow()
05-06 14:23:23.313  3739  3756 D UE4     : ExecWindowCreated, 0, 1, 1
05-06 14:23:23.313  3739  3756 D UE4     : [2020.05.06-12.23.23:313][  0]LogAndroidEvents: Display: LogAndroidEvents::DequeueAppEvent : 14, [width=-1, height=-1], APP_EVENT_STATE_APP_ACTIVATED
05-06 14:23:23.313  3739  3756 D UE4     : FAppEventManager::Tick processing, 14
05-06 14:23:23.313  3739  3756 D UE4     : Execution will be resumed!
05-06 14:23:23.313  3739  3756 D UE4     : [2020.05.06-12.23.23:313][  0]LogAndroidEvents: Display: LogAndroidEvents::DequeueAppEvent : 15, [width=-1, height=-1], APP_EVENT_RUN_CALLBACK
05-06 14:23:23.313  3739  3756 D UE4     : FAppEventManager::Tick processing, 15
05-06 14:23:23.313  3739  3756 D UE4     : [2020.05.06-12.23.23:313][  0]LogAndroidEvents: Display: Event thread callback running.
05-06 14:23:23.313  3739  3756 D UE4     : [2020.05.06-12.23.23:313][  0]LogAndroid: performing app foregrounding callback.
05-06 14:23:23.313  3739  3756 D UE4     : [2020.05.06-12.23.23:313][  0]LogHMD: Initializing OVRPlugin session
05-06 14:23:23.313  3739  3756 D UE4     : [2020.05.06-12.23.23:313][  0]LogHMD: OculusHMD plugin supports multiview!
05-06 14:23:23.313  3739  3756 D OVRPlugin: Finished setting up render thread.
05-06 14:23:23.313  3739  3756 D OVRPlugin: Entering VR mode.
05-06 14:23:23.313  3739  3756 I VrApi   : ---------- vrapi_EnterVrMode [start] ----------
05-06 14:23:23.313  3739  3756 I VrRuntimeClient: Tracing is disabled
05-06 14:23:23.315   545   594 D msm8974_platform: platform_split_snd_device: snd_device(2) new_snd_devices (speaker)
05-06 14:23:23.316   545   594 D ACDB-LOADER: ACDB -> send_audvoltable
05-06 14:23:23.316   545   594 D ACDB-LOADER: ACDB -> ACDB_CMD_GET_AUDPROC_GAIN_DEP_STEP_TABLE, vol index 5
05-06 14:23:23.316   545   594 D         : Failed to fetch the lookup information of the device 0000000F 
05-06 14:23:23.316   545   594 E ACDB-LOADER: Error: ACDB AudProc vol returned = -19
05-06 14:23:23.316   545   594 D ACDB-LOADER: ACDB -> AUDIO_SET_VOL_CAL cal type = 40
05-06 14:23:23.316  3739  3756 D VrApi   : targetSDKVersion 25
05-06 14:23:23.318  3739  3756 I VrRuntimeClient: DEVICE MODEL NUMBER = Quest
05-06 14:23:23.318  3739  3756 I VrRuntimeClient: DEVICE HARDWARE = monterey
05-06 14:23:23.318  3739  3756 I VrRuntimeClient: DEVICE BUILD NAME = user-602380.24900.0
05-06 14:23:23.318  3739  3756 I VrRuntimeClient: DEVICE BUILD TYPE = user
05-06 14:23:23.318  3739  3756 I VrRuntimeClient: DEVICE OS VERSION = 7.1.1
05-06 14:23:23.318  3739  3756 I VrRuntimeClient: VRRUNTIME VERSION = VRAPI_VERSION_BEGIN { 1.1.33.0-210938873-210938873 Apr 24 2020 16:11:35 Development } RELEASE
05-06 14:23:23.318  3739  3756 I VrRuntimeClient: API LOADER VERSION = 1.1.24.0
05-06 14:23:23.318  3739  3756 I VrRuntimeClient: VRDRIVER VERSION = 16.0.0.141.450
05-06 14:23:23.318  3739  3756 I VrRuntimeClient: APP NAME = ToysGame
05-06 14:23:23.318  3739  3756 I VrRuntimeClient: APP VERSION = 1.0 versionCode 1 internalVersionName <none>
05-06 14:23:23.318  3739  3756 I VrRuntimeClient: APP VR TYPE = vr_only
05-06 14:23:23.318  3739  3756 I VrRuntimeClient: APP PACKAGE NAME = com.YourCompany.ToysGame
05-06 14:23:23.318  3739  3756 I VrRuntimeClient: APP ACTIVITY CLASS = com.epicgames.ue4.GameActivity
05-06 14:23:23.318  3739  3756 D BatteryReceiver: Registering battery receiver
05-06 14:23:23.320  3739  3756 D HeadsetReceiver: getCurrentHeadsetState: false
05-06 14:23:23.320  3739  3756 I DeviceStatus_Android: nativeHeadsetEvent(0)
05-06 14:23:23.322  3739  3756 I VrRuntimeClient: DEADRECKONING SetControllerTrackingExtendedDeadreckoning 0
05-06 14:23:23.322  3739  3756 I InputHooks_Internal: Enabling Native Input Hooks
05-06 14:23:23.322  3739  3756 I InputDeviceManager: ovrInputDeviceManager::Initialize
05-06 14:23:23.323  3739  3756 I InputDeviceManager: HANDTRACKING packagename is com.YourCompany.ToysGame
05-06 14:23:23.324  3739  3756 I InputDeviceManager: HANDTRACKING: feature flag set to 0
05-06 14:23:23.324  3739  3756 I VrRuntimeClient: HANDTRACKING sethandmanifest 0
05-06 14:23:23.327  2150  3223 I ScreenCaptureBase: GlobalInhibitState=0
05-06 14:23:23.327  3739  3756 D TrackingServiceConnectionNative: onClientConnect
05-06 14:23:23.327  3739  3756 D BinderConnection: Connecting to TrackingService
05-06 14:23:23.327  3739  3756 D TrackingServiceConnectionNative: onConnected
05-06 14:23:23.328   709   795 I TrackingService: TrackingService::getSharedMemoryFileDescriptor
05-06 14:23:23.328  3739  3756 I TrackingServiceClient: OVR::TrackingService::ClientSetInterface
05-06 14:23:23.328  3739  3756 I TrackingServiceClient: TrackingService client: roFd(73)
05-06 14:23:23.328  3739  3756 I TrackingServiceClient: TrackingService client: connected to interface version 11.
05-06 14:23:23.328  3739  3756 I TrackingServiceClient: TrackingService client: last prediction time is 0.004155 seconds old
05-06 14:23:23.328  3739  3756 I TrackingServiceClient: TrackingService client: provided by pid=709
05-06 14:23:23.328   709  3175 I TrackingService: TrackingService::registerClient
05-06 14:23:23.328   709  3175 I TrackingService: Registering client with TrackingServiceHost
05-06 14:23:23.329   709  3175 I TrackingService: Notifying client pid 3739 of new remote 3a76c3e46c301ef4
05-06 14:23:23.329  3739  3756 D TrackingServiceClient: TrackingServiceClient onRemoteConnected 3a76c3e46c301ef4
05-06 14:23:23.329   709  3175 I TrackingService: Notifying client pid 3739 of new remote 6b7cbd986a24c226
05-06 14:23:23.329  3739  3756 D TrackingServiceClient: TrackingServiceClient onRemoteConnected 6b7cbd986a24c226
05-06 14:23:23.329   709  3175 I TrackingService: TrackingServiceHost GetSharedMemoryFileDescriptor for client pid 3739
05-06 14:23:23.329   709  3175 I TrackingService: TrackingServiceHost registered common client; there are 0 secure clients
05-06 14:23:23.329  3739  3756 I TrackingServiceClient: ClientConnectComplete
05-06 14:23:23.329  3739  3756 I VrApi   : ovrModeParms::VRAPI_MODE_FLAG_RESET_WINDOW_FULLSCREEN = 1
05-06 14:23:23.329  3739  3756 I VrApi   : ovrModeParms::VRAPI_MODE_FLAG_NATIVE_WINDOW = 1
05-06 14:23:23.329  3739  3756 I VrApi   : ovrModeParms::VRAPI_MODE_FLAG_FRONT_BUFFER_PROTECTED = 0
05-06 14:23:23.329  3739  3756 I VrApi   : ovrModeParms::VRAPI_MODE_FLAG_FRONT_BUFFER_565 = 0
05-06 14:23:23.329  3739  3756 I VrApi   : ovrModeParms::VRAPI_MODE_FLAG_FRONT_BUFFER_SRGB = 1
05-06 14:23:23.329  3739  3756 I VrApi   : ovrModeParms::VRAPI_MODE_FLAG_CREATE_CONTEXT_NO_ERROR = 0
05-06 14:23:23.329  3739  3756 I VrApi   : HMD sensor attached.
05-06 14:23:23.330  3739  3756 I VrApi   : Client side frame sync enabled
05-06 14:23:23.330  3739  3756 I DynamicClocks: cpu-freq(0): 979200Hz
05-06 14:23:23.330  3739  3756 I DynamicClocks: cpu-freq(1): 1344000Hz
05-06 14:23:23.330  3739  3756 I DynamicClocks: cpu-freq(2): 1651200Hz
05-06 14:23:23.330  3739  3756 I DynamicClocks: cpu-freq(3): 1958400Hz
05-06 14:23:23.330  3739  3756 I DynamicClocks: cpu-freq(4): 2304000Hz
05-06 14:23:23.331  3739  3756 I DynamicClocks: gpu-freq(0): 257000000Hz
05-06 14:23:23.331  3739  3756 I DynamicClocks: gpu-freq(1): 342000000Hz
05-06 14:23:23.331  3739  3756 I DynamicClocks: gpu-freq(2): 414000000Hz
05-06 14:23:23.331  3739  3756 I DynamicClocks: gpu-freq(3): 515000000Hz
05-06 14:23:23.331  3739  3756 I DynamicClocks: gpu-freq(4): 670000000Hz
05-06 14:23:23.331  3739  3756 I DynamicClocks: gpu-freq(5): 710000000Hz
05-06 14:23:23.331  3739  3756 D VrRuntimeClient: pokeGuardianUserServiceForThisClient: com.YourCompany.ToysGame:10093
05-06 14:23:23.332  3739  3756 D VrRuntimeClient: VrRuntimeClient: enableRendering: activity client
05-06 14:23:23.332  3739  3756 D VrRuntimeClient: VrRuntimeClient: enableRendering: Using clientWindow=android.os.BinderProxy@4043155
05-06 14:23:23.332  2161  2161 D VrGuardianUserService: onStartCommandIntent { act=FOREGROUND_CLIENT cmp=com.oculus.systemdriver/com.oculus.vrguardianservice.VrGuardianUserService (has extras) }
05-06 14:23:23.333  2150  2339 I ClientMgr: ClientMgr::SetPrimaryCompositorClient: com.YourCompany.ToysGame
05-06 14:23:23.333  2150  2339 I VrRuntimeServer: SetCompositorClientEnabled client(0): enabled(1) 0x7f7e206010
05-06 14:23:23.333  2150  2339 I ClientMgr: ClientMgr::SetFocusedClient: com.YourCompany.ToysGame type 0
05-06 14:23:23.333  2150  2339 D VrRuntimeService: this client: 3739:com.YourCompany.ToysGame
05-06 14:23:23.333  2150  2339 D VrRuntimeService: enableRendering: clientWindow: android.os.BinderProxy@93be687 enable: true
05-06 14:23:23.333  2150  2339 I ClientMgr: ClientMgr::EnableRendering 3739:com.YourCompany.ToysGame : type 0 : enable
05-06 14:23:23.333  2150  2339 I VrRuntimeServer: SetCompositorClientEnabled client(0): enabled(1) 0x7f7e206010
05-06 14:23:23.333  2150  2339 I TimeWarp: CheckDebuggerConnected: debugger 0
05-06 14:23:23.333  3739  3756 I VrRuntimeClient: CreateWarp: ImportVulkan: Fd=82, BufferSize=4096
05-06 14:23:23.333  3739  3756 I VrRuntimeClient: CreateWarp: ImportVulkan: bo.Vk.Buffer=546878516864, bo.Vk.Memory=546777907584, bo.Vk.Mapping=547602812928
05-06 14:23:23.334  3739  3756 I ScreenCaptureHelper: Advertising com.YourCompany.ToysGame as streamable
05-06 14:23:23.335  1789  1789 I OVRMediaService: onStartCommand Received message type: set_package_name, caller package: no_app_identity
05-06 14:23:23.335  1789  1789 I OVRMediaService: Got package name intent (com.YourCompany.ToysGame)
05-06 14:23:23.335  3739  3756 I VrApi   : OVR::Stats thread started
05-06 14:23:23.335  3739  3756 I VrApi   : ---------- vrapi_EnterVrMode [end] ----------
05-06 14:23:23.335  3739  3756 I ClientInputSettings: LatchBackButtonEntireFrame = false
05-06 14:23:23.335  3739  3756 I ClientInputSettings: BlockRemoteButtonsWhenNotEmulatingHMT = true
05-06 14:23:23.335  3739  3756 I ClientInputSettings: EatNativeGamepadEvents = false
05-06 14:23:23.336  3739  3756 D OVRPlugin: Registering utility receivers.
05-06 14:23:23.336  3739  3756 I ClientInputSettings: ReorientHMDOnControllerRecenter = true
05-06 14:23:23.336  3739  3756 D UE4     : [GameActivity] Registering volume receiver
05-06 14:23:23.336  3739  4270 D UE4     : [2020.05.06-12.23.23:336][  0]LogHMD: Error: Splash ovrp_BeginFrame4 0 failed (-1003)
05-06 14:23:23.337  2150  2334 I ClientMgr: Non-overlay clients rendering status has changed: prev=22, curr=23, enabled=1
05-06 14:23:23.337  2150  2334 I ClientMgr: DEADRECKONING deadReckoning mode on ClientMgr from server is 0
05-06 14:23:23.338  2161  2225 I GuardianSystem: rsapi_PollEvent: rsEventPackageNameChange: com.YourCompany.ToysGame
05-06 14:23:23.341  3739  4284 D VrApi   : targetSDKVersion 25
05-06 14:23:23.343  3739  4284 I JniUtils: ovr_GetCurrentPackageSignature 
05-06 14:23:23.344  3739  4284 I Metrics : device name = Oculus Quest
05-06 14:23:23.344  3739  3756 D UE4     : [GameActivity] startVolumeReceiver: 10
05-06 14:23:23.344  3739  3756 D UE4     : nativeVolumeEvent(10)
05-06 14:23:23.344  3739  3756 D UE4     : [GameActivity] Registering battery receiver
05-06 14:23:23.345  3739  3756 D UE4     : [GameActivity] Registering headset receiver
05-06 14:23:23.348  3739  3756 D UE4     : [GameActivity] startHeadsetReceiver: 0
05-06 14:23:23.348  3739  3756 D UE4     : nativeHeadsetEvent(0)
05-06 14:23:23.348  3739  3756 D UE4     : [2020.05.06-12.23.23:348][  0]LogCore: Display: AppLifetime: Application has entered foreground
05-06 14:23:23.348  3739  3756 D UE4     : [2020.05.06-12.23.23:348][  0]LogUdpMessaging: Initializing bridge on interface 0.0.0.0:0 to multicast group 230.0.0.1:6666.
05-06 14:23:23.350  3739  3756 D UE4     : [2020.05.06-12.23.23:350][  0]LogTcpMessaging: Initializing TcpMessaging bridge, listening on 127.0.0.1:6666
05-06 14:23:23.350  3739  3756 D UE4     : [2020.05.06-12.23.23:350][  0]LogCore: Display: AppLifetime: Application has reactivated
05-06 14:23:23.351  3739  3756 D UE4     : [2020.05.06-12.23.23:351][  0]LogTemp: Android resume audio
05-06 14:23:23.351  3739  3756 D UE4     : [2020.05.06-12.23.23:351][  0]LogAudioMixerAndroid: Display: Resuming android audio renderer
05-06 14:23:23.353  3739  3756 D UE4     : [2020.05.06-12.23.23:353][  0]LogOcInput: OculusInput is initialized
05-06 14:23:23.353  2150  3955 W TimeWarp: WarpToScreen: No completed frames to display for client 0. submittedFrameIndex = 2121
05-06 14:23:23.353  3739  3756 D UE4     : [2020.05.06-12.23.23:353][  0]LogHMD: FSplash::OnHide
05-06 14:23:23.355  3739  4271 D UE4     : *** JavaEnvDestructor: 4271
05-06 14:23:23.355   545   594 D msm8974_platform: platform_split_snd_device: snd_device(2) new_snd_devices (speaker)
05-06 14:23:23.355   545   594 D ACDB-LOADER: ACDB -> send_audvoltable
05-06 14:23:23.355   545   594 D ACDB-LOADER: ACDB -> ACDB_CMD_GET_AUDPROC_GAIN_DEP_STEP_TABLE, vol index 3
05-06 14:23:23.356   545   594 D         : Failed to fetch the lookup information of the device 0000000F 
05-06 14:23:23.356   545   594 E ACDB-LOADER: Error: ACDB AudProc vol returned = -19
05-06 14:23:23.356   545   594 D ACDB-LOADER: ACDB -> AUDIO_SET_VOL_CAL cal type = 40
05-06 14:23:23.356  3739  4270 D UE4     : *** JavaEnvDestructor: 4270
05-06 14:23:23.357  3739  3756 D UE4     : [2020.05.06-12.23.23:357][  0]LogAndroid: Display: Low Power Mode Changed: 0
05-06 14:23:23.365  2119  2146 E Security-LocalReporter: UID '10043' is shared by multiple packages: [com.oculus.home, com.oculus.horizon]
05-06 14:23:23.366  3739  4292 D UE4     : *** JavaEnvDestructor: 4292
05-06 14:23:23.366  3739  4291 D UE4     : *** JavaEnvDestructor: 4291
05-06 14:23:23.367  2150  3955 W TimeWarp: WarpToScreen: No completed frames to display for client 0. submittedFrameIndex = 2121
05-06 14:23:23.368  3739  3756 D UE4     : [2020.05.06-12.23.23:368][  0]LogHMD: Setting user focus to game viewport since session status is visible...
05-06 14:23:23.368  3739  3756 D OVRPlugin: User present: 1
05-06 14:23:23.368  3739  4293 D UE4     : [2020.05.06-12.23.23:368][  0]LogRenderer: Reallocating scene render targets to support 1216x1344 Format 2 NumSamples 2 (Frame:2).
05-06 14:23:23.369  3739  4293 D UE4     : [2020.05.06-12.23.23:369][  0]LogHMD: Allocating Oculus 38 x 42 variable resolution swapchain
05-06 14:23:23.373  3739  3756 D UE4     : [2020.05.06-12.23.23:373][  0]LogSlate: InvalidateAllWidgets triggered.  All widgets were invalidated
05-06 14:23:23.376  2119  2146 I LibraryProvider: running queryApp(com.YourCompany.ToysGame) for com.oculus.uid:10043
05-06 14:23:23.378  2119  2146 W LibraryProvider: Cannot find entitlement for com.YourCompany.ToysGame
05-06 14:23:23.381  2150  3955 W TimeWarp: WarpToScreen: No completed frames to display for client 0. submittedFrameIndex = 2121
05-06 14:23:23.382  1789  1789 W OVRLibrary: null cursor received for query content://com.oculus.ocms.library/apps/com.YourCompany.ToysGame
05-06 14:23:23.395  2150  3955 W TimeWarp: WarpToScreen: No completed frames to display for client 0. submittedFrameIndex = 2121
05-06 14:23:23.402  2119  2342 E Security-LocalReporter: UID '10043' is shared by multiple packages: [com.oculus.home, com.oculus.horizon]
05-06 14:23:23.409  2150  3955 W TimeWarp: WarpToScreen: No completed frames to display for client 0. submittedFrameIndex = 2121
05-06 14:23:23.413  2119  2342 I LibraryProvider: running queryApp(com.YourCompany.ToysGame) for com.oculus.uid:10043
05-06 14:23:23.413  2119  2342 W LibraryProvider: Cannot find entitlement for com.YourCompany.ToysGame
05-06 14:23:23.414  1789  1789 W OVRLibrary: null cursor received for query content://com.oculus.ocms.library/apps/com.YourCompany.ToysGame
05-06 14:23:23.414  1789  1789 I PlatformPluginManager: onAppStart com.YourCompany.ToysGame false
05-06 14:23:23.414  1789  1789 I PlatformPluginManager: onAppStart - Stopping party chat passthrough
05-06 14:23:23.414  1789  1789 I PlatformPlugin: [PlatformPluginManager] SetSystemVoipPassthrough 0
05-06 14:23:23.414  1789  1789 I OVRPlatform: [PartyChatWebRTC] PartyChatSetPassthrough 0
05-06 14:23:23.414  1789  3894 I OVRPlatform: [PartyChatWebRTC] Updating playback mode to 1
05-06 14:23:23.414  1789  1789 I OVRPlatform: [PartiesAPI] ovr_Party_PluginGetSharedMemHandle: This function is deprecated, do not use
05-06 14:23:23.419  1789  1789 E OVRMediaServiceManager: LivestreamingManager Not initialized
05-06 14:23:23.422  2150  3955 W TimeWarp: WarpToScreen: No completed frames to display for client 0. submittedFrameIndex = 2121
05-06 14:23:23.437  2150  3955 W TimeWarp: WarpToScreen: No completed frames to display for client 0. submittedFrameIndex = 2121
05-06 14:23:23.450  2150  3955 W TimeWarp: WarpToScreen: No completed frames to display for client 0. submittedFrameIndex = 2121
05-06 14:23:23.464  2150  3955 W TimeWarp: WarpToScreen: No completed frames to display for client 0. submittedFrameIndex = 2121
05-06 14:23:23.478  2150  3955 W TimeWarp: WarpToScreen: No completed frames to display for client 0. submittedFrameIndex = 2121
05-06 14:23:23.492  2150  3955 W TimeWarp: WarpToScreen: No completed frames to display for client 0. submittedFrameIndex = 2121
05-06 14:23:23.502  1789  1789 I PlatformPluginManager: enforcePartyChatStateConsistency - got current party response: Party is null
05-06 14:23:23.502  1789  1789 I PlatformPluginManager: enforcePartyChatStateConsistency - User not in a party.
05-06 14:23:23.502  1789  1789 I PlatformPluginManager: stopPartyChat
05-06 14:23:23.502  1789  1789 I PlatformPlugin: [PlatformPluginManager] Stopping party chat
05-06 14:23:23.502  1789  1789 I OVRPlatform: [PartyChatInterchangeable] StopPartyChat
05-06 14:23:23.506  2150  3955 W TimeWarp: WarpToScreen: No completed frames to display for client 0. submittedFrameIndex = 2121
05-06 14:23:23.520  2150  3955 W TimeWarp: WarpToScreen: No completed frames to display for client 0. submittedFrameIndex = 2121
05-06 14:23:23.534  2150  3955 W TimeWarp: WarpToScreen: No completed frames to display for client 0. submittedFrameIndex = 2121
05-06 14:23:23.548  2150  3955 W TimeWarp: WarpToScreen: No completed frames to display for client 0. submittedFrameIndex = 2121
05-06 14:23:23.562  2150  3955 W TimeWarp: WarpToScreen: No completed frames to display for client 0. submittedFrameIndex = 2121
05-06 14:23:23.576  2150  3955 W TimeWarp: WarpToScreen: No completed frames to display for client 0. submittedFrameIndex = 2121
05-06 14:23:23.590  2150  3955 W TimeWarp: WarpToScreen: No completed frames to display for client 0. submittedFrameIndex = 2121
05-06 14:23:23.604  2150  3955 W TimeWarp: WarpToScreen: No completed frames to display for client 0. submittedFrameIndex = 2121
05-06 14:23:23.618  2150  3955 W TimeWarp: WarpToScreen: No completed frames to display for client 0. submittedFrameIndex = 2121
05-06 14:23:23.631  2150  3955 W TimeWarp: WarpToScreen: No completed frames to display for client 0. submittedFrameIndex = 2121
05-06 14:23:23.636  3739  4293 D UE4     : [2020.05.06-12.23.23:635][  0]LogRenderer: Reallocating scene render targets to support 128x128 Format 2 NumSamples 4 (Frame:2).
05-06 14:23:23.645  2150  3955 W TimeWarp: WarpToScreen: No completed frames to display for client 0. submittedFrameIndex = 2121
05-06 14:23:23.659  2150  3955 W TimeWarp: WarpToScreen: No completed frames to display for client 0. submittedFrameIndex = 2121
05-06 14:23:23.673  2150  3955 W TimeWarp: WarpToScreen: No completed frames to display for client 0. submittedFrameIndex = 2121
05-06 14:23:23.675  3739  4293 D UE4     : Ensure condition failed: Layout == VK_IMAGE_LAYOUT_SHARED_PRESENT_KHR || Layout == VK_IMAGE_LAYOUT_DEPTH_READ_ONLY_STENCIL_ATTACHMENT_OPTIMAL || Layout == VK_IMAGE_LAYOUT_DEPTH_ATTACHMENT_STENCIL_READ_ONLY_OPTIMAL || Layout == VK_IMAGE_LAYOUT_DEPTH_STENCIL_READ_ONLY_OPTIMAL || Layout == VK_IMAGE_LAYOUT_SHADER_READ_ONLY_OPTIMAL || Layout == VK_IMAGE_LAYOUT_GENERAL [File:D:/Build/++UE4/Sync/Engine/Source/Runtime/VulkanRHI/Private/VulkanDescriptorSets.h] [Line: 1103] 
05-06 14:23:23.675  3739  4293 D UE4     : Invalid Layout 0, Index 2, Type 1
05-06 14:23:23.675  3739  4293 D UE4     : 
05-06 14:23:23.686  3739  4293 D UE4     : [2020.05.06-12.23.23:686][  0]LogStats: FPlatformStackWalk::StackWalkAndDump -  0.011 s
05-06 14:23:23.686  3739  4293 D UE4     : [2020.05.06-12.23.23:686][  0]LogOutputDevice: Error: === Handled ensure: ===
05-06 14:23:23.686  3739  4293 D UE4     : [2020.05.06-12.23.23:686][  0]LogOutputDevice: Error: 
05-06 14:23:23.686  3739  4293 D UE4     : [2020.05.06-12.23.23:686][  0]LogOutputDevice: Error: Ensure condition failed: Layout == VK_IMAGE_LAYOUT_SHARED_PRESENT_KHR || Layout == VK_IMAGE_LAYOUT_DEPTH_READ_ONLY_STENCIL_ATTACHMENT_OPTIMAL || Layout == VK_IMAGE_LAYOUT_DEPTH_ATTACHMENT_STENCIL_READ_ONLY_OPTIMAL || Layout == VK_IMAGE_LAYOUT_DEPTH_STENCIL_READ_ONLY_OPTIMAL || Layout == VK_IMAGE_LAYOUT_SHADER_READ_ONLY_OPTIMAL || Layout == VK_IMAGE_LAYOUT_GENERAL [File:D:/Build/++UE4/Sync/Engine/Source/Runtime/VulkanRHI/Private/VulkanDescriptorSets.h] [Line: 1103]
05-06 14:23:23.686  3739  4293 D UE4     : [2020.05.06-12.23.23:686][  0]LogOutputDevice: Error: Invalid Layout 0, Index 2, Type 1
05-06 14:23:23.686  3739  4293 D UE4     : [2020.05.06-12.23.23:686][  0]LogOutputDevice: Error: 
05-06 14:23:23.686  3739  4293 D UE4     : [2020.05.06-12.23.23:686][  0]LogOutputDevice: Error: Stack: 
05-06 14:23:23.686  3739  4293 D UE4     : [2020.05.06-12.23.23:686][  0]LogOutputDevice: Error: [Callstack] 0x0000007F7C580460 libUE4.so(0x0000000008C03460)!bool FVulkanDescriptorSetWriter::WriteTextureView<(VkDescriptorType)2>(unsigned int, FVulkanTextureView const&, VkImageLayout)::{lambda()#1}::operator()() const  []
05-06 14:23:23.687  3739  4293 D UE4     : [2020.05.06-12.23.23:686][  0]LogOutputDevice: Error: [Callstack] 0x0000007F782840B4 libUE4.so(0x00000000049070B4)!bool FVulkanDescriptorSetWriter::WriteTextureView<(VkDescriptorType)2>(unsigned int, FVulkanTextureView const&, VkImageLayout)  []
05-06 14:23:23.687  3739  4293 D UE4     : [2020.05.06-12.23.23:687][  0]LogOutputDevice: Error: [Callstack] 0x0000007F78267784 libUE4.so(0x00000000048EA784)!FVulkanCommandListContext::RHISetShaderTexture(FRHIPixelShader*, unsigned int, FRHITexture*)  []
05-06 14:23:23.687  3739  4293 D UE4     : [2020.05.06-12.23.23:687][  0]LogOutputDevice: Error: [Callstack] 0x0000007F79A5300C libUE4.so(0x00000000060D600C)!FCopySceneColorToCubeFacePS::SetParameters(FRHICommandList&, FViewInfo const&, bool, bool, FLinearColor const&)  []
05-06 14:23:23.687  3739  4293 D UE4     : [2020.05.06-12.23.23:687][  0]LogOutputDevice: Error: [Callstack] 0x0000007F79A52D40 libUE4.so(0x00000000060D5D40)!CaptureSceneToScratchCubemap(FRHICommandListImmediate&, FSceneRenderer*, ECubeFace, int, bool, bool, FLinearColor const&)  []
05-06 14:23:23.687  3739  4293 D UE4     : [2020.05.06-12.23.23:687][  0]LogOutputDevice: Error: [Callstack] 0x0000007F79AA84C8 libUE4.so(0x000000000612B4C8)![Unknown]()  []
05-06 14:23:23.687  3739  4293 D UE4     : [2020.05.06-12.23.23:687][  0]LogOutputDevice: Error: [Callstack] 0x0000007F7833EE0C libUE4.so(0x00000000049C1E0C)!FNamedTaskThread::ProcessTasksNamedThread(int, bool)  []
05-06 14:23:23.687  3739  4293 D UE4     : [2020.05.06-12.23.23:687][  0]LogOutputDevice: Error: [Callstack] 0x0000007F7833DD60 libUE4.so(0x00000000049C0D60)!FNamedTaskThread::ProcessTasksUntilQuit(int)  []
05-06 14:23:23.687  3739  4293 D UE4     : [2020.05.06-12.23.23:687][  0]LogOutputDevice: Error: [Callstack] 0x0000007F79366B34 libUE4.so(0x00000000059E9B34)!RenderingThreadMain(FEvent*)  []
05-06 14:23:23.687  3739  4293 D UE4     : [2020.05.06-12.23.23:687][  0]LogOutputDevice: Error: [Callstack] 0x0000007F793B5BB4 libUE4.so(0x0000000005A38BB4)!FRenderingThread::Run()  []
05-06 14:23:23.687  3739  4293 D UE4     : [2020.05.06-12.23.23:687][  0]LogOutputDevice: Error: [Callstack] 0x0000007F783D6BD4 libUE4.so(0x0000000004A59BD4)!FRunnableThreadPThread::Run()  []
05-06 14:23:23.687  3739  4293 D UE4     : [2020.05.06-12.23.23:687][  0]LogOutputDevice: Error: [Callstack] 0x0000007F78339FF4 libUE4.so(0x00000000049BCFF4)!FRunnableThreadPThread::_ThreadProc(void*)  []
05-06 14:23:23.687  3739  4293 D UE4     : [2020.05.06-12.23.23:687][  0]LogOutputDevice: Error: [Callstack] 0x0000007F9CD86458 libc.so(0x0000000000076458)![Unknown]()  []
05-06 14:23:23.687  3739  4293 D UE4     : [2020.05.06-12.23.23:687][  0]LogOutputDevice: Error: [Callstack] 0x0000007F9CD2E208 libc.so(0x000000000001E208)![Unknown]()  []
05-06 14:23:23.687  3739  4293 D UE4     : [2020.05.06-12.23.23:687][  0]LogOutputDevice: Error: 
05-06 14:23:23.687  3739  4293 D UE4     : [2020.05.06-12.23.23:687][  0]LogStats:                SubmitErrorReport -  0.000 s
05-06 14:23:23.687  3739  4293 D UE4     : [2020.05.06-12.23.23:687][  0]LogStats:                    SendNewReport -  0.000 s
05-06 14:23:23.687  2150  3955 W TimeWarp: WarpToScreen: No completed frames to display for client 0. submittedFrameIndex = 2121
05-06 14:23:23.687  3739  4293 D UE4     : [2020.05.06-12.23.23:687][  0]LogStats:             FDebug::EnsureFailed -  0.012 s
05-06 14:23:23.701  2150  3955 W TimeWarp: WarpToScreen: No completed frames to display for client 0. submittedFrameIndex = 2121
05-06 14:23:23.715  2150  3955 W TimeWarp: WarpToScreen: No completed frames to display for client 0. submittedFrameIndex = 2121
05-06 14:23:23.729  2150  3955 W TimeWarp: WarpToScreen: No completed frames to display for client 0. submittedFrameIndex = 2121
05-06 14:23:23.743  2150  3955 W TimeWarp: WarpToScreen: No completed frames to display for client 0. submittedFrameIndex = 2121
05-06 14:23:23.757  2150  3955 W TimeWarp: WarpToScreen: No completed frames to display for client 0. submittedFrameIndex = 2121
05-06 14:23:23.771  2150  3955 W TimeWarp: WarpToScreen: No completed frames to display for client 0. submittedFrameIndex = 2121
05-06 14:23:23.785  2150  3955 W TimeWarp: WarpToScreen: No completed frames to display for client 0. submittedFrameIndex = 2121
05-06 14:23:23.798  2150  3955 W TimeWarp: WarpToScreen: No completed frames to display for client 0. submittedFrameIndex = 2121
05-06 14:23:23.812  2150  3955 W TimeWarp: WarpToScreen: No completed frames to display for client 0. submittedFrameIndex = 2121
05-06 14:23:23.826  2150  3955 W TimeWarp: WarpToScreen: No completed frames to display for client 0. submittedFrameIndex = 2121
05-06 14:23:23.840  2150  3955 W TimeWarp: WarpToScreen: No completed frames to display for client 0. submittedFrameIndex = 2121
05-06 14:23:23.854  2150  3955 W TimeWarp: WarpToScreen: No completed frames to display for client 0. submittedFrameIndex = 2121
05-06 14:23:23.861  3739  4293 D UE4     : [2020.05.06-12.23.23:860][  0]LogRenderer: Reallocating scene render targets to support 1216x1344 Format 2 NumSamples 4 (Frame:3).
05-06 14:23:23.868  2150  3955 W TimeWarp: WarpToScreen: No completed frames to display for client 0. submittedFrameIndex = 2121
05-06 14:23:23.882  2150  3955 W TimeWarp: WarpToScreen: No completed frames to display for client 0. submittedFrameIndex = 2121
05-06 14:23:23.896  2150  3955 W TimeWarp: WarpToScreen: No completed frames to display for client 0. submittedFrameIndex = 2121
05-06 14:23:23.910  2150  3955 W TimeWarp: WarpToScreen: No completed frames to display for client 0. submittedFrameIndex = 2121
05-06 14:23:23.924  2150  3955 W TimeWarp: WarpToScreen: No completed frames to display for client 0. submittedFrameIndex = 2121
05-06 14:23:23.932  1059  1219 E TaskPersister: File error accessing recents directory (directory doesn't exist?).
05-06 14:23:23.938  2150  3955 W TimeWarp: WarpToScreen: No completed frames to display for client 0. submittedFrameIndex = 2121
05-06 14:23:23.952  2150  3955 W TimeWarp: WarpToScreen: No completed frames to display for client 0. submittedFrameIndex = 2121
05-06 14:23:23.966  2150  3955 W TimeWarp: WarpToScreen: No completed frames to display for client 0. submittedFrameIndex = 2121
05-06 14:23:23.980  2150  3955 W TimeWarp: WarpToScreen: No completed frames to display for client 0. submittedFrameIndex = 2121
05-06 14:23:23.993  2150  3955 W TimeWarp: WarpToScreen: No completed frames to display for client 0. submittedFrameIndex = 2121
05-06 14:23:24.007  2150  3955 W TimeWarp: WarpToScreen: No completed frames to display for client 0. submittedFrameIndex = 2121
05-06 14:23:24.021  2150  3955 W TimeWarp: WarpToScreen: No completed frames to display for client 0. submittedFrameIndex = 2121
05-06 14:23:24.035  2150  3955 W TimeWarp: WarpToScreen: No completed frames to display for client 0. submittedFrameIndex = 2121
05-06 14:23:24.049  2150  3955 W TimeWarp: WarpToScreen: No completed frames to display for client 0. submittedFrameIndex = 2121
05-06 14:23:24.063  2150  3955 W TimeWarp: WarpToScreen: No completed frames to display for client 0. submittedFrameIndex = 2121
05-06 14:23:24.077  2150  3955 W TimeWarp: WarpToScreen: No completed frames to display for client 0. submittedFrameIndex = 2121
05-06 14:23:24.091  2150  3955 W TimeWarp: WarpToScreen: No completed frames to display for client 0. submittedFrameIndex = 2121
05-06 14:23:24.092  3739  3756 D UE4     : [2020.05.06-12.23.24:092][  0]LogSlate: Slate font cache was flushed
05-06 14:23:24.094  2150  2178 I VrRuntimeService: nativeCreateTextureSwapChain api:vk 2 0x2b 1216 1344 1 3 2 0 15
05-06 14:23:24.105  2150  3955 W TimeWarp: WarpToScreen: No completed frames to display for client 0. submittedFrameIndex = 2121
05-06 14:23:24.116  2150  2178 I VrRuntimeServer: CreateTextureSwapChain: result importswapchaingles 1
05-06 14:23:24.118  3739  4293 D UE4     : [2020.05.06-12.23.24:118][  1]LogHMD: Allocating Oculus 1216 x 1344 rendertarget swapchain
05-06 14:23:24.119  2150  3955 W TimeWarp: WarpToScreen: No completed frames to display for client 0. submittedFrameIndex = 2121
05-06 14:23:24.128  3739  4294 D UE4     : *** JavaEnvDestructor: 4294
05-06 14:23:24.128  3739  4293 D UE4     : *** JavaEnvDestructor: 4293
05-06 14:23:24.132  2150  2172 I VrRuntimeService: nativeDestroyTextureSwapChain 135
05-06 14:23:24.133  3739  4297 D UE4     : [2020.05.06-12.23.24:133][  2]LogHMD: Allocating Oculus 38 x 42 variable resolution swapchain
05-06 14:23:24.133  2150  3955 W TimeWarp: WarpToScreen: No completed frames to display for client 0. submittedFrameIndex = 2121
05-06 14:23:24.147  2150  3955 W TimeWarp: WarpToScreen: No completed frames to display for client 0. submittedFrameIndex = 2121
05-06 14:23:24.161  2150  3955 W TimeWarp: WarpToScreen: No completed frames to display for client 0. submittedFrameIndex = 2121
05-06 14:23:24.174  2150  3955 W TimeWarp: WarpToScreen: No completed frames to display for client 0. submittedFrameIndex = 2121
05-06 14:23:24.188  2150  3955 W TimeWarp: WarpToScreen: No completed frames to display for client 0. submittedFrameIndex = 2121
05-06 14:23:24.202  2150  3955 W TimeWarp: WarpToScreen: No completed frames to display for client 0. submittedFrameIndex = 2121
05-06 14:23:24.216  2150  3955 W TimeWarp: WarpToScreen: No completed frames to display for client 0. submittedFrameIndex = 2121
05-06 14:23:24.230  2150  3955 W TimeWarp: WarpToScreen: No completed frames to display for client 0. submittedFrameIndex = 2121
05-06 14:23:24.237   709  3925 I [CT]    : MANAGEMENT:CONSTELLATION: Status=GREEN,, Obj=7745273921483883046,6DOF=1,FusJit=0.003mm,Issues(Cam/min=  0,IMU/min=0), Obj=4212769887286730484,6DOF=1 (estimated),Issues(Cam/min=  0,IMU/min=0)
05-06 14:23:24.238  3739  4297 W VrRuntimeClient: GetSamplerStateFromClientTexture: not currently supported for Vulkan.
05-06 14:23:24.238  3739  4297 I TrackingServiceClient: setting simple haptics, but not yet connected to socket, open connection...
05-06 14:23:24.239   709  3186 I TrackingService: virtual android::binder::Status OVR::OS::Tracking::TrackingService::getTrackingSocketFileDescriptor(android::os::ParcelFileDescriptor *)
05-06 14:23:24.239   709  3186 D TrackingService: haptic socket already exists
05-06 14:23:24.239  3739  4299 I VrRuntimeClient: FenceChecker::MainLoop - started
05-06 14:23:24.245  2150  3955 I TimeWarpProgs: loaded binary layerProgram 2:0x28087:0x0 in 1.0 ms
05-06 14:23:24.254  2150  3955 I Clocks  : SetSchedFifo( tid=3756, pri=1 ) succeeded
05-06 14:23:24.254  2150  3955 I Clocks  : SetSchedFifo( tid=4297, pri=1 ) succeeded
05-06 14:23:24.255  2150  3955 I Clocks  : SetSchedFifo( tid=4299, pri=1 ) succeeded
05-06 14:23:24.255  2150  3955 I Clocks  : SetSchedFifo( tid=2365, pri=1 ) succeeded
05-06 14:23:24.255  2150  3955 I TimeWarp: UpdateClockLevels: Apply pending clock request change: 2,3 -> 3,3
05-06 14:23:24.255  2150  3949 I Clocks  : ReleaseClocks - start
05-06 14:23:24.256  2150  2334 I VrRuntimeServer: SetCompositorClientEnabled client(2): enabled(0) 0x0
05-06 14:23:24.256   713  2968 D         : CPU_CLUSTER_0: No client requests exists, release clocks
05-06 14:23:24.256   713  2968 D         : CPU_CLUSTER_1: No client requests exists, release clocks
05-06 14:23:24.256   713  2968 D         : GPU: No client requests exists, release clocks
05-06 14:23:24.256   713  2968 D         : CPUBW: No client requests exists, release clocks
05-06 14:23:24.257  2150  3949 I Clocks  : ReleaseClocks - end (1.5 ms)
05-06 14:23:24.257  2150  3949 I Clocks  : LockClocks( cpu=3, gpu=3 ) - start
05-06 14:23:24.258  2150  3949 I Clocks  : CPU levels [0, 4]
05-06 14:23:24.258  2150  3949 I Clocks  : GPU levels [0, 5]
05-06 14:23:24.259   713  1227 D         : CPU_CLUSTER_0: Client 2150 sends freq request [21, 21]
05-06 14:23:24.259   713  1227 D         : CPU_CLUSTER_0: Next Perf Level = (21, 21)
05-06 14:23:24.259   713  1227 D         : CPU_CLUSTER_1: Client 2150 sends freq request [22, 22]
05-06 14:23:24.259   713  1227 D         : CPU_CLUSTER_1: Next Perf Level = (22, 22)
05-06 14:23:24.259   713  1227 D         : CPUBW: Client 2150 sends freq request [8, 11]
05-06 14:23:24.259   713  1227 D         : CPUBW: Next Perf Level = (8, 11)
05-06 14:23:24.260   713  1227 D         : GPU: Client 2150 sends freq request [4, 4]
05-06 14:23:24.260   713  1227 D         : GPU: Next Perf Level = (4, 4)
05-06 14:23:24.263  2150  3949 I Clocks  : LockClocks( cpu=3, gpu=3 ) - end (5.6 ms)
05-06 14:23:24.275  2161  2225 I GuardianSystem: rsapi_PollEvent: rsEventForceShowGuardian. ForceIndefinitely: 0, ForceTimeInSeconds: 0.00, ForceCamera: 0
05-06 14:23:24.275  2161  2225 I GuardianSystem: ForceShowGuardian: false, 0.00
05-06 14:23:24.351  3739  4300 D UE4     : [2020.05.06-12.23.24:351][ 10]LogTcpMessaging: Started Connection to '127.0.0.1:33218'
05-06 14:23:24.351  3739  4300 D UE4     : [2020.05.06-12.23.24:351][ 10]LogTcpMessaging: Discovered node '4CEFBA9745FC0FA4B11566A41797B9E4' on connection '127.0.0.1:33218'...
05-06 14:23:24.356   709  3925 I [CT]    : CONSTELLATION: R: Detected static motion, applying constant pose priors.
05-06 14:23:24.373   709  3863 I [CT]    : boltlib: DSP utilization(%): 17
05-06 14:23:24.572  2150  3955 I TimeWarp: UpdateClockLevels: Apply pending clock request change: 3,3 -> 3,4
05-06 14:23:24.572  2150  3949 I Clocks  : ReleaseClocks - start
05-06 14:23:24.573   713  1227 D         : CPU_CLUSTER_0: No client requests exists, release clocks
05-06 14:23:24.573   713  1227 D         : CPU_CLUSTER_1: No client requests exists, release clocks
05-06 14:23:24.573   713  1227 D         : GPU: No client requests exists, release clocks
05-06 14:23:24.573   713  1227 D         : CPUBW: No client requests exists, release clocks
05-06 14:23:24.574  2150  3949 I Clocks  : ReleaseClocks - end (1.7 ms)
05-06 14:23:24.574  2150  3949 I Clocks  : LockClocks( cpu=3, gpu=4 ) - start
05-06 14:23:24.575  2150  3949 I Clocks  : CPU levels [0, 4]
05-06 14:23:24.575  2150  3949 I Clocks  : GPU levels [0, 5]
05-06 14:23:24.575   713  2969 D         : CPU_CLUSTER_0: Client 2150 sends freq request [21, 21]
05-06 14:23:24.575   713  2969 D         : CPU_CLUSTER_0: Next Perf Level = (21, 21)
05-06 14:23:24.575   713  2969 D         : CPU_CLUSTER_1: Client 2150 sends freq request [22, 22]
05-06 14:23:24.575   713  2969 D         : CPU_CLUSTER_1: Next Perf Level = (22, 22)
05-06 14:23:24.575   713  2969 D         : CPUBW: Client 2150 sends freq request [8, 11]
05-06 14:23:24.576   713  2969 D         : CPUBW: Next Perf Level = (8, 11)
05-06 14:23:24.578   713  2969 D         : GPU: Client 2150 sends freq request [6, 6]
05-06 14:23:24.578   713  2969 D         : GPU: Next Perf Level = (6, 6)
05-06 14:23:24.579  2150  3949 I Clocks  : LockClocks( cpu=3, gpu=4 ) - end (5.5 ms)
05-06 14:23:24.664   709  3926 I [CT]    : VIPER:MAP_MANAGER: State: TRACKING_PERSISTENT, UUID=629a63a2-c5e1-4881-bb8c-d6b184c3f308, Num. Persistent maps = 2,  Persistent maps:d18585e8-d288-4997-b6ff-78495c7eed6a,629a63a2-c5e1-4881-bb8c-d6b184c3f308,, Ser. Disabled = 00000000-0000-0000-0000-000000000000
05-06 14:23:24.703   709  3926 I [CT]    : VIPER: Status=6DoF,TRACKING,KF=46,Inl=418,Pts=270,Jit=0.1mm,Issues(Cam/min=0.0,IMU/min=0.0),Exp=(7.8ms,g=10.0,I=76)(6.0ms,g=4.0,I=68)(7.8ms,g=10.0,I=64)(7.0ms,g=7.0,I=68)
05-06 14:23:24.729  3739  4284 I Telemetry: App memory usage: PSS=895MB DalvikPSS=2 MB
05-06 14:23:24.730  3739  4284 I VrApi   : FPS=1,Prd=0ms,Tear=0,Early=58,Stale=12,VSnc=0,Lat=1,Fov=0,CPU4/GPU=4/4,1958/515MHz,OC=FF,TA=0/0/0,SP=N/N/N,Mem=1804MHz,Free=1408MB,PSM=0,PLS=0,Temp=29.0C/0.0C,TW=1.24ms,App=17.23ms,GD=0.00ms,CPU&GPU=0.00ms,LCnt=1,GPU%=0.13,CPU%=0.26(W0.33),DSF=1.00
05-06 14:23:24.753  2150  3955 I TimeWarp: UpdateClockLevels: Apply pending clock request change: 3,4 -> 4,4
05-06 14:23:24.753  2150  3949 I Clocks  : ReleaseClocks - start
05-06 14:23:24.754   713   713 D         : CPU_CLUSTER_0: No client requests exists, release clocks
05-06 14:23:24.754   713   713 D         : CPU_CLUSTER_1: No client requests exists, release clocks
05-06 14:23:24.754   713   713 D         : GPU: No client requests exists, release clocks
05-06 14:23:24.756   713   713 D         : CPUBW: No client requests exists, release clocks
05-06 14:23:24.758  2150  3949 I Clocks  : ReleaseClocks - end (5.1 ms)
05-06 14:23:24.758  2150  3949 I Clocks  : LockClocks( cpu=4, gpu=4 ) - start
05-06 14:23:24.759  2150  3949 I Clocks  : CPU levels [0, 4]
05-06 14:23:24.759  2150  3949 I Clocks  : GPU levels [0, 5]
05-06 14:23:24.760   713   807 D         : CPU_CLUSTER_0: Client 2150 sends freq request [21, 21]
05-06 14:23:24.760   713   807 D         : CPU_CLUSTER_0: Next Perf Level = (21, 21)
05-06 14:23:24.760   713   807 D         : CPU_CLUSTER_1: Client 2150 sends freq request [26, 26]
05-06 14:23:24.760   713   807 D         : CPU_CLUSTER_1: Next Perf Level = (26, 26)
05-06 14:23:24.760   713   807 D         : CPUBW: Client 2150 sends freq request [8, 11]
05-06 14:23:24.760   713   807 D         : CPUBW: Next Perf Level = (8, 11)
05-06 14:23:24.761   713   807 D         : GPU: Client 2150 sends freq request [6, 6]
05-06 14:23:24.763   713   807 D         : GPU: Next Perf Level = (6, 6)
05-06 14:23:24.763  2150  3949 I Clocks  : LockClocks( cpu=4, gpu=4 ) - end (4.9 ms)
05-06 14:23:25.352  3739  4284 I VrApi   : FPS=1,Prd=4ms,Tear=0,Early=0,Stale=72,VSnc=0,Lat=1,Fov=0,CPU4/GPU=2/3,2304/670MHz,OC=FF,TA=0/E0/E0,SP=N/F/F,Mem=1804MHz,Free=1408MB,PSM=0,PLS=0,Temp=29.0C/0.0C,TW=1.35ms,App=13.27ms,GD=0.00ms,CPU&GPU=2.59ms,LCnt=1,GPU%=0.40,CPU%=0.48(W0.70),DSF=1.00
05-06 14:23:25.631   709  3911 I [CT]    : L:Behavior:AtRest: deactivated
05-06 14:23:25.631   709  3911 I [CT]    : AdHocPatch: [Left] t = 37.334s, behavior transition: AtRest -> None at 37.383s
05-06 14:23:25.793   709  3911 I [CT]    : L:Behavior:AtRest: activated
05-06 14:23:25.793   709  3911 I [CT]    : AdHocPatch: [Left] t = 37.496s, behavior transition: None -> AtRest at 37.547s
05-06 14:23:26.001  3431  3465 W CPanelService: Detected non-responsive panel app; exiting
05-06 14:23:26.051  1059  1506 I ActivityManager: Process com.oculus.vrshell.home:explore (pid 3431) has died
