05-23 18:01:40.141   704  4981 E OMXNodeInstance: getParameter(2c00056:qcom.decoder.avc, ??(0x7f000044)) ERROR: UnsupportedSetting(0x80001019)
05-23 18:01:40.174   704  4981 I OMX-VDEC-1080P: omx_vdec::component_deinit() complete
05-23 18:01:40.177   704  4981 I OMX-VDEC-1080P: Exit OMX vdec Destructor: fd=8
05-23 18:01:40.188   720  8751 I [CT]    : VIPER:LOCALIZER: Added 80 descriptors to localizer of map eb4ba2b9-ebe1-42a3-9de2-f36bf5a10065
05-23 18:01:40.188   720  8796 I [CT]    : VIPER: Status=6DoF,TRACKING,KF=80,Inl=211,Pts=390,Jit=2.2mm,Issues(Cam/min=0.6,IMU/min=0.0),Exp=(5.3ms,g=6.0,I=77)(5.4ms,g=4.0,I=68)(5.3ms,g=6.0,I=60)(7.0ms,g=8.0,I=69)
05-23 18:01:40.188   720  8796 W [CT]    : VIPER: High jitter warning. 
05-23 18:01:40.333   720  8796 I [CT]    : VIPER:MAP_MANAGER: State: TRACKING_PERSISTENT, UUID=eb4ba2b9-ebe1-42a3-9de2-f36bf5a10065, Num. Persistent maps = 2,  Persistent maps:eb4ba2b9-ebe1-42a3-9de2-f36bf5a10065,022994f1-0c1e-4a65-9817-b24e9f537401,, Ser. Disabled = 00000000-0000-0000-0000-000000000000
05-23 18:01:40.339  1858 10071 I VrApi   : FPS=72,Prd=45ms,Tear=0,Early=69,Stale=0,VSnc=1,Lat=1,Fov=0,CPU4/GPU=4/4,2304/670MHz,OC=FF,TA=0/0/0,SP=N/N/N,Mem=1804MHz,Free=1049MB,PSM=0,PLS=0,Temp=35.0C/0.0C,TW=0.84ms,App=0.00ms,GD=0.00ms,CPU&GPU=11.69ms,LCnt=4,GPU%=0.06,CPU%=0.09(W0.13),DSF=1.00
05-23 18:01:40.363 10080 10163 D LocalMediaManager: Unexpected error while scanning mp4 header V2 : java.lang.NoClassDefFoundError: Failed resolution of: Lcom/coremedia/iso/IsoFile;
05-23 18:01:40.364 10080 10163 D LocalMediaManager: Unexpected error while scanning mp4 header V1 : java.lang.NoClassDefFoundError: Failed resolution of: Lcom/coremedia/iso/IsoFile;
05-23 18:01:40.376 10080 10163 D LocalMediaCacheDatabase: Set DB cache entry for /storage/emulated/0/Oculus/VideoShots/com.YourCompany.ToysGame-20200523-175915.mp4 :CachedMetadata{mType=VIDEO, mIs360=false, mIs180=false, mIs3D=false, mIsTopBotton=false, mOrientation=0, mHasAudio=false}
05-23 18:01:40.376 10080 10163 D LocalMediaManager: Unexpected error while scanning mp4 header V2 : java.lang.NoClassDefFoundError: Failed resolution of: Lcom/coremedia/iso/IsoFile;
05-23 18:01:40.377 10080 10163 D LocalMediaManager: Unexpected error while scanning mp4 header V1 : java.lang.NoClassDefFoundError: Failed resolution of: Lcom/coremedia/iso/IsoFile;
05-23 18:01:40.384 10080 10163 D LocalMediaCacheDatabase: Set DB cache entry for /storage/emulated/0/Oculus/VideoShots/Button.mp4 :CachedMetadata{mType=VIDEO, mIs360=false, mIs180=false, mIs3D=false, mIsTopBotton=false, mOrientation=0, mHasAudio=false}
05-23 18:01:40.398 10080 10163 D LocalMediaManager: Result (1876 msec) : {"items":[{"type":"VIDEO","id":"5988987506633219199","path":"\/storage\/emulated\/0\/Oculus\/VideoShots\/com.YourCompany.ToysGame-20200523-180102.mp4","remoteDeviceId":0,"thumb":"\/storage\/emulated\/0\/DCIM\/.thumbnails\/1590249699081.jpg","name":"com.YourCompany.ToysGame-20200523-180102","mimeType":"video\/mp4","source":"local","visibility":"public","isDeletable":true,"isDownloadable":false,"date":1590249694,"duration":30,"size":18881663,"height":1024,"width":1024,"format":"UNKNOWN","presentationFormat":"RECT"},{"type":"VIDEO","id":"2177188221649104024","path":"\/storage\/emulated\/0\/Oculus\/VideoShots\/com.YourCompany.ToysGame-20200523-180002.mp4","remoteDeviceId":0,"thumb":"\/storage\/emulated\/0\/DCIM\/.thumbnails\/1590249699710.jpg","name":"com.YourCompany.ToysGame-20200523-180002","mimeType":"video\/mp4","source":"local","visibility":"public","isDeletable":true,"isDownloadable":false,"date":1590249618,"duration":15,"size":9383064,"height":1024,"width":1024,"format":"UNKNOWN","presentationFormat":"RECT"},{"type":"VIDEO","id":"8020791003705790516","path":"\/storage\/emulated\/0\/Oculus\/VideoShots\/com.YourCompany.ToysGame-20200523-175915.mp4","remoteDeviceId":0,"thumb":"\/storage\/emulated\/0\/DCIM\/.thumbnails\/1590249700245.jpg","name":"com.YourCompany.ToysGame-20200523-175915","mimeType":"video\/mp4","source":"local","visibility":"public","isDeletable":true,"isDownloadable":false,"date":1590249598,"duration":41,"size":25710644,"height":1024,"width":1024,"format":"UNKNOWN","presentationFormat":"RECT"},{"type":"VIDEO","id":"3665644661751084254","path":"\/storage\/emulated\/0\/Oculus\/VideoShots\/Button.mp4","remoteDeviceId":0,"thumb":"\/storage\/emulated\/0\/DCIM\/.thumbnails\/1588844988167.jpg","name":"Button","mimeType":"video\/mp4","source":"local","visibility":"public","isDeletable":true,"isDownloadable":false,"date":1588844952,"duration":13,"size":8058078,"height":1024,"width":1024,"format":"UNKNOWN","presentationFormat":"RECT"},{"type":"IMAGE","id":"2674790277717167130","path":"\/storage\/emulated\/0\/UE4Game\/ToysGame\/Engine\/Content\/Slate\/Common\/VolumeControl_Muted.png","remoteDeviceId":0,"thumb":"\/storage\/emulated\/0\/DCIM\/.thumbnails\/1588844988406.jpg","name":"VolumeControl_Muted","mimeType":"image\/png","source":"local","visibility":"public","isDeletable":true,"isDownloadable":false,"date":1587109607,"size":3098,"height":16,"width":16,"format":"UNKNOWN","presentationFormat":"RECT"},{"type":"IMAGE","id":"8170892491403299701","path":"\/storage\/emulated\/0\/UE4Game\/ToysGame\/Engine\/Content\/Slate\/Common\/VolumeControl_Off.png","remoteDeviceId":0,"thumb":"\/storage\/emulated\/0\/DCIM\/.thumbnails\/1588844988549.jpg","name":"VolumeControl_Off","mimeType":"image\/png","source":"local","visibility":"public","isDeletable":true,"isDownloadable":false,"date":1587109607,"size":2933,"height":16,"width":16,"format":"UNKNOWN","presentationFormat":"RECT"},{"type":"IMAGE","id":"7215303289275943747","path":"\/storage\/emulated\/0\/UE4Game\/ToysGame\/Engine\/Content\/Slate\/Common\/WhiteGroupBorder.png","remoteDeviceId":0,"thumb":"\/storage\/emulated\/0\/DCIM\/.thumbnails\/1588844988703.jpg","name":"WhiteGroupBorder","mimeType":"image\/png","source":"local","visibility":"public","isDeletable":true,"isDownloadable":false,"date":1587109607,"size":2883,"height":16,"width":16,"format":"UNKNOWN","presentationFormat":"RECT"},{"type":"IMAGE","id":"8844807241358904193","path":"\/storage\/emulated\/0\/UE4Game\/ToysGame\/Engine\/Content\/Slate\/Common\/X.PNG","remoteDeviceId":0,"thumb":"\/storage\/emulated\/0\/DCIM\/.thumbnails\/1588844988838.jpg","name":"X","mimeType":"image\/png","source":"local","visibility":"public","isDeletable":true,"isDownloadable":false,"date":1587109607,"size":2945,"height":16,"width":16,"format":"UNKNOWN","presentationFormat":"RECT"},{"type":"IMAGE","id":"3225998005299579883","path":"\/storage\/emulated\/0\/UE4Game\/ToysGame\/Engine\/Content\/Slate\/Common\/Window\/WindowBackground.png","remoteDeviceId":0,"thumb":"\/storage
05-23 18:01:40.413   720  8751 I [CT]    : VIPER:LOCALIZER: [Throttled count=2] Running task: TRAINING.
05-23 18:01:40.441   720  8751 I [CT]    : VIPER:LOCALIZER: Added 93 descriptors to localizer of map eb4ba2b9-ebe1-42a3-9de2-f36bf5a10065
05-23 18:01:40.658   720  8751 I [CT]    : VIPER:LOCALIZER: Added 134 descriptors to localizer of map eb4ba2b9-ebe1-42a3-9de2-f36bf5a10065
05-23 18:01:40.701   720  8783 I [CT]    : R:Behavior:HandOverHand: activated, AttachedToOther
05-23 18:01:40.701   720  8783 I [CT]    : AdHocPatch: [Left] t = 191.812s, behavior transition: None -> HandOverHand at -0.244s
05-23 18:01:40.736   720  8796 W [CT]    : VIPER: [Throttled count=2] StereoEpipolarSearch: No search points in epipolar search.
05-23 18:01:40.898   720  8751 I [CT]    : VIPER:LOCALIZER: Added 90 descriptors to localizer of map eb4ba2b9-ebe1-42a3-9de2-f36bf5a10065
05-23 18:01:41.110   720  8783 I [CT]    : L:Behavior:HandOverHand: deactivated
05-23 18:01:41.110   720  8783 I [CT]    : AdHocPatch: [Left] t = 192.220s, behavior transition: HandOverHand -> None at 150366574644786205129627457715583048251959743216261310975432044622808501489596732897287209327069397585722412219054006175730925863276343808978894120491076703748096.000s
05-23 18:01:41.131   720  8751 I [CT]    : VIPER:LOCALIZER: [Throttled count=2] Running task: TRAINING.
05-23 18:01:41.139   720  8751 I [CT]    : VIPER:LOCALIZER: Added 70 descriptors to localizer of map eb4ba2b9-ebe1-42a3-9de2-f36bf5a10065
05-23 18:01:41.287   720  8728 I [CT]    : boltlib: DSP utilization(%): 17
05-23 18:01:41.334  1858 10071 I VrApi   : FPS=73,Prd=16ms,Tear=0,Early=72,Stale=0,VSnc=1,Lat=1,Fov=0,CPU4/GPU=4/4,2304/670MHz,OC=FF,TA=0/0/0,SP=N/N/N,Mem=1295MHz,Free=1048MB,PSM=0,PLS=0,Temp=35.0C/0.0C,TW=0.85ms,App=0.00ms,GD=0.00ms,CPU&GPU=3.50ms,LCnt=0,GPU%=0.07,CPU%=0.07(W0.13),DSF=1.00
05-23 18:01:41.384   720  8751 I [CT]    : VIPER:LOCALIZER: Added 32 descriptors to localizer of map eb4ba2b9-ebe1-42a3-9de2-f36bf5a10065
05-23 18:01:41.627   720  8751 I [CT]    : VIPER:LOCALIZER: Added 18 descriptors to localizer of map eb4ba2b9-ebe1-42a3-9de2-f36bf5a10065
05-23 18:01:41.980   720  8795 I [CT]    : MANAGEMENT:CONSTELLATION: Status=GREEN,, Obj=7745273921483883046,6DOF=0,3DOF=1,Issues(Cam/min=  0,IMU/min=0), Obj=4212769887286730484,6DOF=1,FusJit=0.3mm,Issues(Cam/min=  0,IMU/min=0)
05-23 18:01:42.174   720  8751 I [CT]    : VIPER:LOCALIZER: [Throttled count=2] Running task: TRAINING.
05-23 18:01:42.180   720  8751 I [CT]    : VIPER:LOCALIZER: Added 20 descriptors to localizer of map eb4ba2b9-ebe1-42a3-9de2-f36bf5a10065
05-23 18:01:42.339  1858 10071 I VrApi   : FPS=72,Prd=0ms,Tear=0,Early=72,Stale=0,VSnc=1,Lat=1,Fov=0,CPU4/GPU=4/4,2304/670MHz,OC=FF,TA=0/0/0,SP=N/N/N,Mem=1554MHz,Free=1053MB,PSM=0,PLS=0,Temp=35.0C/0.0C,TW=0.85ms,App=0.00ms,GD=0.00ms,CPU&GPU=0.32ms,LCnt=0,GPU%=0.06,CPU%=0.03(W0.09),DSF=1.00
05-23 18:01:42.538   720  8751 I [CT]    : VIPER:LOCALIZER: Added 31 descriptors to localizer of map eb4ba2b9-ebe1-42a3-9de2-f36bf5a10065
05-23 18:01:42.775   720  8751 I [CT]    : VIPER:LOCALIZER: [Throttled count=1] Running task: TRAINING.
05-23 18:01:42.779   720  8751 I [CT]    : VIPER:LOCALIZER: Added 56 descriptors to localizer of map eb4ba2b9-ebe1-42a3-9de2-f36bf5a10065
05-23 18:01:43.028   720  8751 I [CT]    : VIPER:LOCALIZER: Added 70 descriptors to localizer of map eb4ba2b9-ebe1-42a3-9de2-f36bf5a10065
05-23 18:01:43.220   720  8795 I [CT]    : CONSTELLATION: L:  RESET. Keep Cov and Calib States = 1. Keep velocity state and covariance = 0
05-23 18:01:43.335   720  8796 I [CT]    : HealthReport: Everything Passed =)
05-23 18:01:43.343  1858 10071 I VrApi   : FPS=72,Prd=0ms,Tear=0,Early=72,Stale=0,VSnc=1,Lat=1,Fov=0,CPU4/GPU=4/4,2304/670MHz,OC=FF,TA=0/0/0,SP=N/N/N,Mem=1554MHz,Free=1054MB,PSM=0,PLS=0,Temp=35.0C/0.0C,TW=0.87ms,App=0.00ms,GD=0.00ms,CPU&GPU=0.34ms,LCnt=0,GPU%=0.06,CPU%=0.05(W0.14),DSF=1.00
05-23 18:01:43.775   720  8796 I [CT]    : VIPER: Status=6DoF,TRACKING,KF=87,Inl=136,Pts=512,Jit=1.5mm,Issues(Cam/min=0.6,IMU/min=0.0),Exp=(9.7ms,g=13.0,I=70)(10.6ms,g=13.0,I=61)(9.7ms,g=13.0,I=51)(14.0ms,g=15.0,I=46)
05-23 18:01:43.813   720  8751 I [CT]    : VIPER:LOCALIZER: [Throttled count=1] Running task: TRAINING.
05-23 18:01:43.817   720  8751 I [CT]    : VIPER:LOCALIZER: Added 46 descriptors to localizer of map eb4ba2b9-ebe1-42a3-9de2-f36bf5a10065
05-23 18:01:43.933   720  8796 I [CT]    : VIPER:MAP_MANAGER: State: TRACKING_PERSISTENT, UUID=eb4ba2b9-ebe1-42a3-9de2-f36bf5a10065, Num. Persistent maps = 2,  Persistent maps:eb4ba2b9-ebe1-42a3-9de2-f36bf5a10065,022994f1-0c1e-4a65-9817-b24e9f537401,, Ser. Disabled = 00000000-0000-0000-0000-000000000000
05-23 18:01:44.043   720  8783 I [CT]    : R:Behavior:AtRest: activated
05-23 18:01:44.043   720  8783 I [CT]    : AdHocPatch: [Right] t = 195.154s, behavior transition: None -> AtRest at 194.850s
05-23 18:01:44.059   720  8751 I [CT]    : VIPER:LOCALIZER: Added 7 descriptors to localizer of map eb4ba2b9-ebe1-42a3-9de2-f36bf5a10065
05-23 18:01:44.195   720  8783 I [CT]    : R:Behavior:AtRest: deactivated
05-23 18:01:44.195   720  8783 I [CT]    : AdHocPatch: [Right] t = 195.306s, behavior transition: AtRest -> None at 194.850s
05-23 18:01:44.301   720  8795 I [CT]    : CONSTELLATION: L:  RESET. Keep Cov and Calib States = 1. Keep velocity state and covariance = 0
05-23 18:01:44.347  1858 10071 I VrApi   : FPS=72,Prd=0ms,Tear=0,Early=72,Stale=0,VSnc=1,Lat=1,Fov=0,CPU4/GPU=4/4,2304/670MHz,OC=FF,TA=0/0/0,SP=N/N/N,Mem=1554MHz,Free=1054MB,PSM=0,PLS=0,Temp=35.0C/0.0C,TW=0.88ms,App=0.00ms,GD=0.00ms,CPU&GPU=0.34ms,LCnt=0,GPU%=0.07,CPU%=0.10(W0.17),DSF=1.00
05-23 18:01:44.407  2414  3379 I OVR     : OVRPlatform saving push token credentials for userid 102449717587751
05-23 18:01:44.485  2414  3379 I OVRPlatform: [FBNSHandler] Push token received
05-23 18:01:44.652   720  8751 I [CT]    : VIPER:LOCALIZER: [Throttled count=1] Running task: TRAINING.
05-23 18:01:44.657   720  8751 I [CT]    : VIPER:LOCALIZER: Added 12 descriptors to localizer of map eb4ba2b9-ebe1-42a3-9de2-f36bf5a10065
05-23 18:01:45.336  1858 10071 I VrApi   : FPS=72,Prd=0ms,Tear=0,Early=72,Stale=0,VSnc=1,Lat=1,Fov=0,CPU4/GPU=4/4,2304/670MHz,OC=FF,TA=0/0/0,SP=N/N/N,Mem=1554MHz,Free=1055MB,PSM=0,PLS=0,Temp=35.0C/0.0C,TW=0.87ms,App=0.00ms,GD=0.00ms,CPU&GPU=0.34ms,LCnt=0,GPU%=0.06,CPU%=0.06(W0.09),DSF=1.00
05-23 18:01:45.355   720  8783 D TrackingService: [HANDTRACKING] Controller 6b7cbd986a24c226 in hand: N, valid: Y
05-23 18:01:45.434   720  8783 I [CT]    : R:Behavior:AtRest: activated
05-23 18:01:45.434   720  8783 I [CT]    : AdHocPatch: [Left] t = 196.544s, behavior transition: None -> AtRest at 191.812s
05-23 18:01:45.574   720  8795 I [CT]    : MANAGEMENT:CONSTELLATION: Status=GREEN,, Obj=7745273921483883046,6DOF=0,3DOF=1,Issues(Cam/min=  0,IMU/min=0), Obj=4212769887286730484,6DOF=1 (estimated),Issues(Cam/min=  0,IMU/min=0)
05-23 18:01:46.115   720  8783 D TrackingService: [HANDTRACKING] Controller 3a76c3e46c301ef4 in hand: N, valid: Y
05-23 18:01:46.119  2129  2341 I InputManager: HANDTRACKING going to hand mode since there is no controller detected in hand
05-23 18:01:46.133  2129  2341 I InputManager: HANDTRACKING setting hand tracking on settings manager to 1
05-23 18:01:46.151  2129  2153 I InputSettingsObserverCallback: InputSettingsObserverCallback 'hand_tracking_enabled'
05-23 18:01:46.151   720   832 D Tracker/CoreOS: MontereyGlue: Acquiring handleHandTrackingSettingChange lock
05-23 18:01:46.153   720   832 D Tracker/CoreOS: MontereyGlue: Handling hand tracking setting enabled
05-23 18:01:46.153   720   832 I [CT]    : NIMBLE:HTEngine: doActivate()
05-23 18:01:46.153  2129  2153 I InputSettingsObserverCallback: InputSettingsObserverCallback: hand_tracking_enabled changed to: 1
05-23 18:01:46.153   720   832 I [CT]    : NIMBLE:HTEngine: [Prepare] Successfully loading last calibrated hand scale from: /vision/handtracking/PersonalizationConfig.json
05-23 18:01:46.153   720   832 I [CT]    : NIMBLE:HTEngineUtil: Loading user profile from file...
05-23 18:01:46.161  2129  2341 I InputManager: HANDTRACKING server setting handtracking enabled to ENABLED from 0 via 1
05-23 18:01:46.161  2129  2341 I InputManager: HANDTRACKING STATE mismatched hand state Setting: 1 'Enabled',  controlCommand 2 'Disabled'
05-23 18:01:46.222   720   832 I [CT]    : NIMBLE:HTEngine: [Prepare] Loading rest skeleton from: /system/etc/handtracking/runtime/common/defaultfbx_restSkeletons.msgpack
05-23 18:01:46.223   720   832 I [CT]    : NIMBLE:HTEngine: [Activate] Initial Hand Profile Data output
05-23 18:01:46.270   720   832 I [CT]    : NIMBLE:HTEngine: [Activate] HealthMonitor is enabled
05-23 18:01:46.270   720   832 I [CT]    : NIMBLE:HTEngine: [Exposure] Settings: Algorithm nimble Mode low_exposure, Initial Exposure 0.004, Initial Gain 4
05-23 18:01:46.270   720   832 I [CT]    : NIMBLE:HTEngine: [Exposure] Initializing hand auto exposure algorithm
05-23 18:01:46.270   720   832 I [CT]    : NIMBLE:HTEngine: [Exposure] Initializing hand exposure control driver
05-23 18:01:46.270   720   832 I [CT]    : NIMBLE:HTEngine: [Exposure] Initializing hand exposure control unit
05-23 18:01:46.270   720   832 I [CT]    : NIMBLE:ExposureControl: Initializing exposure control unit for 4 cameras
05-23 18:01:46.270   720   832 I [CT]    : NIMBLE:ExposureControl: Camera 0: Found free
05-23 18:01:46.270   720   832 I [CT]    : NIMBLE:ExposureControl: Camera 1: Found free
05-23 18:01:46.270   720   832 I [CT]    : NIMBLE:ExposureControl: Camera 2: Found free
05-23 18:01:46.270   720   832 I [CT]    : NIMBLE:ExposureControl: Camera 3: Found free
05-23 18:01:46.299   720   832 I [CT]    : NIMBLE:HTEngine: [Activate] Finished setting up exposure
05-23 18:01:46.299   720   832 I [CT]    : NIMBLE: Creating pipeline...
05-23 18:01:46.299   720   832 I [CT]    : NIMBLE: Creating hand detector...
05-23 18:01:46.299   720   832 I [CT]    : NIMBLE: Creating landmark predictor...
05-23 18:01:46.300   720   832 I [CT]    : NIMBLE: Creating IK tracker...
05-23 18:01:46.300   720   832 I [CT]    : NIMBLE: Creating TC evaluator...
05-23 18:01:46.300   720   832 I [CT]    : NIMBLE: Creating hand personalization...
05-23 18:01:46.335   720   832 I [CT]    : NIMBLE: Loading motion network: "/system/etc/handtracking/runtime/quest/default_motion"
05-23 18:01:46.336   720   832 I [CT]    : NIMBLE: Created pipeline.
05-23 18:01:46.337   720   832 I [CT]    : NIMBLE:HTEngine: [Activate] Initialized HT pipeline
05-23 18:01:46.339   720   832 I [CT]    : NIMBLE:HLOG: [Personalization] updating hand profile...
05-23 18:01:46.339   720   832 I [CT]    : NIMBLE:HLOG: [Personalization] calling update profile callback...
05-23 18:01:46.339   720   832 I [CT]    : NIMBLE:HLOG: [Personalization] updated hand profile. hand size = 0.7153121
05-23 18:01:46.339   720   832 I [CT]    : NIMBLE:HTEngine: [Activate] Starting Hand tracking pipeline...
05-23 18:01:46.339   720   832 I [CT]    : NIMBLE:HTEngine: doActivate() completed
05-23 18:01:46.339   720   832 D Tracker/CoreOS: MontereyGlue: Releasing handleHandTrackingSettingChange lock
05-23 18:01:46.339  1858 10071 I VrApi   : FPS=72,Prd=0ms,Tear=0,Early=72,Stale=0,VSnc=1,Lat=1,Fov=0,CPU4/GPU=4/4,2304/670MHz,OC=FF,TA=0/0/0,SP=N/N/N,Mem=1554MHz,Free=1038MB,PSM=0,PLS=0,Temp=35.0C/0.0C,TW=0.85ms,App=0.00ms,GD=0.00ms,CPU&GPU=0.33ms,LCnt=0,GPU%=0.06,CPU%=0.06(W0.10),DSF=1.00
05-23 18:01:46.342  2129  2341 I InputManager: HANDTRACKING Control Data last: 2 new: 1
05-23 18:01:46.342  2129  2341 I InputManager: HANDTRACKING Tracking Service reports hands ENABLED
05-23 18:01:46.342  2129  2341 I InputManager: HANDTRACKING ProfileID=47 scale=0.966638
05-23 18:01:46.342  2129  2341 I InputManager: HANDTRACKING STATE hand state has re-aligned after 0.180994:  Setting: 1 'Enabled',  controlCommand 1 'Enabled'
05-23 18:01:46.342  2129  2341 I InputManager: HANDTRACKING: Switching to Hands only mode        HANDS
05-23 18:01:46.373   720  8794 I [CT]    : NIMBLE:HTEngine: HandTracking, Frame received with len = 4, , exposure(ms) 0.038
05-23 18:01:46.373   720  8794 I [CT]    : NIMBLE:HTEngine: [Personalization] Trigger automatic personalization...
05-23 18:01:46.373   720  8794 I [CT]    : NIMBLE:HTEngine: [Personalization] Starting hand personalization...
05-23 18:01:46.374   720  8794 I [CT]    : NIMBLE:HTEngine: [Personalization] Started
05-23 18:01:46.384  2129  2341 I InputManager: HANDTRACKING hand 0 status set to OutOfView
05-23 18:01:46.384  2129  2341 I InputManager: HANDTRACKING hand 0 connected
05-23 18:01:46.384  2129  2341 I InputManager: HANDTRACKING hand 1 status set to OutOfView
05-23 18:01:46.384  2129  2341 I InputManager: HANDTRACKING hand 1 connected
05-23 18:01:46.412  2191  2246 I GuardianSystem: UpdateGuardianSystemState: Flags changed: 524288, 589824
05-23 18:01:47.299   720  8728 I [CT]    : boltlib: DSP utilization(%): 18
05-23 18:01:47.334  1858 10071 I VrApi   : FPS=72,Prd=0ms,Tear=0,Early=72,Stale=0,VSnc=1,Lat=1,Fov=0,CPU4/GPU=4/4,2304/670MHz,OC=FF,TA=0/0/0,SP=N/N/N,Mem=1554MHz,Free=1039MB,PSM=0,PLS=0,Temp=35.0C/0.0C,TW=0.86ms,App=0.00ms,GD=0.00ms,CPU&GPU=0.32ms,LCnt=0,GPU%=0.06,CPU%=0.06(W0.09),DSF=1.00
05-23 18:01:47.371   720  8796 I [CT]    : VIPER: Status=6DoF,TRACKING,KF=92,Inl=69,Pts=435,Jit=0.7mm,Issues(Cam/min=0.6,IMU/min=0.0),Exp=(14.0ms,g=15.0,I=55)(9.8ms,g=13.0,I=68)(14.0ms,g=15.0,I=49)(10.9ms,g=14.0,I=66)
05-23 18:01:47.531   720  8796 I [CT]    : VIPER:MAP_MANAGER: State: TRACKING_PERSISTENT, UUID=eb4ba2b9-ebe1-42a3-9de2-f36bf5a10065, Num. Persistent maps = 2,  Persistent maps:eb4ba2b9-ebe1-42a3-9de2-f36bf5a10065,022994f1-0c1e-4a65-9817-b24e9f537401,, Ser. Disabled = 00000000-0000-0000-0000-000000000000
05-23 18:01:47.581  1073  1118 E BatteryStatsService: no controller energy info supplied
05-23 18:01:47.581  1073  1073 I EntropyMixer: Writing entropy...
05-23 18:01:47.592  1451 10197 I OSUpdateService: Intent with action system_battery_changed
05-23 18:01:47.597  1073  1118 E BatteryStatsService: no controller energy info supplied
05-23 18:01:47.665  1073  1114 W ProcessCpuTracker: Skipping unknown process pid 10196
05-23 18:01:47.667   720  8751 I [CT]    : VIPER:LOCALIZER: Running task: TRAINING.
05-23 18:01:47.678   720  8751 I [CT]    : VIPER:LOCALIZER: Added 25 descriptors to localizer of map eb4ba2b9-ebe1-42a3-9de2-f36bf5a10065
05-23 18:01:47.893   720  8751 W [CT]    : PERCEPTION:LshDescriptorIndex: Called addToIndex without any data
05-23 18:01:47.895   720  8751 I [CT]    : VIPER:LOCALIZER: Added 11 descriptors to localizer of map eb4ba2b9-ebe1-42a3-9de2-f36bf5a10065
05-23 18:01:48.067  1451 10201 I OSUpdateService: Intent with action system_battery_changed
05-23 18:01:48.133   720  8751 I [CT]    : VIPER:LOCALIZER: Added 2 descriptors to localizer of map eb4ba2b9-ebe1-42a3-9de2-f36bf5a10065
05-23 18:01:48.263  2129  2341 I InputManager: HANDTRACKING hand 0 status set to TooDark
05-23 18:01:48.263  2129  2341 I InputManager: HANDTRACKING hand 1 status set to TooDark
05-23 18:01:48.263  2129  2341 I InputManager: HANDTRACKING: Setting brightness flag to fire to 1
05-23 18:01:48.263  2129  2341 I ClientMgr: HANDTRACKING SendHandsBrightnessWarning
05-23 18:01:48.263  2129  2341 I ClientMgr: HANDTRACKING trying to find the funciton to call
05-23 18:01:48.264  2129  2341 I ClientMgr: HANDTRACKING Really sending SendHandsBrightnessWarning
05-23 18:01:48.264  2129  2341 D VrRuntimeService: HANDTRACKING Should fire too dark for hands Toast
05-23 18:01:48.265  1073  1114 W BroadcastQueue: Permission Denial: broadcasting Intent { act=com.oculus.vrshell.intent.action.HANDS flg=0x10 pkg=com.oculus.vrshell (has extras) } from com.oculus.systemdriver (pid=2129, uid=10022) requires ShellControlProtectedReceiverPermission due to receiver com.oculus.vrshell/.ShellControlProtectedReceiver
05-23 18:01:48.325  1073  1129 I UsbPortManager: USB port changed: port=UsbPort{id=otg_default, supportedModes=dual}, status=UsbPortStatus{connected=true, currentMode=ufp, currentPowerRole=sink, currentDataRole=device, supportedRoleCombinations=[source:host, sink:device]}, canChangeMode=true, canChangePowerRole=false, canChangeDataRole=false
05-23 18:01:48.337  1858 10071 I VrApi   : FPS=72,Prd=0ms,Tear=0,Early=72,Stale=0,VSnc=1,Lat=1,Fov=0,CPU4/GPU=4/4,2304/670MHz,OC=FF,TA=0/0/0,SP=N/N/N,Mem=1554MHz,Free=1043MB,PSM=0,PLS=0,Temp=35.0C/0.0C,TW=0.87ms,App=0.00ms,GD=0.00ms,CPU&GPU=0.33ms,LCnt=0,GPU%=0.06,CPU%=0.05(W0.09),DSF=1.00
05-23 18:01:48.338  1451 10203 I OSUpdateService: Intent with action system_battery_changed
05-23 18:01:48.370   720  8751 I [CT]    : VIPER:LOCALIZER: [Throttled count=2] Running task: TRAINING.
05-23 18:01:48.380   720  8751 I [CT]    : VIPER:LOCALIZER: Added 1 descriptors to localizer of map eb4ba2b9-ebe1-42a3-9de2-f36bf5a10065
05-23 18:01:48.413   720  8794 I [CT]    : NIMBLE:HTEngine: HandTracking, Frame received with len = 4, , exposure(ms) 6.498
05-23 18:01:48.600   720  8783 I [CT]    : R:Behavior:AtRest: deactivated
05-23 18:01:48.600   720  8783 I [CT]    : AdHocPatch: [Left] t = 199.710s, behavior transition: AtRest -> None at 191.812s
05-23 18:01:48.623  1269  1269 D MtpReceiver: Received Usb Mtp state
05-23 18:01:48.623  1269  1269 D MtpReceiver: USB plugged in
05-23 18:01:48.623  1269  1269 D MtpReceiver: Starting Media Scan Service
05-23 18:01:48.626  1512  1512 D OculusNotificationListenerService: Notification posted: -1|android|17040426|null|1000
05-23 18:01:48.632  1858  2465 I OVR     : OVRPlatform saving push token credentials for userid 102449717587751
05-23 18:01:48.633  1941  1941 D [OAR] VrBroadcastReceiver: action: com.oculus.vrshell.intent.action.NOTIFICATION_WAKE
05-23 18:01:48.638  1941  1941 I [OAR] VrNotificationListenerService: onNotificationPosted(): key = -1|android|17040426|null|1000, type = third_party
05-23 18:01:48.639  1941  1941 I [OAR] VrNotificationListenerService: onNotificationPosted(): user|package|tag|id = UserHandle{-1}|android|null|17040426
05-23 18:01:48.641  8703  8707 D xrspd   : ep0 xrspd event ENABLE
05-23 18:01:48.642  8703  8707 I xrspd   : calling XrspdHelperStart
05-23 18:01:48.642  8703  8707 D xrspd   : XrspdHelper starting...
05-23 18:01:48.642  8703  8707 D xrspd   : XrspdHelper: create transport
05-23 18:01:48.643  3096  3096 D [OAR] NotificationBroadcastReceiver: action: com.oculus.intent.action.NOTIF_CHANGE
05-23 18:01:48.643  3096  3096 D [OAR] AnytimeUINotifsBarView: onNotificationsChanged - skipped, detils bar not visible
05-23 18:01:48.644  8703  8707 D xrspd   : ep0 xrspd event ENABLE
05-23 18:01:48.644  8703 10206 D xrspd   : transitioning XrspSession state to InviteSent
05-23 18:01:48.644  8703 10206 D xrspd   : sending XrspSession invite for 'basic'
05-23 18:01:48.644  8703 10206 D xrspd   : trying to send transactional message INVITE
05-23 18:01:48.645  1512  1512 D OculusNotificationListenerService: Notification posted: -1|android|17040433|null|1000
05-23 18:01:48.650  1941  1941 D VrNotificationAnalytics: logNotificationPosted(third_party)
05-23 18:01:48.652  1941  1941 D [OAR] VrNotificationService: VrNotificationService onStartCommand() Intent { cmp=com.oculus.vrshell/.VrNotificationService }
05-23 18:01:48.652  1941  1941 I [OAR] VrNotificationListenerService: onNotificationPosted(): key = -1|android|17040433|null|1000, type = third_party
05-23 18:01:48.652  1941  1941 I [OAR] VrNotificationListenerService: onNotificationPosted(): user|package|tag|id = UserHandle{-1}|android|null|17040433
05-23 18:01:48.652  3096  3096 E [OAR] AnytimeUINotifsBarView: Unexpected badge route, ignoring: systemux://notifications
05-23 18:01:48.652  3096  3096 I NotificationManagerSourceHandler: Dataset has changed
05-23 18:01:48.655  1269  1269 D MtpReceiver: Received Usb Mtp state
05-23 18:01:48.655  1269  1269 D MtpReceiver: USB plugged in
05-23 18:01:48.657  3096  3096 V NotificationManagerSourceHandler: Notifications in manager set and current set are the same size
05-23 18:01:48.658  3096  3096 V NotificationManagerSourceHandler: SOCIAL
05-23 18:01:48.665  1941  1941 D VrNotificationAnalytics: logNotificationPosted(third_party)
05-23 18:01:48.666  1941  1941 D [OAR] VrBroadcastReceiver: action: com.oculus.vrshell.intent.action.NOTIFICATION_WAKE
05-23 18:01:48.668  1941  1941 D [OAR] VrNotificationService: VrNotificationService onStartCommand() Intent { cmp=com.oculus.vrshell/.VrNotificationService }
05-23 18:01:48.669  3096  3096 D [OAR] NotificationBroadcastReceiver: action: com.oculus.intent.action.NOTIF_CHANGE
05-23 18:01:48.670  3096  3096 D [OAR] AnytimeUINotifsBarView: onNotificationsChanged - skipped, detils bar not visible
05-23 18:01:48.674  3096  3096 E [OAR] AnytimeUINotifsBarView: Unexpected badge route, ignoring: systemux://notifications
05-23 18:01:48.674  3096  3096 I NotificationManagerSourceHandler: Dataset has changed
05-23 18:01:48.676  3096  3096 V NotificationManagerSourceHandler: Notifications in manager set and current set are the same size
05-23 18:01:48.677  3096  3096 V NotificationManagerSourceHandler: SOCIAL
05-23 18:01:48.712  1858  2465 I OVRPlatform: [FBNSHandler] Push token received
05-23 18:01:48.765  1269  1269 D MtpReceiver: Started Media Scan Service
05-23 18:01:48.843  1451 10210 I OSUpdateService: Intent with action system_battery_changed
05-23 18:01:48.936  1073  1129 I UsbDeviceManager: Setting USB config to mtp,xrsp,adb
05-23 18:01:48.940  8703  8707 D xrspd   : ep0 xrspd event UNBIND
05-23 18:01:48.940  8703 10207 E xrspd   : I/O error during file operation (op: write, len: 1024): No such device (19)
05-23 18:01:48.940  8703  8707 D xrspd   : streaming session stopped (2)
05-23 18:01:48.940  8703 10205 E xrspd   : I/O error during file operation (op: read, len: 1024): No such device (19)
05-23 18:01:48.940  8703 10205 D xrspd   : Error while processing inbound data, will terminate participant: I/O error
05-23 18:01:48.940  8703 10205 D xrspd   : terminating participant...
05-23 18:01:48.943  1941  1958 D OsSdk   : service died.
05-23 18:01:48.943  3096  3107 D OsSdk   : service died.
05-23 18:01:48.943   547   547 I ServiceManager: service 'XrspBroker' died
05-23 18:01:48.943  9924  9932 W art     : Receiving file descriptor from ADB failed (socket 8): Connection reset by peer
05-23 18:01:49.021 10212 10212 D xrspd   : FFS path available
05-23 18:01:49.021 10212 10212 D xrspd   : verify CPU is little endian
05-23 18:01:49.021 10212 10212 D xrspd   : running XRSP Interface "(.bMaxBurst = 0, .wBytesPerInterval = 0)
05-23 18:01:49.021 10212 10212 D xrspd   : open ep0 at '/dev/usb-ffs/xrsp'
05-23 18:01:49.021 10212 10212 D xrspd   : write descriptors
05-23 18:01:49.021 10212 10212 D xrspd   : write strings
05-23 18:01:49.022 10212 10212 D xrspd   : starting ep0_thread
05-23 18:01:49.022 10212 10212 D xrspd   : starting service_thread
05-23 18:01:49.022 10212 10217 I xrspd   : starting service 'XrspBroker'
05-23 18:01:49.028 10212 10217 D xrspd   : service is ready, will join thread...
05-23 18:01:49.053  2823 10208 D MediaProvider: object removed 3418
05-23 18:01:49.054  2823 10208 D MediaProvider: object removed 3419
05-23 18:01:49.062 10212 10216 D xrspd   : ep0 xrspd event BIND
05-23 18:01:49.330   720  8796 I [CT]    : HealthReport: Everything Passed =)
05-23 18:01:49.335  1858 10071 I VrApi   : FPS=72,Prd=0ms,Tear=0,Early=72,Stale=0,VSnc=1,Lat=1,Fov=0,CPU4/GPU=4/4,2304/670MHz,OC=FF,TA=0/0/0,SP=N/N/N,Mem=1804MHz,Free=1050MB,PSM=0,PLS=0,Temp=35.0C/0.0C,TW=0.87ms,App=0.00ms,GD=0.00ms,CPU&GPU=0.32ms,LCnt=0,GPU%=0.06,CPU%=0.06(W0.12),DSF=1.00
05-23 18:01:49.352  1073  1073 W TelecomManager: Telecom Service not found.
05-23 18:01:49.355  1512  1512 D OculusNotificationListenerService: Notification removed: -1|android|17040426|null|1000
05-23 18:01:49.357  1941  1941 I [OAR] VrNotificationListenerService: onNotificationRemoved(): key = -1|android|17040426|null|1000, type = third_party
05-23 18:01:49.357  1941  1941 I [OAR] VrNotificationListenerService: onNotificationRemoved(): user|package|tag|id = UserHandle{-1}|android|null|17040426
05-23 18:01:49.357  1269  1269 D MtpReceiver: Received Usb Mtp state
05-23 18:01:49.358  1269  1269 D MtpReceiver: USB plugged in
05-23 18:01:49.366  3096  3096 D [OAR] NotificationBroadcastReceiver: action: com.oculus.intent.action.NOTIF_CHANGE
05-23 18:01:49.366  3096  3096 D [OAR] AnytimeUINotifsBarView: onNotificationsChanged - skipped, detils bar not visible
05-23 18:01:49.371  1941  1941 D VrNotificationAnalytics: logNotificationRemoved(third_party)
05-23 18:01:49.371  3096  3096 E [OAR] AnytimeUINotifsBarView: Unexpected badge route, ignoring: systemux://notifications
05-23 18:01:49.371  3096  3096 I NotificationManagerSourceHandler: Dataset has changed
05-23 18:01:49.375  3096  3096 V NotificationManagerSourceHandler: Notifications in manager set and current set are the same size
05-23 18:01:49.375  3096  3096 V NotificationManagerSourceHandler: SOCIAL
05-23 18:01:49.377 10212 10216 D xrspd   : ep0 xrspd event ENABLE
05-23 18:01:49.380 10212 10216 I xrspd   : calling XrspdHelperStart
05-23 18:01:49.380 10212 10216 D xrspd   : XrspdHelper starting...
05-23 18:01:49.380 10212 10216 D xrspd   : XrspdHelper: create transport
05-23 18:01:49.382 10212 10216 D xrspd   : ep0 xrspd event ENABLE
05-23 18:01:49.382 10212 10220 D xrspd   : transitioning XrspSession state to InviteSent
05-23 18:01:49.382 10212 10220 D xrspd   : sending XrspSession invite for 'basic'
05-23 18:01:49.382 10212 10220 D xrspd   : trying to send transactional message INVITE
05-23 18:01:49.383  1269  1269 D MtpReceiver: Received Usb Mtp state
05-23 18:01:49.384  1269  1269 D MtpReceiver: USB plugged in
05-23 18:01:49.385  1512  1512 D OculusNotificationListenerService: Notification posted: -1|android|17040428|null|1000
05-23 18:01:49.387  1941  1941 I [OAR] VrNotificationListenerService: onNotificationPosted(): key = -1|android|17040428|null|1000, type = third_party
05-23 18:01:49.387  1941  1941 I [OAR] VrNotificationListenerService: onNotificationPosted(): user|package|tag|id = UserHandle{-1}|android|null|17040428
05-23 18:01:49.412  1941  1941 D VrNotificationAnalytics: logNotificationPosted(third_party)
05-23 18:01:49.416  2414  2414 D [OAR] ShellOverlayBroadcastReceiver: onReceive with ShellOverlayService native pointer 3765510320, action com.oculus.vrshell.intent.action.DISMISS_NOTIFICATION
05-23 18:01:49.421  2414  2414 D [OAR] BroadcastReceiverHelpers: Shell or ShellEnv foreground
05-23 18:01:49.424  1858  1858 D [OAR] ShellControlProtectedReceiver: onReceive with MainActivity native pointer 3765319424, action com.oculus.vrshell.intent.action.DISMISS_NOTIFICATION
05-23 18:01:49.428  1941  1941 D [OAR] VrBroadcastReceiver: action: com.oculus.vrshell.intent.action.NOTIFICATION_WAKE
05-23 18:01:49.432  1941  1941 D [OAR] VrNotificationService: VrNotificationService onStartCommand() Intent { cmp=com.oculus.vrshell/.VrNotificationService }
05-23 18:01:49.435  3096  3096 D [OAR] NotificationBroadcastReceiver: action: com.oculus.intent.action.NOTIF_CHANGE
05-23 18:01:49.435  3096  3096 D [OAR] AnytimeUINotifsBarView: onNotificationsChanged - skipped, detils bar not visible
05-23 18:01:49.435  1858  1920 I [OAR] ShellApp: 0xe30fc348 msg: broadcastIntent:
05-23 18:01:49.435  1858  1920 I [OAR] ShellApp: status_bar_notification = -1|android|17040426|null|1000
05-23 18:01:49.435  1858  1920 I [OAR] ShellApp: intent_action = com.oculus.vrshell.intent.action.DISMISS_NOTIFICATION
05-23 18:01:49.444  3096  3096 E [OAR] AnytimeUINotifsBarView: Unexpected badge route, ignoring: systemux://notifications
05-23 18:01:49.445  3096  3096 I NotificationManagerSourceHandler: Dataset has changed
05-23 18:01:49.445  2823  2823 D MtpService: starting MTP server in MTP mode
05-23 18:01:49.448  3096  3096 V NotificationManagerSourceHandler: Notifications in manager set and current set are the same size
05-23 18:01:49.448  3096  3096 V NotificationManagerSourceHandler: SOCIAL
05-23 18:01:49.463  2823  2823 D MtpService: Adding MTP storage 0x10001 at /storage/emulated/0
05-23 18:01:49.502  2129  2341 I InputManager: HANDTRACKING hand 0 status set to OutOfView
05-23 18:01:49.502  2129  2341 I InputManager: HANDTRACKING hand 1 status set to OutOfView
05-23 18:01:49.810   720  8796 I [CT]    : VIPER:EXTERNAL_TRACKING_STATUS: Bad tracking: num_inliers too low (12 < 13). State: hasTracking: true T_SmoothWorld_Map: r=[0.021 8.9e-05 -0.0085] t=[0.0022 0.0016 -0.0037] vel: [0.006 0.0003 -0.01] accBias: [0.004 0.04 0.06] gyrBias: [-0.001 -0.0009 -0.005].
05-23 18:01:49.810   720  8796 I [CT]    : VIPER:EXTERNAL_TRACKING_STATUS: Perceptually bad tracking while exposing 6DoF. Delaying switch to 3DoF fallback for 3 more frames to give tracking another chance.
05-23 18:01:49.810   720  8796 I [CT]    : VIPER: Image mean intensities (per camera): 28.79, 69.22, 25.44, 59.29
05-23 18:01:49.810   720  8796 I [CT]    : VIPER: Flicker detected: false
05-23 18:01:49.890   720  8796 I [CT]    : VIPER:EXTERNAL_TRACKING_STATUS: Bad tracking: num_inliers too low (12 < 13). State: hasTracking: true T_SmoothWorld_Map: r=[0.021 8.9e-05 -0.0085] t=[0.0022 0.0016 -0.0037] vel: [0.006 -0.0004 -0.01] accBias: [0.004 0.04 0.06] gyrBias: [-0.001 -0.0009 -0.005].
05-23 18:01:49.890   720  8796 I [CT]    : VIPER:EXTERNAL_TRACKING_STATUS: Perceptually bad tracking while exposing 6DoF. Delaying switch to 3DoF fallback for 3 more frames to give tracking another chance.
05-23 18:01:49.890   720  8796 I [CT]    : VIPER: Image mean intensities (per camera): 28.96, 69.29, 25.59, 59.54
05-23 18:01:49.890   720  8796 I [CT]    : VIPER: Flicker detected: false
05-23 18:01:50.129   720  8796 I [CT]    : VIPER:EXTERNAL_TRACKING_STATUS: Bad tracking: num_inliers too low (12 < 13). State: hasTracking: true T_SmoothWorld_Map: r=[0.021 8.9e-05 -0.0085] t=[0.0022 0.0016 -0.0037] vel: [0.008 0.001 -0.01] accBias: [0.004 0.04 0.06] gyrBias: [-0.001 -0.0008 -0.005].
05-23 18:01:50.129   720  8796 I [CT]    : VIPER:EXTERNAL_TRACKING_STATUS: Perceptually bad tracking while exposing 6DoF. Delaying switch to 3DoF fallback for 3 more frames to give tracking another chance.
05-23 18:01:50.130   720  8796 I [CT]    : VIPER: Image mean intensities (per camera): 29.72, 69.39, 26.25, 60.39
05-23 18:01:50.130   720  8796 I [CT]    : VIPER: Flicker detected: false
05-23 18:01:50.184  1451 10223 I OSUpdateService: Intent with action system_battery_changed
05-23 18:01:50.209   720  8796 I [CT]    : VIPER:EXTERNAL_TRACKING_STATUS: Bad tracking: num_inliers too low (11 < 13). State: hasTracking: true T_SmoothWorld_Map: r=[0.021 8.9e-05 -0.0085] t=[0.0022 0.0016 -0.0037] vel: [0.007 0.001 -0.01] accBias: [0.004 0.04 0.06] gyrBias: [-0.001 -0.0008 -0.005].
05-23 18:01:50.209   720  8796 I [CT]    : VIPER:EXTERNAL_TRACKING_STATUS: Perceptually bad tracking while exposing 6DoF. Delaying switch to 3DoF fallback for 3 more frames to give tracking another chance.
05-23 18:01:50.209   720  8796 I [CT]    : VIPER: Image mean intensities (per camera): 29.91, 68.55, 26.41, 60.58
05-23 18:01:50.209   720  8796 I [CT]    : VIPER: Flicker detected: false
05-23 18:01:50.335  1858 10071 I VrApi   : FPS=72,Prd=0ms,Tear=0,Early=72,Stale=0,VSnc=1,Lat=1,Fov=0,CPU4/GPU=4/4,2304/670MHz,OC=FF,TA=0/0/0,SP=N/N/N,Mem=1804MHz,Free=1048MB,PSM=0,PLS=0,Temp=35.0C/0.0C,TW=0.86ms,App=0.00ms,GD=0.00ms,CPU&GPU=0.31ms,LCnt=0,GPU%=0.06,CPU%=0.10(W0.20),DSF=1.00
05-23 18:01:50.409   720  8796 I [CT]    : VIPER:TRACKER_HM: NO TRACKING: too few inliers. num_inliers = 9 < 10
05-23 18:01:50.410   720  8796 I [CT]    : VIPER:EXTERNAL_TRACKING_STATUS: Bad tracking: num_inliers too low (9 < 13). State: hasTracking: false T_SmoothWorld_Map: r=[0.021 9e-05 -0.0085] t=[0.0022 0.0016 -0.0037] vel: <unknown> accBias: [0.004 0.04 0.06] gyrBias: [-0.001 -0.0007 -0.005].
05-23 18:01:50.410   720  8796 I [CT]    : VIPER:EXTERNAL_TRACKING_STATUS: Perceptually bad tracking while exposing 6DoF. Delaying switch to 3DoF fallback for 3 more frames to give tracking another chance.
05-23 18:01:50.410   720  8796 I [CT]    : VIPER: Image mean intensities (per camera): 30.63, 68.98, 27.01, 61.64
05-23 18:01:50.410   720  8796 I [CT]    : VIPER: Flicker detected: false
05-23 18:01:50.413   720  8794 I [CT]    : NIMBLE:HTEngine: HandTracking, Frame received with len = 4, , exposure(ms) 6.498
05-23 18:01:50.449   720  8796 I [CT]    : VIPER:TRACKER_HM: NO TRACKING: too few inliers. num_inliers = 4 < 10
05-23 18:01:50.449   720  8796 I [CT]    : VIPER:EXTERNAL_TRACKING_STATUS: Bad tracking: num_inliers too low (4 < 13). State: hasTracking: false T_SmoothWorld_Map: r=[0 0 0] t=[0 0 0] vel: <unknown> accBias: [0.004 0.04 0.06] gyrBias: [-6e-05 0.0008 -0.0002].
05-23 18:01:50.449   720  8796 I [CT]    : VIPER:EXTERNAL_TRACKING_STATUS: Perceptually bad tracking while exposing 6DoF. Delaying switch to 3DoF fallback for 2 more frames to give tracking another chance.
05-23 18:01:50.449   720  8796 I [CT]    : VIPER: Image mean intensities (per camera): 30.78, 68.58, 27.09, 61.93
05-23 18:01:50.449   720  8796 I [CT]    : VIPER: Flicker detected: false
05-23 18:01:50.485   720  8796 W [CT]    : VIPER:MultiPoseEstimator: No tracked points in multi pose estimator
05-23 18:01:50.485   720  8796 I [CT]    : VIPER:TRACKER_HM: NO TRACKING: too few inliers. num_inliers = 0 < 10
05-23 18:01:50.485   720  8796 I [CT]    : VIPER:EXTERNAL_TRACKING_STATUS: Bad tracking: num_inliers too low (0 < 13). State: hasTracking: false T_SmoothWorld_Map: r=[0 0 0] t=[0 0 0] vel: <unknown> accBias: [0.004 0.04 0.06] gyrBias: [-6e-05 0.0008 -0.0002].
05-23 18:01:50.485   720  8796 I [CT]    : VIPER:EXTERNAL_TRACKING_STATUS: Perceptually bad tracking while exposing 6DoF. Delaying switch to 3DoF fallback for 1 more frames to give tracking another chance.
05-23 18:01:50.486   720  8796 I [CT]    : VIPER: Image mean intensities (per camera): 30.81, 68.80, 27.15, 61.85
05-23 18:01:50.486   720  8796 I [CT]    : VIPER: Flicker detected: false
05-23 18:01:50.525   720  8796 W [CT]    : VIPER:MultiPoseEstimator: No tracked points in multi pose estimator
05-23 18:01:50.525   720  8796 I [CT]    : VIPER:TRACKER_HM: NO TRACKING: too few inliers. num_inliers = 0 < 10
05-23 18:01:50.525   720  8796 I [CT]    : VIPER:EXTERNAL_TRACKING_STATUS: Bad tracking: num_inliers too low (0 < 13). State: hasTracking: false T_SmoothWorld_Map: r=[0 0 0] t=[0 0 0] vel: <unknown> accBias: [0.004 0.04 0.06] gyrBias: [-6e-05 0.0008 -0.0002].
05-23 18:01:50.525   720  8796 I [CT]    : VIPER:EXTERNAL_TRACKING_STATUS: Perceptually bad tracking. Transition from 6DoF to 3DoF.
05-23 18:01:50.526   720  8769 I [CT]    : VisionInterface: HMD Tracking switching to 3dof (from 6dof)
05-23 18:01:50.539   720  8794 W [CT]    : VIPER: [Throttled count=4] StateBuffer: Could not get velocity from buffer. Not currently tracking in 6dof.
05-23 18:01:50.552  2191  2246 I GuardianMapDataMgr: After GuardianMapDataMgr::GetCurrentMapId: Relocalization started: eb4ba2b9-ebe1-42a3-9de2-f36bf5a10065 / eb4ba2b9-ebe1-42a3-9de2-f36bf5a10065
05-23 18:01:50.553  2191  2246 I GuardianSystem: UpdateGuardianSystemState: Flags changed: 589824, 610304
05-23 18:01:50.561  2129  2341 I ClientMgr: MountStateShouldPushBlack: Tracking changed to INVALID
05-23 18:01:50.565   720  8796 W [CT]    : VIPER:MultiPoseEstimator: No tracked points in multi pose estimator
05-23 18:01:50.565   720  8796 I [CT]    : VIPER:TRACKER_HM: NO TRACKING: too few inliers. num_inliers = 0 < 10
05-23 18:01:50.565   720  8796 I [CT]    : VIPER:EXTERNAL_TRACKING_STATUS: Bad tracking: num_inliers too low (0 < 16). State: hasTracking: false T_SmoothWorld_Map: r=[0 0 0] t=[0 0 0] vel: <unknown> accBias: [0.004 0.04 0.06] gyrBias: [-6e-05 0.0008 -0.0002].
05-23 18:01:50.565   720  8796 I [CT]    : VIPER: No tracking for 5 frames, reinitializing...
05-23 18:01:50.565   720  8796 I [CT]    : VIPER: Calling Slam::setActiveMapUuid. (UUID: map is invalid)
05-23 18:01:50.565   720  8796 I [CT]    : VIPER: Calling Slam::enterState. Going from TRACK_MAP to TRACK_INITIAL_FEATURES
05-23 18:01:50.565   720  8796 E [CT]    : VIPER:MAP_MANAGER: Skip heartbeat as slam state is unavailable.
05-23 18:01:50.603   720  8796 I [CT]    : VIPER:LOCALIZER: [Throttled count=1] Number of frames to try relocalization on 2 maps: 149
05-23 18:01:50.603   720  8751 I [CT]    : VIPER:LOCALIZER: Running task: LOCALIZING.
05-23 18:01:50.604   720  8796 I [CT]    : VIPER:MAPPER: == Adding new map: 4e2978a0-f5ff-41fa-8af9-739ce5b09352 @ Ctx 2 ==
05-23 18:01:50.605   720  8796 W [CT]    : VIPER:DF: Background job still running when calling reset() on the DepthFilterManager.
05-23 18:01:50.651   720  8796 I [CT]    : VIPER:LOCALIZER: Adding map 4e2978a0-f5ff-41fa-8af9-739ce5b09352 with 214 points and 0 descriptors.
05-23 18:01:50.652   720  8796 W [CT]    : VIPER:DF: Background job still running when calling reset() on the DepthFilterManager.
05-23 18:01:50.652   720  8796 I [CT]    : VIPER: Initial map with 214 points (UUID: 4e2978a0-f5ff-41fa-8af9-739ce5b09352)
05-23 18:01:50.652   720  8796 I [CT]    : VIPER: Calling Slam::setActiveMapUuid. (UUID: 4e2978a0-f5ff-41fa-8af9-739ce5b09352)
05-23 18:01:50.652   720  8796 I [CT]    : VIPER: Calling Slam::enterState. Going from TRACK_INITIAL_FEATURES to VALIDATE_MAP
05-23 18:01:50.662   720  8796 I [CT]    : VIPER: AreaSearch 1 on new Submap: Matched 0 / 417 (3d2d: 417, 2d2d: 0, Stats: 0 2 0 0 0 0 409 0 0 0 0 0 0 0 6 0 0 0 ). t_cam0_map = -0.0745402 -0.0390749 -0.0505699 
05-23 18:01:50.662   720  8796 W [CT]    : VIPER:MultiPoseEstimator: No tracked points in multi pose estimator
05-23 18:01:50.662   720  8796 I [CT]    : VIPER:TRACKER_HM: NO TRACKING: too few inliers. num_inliers = 0 < 10
05-23 18:01:50.662   720  8796 I [CT]    : VIPER:INTERNAL_TRACKING_STATUS: Map validation failed. Switching internal status from Validating to NoTracking.
05-23 18:01:50.662   720  8796 W [CT]    : VIPER:TRACKER: MapTracking switched to NoTracking. (t_ImuPred_Odo = -0.040475  0.033575  0.067834, vel =   0.0150388  0.00168635 -0.00640175)
05-23 18:01:50.663   720  8796 I [CT]    : VIPER:EXTERNAL_TRACKING_STATUS: Bad tracking: num_inliers too low (0 < 16). State: hasTracking: false T_SmoothWorld_Map: r=[0 0 0] t=[0 0 0] vel: <unknown> accBias: [0 0 0] gyrBias: [-6e-05 0.0008 -0.0002].
05-23 18:01:50.663   720  8796 E [CT]    : VIPER: Map Validation: Rejecting map due to bad tracking (UUID: 4e2978a0-f5ff-41fa-8af9-739ce5b09352).
05-23 18:01:50.663   720  8796 W [CT]    : VIPER: Calling Slam::deleteCurrentMap (UUID: 4e2978a0-f5ff-41fa-8af9-739ce5b09352).
05-23 18:01:50.663   720  8796 I [CT]    : VIPER:MAPPER: == Remove map: 4e2978a0-f5ff-41fa-8af9-739ce5b09352 @ Ctx 2 ==
05-23 18:01:50.674   720  8796 I [CT]    : VIPER: Removed 4e2978a0-f5ff-41fa-8af9-739ce5b09352 from MapUuid container. Have 2 MapUuids remaining(s).
05-23 18:01:50.674   720  8796 I [CT]    : VIPER: Calling Slam::setActiveMapUuid. (UUID: map is invalid)
05-23 18:01:50.674   720  8796 I [CT]    : VIPER: Calling Slam::enterState. Going from VALIDATE_MAP to TRACK_INITIAL_FEATURES
05-23 18:01:50.674   720  8796 W [CT]    : VIPER: Frame Tracking [0.0737197s]  exceeded camera sampling time [0.0333333s].
05-23 18:01:50.674   720  8796 E [CT]    : VIPER:MAP_MANAGER: Skip heartbeat as slam state is unavailable.
05-23 18:01:50.680   720  8796 I [CT]    : VIPER:MAPPER: == Adding new map: 59271d7d-74ab-429a-8814-d8e2b07d0ebe @ Ctx 2 ==
05-23 18:01:50.680   720  8796 W [CT]    : VIPER:DF: Background job still running when calling reset() on the DepthFilterManager.
05-23 18:01:50.728   720  8796 I [CT]    : VIPER:LOCALIZER: Adding map 59271d7d-74ab-429a-8814-d8e2b07d0ebe with 246 points and 0 descriptors.
05-23 18:01:50.728   720  8796 W [CT]    : VIPER:DF: Background job still running when calling reset() on the DepthFilterManager.
05-23 18:01:50.728   720  8796 I [CT]    : VIPER: Initial map with 246 points (UUID: 59271d7d-74ab-429a-8814-d8e2b07d0ebe)
05-23 18:01:50.728   720  8796 I [CT]    : VIPER: Calling Slam::setActiveMapUuid. (UUID: 59271d7d-74ab-429a-8814-d8e2b07d0ebe)
05-23 18:01:50.728   720  8796 I [CT]    : VIPER: Calling Slam::enterState. Going from TRACK_INITIAL_FEATURES to VALIDATE_MAP
05-23 18:01:50.734   720  8796 I [CT]    : VIPER: AreaSearch 1 on new Submap: Matched 127 / 491 (3d2d: 491, 2d2d: 0, Stats: 127 0 0 0 1 19 181 0 0 0 0 0 0 0 163 0 0 0 ). t_cam0_map = -0.0745378 -0.0390761 -0.0505724 
05-23 18:01:50.736   720  8796 I [CT]    : VIPER:EXTERNAL_TRACKING_STATUS: Bad tracking: gravity estimate uncertainty too high (0.01 > 0.0005). State: hasTracking: true T_SmoothWorld_Map: r=[-2.2e-16 -1.5e-18 -1.7e-34] t=[0 0 0] vel: [0 0 0] accBias: [0 0 0] gyrBias: [0 0 0].
05-23 18:01:50.736   720  8796 W [CT]    : VIPER: Frame Tracking [0.0598854s]  exceeded camera sampling time [0.0333333s].
05-23 18:01:50.738   720  8796 W [CT]    : VIPER: IMU is running ahead of cam by 70.746 ms. Dropping frame.
05-23 18:01:50.746   720  8796 I [CT]    : VIPER: AreaSearch 2 on new Submap: Matched 136 / 491 (3d2d: 491, 2d2d: 0, Stats: 136 1 0 0 9 7 176 0 0 0 0 0 0 0 162 0 0 0 ). t_cam0_map = -0.0743119 -0.0381596 -0.0499709 
05-23 18:01:50.751   720  8796 I [CT]    : VIPER:EXTERNAL_TRACKING_STATUS: Bad tracking: gravity estimate uncertainty too high (0.01 > 0.0005). State: hasTracking: true T_SmoothWorld_Map: r=[-1.4e-16 6.8e-20 5.7e-17] t=[0 0 0] vel: [0.002 0.002 -0.0001] accBias: [-2e-18 1e-17 2e-19] gyrBias: [0.003 -0.003 -0.004].
05-23 18:01:50.767   720  8796 I [CT]    : VIPER: AreaSearch 3 on new Submap: Matched 134 / 491 (3d2d: 491, 2d2d: 0, Stats: 134 1 0 0 10 10 172 0 2 0 0 0 0 0 162 0 0 0 ). t_cam0_map = -0.0742128 -0.0381003 -0.0501548 
05-23 18:01:50.772   720  8796 I [CT]    : VIPER:EXTERNAL_TRACKING_STATUS: Bad tracking: gravity estimate uncertainty too high (0.00923 > 0.0005). State: hasTracking: true T_SmoothWorld_Map: r=[-0.0009 8.2e-08 0.00018] t=[0 0 0] vel: [0.0002 0.002 0.001] accBias: [-8e-06 -4e-06 9e-05] gyrBias: [-0.0009 0.003 -0.001].
05-23 18:01:50.812   720  8796 I [CT]    : VIPER:EXTERNAL_TRACKING_STATUS: Bad tracking: gravity estimate uncertainty too high (0.00729 > 0.0005). State: hasTracking: true T_SmoothWorld_Map: r=[-0.0011 -4.7e-07 0.0019] t=[0 0 0] vel: [-0.0008 0.004 0.001] accBias: [0.0001 0.0006 0.0002] gyrBias: [0.001 0.003 -0.005].
05-23 18:01:50.853   720  8796 I [CT]    : VIPER:EXTERNAL_TRACKING_STATUS: Bad tracking: gravity estimate uncertainty too high (0.00498 > 0.0005). State: hasTracking: true T_SmoothWorld_Map: r=[-0.00048 -1e-06 0.0018] t=[0 0 0] vel: [0.0003 0.004 0.002] accBias: [0.0001 0.002 0.0001] gyrBias: [0.002 0.0004 -0.009].
05-23 18:01:50.894   720  8796 I [CT]    : VIPER:EXTERNAL_TRACKING_STATUS: Bad tracking: gravity estimate uncertainty too high (0.00314 > 0.0005). State: hasTracking: true T_SmoothWorld_Map: r=[-0.0015 -1.1e-07 0.0019] t=[0 0 0] vel: [0.0008 0.003 0.001] accBias: [0.0001 0.002 0.0002] gyrBias: [-0.001 0.0003 -0.007].
05-23 18:01:50.933   720  8796 I [CT]    : VIPER:EXTERNAL_TRACKING_STATUS: Bad tracking: gravity estimate uncertainty too high (0.00197 > 0.0005). State: hasTracking: true T_SmoothWorld_Map: r=[-0.0018 -9.9e-08 0.0023] t=[0 0 0] vel: [0.0005 0.003 0.0007] accBias: [0.0001 0.003 0.0003] gyrBias: [-0.003 -0.0002 -0.004].
