05-07 11:48:53.914 14418 14645 I VrRuntimeClient: DEVICE BUILD TYPE = user
05-07 11:48:53.914 14418 14645 I VrRuntimeClient: DEVICE OS VERSION = 7.1.1
05-07 11:48:53.922 14418 14645 I VrRuntimeClient: VRRUNTIME VERSION = VRAPI_VERSION_BEGIN { 1.1.33.0-210938873-210938873 Apr 24 2020 16:11:35 Development } RELEASE
05-07 11:48:53.922 14418 14645 I VrRuntimeClient: API LOADER VERSION = 1.1.24.0
05-07 11:48:53.922 14418 14645 I VrRuntimeClient: VRDRIVER VERSION = 16.0.0.141.450
05-07 11:48:53.922 14418 14645 I VrRuntimeClient: APP NAME = ToysGame
05-07 11:48:53.922 14418 14645 I VrRuntimeClient: APP VERSION = 1.0 versionCode 1 internalVersionName <none>
05-07 11:48:53.922 14418 14645 I VrRuntimeClient: APP VR TYPE = vr_only
05-07 11:48:53.922 14418 14645 I VrRuntimeClient: APP PACKAGE NAME = com.YourCompany.ToysGame
05-07 11:48:53.922 14418 14645 I VrRuntimeClient: APP ACTIVITY CLASS = com.epicgames.ue4.GameActivity
05-07 11:48:53.924 14418 14645 D BatteryReceiver: Unregistering battery receiver
05-07 11:48:53.933 14418 14634 D VrApi   : targetSDKVersion 25
05-07 11:48:53.934 14418 14634 I VrApi   : FPS=67,Prd=44ms,Tear=0,Early=0,Stale=15,VSnc=1,Lat=1,Fov=0,CPU4/GPU=4/4,2304/670MHz,OC=FF,TA=0/3/3,SP=N/N/N,Mem=1804MHz,Free=1179MB,PSM=0,PLS=0,Temp=31.0C/0.0C,TW=2.03ms,App=14.02ms,GD=0.00ms,CPU&GPU=23.38ms,LCnt=2,GPU%=1.00,CPU%=0.55(W0.57),DSF=1.00
05-07 11:48:53.935 14418 14645 I VrApi   : OVR::Stats thread stopped
05-07 11:48:53.935 14418 14645 I InputDeviceManager: ovrInputDeviceManager::Shutdown
05-07 11:48:53.938 14418 14633 I InputHooks_Internal: InputHooksThreadRun ShutdownRequest received
05-07 11:48:53.939 14418 14645 I InputHooks_Internal: Disabling Native Input Hooks
05-07 11:48:53.940  2116  3742 D VrRuntimeService: this client: 14418:com.YourCompany.ToysGame
05-07 11:48:53.940  2116  3742 D VrRuntimeService: enableRendering: clientWindow: null enable: false
05-07 11:48:53.940  2116  3742 I ClientMgr: ClientMgr::EnableRendering 14418:com.YourCompany.ToysGame : type 0 : disable
05-07 11:48:53.941 14418 14647 I VrRuntimeClient: FenceChecker::MainLoop - ended
05-07 11:48:53.941 14418 14645 I BufferObject: ovrBufferObjectFactory::Unimport unmapping Vulkan memory
05-07 11:48:53.942 14418 14645 I BufferObject: ovrBufferObjectFactory::Unimport destroying Vulkan buffer=546266497792
05-07 11:48:53.942 14418 14645 I BufferObject: ovrBufferObjectFactory::Unimport freeing Vulkan memory=546160237504
05-07 11:48:53.942 14418 14645 I TrackingServiceClient: OVR::TrackingService::ClientSetInterface
05-07 11:48:53.942 14418 14645 D TrackingServiceClient: onClientDisconnect
05-07 11:48:53.942 14418 14645 D TrackingServiceConnectionNative: onClientDisconnect
05-07 11:48:53.943   713  3740 I TrackingService: Unregistering client by ITrackingService.unregisterClient
05-07 11:48:53.943   713  3740 I TrackingService: TrackingServiceHost Unregistering client: pid 14418
05-07 11:48:53.944 14418 14645 D BinderConnection: Disconnecting from TrackingService service
05-07 11:48:53.944 14418 14645 D TrackingServiceConnectionNative: onDisconnected
05-07 11:48:53.944 14418 14645 D TrackingServiceClient: TrackingServiceConnection mConnectedRemotes.clear()
05-07 11:48:53.944 14418 14645 I TrackingServiceClient: OVR::TrackingService::ClientSetInterface
05-07 11:48:53.944 14418 14645 I VrApi   : ---------- vrapi_LeaveVrMode [end] ----------
05-07 11:48:53.944 14418 14435 D UE4     : [GameActivity] Unregistering volume receiver
05-07 11:48:53.945 14418 14435 D UE4     : [GameActivity] Unregistering battery receiver
05-07 11:48:53.947 14418 14435 D UE4     : [GameActivity] Unregistering headset receiver
05-07 11:48:53.949 14418 14435 D UE4     : [2020.05.07-09.48.53:949][169]LogCore: Display: AppLifetime: Application will enter background
05-07 11:48:53.949 14418 14435 D UE4     : [2020.05.07-09.48.53:949][169]LogTemp: Android pause audio
05-07 11:48:53.952 14418 14435 D UE4     : [2020.05.07-09.48.53:952][169]LogAudioMixerAndroid: Display: Suspending android audio renderer
05-07 11:48:53.954  2116  2302 I ClientMgr: Non-overlay clients rendering status has changed: prev=138, curr=139, enabled=3
05-07 11:48:53.956 14418 14436 D UE4     : [2020.05.07-09.48.53:956][169]LogAndroid: Blocking renderer on invalid window.
05-07 11:48:53.956 14418 14436 D UE4     : [2020.05.07-09.48.53:956][169]LogAndroid: Waiting for renderer to encounter blocking command.
05-07 11:48:53.956 14418 14435 D UE4     : [2020.05.07-09.48.53:956][169]LogHMD: Error: ovrp_WaitToBeginFrame 4169 failed (-1003)
05-07 11:48:53.956 14418 14435 W VrApi   : vrapi_WaitFrame: ovr->Destroyed
05-07 11:48:53.956 14418 14435 W VrApi   : vrapi_GetPredictedDisplayTime: ovr->Destroyed
05-07 11:48:53.956 14418 14435 W VrApi   : vrapi_GetPredictedTracking2: ovr->Destroyed
05-07 11:48:53.956 14418 14435 W VrApi   : vrapi_GetPredictedTracking2: ovr->Destroyed
05-07 11:48:53.962 14418 14645 D UE4     : [2020.05.07-09.48.53:957][169]LogAndroid: Blocking renderer
05-07 11:48:53.964 14418 14645 D UE4     : [2020.05.07-09.48.53:964][169]LogAndroid: RendererBlock release window callback
05-07 11:48:53.964 14418 14645 D UE4     : [2020.05.07-09.48.53:964][169]LogVulkanRHI: Destroy swapchain ... 
05-07 11:48:53.979 14418 14436 D UE4     : LogAndroidEvents::EnqueueAppEvent : 13, [width=-1, height=-1], tid = 14436, APP_EVENT_STATE_APP_SUSPENDED
05-07 11:48:53.979 14418 14436 D UE4     : Case APP_CMD_TERM_WINDOW, tid = 14436
05-07 11:48:53.979 14418 14436 D UE4     : [2020.05.07-09.48.53:979][169]LogAndroid: Case APP_CMD_TERM_WINDOW
05-07 11:48:53.979 14418 14436 D UE4     : LogAndroidEvents::EnqueueAppEvent : 3, [width=-1, height=-1], tid = 14436, APP_EVENT_STATE_WINDOW_DESTROYED
05-07 11:48:54.001 14418 14435 D UE4     : [2020.05.07-09.48.54:001][170]LogAndroidEvents: Display: LogAndroidEvents::DequeueAppEvent : 13, [width=-1, height=-1], APP_EVENT_STATE_APP_SUSPENDED
05-07 11:48:54.001 14418 14435 D UE4     : FAppEventManager::Tick processing, 13
05-07 11:48:54.001 14418 14435 D UE4     : Execution will be paused...
05-07 11:48:54.001 14418 14435 D UE4     : [2020.05.07-09.48.54:001][170]LogAndroidEvents: Display: LogAndroidEvents::DequeueAppEvent : 3, [width=-1, height=-1], APP_EVENT_STATE_WINDOW_DESTROYED
05-07 11:48:54.001 14418 14435 D UE4     : FAppEventManager::Tick processing, 3
05-07 11:48:54.001 14418 14435 D UE4     : APP_EVENT_STATE_WINDOW_DESTROYED, 0, 0, 0
05-07 11:48:54.001 14418 14435 D UE4     : FAppEventManager::Tick EventHandlerEvent Wait 
05-07 11:48:54.002 14418 14435 D UE4     : FAppEventManager::Tick EventHandlerEvent DONE Wait 
05-07 11:48:54.008 14418 14436 D UE4     : [2020.05.07-09.48.54:008][170]LogAndroid: Case APP_CMD_SAVE_STATE
05-07 11:48:54.008 14418 14436 D UE4     : LogAndroidEvents::EnqueueAppEvent : 12, [width=-1, height=-1], tid = 14436, APP_EVENT_STATE_SAVE_STATE
05-07 11:48:54.009 14418 14436 D UE4     : [2020.05.07-09.48.54:009][170]LogAndroid: Case APP_CMD_STOP
05-07 11:48:54.010 14418 14436 D UE4     : LogAndroidEvents::EnqueueAppEvent : 8, [width=-1, height=-1], tid = 14436, APP_EVENT_STATE_ON_STOP
05-07 11:48:54.010 14418 14418 D UE4     : [GameActivity] ==============> GameActive.onStop complete!
05-07 11:48:54.011 14418 14418 D UE4     : [GameActivity] ==============> GameActive.onTrimMemory(TRIM_MEMORY_UI_HIDDEN) called!
05-07 11:48:54.011 14418 14418 V UE4     : [GameApp] App in background
05-07 11:48:54.103 14418 14435 D UE4     : [2020.05.07-09.48.54:103][170]LogAndroidEvents: Display: LogAndroidEvents::DequeueAppEvent : 12, [width=-1, height=-1], APP_EVENT_STATE_SAVE_STATE
05-07 11:48:54.103 14418 14435 D UE4     : FAppEventManager::Tick processing, 12
05-07 11:48:54.103 14418 14435 D UE4     : [2020.05.07-09.48.54:103][170]LogAndroidEvents: Display: LogAndroidEvents::DequeueAppEvent : 8, [width=-1, height=-1], APP_EVENT_STATE_ON_STOP
05-07 11:48:54.103 14418 14435 D UE4     : FAppEventManager::Tick processing, 8
05-07 11:48:54.103 14418 14435 D UE4     : FAppEventManager::Tick EventHandlerEvent Wait 
05-07 11:48:54.103 14418 14435 D UE4     : FAppEventManager::Tick EventHandlerEvent DONE Wait 
05-07 11:48:54.161  1840 14769 I Telemetry: App memory usage: PSS=393MB DalvikPSS=1 MB
05-07 11:48:54.163  1840 14769 I VrApi   : FPS=1,Prd=0ms,Tear=0,Early=0,Stale=9,VSnc=1,Lat=1,Fov=0,CPU4/GPU=4/4,2304/670MHz,OC=FF,TA=0/E0/0,SP=N/F/N,Mem=1804MHz,Free=1179MB,PSM=0,PLS=0,Temp=31.0C/0.0C,TW=1.18ms,App=4.83ms,GD=0.00ms,CPU&GPU=35.90ms,LCnt=2,GPU%=0.20,CPU%=0.35(W0.48),DSF=1.00
05-07 11:48:54.204 14418 14435 D UE4     : FAppEventManager::Tick EventHandlerEvent Wait 
05-07 11:48:54.968  1840 14769 I VrApi   : FPS=73,Prd=45ms,Tear=0,Early=33,Stale=26,VSnc=1,Lat=1,Fov=0,CPU4/GPU=4/4,2304/670MHz,OC=FF,TA=0/E0/0,SP=N/F/N,Mem=1804MHz,Free=1182MB,PSM=0,PLS=0,Temp=31.0C/0.0C,TW=1.80ms,App=5.45ms,GD=0.00ms,CPU&GPU=9.39ms,LCnt=3,GPU%=0.44,CPU%=0.09(W0.11),DSF=1.00
05-07 11:48:55.194   713 14485 I [CT]    : VIPER:MAP_MANAGER: State: TRACKING_PERSISTENT, UUID=d18585e8-d288-4997-b6ff-78495c7eed6a, Num. Persistent maps = 1,  Persistent maps:d18585e8-d288-4997-b6ff-78495c7eed6a,, Ser. Disabled = 00000000-0000-0000-0000-000000000000
05-07 11:48:55.255   548   600 W AudioFlinger::EffectModule: EffectModule 0xf4171d80 destructor called with unreleased interface
05-07 11:48:55.255   548   600 W AudioFlinger::EffectHandle: disconnect Effect handle 0xf41536c0 disconnected after thread destruction
05-07 11:48:55.261   548   600 D audio_hw_primary: adev_close_input_stream: enter:stream_handle(0xf416cb40)
05-07 11:48:55.261   548   600 D audio_hw_primary: in_standby: enter: stream (0xf416cb40) usecase(16: audio-record)
05-07 11:48:55.261   548  1648 W AudioFlinger::EffectModule: EffectModule 0xf4171480 destructor called with unreleased interface
05-07 11:48:55.261   548  1648 W AudioFlinger::EffectHandle: disconnect Effect handle 0xf4153380 disconnected after thread destruction
05-07 11:48:55.264   548  1648 D audio_hw_primary: adev_close_input_stream: enter:stream_handle(0xf533cc00)
05-07 11:48:55.264   548  1648 D audio_hw_primary: in_standby: enter: stream (0xf533cc00) usecase(16: audio-record)
05-07 11:48:55.339   713 13906 I [CT]    : boltlib: DSP utilization(%): 18
05-07 11:48:55.425  2116 14507 I TimeWarp: UpdateClockLevels: Apply pending clock request change: 4,4 -> 3,4
05-07 11:48:55.425  2116 14503 I Clocks  : ReleaseClocks - start
05-07 11:48:55.426   716   716 D         : CPU_CLUSTER_0: No client requests exists, release clocks
05-07 11:48:55.426   716   716 D         : CPU_CLUSTER_1: No client requests exists, release clocks
05-07 11:48:55.426   716   716 D         : GPU: No client requests exists, release clocks
05-07 11:48:55.426   716   716 D         : CPUBW: No client requests exists, release clocks
05-07 11:48:55.427  2116 14503 I Clocks  : ReleaseClocks - end (1.9 ms)
05-07 11:48:55.427  2116 14503 I Clocks  : LockClocks( cpu=3, gpu=4 ) - start
05-07 11:48:55.428  2116 14503 I Clocks  : CPU levels [0, 4]
05-07 11:48:55.428  2116 14503 I Clocks  : GPU levels [0, 5]
05-07 11:48:55.428   716  3647 D         : CPU_CLUSTER_0: Client 2116 sends freq request [21, 21]
05-07 11:48:55.428   716  3647 D         : CPU_CLUSTER_0: Next Perf Level = (21, 21)
05-07 11:48:55.428   716  3647 D         : CPU_CLUSTER_1: Client 2116 sends freq request [22, 22]
05-07 11:48:55.428   716  3647 D         : CPU_CLUSTER_1: Next Perf Level = (22, 22)
05-07 11:48:55.428   716  3647 D         : CPUBW: Client 2116 sends freq request [8, 11]
05-07 11:48:55.428   716  3647 D         : CPUBW: Next Perf Level = (8, 11)
05-07 11:48:55.429   716  3647 D         : GPU: Client 2116 sends freq request [6, 6]
05-07 11:48:55.429   716  3647 D         : GPU: Next Perf Level = (6, 6)
05-07 11:48:55.429  2116 14503 I Clocks  : LockClocks( cpu=3, gpu=4 ) - end (2.3 ms)
05-07 11:48:55.970  1840 14769 I VrApi   : FPS=72,Prd=45ms,Tear=0,Early=70,Stale=0,VSnc=1,Lat=1,Fov=0,CPU4/GPU=4/4,1958/670MHz,OC=FF,TA=0/E0/0,SP=N/F/N,Mem=1804MHz,Free=1183MB,PSM=0,PLS=0,Temp=31.0C/0.0C,TW=1.80ms,App=4.38ms,GD=0.00ms,CPU&GPU=8.18ms,LCnt=3,GPU%=0.43,CPU%=0.03(W0.10),DSF=1.00
05-07 11:48:56.353  1840  2368 I OVRPlatform: [CurlHttpClient] Executing HTTP request: https://graph.oculus.com//v1.20/me?fields=current_party{id,leader{id},join_policy,users{id,alias,can_viewer_message,display_name,profile_url,profile_url_small,presence,presence_status,presence_app{id,package_name},presence_deeplink_joinable,presence_deeplink_message,presence_destination_api_name,presence_scoped_user_id,avatar_v2{avatar_image{uri}}},invited_users{id,alias,can_viewer_message,display_name,profile_url,profile_url_small,presence,presence_status,presence_app{id,package_name},avatar_v2{avatar_image{uri}}}}&app_version=210946745
05-07 11:48:56.474   713 14485 I [CT]    : VIPER: Status=6DoF,TRACKING,KF=112,Inl=375,Pts=461,Jit=0.1mm,Issues(Cam/min=0.0,IMU/min=0.0),Exp=(9.5ms,g=13.0,I=72)(7.7ms,g=9.0,I=69)(9.5ms,g=13.0,I=68)(7.5ms,g=9.0,I=68)
05-07 11:48:56.480  1840  2366 I OVRPlatform: [HttpRequest] Request `me?fields=current_party{id,leader{id},join_policy,users{id,alias,can_viewer_message,display_name,profile_url,profile_url_small,presence,presence_status,presence_app{id,package_name},presence_deeplink_joinable,presence_deeplink_message,presence_destination_api_name,presence_scoped_user_id,avatar_v2{avatar_image{uri}}},invited_users{id,alias,can_viewer_message,display_name,profile_url,profile_url_small,presence,presence_status,presence_app{id,package_name},avatar_v2{avatar_image{uri}}}}' (id: 11834) succeeded: {"id":"102449717587751"}
05-07 11:48:56.480  1840  2366 I OVRPlatform: [RequestStopwatch] HttpRequestAsync (me?fields=current_party{id,leader{id},join_policy,users{id,alias,can_viewer_message,display_name,profile_url,profile_url_small,presence,presence_status,presence_app{id,package_name},presence_deeplink_joinable,presence_deeplink_message,presence_destination_api_name,presence_scoped_user_id,avatar_v2{avatar_image{uri}}},invited_users{id,alias,can_viewer_message,display_name,profile_url,profile_url_small,presence,presence_status,presence_app{id,package_name},avatar_v2{avatar_image{uri}}}}) took 127.1350 milliseconds
05-07 11:48:56.490  1840  1902 I [OAR] PartyManager: Party Response Parse Time: 0.058802ms
05-07 11:48:56.968  1840 14769 I VrApi   : FPS=72,Prd=45ms,Tear=0,Early=71,Stale=0,VSnc=1,Lat=1,Fov=0,CPU4/GPU=3/4,1958/670MHz,OC=FF,TA=0/E0/0,SP=N/F/N,Mem=1804MHz,Free=1180MB,PSM=0,PLS=0,Temp=31.0C/0.0C,TW=1.75ms,App=4.64ms,GD=0.00ms,CPU&GPU=8.61ms,LCnt=3,GPU%=0.42,CPU%=0.08(W0.14),DSF=1.00
05-07 11:48:57.001   713 14484 I [CT]    : MANAGEMENT:CONSTELLATION: Status=GREEN,, Obj=7745273921483883046,6DOF=1,FusJit=0.02mm,Issues(Cam/min=  0,IMU/min=0), Obj=4212769887286730484,6DOF=1 (estimated),Issues(Cam/min=  0,IMU/min=0)
05-07 11:48:57.180  1922  1922 D [OAR] HomeDialog: Quick Video Capture Pressed
05-07 11:48:57.180  1922  1922 D [OAR] ScreenCaptureUtil: sendStartVideoCaptureBroadcast with action: com.oculus.horizon.START_QUICK_CAPTURE_TO_DISK
05-07 11:48:57.196  1922  1922 I [OAR] AnytimeUIAndroidPanelAppBase: actionQuitAndHide
05-07 11:48:57.196  1922  1922 D [OAR] HomeDialog: Releasing old screenshot, jpg_size: 38857
05-07 11:48:57.200  1778  1778 I OVRMediaService: onStartCommand Received message type: com.oculus.horizon.START_QUICK_CAPTURE_TO_DISK, caller package: com.oculus.systemux
05-07 11:48:57.201  1922  1922 I AndroidPanelApp: Handling next frame raw command "telemetry oculus_vrshell_aui_button_press 1 0 button_id com.oculus.systemux:id/home_dialog_button_videocapture"
05-07 11:48:57.214  1840  1902 I [OAR] SystemUXController: Registering pending External App launch for com.YourCompany.ToysGame - overwriting existing launch? false.
05-07 11:48:57.214  1840  1902 I [OAR] SystemUXController: Building launch checks for com.YourCompany.ToysGame, activity: 
05-07 11:48:57.244  2101  2304 I LibraryProvider: running queryApp(com.YourCompany.ToysGame) for com.oculus.vrshell
05-07 11:48:57.244  2101  2304 W LibraryProvider: Cannot find entitlement for com.YourCompany.ToysGame
05-07 11:48:57.245  1840  1902 W OVRLibrary: null cursor received for query content://com.oculus.ocms.library/apps/com.YourCompany.ToysGame
05-07 11:48:57.267  2101  2115 I LibraryProvider: running queryApp(com.YourCompany.ToysGame) for com.oculus.vrshell
05-07 11:48:57.267  2101  2115 W LibraryProvider: Cannot find entitlement for com.YourCompany.ToysGame
05-07 11:48:57.267  1840  1902 W OVRLibrary: null cursor received for query content://com.oculus.ocms.library/apps/com.YourCompany.ToysGame
05-07 11:48:57.292  2101  2124 I LibraryProvider: running queryApp(com.YourCompany.ToysGame) for com.oculus.vrshell
05-07 11:48:57.292  2101  2124 W LibraryProvider: Cannot find entitlement for com.YourCompany.ToysGame
05-07 11:48:57.293  1840  1902 W OVRLibrary: null cursor received for query content://com.oculus.ocms.library/apps/com.YourCompany.ToysGame
05-07 11:48:57.294  1840  1902 I [OAR] SystemUXController: Finished building launch checks
05-07 11:48:57.300  1840  1902 I [OAR] SystemUXController: ProcessPendingLaunch Intent
05-07 11:48:57.300  1840  1902 I [OAR] DialogControllerManager: Hide Previous pending dialog: type: 10, uri "systemux://dialog/exit", return component: "com.YourCompany.ToysGame", return activity component: "com.YourCompany.ToysGame/com.epicgames.ue4.GameActivity" - reason process pending launch. launchType: Intent
05-07 11:48:57.324  2101  2173 I LibraryProvider: running queryApp(com.YourCompany.ToysGame) for com.oculus.vrshell
05-07 11:48:57.325  2101  2173 W LibraryProvider: Cannot find entitlement for com.YourCompany.ToysGame
05-07 11:48:57.325  1840  1902 W OVRLibrary: null cursor received for query content://com.oculus.ocms.library/apps/com.YourCompany.ToysGame
05-07 11:48:57.325  1840  1902 I [OAR] ShellApp: ShellApp::SendLaunchIntent('com.YourCompany.ToysGame' '')
05-07 11:48:57.325  1840  1902 D [OAR] ShellApplication: sendLaunchIntent: 'com.YourCompany.ToysGame' command: ''
05-07 11:48:57.329  1840  1902 D [OAR] ShellApplication: startActivityFromRecents: Intent { act=android.intent.action.MAIN cat=[android.intent.category.LAUNCHER] flg=0x10010000 pkg=com.YourCompany.ToysGame cmp=com.YourCompany.ToysGame/com.epicgames.ue4.GameActivity (has extras) }
05-07 11:48:57.335  1840  1840 D [OAR] MainActivity: onPause()
05-07 11:48:57.336  1840  1902 I Activity: Starting activity from recents: Intent { act=android.intent.action.MAIN cat=[android.intent.category.LAUNCHER] flg=0x10010000 pkg=com.YourCompany.ToysGame cmp=com.YourCompany.ToysGame/com.epicgames.ue4.GameActivity (has extras) }
05-07 11:48:57.336  1840  1902 W [OAR] LegacyDesktop: LegacyDesktop::FlushAnalytics does not do anything
05-07 11:48:57.336  1840  1902 I [OAR] PanelAppHost: PanelAppHost destructor: id 21 com.oculus.vrshell.home/com.oculus.vrshell.home.ExploreService
05-07 11:48:57.336  1840  1902 I [OAR] PanelAppHost: Panel app 21 (com.oculus.vrshell.home/com.oculus.vrshell.home.ExploreService) changing state from background to shutdown
05-07 11:48:57.336  1840  1902 D [OAR] ShellApplication: notify OS to set com.oculus.vrshell.home/com.oculus.vrshell.home.ExploreService to BACKGROUND
05-07 11:48:57.338  1840  1902 D [OAR] ShellApplication: Unbinding service for panel app id 21
05-07 11:48:57.361 14418 14430 E Parcel  : Reading a NULL string not supported here.
05-07 11:48:57.361  1840 10155 E Parcel  : Reading a NULL string not supported here.
05-07 11:48:57.362  1778  1909 E Parcel  : Reading a NULL string not supported here.
05-07 11:48:57.363  1778 11532 E Parcel  : Reading a NULL string not supported here.
05-07 11:48:57.363  1778 11690 E Parcel  : Reading a NULL string not supported here.
05-07 11:48:57.363  1778  1791 E Parcel  : Reading a NULL string not supported here.
05-07 11:48:57.363  1778 11532 E Parcel  : Reading a NULL string not supported here.
05-07 11:48:57.363  1778 11690 E Parcel  : Reading a NULL string not supported here.
05-07 11:48:57.363  1778  1909 E Parcel  : Reading a NULL string not supported here.
05-07 11:48:57.363  1778  4031 E Parcel  : Reading a NULL string not supported here.
05-07 11:48:57.363  1778 10205 E Parcel  : Reading a NULL string not supported here.
05-07 11:48:57.363  1778 12866 E Parcel  : Reading a NULL string not supported here.
05-07 11:48:57.363  1778  4713 E Parcel  : Reading a NULL string not supported here.
05-07 11:48:57.363  1778 14566 E Parcel  : Reading a NULL string not supported here.
05-07 11:48:57.363  1778 12755 E Parcel  : Reading a NULL string not supported here.
05-07 11:48:57.363  1778  9568 E Parcel  : Reading a NULL string not supported here.
05-07 11:48:57.364 14418 14430 D AudioTrack: updateAppOpsPlayAudio: checkOp OP_PLAY_AUDIO for com.YourCompany.ToysGame returns: 0 (ALLOWED)
05-07 11:48:57.364 14418 14430 E Parcel  : Reading a NULL string not supported here.
05-07 11:48:57.364 14418 14430 D AudioTrack: updateAppOpsPlayAudio: checkOp OP_PLAY_AUDIO for com.YourCompany.ToysGame returns: 0 (ALLOWED)
05-07 11:48:57.365 14418 14567 E Parcel  : Reading a NULL string not supported here.
05-07 11:48:57.365  1778  1913 E Parcel  : Reading a NULL string not supported here.
05-07 11:48:57.365  1778  1909 D AudioRecord: updateAppOpsRecordAudio: checkOp OP_RECORD_AUDIO for com.oculus.horizon returns: 0 (ALLOWED)
05-07 11:48:57.365  1840 10155 D AudioTrack: updateAppOpsPlayAudio: checkOp OP_PLAY_AUDIO for com.oculus.vrshell returns: 0 (ALLOWED)
05-07 11:48:57.372  1778 11690 E Parcel  : Reading a NULL string not supported here.
05-07 11:48:57.372  1778  1918 E Parcel  : Reading a NULL string not supported here.
05-07 11:48:57.373  1778 12866 E Parcel  : Reading a NULL string not supported here.
05-07 11:48:57.373  1778 11532 E Parcel  : Reading a NULL string not supported here.
05-07 11:48:57.373  1778  1918 E Parcel  : Reading a NULL string not supported here.
05-07 11:48:57.373  1778 12866 E Parcel  : Reading a NULL string not supported here.
05-07 11:48:57.373  1778 11532 E Parcel  : Reading a NULL string not supported here.
05-07 11:48:57.373  1778 12866 E Parcel  : Reading a NULL string not supported here.
05-07 11:48:57.373  1840 10155 E Parcel  : Reading a NULL string not supported here.
05-07 11:48:57.373  1778 14566 E Parcel  : Reading a NULL string not supported here.
05-07 11:48:57.374  1778  1918 E Parcel  : Reading a NULL string not supported here.
05-07 11:48:57.374  1778 10205 E Parcel  : Reading a NULL string not supported here.
05-07 11:48:57.374  1778  1793 E Parcel  : Reading a NULL string not supported here.
05-07 11:48:57.374  1778  4713 E Parcel  : Reading a NULL string not supported here.
05-07 11:48:57.374  1778  4031 E Parcel  : Reading a NULL string not supported here.
05-07 11:48:57.375  1778 12755 E Parcel  : Reading a NULL string not supported here.
05-07 11:48:57.375  1778  4031 D AudioRecord: updateAppOpsRecordAudio: checkOp OP_RECORD_AUDIO for com.oculus.horizon returns: 0 (ALLOWED)
05-07 11:48:57.383  1840  1840 D [OAR] MainActivity: com.oculus.vrshell.MainActivity@f47c91a surfaceDestroyed()
05-07 11:48:57.383  1840  1840 I [OAR] ShellMain:     looperMessageQueue->SendPrintf("surfaceDestroyed 0xdcdc0008")
05-07 11:48:57.388 10996 11026 I CPanelService: OVR Shell closed socket; exiting
05-07 11:48:57.388 10996 11027 I CPanelService: Watchdog woke up; starting 5 second watchdog timer
05-07 11:48:57.388 10996 11026 I CPanelService: Cleaning up panel app; IsAttached? true, PanelDestroy? true, IsMultiInstance? false
05-07 11:48:57.388  1840  1902 I [OAR] DialogControllerManager: Dialog change detected; updating dialog UI.
05-07 11:48:57.388  1840  1902 I [OAR] DialogControllerManager: Old dialog: type: 10, uri "systemux://dialog/exit", return component: "com.YourCompany.ToysGame", return activity component: "com.YourCompany.ToysGame/com.epicgames.ue4.GameActivity"
05-07 11:48:57.388  1840  1902 I [OAR] DialogControllerManager: New dialog: type: 0, uri "systemux://dialog/none", return component: "", return activity component: ""
05-07 11:48:57.388  1840  1902 I [OAR] DialogController: CloseDialogs() old: 10, pendingUri: systemux://dialog/exit, pendingComponent: com.YourCompany.ToysGame
05-07 11:48:57.388  1840  1902 I [OAR] SystemDialogController: HideVrShellDialog
05-07 11:48:57.388  1840  1902 I [OAR] SystemUXController: No known System UX Route for Navigation Route: com.oculus.systemux/com.oculus.panelapp.anytimeui.AnytimeUIAndroidPanelService
05-07 11:48:57.389  1840  1902 I [OAR] PlatformManager: Checking livestreaming allowed for:  com.oculus.vrshell
05-07 11:48:57.389  1840  1902 I [OAR] DialogController: Clearing existing dialog systemux://dialog/exit to None while in transition to pending dialog systemux://dialog/none
05-07 11:48:57.389  1840  1902 I [OAR] SystemTaskBarV1: Repositioning toast layer: isShowingTaskBar = 0
05-07 11:48:57.391 14418 14418 D UE4     : [GameActivity] Creating console command broadcast listener
05-07 11:48:57.391 14418 14436 D UE4     : [2020.05.07-09.48.57:391][170]LogAndroid: Case APP_CMD_START
05-07 11:48:57.391 14418 14436 D UE4     : LogAndroidEvents::EnqueueAppEvent : 9, [width=-1, height=-1], tid = 14436, APP_EVENT_STATE_ON_START
05-07 11:48:57.391 14418 14435 D UE4     : FAppEventManager::Tick EventHandlerEvent DONE Wait 
05-07 11:48:57.399  1840  1902 I [OAR] ShellApp: 0xce197358 msg: pause
05-07 11:48:57.399  1840  1902 I [OAR] ShellApp: ShellApp::LeaveVrMode()
05-07 11:48:57.399  1840  1902 W [OAR] LegacyDesktop: LegacyDesktop::FlushAnalytics does not do anything
05-07 11:48:57.400  1840  1902 I [OAR] LocalSpace: Applying Initial Pose
05-07 11:48:57.400  1840  1902 I VrRuntimeClient: VrRuntimeClient: UpdateLocalSpace: 2 (-0.240375, -0.142132, -0.018326, 0.960043), (2.493681, -0.619047, -0.963014)
05-07 11:48:57.400  1922  1922 I [OAR] AnytimeUIAndroidPanelApp: updateActiveComponent - com.oculus.systemux/com.oculus.panelapp.anytimeui.AnytimeUIAndroidPanelService, returnComponent = 
05-07 11:48:57.400  2116  2136 I VrRuntimeServer: UpdateLocalSpace: Src: 2, Version: 70, VersionUser: 0, RawFloorHeightOld: -1.660270, RawFloorHeightNew: -1.660270
05-07 11:48:57.403 10996 11026 I RCTVR_Shutdown: Initiated webserver shutdown
05-07 11:48:57.403 10996 11026 I RCTVR_Shutdown: StreamingManagerService shutdown
05-07 11:48:57.403 10996 11026 I RCTVR_Shutdown: Webby shutdown
05-07 11:48:57.405  1840  2373 I OVRPlatform: [QueueAsyncResponseHandler] success: {"streaming_enabled":true}
05-07 11:48:57.405 14418 14418 D UE4     : [GameActivity] ==================================> Inside onStart function in GameActivity
05-07 11:48:57.405  1922  1922 I [OAR] AnytimeUIAndroidPanelAppBase: configureDialog:  systemux://dialog/none [] ()
05-07 11:48:57.405 14418 14418 V UE4     : [GameApp] App in foreground
05-07 11:48:57.405  1840  1902 D [OAR] ShellApplication: Broadcast intent com.oculus.assistant.ASSISTANT_PANEL_AVAILABILITY status: 2, mode: 1
05-07 11:48:57.405 10996 10996 I PanelService: onUnbind()
05-07 11:48:57.406 10996 10996 I CPanelService: DestroyPanelApp waking up watchdog
05-07 11:48:57.408 10996 11026 I ReactNativeExecutorHermes: Hermes Stopping
05-07 11:48:57.408 10996 10996 I PanelService: onDestroy()
05-07 11:48:57.408 10996 10996 D OculusLogger: AnalyticsLogger.flush()
05-07 11:48:57.409 10996 11026 I ReactNativeExecutorHermes: Hermes Stopped
05-07 11:48:57.409  2116 14507 I TimeWarpProgs: loaded binary layerProgram 0:0x202e5:0x0 in 0.8 ms
05-07 11:48:57.409  1922  1922 I [OAR] AnytimeUIAndroidPanelAppBase: actionSetRoute - Route:  NONE(systemux://dialog/none)
05-07 11:48:57.409  1922  1922 D [OAR] TaskBarViewV1: NUX Mode = false
05-07 11:48:57.409  1922  1922 D [OAR] TaskBarViewV1: Skipping NUX Mode for Quest
05-07 11:48:57.410 14418 14436 D UE4     : Case APP_CMD_RESUME
05-07 11:48:57.410 14418 14436 D UE4     : [2020.05.07-09.48.57:410][170]LogAndroid: Case APP_CMD_RESUME
05-07 11:48:57.410 14418 14436 D UE4     : LogAndroidEvents::EnqueueAppEvent : 7, [width=-1, height=-1], tid = 14436, APP_EVENT_STATE_ON_RESUME
05-07 11:48:57.410 14418 14418 D UE4     : [GameActivity] onResume: start memory reporter runnable
05-07 11:48:57.410 14418 14418 D UE4     : [GameActivity] === Restoring Transparent Bars ===
05-07 11:48:57.410 14418 14418 D UE4     : [GameActivity] ==============> [JAVA] AndroidThunkJava_KeepScreenOn(false) - Enabled screen saver
05-07 11:48:57.410 10996 11026 I RequestManager: RequestManager::Shutdown start
05-07 11:48:57.410 14418 14418 D UE4     : [GameActivity] Registering sensor listeners
05-07 11:48:57.410 14418 14418 D UE4     : App is running in Landscape
05-07 11:48:57.410 14418 14418 D UE4     : [GameActivity] === Restoring Transparent Bars ===
05-07 11:48:57.410 14418 14418 D UE4     : [GameActivity] ==============> Resuming main init
05-07 11:48:57.410 14418 14418 D UE4     : [GameActivity] ==============> GameActive.onResume complete!
05-07 11:48:57.411  2126  2196 I GuardianSystem: UpdateSystem: Responding to local space version number change.
05-07 11:48:57.426  1922  1922 I AndroidPanelLayer: Hiding layer dialog
05-07 11:48:57.426 14418 14436 D UE4     : Case APP_CMD_INIT_WINDOW
05-07 11:48:57.426 14418 14436 D UE4     : [2020.05.07-09.48.57:426][170]LogAndroid: Case APP_CMD_INIT_WINDOW
05-07 11:48:57.426  1922  1922 I AndroidPanelApp: HideLayer(dialog)
05-07 11:48:57.427 14418 14436 D UE4     : LogAndroidEvents::EnqueueAppEvent : 0, [width=2880, height=1600], tid = 14436, APP_EVENT_STATE_WINDOW_CREATED
05-07 11:48:57.434  1461  2010 I UploadManager: Scheduling jobbId 2131165248 within interval (0, 1800000)
05-07 11:48:57.436  1922  1922 I AndroidPanelApp: Processing pending hide layer for layer dialog.
05-07 11:48:57.442  2116  2116 D VrRuntimeService: onFocusedWindowChanged: focusedWindowToken=android.os.BinderProxy@98584ce, focusedWindowUid=10101
05-07 11:48:57.442  2116  2116 W ClientMgr: ClientMgr::SetPrimaryCompositorClient: No active client
05-07 11:48:57.442  2116  2116 I VrRuntimeServer: SetCompositorClientEnabled client(0): enabled(0) 0x0
05-07 11:48:57.444 10996 11026 I RequestManager: RequestManager::Shutdown done
05-07 11:48:57.444 10996 11026 I ReactNativeExecutorHermes: Hermes Stopping
05-07 11:48:57.444 10996 11026 I ReactNativeExecutorHermes: Hermes Stopped
05-07 11:48:57.451 14418 14436 D UE4     : [2020.05.07-09.48.57:451][170]LogAndroid: Case APP_CMD_GAINED_FOCUS
05-07 11:48:57.451 14418 14436 D UE4     : LogAndroidEvents::EnqueueAppEvent : 11, [width=-1, height=-1], tid = 14436, APP_EVENT_STATE_WINDOW_GAINED_FOCUS
05-07 11:48:57.451 14418 14436 D UE4     : [2020.05.07-09.48.57:451][170]LogAndroid: event thread, activate app, unlocking HW window
05-07 11:48:57.451 14418 14436 D UE4     : LogAndroidEvents::EnqueueAppEvent : 14, [width=-1, height=-1], tid = 14436, APP_EVENT_STATE_APP_ACTIVATED
05-07 11:48:57.451 14418 14436 D UE4     : LogAndroidEvents::EnqueueAppEvent : 15, [width=-1, height=-1], tid = 14436, APP_EVENT_RUN_CALLBACK
05-07 11:48:57.451 14418 14645 D UE4     : [2020.05.07-09.48.57:451][170]LogAndroid: RendererBlock acquired window lock
05-07 11:48:57.451 14418 14645 D UE4     : [2020.05.07-09.48.57:451][170]LogVulkanRHI: Recreate swapchain ... 
05-07 11:48:57.451 14418 14645 D UE4     : [2020.05.07-09.48.57:451][170]LogAndroid: RendererBlock updating window
05-07 11:48:57.452 14418 14645 D UE4     : [2020.05.07-09.48.57:452][170]LogAndroid: RendererBlock released window lock
05-07 11:48:57.452 14418 14645 W VrApi   : vrapi_GetPredictedDisplayTime: ovr->Destroyed
05-07 11:48:57.452 14418 14645 W VrApi   : vrapi_GetPredictedTracking2: ovr->Destroyed
05-07 11:48:57.452 14418 14645 D UE4     : [2020.05.07-09.48.57:452][170]LogHMD: Error: ovrp_BeginFrame4 4169 failed (-1003)
05-07 11:48:57.458  2116  2116 W ClientMgr: ClientMgr::SetFocusedClient: No focused client
05-07 11:48:57.462  2116  2116 I TimeWarp: ReleaseClockLevels
05-07 11:48:57.462  2116  2302 I VrRuntimeServer: SetCompositorClientEnabled client(2): enabled(1) 0x7f770d20e8
05-07 11:48:57.471  2116 14507 I TimeWarp: UpdateClockLevels: Force releasing clocks
05-07 11:48:57.471  2116 14507 I TimeWarp: UpdateClockLevels: Apply pending clock request change: 3,4 -> -1,-1
05-07 11:48:57.472  2116 14503 I Clocks  : ReleaseClocks - start
05-07 11:48:57.476   716  3647 D         : CPU_CLUSTER_0: No client requests exists, release clocks
05-07 11:48:57.476   716  3647 D         : CPU_CLUSTER_1: No client requests exists, release clocks
05-07 11:48:57.477   716  3647 D         : GPU: No client requests exists, release clocks
05-07 11:48:57.477   716  3647 D         : CPUBW: No client requests exists, release clocks
05-07 11:48:57.478  2101  2176 E Security-LocalReporter: UID '10043' is shared by multiple packages: [com.oculus.horizon, com.oculus.home]
05-07 11:48:57.479  2116 14503 I Clocks  : ReleaseClocks - end (6.8 ms)
05-07 11:48:57.483  1778 11690 I PlatformPluginManager: sharedMicrophoneStop for userID: 2953361872
05-07 11:48:57.483  1778 11690 I OVRPlatform: [MicrophoneServer] MicrophoneServer::removeSharedClient 0xb008b9d0
05-07 11:48:57.483  1778 11690 I OVRPlatform: [MicrophoneServer]   removed 1, 0 remaining
05-07 11:48:57.483  1778 11690 I OVRPlatform: [MicrophoneServer] No connections left, stopping
05-07 11:48:57.483  1778 11690 I OVRPlatform-OVRMicrophone: Stopping microphone recording.  Current state: Recording
05-07 11:48:57.483  1778 11690 D OVRPlatform-OVRMicrophone: State changed to Stopping
05-07 11:48:57.483  1778 14779 I OVRPlatform-OVRMicrophone: Exiting audio capture thread, about to call AudioRecord.stop(). Current state: Stopping
05-07 11:48:57.485  1840  1902 I [OAR] AudioMixer: Waiting for sound effect to complete
05-07 11:48:57.487  2116 14507 I TimeWarp: UpdateClockLevels: Apply pending clock request change: -1,-1 -> 3,4
05-07 11:48:57.488  2116 14503 I Clocks  : LockClocks( cpu=3, gpu=4 ) - start
05-07 11:48:57.489  2116 14503 I Clocks  : CPU levels [0, 4]
05-07 11:48:57.489  2116 14503 I Clocks  : GPU levels [0, 5]
05-07 11:48:57.489   716  3647 D         : CPU_CLUSTER_0: Client 2116 sends freq request [21, 21]
05-07 11:48:57.489   716  3647 D         : CPU_CLUSTER_0: Next Perf Level = (21, 21)
05-07 11:48:57.489   716  3647 D         : CPU_CLUSTER_1: Client 2116 sends freq request [22, 22]
05-07 11:48:57.489   716  3647 D         : CPU_CLUSTER_1: Next Perf Level = (22, 22)
05-07 11:48:57.490   716  3647 D         : CPUBW: Client 2116 sends freq request [8, 11]
05-07 11:48:57.490   716  3647 D         : CPUBW: Next Perf Level = (8, 11)
05-07 11:48:57.490   716  3647 D         : GPU: Client 2116 sends freq request [6, 6]
05-07 11:48:57.490   716  3647 D         : GPU: Next Perf Level = (6, 6)
05-07 11:48:57.492 14418 14435 D UE4     : [2020.05.07-09.48.57:491][170]LogAndroidEvents: Display: LogAndroidEvents::DequeueAppEvent : 9, [width=-1, height=-1], APP_EVENT_STATE_ON_START
05-07 11:48:57.492 14418 14435 D UE4     : FAppEventManager::Tick processing, 9
05-07 11:48:57.492 14418 14435 D UE4     : [2020.05.07-09.48.57:492][170]LogAndroidEvents: Display: LogAndroidEvents::DequeueAppEvent : 7, [width=-1, height=-1], APP_EVENT_STATE_ON_RESUME
05-07 11:48:57.492 14418 14435 D UE4     : FAppEventManager::Tick processing, 7
05-07 11:48:57.492 14418 14435 D UE4     : [2020.05.07-09.48.57:492][170]LogAndroidEvents: Display: LogAndroidEvents::DequeueAppEvent : 0, [width=2880, height=1600], APP_EVENT_STATE_WINDOW_CREATED
05-07 11:48:57.492 14418 14435 D UE4     : FAppEventManager::Tick processing, 0
05-07 11:48:57.492 14418 14435 D UE4     : [2020.05.07-09.48.57:492][170]LogAndroidEvents: Display: LogAndroidEvents::DequeueAppEvent : 11, [width=-1, height=-1], APP_EVENT_STATE_WINDOW_GAINED_FOCUS
05-07 11:48:57.492 14418 14435 D UE4     : FAppEventManager::Tick processing, 11
05-07 11:48:57.492 14418 14435 D UE4     : [2020.05.07-09.48.57:492][170]LogAndroidEvents: Display: ExecWindowCreated
05-07 11:48:57.492 14418 14435 D UE4     : [2020.05.07-09.48.57:492][170]LogAndroid: Mobile HDR: no
05-07 11:48:57.492 14418 14435 D UE4     : AndroidEGL::ReInitWindow()
05-07 11:48:57.492 14418 14435 D UE4     : ExecWindowCreated, 0, 1, 1
05-07 11:48:57.492 14418 14435 D UE4     : [2020.05.07-09.48.57:492][170]LogAndroidEvents: Display: LogAndroidEvents::DequeueAppEvent : 14, [width=-1, height=-1], APP_EVENT_STATE_APP_ACTIVATED
05-07 11:48:57.492 14418 14435 D UE4     : FAppEventManager::Tick processing, 14
05-07 11:48:57.492 14418 14435 D UE4     : Execution will be resumed!
05-07 11:48:57.492 14418 14435 D UE4     : [2020.05.07-09.48.57:492][170]LogAndroidEvents: Display: LogAndroidEvents::DequeueAppEvent : 15, [width=-1, height=-1], APP_EVENT_RUN_CALLBACK
05-07 11:48:57.492 14418 14435 D UE4     : FAppEventManager::Tick processing, 15
05-07 11:48:57.492 14418 14435 D UE4     : [2020.05.07-09.48.57:492][170]LogAndroidEvents: Display: Event thread callback running.
05-07 11:48:57.492 14418 14435 D UE4     : [2020.05.07-09.48.57:492][170]LogAndroid: performing app foregrounding callback.
05-07 11:48:57.492 14418 14435 D UE4     : [2020.05.07-09.48.57:492][170]LogHMD: Initializing OVRPlugin session
05-07 11:48:57.492 14418 14435 D UE4     : [2020.05.07-09.48.57:492][170]LogHMD: OculusHMD plugin supports multiview!
05-07 11:48:57.492 14418 14435 D OVRPlugin: Finished setting up render thread.
05-07 11:48:57.492 14418 14435 D OVRPlugin: Entering VR mode.
05-07 11:48:57.492 14418 14435 I VrApi   : ---------- vrapi_EnterVrMode [start] ----------
05-07 11:48:57.492 14418 14435 I VrRuntimeClient: Tracing is disabled
05-07 11:48:57.494  2116 14503 I Clocks  : LockClocks( cpu=3, gpu=4 ) - end (6.5 ms)
05-07 11:48:57.497 14418 14435 D VrApi   : targetSDKVersion 25
05-07 11:48:57.503 14418 14435 I VrRuntimeClient: DEVICE MODEL NUMBER = Quest
05-07 11:48:57.503 14418 14435 I VrRuntimeClient: DEVICE HARDWARE = monterey
05-07 11:48:57.503 14418 14435 I VrRuntimeClient: DEVICE BUILD NAME = user-602380.24900.0
05-07 11:48:57.503 14418 14435 I VrRuntimeClient: DEVICE BUILD TYPE = user
05-07 11:48:57.503 14418 14435 I VrRuntimeClient: DEVICE OS VERSION = 7.1.1
05-07 11:48:57.503 14418 14435 I VrRuntimeClient: VRRUNTIME VERSION = VRAPI_VERSION_BEGIN { 1.1.33.0-210938873-210938873 Apr 24 2020 16:11:35 Development } RELEASE
05-07 11:48:57.503 14418 14435 I VrRuntimeClient: API LOADER VERSION = 1.1.24.0
05-07 11:48:57.503 14418 14435 I VrRuntimeClient: VRDRIVER VERSION = 16.0.0.141.450
05-07 11:48:57.503 14418 14435 I VrRuntimeClient: APP NAME = ToysGame
05-07 11:48:57.503 14418 14435 I VrRuntimeClient: APP VERSION = 1.0 versionCode 1 internalVersionName <none>
05-07 11:48:57.503 14418 14435 I VrRuntimeClient: APP VR TYPE = vr_only
05-07 11:48:57.503 14418 14435 I VrRuntimeClient: APP PACKAGE NAME = com.YourCompany.ToysGame
05-07 11:48:57.504 14418 14435 I VrRuntimeClient: APP ACTIVITY CLASS = com.epicgames.ue4.GameActivity
05-07 11:48:57.504   548 14582 D audio_hw_primary: in_standby: enter: stream (0xf416c000) usecase(16: audio-record)
05-07 11:48:57.504 14418 14435 D BatteryReceiver: Registering battery receiver
05-07 11:48:57.507  2101  2176 I LibraryProvider: running queryApp(com.oculus.vrshell) for com.oculus.uid:10043
05-07 11:48:57.507  2101  2176 W LibraryProvider: Cannot find entitlement for com.oculus.vrshell
05-07 11:48:57.508  1778  1778 W OVRLibrary: null cursor received for query content://com.oculus.ocms.library/apps/com.oculus.vrshell
05-07 11:48:57.508  1778  1778 I PlatformPluginManager: onAppStart com.oculus.vrshell false
05-07 11:48:57.509  1778  1778 I OVRPlatform: [PartiesAPI] ovr_Party_PluginGetSharedMemHandle: This function is deprecated, do not use
05-07 11:48:57.516   548 14582 D audio_hw_primary: disable_audio_route: reset and update mixer path: audio-record
05-07 11:48:57.517 14418 14435 D HeadsetReceiver: getCurrentHeadsetState: false
05-07 11:48:57.517 14418 14435 I DeviceStatus_Android: nativeHeadsetEvent(0)
05-07 11:48:57.518  2116 14507 I Clocks  : SetSchedFifo( tid=1902, pri=0 ) succeeded
05-07 11:48:57.518   548 14582 D hardware_info: hw_info_append_hw_type : device_name = handset-mic-aec
05-07 11:48:57.518   548 14582 D audio_hw_primary: disable_snd_device: snd_device(62: handset-mic-aec)
05-07 11:48:57.518   548 14582 D msm8974_platform: platform_split_snd_device: snd_device(62) new_snd_devices (handset-mic-aec)
05-07 11:48:57.518  1778  1778 E OVRMediaServiceManager: LivestreamingManager Not initialized
05-07 11:48:57.520  2116 14507 I Clocks  : SetSchedFifo( tid=14777, pri=0 ) succeeded
05-07 11:48:57.521   548 14582 D audio_hw_primary: in_set_parameters: enter: kvpairs=routing=0
05-07 11:48:57.522   548   599 I SoundTriggerHwService::Module: void android::SoundTriggerHwService::Module::onCallbackEvent(const sp<android::SoundTriggerHwService::CallbackEvent> &) no clients
05-07 11:48:57.523  1778 14779 I OVRPlatform-OVRMicrophone: Disabling AcousticEchoCanceler
05-07 11:48:57.523  2116 14507 I Clocks  : SetSchedFifo( tid=2351, pri=0 ) succeeded
05-07 11:48:57.523  1778 14779 I OVRPlatform-OVRMicrophone: Disabling NoiseSuppressor
05-07 11:48:57.525  1778 14779 D OVRPlatform-OVRMicrophone: State changed to Initialized
05-07 11:48:57.525  1778 14779 I OVRPlatform-OVRMicrophone: Exit AudioRecordThread
05-07 11:48:57.527 14418 14435 I VrRuntimeClient: DEADRECKONING SetControllerTrackingExtendedDeadreckoning 0
05-07 11:48:57.527 14418 14435 I InputHooks_Internal: Enabling Native Input Hooks
05-07 11:48:57.528 14418 14435 I InputDeviceManager: ovrInputDeviceManager::Initialize
05-07 11:48:57.528 14418 14435 I InputDeviceManager: HANDTRACKING packagename is com.YourCompany.ToysGame
05-07 11:48:57.529 14418 14435 I InputDeviceManager: HANDTRACKING: feature flag set to 0
05-07 11:48:57.529 14418 14435 I VrRuntimeClient: HANDTRACKING sethandmanifest 0
05-07 11:48:57.531  2116  2140 I ScreenCaptureBase: GlobalInhibitState=0
05-07 11:48:57.531 14418 14435 D TrackingServiceConnectionNative: onClientConnect
05-07 11:48:57.531 14418 14435 D BinderConnection: Connecting to TrackingService
05-07 11:48:57.531 14418 14435 D TrackingServiceConnectionNative: onConnected
05-07 11:48:57.531   713   818 I TrackingService: TrackingService::getSharedMemoryFileDescriptor
05-07 11:48:57.532 14418 14435 I TrackingServiceClient: OVR::TrackingService::ClientSetInterface
05-07 11:48:57.532 14418 14435 I TrackingServiceClient: TrackingService client: roFd(74)
05-07 11:48:57.532 14418 14435 I TrackingServiceClient: TrackingService client: connected to interface version 11.
05-07 11:48:57.532 14418 14435 I TrackingServiceClient: TrackingService client: last prediction time is 0.004496 seconds old
05-07 11:48:57.532 14418 14435 I TrackingServiceClient: TrackingService client: provided by pid=713
05-07 11:48:57.532   713  3740 I TrackingService: TrackingService::registerClient
05-07 11:48:57.532   713  3740 I TrackingService: Registering client with TrackingServiceHost
05-07 11:48:57.532   713  3740 I TrackingService: Notifying client pid 14418 of new remote 3a76c3e46c301ef4
05-07 11:48:57.533 14418 14435 D TrackingServiceClient: TrackingServiceClient onRemoteConnected 3a76c3e46c301ef4
05-07 11:48:57.533   713  3740 I TrackingService: Notifying client pid 14418 of new remote 6b7cbd986a24c226
05-07 11:48:57.533 14418 14435 D TrackingServiceClient: TrackingServiceClient onRemoteConnected 6b7cbd986a24c226
05-07 11:48:57.533   713  3740 I TrackingService: TrackingServiceHost GetSharedMemoryFileDescriptor for client pid 14418
05-07 11:48:57.533   713  3740 I TrackingService: TrackingServiceHost registered common client; there are 0 secure clients
05-07 11:48:57.533 14418 14435 I TrackingServiceClient: ClientConnectComplete
05-07 11:48:57.533 14418 14435 I VrApi   : ovrModeParms::VRAPI_MODE_FLAG_RESET_WINDOW_FULLSCREEN = 1
05-07 11:48:57.533 14418 14435 I VrApi   : ovrModeParms::VRAPI_MODE_FLAG_NATIVE_WINDOW = 1
05-07 11:48:57.533 14418 14435 I VrApi   : ovrModeParms::VRAPI_MODE_FLAG_FRONT_BUFFER_PROTECTED = 0
05-07 11:48:57.533 14418 14435 I VrApi   : ovrModeParms::VRAPI_MODE_FLAG_FRONT_BUFFER_565 = 0
05-07 11:48:57.533 14418 14435 I VrApi   : ovrModeParms::VRAPI_MODE_FLAG_FRONT_BUFFER_SRGB = 1
05-07 11:48:57.533 14418 14435 I VrApi   : ovrModeParms::VRAPI_MODE_FLAG_CREATE_CONTEXT_NO_ERROR = 0
05-07 11:48:57.533 14418 14435 I VrApi   : HMD sensor attached.
05-07 11:48:57.534 14418 14435 I VrApi   : Client side frame sync enabled
05-07 11:48:57.534 14418 14435 I DynamicClocks: cpu-freq(0): 979200Hz
05-07 11:48:57.534 14418 14435 I DynamicClocks: cpu-freq(1): 1344000Hz
05-07 11:48:57.534 14418 14435 I DynamicClocks: cpu-freq(2): 1651200Hz
05-07 11:48:57.534 14418 14435 I DynamicClocks: cpu-freq(3): 1958400Hz
05-07 11:48:57.534 14418 14435 I DynamicClocks: cpu-freq(4): 2304000Hz
05-07 11:48:57.535 14418 14435 I DynamicClocks: gpu-freq(0): 257000000Hz
05-07 11:48:57.535 14418 14435 I DynamicClocks: gpu-freq(1): 342000000Hz
05-07 11:48:57.535 14418 14435 I DynamicClocks: gpu-freq(2): 414000000Hz
05-07 11:48:57.535 14418 14435 I DynamicClocks: gpu-freq(3): 515000000Hz
05-07 11:48:57.535 14418 14435 I DynamicClocks: gpu-freq(4): 670000000Hz
05-07 11:48:57.535 14418 14435 I DynamicClocks: gpu-freq(5): 710000000Hz
05-07 11:48:57.535 14418 14435 D VrRuntimeClient: pokeGuardianUserServiceForThisClient: com.YourCompany.ToysGame:10101
05-07 11:48:57.537 14418 14435 D VrRuntimeClient: VrRuntimeClient: enableRendering: activity client
05-07 11:48:57.537 14418 14435 D VrRuntimeClient: VrRuntimeClient: enableRendering: Using clientWindow=android.os.BinderProxy@39b2dfb
05-07 11:48:57.537  2126  2126 D VrGuardianUserService: onStartCommandIntent { act=FOREGROUND_CLIENT cmp=com.oculus.systemdriver/com.oculus.vrguardianservice.VrGuardianUserService (has extras) }
05-07 11:48:57.538  2116  2303 I ClientMgr: ClientMgr::SetPrimaryCompositorClient: com.YourCompany.ToysGame
05-07 11:48:57.538  2116  2303 I VrRuntimeServer: SetCompositorClientEnabled client(0): enabled(1) 0x7f5a406010
05-07 11:48:57.538  2116  2303 I ClientMgr: ClientMgr::SetFocusedClient: com.YourCompany.ToysGame type 0
05-07 11:48:57.538  2116  2303 D VrRuntimeService: this client: 14418:com.YourCompany.ToysGame
05-07 11:48:57.538  2116  2303 D VrRuntimeService: enableRendering: clientWindow: android.os.BinderProxy@98584ce enable: true
05-07 11:48:57.538  2116  2303 I ClientMgr: ClientMgr::EnableRendering 14418:com.YourCompany.ToysGame : type 0 : enable
05-07 11:48:57.538  2116  2303 I VrRuntimeServer: SetCompositorClientEnabled client(0): enabled(1) 0x7f5a406010
05-07 11:48:57.538  2116  2303 I TimeWarp: CheckDebuggerConnected: debugger 0
05-07 11:48:57.538 14418 14435 I VrRuntimeClient: CreateWarp: ImportVulkan: Fd=84, BufferSize=4096
05-07 11:48:57.538 14418 14435 I VrRuntimeClient: CreateWarp: ImportVulkan: bo.Vk.Buffer=546354140928, bo.Vk.Memory=546201578240, bo.Vk.Mapping=547243171840
05-07 11:48:57.539 14418 14435 I ScreenCaptureHelper: Advertising com.YourCompany.ToysGame as streamable
05-07 11:48:57.540 14418 14435 I VrApi   : OVR::Stats thread started
05-07 11:48:57.540 14418 14435 I VrApi   : ---------- vrapi_EnterVrMode [end] ----------
05-07 11:48:57.540 14418 14435 I ClientInputSettings: LatchBackButtonEntireFrame = false
05-07 11:48:57.540 14418 14435 I ClientInputSettings: BlockRemoteButtonsWhenNotEmulatingHMT = true
05-07 11:48:57.540 14418 14435 I ClientInputSettings: EatNativeGamepadEvents = false
05-07 11:48:57.540  1778  1778 I OVRMediaService: onStartCommand Received message type: set_package_name, caller package: no_app_identity
05-07 11:48:57.540 14418 14435 D OVRPlugin: Registering utility receivers.
05-07 11:48:57.540 14418 14435 I ClientInputSettings: ReorientHMDOnControllerRecenter = true
05-07 11:48:57.540 14418 14435 D UE4     : [GameActivity] Registering volume receiver
05-07 11:48:57.541  1778  1778 I OVRMediaService: Got package name intent (com.YourCompany.ToysGame)
05-07 11:48:57.543 14418 14435 D UE4     : [GameActivity] startVolumeReceiver: 10
05-07 11:48:57.543 14418 14435 D UE4     : nativeVolumeEvent(10)
05-07 11:48:57.543 14418 14435 D UE4     : [GameActivity] Registering battery receiver
05-07 11:48:57.546  2116  2302 I ClientMgr: Non-overlay clients rendering status has changed: prev=139, curr=140, enabled=4
05-07 11:48:57.547 14418 14788 D VrApi   : targetSDKVersion 25
05-07 11:48:57.548  2116 14507 W TimeWarp: WarpToScreen: No completed frames to display for client 0. submittedFrameIndex = 4731
05-07 11:48:57.548 14418 14435 D UE4     : [GameActivity] Registering headset receiver
05-07 11:48:57.549 14418 14788 I JniUtils: ovr_GetCurrentPackageSignature 
05-07 11:48:57.549 14418 14435 D UE4     : [GameActivity] startHeadsetReceiver: 0
05-07 11:48:57.549 14418 14435 D UE4     : nativeHeadsetEvent(0)
05-07 11:48:57.549 14418 14435 D UE4     : [2020.05.07-09.48.57:549][170]LogCore: Display: AppLifetime: Application has entered foreground
05-07 11:48:57.550 14418 14435 D UE4     : [2020.05.07-09.48.57:550][170]LogUdpMessaging: Initializing bridge on interface 0.0.0.0:0 to multicast group 230.0.0.1:6666.
05-07 11:48:57.552 14418 14788 I Metrics : device name = Oculus Quest
05-07 11:48:57.552 14418 14435 D UE4     : [2020.05.07-09.48.57:552][170]LogTcpMessaging: Initializing TcpMessaging bridge, listening on 127.0.0.1:6666
05-07 11:48:57.553 14418 14435 D UE4     : [2020.05.07-09.48.57:553][170]LogCore: Display: AppLifetime: Application has reactivated
05-07 11:48:57.554 14418 14435 D UE4     : [2020.05.07-09.48.57:554][170]LogTemp: Android resume audio
05-07 11:48:57.554 14418 14435 D UE4     : [2020.05.07-09.48.57:554][170]LogAudioMixerAndroid: Display: Resuming android audio renderer
05-07 11:48:57.560  2116  2302 I ClientMgr: DEADRECKONING deadReckoning mode on ClientMgr from server is 0
05-07 11:48:57.562  2116 14507 W TimeWarp: WarpToScreen: No completed frames to display for client 0. submittedFrameIndex = 4731
05-07 11:48:57.562  2126  2196 I GuardianSystem: rsapi_PollEvent: rsEventPackageNameChange: com.YourCompany.ToysGame
