05-06 12:47:59.444   707  5417 I [CT]    : TIMESTAMPCHECKER: Received first Camera-Constellation sample timestamp: 6.760000000 [sec]
05-06 12:47:59.444   707  5417 I [CT]    : TIMESTAMPCHECKER: Received first Camera-Constellation sample timestamp: 6.760000000 [sec]
05-06 12:47:59.452  2134  2180 I GuardianSystem: Guardian: GuardianCmdWithParms 7, 0, 0.000000
05-06 12:47:59.466  2134  2212 I GuardianSystem: Guardian: GuardianCmdWithParms 7, 1, 0.000000
05-06 12:47:59.487   707  5417 I [CT]    : CONSTELLATION: Shortening deadreckoning timeouts due to high unknown velocity during reacquisition.
05-06 12:47:59.487   707  5417 I [CT]    : CONSTELLATION: R:  RESET. Keep Cov and Calib States = 1. Keep velocity state and covariance = 0
05-06 12:47:59.527   707  5417 I [CT]    : CONSTELLATION: Shortening deadreckoning timeouts due to high unknown velocity during reacquisition.
05-06 12:47:59.527   707  5417 I [CT]    : CONSTELLATION: R:  RESET. Keep Cov and Calib States = 1. Keep velocity state and covariance = 0
05-06 12:47:59.568   707  5417 I [CT]    : CONSTELLATION: Shortening deadreckoning timeouts due to high unknown velocity during reacquisition.
05-06 12:47:59.568   707  5417 I [CT]    : CONSTELLATION: R:  RESET. Keep Cov and Calib States = 1. Keep velocity state and covariance = 0
05-06 12:47:59.589  1826  1887 W [OAR] AudioMixer: StopWavFile: Couldn't find attached sound for clientId controllerp0xb505c000
05-06 12:47:59.589  1826  1887 I [OAR] ModelDef: Destroying ModelFileModel pinchArrowBlend.gltf.ovrscene
05-06 12:47:59.772  2134  2160 I GuardianSystem: Guardian: GuardianCmdWithParms 7, 0, 0.000000
05-06 12:47:59.887  5294  5542 D UE4     : *** JavaEnvDestructor: 5542
05-06 12:47:59.888  5294  5543 D UE4     : *** JavaEnvDestructor: 5543
05-06 12:47:59.889  5294  5541 D UE4     : *** JavaEnvDestructor: 5541
05-06 12:47:59.937   707  5398 D TrackingService: [HANDTRACKING] Controller 3a76c3e46c301ef4 in hand: N, valid: Y
05-06 12:48:00.116  5294  5490 I VrApi   : FPS=0,Prd=0ms,Tear=0,Early=0,Stale=72,VSnc=1,Lat=0,Fov=0,CPU4/GPU=0/0,2304/670MHz,OC=FF,TA=0/0/0,SP=N/N/N,Mem=1804MHz,Free=1363MB,PSM=0,PLS=0,Temp=32.0C/0.0C,TW=1.72ms,App=0.00ms,GD=0.00ms,CPU&GPU=0.00ms,LCnt=0,GPU%=0.13,CPU%=0.34(W0.55),DSF=1.00
05-06 12:48:00.233   707  5418 I [CT]    : VIPER:MAP_MANAGER: State: TRACKING_PERSISTENT, UUID=d18585e8-d288-4997-b6ff-78495c7eed6a, Num. Persistent maps = 1,  Persistent maps:d18585e8-d288-4997-b6ff-78495c7eed6a,, Ser. Disabled = 00000000-0000-0000-0000-000000000000
05-06 12:48:00.273   707  5418 I [CT]    : VIPER: Status=6DoF,TRACKING,KF=136,Inl=310,Pts=387,Jit=0.4mm,Issues(Cam/min=0.0,IMU/min=0.0),Exp=(8.6ms,g=10.0,I=73)(6.1ms,g=7.0,I=70)(8.6ms,g=10.0,I=67)(6.7ms,g=8.0,I=68)
05-06 12:48:00.304  1826  5494 I VrApi   : FPS=70,Prd=45ms,Tear=0,Early=46,Stale=0,VSnc=1,Lat=1,Fov=0,CPU4/GPU=4/5,2304/670MHz,OC=FF,TA=0/E0/0,SP=N/F/N,Mem=1804MHz,Free=1372MB,PSM=0,PLS=0,Temp=32.0C/0.0C,TW=2.28ms,App=6.62ms,GD=0.00ms,CPU&GPU=14.06ms,LCnt=4,GPU%=0.56,CPU%=0.13(W0.18),DSF=1.00
05-06 12:48:00.412  2705  2728 I RCTVRMEM: Total Allocated Space: 17045944, Total Free Space: 6547016, JavaScript Heap Size: 4889817
05-06 12:48:00.413  1826  1887 I TrackingServiceClient: setting complex haptics, but not yet connected to socket, open connection...
05-06 12:48:00.414   707   809 I TrackingService: virtual android::binder::Status OVR::OS::Tracking::TrackingService::getTrackingSocketFileDescriptor(android::os::ParcelFileDescriptor *)
05-06 12:48:00.414   707   809 D TrackingService: haptic socket already exists
05-06 12:48:00.428  2705  2744 I RCTVR   : JavaScript[0xe19bc840], Avg 427.068762857143554, Max 682756.116516000009, MaxInLast 76.6381689999252558
05-06 12:48:00.428  2705  2744 I RCTVR_HERMES: Hermes Mem: numCollections 60, allocatedBytes 5276496, heapSize 9389368, va 12582912
05-06 12:48:00.440  2705  2728 I RvrPnl  : FPS=72.831/238.213/48.2348, MSPF=0.0137304/4.19792/20.7319, MEMALLOC=16.2563
05-06 12:48:00.602   707  5417 I [CT]    : MANAGEMENT:CONSTELLATION: Status=GREEN,, Obj=7745273921483883046,6DOF=1,FusJit=0.01mm,Issues(Cam/min=  0,IMU/min=0), Obj=4212769887286730484,6DOF=0,3DOF=1,Issues(Cam/min=  0,IMU/min=0)
05-06 12:48:00.759  5294  5550 D UE4     : *** JavaEnvDestructor: 5550
05-06 12:48:00.855  5294  5549 D UE4     : *** JavaEnvDestructor: 5549
05-06 12:48:00.860  5294  5311 D UE4     : [2020.05.06-10.48.00:860][  0]LogCore: Display: AppLifetime: Application will deactivate
05-06 12:48:00.870  1473  5555 W ContextImpl: Calling a method in the system process without a qualified user: android.app.ContextImpl.sendBroadcast:877 android.content.ContextWrapper.sendBroadcast:421 com.facebook.analytics2.logger.UploadServiceBus.signalJobRan:60 com.facebook.analytics2.logger.UploadJobHandler.exitStateMachine:267 com.facebook.analytics2.logger.UploadJobHandler.handleMessage:97 
05-06 12:48:00.884  1826  1887 I [OAR] SystemDialogController: Dialog result received: {"dialogHost": "vrshell", "dialogId": "common_system_dialog_app_launch_blocked_controller_required", "action": "continue", "autoClose": true, "listSelection": []}
05-06 12:48:00.890  1473  2002 I UploadManager: Scheduling jobbId 2131165248 within interval (900000, 2700000)
05-06 12:48:00.898  1826  1887 I [OAR] ShellDialogControllerHost: DialogResult: continue
05-06 12:48:00.898  1826  1887 D [OAR] ShellApplication: sendResumeIntent: 'com.YourCompany.ToysGame'
05-06 12:48:00.900  1826  1887 D [OAR] ShellApplication: startActivity Intent { act=android.intent.action.MAIN cat=[android.intent.category.LAUNCHER] flg=0x10030000 pkg=com.YourCompany.ToysGame cmp=com.YourCompany.ToysGame/com.epicgames.ue4.GameActivity (has extras) }
05-06 12:48:00.903  1077  2486 I ActivityManager: START u0 {act=android.intent.action.MAIN cat=[android.intent.category.LAUNCHER] flg=0x10030000 pkg=com.YourCompany.ToysGame cmp=com.YourCompany.ToysGame/com.epicgames.ue4.GameActivity (has extras)} from uid 10028 on display 0
05-06 12:48:00.907  1826  1826 D [OAR] MainActivity: onPause()
05-06 12:48:00.914  1826  1887 I [OAR] DialogControllerManager: Hide Previous pending dialog: type: 2, uri "systemux://dialog/app_launch_blocked_controller_required?package_name=com.YourCompany.ToysGame&launch_immediately_after=true", return component: "", return activity component: "" - reason Closing for new dialog
05-06 12:48:00.917  1826  1887 I [OAR] DialogControllerManager: Dialog change detected; updating dialog UI.
05-06 12:48:00.917  1826  1887 I [OAR] DialogControllerManager: Old dialog: type: 2, uri "systemux://dialog/app_launch_blocked_controller_required?package_name=com.YourCompany.ToysGame&launch_immediately_after=true", return component: "", return activity component: ""
05-06 12:48:00.917  1826  1887 I [OAR] DialogControllerManager: New dialog: type: 0, uri "systemux://dialog/none", return component: "", return activity component: ""
05-06 12:48:00.917  1826  1887 I [OAR] DialogController: CloseDialogs() old: 0, pendingUri: systemux://dialog/none, pendingComponent: 
05-06 12:48:00.917  1826  1887 I [OAR] SystemDialogController: HideVrShellDialog
05-06 12:48:00.917  1826  1887 I [OAR] PanelAppHost: Exiting panel application 7 on next frame with reason System Defined Closure.
05-06 12:48:00.924  1826  1887 I [OAR] PanelAppHost: ExitNextFrame triggered for reason System Defined Closure
05-06 12:48:00.925  1826  1887 I [OAR] PanelAppHost: PanelAppHost destructor: id 7 com.oculus.systemux/com.oculus.panelapp.dialog.DialogPanelService
05-06 12:48:00.925  1826  1887 I [OAR] PanelAppHost: Panel app 7 (com.oculus.systemux/com.oculus.panelapp.dialog.DialogPanelService) changing state from foreground to shutdown
05-06 12:48:00.925  1826  1887 D [OAR] ShellApplication: notify OS to set com.oculus.systemux/com.oculus.panelapp.dialog.DialogPanelService to BACKGROUND
05-06 12:48:00.945  5294  5340 E Parcel  : Reading a NULL string not supported here.
05-06 12:48:00.945  1826  3370 E Parcel  : Reading a NULL string not supported here.
05-06 12:48:00.945  5294  5340 D AudioTrack: updateAppOpsPlayAudio: checkOp OP_PLAY_AUDIO for com.YourCompany.ToysGame returns: 0 (ALLOWED)
05-06 12:48:00.945  5294  5340 I AudioTrack: updateAppOpsPlayAudio: resuming audio thread
05-06 12:48:00.945  5294  5483 W AudioTrack: releaseBuffer() track 0x7f44bb5200 disabled due to previous underrun, restarting
05-06 12:48:00.949  1826  3370 D AudioTrack: updateAppOpsPlayAudio: checkOp OP_PLAY_AUDIO for com.oculus.vrshell returns: 0 (ALLOWED)
05-06 12:48:00.949  5294  5307 E Parcel  : Reading a NULL string not supported here.
05-06 12:48:00.950  1777  2468 E Parcel  : Reading a NULL string not supported here.
05-06 12:48:00.950  1777  1796 E Parcel  : Reading a NULL string not supported here.
05-06 12:48:00.950  1777  1890 E Parcel  : Reading a NULL string not supported here.
05-06 12:48:00.950  1777  1794 E Parcel  : Reading a NULL string not supported here.
05-06 12:48:00.952  1777  1947 E Parcel  : Reading a NULL string not supported here.
05-06 12:48:00.952  1777  1890 D AudioRecord: updateAppOpsRecordAudio: checkOp OP_RECORD_AUDIO for com.oculus.horizon returns: 0 (ALLOWED)
05-06 12:48:00.952  1777  1947 D AudioRecord: updateAppOpsRecordAudio: checkOp OP_RECORD_AUDIO for com.oculus.horizon returns: 0 (ALLOWED)
05-06 12:48:00.952  1777  1794 D AudioRecord: updateAppOpsRecordAudio: checkOp OP_RECORD_AUDIO for com.oculus.horizon returns: 0 (ALLOWED)
05-06 12:48:00.953  5294  5307 D AudioTrack: updateAppOpsPlayAudio: checkOp OP_PLAY_AUDIO for com.YourCompany.ToysGame returns: 0 (ALLOWED)
05-06 12:48:00.953  5294  5307 E Parcel  : Reading a NULL string not supported here.
05-06 12:48:00.957  1777  2468 E Parcel  : Reading a NULL string not supported here.
05-06 12:48:00.957  1777  1796 E Parcel  : Reading a NULL string not supported here.
05-06 12:48:00.957  1777  1889 E Parcel  : Reading a NULL string not supported here.
05-06 12:48:00.958  1826  1887 D [OAR] ShellApplication: Unbinding service for panel app id 7
05-06 12:48:00.958  1777  1889 D AudioRecord: updateAppOpsRecordAudio: checkOp OP_RECORD_AUDIO for com.oculus.horizon returns: 0 (ALLOWED)
05-06 12:48:00.958  1777  1889 E Parcel  : Reading a NULL string not supported here.
05-06 12:48:00.958  1777  1796 E Parcel  : Reading a NULL string not supported here.
05-06 12:48:00.963  1826  1842 E Parcel  : Reading a NULL string not supported here.
05-06 12:48:00.963  5294  5294 D UE4     : [GameActivity] Creating console command broadcast listener
05-06 12:48:00.963  5294  5312 D UE4     : [2020.05.06-10.48.00:963][  0]LogAndroid: Case APP_CMD_START
05-06 12:48:00.963  5294  5312 D UE4     : LogAndroidEvents::EnqueueAppEvent : 9, [width=-1, height=-1], tid = 5312, APP_EVENT_STATE_ON_START
05-06 12:48:00.964  1777  1796 D AudioRecord: updateAppOpsRecordAudio: checkOp OP_RECORD_AUDIO for com.oculus.horizon returns: 0 (ALLOWED)
05-06 12:48:00.965  1777  1889 D AudioRecord: updateAppOpsRecordAudio: checkOp OP_RECORD_AUDIO for com.oculus.horizon returns: 0 (ALLOWED)
05-06 12:48:00.967  1892  1892 D CppPanelService: onDestroy()
05-06 12:48:00.969  1892  1892 I CppPanelService: VR Shell socket closed(0); shutting down fd: 48
05-06 12:48:00.969  1892  1892 I CppPanelService: Quitting application via hardExit flag due to unexpected socket closure on fd 48.
05-06 12:48:00.969  1892  1892 I DialogPanel: Destroyed
05-06 12:48:00.969  1892  1892 I DialogUI: Destroying dialog
05-06 12:48:00.971  1892  1892 I RequestManager: RequestManager::Shutdown start
05-06 12:48:00.971  1892  1892 I RequestManager: RequestManager::Shutdown done
05-06 12:48:00.972  2119  2146 I VrRuntimeService: nativeDestroyTextureSwapChain 149
05-06 12:48:00.972   547   593 D msm8974_platform: platform_split_snd_device: snd_device(2) new_snd_devices (speaker)
05-06 12:48:00.972   547   593 D ACDB-LOADER: ACDB -> send_audvoltable
05-06 12:48:00.973   547   593 D ACDB-LOADER: ACDB -> ACDB_CMD_GET_AUDPROC_GAIN_DEP_STEP_TABLE, vol index 3
05-06 12:48:00.973  1826  1887 I [OAR] ShellApp: 0xe18e5358 msg: pause
05-06 12:48:00.973   547   593 D         : Failed to fetch the lookup information of the device 0000000F 
05-06 12:48:00.973   547   593 E ACDB-LOADER: Error: ACDB AudProc vol returned = -19
05-06 12:48:00.973   547   593 D ACDB-LOADER: ACDB -> AUDIO_SET_VOL_CAL cal type = 40
05-06 12:48:00.973  1826  1887 I [OAR] ShellApp: ShellApp::LeaveVrMode()
05-06 12:48:00.973  1826  1887 W [OAR] LegacyDesktop: LegacyDesktop::FlushAnalytics does not do anything
05-06 12:48:00.973  1826  1887 I [OAR] VrShellDesktopBase: Backgrounding all active monitors on desktop
05-06 12:48:00.973  1826  1887 I [OAR] PanelAppHost: OnBackground
05-06 12:48:00.973   547   593 W msm8974_platform: platform_send_gain_dep_cal: Usecase list is empty
05-06 12:48:00.973  1826  1887 I [OAR] PanelAppHost: Panel app 4 (com.oculus.vrshell.home/com.oculus.vrshell.home.LibraryService) changing state from foreground to background
05-06 12:48:00.973  1826  1887 D [OAR] ShellApplication: notify OS to set com.oculus.vrshell.home/com.oculus.vrshell.home.LibraryService to BACKGROUND
05-06 12:48:00.974  5294  5294 D UE4     : [GameActivity] ==================================> Inside onStart function in GameActivity
05-06 12:48:00.974  5294  5294 V UE4     : [GameApp] App in foreground
05-06 12:48:00.975  1826  1887 I [OAR] PanelAppHost: com.oculus.vrshell.home/com.oculus.vrshell.home.LibraryService:4 is now backgrounded due to: paused
05-06 12:48:00.975  5294  5312 D UE4     : Case APP_CMD_RESUME
05-06 12:48:00.975  5294  5294 D UE4     : [GameActivity] onResume: start memory reporter runnable
05-06 12:48:00.975  5294  5312 D UE4     : [2020.05.06-10.48.00:975][  0]LogAndroid: Case APP_CMD_RESUME
05-06 12:48:00.975  5294  5312 D UE4     : LogAndroidEvents::EnqueueAppEvent : 7, [width=-1, height=-1], tid = 5312, APP_EVENT_STATE_ON_RESUME
05-06 12:48:00.975  5294  5294 D UE4     : [GameActivity] === Restoring Transparent Bars ===
05-06 12:48:00.975  5294  5294 D UE4     : [GameActivity] ==============> [JAVA] AndroidThunkJava_KeepScreenOn(false) - Enabled screen saver
05-06 12:48:00.976  5294  5294 D UE4     : [GameActivity] Registering sensor listeners
05-06 12:48:00.976  5294  5294 D UE4     : App is running in Landscape
05-06 12:48:00.976  5294  5294 D UE4     : [GameActivity] === Restoring Transparent Bars ===
05-06 12:48:00.976  5294  5294 D UE4     : [GameActivity] ==============> Resuming main init
05-06 12:48:00.976  5294  5294 D UE4     : [GameActivity] ==============> GameActive.onResume complete!
05-06 12:48:00.976  1826  1887 I [OAR] LocalSpace: Applying Initial Pose
05-06 12:48:00.977  2705  2728 I RCTVR   : AppState backgroundReason [paused]
05-06 12:48:00.977  1826  1887 I VrRuntimeClient: VrRuntimeClient: UpdateLocalSpace: 2 (-0.147086, -0.294129, 0.038813, 0.943582), (2.540611, -0.361277, -0.911452)
05-06 12:48:00.977  2705  2728 I RCTVR_Shutdown: Initiated webserver shutdown
05-06 12:48:00.977  2705  2728 I RCTVR_Shutdown: StreamingManagerService shutdown
05-06 12:48:00.977  2705  2728 I RCTVR_Shutdown: Webby shutdown
05-06 12:48:00.977  2119  2152 I VrRuntimeServer: UpdateLocalSpace: Src: 2, Version: 17, VersionUser: 0, RawFloorHeightOld: -1.660270, RawFloorHeightNew: -1.660270
05-06 12:48:00.978  1826  1887 D [OAR] ShellApplication: Broadcast intent com.oculus.assistant.ASSISTANT_PANEL_AVAILABILITY status: 2, mode: 1
05-06 12:48:00.983  2705  2728 I RCTVR_Shutdown: AppState went background
05-06 12:48:00.984  2705  2728 I RCTVR_Shutdown: Headset status changed
05-06 12:48:00.986  5294  5312 D UE4     : Case APP_CMD_INIT_WINDOW
05-06 12:48:00.986  5294  5312 D UE4     : [2020.05.06-10.48.00:986][  0]LogAndroid: Case APP_CMD_INIT_WINDOW
05-06 12:48:00.987  5294  5312 D UE4     : LogAndroidEvents::EnqueueAppEvent : 0, [width=2880, height=1600], tid = 5312, APP_EVENT_STATE_WINDOW_CREATED
05-06 12:48:00.987  1777  1947 I PlatformPluginManager: sharedMicrophoneStop for userID: 3209020664
05-06 12:48:00.988  1777  1947 I OVRPlatform: [MicrophoneServer] MicrophoneServer::removeSharedClient 0xbf45c4f8
05-06 12:48:00.988  1777  1947 I OVRPlatform: [MicrophoneServer]   removed 1, 0 remaining
05-06 12:48:00.988  1777  1947 I OVRPlatform: [MicrophoneServer] No connections left, stopping
05-06 12:48:00.988  1777  1947 I OVRPlatform-OVRMicrophone: Stopping microphone recording.  Current state: Recording
05-06 12:48:00.988  1777  1947 D OVRPlatform-OVRMicrophone: State changed to Stopping
05-06 12:48:00.990  1826  1887 I [OAR] AudioMixer: Waiting for sound effect to complete
05-06 12:48:00.999  2134  2186 I GuardianSystem: UpdateSystem: Responding to local space version number change.
05-06 12:48:00.999  1826  1826 D [OAR] MainActivity: com.oculus.vrshell.MainActivity@8f01bfd surfaceDestroyed()
05-06 12:48:01.000  1826  1826 I [OAR] ShellMain:     looperMessageQueue->SendPrintf("surfaceDestroyed 0xe8457008")
05-06 12:48:01.005  1777  5528 I OVRPlatform-OVRMicrophone: Exiting audio capture thread, about to call AudioRecord.stop(). Current state: Stopping
05-06 12:48:01.010  5294  5312 D UE4     : [2020.05.06-10.48.01:010][  0]LogAndroid: Case APP_CMD_GAINED_FOCUS
05-06 12:48:01.010  2119  2119 D VrRuntimeService: onFocusedWindowChanged: focusedWindowToken=android.os.BinderProxy@1749835, focusedWindowUid=10092
05-06 12:48:01.010  2119  2119 D VrRuntimeService: onFocusedWindowChanged: top window's client already enabled
05-06 12:48:01.010  5294  5312 D UE4     : LogAndroidEvents::EnqueueAppEvent : 11, [width=-1, height=-1], tid = 5312, APP_EVENT_STATE_WINDOW_GAINED_FOCUS
05-06 12:48:01.010  2119  2119 I ClientMgr: FocusedClient ID changed
05-06 12:48:01.010  2119  2119 I ClientMgr: Primary Client ID changed
05-06 12:48:01.010  5294  5312 D UE4     : [2020.05.06-10.48.01:010][  0]LogAndroid: event thread, activate app, unlocking HW window
05-06 12:48:01.010  2119  2119 W ClientMgr: ClientMgr::GetClientPermissionFlagsById: Client missing proper permissions: com.YourCompany.ToysGame, 2
05-06 12:48:01.010  2119  2119 I ClientMgr: ClientMgr::SetPrimaryCompositorClient: com.YourCompany.ToysGame
05-06 12:48:01.010  2119  2119 I VrRuntimeServer: SetCompositorClientEnabled client(0): enabled(1) 0x7f6d80f010
05-06 12:48:01.010  5294  5312 D UE4     : LogAndroidEvents::EnqueueAppEvent : 14, [width=-1, height=-1], tid = 5312, APP_EVENT_STATE_APP_ACTIVATED
05-06 12:48:01.010  2119  2119 I ClientMgr: ClientMgr::SetFocusedClient: com.YourCompany.ToysGame type 0
05-06 12:48:01.010  5294  5537 D UE4     : [2020.05.06-10.48.01:010][  0]LogAndroid: RendererBlock acquired window lock
05-06 12:48:01.010  5294  5537 D UE4     : [2020.05.06-10.48.01:010][  0]LogVulkanRHI: Recreate swapchain ... 
05-06 12:48:01.011  5294  5312 D UE4     : LogAndroidEvents::EnqueueAppEvent : 15, [width=-1, height=-1], tid = 5312, APP_EVENT_RUN_CALLBACK
05-06 12:48:01.012  5294  5537 D UE4     : [2020.05.06-10.48.01:012][  0]LogAndroid: RendererBlock updating window
05-06 12:48:01.012  5294  5537 D UE4     : [2020.05.06-10.48.01:012][  0]LogAndroid: RendererBlock released window lock
05-06 12:48:01.012  5294  5537 D OVRPlugin: Leaving VR mode.
05-06 12:48:01.012  5294  5537 I GoCompatibility: GoCompatibility: vrapi_LeaveVrMode_Hooked()
05-06 12:48:01.012  5294  5537 I VrApi   : ---------- vrapi_LeaveVrMode [start] ----------
05-06 12:48:01.021  2119  2296 I VrRuntimeServer: SetCompositorClientEnabled client(2): enabled(1) 0x7f876ce0e8
05-06 12:48:01.022  5294  5537 D VrApi   : targetSDKVersion 25
05-06 12:48:01.024  5294  5537 I VrRuntimeClient: DEVICE MODEL NUMBER = Quest
05-06 12:48:01.024  5294  5537 I VrRuntimeClient: DEVICE HARDWARE = monterey
05-06 12:48:01.024  5294  5537 I VrRuntimeClient: DEVICE BUILD NAME = user-602380.24900.0
05-06 12:48:01.024  5294  5537 I VrRuntimeClient: DEVICE BUILD TYPE = user
05-06 12:48:01.025  5294  5537 I VrRuntimeClient: DEVICE OS VERSION = 7.1.1
05-06 12:48:01.025  5294  5537 I VrRuntimeClient: VRRUNTIME VERSION = VRAPI_VERSION_BEGIN { 1.1.33.0-210938873-210938873 Apr 24 2020 16:11:35 Development } RELEASE
05-06 12:48:01.025  5294  5537 I VrRuntimeClient: API LOADER VERSION = 1.1.24.0
05-06 12:48:01.025  5294  5537 I VrRuntimeClient: VRDRIVER VERSION = 16.0.0.141.450
05-06 12:48:01.025  5294  5537 I VrRuntimeClient: APP NAME = ToysGame
05-06 12:48:01.025  5294  5537 I VrRuntimeClient: APP VERSION = 1.0 versionCode 1 internalVersionName <none>
05-06 12:48:01.025  5294  5537 I VrRuntimeClient: APP VR TYPE = vr_only
05-06 12:48:01.025  5294  5537 I VrRuntimeClient: APP PACKAGE NAME = com.YourCompany.ToysGame
05-06 12:48:01.025  5294  5537 I VrRuntimeClient: APP ACTIVITY CLASS = com.epicgames.ue4.GameActivity
05-06 12:48:01.025  5294  5537 D BatteryReceiver: Unregistering battery receiver
05-06 12:48:01.026   547  5509 D audio_hw_primary: in_standby: enter: stream (0xec24ab40) usecase(16: audio-record)
05-06 12:48:01.036  2134  2186 I GuardianSystem: rsapi_PollEvent: rsEventForceShowGuardian. ForceIndefinitely: 0, ForceTimeInSeconds: 0.00, ForceCamera: 0
05-06 12:48:01.036  2134  2186 I GuardianSystem: ForceShowGuardian: false, 0.00
05-06 12:48:01.036  2134  2186 I GuardianSystem: rsapi_PollEvent: rsEventPackageNameChange: com.YourCompany.ToysGame
05-06 12:48:01.036  2134  2186 I GuardianSystem: SetCurrentPackageName: com.YourCompany.ToysGame, previous PackageName: com.oculus.vrshell
05-06 12:48:01.043   547  5509 D audio_hw_primary: disable_audio_route: reset and update mixer path: audio-record
05-06 12:48:01.045   547  5509 D hardware_info: hw_info_append_hw_type : device_name = handset-mic-aec
05-06 12:48:01.045   547  5509 D audio_hw_primary: disable_snd_device: snd_device(62: handset-mic-aec)
05-06 12:48:01.045   547  5509 D msm8974_platform: platform_split_snd_device: snd_device(62) new_snd_devices (handset-mic-aec)
05-06 12:48:01.049   547  5509 D audio_hw_primary: in_set_parameters: enter: kvpairs=routing=0
05-06 12:48:01.050   547   599 I SoundTriggerHwService::Module: void android::SoundTriggerHwService::Module::onCallbackEvent(const sp<android::SoundTriggerHwService::CallbackEvent> &) no clients
05-06 12:48:01.050  1777  5528 I OVRPlatform-OVRMicrophone: Disabling AcousticEchoCanceler
05-06 12:48:01.051  1777  5528 I OVRPlatform-OVRMicrophone: Disabling NoiseSuppressor
05-06 12:48:01.052  1777  5528 D OVRPlatform-OVRMicrophone: State changed to Initialized
05-06 12:48:01.052  1777  5528 I OVRPlatform-OVRMicrophone: Exit AudioRecordThread
05-06 12:48:01.054  2110  2127 E Security-LocalReporter: UID '10043' is shared by multiple packages: [com.oculus.home, com.oculus.horizon]
05-06 12:48:01.087  2119  5440 I Clocks  : SetSchedFifo( tid=1887, pri=0 ) succeeded
05-06 12:48:01.087  2119  5440 I Clocks  : SetSchedFifo( tid=5507, pri=0 ) succeeded
05-06 12:48:01.088  2110  2127 I LibraryProvider: running queryApp(com.oculus.vrshell) for com.oculus.uid:10043
05-06 12:48:01.088  2119  5440 I Clocks  : SetSchedFifo( tid=2403, pri=0 ) succeeded
05-06 12:48:01.088  2110  2127 W LibraryProvider: Cannot find entitlement for com.oculus.vrshell
05-06 12:48:01.088  1777  1777 W OVRLibrary: null cursor received for query content://com.oculus.ocms.library/apps/com.oculus.vrshell
05-06 12:48:01.089  1777  1777 I PlatformPluginManager: onAppStart com.oculus.vrshell false
05-06 12:48:01.090  5294  5490 I VrApi   : FPS=0,Prd=0ms,Tear=0,Early=0,Stale=72,VSnc=1,Lat=0,Fov=0,CPU4/GPU=0/0,2304/670MHz,OC=FF,TA=0/0/0,SP=N/N/N,Mem=1804MHz,Free=1376MB,PSM=0,PLS=0,Temp=32.0C/0.0C,TW=1.72ms,App=0.00ms,GD=0.00ms,CPU&GPU=0.00ms,LCnt=0,GPU%=0.13,CPU%=0.34(W0.55),DSF=1.00
05-06 12:48:01.091  1826  1887 I [OAR] AudioMixer: Waiting for sound effect to complete
05-06 12:48:01.093  5294  5537 I VrApi   : OVR::Stats thread stopped
05-06 12:48:01.093  5294  5537 I InputDeviceManager: ovrInputDeviceManager::Shutdown
05-06 12:48:01.094  1777  1777 I OVRPlatform: [PartiesAPI] ovr_Party_PluginGetSharedMemHandle: This function is deprecated, do not use
05-06 12:48:01.100  1777  1777 E OVRMediaServiceManager: LivestreamingManager Not initialized
05-06 12:48:01.101  5294  5489 I InputHooks_Internal: InputHooksThreadRun ShutdownRequest received
05-06 12:48:01.101  5294  5537 I InputHooks_Internal: Disabling Native Input Hooks
05-06 12:48:01.103  2119  2152 D VrRuntimeService: this client: 5294:com.YourCompany.ToysGame
05-06 12:48:01.103  2119  2152 D VrRuntimeService: enableRendering: clientWindow: null enable: false
05-06 12:48:01.103  2119  2152 I ClientMgr: ClientMgr::EnableRendering 5294:com.YourCompany.ToysGame : type 0 : disable
05-06 12:48:01.103  2119  2152 I VrRuntimeServer: SetCompositorClientEnabled client(0): enabled(0) 0x0
05-06 12:48:01.104  2119  2296 I ClientMgr: Non-overlay clients rendering status has changed: prev=27, curr=28, enabled=2
05-06 12:48:01.110  2705  2744 I RCTVR_HERMES: Hermes Mem: numCollections 61, allocatedBytes 4700512, heapSize 13499992, va 12582912
05-06 12:48:01.111  2705  2728 I RCTVR_Shutdown: JS synced
05-06 12:48:01.114  5294  5493 I VrRuntimeClient: FenceChecker::MainLoop - ended
05-06 12:48:01.114  5294  5537 I BufferObject: ovrBufferObjectFactory::Unimport unmapping Vulkan memory
05-06 12:48:01.114  5294  5537 I BufferObject: ovrBufferObjectFactory::Unimport destroying Vulkan buffer=546543491456
05-06 12:48:01.114  5294  5537 I BufferObject: ovrBufferObjectFactory::Unimport freeing Vulkan memory=546437496320
05-06 12:48:01.114  5294  5537 I TrackingServiceClient: OVR::TrackingService::ClientSetInterface
05-06 12:48:01.114  5294  5537 D TrackingServiceClient: onClientDisconnect
05-06 12:48:01.114  5294  5537 D TrackingServiceConnectionNative: onClientDisconnect
05-06 12:48:01.115   707   819 I TrackingService: Unregistering client by ITrackingService.unregisterClient
05-06 12:48:01.115   707   819 I TrackingService: TrackingServiceHost Unregistering client: pid 5294
05-06 12:48:01.115  5294  5537 D BinderConnection: Disconnecting from TrackingService service
05-06 12:48:01.115  5294  5537 D TrackingServiceConnectionNative: onDisconnected
05-06 12:48:01.115  5294  5537 D TrackingServiceClient: TrackingServiceConnection mConnectedRemotes.clear()
05-06 12:48:01.115  5294  5537 I TrackingServiceClient: OVR::TrackingService::ClientSetInterface
05-06 12:48:01.115  5294  5537 I VrApi   : ---------- vrapi_LeaveVrMode [end] ----------
05-06 12:48:01.115  5294  5311 D UE4     : [GameActivity] Unregistering volume receiver
05-06 12:48:01.116  2705  2728 I RCTVR_Shutdown: Native modules flushed
05-06 12:48:01.116  2705  2728 I RCTVR_Shutdown: OnBackground complete
05-06 12:48:01.117  5294  5311 D UE4     : [GameActivity] Unregistering battery receiver
05-06 12:48:01.117  5294  5311 D UE4     : [GameActivity] Unregistering headset receiver
05-06 12:48:01.118  5294  5311 D UE4     : [2020.05.06-10.48.01:118][  0]LogCore: Display: AppLifetime: Application will enter background
05-06 12:48:01.118  5294  5311 D UE4     : [2020.05.06-10.48.01:118][  0]LogTemp: Android pause audio
05-06 12:48:01.118  5294  5311 D UE4     : [2020.05.06-10.48.01:118][  0]LogAudioMixerAndroid: Display: Suspending android audio renderer
05-06 12:48:01.119  5294  5311 D UE4     : [2020.05.06-10.48.01:119][  0]LogAndroidEvents: Display: LogAndroidEvents::DequeueAppEvent : 13, [width=-1, height=-1], APP_EVENT_STATE_APP_SUSPENDED
05-06 12:48:01.119  5294  5311 D UE4     : FAppEventManager::Tick processing, 13
05-06 12:48:01.119  5294  5311 D UE4     : Execution will be paused...
05-06 12:48:01.119  5294  5311 D UE4     : [2020.05.06-10.48.01:119][  0]LogAndroidEvents: Display: LogAndroidEvents::DequeueAppEvent : 3, [width=-1, height=-1], APP_EVENT_STATE_WINDOW_DESTROYED
05-06 12:48:01.119  5294  5311 D UE4     : FAppEventManager::Tick processing, 3
05-06 12:48:01.119  5294  5311 D UE4     : APP_EVENT_STATE_WINDOW_DESTROYED, 0, 0, 0
05-06 12:48:01.119  5294  5311 D UE4     : [2020.05.06-10.48.01:119][  0]LogAndroidEvents: Display: LogAndroidEvents::DequeueAppEvent : 12, [width=-1, height=-1], APP_EVENT_STATE_SAVE_STATE
05-06 12:48:01.119  5294  5311 D UE4     : FAppEventManager::Tick processing, 12
05-06 12:48:01.119  5294  5311 D UE4     : [2020.05.06-10.48.01:119][  0]LogAndroidEvents: Display: LogAndroidEvents::DequeueAppEvent : 8, [width=-1, height=-1], APP_EVENT_STATE_ON_STOP
05-06 12:48:01.119  5294  5311 D UE4     : FAppEventManager::Tick processing, 8
05-06 12:48:01.119  5294  5311 D UE4     : [2020.05.06-10.48.01:119][  0]LogAndroidEvents: Display: LogAndroidEvents::DequeueAppEvent : 9, [width=-1, height=-1], APP_EVENT_STATE_ON_START
05-06 12:48:01.119  5294  5311 D UE4     : FAppEventManager::Tick processing, 9
05-06 12:48:01.119  5294  5311 D UE4     : [2020.05.06-10.48.01:119][  0]LogAndroidEvents: Display: LogAndroidEvents::DequeueAppEvent : 7, [width=-1, height=-1], APP_EVENT_STATE_ON_RESUME
05-06 12:48:01.119  5294  5311 D UE4     : FAppEventManager::Tick processing, 7
05-06 12:48:01.119  5294  5311 D UE4     : [2020.05.06-10.48.01:119][  0]LogAndroidEvents: Display: LogAndroidEvents::DequeueAppEvent : 0, [width=2880, height=1600], APP_EVENT_STATE_WINDOW_CREATED
05-06 12:48:01.119  5294  5311 D UE4     : FAppEventManager::Tick processing, 0
05-06 12:48:01.119  5294  5311 D UE4     : [2020.05.06-10.48.01:119][  0]LogAndroidEvents: Display: LogAndroidEvents::DequeueAppEvent : 11, [width=-1, height=-1], APP_EVENT_STATE_WINDOW_GAINED_FOCUS
05-06 12:48:01.119  5294  5311 D UE4     : FAppEventManager::Tick processing, 11
05-06 12:48:01.119  5294  5311 D UE4     : [2020.05.06-10.48.01:119][  0]LogAndroidEvents: Display: ExecWindowCreated
05-06 12:48:01.119  5294  5311 D UE4     : [2020.05.06-10.48.01:119][  0]LogAndroid: Mobile HDR: no
05-06 12:48:01.119  5294  5311 D UE4     : AndroidEGL::ReInitWindow()
05-06 12:48:01.119  5294  5311 D UE4     : ExecWindowCreated, 0, 1, 1
05-06 12:48:01.119  5294  5311 D UE4     : [2020.05.06-10.48.01:119][  0]LogAndroidEvents: Display: LogAndroidEvents::DequeueAppEvent : 14, [width=-1, height=-1], APP_EVENT_STATE_APP_ACTIVATED
05-06 12:48:01.119  5294  5311 D UE4     : FAppEventManager::Tick processing, 14
05-06 12:48:01.119  5294  5311 D UE4     : Execution will be resumed!
05-06 12:48:01.119  5294  5311 D UE4     : [2020.05.06-10.48.01:119][  0]LogAndroidEvents: Display: LogAndroidEvents::DequeueAppEvent : 15, [width=-1, height=-1], APP_EVENT_RUN_CALLBACK
05-06 12:48:01.119  5294  5311 D UE4     : FAppEventManager::Tick processing, 15
05-06 12:48:01.119  5294  5311 D UE4     : [2020.05.06-10.48.01:119][  0]LogAndroidEvents: Display: Event thread callback running.
05-06 12:48:01.119  5294  5311 D UE4     : [2020.05.06-10.48.01:119][  0]LogAndroid: performing app foregrounding callback.
05-06 12:48:01.119  5294  5311 D UE4     : [2020.05.06-10.48.01:119][  0]LogHMD: Initializing OVRPlugin session
05-06 12:48:01.119  5294  5311 D UE4     : [2020.05.06-10.48.01:119][  0]LogHMD: OculusHMD plugin supports multiview!
05-06 12:48:01.119  5294  5311 D OVRPlugin: Finished setting up render thread.
05-06 12:48:01.119  5294  5311 D OVRPlugin: Entering VR mode.
05-06 12:48:01.119  5294  5311 I VrApi   : ---------- vrapi_EnterVrMode [start] ----------
05-06 12:48:01.119  5294  5311 I VrRuntimeClient: Tracing is disabled
05-06 12:48:01.121  5294  5311 D VrApi   : targetSDKVersion 25
05-06 12:48:01.123  5294  5311 I VrRuntimeClient: DEVICE MODEL NUMBER = Quest
05-06 12:48:01.123  5294  5311 I VrRuntimeClient: DEVICE HARDWARE = monterey
05-06 12:48:01.123  5294  5311 I VrRuntimeClient: DEVICE BUILD NAME = user-602380.24900.0
05-06 12:48:01.123  5294  5311 I VrRuntimeClient: DEVICE BUILD TYPE = user
05-06 12:48:01.123  5294  5311 I VrRuntimeClient: DEVICE OS VERSION = 7.1.1
05-06 12:48:01.123  5294  5311 I VrRuntimeClient: VRRUNTIME VERSION = VRAPI_VERSION_BEGIN { 1.1.33.0-210938873-210938873 Apr 24 2020 16:11:35 Development } RELEASE
05-06 12:48:01.123  5294  5311 I VrRuntimeClient: API LOADER VERSION = 1.1.24.0
05-06 12:48:01.123  5294  5311 I VrRuntimeClient: VRDRIVER VERSION = 16.0.0.141.450
05-06 12:48:01.123  5294  5311 I VrRuntimeClient: APP NAME = ToysGame
05-06 12:48:01.123  5294  5311 I VrRuntimeClient: APP VERSION = 1.0 versionCode 1 internalVersionName <none>
05-06 12:48:01.123  5294  5311 I VrRuntimeClient: APP VR TYPE = vr_only
05-06 12:48:01.123  5294  5311 I VrRuntimeClient: APP PACKAGE NAME = com.YourCompany.ToysGame
05-06 12:48:01.123  5294  5311 I VrRuntimeClient: APP ACTIVITY CLASS = com.epicgames.ue4.GameActivity
05-06 12:48:01.123  5294  5311 D BatteryReceiver: Registering battery receiver
05-06 12:48:01.124  5294  5311 D HeadsetReceiver: getCurrentHeadsetState: false
05-06 12:48:01.125  5294  5311 I DeviceStatus_Android: nativeHeadsetEvent(0)
05-06 12:48:01.126  5294  5311 I VrRuntimeClient: DEADRECKONING SetControllerTrackingExtendedDeadreckoning 0
05-06 12:48:01.127  5294  5311 I InputHooks_Internal: Enabling Native Input Hooks
05-06 12:48:01.127  5294  5311 I InputDeviceManager: ovrInputDeviceManager::Initialize
05-06 12:48:01.127  5294  5311 I InputDeviceManager: HANDTRACKING packagename is com.YourCompany.ToysGame
05-06 12:48:01.129  5294  5311 I InputDeviceManager: HANDTRACKING: feature flag set to 0
05-06 12:48:01.129  5294  5311 I VrRuntimeClient: HANDTRACKING sethandmanifest 0
05-06 12:48:01.131  2119  2588 I ScreenCaptureBase: GlobalInhibitState=0
05-06 12:48:01.131  5294  5311 D TrackingServiceConnectionNative: onClientConnect
05-06 12:48:01.131  5294  5311 D BinderConnection: Connecting to TrackingService
05-06 12:48:01.132  5294  5311 D TrackingServiceConnectionNative: onConnected
05-06 12:48:01.132   707   707 I TrackingService: TrackingService::getSharedMemoryFileDescriptor
05-06 12:48:01.132  5294  5311 I TrackingServiceClient: OVR::TrackingService::ClientSetInterface
05-06 12:48:01.132  5294  5311 I TrackingServiceClient: TrackingService client: roFd(73)
05-06 12:48:01.132  5294  5311 I TrackingServiceClient: TrackingService client: connected to interface version 11.
05-06 12:48:01.132   547   593 D msm8974_platform: platform_split_snd_device: snd_device(2) new_snd_devices (speaker)
05-06 12:48:01.132  5294  5311 I TrackingServiceClient: TrackingService client: last prediction time is 0.004757 seconds old
05-06 12:48:01.132  5294  5311 I TrackingServiceClient: TrackingService client: provided by pid=707
05-06 12:48:01.132   547   593 D ACDB-LOADER: ACDB -> send_audvoltable
05-06 12:48:01.132   547   593 D ACDB-LOADER: ACDB -> ACDB_CMD_GET_AUDPROC_GAIN_DEP_STEP_TABLE, vol index 5
05-06 12:48:01.132   547   593 D         : Failed to fetch the lookup information of the device 0000000F 
05-06 12:48:01.132   547   593 E ACDB-LOADER: Error: ACDB AudProc vol returned = -19
05-06 12:48:01.132   547   593 D ACDB-LOADER: ACDB -> AUDIO_SET_VOL_CAL cal type = 40
05-06 12:48:01.133   707   809 I TrackingService: TrackingService::registerClient
05-06 12:48:01.133   707   809 I TrackingService: Registering client with TrackingServiceHost
05-06 12:48:01.133   707   809 I TrackingService: Notifying client pid 5294 of new remote 3a76c3e46c301ef4
05-06 12:48:01.133  5294  5311 D TrackingServiceClient: TrackingServiceClient onRemoteConnected 3a76c3e46c301ef4
05-06 12:48:01.133   707   809 I TrackingService: Notifying client pid 5294 of new remote 6b7cbd986a24c226
05-06 12:48:01.134  5294  5311 D TrackingServiceClient: TrackingServiceClient onRemoteConnected 6b7cbd986a24c226
05-06 12:48:01.134   707   809 I TrackingService: TrackingServiceHost GetSharedMemoryFileDescriptor for client pid 5294
05-06 12:48:01.134   707   809 I TrackingService: TrackingServiceHost registered common client; there are 0 secure clients
05-06 12:48:01.134  5294  5311 I TrackingServiceClient: ClientConnectComplete
05-06 12:48:01.134  5294  5311 I VrApi   : ovrModeParms::VRAPI_MODE_FLAG_RESET_WINDOW_FULLSCREEN = 1
05-06 12:48:01.134  5294  5311 I VrApi   : ovrModeParms::VRAPI_MODE_FLAG_NATIVE_WINDOW = 1
05-06 12:48:01.134  5294  5311 I VrApi   : ovrModeParms::VRAPI_MODE_FLAG_FRONT_BUFFER_PROTECTED = 0
05-06 12:48:01.134  5294  5311 I VrApi   : ovrModeParms::VRAPI_MODE_FLAG_FRONT_BUFFER_565 = 0
05-06 12:48:01.134  5294  5311 I VrApi   : ovrModeParms::VRAPI_MODE_FLAG_FRONT_BUFFER_SRGB = 1
05-06 12:48:01.134  5294  5311 I VrApi   : ovrModeParms::VRAPI_MODE_FLAG_CREATE_CONTEXT_NO_ERROR = 0
05-06 12:48:01.134  5294  5311 I VrApi   : HMD sensor attached.
05-06 12:48:01.135  5294  5311 I VrApi   : Client side frame sync enabled
05-06 12:48:01.136  5294  5311 I DynamicClocks: cpu-freq(0): 979200Hz
05-06 12:48:01.136  5294  5311 I DynamicClocks: cpu-freq(1): 1344000Hz
05-06 12:48:01.136  5294  5311 I DynamicClocks: cpu-freq(2): 1651200Hz
05-06 12:48:01.136  5294  5311 I DynamicClocks: cpu-freq(3): 1958400Hz
05-06 12:48:01.136  5294  5311 I DynamicClocks: cpu-freq(4): 2304000Hz
05-06 12:48:01.137  5294  5311 I DynamicClocks: gpu-freq(0): 257000000Hz
05-06 12:48:01.137  5294  5311 I DynamicClocks: gpu-freq(1): 342000000Hz
05-06 12:48:01.137  5294  5311 I DynamicClocks: gpu-freq(2): 414000000Hz
05-06 12:48:01.137  5294  5311 I DynamicClocks: gpu-freq(3): 515000000Hz
05-06 12:48:01.137  5294  5311 I DynamicClocks: gpu-freq(4): 670000000Hz
05-06 12:48:01.137  5294  5311 I DynamicClocks: gpu-freq(5): 710000000Hz
05-06 12:48:01.137  5294  5311 D VrRuntimeClient: pokeGuardianUserServiceForThisClient: com.YourCompany.ToysGame:10092
05-06 12:48:01.140  5294  5311 D VrRuntimeClient: VrRuntimeClient: enableRendering: activity client
05-06 12:48:01.140  5294  5311 D VrRuntimeClient: VrRuntimeClient: enableRendering: Using clientWindow=android.os.BinderProxy@b1801f5
05-06 12:48:01.140  2119  2146 I ClientMgr: ClientMgr::SetPrimaryCompositorClient: com.YourCompany.ToysGame
05-06 12:48:01.140  2119  2146 I VrRuntimeServer: SetCompositorClientEnabled client(0): enabled(1) 0x7f6d80f010
05-06 12:48:01.140  2119  2146 I ClientMgr: ClientMgr::SetFocusedClient: com.YourCompany.ToysGame type 0
05-06 12:48:01.140  2119  2146 D VrRuntimeService: this client: 5294:com.YourCompany.ToysGame
05-06 12:48:01.140  2119  2146 D VrRuntimeService: enableRendering: clientWindow: android.os.BinderProxy@1749835 enable: true
05-06 12:48:01.140  2119  2146 I ClientMgr: ClientMgr::EnableRendering 5294:com.YourCompany.ToysGame : type 0 : enable
05-06 12:48:01.140  2119  2146 I VrRuntimeServer: SetCompositorClientEnabled client(0): enabled(1) 0x7f6d80f010
05-06 12:48:01.140  2134  2134 D VrGuardianUserService: onStartCommandIntent { act=FOREGROUND_CLIENT cmp=com.oculus.systemdriver/com.oculus.vrguardianservice.VrGuardianUserService (has extras) }
05-06 12:48:01.140  2119  2146 I TimeWarp: CheckDebuggerConnected: debugger 0
05-06 12:48:01.141  5294  5311 I VrRuntimeClient: CreateWarp: ImportVulkan: Fd=84, BufferSize=4096
05-06 12:48:01.141  5294  5311 I VrRuntimeClient: CreateWarp: ImportVulkan: bo.Vk.Buffer=546543464576, bo.Vk.Memory=546506482688, bo.Vk.Mapping=547619467264
05-06 12:48:01.142  5294  5311 I ScreenCaptureHelper: Advertising com.YourCompany.ToysGame as streamable
05-06 12:48:01.143  1777  1777 I OVRMediaService: onStartCommand Received message type: set_package_name, caller package: no_app_identity
05-06 12:48:01.143  5294  5311 I VrApi   : OVR::Stats thread started
05-06 12:48:01.143  1777  1777 I OVRMediaService: Got package name intent (com.YourCompany.ToysGame)
05-06 12:48:01.143  5294  5311 I VrApi   : ---------- vrapi_EnterVrMode [end] ----------
05-06 12:48:01.143  5294  5311 I ClientInputSettings: LatchBackButtonEntireFrame = false
05-06 12:48:01.143  5294  5311 I ClientInputSettings: BlockRemoteButtonsWhenNotEmulatingHMT = true
05-06 12:48:01.143  5294  5311 I ClientInputSettings: EatNativeGamepadEvents = false
05-06 12:48:01.143  5294  5311 D OVRPlugin: Registering utility receivers.
05-06 12:48:01.143  5294  5311 I ClientInputSettings: ReorientHMDOnControllerRecenter = true
05-06 12:48:01.143  5294  5311 D UE4     : [GameActivity] Registering volume receiver
05-06 12:48:01.146  2119  2296 I ClientMgr: Non-overlay clients rendering status has changed: prev=28, curr=29, enabled=3
05-06 12:48:01.146  2119  2296 I ClientMgr: DEADRECKONING deadReckoning mode on ClientMgr from server is 0
05-06 12:48:01.146  5294  5537 D UE4     : [2020.05.06-10.48.01:146][  0]LogHMD: Error: Splash ovrp_BeginFrame4 0 failed (-1003)
05-06 12:48:01.148  5294  5557 D VrApi   : targetSDKVersion 25
05-06 12:48:01.148  2119  5440 W TimeWarp: WarpToScreen: No completed frames to display for client 0. submittedFrameIndex = 381
05-06 12:48:01.149  5294  5311 D UE4     : [GameActivity] startVolumeReceiver: 10
05-06 12:48:01.149  5294  5311 D UE4     : nativeVolumeEvent(10)
05-06 12:48:01.149  5294  5311 D UE4     : [GameActivity] Registering battery receiver
05-06 12:48:01.151  5294  5557 I JniUtils: ovr_GetCurrentPackageSignature 
05-06 12:48:01.152  5294  5311 D UE4     : [GameActivity] Registering headset receiver
05-06 12:48:01.152  5294  5557 I Metrics : device name = Oculus Quest
05-06 12:48:01.152  5294  5311 D UE4     : [GameActivity] startHeadsetReceiver: 0
05-06 12:48:01.152  5294  5311 D UE4     : nativeHeadsetEvent(0)
05-06 12:48:01.152  5294  5311 D UE4     : [2020.05.06-10.48.01:152][  0]LogCore: Display: AppLifetime: Application has entered foreground
05-06 12:48:01.152  5294  5311 D UE4     : [2020.05.06-10.48.01:152][  0]LogUdpMessaging: Initializing bridge on interface 0.0.0.0:0 to multicast group 230.0.0.1:6666.
05-06 12:48:01.154  5294  5311 D UE4     : [2020.05.06-10.48.01:154][  0]LogTcpMessaging: Initializing TcpMessaging bridge, listening on 127.0.0.1:6666
05-06 12:48:01.155  5294  5311 D UE4     : [2020.05.06-10.48.01:155][  0]LogCore: Display: AppLifetime: Application has reactivated
05-06 12:48:01.155  5294  5311 D UE4     : [2020.05.06-10.48.01:155][  0]LogTemp: Android resume audio
05-06 12:48:01.155  5294  5311 D UE4     : [2020.05.06-10.48.01:155][  0]LogAudioMixerAndroid: Display: Resuming android audio renderer
05-06 12:48:01.157  5294  5311 D UE4     : [2020.05.06-10.48.01:157][  0]LogOcInput: OculusInput is initialized
05-06 12:48:01.157  5294  5311 D UE4     : [2020.05.06-10.48.01:157][  0]LogHMD: FSplash::OnHide
05-06 12:48:01.162  2119  5440 W TimeWarp: WarpToScreen: No completed frames to display for client 0. submittedFrameIndex = 381
05-06 12:48:01.165  5294  5538 D UE4     : *** JavaEnvDestructor: 5538
05-06 12:48:01.165  2110  2132 E Security-LocalReporter: UID '10043' is shared by multiple packages: [com.oculus.home, com.oculus.horizon]
05-06 12:48:01.165  2134  2186 I GuardianSystem: rsapi_PollEvent: rsEventPackageNameChange: com.YourCompany.ToysGame
05-06 12:48:01.166  5294  5537 D UE4     : *** JavaEnvDestructor: 5537
05-06 12:48:01.167  5294  5311 D UE4     : [2020.05.06-10.48.01:167][  0]LogAndroid: Display: Low Power Mode Changed: 0
05-06 12:48:01.172   547   593 D msm8974_platform: platform_split_snd_device: snd_device(2) new_snd_devices (speaker)
05-06 12:48:01.172   547   593 D ACDB-LOADER: ACDB -> send_audvoltable
05-06 12:48:01.172   547   593 D ACDB-LOADER: ACDB -> ACDB_CMD_GET_AUDPROC_GAIN_DEP_STEP_TABLE, vol index 3
05-06 12:48:01.172   547   593 D         : Failed to fetch the lookup information of the device 0000000F 
05-06 12:48:01.173   547   593 E ACDB-LOADER: Error: ACDB AudProc vol returned = -19
05-06 12:48:01.173   547   593 D ACDB-LOADER: ACDB -> AUDIO_SET_VOL_CAL cal type = 40
05-06 12:48:01.175  5294  5565 D UE4     : *** JavaEnvDestructor: 5565
05-06 12:48:01.175  2110  2132 I LibraryProvider: running queryApp(com.YourCompany.ToysGame) for com.oculus.uid:10043
05-06 12:48:01.175  2110  2132 W LibraryProvider: Cannot find entitlement for com.YourCompany.ToysGame
05-06 12:48:01.176  5294  5564 D UE4     : *** JavaEnvDestructor: 5564
05-06 12:48:01.176  1777  1777 W OVRLibrary: null cursor received for query content://com.oculus.ocms.library/apps/com.YourCompany.ToysGame
05-06 12:48:01.176  2119  5440 W TimeWarp: WarpToScreen: No completed frames to display for client 0. submittedFrameIndex = 381
05-06 12:48:01.177  5294  5311 D UE4     : [2020.05.06-10.48.01:177][  0]LogHMD: Setting user focus to game viewport since session status is visible...
05-06 12:48:01.177  5294  5311 D OVRPlugin: User present: 1
05-06 12:48:01.177  5294  5566 D UE4     : [2020.05.06-10.48.01:177][  0]LogRenderer: Reallocating scene render targets to support 1216x1344 Format 2 NumSamples 2 (Frame:2).
05-06 12:48:01.178  5294  5566 D UE4     : [2020.05.06-10.48.01:178][  0]LogHMD: Allocating Oculus 38 x 42 variable resolution swapchain
05-06 12:48:01.182  5294  5311 D UE4     : [2020.05.06-10.48.01:182][  0]LogSlate: InvalidateAllWidgets triggered.  All widgets were invalidated
05-06 12:48:01.190  2119  5440 W TimeWarp: WarpToScreen: No completed frames to display for client 0. submittedFrameIndex = 381
05-06 12:48:01.191  1826  1887 I [OAR] AudioMixer: Waiting for sound effect to complete
05-06 12:48:01.204  2119  5440 W TimeWarp: WarpToScreen: No completed frames to display for client 0. submittedFrameIndex = 381
05-06 12:48:01.205  2110  2304 E Security-LocalReporter: UID '10043' is shared by multiple packages: [com.oculus.home, com.oculus.horizon]
05-06 12:48:01.213  2110  2304 I LibraryProvider: running queryApp(com.YourCompany.ToysGame) for com.oculus.uid:10043
05-06 12:48:01.213  2110  2304 W LibraryProvider: Cannot find entitlement for com.YourCompany.ToysGame
05-06 12:48:01.213  1777  1777 W OVRLibrary: null cursor received for query content://com.oculus.ocms.library/apps/com.YourCompany.ToysGame
05-06 12:48:01.213  1777  1777 I PlatformPluginManager: onAppStart com.YourCompany.ToysGame false
05-06 12:48:01.213  1777  1777 I PlatformPluginManager: onAppStart - Stopping party chat passthrough
05-06 12:48:01.213  1777  1777 I PlatformPlugin: [PlatformPluginManager] SetSystemVoipPassthrough 0
05-06 12:48:01.214  1777  1777 I OVRPlatform: [PartyChatWebRTC] PartyChatSetPassthrough 0
05-06 12:48:01.214  1777  5377 I OVRPlatform: [PartyChatWebRTC] Updating playback mode to 1
05-06 12:48:01.214  1777  1777 I OVRPlatform: [PartiesAPI] ovr_Party_PluginGetSharedMemHandle: This function is deprecated, do not use
05-06 12:48:01.215  1777  1777 E OVRMediaServiceManager: LivestreamingManager Not initialized
05-06 12:48:01.215  1777  1777 I PlatformPluginManager: enforcePartyChatStateConsistency - got current party response: Party is null
05-06 12:48:01.215  1777  1777 I PlatformPluginManager: enforcePartyChatStateConsistency - User not in a party.
05-06 12:48:01.215  1777  1777 I PlatformPluginManager: stopPartyChat
05-06 12:48:01.215  1777  1777 I PlatformPlugin: [PlatformPluginManager] Stopping party chat
05-06 12:48:01.215  1777  1777 I OVRPlatform: [PartyChatInterchangeable] StopPartyChat
05-06 12:48:01.218  2119  5440 W TimeWarp: WarpToScreen: No completed frames to display for client 0. submittedFrameIndex = 381
05-06 12:48:01.231  2119  5440 W TimeWarp: WarpToScreen: No completed frames to display for client 0. submittedFrameIndex = 381
05-06 12:48:01.245  2119  5440 W TimeWarp: WarpToScreen: No completed frames to display for client 0. submittedFrameIndex = 381
05-06 12:48:01.259  2119  5440 W TimeWarp: WarpToScreen: No completed frames to display for client 0. submittedFrameIndex = 381
05-06 12:48:01.273  2119  5440 W TimeWarp: WarpToScreen: No completed frames to display for client 0. submittedFrameIndex = 381
05-06 12:48:01.283  1777  1777 I PlatformPluginManager: enforcePartyChatStateConsistency - got current party response: Party is null
05-06 12:48:01.283  1777  1777 I PlatformPluginManager: enforcePartyChatStateConsistency - User not in a party.
05-06 12:48:01.283  1777  1777 I PlatformPluginManager: stopPartyChat
05-06 12:48:01.283  1777  1777 I PlatformPlugin: [PlatformPluginManager] Stopping party chat
05-06 12:48:01.283  1777  1777 I OVRPlatform: [PartyChatInterchangeable] StopPartyChat
05-06 12:48:01.287  2119  5440 W TimeWarp: WarpToScreen: No completed frames to display for client 0. submittedFrameIndex = 381
05-06 12:48:01.291  1826  1887 I [OAR] AudioMixer: Waiting for sound effect to complete
05-06 12:48:01.301  2119  5440 W TimeWarp: WarpToScreen: No completed frames to display for client 0. submittedFrameIndex = 381
05-06 12:48:01.304  1826  5494 I VrApi   : FPS=70,Prd=45ms,Tear=0,Early=46,Stale=0,VSnc=1,Lat=1,Fov=0,CPU4/GPU=4/5,2304/670MHz,OC=FF,TA=0/3/0,SP=N/N/N,Mem=1804MHz,Free=1372MB,PSM=0,PLS=0,Temp=32.0C/0.0C,TW=2.28ms,App=6.62ms,GD=0.00ms,CPU&GPU=14.06ms,LCnt=4,GPU%=0.56,CPU%=0.13(W0.18),DSF=1.00
05-06 12:48:01.315  2119  5440 W TimeWarp: WarpToScreen: No completed frames to display for client 0. submittedFrameIndex = 381
05-06 12:48:01.329  2119  5440 W TimeWarp: WarpToScreen: No completed frames to display for client 0. submittedFrameIndex = 381
05-06 12:48:01.343  2119  5440 W TimeWarp: WarpToScreen: No completed frames to display for client 0. submittedFrameIndex = 381
05-06 12:48:01.357  2119  5440 W TimeWarp: WarpToScreen: No completed frames to display for client 0. submittedFrameIndex = 381
05-06 12:48:01.371  2119  5440 W TimeWarp: WarpToScreen: No completed frames to display for client 0. submittedFrameIndex = 381
05-06 12:48:01.377  5294  5566 D UE4     : [2020.05.06-10.48.01:377][  0]LogRenderer: Reallocating scene render targets to support 128x128 Format 2 NumSamples 4 (Frame:2).
05-06 12:48:01.385  2119  5440 W TimeWarp: WarpToScreen: No completed frames to display for client 0. submittedFrameIndex = 381
05-06 12:48:01.392  1826  1887 I [OAR] AudioMixer: Waiting for sound effect to complete
05-06 12:48:01.398  5294  5566 D UE4     : Ensure condition failed: Layout == VK_IMAGE_LAYOUT_SHARED_PRESENT_KHR || Layout == VK_IMAGE_LAYOUT_DEPTH_READ_ONLY_STENCIL_ATTACHMENT_OPTIMAL || Layout == VK_IMAGE_LAYOUT_DEPTH_ATTACHMENT_STENCIL_READ_ONLY_OPTIMAL || Layout == VK_IMAGE_LAYOUT_DEPTH_STENCIL_READ_ONLY_OPTIMAL || Layout == VK_IMAGE_LAYOUT_SHADER_READ_ONLY_OPTIMAL || Layout == VK_IMAGE_LAYOUT_GENERAL [File:D:/Build/++UE4/Sync/Engine/Source/Runtime/VulkanRHI/Private/VulkanDescriptorSets.h] [Line: 1103] 
05-06 12:48:01.398  5294  5566 D UE4     : Invalid Layout 0, Index 2, Type 1
