05-05 16:56:10.229   715 12860 I [CT]    : MANAGEMENT:CONSTELLATION: Status=GREEN,, Obj=4212769887286730484,6DOF=1,Issues(Cam/min=  0,IMU/min=0), Obj=7745273921483883046,6DOF=1,FusJit=0.0mm,Issues(Cam/min=  0,IMU/min=0)
05-05 16:56:10.253   715 12852 I [CT]    : L:Behavior:AtRest: activated
05-05 16:56:10.253   715 12852 I [CT]    : AdHocPatch: [Left] t = 38.800s, behavior transition: None -> AtRest at 38.846s
05-05 16:56:10.255  2129  2185 I GuardianSystem: UpdateGuardianSystemState: Flags changed: 532480, 524288
05-05 16:56:10.264   715 12852 I [CT]    : L:Behavior:AtRest: deactivated
05-05 16:56:10.264   715 12852 I [CT]    : AdHocPatch: [Left] t = 38.810s, behavior transition: AtRest -> None at 38.856s
05-05 16:56:10.269  2129  2185 I GuardianSystem: UpdateGuardianSystemState: Flags changed: 524288, 532480
05-05 16:56:10.283   715 12852 I [CT]    : L:Behavior:AtRest: activated
05-05 16:56:10.283   715 12852 I [CT]    : AdHocPatch: [Left] t = 38.830s, behavior transition: None -> AtRest at 38.876s
05-05 16:56:10.295   715 12852 I [CT]    : L:Behavior:AtRest: deactivated
05-05 16:56:10.295   715 12852 I [CT]    : AdHocPatch: [Left] t = 38.842s, behavior transition: AtRest -> None at 38.888s
05-05 16:56:10.311   715 12852 I [CT]    : L:Behavior:AtRest: activated
05-05 16:56:10.311   715 12852 I [CT]    : AdHocPatch: [Left] t = 38.858s, behavior transition: None -> AtRest at 38.904s
05-05 16:56:10.317   715 12852 I [CT]    : L:Behavior:AtRest: deactivated
05-05 16:56:10.317   715 12852 I [CT]    : AdHocPatch: [Left] t = 38.864s, behavior transition: AtRest -> None at 38.910s
05-05 16:56:10.653   715 12852 I [CT]    : L:Behavior:AtRest: activated
05-05 16:56:10.653   715 12852 I [CT]    : AdHocPatch: [Left] t = 39.198s, behavior transition: None -> AtRest at 39.248s
05-05 16:56:10.663  2129  2185 I GuardianSystem: UpdateGuardianSystemState: Flags changed: 532480, 524288
05-05 16:56:10.671   715 12852 I [CT]    : L:Behavior:AtRest: deactivated
05-05 16:56:10.671   715 12852 I [CT]    : AdHocPatch: [Left] t = 39.216s, behavior transition: AtRest -> None at 39.266s
05-05 16:56:10.677  2129  2185 I GuardianSystem: UpdateGuardianSystemState: Flags changed: 524288, 532480
05-05 16:56:10.737 12756 13035 I VrApi   : FPS=53,Prd=44ms,Tear=0,Early=0,Stale=68,VSnc=1,Lat=1,Fov=0,CPU4/GPU=4/5,2304/710MHz,OC=FF,TA=0/E0/E0,SP=N/F/F,Mem=1804MHz,Free=1234MB,PSM=0,PLS=0,Temp=32.0C/0.0C,TW=1.83ms,App=19.60ms,GD=3.04ms,CPU&GPU=30.42ms,LCnt=1,GPU%=0.99,CPU%=0.19(W0.24),DSF=1.00
05-05 16:56:10.835   715 12852 I [CT]    : L:Behavior:AtRest: activated
05-05 16:56:10.835   715 12852 I [CT]    : AdHocPatch: [Left] t = 39.380s, behavior transition: None -> AtRest at 39.430s
05-05 16:56:10.847  2129  2185 I GuardianSystem: UpdateGuardianSystemState: Flags changed: 532480, 524288
05-05 16:56:10.849   715 12852 I [CT]    : L:Behavior:AtRest: deactivated
05-05 16:56:10.849   715 12852 I [CT]    : AdHocPatch: [Left] t = 39.394s, behavior transition: AtRest -> None at 39.444s
05-05 16:56:10.864   715 12852 I [CT]    : L:Behavior:AtRest: activated
05-05 16:56:10.864   715 12852 I [CT]    : AdHocPatch: [Left] t = 39.408s, behavior transition: None -> AtRest at 39.458s
05-05 16:56:10.865  2129  2185 I GuardianSystem: UpdateGuardianSystemState: Flags changed: 524288, 532480
05-05 16:56:10.871   715 12852 I [CT]    : L:Behavior:AtRest: deactivated
05-05 16:56:10.871   715 12852 I [CT]    : AdHocPatch: [Left] t = 39.416s, behavior transition: AtRest -> None at 39.466s
05-05 16:56:10.893   715 12852 I [CT]    : L:Behavior:AtRest: activated
05-05 16:56:10.893   715 12852 I [CT]    : AdHocPatch: [Left] t = 39.438s, behavior transition: None -> AtRest at 39.488s
05-05 16:56:10.910  2129  2185 I GuardianSystem: UpdateGuardianSystemState: Flags changed: 532480, 524288
05-05 16:56:11.001   715 12852 I [CT]    : L:Behavior:AtRest: deactivated
05-05 16:56:11.001   715 12852 I [CT]    : AdHocPatch: [Left] t = 39.546s, behavior transition: AtRest -> None at 39.595s
05-05 16:56:11.020  2129  2185 I GuardianSystem: UpdateGuardianSystemState: Flags changed: 524288, 532480
05-05 16:56:11.053  2129  2375 W VrApi   : ovr_SubmitFrameInternal: FrameIndex discontinuity: Expected 50195, Received 50199
05-05 16:56:11.227   715 12852 I [CT]    : L:Behavior:AtRest: activated
05-05 16:56:11.227   715 12852 I [CT]    : AdHocPatch: [Left] t = 39.772s, behavior transition: None -> AtRest at 39.821s
05-05 16:56:11.237  2129  2185 I GuardianSystem: UpdateGuardianSystemState: Flags changed: 532480, 524288
05-05 16:56:11.239   715 12852 I [CT]    : L:Behavior:AtRest: deactivated
05-05 16:56:11.239   715 12852 I [CT]    : AdHocPatch: [Left] t = 39.784s, behavior transition: AtRest -> None at 39.833s
05-05 16:56:11.250  2129  2185 I GuardianSystem: UpdateGuardianSystemState: Flags changed: 524288, 532480
05-05 16:56:11.255   715 12852 I [CT]    : L:Behavior:AtRest: activated
05-05 16:56:11.255   715 12852 I [CT]    : AdHocPatch: [Left] t = 39.800s, behavior transition: None -> AtRest at 39.849s
05-05 16:56:11.266  2129  2185 I GuardianSystem: UpdateGuardianSystemState: Flags changed: 532480, 524288
05-05 16:56:11.341   715 12852 I [CT]    : L:Behavior:AtRest: deactivated
05-05 16:56:11.341   715 12852 I [CT]    : AdHocPatch: [Left] t = 39.884s, behavior transition: AtRest -> None at 39.933s
05-05 16:56:11.348  2129  2185 I GuardianSystem: UpdateGuardianSystemState: Flags changed: 524288, 532480
05-05 16:56:11.349   715 12852 I [CT]    : L:Behavior:AtRest: activated
05-05 16:56:11.349   715 12852 I [CT]    : AdHocPatch: [Left] t = 39.894s, behavior transition: None -> AtRest at 39.943s
05-05 16:56:11.367   715 12852 I [CT]    : L:Behavior:AtRest: deactivated
05-05 16:56:11.367   715 12852 I [CT]    : AdHocPatch: [Left] t = 39.912s, behavior transition: AtRest -> None at 39.961s
05-05 16:56:11.379   715 12861 I [CT]    : VIPER:MAP_MANAGER: State: TRACKING_PERSISTENT, UUID=d18585e8-d288-4997-b6ff-78495c7eed6a, Num. Persistent maps = 1,  Persistent maps:d18585e8-d288-4997-b6ff-78495c7eed6a,, Ser. Disabled = 00000000-0000-0000-0000-000000000000
05-05 16:56:11.390  2129  2375 W VrApi   : ovr_SubmitFrameInternal: FrameIndex discontinuity: Expected 50216, Received 50219
05-05 16:56:11.418   715 12861 I [CT]    : VIPER: Status=6DoF,TRACKING,KF=132,Inl=260,Pts=372,Jit=0.1mm,Issues(Cam/min=0.0,IMU/min=0.0),Exp=(10.9ms,g=13.0,I=71)(7.7ms,g=10.0,I=68)(10.9ms,g=13.0,I=68)(7.2ms,g=9.0,I=69)
05-05 16:56:11.541   715 12852 I [CT]    : L:Behavior:AtRest: activated
05-05 16:56:11.541   715 12852 I [CT]    : AdHocPatch: [Left] t = 40.084s, behavior transition: None -> AtRest at 40.133s
05-05 16:56:11.546  2129  2185 I GuardianSystem: UpdateGuardianSystemState: Flags changed: 532480, 524288
05-05 16:56:11.549   715 12852 I [CT]    : L:Behavior:AtRest: deactivated
05-05 16:56:11.549   715 12852 I [CT]    : AdHocPatch: [Left] t = 40.094s, behavior transition: AtRest -> None at 40.143s
05-05 16:56:11.559  2129  2185 I GuardianSystem: UpdateGuardianSystemState: Flags changed: 524288, 532480
05-05 16:56:11.563   715 12852 I [CT]    : L:Behavior:AtRest: activated
05-05 16:56:11.563   715 12852 I [CT]    : AdHocPatch: [Left] t = 40.108s, behavior transition: None -> AtRest at 40.157s
05-05 16:56:11.574  2129  2185 I GuardianSystem: UpdateGuardianSystemState: Flags changed: 532480, 524288
05-05 16:56:11.577   715 12852 I [CT]    : L:Behavior:AtRest: deactivated
05-05 16:56:11.577   715 12852 I [CT]    : AdHocPatch: [Left] t = 40.122s, behavior transition: AtRest -> None at 40.171s
05-05 16:56:11.588  2129  2185 I GuardianSystem: UpdateGuardianSystemState: Flags changed: 524288, 532480
05-05 16:56:11.593   715 12852 I [CT]    : L:Behavior:AtRest: activated
05-05 16:56:11.593   715 12852 I [CT]    : AdHocPatch: [Left] t = 40.138s, behavior transition: None -> AtRest at 40.187s
05-05 16:56:11.602  2129  2185 I GuardianSystem: UpdateGuardianSystemState: Flags changed: 532480, 524288
05-05 16:56:11.665   715 12852 I [CT]    : L:Behavior:AtRest: deactivated
05-05 16:56:11.665   715 12852 I [CT]    : AdHocPatch: [Left] t = 40.210s, behavior transition: AtRest -> None at 40.259s
05-05 16:56:11.683  2129  2185 I GuardianSystem: UpdateGuardianSystemState: Flags changed: 524288, 532480
05-05 16:56:11.716  2129  2375 W VrApi   : ovr_SubmitFrameInternal: FrameIndex discontinuity: Expected 50236, Received 50239
05-05 16:56:11.737 12756 13035 I VrApi   : FPS=50,Prd=44ms,Tear=0,Early=0,Stale=55,VSnc=1,Lat=1,Fov=0,CPU4/GPU=4/5,2304/710MHz,OC=FF,TA=0/E0/E0,SP=N/F/F,Mem=1804MHz,Free=1232MB,PSM=0,PLS=0,Temp=32.0C/0.0C,TW=1.42ms,App=19.97ms,GD=2.11ms,CPU&GPU=32.49ms,LCnt=1,GPU%=0.95,CPU%=0.24(W0.33),DSF=1.00
05-05 16:56:11.779   715 12852 I [CT]    : L:Behavior:AtRest: activated
05-05 16:56:11.779   715 12852 I [CT]    : AdHocPatch: [Left] t = 40.324s, behavior transition: None -> AtRest at 40.372s
05-05 16:56:11.788  2129  2185 I GuardianSystem: UpdateGuardianSystemState: Flags changed: 532480, 524288
05-05 16:56:11.789   715 12852 I [CT]    : L:Behavior:AtRest: deactivated
05-05 16:56:11.789   715 12852 I [CT]    : AdHocPatch: [Left] t = 40.334s, behavior transition: AtRest -> None at 40.382s
05-05 16:56:11.801  2129  2185 I GuardianSystem: UpdateGuardianSystemState: Flags changed: 524288, 532480
05-05 16:56:11.805   715 12852 I [CT]    : L:Behavior:AtRest: activated
05-05 16:56:11.805   715 12852 I [CT]    : AdHocPatch: [Left] t = 40.350s, behavior transition: None -> AtRest at 40.398s
05-05 16:56:11.815  2129  2185 I GuardianSystem: UpdateGuardianSystemState: Flags changed: 532480, 524288
05-05 16:56:11.824   715 12852 I [CT]    : L:Behavior:AtRest: deactivated
05-05 16:56:11.824   715 12852 I [CT]    : AdHocPatch: [Left] t = 40.366s, behavior transition: AtRest -> None at 40.414s
05-05 16:56:11.830  2129  2185 I GuardianSystem: UpdateGuardianSystemState: Flags changed: 524288, 532480
05-05 16:56:11.868   715 12852 I [CT]    : L:Behavior:AtRest: activated
05-05 16:56:11.869   715 12852 I [CT]    : AdHocPatch: [Left] t = 40.415s, behavior transition: None -> AtRest at 40.462s
05-05 16:56:11.871  2129  2185 I GuardianSystem: UpdateGuardianSystemState: Flags changed: 532480, 524288
05-05 16:56:11.913   715 12852 I [CT]    : L:Behavior:AtRest: deactivated
05-05 16:56:11.913   715 12852 I [CT]    : AdHocPatch: [Left] t = 40.459s, behavior transition: AtRest -> None at 40.506s
05-05 16:56:11.918  2129  2185 I GuardianSystem: UpdateGuardianSystemState: Flags changed: 524288, 532480
05-05 16:56:11.927   715 12852 I [CT]    : L:Behavior:AtRest: activated
05-05 16:56:11.927   715 12852 I [CT]    : AdHocPatch: [Left] t = 40.473s, behavior transition: None -> AtRest at 40.520s
05-05 16:56:11.944   715 12852 I [CT]    : L:Behavior:AtRest: deactivated
05-05 16:56:11.944   715 12852 I [CT]    : AdHocPatch: [Left] t = 40.489s, behavior transition: AtRest -> None at 40.536s
05-05 16:56:11.952  2129  2375 W VrApi   : ovr_SubmitFrameInternal: FrameIndex discontinuity: Expected 50252, Received 50254
05-05 16:56:11.955   715 12852 I [CT]    : L:Behavior:AtRest: activated
05-05 16:56:11.955   715 12852 I [CT]    : AdHocPatch: [Left] t = 40.501s, behavior transition: None -> AtRest at 40.548s
05-05 16:56:11.968  2129  2185 I GuardianSystem: UpdateGuardianSystemState: Flags changed: 532480, 524288
05-05 16:56:11.969   715 12852 I [CT]    : L:Behavior:AtRest: deactivated
05-05 16:56:11.969   715 12852 I [CT]    : AdHocPatch: [Left] t = 40.515s, behavior transition: AtRest -> None at 40.562s
05-05 16:56:11.986  2129  2185 I GuardianSystem: UpdateGuardianSystemState: Flags changed: 524288, 532480
05-05 16:56:12.043 12756 12775 D UE4     : [GameActivity] Used memory: 748361
05-05 16:56:12.083   715 12852 I [CT]    : L:Behavior:AtRest: activated
05-05 16:56:12.083   715 12852 I [CT]    : AdHocPatch: [Left] t = 40.629s, behavior transition: None -> AtRest at 40.676s
05-05 16:56:12.094  2129  2185 I GuardianSystem: UpdateGuardianSystemState: Flags changed: 532480, 524288
05-05 16:56:12.123   715 12852 I [CT]    : L:Behavior:AtRest: deactivated
05-05 16:56:12.123   715 12852 I [CT]    : AdHocPatch: [Left] t = 40.669s, behavior transition: AtRest -> None at 40.716s
05-05 16:56:12.142  2129  2185 I GuardianSystem: UpdateGuardianSystemState: Flags changed: 524288, 532480
05-05 16:56:12.179  2129  2375 W VrApi   : ovr_SubmitFrameInternal: FrameIndex discontinuity: Expected 50266, Received 50268
05-05 16:56:12.477   715 12852 I [CT]    : L:Behavior:AtRest: activated
05-05 16:56:12.477   715 12852 I [CT]    : AdHocPatch: [Left] t = 41.023s, behavior transition: None -> AtRest at 41.072s
05-05 16:56:12.488  2129  2185 I GuardianSystem: UpdateGuardianSystemState: Flags changed: 532480, 524288
05-05 16:56:12.489   715 12852 I [CT]    : L:Behavior:AtRest: deactivated
05-05 16:56:12.489   715 12852 I [CT]    : AdHocPatch: [Left] t = 41.035s, behavior transition: AtRest -> None at 41.084s
05-05 16:56:12.502  2129  2185 I GuardianSystem: UpdateGuardianSystemState: Flags changed: 524288, 532480
05-05 16:56:12.510   715 12852 I [CT]    : L:Behavior:AtRest: activated
05-05 16:56:12.511   715 12852 I [CT]    : AdHocPatch: [Left] t = 41.057s, behavior transition: None -> AtRest at 41.106s
05-05 16:56:12.515   715 12852 I [CT]    : L:Behavior:AtRest: deactivated
05-05 16:56:12.515   715 12852 I [CT]    : AdHocPatch: [Left] t = 41.061s, behavior transition: AtRest -> None at 41.110s
05-05 16:56:12.739 12756 13035 I VrApi   : FPS=53,Prd=44ms,Tear=0,Early=0,Stale=51,VSnc=1,Lat=1,Fov=0,CPU4/GPU=4/5,2304/710MHz,OC=FF,TA=0/E0/E0,SP=N/F/F,Mem=1804MHz,Free=1232MB,PSM=0,PLS=0,Temp=32.0C/0.0C,TW=1.58ms,App=16.46ms,GD=2.45ms,CPU&GPU=29.10ms,LCnt=1,GPU%=0.97,CPU%=0.18(W0.30),DSF=1.00
05-05 16:56:12.745   715 12852 I [CT]    : L:Behavior:AtRest: activated
05-05 16:56:12.745   715 12852 I [CT]    : AdHocPatch: [Left] t = 41.291s, behavior transition: None -> AtRest at 41.339s
05-05 16:56:12.755  2129  2185 I GuardianSystem: UpdateGuardianSystemState: Flags changed: 532480, 524288
05-05 16:56:12.797   715 12852 I [CT]    : L:Behavior:AtRest: deactivated
05-05 16:56:12.797   715 12852 I [CT]    : AdHocPatch: [Left] t = 41.343s, behavior transition: AtRest -> None at 41.391s
05-05 16:56:12.807  2129  2185 I GuardianSystem: UpdateGuardianSystemState: Flags changed: 524288, 532480
05-05 16:56:12.809   715 12852 I [CT]    : L:Behavior:AtRest: activated
05-05 16:56:12.809   715 12852 I [CT]    : AdHocPatch: [Left] t = 41.355s, behavior transition: None -> AtRest at 41.403s
05-05 16:56:12.837  2129  2375 W VrApi   : ovr_SubmitFrameInternal: FrameIndex discontinuity: Expected 50311, Received 50313
05-05 16:56:12.838  2129  2185 I GuardianSystem: UpdateGuardianSystemState: Flags changed: 532480, 524288
05-05 16:56:12.887   715 12852 I [CT]    : L:Behavior:AtRest: deactivated
05-05 16:56:12.887   715 12852 I [CT]    : AdHocPatch: [Left] t = 41.433s, behavior transition: AtRest -> None at 41.481s
05-05 16:56:12.889  2129  2185 I GuardianSystem: UpdateGuardianSystemState: Flags changed: 524288, 532480
05-05 16:56:12.905   715 12852 I [CT]    : L:Behavior:AtRest: activated
05-05 16:56:12.905   715 12852 I [CT]    : AdHocPatch: [Left] t = 41.451s, behavior transition: None -> AtRest at 41.499s
05-05 16:56:12.915   715 12852 I [CT]    : L:Behavior:AtRest: deactivated
05-05 16:56:12.915   715 12852 I [CT]    : AdHocPatch: [Left] t = 41.461s, behavior transition: AtRest -> None at 41.509s
05-05 16:56:12.921  2129  2375 W VrApi   : ovr_SubmitFrameInternal: FrameIndex discontinuity: Expected 50315, Received 50317
05-05 16:56:13.121   715 12852 I [CT]    : L:Behavior:AtRest: activated
05-05 16:56:13.121   715 12852 I [CT]    : AdHocPatch: [Left] t = 41.667s, behavior transition: None -> AtRest at 41.715s
05-05 16:56:13.134  2129  2185 I GuardianSystem: UpdateGuardianSystemState: Flags changed: 532480, 524288
05-05 16:56:13.139   715 12861 I [CT]    : HealthReport: ==================================================
05-05 16:56:13.139   715 12861 I [CT]    : Health Report
05-05 16:56:13.139   715 12861 I [CT]    : -------------
05-05 16:56:13.139   715 12861 I [CT]    : 
05-05 16:56:13.139   715 12861 I [CT]    : Reporter #1 (InsideOutHealthMonitor) summary:
05-05 16:56:13.139   715 12861 I [CT]    : Camera: Total Dropped: 0.000000, Total Frame Count: 1034 (0.000000%), Camera Reset Count: 0
05-05 16:56:13.139   715 12861 I [CT]    : Camera: Total Single Camera Frame Dropped: 0, Total Frame Count: 1034 (0.000000%)
05-05 16:56:13.139   715 12861 I [CT]    : IMU: Total Dropped: 0.000000, Total Sample Count: 41582 (0.000000%)
05-05 16:56:13.139   715 12861 I [CT]    : Magnetometer: Total Dropped: 0.000000, Total Sample Count: 1248 (0.000000%)
05-05 16:56:13.139   715 12861 I [CT]    : 
05-05 16:56:13.139   715 12861 I [CT]    : Reporter #1 (InsideOutHealthMonitor) Passed
05-05 16:56:13.139   715 12861 I [CT]    : --------------------------------------------------
05-05 16:56:13.139   715 12861 I [CT]    : Reporter #2 (ConstellationHealthMonitor) summary:
05-05 16:56:13.139   715 12861 I [CT]    : Camera: Total Dropped: 0.000000, Total Frame Count: 1035 (0.000000%), Camera Reset Count: 1
05-05 16:56:13.139   715 12861 I [CT]    : Camera: Total Single Camera Frame Dropped: 0, Total Frame Count: 1035 (0.000000%)
05-05 16:56:13.139   715 12861 I [CT]    : Controller 4212769887286730484:
05-05 16:56:13.139   715 12861 I [CT]    : IMU: Capture period exceeded threshold.  Largest period: 1.097438 sec
05-05 16:56:13.139   715 12861 I [CT]    : Controllers may have been sleeping
05-05 16:56:13.139   715 12861 I [CT]    : IMU: Total Dropped: 0.000000, Total Sample Count: 20296.268500 (0.000000%)
05-05 16:56:13.139   715 12861 I [CT]    : Controller 7745273921483883046:
05-05 16:56:13.139   715 12861 I [CT]    : I
05-05 16:56:13.163   715 12852 I [CT]    : L:Behavior:AtRest: deactivated
05-05 16:56:13.163   715 12852 I [CT]    : AdHocPatch: [Left] t = 41.709s, behavior transition: AtRest -> None at 41.757s
05-05 16:56:13.177   715 12852 I [CT]    : L:Behavior:AtRest: activated
05-05 16:56:13.177   715 12852 I [CT]    : AdHocPatch: [Left] t = 41.723s, behavior transition: None -> AtRest at 41.771s
05-05 16:56:13.191   715 12852 I [CT]    : L:Behavior:AtRest: deactivated
05-05 16:56:13.191   715 12852 I [CT]    : AdHocPatch: [Left] t = 41.737s, behavior transition: AtRest -> None at 41.785s
05-05 16:56:13.217  2129  2185 I GuardianSystem: UpdateGuardianSystemState: Flags changed: 524288, 532480
05-05 16:56:13.249  2129  2375 W VrApi   : ovr_SubmitFrameInternal: FrameIndex discontinuity: Expected 50334, Received 50337
05-05 16:56:13.335   715 12852 I [CT]    : L:Behavior:AtRest: activated
05-05 16:56:13.335   715 12852 I [CT]    : AdHocPatch: [Left] t = 41.881s, behavior transition: None -> AtRest at 41.929s
05-05 16:56:13.345   715 12852 I [CT]    : L:Behavior:AtRest: deactivated
05-05 16:56:13.345   715 12852 I [CT]    : AdHocPatch: [Left] t = 41.891s, behavior transition: AtRest -> None at 41.939s
05-05 16:56:13.361   715 12852 I [CT]    : L:Behavior:AtRest: activated
05-05 16:56:13.361   715 12852 I [CT]    : AdHocPatch: [Left] t = 41.907s, behavior transition: None -> AtRest at 41.954s
05-05 16:56:13.362  2129  2185 I GuardianSystem: UpdateGuardianSystemState: Flags changed: 532480, 524288
05-05 16:56:13.368   715 12852 I [CT]    : L:Behavior:AtRest: deactivated
05-05 16:56:13.369   715 12852 I [CT]    : AdHocPatch: [Left] t = 41.915s, behavior transition: AtRest -> None at 41.962s
05-05 16:56:13.375  2129  2185 I GuardianSystem: UpdateGuardianSystemState: Flags changed: 524288, 532480
05-05 16:56:13.483   715 12852 I [CT]    : L:Behavior:AtRest: activated
05-05 16:56:13.483   715 12852 I [CT]    : AdHocPatch: [Left] t = 42.029s, behavior transition: None -> AtRest at 42.076s
05-05 16:56:13.489  2129  2185 I GuardianSystem: UpdateGuardianSystemState: Flags changed: 532480, 524288
05-05 16:56:13.491   715 12852 I [CT]    : L:Behavior:AtRest: deactivated
05-05 16:56:13.491   715 12852 I [CT]    : AdHocPatch: [Left] t = 42.037s, behavior transition: AtRest -> None at 42.084s
05-05 16:56:13.502  2129  2185 I GuardianSystem: UpdateGuardianSystemState: Flags changed: 524288, 532480
05-05 16:56:13.531   715 12798 I [CT]    : boltlib: DSP utilization(%): 15
05-05 16:56:13.607   715 12852 I [CT]    : L:Behavior:AtRest: activated
05-05 16:56:13.607   715 12852 I [CT]    : AdHocPatch: [Left] t = 42.153s, behavior transition: None -> AtRest at 42.200s
05-05 16:56:13.611   715 12852 I [CT]    : L:Behavior:AtRest: deactivated
05-05 16:56:13.611   715 12852 I [CT]    : AdHocPatch: [Left] t = 42.157s, behavior transition: AtRest -> None at 42.204s
05-05 16:56:13.697   715 12852 I [CT]    : L:Behavior:AtRest: activated
05-05 16:56:13.697   715 12852 I [CT]    : AdHocPatch: [Left] t = 42.243s, behavior transition: None -> AtRest at 42.290s
05-05 16:56:13.703  2129  2185 I GuardianSystem: UpdateGuardianSystemState: Flags changed: 532480, 524288
05-05 16:56:13.711   715 12852 I [CT]    : L:Behavior:AtRest: deactivated
05-05 16:56:13.711   715 12852 I [CT]    : AdHocPatch: [Left] t = 42.257s, behavior transition: AtRest -> None at 42.304s
05-05 16:56:13.717  2129  2185 I GuardianSystem: UpdateGuardianSystemState: Flags changed: 524288, 532480
05-05 16:56:13.725   715 12852 I [CT]    : L:Behavior:AtRest: activated
05-05 16:56:13.725   715 12852 I [CT]    : AdHocPatch: [Left] t = 42.271s, behavior transition: None -> AtRest at 42.318s
05-05 16:56:13.736  2129  2185 I GuardianSystem: UpdateGuardianSystemState: Flags changed: 532480, 524288
05-05 16:56:13.738 12756 13035 I VrApi   : FPS=54,Prd=44ms,Tear=0,Early=0,Stale=58,VSnc=1,Lat=1,Fov=0,CPU4/GPU=4/5,2304/710MHz,OC=FF,TA=0/E0/E0,SP=N/F/F,Mem=1804MHz,Free=1235MB,PSM=0,PLS=0,Temp=32.0C/0.0C,TW=1.80ms,App=19.38ms,GD=3.07ms,CPU&GPU=29.13ms,LCnt=1,GPU%=0.94,CPU%=0.25(W0.30),DSF=1.00
05-05 16:56:13.741   715 12852 I [CT]    : L:Behavior:AtRest: deactivated
05-05 16:56:13.741   715 12852 I [CT]    : AdHocPatch: [Left] t = 42.285s, behavior transition: AtRest -> None at 42.332s
05-05 16:56:13.746  2129  2185 I GuardianSystem: UpdateGuardianSystemState: Flags changed: 524288, 532480
05-05 16:56:13.828   715 12860 I [CT]    : MANAGEMENT:CONSTELLATION: Status=GREEN,, Obj=4212769887286730484,6DOF=1,Issues(Cam/min=  0,IMU/min=0), Obj=7745273921483883046,6DOF=1,FusJit=0.0mm,Issues(Cam/min=  0,IMU/min=0)
05-05 16:56:13.880   715 12852 I [CT]    : L:Behavior:AtRest: activated
05-05 16:56:13.881   715 12852 I [CT]    : AdHocPatch: [Left] t = 42.427s, behavior transition: None -> AtRest at 42.476s
05-05 16:56:13.887  2129  2185 I GuardianSystem: UpdateGuardianSystemState: Flags changed: 532480, 524288
05-05 16:56:13.897   715 12852 I [CT]    : L:Behavior:AtRest: deactivated
05-05 16:56:13.897   715 12852 I [CT]    : AdHocPatch: [Left] t = 42.443s, behavior transition: AtRest -> None at 42.492s
05-05 16:56:13.902  2129  2185 I GuardianSystem: UpdateGuardianSystemState: Flags changed: 524288, 532480
05-05 16:56:13.909   715 12852 I [CT]    : L:Behavior:AtRest: activated
05-05 16:56:13.909   715 12852 I [CT]    : AdHocPatch: [Left] t = 42.455s, behavior transition: None -> AtRest at 42.504s
05-05 16:56:13.914  2129  2185 I GuardianSystem: UpdateGuardianSystemState: Flags changed: 532480, 524288
05-05 16:56:13.953   715 12852 I [CT]    : L:Behavior:AtRest: deactivated
05-05 16:56:13.953   715 12852 I [CT]    : AdHocPatch: [Left] t = 42.499s, behavior transition: AtRest -> None at 42.548s
05-05 16:56:13.962  2129  2185 I GuardianSystem: UpdateGuardianSystemState: Flags changed: 524288, 532480
05-05 16:56:13.969   715 12852 I [CT]    : L:Behavior:AtRest: activated
05-05 16:56:13.969   715 12852 I [CT]    : AdHocPatch: [Left] t = 42.515s, behavior transition: None -> AtRest at 42.564s
05-05 16:56:13.986  2129 12917 I Telemetry: App memory usage: PSS=59MB DalvikPSS=1 MB
05-05 16:56:13.994  2129  2375 W VrApi   : ovr_SubmitFrameInternal: FrameIndex discontinuity: Expected 50386, Received 50388
05-05 16:56:13.995  2129  2185 I GuardianSystem: UpdateGuardianSystemState: Flags changed: 532480, 524288
05-05 16:56:14.041   715 12852 I [CT]    : L:Behavior:AtRest: deactivated
05-05 16:56:14.041   715 12852 I [CT]    : AdHocPatch: [Left] t = 42.587s, behavior transition: AtRest -> None at 42.636s
05-05 16:56:14.045  2129  2185 I GuardianSystem: UpdateGuardianSystemState: Flags changed: 524288, 532480
05-05 16:56:14.077  2129  2375 W VrApi   : ovr_SubmitFrameInternal: FrameIndex discontinuity: Expected 50390, Received 50392
05-05 16:56:14.305   715 12852 I [CT]    : L:Behavior:AtRest: activated
05-05 16:56:14.305   715 12852 I [CT]    : AdHocPatch: [Left] t = 42.851s, behavior transition: None -> AtRest at 42.899s
05-05 16:56:14.317  2129  2185 I GuardianSystem: UpdateGuardianSystemState: Flags changed: 532480, 524288
05-05 16:56:14.407   715 12852 I [CT]    : L:Behavior:AtRest: deactivated
05-05 16:56:14.407   715 12852 I [CT]    : AdHocPatch: [Left] t = 42.953s, behavior transition: AtRest -> None at 43.001s
05-05 16:56:14.432  2129  2185 I GuardianSystem: UpdateGuardianSystemState: Flags changed: 524288, 532480
05-05 16:56:14.464  2129  2375 W VrApi   : ovr_SubmitFrameInternal: FrameIndex discontinuity: Expected 50411, Received 50415
05-05 16:56:14.641   715 12852 I [CT]    : L:Behavior:AtRest: activated
05-05 16:56:14.641   715 12852 I [CT]    : AdHocPatch: [Left] t = 43.188s, behavior transition: None -> AtRest at 43.235s
05-05 16:56:14.648  2129  2185 I GuardianSystem: UpdateGuardianSystemState: Flags changed: 532480, 524288
05-05 16:56:14.691   715 12852 I [CT]    : L:Behavior:AtRest: deactivated
05-05 16:56:14.691   715 12852 I [CT]    : AdHocPatch: [Left] t = 43.238s, behavior transition: AtRest -> None at 43.285s
05-05 16:56:14.702  2129  2185 I GuardianSystem: UpdateGuardianSystemState: Flags changed: 524288, 532480
05-05 16:56:14.705   715 12852 I [CT]    : L:Behavior:AtRest: activated
05-05 16:56:14.705   715 12852 I [CT]    : AdHocPatch: [Left] t = 43.252s, behavior transition: None -> AtRest at 43.299s
05-05 16:56:14.711   715 12852 I [CT]    : L:Behavior:AtRest: deactivated
05-05 16:56:14.711   715 12852 I [CT]    : AdHocPatch: [Left] t = 43.258s, behavior transition: AtRest -> None at 43.305s
05-05 16:56:14.731  2129  2375 W VrApi   : ovr_SubmitFrameInternal: FrameIndex discontinuity: Expected 50430, Received 50432
05-05 16:56:14.739 12756 13035 I VrApi   : FPS=53,Prd=44ms,Tear=0,Early=0,Stale=48,VSnc=1,Lat=1,Fov=0,CPU4/GPU=4/5,2304/710MHz,OC=FF,TA=0/E0/E0,SP=N/F/F,Mem=1804MHz,Free=1235MB,PSM=0,PLS=0,Temp=32.0C/0.0C,TW=1.67ms,App=19.50ms,GD=2.60ms,CPU&GPU=29.21ms,LCnt=1,GPU%=0.95,CPU%=0.17(W0.24),DSF=1.00
05-05 16:56:14.951   715 12852 I [CT]    : L:Behavior:AtRest: activated
05-05 16:56:14.951   715 12852 I [CT]    : AdHocPatch: [Left] t = 43.498s, behavior transition: None -> AtRest at 43.544s
05-05 16:56:14.956  2129  2185 I GuardianSystem: UpdateGuardianSystemState: Flags changed: 532480, 524288
05-05 16:56:14.969   715 12852 I [CT]    : L:Behavior:AtRest: deactivated
05-05 16:56:14.969   715 12852 I [CT]    : AdHocPatch: [Left] t = 43.516s, behavior transition: AtRest -> None at 43.562s
05-05 16:56:14.971  2129  2185 I GuardianSystem: UpdateGuardianSystemState: Flags changed: 524288, 532480
05-05 16:56:14.977   715 12852 I [CT]    : L:Behavior:AtRest: activated
05-05 16:56:14.977   715 12852 I [CT]    : AdHocPatch: [Left] t = 43.524s, behavior transition: None -> AtRest at 43.570s
05-05 16:56:14.978   715 12861 I [CT]    : VIPER:MAP_MANAGER: State: TRACKING_PERSISTENT, UUID=d18585e8-d288-4997-b6ff-78495c7eed6a, Num. Persistent maps = 1,  Persistent maps:d18585e8-d288-4997-b6ff-78495c7eed6a,, Ser. Disabled = 00000000-0000-0000-0000-000000000000
05-05 16:56:14.985  2129  2185 I GuardianSystem: UpdateGuardianSystemState: Flags changed: 532480, 524288
05-05 16:56:14.989   715 12852 I [CT]    : L:Behavior:AtRest: deactivated
05-05 16:56:14.989   715 12852 I [CT]    : AdHocPatch: [Left] t = 43.536s, behavior transition: AtRest -> None at 43.582s
05-05 16:56:14.999  2129  2185 I GuardianSystem: UpdateGuardianSystemState: Flags changed: 524288, 532480
05-05 16:56:15.007   715 12852 I [CT]    : L:Behavior:AtRest: activated
05-05 16:56:15.007   715 12852 I [CT]    : AdHocPatch: [Left] t = 43.554s, behavior transition: None -> AtRest at 43.600s
05-05 16:56:15.015  2129  2185 I GuardianSystem: UpdateGuardianSystemState: Flags changed: 532480, 524288
05-05 16:56:15.018   715 12861 I [CT]    : VIPER: Status=6DoF,TRACKING,KF=132,Inl=270,Pts=372,Jit=0.3mm,Issues(Cam/min=0.0,IMU/min=0.0),Exp=(10.3ms,g=13.0,I=70)(8.1ms,g=9.0,I=68)(10.3ms,g=13.0,I=72)(7.3ms,g=8.0,I=69)
05-05 16:56:15.079   715 12852 I [CT]    : L:Behavior:AtRest: deactivated
05-05 16:56:15.079   715 12852 I [CT]    : AdHocPatch: [Left] t = 43.626s, behavior transition: AtRest -> None at 43.672s
05-05 16:56:15.094  2129  2185 I GuardianSystem: UpdateGuardianSystemState: Flags changed: 524288, 532480
05-05 16:56:15.128  2129  2375 W VrApi   : ovr_SubmitFrameInternal: FrameIndex discontinuity: Expected 50454, Received 50457
05-05 16:56:15.224   715 12852 I [CT]    : L:Behavior:AtRest: activated
05-05 16:56:15.224   715 12852 I [CT]    : AdHocPatch: [Left] t = 43.770s, behavior transition: None -> AtRest at 43.816s
05-05 16:56:15.229  2129  2185 I GuardianSystem: UpdateGuardianSystemState: Flags changed: 532480, 524288
05-05 16:56:15.267   715 12852 I [CT]    : L:Behavior:AtRest: deactivated
05-05 16:56:15.267   715 12852 I [CT]    : AdHocPatch: [Left] t = 43.814s, behavior transition: AtRest -> None at 43.860s
05-05 16:56:15.274  2129  2185 I GuardianSystem: UpdateGuardianSystemState: Flags changed: 524288, 532480
05-05 16:56:15.283   715 12852 I [CT]    : L:Behavior:AtRest: activated
05-05 16:56:15.283   715 12852 I [CT]    : AdHocPatch: [Left] t = 43.830s, behavior transition: None -> AtRest at 43.876s
05-05 16:56:15.293   715 12852 I [CT]    : L:Behavior:AtRest: deactivated
05-05 16:56:15.293   715 12852 I [CT]    : AdHocPatch: [Left] t = 43.840s, behavior transition: AtRest -> None at 43.886s
05-05 16:56:15.307  2129  2375 W VrApi   : ovr_SubmitFrameInternal: FrameIndex discontinuity: Expected 50466, Received 50468
05-05 16:56:15.529   715 12852 I [CT]    : L:Behavior:AtRest: activated
05-05 16:56:15.529   715 12852 I [CT]    : AdHocPatch: [Left] t = 44.076s, behavior transition: None -> AtRest at 44.124s
05-05 16:56:15.537   715 12852 I [CT]    : L:Behavior:AtRest: deactivated
05-05 16:56:15.537   715 12852 I [CT]    : AdHocPatch: [Left] t = 44.084s, behavior transition: AtRest -> None at 44.132s
05-05 16:56:15.538  2129  2185 I GuardianSystem: UpdateGuardianSystemState: Flags changed: 532480, 524288
05-05 16:56:15.546  2129  2185 I GuardianSystem: UpdateGuardianSystemState: Flags changed: 524288, 532480
05-05 16:56:15.740 12756 13035 I VrApi   : FPS=59,Prd=45ms,Tear=0,Early=0,Stale=41,VSnc=1,Lat=1,Fov=0,CPU4/GPU=4/5,2304/710MHz,OC=FF,TA=0/E0/E0,SP=N/F/F,Mem=1804MHz,Free=1232MB,PSM=0,PLS=0,Temp=32.0C/0.0C,TW=1.71ms,App=19.32ms,GD=2.84ms,CPU&GPU=26.32ms,LCnt=1,GPU%=0.96,CPU%=0.13(W0.17),DSF=1.00
05-05 16:56:15.799   715 12852 I [CT]    : L:Behavior:AtRest: activated
05-05 16:56:15.799   715 12852 I [CT]    : AdHocPatch: [Left] t = 44.346s, behavior transition: None -> AtRest at 44.393s
05-05 16:56:15.811   715 12852 I [CT]    : L:Behavior:AtRest: deactivated
05-05 16:56:15.811   715 12852 I [CT]    : AdHocPatch: [Left] t = 44.358s, behavior transition: AtRest -> None at 44.405s
05-05 16:56:16.105   715 12852 I [CT]    : L:Behavior:AtRest: activated
05-05 16:56:16.105   715 12852 I [CT]    : AdHocPatch: [Left] t = 44.650s, behavior transition: None -> AtRest at 44.699s
05-05 16:56:16.110  2129  2185 I GuardianSystem: UpdateGuardianSystemState: Flags changed: 532480, 524288
05-05 16:56:16.117   715 12852 I [CT]    : L:Behavior:AtRest: deactivated
05-05 16:56:16.117   715 12852 I [CT]    : AdHocPatch: [Left] t = 44.662s, behavior transition: AtRest -> None at 44.711s
05-05 16:56:16.125  2129  2185 I GuardianSystem: UpdateGuardianSystemState: Flags changed: 524288, 532480
05-05 16:56:16.135   715 12852 I [CT]    : L:Behavior:AtRest: activated
05-05 16:56:16.135   715 12852 I [CT]    : AdHocPatch: [Left] t = 44.680s, behavior transition: None -> AtRest at 44.729s
05-05 16:56:16.139  2129  2185 I GuardianSystem: UpdateGuardianSystemState: Flags changed: 532480, 524288
05-05 16:56:16.149   715 12852 I [CT]    : L:Behavior:AtRest: deactivated
05-05 16:56:16.149   715 12852 I [CT]    : AdHocPatch: [Left] t = 44.694s, behavior transition: AtRest -> None at 44.743s
05-05 16:56:16.152  2129  2185 I GuardianSystem: UpdateGuardianSystemState: Flags changed: 524288, 532480
05-05 16:56:16.201   715 12852 I [CT]    : L:Behavior:AtRest: activated
05-05 16:56:16.201   715 12852 I [CT]    : AdHocPatch: [Left] t = 44.746s, behavior transition: None -> AtRest at 44.795s
05-05 16:56:16.210  2129  2185 I GuardianSystem: UpdateGuardianSystemState: Flags changed: 532480, 524288
05-05 16:56:16.214   715 12852 I [CT]    : L:Behavior:AtRest: deactivated
05-05 16:56:16.214   715 12852 I [CT]    : AdHocPatch: [Left] t = 44.758s, behavior transition: AtRest -> None at 44.807s
05-05 16:56:16.227  2129  2185 I GuardianSystem: UpdateGuardianSystemState: Flags changed: 524288, 532480
05-05 16:56:16.475   715 12852 I [CT]    : L:Behavior:AtRest: activated
05-05 16:56:16.475   715 12852 I [CT]    : AdHocPatch: [Left] t = 45.020s, behavior transition: None -> AtRest at 45.069s
05-05 16:56:16.477  2129  2185 I GuardianSystem: UpdateGuardianSystemState: Flags changed: 532480, 524288
05-05 16:56:16.485   715 12852 I [CT]    : L:Behavior:AtRest: deactivated
05-05 16:56:16.485   715 12852 I [CT]    : AdHocPatch: [Left] t = 45.030s, behavior transition: AtRest -> None at 45.079s
05-05 16:56:16.491  2129  2185 I GuardianSystem: UpdateGuardianSystemState: Flags changed: 524288, 532480
05-05 16:56:16.504   715 12852 I [CT]    : L:Behavior:AtRest: activated
05-05 16:56:16.504   715 12852 I [CT]    : AdHocPatch: [Left] t = 45.048s, behavior transition: None -> AtRest at 45.097s
05-05 16:56:16.506  2129  2185 I GuardianSystem: UpdateGuardianSystemState: Flags changed: 532480, 524288
05-05 16:56:16.519   715 12852 I [CT]    : L:Behavior:AtRest: deactivated
05-05 16:56:16.519   715 12852 I [CT]    : AdHocPatch: [Left] t = 45.064s, behavior transition: AtRest -> None at 45.113s
05-05 16:56:16.533  2129  2185 I GuardianSystem: UpdateGuardianSystemState: Flags changed: 524288, 532480
05-05 16:56:16.552  2129  2375 W VrApi   : ovr_SubmitFrameInternal: FrameIndex discontinuity: Expected 50555, Received 50556
05-05 16:56:16.742 12756 13035 I VrApi   : FPS=58,Prd=45ms,Tear=0,Early=0,Stale=55,VSnc=1,Lat=1,Fov=0,CPU4/GPU=4/5,2304/710MHz,OC=FF,TA=0/E0/E0,SP=N/F/F,Mem=1804MHz,Free=1231MB,PSM=0,PLS=0,Temp=32.0C/0.0C,TW=1.81ms,App=20.22ms,GD=3.63ms,CPU&GPU=26.54ms,LCnt=1,GPU%=0.93,CPU%=0.19(W0.27),DSF=1.00
05-05 16:56:16.783   715 12852 I [CT]    : L:Behavior:AtRest: activated
05-05 16:56:16.783   715 12852 I [CT]    : AdHocPatch: [Left] t = 45.326s, behavior transition: None -> AtRest at 45.374s
05-05 16:56:16.789   715 12852 I [CT]    : L:Behavior:AtRest: deactivated
05-05 16:56:16.789   715 12852 I [CT]    : AdHocPatch: [Left] t = 45.334s, behavior transition: AtRest -> None at 45.382s
05-05 16:56:17.361   715 12852 I [CT]    : L:Behavior:AtRest: activated
05-05 16:56:17.361   715 12852 I [CT]    : AdHocPatch: [Left] t = 45.907s, behavior transition: None -> AtRest at 45.955s
05-05 16:56:17.371   715 12852 I [CT]    : L:Behavior:AtRest: deactivated
05-05 16:56:17.371   715 12852 I [CT]    : AdHocPatch: [Left] t = 45.917s, behavior transition: AtRest -> None at 45.965s
05-05 16:56:17.427   715 12852 I [CT]    : L:Behavior:AtRest: activated
05-05 16:56:17.427   715 12852 I [CT]    : AdHocPatch: [Left] t = 45.973s, behavior transition: None -> AtRest at 46.021s
05-05 16:56:17.429   715 12860 I [CT]    : MANAGEMENT:CONSTELLATION: Status=GREEN,, Obj=4212769887286730484,6DOF=1 (estimated),Issues(Cam/min=  0,IMU/min=0), Obj=7745273921483883046,6DOF=1,FusJit=0.0mm,Issues(Cam/min=  0,IMU/min=0)
05-05 16:56:17.431  2129  2185 I GuardianSystem: UpdateGuardianSystemState: Flags changed: 532480, 524288
05-05 16:56:17.464   715 12852 I [CT]    : L:Behavior:AtRest: deactivated
05-05 16:56:17.464   715 12852 I [CT]    : AdHocPatch: [Left] t = 46.007s, behavior transition: AtRest -> None at 46.055s
05-05 16:56:17.485  2129  2185 I GuardianSystem: UpdateGuardianSystemState: Flags changed: 524288, 532480
05-05 16:56:17.516  2129  2375 W VrApi   : ovr_SubmitFrameInternal: FrameIndex discontinuity: Expected 50620, Received 50622
05-05 16:56:17.695   715 12852 I [CT]    : L:Behavior:AtRest: activated
05-05 16:56:17.695   715 12852 I [CT]    : AdHocPatch: [Left] t = 46.241s, behavior transition: None -> AtRest at 46.289s
05-05 16:56:17.700  2129  2185 I GuardianSystem: UpdateGuardianSystemState: Flags changed: 532480, 524288
05-05 16:56:17.742   715 12852 I [CT]    : L:Behavior:AtRest: deactivated
05-05 16:56:17.742   715 12852 I [CT]    : AdHocPatch: [Left] t = 46.285s, behavior transition: AtRest -> None at 46.333s
05-05 16:56:17.747 12756 13035 I VrApi   : FPS=53,Prd=44ms,Tear=0,Early=0,Stale=50,VSnc=1,Lat=1,Fov=0,CPU4/GPU=4/5,2304/710MHz,OC=FF,TA=0/E0/E0,SP=N/F/F,Mem=1804MHz,Free=1234MB,PSM=0,PLS=0,Temp=32.0C/0.0C,TW=1.83ms,App=18.91ms,GD=3.32ms,CPU&GPU=29.46ms,LCnt=1,GPU%=0.98,CPU%=0.19(W0.25),DSF=1.00
05-05 16:56:17.751  2129  2185 I GuardianSystem: UpdateGuardianSystemState: Flags changed: 524288, 532480
05-05 16:56:17.757   715 12852 I [CT]    : L:Behavior:AtRest: activated
05-05 16:56:17.757   715 12852 I [CT]    : AdHocPatch: [Left] t = 46.303s, behavior transition: None -> AtRest at 46.351s
05-05 16:56:17.773   715 12852 I [CT]    : L:Behavior:AtRest: deactivated
05-05 16:56:17.773   715 12852 I [CT]    : AdHocPatch: [Left] t = 46.319s, behavior transition: AtRest -> None at 46.367s
05-05 16:56:17.781  2129  2375 W VrApi   : ovr_SubmitFrameInternal: FrameIndex discontinuity: Expected 50637, Received 50639
05-05 16:56:17.911   715 12852 I [CT]    : L:Behavior:AtRest: activated
05-05 16:56:17.911   715 12852 I [CT]    : AdHocPatch: [Left] t = 46.457s, behavior transition: None -> AtRest at 46.505s
05-05 16:56:17.922  2129  2185 I GuardianSystem: UpdateGuardianSystemState: Flags changed: 532480, 524288
05-05 16:56:17.925   715 12852 I [CT]    : L:Behavior:AtRest: deactivated
05-05 16:56:17.925   715 12852 I [CT]    : AdHocPatch: [Left] t = 46.471s, behavior transition: AtRest -> None at 46.519s
05-05 16:56:17.936  2129  2185 I GuardianSystem: UpdateGuardianSystemState: Flags changed: 524288, 532480
05-05 16:56:17.999   715 12852 I [CT]    : L:Behavior:AtRest: activated
05-05 16:56:17.999   715 12852 I [CT]    : AdHocPatch: [Left] t = 46.545s, behavior transition: None -> AtRest at 46.593s
05-05 16:56:18.008  2129  2185 I GuardianSystem: UpdateGuardianSystemState: Flags changed: 532480, 524288
05-05 16:56:18.043   715 12852 I [CT]    : L:Behavior:AtRest: deactivated
05-05 16:56:18.043   715 12852 I [CT]    : AdHocPatch: [Left] t = 46.589s, behavior transition: AtRest -> None at 46.637s
05-05 16:56:18.060  2129  2185 I GuardianSystem: UpdateGuardianSystemState: Flags changed: 524288, 532480
05-05 16:56:18.088  2129  2375 W VrApi   : ovr_SubmitFrameInternal: FrameIndex discontinuity: Expected 50657, Received 50659
05-05 16:56:18.580   715 12861 I [CT]    : VIPER:MAP_MANAGER: State: TRACKING_PERSISTENT, UUID=d18585e8-d288-4997-b6ff-78495c7eed6a, Num. Persistent maps = 1,  Persistent maps:d18585e8-d288-4997-b6ff-78495c7eed6a,, Ser. Disabled = 00000000-0000-0000-0000-000000000000
05-05 16:56:18.620   715 12861 I [CT]    : VIPER: Status=6DoF,TRACKING,KF=132,Inl=339,Pts=372,Jit=0.2mm,Issues(Cam/min=0.0,IMU/min=0.0),Exp=(9.7ms,g=12.0,I=75)(6.7ms,g=8.0,I=68)(9.7ms,g=12.0,I=65)(7.3ms,g=9.0,I=67)
05-05 16:56:18.673   715 12852 I [CT]    : L:Behavior:AtRest: activated
05-05 16:56:18.673   715 12852 I [CT]    : AdHocPatch: [Left] t = 47.219s, behavior transition: None -> AtRest at 47.268s
05-05 16:56:18.684  2129  2185 I GuardianSystem: UpdateGuardianSystemState: Flags changed: 532480, 524288
05-05 16:56:18.717   715 12852 I [CT]    : L:Behavior:AtRest: deactivated
05-05 16:56:18.717   715 12852 I [CT]    : AdHocPatch: [Left] t = 47.263s, behavior transition: AtRest -> None at 47.312s
05-05 16:56:18.731  2129  2185 I GuardianSystem: UpdateGuardianSystemState: Flags changed: 524288, 532480
05-05 16:56:18.737   715 12852 I [CT]    : L:Behavior:AtRest: activated
05-05 16:56:18.737   715 12852 I [CT]    : AdHocPatch: [Left] t = 47.283s, behavior transition: None -> AtRest at 47.332s
05-05 16:56:18.744   715 12852 I [CT]    : L:Behavior:AtRest: deactivated
05-05 16:56:18.745   715 12852 I [CT]    : AdHocPatch: [Left] t = 47.287s, behavior transition: AtRest -> None at 47.336s
05-05 16:56:18.747 12756 13035 I VrApi   : FPS=55,Prd=45ms,Tear=0,Early=0,Stale=42,VSnc=1,Lat=1,Fov=0,CPU4/GPU=4/5,2304/710MHz,OC=FF,TA=0/E0/E0,SP=N/F/F,Mem=1804MHz,Free=1234MB,PSM=0,PLS=0,Temp=32.0C/0.0C,TW=1.61ms,App=19.06ms,GD=3.49ms,CPU&GPU=27.22ms,LCnt=1,GPU%=0.95,CPU%=0.24(W0.33),DSF=1.00
05-05 16:56:18.765  2129  2375 W VrApi   : ovr_SubmitFrameInternal: FrameIndex discontinuity: Expected 50703, Received 50705
05-05 16:56:19.140   715 12861 I [CT]    : HealthReport: ==================================================
05-05 16:56:19.140   715 12861 I [CT]    : Health Report
05-05 16:56:19.140   715 12861 I [CT]    : -------------
05-05 16:56:19.140   715 12861 I [CT]    : 
05-05 16:56:19.140   715 12861 I [CT]    : Reporter #1 (InsideOutHealthMonitor) summary:
05-05 16:56:19.140   715 12861 I [CT]    : Camera: Total Dropped: 0.000000, Total Frame Count: 1184 (0.000000%), Camera Reset Count: 0
05-05 16:56:19.140   715 12861 I [CT]    : Camera: Total Single Camera Frame Dropped: 0, Total Frame Count: 1184 (0.000000%)
05-05 16:56:19.140   715 12861 I [CT]    : IMU: Total Dropped: 0.000000, Total Sample Count: 47583 (0.000000%)
05-05 16:56:19.140   715 12861 I [CT]    : Magnetometer: Total Dropped: 0.000000, Total Sample Count: 1428 (0.000000%)
05-05 16:56:19.140   715 12861 I [CT]    : 
05-05 16:56:19.140   715 12861 I [CT]    : Reporter #1 (InsideOutHealthMonitor) Passed
05-05 16:56:19.140   715 12861 I [CT]    : --------------------------------------------------
05-05 16:56:19.140   715 12861 I [CT]    : Reporter #2 (ConstellationHealthMonitor) summary:
05-05 16:56:19.140   715 12861 I [CT]    : Camera: Total Dropped: 0.000000, Total Frame Count: 1185 (0.000000%), Camera Reset Count: 1
05-05 16:56:19.140   715 12861 I [CT]    : Camera: Total Single Camera Frame Dropped: 0, Total Frame Count: 1185 (0.000000%)
05-05 16:56:19.140   715 12861 I [CT]    : Controller 4212769887286730484:
05-05 16:56:19.140   715 12861 I [CT]    : IMU: Capture period exceeded threshold.  Largest period: 1.097438 sec
05-05 16:56:19.140   715 12861 I [CT]    : Controllers may have been sleeping
05-05 16:56:19.140   715 12861 I [CT]    : IMU: Total Dropped: 0.000000, Total Sample Count: 23296.370000 (0.000000%)
05-05 16:56:19.140   715 12861 I [CT]    : Controller 7745273921483883046:
05-05 16:56:19.140   715 12861 I [CT]    : I
05-05 16:56:19.566   715 12798 I [CT]    : boltlib: DSP utilization(%): 15
05-05 16:56:19.743 12756 13035 I VrApi   : FPS=56,Prd=45ms,Tear=0,Early=0,Stale=52,VSnc=1,Lat=1,Fov=0,CPU4/GPU=4/5,2304/710MHz,OC=FF,TA=0/E0/E0,SP=N/F/F,Mem=1804MHz,Free=1234MB,PSM=0,PLS=0,Temp=32.0C/0.0C,TW=1.79ms,App=17.59ms,GD=3.36ms,CPU&GPU=27.08ms,LCnt=1,GPU%=0.92,CPU%=0.18(W0.25),DSF=1.00
05-05 16:56:19.765   715 12852 I [CT]    : L:Behavior:AtRest: activated
05-05 16:56:19.765   715 12852 I [CT]    : AdHocPatch: [Left] t = 48.311s, behavior transition: None -> AtRest at 48.358s
05-05 16:56:19.780  2129  2185 I GuardianSystem: UpdateGuardianSystemState: Flags changed: 532480, 524288
05-05 16:56:19.947   715 12860 I [CT]    : CONSTELLATION: L: Detected static motion, applying constant pose priors.
05-05 16:56:20.045  2121 12884 I TimeWarp: UpdateClockLevels: Apply pending clock request change: 4,5 -> 4,4
05-05 16:56:20.045  2121 12872 I Clocks  : ReleaseClocks - start
05-05 16:56:20.046   719  2043 D         : CPU_CLUSTER_0: No client requests exists, release clocks
05-05 16:56:20.046   719  2043 D         : CPU_CLUSTER_1: No client requests exists, release clocks
05-05 16:56:20.047   719  2043 D         : GPU: No client requests exists, release clocks
05-05 16:56:20.047   719  2043 D         : CPUBW: No client requests exists, release clocks
05-05 16:56:20.047  2121 12872 I Clocks  : ReleaseClocks - end (2.0 ms)
05-05 16:56:20.047  2121 12872 I Clocks  : LockClocks( cpu=4, gpu=4 ) - start
05-05 16:56:20.048  2121 12872 I Clocks  : CPU levels [0, 4]
05-05 16:56:20.048  2121 12872 I Clocks  : GPU levels [0, 5]
05-05 16:56:20.049   719  2043 D         : CPU_CLUSTER_0: Client 2121 sends freq request [21, 21]
05-05 16:56:20.049   719  2043 D         : CPU_CLUSTER_0: Next Perf Level = (21, 21)
05-05 16:56:20.049   719  2043 D         : CPU_CLUSTER_1: Client 2121 sends freq request [26, 26]
05-05 16:56:20.049   719  2043 D         : CPU_CLUSTER_1: Next Perf Level = (26, 26)
05-05 16:56:20.049   719  2043 D         : CPUBW: Client 2121 sends freq request [8, 11]
05-05 16:56:20.049   719  2043 D         : CPUBW: Next Perf Level = (8, 11)
05-05 16:56:20.050   719  2043 D         : GPU: Client 2121 sends freq request [6, 6]
05-05 16:56:20.050   719  2043 D         : GPU: Next Perf Level = (6, 6)
05-05 16:56:20.050  2121 12872 I Clocks  : LockClocks( cpu=4, gpu=4 ) - end (2.6 ms)
05-05 16:56:20.151   715 12852 I [CT]    : L:Behavior:AtRest: deactivated
05-05 16:56:20.151   715 12852 I [CT]    : AdHocPatch: [Left] t = 48.698s, behavior transition: AtRest -> None at 48.746s
05-05 16:56:20.160  2129  2185 I GuardianSystem: UpdateGuardianSystemState: Flags changed: 524288, 532480
05-05 16:56:20.165   715 12852 I [CT]    : L:Behavior:AtRest: activated
05-05 16:56:20.165   715 12852 I [CT]    : AdHocPatch: [Left] t = 48.712s, behavior transition: None -> AtRest at 48.760s
05-05 16:56:20.181   715 12852 I [CT]    : L:Behavior:AtRest: deactivated
05-05 16:56:20.181   715 12852 I [CT]    : AdHocPatch: [Left] t = 48.726s, behavior transition: AtRest -> None at 48.774s
05-05 16:56:20.193  2129  2375 W VrApi   : ovr_SubmitFrameInternal: FrameIndex discontinuity: Expected 50779, Received 50791
05-05 16:56:20.239   715 12852 I [CT]    : L:Behavior:AtRest: activated
05-05 16:56:20.239   715 12852 I [CT]    : AdHocPatch: [Left] t = 48.786s, behavior transition: None -> AtRest at 48.834s
05-05 16:56:20.241  2129  2185 I GuardianSystem: UpdateGuardianSystemState: Flags changed: 532480, 524288
05-05 16:56:20.443   715 12852 D TrackingService: [HANDTRACKING] Controller 3a76c3e46c301ef4 in hand: N, valid: Y
05-05 16:56:20.491  2121 12884 I TimeWarp: UpdateClockLevels: Apply pending clock request change: 4,4 -> 4,5
05-05 16:56:20.491  2121 12872 I Clocks  : ReleaseClocks - start
05-05 16:56:20.493   719   719 D         : CPU_CLUSTER_0: No client requests exists, release clocks
05-05 16:56:20.493   719   719 D         : CPU_CLUSTER_1: No client requests exists, release clocks
05-05 16:56:20.494   719   719 D         : GPU: No client requests exists, release clocks
05-05 16:56:20.494   719   719 D         : CPUBW: No client requests exists, release clocks
05-05 16:56:20.494  2121 12872 I Clocks  : ReleaseClocks - end (3.4 ms)
05-05 16:56:20.494  2121 12872 I Clocks  : LockClocks( cpu=4, gpu=5 ) - start
05-05 16:56:20.495  2121 12872 I Clocks  : CPU levels [0, 4]
05-05 16:56:20.495  2121 12872 I Clocks  : GPU levels [0, 5]
05-05 16:56:20.498   719   719 D         : CPU_CLUSTER_0: Client 2121 sends freq request [21, 21]
05-05 16:56:20.498   719   719 D         : CPU_CLUSTER_0: Next Perf Level = (21, 21)
05-05 16:56:20.499   719   719 D         : CPU_CLUSTER_1: Client 2121 sends freq request [26, 26]
05-05 16:56:20.499   719   719 D         : CPU_CLUSTER_1: Next Perf Level = (26, 26)
05-05 16:56:20.499   719   719 D         : CPUBW: Client 2121 sends freq request [8, 11]
05-05 16:56:20.499   719   719 D         : CPUBW: Next Perf Level = (8, 11)
05-05 16:56:20.499   719   719 D         : GPU: Client 2121 sends freq request [7, 7]
05-05 16:56:20.499   719   719 D         : GPU: Next Perf Level = (7, 7)
05-05 16:56:20.501  2121 12872 I Clocks  : LockClocks( cpu=4, gpu=5 ) - end (6.0 ms)
05-05 16:56:20.672  2121 12884 I TimeWarp: UpdateClockLevels: Apply pending clock request change: 4,5 -> 4,4
05-05 16:56:20.672  2121 12872 I Clocks  : ReleaseClocks - start
05-05 16:56:20.672   719  2188 D         : CPU_CLUSTER_0: No client requests exists, release clocks
05-05 16:56:20.672   719  2188 D         : CPU_CLUSTER_1: No client requests exists, release clocks
05-05 16:56:20.673   719  2188 D         : GPU: No client requests exists, release clocks
05-05 16:56:20.673   719  2188 D         : CPUBW: No client requests exists, release clocks
05-05 16:56:20.673  2121 12872 I Clocks  : ReleaseClocks - end (1.5 ms)
05-05 16:56:20.673  2121 12872 I Clocks  : LockClocks( cpu=4, gpu=4 ) - start
05-05 16:56:20.674  2121 12872 I Clocks  : CPU levels [0, 4]
05-05 16:56:20.674  2121 12872 I Clocks  : GPU levels [0, 5]
05-05 16:56:20.674   719  2188 D         : CPU_CLUSTER_0: Client 2121 sends freq request [21, 21]
05-05 16:56:20.674   719  2188 D         : CPU_CLUSTER_0: Next Perf Level = (21, 21)
05-05 16:56:20.674   719  2188 D         : CPU_CLUSTER_1: Client 2121 sends freq request [26, 26]
05-05 16:56:20.675   719  2188 D         : CPU_CLUSTER_1: Next Perf Level = (26, 26)
05-05 16:56:20.675   719  2188 D         : CPUBW: Client 2121 sends freq request [8, 11]
05-05 16:56:20.675   719  2188 D         : CPUBW: Next Perf Level = (8, 11)
05-05 16:56:20.675   719  2188 D         : GPU: Client 2121 sends freq request [6, 6]
05-05 16:56:20.675   719  2188 D         : GPU: Next Perf Level = (6, 6)
05-05 16:56:20.675  2121 12872 I Clocks  : LockClocks( cpu=4, gpu=4 ) - end (1.9 ms)
