05-09 15:30:47.251   720   720 D         : CPUBW: Next Perf Level = (8, 11)
05-09 15:30:47.252   720   720 D         : GPU: Client 2096 sends freq request [6, 6]
05-09 15:30:47.252   720   720 D         : GPU: Next Perf Level = (6, 6)
05-09 15:30:47.252  2096 19583 I Clocks  : LockClocks( cpu=3, gpu=4 ) - end (4.6 ms)
05-09 15:30:47.516   716 19545 I [CT]    : L:Behavior:AtRest: deactivated
05-09 15:30:47.516   716 19545 I [CT]    : AdHocPatch: [Left] t = 58.921s, behavior transition: AtRest -> None at 58.968s
05-09 15:30:47.532  2110  2165 I GuardianSystem: UpdateGuardianSystemState: Flags changed: 524288, 532480
05-09 15:30:47.569  2110  2330 W VrApi   : ovr_SubmitFrameInternal: FrameIndex discontinuity: Expected 126876, Received 126896
05-09 15:30:47.807  2096 19591 I TimeWarp: UpdateClockLevels: Apply pending clock request change: 3,4 -> 4,4
05-09 15:30:47.807  2096 19583 I Clocks  : ReleaseClocks - start
05-09 15:30:47.808   720  1214 D         : CPU_CLUSTER_0: No client requests exists, release clocks
05-09 15:30:47.809   720  1214 D         : CPU_CLUSTER_1: No client requests exists, release clocks
05-09 15:30:47.809   720  1214 D         : GPU: No client requests exists, release clocks
05-09 15:30:47.809   720  1214 D         : CPUBW: No client requests exists, release clocks
05-09 15:30:47.810  2096 19583 I Clocks  : ReleaseClocks - end (2.4 ms)
05-09 15:30:47.810  2096 19583 I Clocks  : LockClocks( cpu=4, gpu=4 ) - start
05-09 15:30:47.811  2096 19583 I Clocks  : CPU levels [0, 4]
05-09 15:30:47.811  2096 19583 I Clocks  : GPU levels [0, 5]
05-09 15:30:47.811   720  1214 D         : CPU_CLUSTER_0: Client 2096 sends freq request [21, 21]
05-09 15:30:47.811   720  1214 D         : CPU_CLUSTER_0: Next Perf Level = (21, 21)
05-09 15:30:47.811   720  1214 D         : CPU_CLUSTER_1: Client 2096 sends freq request [26, 26]
05-09 15:30:47.811   720  1214 D         : CPU_CLUSTER_1: Next Perf Level = (26, 26)
05-09 15:30:47.811   720  1214 D         : CPUBW: Client 2096 sends freq request [8, 11]
05-09 15:30:47.811   720  1214 D         : CPUBW: Next Perf Level = (8, 11)
05-09 15:30:47.812   720  1214 D         : GPU: Client 2096 sends freq request [6, 6]
05-09 15:30:47.812   720  1214 D         : GPU: Next Perf Level = (6, 6)
05-09 15:30:47.812  2096 19583 I Clocks  : LockClocks( cpu=4, gpu=4 ) - end (2.2 ms)
05-09 15:30:47.894   716 19545 I [CT]    : L:Behavior:AtRest: activated
05-09 15:30:47.894   716 19545 I [CT]    : AdHocPatch: [Left] t = 59.299s, behavior transition: None -> AtRest at 59.346s
05-09 15:30:47.909  2110  2165 I GuardianSystem: UpdateGuardianSystemState: Flags changed: 532480, 524288
05-09 15:30:47.910   716 19545 I [CT]    : L:Behavior:AtRest: deactivated
05-09 15:30:47.910   716 19545 I [CT]    : AdHocPatch: [Left] t = 59.315s, behavior transition: AtRest -> None at 59.362s
05-09 15:30:47.923   716 19545 I [CT]    : L:Behavior:AtRest: activated
05-09 15:30:47.923   716 19545 I [CT]    : AdHocPatch: [Left] t = 59.325s, behavior transition: None -> AtRest at 59.372s
05-09 15:30:48.008   716 19545 I [CT]    : L:Behavior:AtRest: deactivated
05-09 15:30:48.008   716 19545 I [CT]    : AdHocPatch: [Left] t = 59.413s, behavior transition: AtRest -> None at 59.460s
05-09 15:30:48.022   716 19545 I [CT]    : L:Behavior:AtRest: activated
05-09 15:30:48.022   716 19545 I [CT]    : AdHocPatch: [Left] t = 59.427s, behavior transition: None -> AtRest at 59.474s
05-09 15:30:48.100  2096 19591 I TimeWarp: UpdateClockLevels: Apply pending clock request change: 4,4 -> 4,5
05-09 15:30:48.100  2096 19583 I Clocks  : ReleaseClocks - start
05-09 15:30:48.101   720  1214 D         : CPU_CLUSTER_0: No client requests exists, release clocks
05-09 15:30:48.101   720  1214 D         : CPU_CLUSTER_1: No client requests exists, release clocks
05-09 15:30:48.101   720  1214 D         : GPU: No client requests exists, release clocks
05-09 15:30:48.101   720  1214 D         : CPUBW: No client requests exists, release clocks
05-09 15:30:48.102  2096 19583 I Clocks  : ReleaseClocks - end (1.4 ms)
05-09 15:30:48.102  2096 19583 I Clocks  : LockClocks( cpu=4, gpu=5 ) - start
05-09 15:30:48.102  2096 19583 I Clocks  : CPU levels [0, 4]
05-09 15:30:48.102  2096 19583 I Clocks  : GPU levels [0, 5]
05-09 15:30:48.103   720  1214 D         : CPU_CLUSTER_0: Client 2096 sends freq request [21, 21]
05-09 15:30:48.103   720  1214 D         : CPU_CLUSTER_0: Next Perf Level = (21, 21)
05-09 15:30:48.103   720  1214 D         : CPU_CLUSTER_1: Client 2096 sends freq request [26, 26]
05-09 15:30:48.103   720  1214 D         : CPU_CLUSTER_1: Next Perf Level = (26, 26)
05-09 15:30:48.103   720  1214 D         : CPUBW: Client 2096 sends freq request [8, 11]
05-09 15:30:48.103   720  1214 D         : CPUBW: Next Perf Level = (8, 11)
05-09 15:30:48.103   720  1214 D         : GPU: Client 2096 sends freq request [7, 7]
05-09 15:30:48.104   720  1214 D         : GPU: Next Perf Level = (7, 7)
05-09 15:30:48.106  2096 19583 I Clocks  : LockClocks( cpu=4, gpu=5 ) - end (4.4 ms)
05-09 15:30:48.118 19457 19957 I VrApi   : FPS=64,Prd=44ms,Tear=0,Early=0,Stale=23,VSnc=1,Lat=1,Fov=0,CPU4/GPU=3/4,2304/710MHz,OC=FF,TA=0/E0/E0,SP=N/F/F,Mem=1804MHz,Free=1147MB,PSM=0,PLS=0,Temp=30.0C/0.0C,TW=1.25ms,App=14.55ms,GD=0.00ms,CPU&GPU=22.97ms,LCnt=1,GPU%=0.97,CPU%=0.35(W0.38),DSF=1.00
05-09 15:30:48.281  2096 19591 I TimeWarp: UpdateClockLevels: Apply pending clock request change: 4,5 -> 4,4
05-09 15:30:48.281  2096 19583 I Clocks  : ReleaseClocks - start
05-09 15:30:48.282   720  1214 D         : CPU_CLUSTER_0: No client requests exists, release clocks
05-09 15:30:48.282   720  1214 D         : CPU_CLUSTER_1: No client requests exists, release clocks
05-09 15:30:48.282   720  1214 D         : GPU: No client requests exists, release clocks
05-09 15:30:48.282   720  1214 D         : CPUBW: No client requests exists, release clocks
05-09 15:30:48.282  2096 19583 I Clocks  : ReleaseClocks - end (1.5 ms)
05-09 15:30:48.283  2096 19583 I Clocks  : LockClocks( cpu=4, gpu=4 ) - start
05-09 15:30:48.283  2096 19583 I Clocks  : CPU levels [0, 4]
05-09 15:30:48.283  2096 19583 I Clocks  : GPU levels [0, 5]
05-09 15:30:48.283   720  1214 D         : CPU_CLUSTER_0: Client 2096 sends freq request [21, 21]
05-09 15:30:48.283   720  1214 D         : CPU_CLUSTER_0: Next Perf Level = (21, 21)
05-09 15:30:48.283   720  1214 D         : CPU_CLUSTER_1: Client 2096 sends freq request [26, 26]
05-09 15:30:48.283   720  1214 D         : CPU_CLUSTER_1: Next Perf Level = (26, 26)
05-09 15:30:48.284   720  1214 D         : CPUBW: Client 2096 sends freq request [8, 11]
05-09 15:30:48.284   720  1214 D         : CPUBW: Next Perf Level = (8, 11)
05-09 15:30:48.284   720  1214 D         : GPU: Client 2096 sends freq request [6, 6]
05-09 15:30:48.284   720  1214 D         : GPU: Next Perf Level = (6, 6)
05-09 15:30:48.284  2096 19583 I Clocks  : LockClocks( cpu=4, gpu=4 ) - end (1.8 ms)
05-09 15:30:48.705   716 19489 I [CT]    : boltlib: DSP utilization(%): 15
05-09 15:30:48.811   689   737 D GatekeeperNativeService: Using value 1 for gk arvr_gk_nimble_mfjlp, user=0
05-09 15:30:48.812   689   689 D GatekeeperNativeService: Using value 1 for gk oculus_blob_size_checker_gk, user=0
05-09 15:30:48.813   689  3443 D GatekeeperNativeService: Using value 1 for gk oculus_enable_background_subtraction_gk, user=0
05-09 15:30:48.813   689  3444 D GatekeeperNativeService: Using value 0 for gk oculus_enable_ht_quest_vrsrecording, user=0
05-09 15:30:48.814   689   737 D GatekeeperNativeService: Using value 0 for gk oculus_gk_is_dogfood, user=0
05-09 15:30:48.815   689   689 D GatekeeperNativeService: Using value 0 for gk oculus_gk_is_employee, user=0
05-09 15:30:48.815   689  3443 D GatekeeperNativeService: Using value 0 for gk oculus_gk_is_qa, user=0
05-09 15:30:48.816   689  3444 D GatekeeperNativeService: Using value 0 for gk oculus_gk_is_spatial_ai, user=0
05-09 15:30:48.816   689   737 D GatekeeperNativeService: Using value 1 for gk oculus_mapmerging_gk, user=0
05-09 15:30:48.817   689   689 D GatekeeperNativeService: Using value 0 for gk oculus_telemetry_gk_generic_1, user=0
05-09 15:30:48.818   689  3443 D GatekeeperNativeService: Using value 0 for gk oculus_telemetry_gk_generic_2, user=0
05-09 15:30:48.819   689  3444 D GatekeeperNativeService: Using value 0 for gk oculus_telemetry_gk_generic_3, user=0
05-09 15:30:48.819   689   737 D GatekeeperNativeService: Using value 0 for gk oculus_telemetry_gk_generic_4, user=0
05-09 15:30:48.820   689   689 D GatekeeperNativeService: Using value 0 for gk oculus_telemetry_gk_generic_5, user=0
05-09 15:30:48.820   689  3443 D GatekeeperNativeService: Using value 0 for gk oculus_vr_keyboard_enabled, user=0
05-09 15:30:48.821   716 19581 I [CT]    : TELEMETRY_COLLECTOR: Sending event: constellation_periodic
05-09 15:30:48.822   716 19581 I [CT]    : TELEMETRY_COLLECTOR: Sending event: relocalization_periodic
05-09 15:30:48.827   716 19581 I [CT]    : TELEMETRY_COLLECTOR: Sending event: oculus_boltcv_periodic
05-09 15:30:48.828   716 19581 I [CT]    : TELEMETRY_COLLECTOR: Sending event: insideout_periodic
05-09 15:30:48.831   716 19581 I [CT]    : TELEMETRY_COLLECTOR: Sending event: constellation_periodic
05-09 15:30:48.832   716 19581 I [CT]    : TELEMETRY_COLLECTOR: Sending event: constellation_periodic
05-09 15:30:48.833   716 19581 I [CT]    : TELEMETRY_COLLECTOR: Sending event: map_periodic
05-09 15:30:48.834   716 19581 I [CT]    : NIMBLE:HLOG: NimbleTelemetryAggregator::populateTelemetry
05-09 15:30:48.840   716 19581 I [CT]    : TELEMETRY_COLLECTOR: Sending event: nimble_periodic
05-09 15:30:48.842   716 19581 I [CT]    : TELEMETRY_COLLECTOR: Sending event: attitude_ekf_periodic
05-09 15:30:49.119 19457 19957 I VrApi   : FPS=64,Prd=45ms,Tear=0,Early=4,Stale=23,VSnc=1,Lat=1,Fov=0,CPU4/GPU=4/5,2304/670MHz,OC=FF,TA=0/E0/E0,SP=N/F/F,Mem=1804MHz,Free=1150MB,PSM=0,PLS=0,Temp=30.0C/0.0C,TW=1.20ms,App=9.00ms,GD=0.00ms,CPU&GPU=21.21ms,LCnt=1,GPU%=0.68,CPU%=0.21(W0.36),DSF=1.00
05-09 15:30:49.536  1075  1422 I WifiHAL : event received NL80211_CMD_VENDOR, vendor_id = 0x1374, subcmd = 0x6a
05-09 15:30:49.596  1075  1422 I WifiHAL : event received NL80211_CMD_VENDOR, vendor_id = 0x1374, subcmd = 0x6b
05-09 15:30:49.612  1075  1167 D WifiQualifiedNetworkSelector:: ==========start qualified Network Selection==========
05-09 15:30:49.612  1075  1167 D WifiQualifiedNetworkSelector:: Current network is: "BOEY" ,ID is: 0
05-09 15:30:49.612  1075  1167 D WifiQualifiedNetworkSelector:: Current band dose not match user preference. Start Qualified Network Selection Current band = 2.4GHz bandUserPreference band = 0
05-09 15:30:49.613  1075  1167 D WifiQualifiedNetworkSelector:: Current network is not qualified
05-09 15:30:49.613  1075  1167 D WifiQualifiedNetworkSelector:: Saved Network List
05-09 15:30:49.613  1075  1167 D WifiQualifiedNetworkSelector::     "ObiWlanKenobi":1  User Preferred BSSID:null FQDN:null NETWORK_SELECTION_ENABLED Disable account: 0 0 0 0 0 0 0 0 0 0 Connect Choice:null set time:-1
05-09 15:30:49.613  1075  1167 D WifiQualifiedNetworkSelector::     "BOEY":0  User Preferred BSSID:null FQDN:null NETWORK_SELECTION_ENABLED Disable account: 0 0 0 0 0 0 0 0 0 0 Connect Choice:null set time:-1
05-09 15:30:49.615  1075  1167 D WifiQualifiedNetworkSelector::  skipped due to low signal
05-09 15:30:49.615  1075  1167 D WifiQualifiedNetworkSelector::  skipped due to not saved
05-09 15:30:49.615  1075  1167 D WifiQualifiedNetworkSelector::  
05-09 15:30:49.616  1075  1167 D WifiQualifiedNetworkSelector::  skipped due to not valid SSID
05-09 15:30:49.616  1075  1167 D WifiQualifiedNetworkSelector::  RSSI score: 100 Same network with current associated. Bonus: 16 Same BSSID with current association. Bonus: 24 Secure network Bonus:80 Score for scanResult: SSID: BOEY, BSSID: 84:16:f9:9b:3c:d6, capabilities: [WPA-PSK-CCMP+TKIP][WPA2-PSK-CCMP+TKIP][WPS][ESS], level: -48, frequency: 2437, timestamp: 72362498712, distance: ?(cm), distanceSd: ?(cm), passpoint: no, ChannelBandwidth: 0, centerFreq0: 0, centerFreq1: 0, 80211mcResponder: is not supported and Network ID: 0 final score:220
05-09 15:30:49.616  1075  1167 D WifiQualifiedNetworkSelector:: 
05-09 15:30:49.616  1075  1167 D WifiQualifiedNetworkSelector:: After user choice adjust, the final candidate is:"BOEY":0 : 84:16:f9:9b:3c:d6
05-09 15:30:49.616  1075  1167 D WifiQualifiedNetworkSelector:: "BOEY":0 is already the best choice!
05-09 15:30:49.668   716 19545 I [CT]    : L:Behavior:AtRest: deactivated
05-09 15:30:49.668   716 19545 I [CT]    : AdHocPatch: [Left] t = 61.073s, behavior transition: AtRest -> None at 61.122s
05-09 15:30:49.687   716 19545 I [CT]    : L:Behavior:AtRest: activated
05-09 15:30:49.687   716 19545 I [CT]    : AdHocPatch: [Left] t = 61.091s, behavior transition: None -> AtRest at 61.139s
05-09 15:30:49.707   716 19545 I [CT]    : L:Behavior:AtRest: deactivated
05-09 15:30:49.707   716 19545 I [CT]    : AdHocPatch: [Left] t = 61.111s, behavior transition: AtRest -> None at 61.159s
05-09 15:30:49.731  2110  2165 I GuardianSystem: UpdateGuardianSystemState: Flags changed: 524288, 532480
05-09 15:30:49.763  2110  2330 W VrApi   : ovr_SubmitFrameInternal: FrameIndex discontinuity: Expected 126922, Received 126977
05-09 15:30:49.978   716 19545 I [CT]    : L:Behavior:AtRest: activated
05-09 15:30:49.978   716 19545 I [CT]    : AdHocPatch: [Left] t = 61.383s, behavior transition: None -> AtRest at 61.431s
05-09 15:30:49.990  2110  2165 I GuardianSystem: UpdateGuardianSystemState: Flags changed: 532480, 524288
05-09 15:30:50.010   716 19565 I [CT]    : MANAGEMENT:CONSTELLATION: Status=GREEN,, Obj=4212769887286730484,6DOF=1 (estimated),Issues(Cam/min=  0,IMU/min=0), Obj=7745273921483883046,6DOF=1,FusJit=0.0mm,Issues(Cam/min=  0,IMU/min=0)
05-09 15:30:50.118   716 19566 I [CT]    : VIPER:MAP_MANAGER: State: TRACKING_PERSISTENT, UUID=66763325-d6dd-4b99-a8f6-39dc1ccde237, Num. Persistent maps = 2,  Persistent maps:022994f1-0c1e-4a65-9817-b24e9f537401,66763325-d6dd-4b99-a8f6-39dc1ccde237,, Ser. Disabled = 00000000-0000-0000-0000-000000000000
05-09 15:30:50.120 19457 19957 I VrApi   : FPS=72,Prd=45ms,Tear=0,Early=54,Stale=0,VSnc=1,Lat=1,Fov=0,CPU4/GPU=4/4,2304/670MHz,OC=FF,TA=0/E0/E0,SP=N/F/F,Mem=1804MHz,Free=1151MB,PSM=0,PLS=0,Temp=30.0C/0.0C,TW=1.31ms,App=11.00ms,GD=0.00ms,CPU&GPU=12.61ms,LCnt=1,GPU%=0.86,CPU%=0.22(W0.28),DSF=1.00
05-09 15:30:50.159   716 19566 I [CT]    : VIPER: Status=6DoF,TRACKING,KF=42,Inl=246,Pts=219,Jit=0.6mm,Issues(Cam/min=0.0,IMU/min=0.0),Exp=(7.0ms,g=9.0,I=82)(4.7ms,g=3.0,I=67)(7.0ms,g=9.0,I=55)(6.9ms,g=8.0,I=69)
05-09 15:30:50.244  2096 19591 I TimeWarp: UpdateClockLevels: Apply pending clock request change: 4,4 -> 4,5
05-09 15:30:50.244  2096 19583 I Clocks  : ReleaseClocks - start
05-09 15:30:50.245   720   821 D         : CPU_CLUSTER_0: No client requests exists, release clocks
05-09 15:30:50.245   720   821 D         : CPU_CLUSTER_1: No client requests exists, release clocks
05-09 15:30:50.245   720   821 D         : GPU: No client requests exists, release clocks
05-09 15:30:50.245   720   821 D         : CPUBW: No client requests exists, release clocks
05-09 15:30:50.246  2096 19583 I Clocks  : ReleaseClocks - end (1.5 ms)
05-09 15:30:50.246  2096 19583 I Clocks  : LockClocks( cpu=4, gpu=5 ) - start
05-09 15:30:50.247  2096 19583 I Clocks  : CPU levels [0, 4]
05-09 15:30:50.247  2096 19583 I Clocks  : GPU levels [0, 5]
05-09 15:30:50.247   720   821 D         : CPU_CLUSTER_0: Client 2096 sends freq request [21, 21]
05-09 15:30:50.247   720   821 D         : CPU_CLUSTER_0: Next Perf Level = (21, 21)
05-09 15:30:50.247   720   821 D         : CPU_CLUSTER_1: Client 2096 sends freq request [26, 26]
05-09 15:30:50.247   720   821 D         : CPU_CLUSTER_1: Next Perf Level = (26, 26)
05-09 15:30:50.247   720   821 D         : CPUBW: Client 2096 sends freq request [8, 11]
05-09 15:30:50.247   720   821 D         : CPUBW: Next Perf Level = (8, 11)
05-09 15:30:50.249   720   821 D         : GPU: Client 2096 sends freq request [7, 7]
05-09 15:30:50.250   720   821 D         : GPU: Next Perf Level = (7, 7)
05-09 15:30:50.251  2096 19583 I Clocks  : LockClocks( cpu=4, gpu=5 ) - end (5.1 ms)
05-09 15:30:50.369  2096 19591 I TimeWarp: UpdateClockLevels: Apply pending clock request change: 4,5 -> 4,4
05-09 15:30:50.369  2096 19583 I Clocks  : ReleaseClocks - start
05-09 15:30:50.370   720  8043 D         : CPU_CLUSTER_0: No client requests exists, release clocks
05-09 15:30:50.370   720  8043 D         : CPU_CLUSTER_1: No client requests exists, release clocks
05-09 15:30:50.370   720  8043 D         : GPU: No client requests exists, release clocks
05-09 15:30:50.370   720  8043 D         : CPUBW: No client requests exists, release clocks
05-09 15:30:50.371  2096 19583 I Clocks  : ReleaseClocks - end (1.4 ms)
05-09 15:30:50.371  2096 19583 I Clocks  : LockClocks( cpu=4, gpu=4 ) - start
05-09 15:30:50.371  2096 19583 I Clocks  : CPU levels [0, 4]
05-09 15:30:50.372  2096 19583 I Clocks  : GPU levels [0, 5]
05-09 15:30:50.372   720  8043 D         : CPU_CLUSTER_0: Client 2096 sends freq request [21, 21]
05-09 15:30:50.372   720  8043 D         : CPU_CLUSTER_0: Next Perf Level = (21, 21)
05-09 15:30:50.372   720  8043 D         : CPU_CLUSTER_1: Client 2096 sends freq request [26, 26]
05-09 15:30:50.372   720  8043 D         : CPU_CLUSTER_1: Next Perf Level = (26, 26)
05-09 15:30:50.372   720  8043 D         : CPUBW: Client 2096 sends freq request [8, 11]
05-09 15:30:50.372   720  8043 D         : CPUBW: Next Perf Level = (8, 11)
05-09 15:30:50.373   720  8043 D         : GPU: Client 2096 sends freq request [6, 6]
05-09 15:30:50.373   720  8043 D         : GPU: Next Perf Level = (6, 6)
05-09 15:30:50.373  2096 19583 I Clocks  : LockClocks( cpu=4, gpu=4 ) - end (2.3 ms)
05-09 15:30:50.706   716 19545 I [CT]    : L:Behavior:AtRest: deactivated
05-09 15:30:50.706   716 19545 I [CT]    : AdHocPatch: [Left] t = 62.110s, behavior transition: AtRest -> None at 62.158s
05-09 15:30:50.708  2110  2165 I GuardianSystem: UpdateGuardianSystemState: Flags changed: 524288, 532480
05-09 15:30:50.726   716 19545 I [CT]    : L:Behavior:AtRest: activated
05-09 15:30:50.726   716 19545 I [CT]    : AdHocPatch: [Left] t = 62.126s, behavior transition: None -> AtRest at 62.174s
05-09 15:30:50.739   716 19545 I [CT]    : L:Behavior:AtRest: deactivated
05-09 15:30:50.739  2110  2330 W VrApi   : ovr_SubmitFrameInternal: FrameIndex discontinuity: Expected 126995, Received 127017
05-09 15:30:50.739   716 19545 I [CT]    : AdHocPatch: [Left] t = 62.142s, behavior transition: AtRest -> None at 62.190s
05-09 15:30:50.739  2110  2165 I GuardianSystem: UpdateGuardianSystemState: Flags changed: 532480, 524288
05-09 15:30:50.755  2110  2165 I GuardianSystem: UpdateGuardianSystemState: Flags changed: 524288, 532480
05-09 15:30:50.843  2096 19591 I TimeWarp: UpdateClockLevels: Apply pending clock request change: 4,4 -> 4,5
05-09 15:30:50.843  2096 19583 I Clocks  : ReleaseClocks - start
05-09 15:30:50.843   720  8043 D         : CPU_CLUSTER_0: No client requests exists, release clocks
05-09 15:30:50.843   720  8043 D         : CPU_CLUSTER_1: No client requests exists, release clocks
05-09 15:30:50.843   720  8043 D         : GPU: No client requests exists, release clocks
05-09 15:30:50.844   720  8043 D         : CPUBW: No client requests exists, release clocks
05-09 15:30:50.844  2096 19583 I Clocks  : ReleaseClocks - end (1.2 ms)
05-09 15:30:50.844  2096 19583 I Clocks  : LockClocks( cpu=4, gpu=5 ) - start
05-09 15:30:50.844  2096 19583 I Clocks  : CPU levels [0, 4]
05-09 15:30:50.845  2096 19583 I Clocks  : GPU levels [0, 5]
05-09 15:30:50.845   720  8043 D         : CPU_CLUSTER_0: Client 2096 sends freq request [21, 21]
05-09 15:30:50.845   720  8043 D         : CPU_CLUSTER_0: Next Perf Level = (21, 21)
05-09 15:30:50.845   720  8043 D         : CPU_CLUSTER_1: Client 2096 sends freq request [26, 26]
05-09 15:30:50.845   720  8043 D         : CPU_CLUSTER_1: Next Perf Level = (26, 26)
05-09 15:30:50.845   720  8043 D         : CPUBW: Client 2096 sends freq request [8, 11]
05-09 15:30:50.845   720  8043 D         : CPUBW: Next Perf Level = (8, 11)
05-09 15:30:50.846   720  8043 D         : GPU: Client 2096 sends freq request [7, 7]
05-09 15:30:50.846   720  8043 D         : GPU: Next Perf Level = (7, 7)
05-09 15:30:50.848  2096 19583 I Clocks  : LockClocks( cpu=4, gpu=5 ) - end (3.7 ms)
05-09 15:30:50.912  2110 19617 I Telemetry: App memory usage: PSS=61MB DalvikPSS=1 MB
05-09 15:30:51.086   716 19545 I [CT]    : L:Behavior:AtRest: activated
05-09 15:30:51.086   716 19545 I [CT]    : AdHocPatch: [Left] t = 62.486s, behavior transition: None -> AtRest at 62.534s
05-09 15:30:51.095  2110  2165 I GuardianSystem: UpdateGuardianSystemState: Flags changed: 532480, 524288
05-09 15:30:51.119 19457 19957 I VrApi   : FPS=67,Prd=45ms,Tear=0,Early=0,Stale=15,VSnc=1,Lat=1,Fov=0,CPU4/GPU=4/5,2304/710MHz,OC=FF,TA=0/E0/E0,SP=N/F/F,Mem=1804MHz,Free=1147MB,PSM=0,PLS=0,Temp=30.0C/0.0C,TW=1.30ms,App=12.19ms,GD=0.00ms,CPU&GPU=19.68ms,LCnt=1,GPU%=0.89,CPU%=0.22(W0.26),DSF=1.00
05-09 15:30:51.414  2096 19591 I TimeWarp: UpdateClockLevels: Apply pending clock request change: 4,5 -> 4,4
05-09 15:30:51.414  2096 19583 I Clocks  : ReleaseClocks - start
05-09 15:30:51.414   720  8043 D         : CPU_CLUSTER_0: No client requests exists, release clocks
05-09 15:30:51.414   720  8043 D         : CPU_CLUSTER_1: No client requests exists, release clocks
05-09 15:30:51.414   720  8043 D         : GPU: No client requests exists, release clocks
05-09 15:30:51.415   720  8043 D         : CPUBW: No client requests exists, release clocks
05-09 15:30:51.415  2096 19583 I Clocks  : ReleaseClocks - end (1.0 ms)
05-09 15:30:51.415  2096 19583 I Clocks  : LockClocks( cpu=4, gpu=4 ) - start
05-09 15:30:51.415  2096 19583 I Clocks  : CPU levels [0, 4]
05-09 15:30:51.415  2096 19583 I Clocks  : GPU levels [0, 5]
05-09 15:30:51.416   720  8043 D         : CPU_CLUSTER_0: Client 2096 sends freq request [21, 21]
05-09 15:30:51.416   720  8043 D         : CPU_CLUSTER_0: Next Perf Level = (21, 21)
05-09 15:30:51.416   720  8043 D         : CPU_CLUSTER_1: Client 2096 sends freq request [26, 26]
05-09 15:30:51.416   720  8043 D         : CPU_CLUSTER_1: Next Perf Level = (26, 26)
05-09 15:30:51.416   720  8043 D         : CPUBW: Client 2096 sends freq request [8, 11]
05-09 15:30:51.416   720  8043 D         : CPUBW: Next Perf Level = (8, 11)
05-09 15:30:51.416   720  8043 D         : GPU: Client 2096 sends freq request [6, 6]
05-09 15:30:51.416   720  8043 D         : GPU: Next Perf Level = (6, 6)
05-09 15:30:51.417  2096 19583 I Clocks  : LockClocks( cpu=4, gpu=4 ) - end (1.7 ms)
05-09 15:30:52.127 19457 19957 I VrApi   : FPS=66,Prd=45ms,Tear=0,Early=0,Stale=18,VSnc=1,Lat=1,Fov=0,CPU4/GPU=4/5,2304/670MHz,OC=FF,TA=0/E0/E0,SP=N/F/F,Mem=1804MHz,Free=1150MB,PSM=0,PLS=0,Temp=30.0C/0.0C,TW=1.31ms,App=12.83ms,GD=0.00ms,CPU&GPU=20.14ms,LCnt=1,GPU%=0.92,CPU%=0.27(W0.38),DSF=1.00
05-09 15:30:52.799   716 19566 I [CT]    : HealthReport: ==================================================
05-09 15:30:52.799   716 19566 I [CT]    : Health Report
05-09 15:30:52.799   716 19566 I [CT]    : -------------
05-09 15:30:52.799   716 19566 I [CT]    : 
05-09 15:30:52.799   716 19566 I [CT]    : Reporter #1 (InsideOutHealthMonitor) summary:
05-09 15:30:52.799   716 19566 I [CT]    : Camera: Total Dropped: 0.000000, Total Frame Count: 1597 (0.000000%), Camera Reset Count: 0
05-09 15:30:52.799   716 19566 I [CT]    : Camera: Total Single Camera Frame Dropped: 0, Total Frame Count: 1597 (0.000000%)
05-09 15:30:52.799   716 19566 I [CT]    : IMU: Total Dropped: 0.000000, Total Sample Count: 64097 (0.000000%)
05-09 15:30:52.799   716 19566 I [CT]    : Magnetometer: Total Dropped: 0.000000, Total Sample Count: 1923 (0.000000%)
05-09 15:30:52.799   716 19566 I [CT]    : 
05-09 15:30:52.799   716 19566 I [CT]    : Reporter #1 (InsideOutHealthMonitor) Passed
05-09 15:30:52.799   716 19566 I [CT]    : --------------------------------------------------
05-09 15:30:52.799   716 19566 I [CT]    : Reporter #2 (ConstellationHealthMonitor) summary:
05-09 15:30:52.799   716 19566 I [CT]    : Camera: Total Dropped: 0.000000, Total Frame Count: 1597 (0.000000%), Camera Reset Count: 1
05-09 15:30:52.799   716 19566 I [CT]    : Camera: Total Single Camera Frame Dropped: 0, Total Frame Count: 1597 (0.000000%)
05-09 15:30:52.799   716 19566 I [CT]    : Controller 4212769887286730484:
05-09 15:30:52.799   716 19566 I [CT]    : IMU: Capture period exceeded threshold.  Largest period: 4.287011 sec
05-09 15:30:52.799   716 19566 I [CT]    : Controllers may have been sleeping
05-09 15:30:52.799   716 19566 I [CT]    : IMU: Total Dropped: 0.000000, Total Sample Count: 29960.180000 (0.000000%)
05-09 15:30:52.799   716 19566 I [CT]    : Controller 7745273921483883046:
05-09 15:30:52.799   716 19566 I [CT]    : I
05-09 15:30:53.118 19457 19957 I VrApi   : FPS=72,Prd=45ms,Tear=0,Early=0,Stale=0,VSnc=1,Lat=1,Fov=0,CPU4/GPU=4/4,2304/670MHz,OC=FF,TA=0/E0/E0,SP=N/F/F,Mem=1804MHz,Free=1149MB,PSM=0,PLS=0,Temp=30.0C/0.0C,TW=1.29ms,App=13.07ms,GD=0.00ms,CPU&GPU=16.51ms,LCnt=1,GPU%=0.95,CPU%=0.30(W0.40),DSF=1.00
05-09 15:30:53.502  2096 19591 I TimeWarp: UpdateClockLevels: Apply pending clock request change: 4,4 -> 3,4
05-09 15:30:53.502  2096 19583 I Clocks  : ReleaseClocks - start
05-09 15:30:53.503   720   821 D         : CPU_CLUSTER_0: No client requests exists, release clocks
05-09 15:30:53.503   720   821 D         : CPU_CLUSTER_1: No client requests exists, release clocks
05-09 15:30:53.503   720   821 D         : GPU: No client requests exists, release clocks
05-09 15:30:53.503   720   821 D         : CPUBW: No client requests exists, release clocks
05-09 15:30:53.505  2096 19583 I Clocks  : ReleaseClocks - end (2.9 ms)
05-09 15:30:53.505  2096 19583 I Clocks  : LockClocks( cpu=3, gpu=4 ) - start
05-09 15:30:53.506  2096 19583 I Clocks  : CPU levels [0, 4]
05-09 15:30:53.506  2096 19583 I Clocks  : GPU levels [0, 5]
05-09 15:30:53.507   720   821 D         : CPU_CLUSTER_0: Client 2096 sends freq request [21, 21]
05-09 15:30:53.507   720   821 D         : CPU_CLUSTER_0: Next Perf Level = (21, 21)
05-09 15:30:53.507   720   821 D         : CPU_CLUSTER_1: Client 2096 sends freq request [22, 22]
05-09 15:30:53.507   720   821 D         : CPU_CLUSTER_1: Next Perf Level = (22, 22)
05-09 15:30:53.507   720   821 D         : CPUBW: Client 2096 sends freq request [8, 11]
05-09 15:30:53.507   720   821 D         : CPUBW: Next Perf Level = (8, 11)
05-09 15:30:53.510   720   821 D         : GPU: Client 2096 sends freq request [6, 6]
05-09 15:30:53.511   720   821 D         : GPU: Next Perf Level = (6, 6)
05-09 15:30:53.512  2096 19583 I Clocks  : LockClocks( cpu=3, gpu=4 ) - end (6.1 ms)
05-09 15:30:53.566   716 19545 I [CT]    : L:Behavior:AtRest: deactivated
05-09 15:30:53.566   716 19545 I [CT]    : AdHocPatch: [Left] t = 64.971s, behavior transition: AtRest -> None at 65.018s
05-09 15:30:53.578   716 19545 I [CT]    : L:Behavior:AtRest: activated
05-09 15:30:53.578   716 19545 I [CT]    : AdHocPatch: [Left] t = 64.983s, behavior transition: None -> AtRest at 65.030s
05-09 15:30:53.610   716 19565 I [CT]    : MANAGEMENT:CONSTELLATION: Status=GREEN,, Obj=4212769887286730484,6DOF=1 (estimated),Issues(Cam/min=  0,IMU/min=0), Obj=7745273921483883046,6DOF=1,FusJit=0.0mm,Issues(Cam/min=  0,IMU/min=0)
05-09 15:30:53.718   716 19566 I [CT]    : VIPER:MAP_MANAGER: State: TRACKING_PERSISTENT, UUID=66763325-d6dd-4b99-a8f6-39dc1ccde237, Num. Persistent maps = 2,  Persistent maps:022994f1-0c1e-4a65-9817-b24e9f537401,66763325-d6dd-4b99-a8f6-39dc1ccde237,, Ser. Disabled = 00000000-0000-0000-0000-000000000000
05-09 15:30:53.758   716 19566 I [CT]    : VIPER: Status=6DoF,TRACKING,KF=42,Inl=246,Pts=219,Jit=0.1mm,Issues(Cam/min=0.0,IMU/min=0.0),Exp=(7.2ms,g=9.0,I=81)(4.8ms,g=3.0,I=67)(7.2ms,g=9.0,I=54)(7.0ms,g=8.0,I=68)
05-09 15:30:54.119 19457 19957 I VrApi   : FPS=72,Prd=45ms,Tear=0,Early=0,Stale=0,VSnc=1,Lat=1,Fov=0,CPU4/GPU=4/4,1958/670MHz,OC=FF,TA=0/E0/E0,SP=N/F/F,Mem=1804MHz,Free=1149MB,PSM=0,PLS=0,Temp=30.0C/0.0C,TW=1.31ms,App=13.10ms,GD=0.00ms,CPU&GPU=16.27ms,LCnt=1,GPU%=0.95,CPU%=0.29(W0.40),DSF=1.00
05-09 15:30:54.707   716 19489 I [CT]    : boltlib: DSP utilization(%): 15
05-09 15:30:55.121 19457 19957 I VrApi   : FPS=72,Prd=45ms,Tear=0,Early=0,Stale=0,VSnc=1,Lat=1,Fov=0,CPU4/GPU=3/4,1958/670MHz,OC=FF,TA=0/E0/E0,SP=N/F/F,Mem=1804MHz,Free=1145MB,PSM=0,PLS=0,Temp=30.0C/0.0C,TW=1.31ms,App=12.52ms,GD=0.00ms,CPU&GPU=16.13ms,LCnt=1,GPU%=0.89,CPU%=0.22(W0.35),DSF=1.00
05-09 15:30:55.507  2096 19591 I TimeWarp: UpdateClockLevels: Apply pending clock request change: 3,4 -> 2,4
05-09 15:30:55.507  2096 19583 I Clocks  : ReleaseClocks - start
05-09 15:30:55.508   720  8648 D         : CPU_CLUSTER_0: No client requests exists, release clocks
05-09 15:30:55.508   720  8648 D         : CPU_CLUSTER_1: No client requests exists, release clocks
05-09 15:30:55.508   720  8648 D         : GPU: No client requests exists, release clocks
05-09 15:30:55.509   720  8648 D         : CPUBW: No client requests exists, release clocks
05-09 15:30:55.510  2096 19583 I Clocks  : ReleaseClocks - end (2.3 ms)
05-09 15:30:55.510  2096 19583 I Clocks  : LockClocks( cpu=2, gpu=4 ) - start
05-09 15:30:55.510  2096 19583 I Clocks  : CPU levels [0, 4]
05-09 15:30:55.510  2096 19583 I Clocks  : GPU levels [0, 5]
05-09 15:30:55.511   720  8648 D         : CPU_CLUSTER_0: Client 2096 sends freq request [21, 21]
05-09 15:30:55.511   720  8648 D         : CPU_CLUSTER_0: Next Perf Level = (21, 21)
05-09 15:30:55.511   720  8648 D         : CPU_CLUSTER_1: Client 2096 sends freq request [18, 18]
05-09 15:30:55.511   720  8648 D         : CPU_CLUSTER_1: Next Perf Level = (18, 18)
05-09 15:30:55.511   720  8648 D         : CPUBW: Client 2096 sends freq request [8, 11]
05-09 15:30:55.511   720  8648 D         : CPUBW: Next Perf Level = (8, 11)
05-09 15:30:55.511   720  8648 D         : GPU: Client 2096 sends freq request [6, 6]
05-09 15:30:55.511   720  8648 D         : GPU: Next Perf Level = (6, 6)
05-09 15:30:55.511  2096 19583 I Clocks  : LockClocks( cpu=2, gpu=4 ) - end (1.6 ms)
05-09 15:30:56.008  2096 19591 I TimeWarp: UpdateClockLevels: Apply pending clock request change: 2,4 -> 3,4
05-09 15:30:56.009  2096 19583 I Clocks  : ReleaseClocks - start
05-09 15:30:56.009   720  8043 D         : CPU_CLUSTER_0: No client requests exists, release clocks
05-09 15:30:56.009   720  8043 D         : CPU_CLUSTER_1: No client requests exists, release clocks
05-09 15:30:56.009   720  8043 D         : GPU: No client requests exists, release clocks
05-09 15:30:56.009   720  8043 D         : CPUBW: No client requests exists, release clocks
05-09 15:30:56.010  2096 19583 I Clocks  : ReleaseClocks - end (1.7 ms)
05-09 15:30:56.010  2096 19583 I Clocks  : LockClocks( cpu=3, gpu=4 ) - start
05-09 15:30:56.011  2096 19583 I Clocks  : CPU levels [0, 4]
05-09 15:30:56.011  2096 19583 I Clocks  : GPU levels [0, 5]
05-09 15:30:56.011   720  8043 D         : CPU_CLUSTER_0: Client 2096 sends freq request [21, 21]
05-09 15:30:56.011   720  8043 D         : CPU_CLUSTER_0: Next Perf Level = (21, 21)
05-09 15:30:56.012   720  8043 D         : CPU_CLUSTER_1: Client 2096 sends freq request [22, 22]
05-09 15:30:56.012   720  8043 D         : CPU_CLUSTER_1: Next Perf Level = (22, 22)
05-09 15:30:56.012   720  8043 D         : CPUBW: Client 2096 sends freq request [8, 11]
05-09 15:30:56.012   720  8043 D         : CPUBW: Next Perf Level = (8, 11)
05-09 15:30:56.012   720  8043 D         : GPU: Client 2096 sends freq request [6, 6]
05-09 15:30:56.012   720  8043 D         : GPU: Next Perf Level = (6, 6)
05-09 15:30:56.013  2096 19583 I Clocks  : LockClocks( cpu=3, gpu=4 ) - end (2.0 ms)
05-09 15:30:56.485 19457 19957 I Telemetry: App memory usage: PSS=973MB DalvikPSS=2 MB
05-09 15:30:56.487 19457 19957 I VrApi   : FPS=72,Prd=45ms,Tear=0,Early=0,Stale=0,VSnc=1,Lat=1,Fov=0,CPU4/GPU=3/4,1958/670MHz,OC=FF,TA=0/E0/E0,SP=N/F/F,Mem=1804MHz,Free=1146MB,PSM=0,PLS=0,Temp=30.0C/0.0C,TW=1.24ms,App=14.73ms,GD=0.00ms,CPU&GPU=17.50ms,LCnt=1,GPU%=0.99,CPU%=0.28(W0.40),DSF=1.00
05-09 15:30:56.888 19457 19476 D UE4     : [GameActivity] Used memory: 996486
05-09 15:30:57.126 19457 19957 I VrApi   : FPS=66,Prd=45ms,Tear=0,Early=0,Stale=8,VSnc=1,Lat=1,Fov=0,CPU4/GPU=3/4,1958/670MHz,OC=FF,TA=0/E0/E0,SP=N/F/F,Mem=1804MHz,Free=1146MB,PSM=0,PLS=0,Temp=30.0C/0.0C,TW=1.29ms,App=10.64ms,GD=0.00ms,CPU&GPU=19.13ms,LCnt=1,GPU%=0.76,CPU%=0.26(W0.38),DSF=1.00
05-09 15:30:57.210   716 19565 I [CT]    : MANAGEMENT:CONSTELLATION: Status=GREEN,, Obj=4212769887286730484,6DOF=1 (estimated),Issues(Cam/min=  0,IMU/min=0), Obj=7745273921483883046,6DOF=1,FusJit=0.0mm,Issues(Cam/min=  0,IMU/min=0)
05-09 15:30:57.321   716 19566 I [CT]    : VIPER:MAP_MANAGER: State: TRACKING_PERSISTENT, UUID=66763325-d6dd-4b99-a8f6-39dc1ccde237, Num. Persistent maps = 2,  Persistent maps:022994f1-0c1e-4a65-9817-b24e9f537401,66763325-d6dd-4b99-a8f6-39dc1ccde237,, Ser. Disabled = 00000000-0000-0000-0000-000000000000
05-09 15:30:57.360   716 19566 I [CT]    : VIPER: Status=6DoF,TRACKING,KF=42,Inl=320,Pts=219,Jit=0.2mm,Issues(Cam/min=0.0,IMU/min=0.0),Exp=(8.1ms,g=9.0,I=77)(5.6ms,g=3.0,I=69)(8.1ms,g=9.0,I=63)(6.8ms,g=7.0,I=68)
05-09 15:30:57.478   716 19545 I [CT]    : L:Behavior:AtRest: deactivated
05-09 15:30:57.479   716 19545 I [CT]    : AdHocPatch: [Left] t = 68.882s, behavior transition: AtRest -> None at 68.931s
05-09 15:30:57.489  2110  2165 I GuardianSystem: UpdateGuardianSystemState: Flags changed: 524288, 532480
05-09 15:30:57.492   716 19545 I [CT]    : L:Behavior:AtRest: activated
05-09 15:30:57.493   716 19545 I [CT]    : AdHocPatch: [Left] t = 68.896s, behavior transition: None -> AtRest at 68.945s
05-09 15:30:57.505   716 19545 I [CT]    : L:Behavior:AtRest: deactivated
05-09 15:30:57.505   716 19545 I [CT]    : AdHocPatch: [Left] t = 68.908s, behavior transition: AtRest -> None at 68.957s
05-09 15:30:57.520  2110  2330 W VrApi   : ovr_SubmitFrameInternal: FrameIndex discontinuity: Expected 127044, Received 127236
05-09 15:30:57.679  2096 19591 I TimeWarp: UpdateClockLevels: Apply pending clock request change: 3,4 -> 3,5
05-09 15:30:57.679  2096 19583 I Clocks  : ReleaseClocks - start
05-09 15:30:57.689   720   720 D         : CPU_CLUSTER_0: No client requests exists, release clocks
05-09 15:30:57.689   720   720 D         : CPU_CLUSTER_1: No client requests exists, release clocks
05-09 15:30:57.689   720   720 D         : GPU: No client requests exists, release clocks
05-09 15:30:57.689   720   720 D         : CPUBW: No client requests exists, release clocks
05-09 15:30:57.692  2096 19583 I Clocks  : ReleaseClocks - end (12.9 ms)
05-09 15:30:57.692  2096 19583 I Clocks  : LockClocks( cpu=3, gpu=5 ) - start
05-09 15:30:57.693  2096 19583 I Clocks  : CPU levels [0, 4]
05-09 15:30:57.693  2096 19583 I Clocks  : GPU levels [0, 5]
05-09 15:30:57.693   720   720 D         : CPU_CLUSTER_0: Client 2096 sends freq request [21, 21]
05-09 15:30:57.693   720   720 D         : CPU_CLUSTER_0: Next Perf Level = (21, 21)
05-09 15:30:57.693   720   720 D         : CPU_CLUSTER_1: Client 2096 sends freq request [22, 22]
05-09 15:30:57.693   720   720 D         : CPU_CLUSTER_1: Next Perf Level = (22, 22)
05-09 15:30:57.693   720   720 D         : CPUBW: Client 2096 sends freq request [8, 11]
05-09 15:30:57.693   720   720 D         : CPUBW: Next Perf Level = (8, 11)
05-09 15:30:57.695   720   720 D         : GPU: Client 2096 sends freq request [7, 7]
05-09 15:30:57.695   720   720 D         : GPU: Next Perf Level = (7, 7)
05-09 15:30:57.696  2096 19583 I Clocks  : LockClocks( cpu=3, gpu=5 ) - end (3.5 ms)
05-09 15:30:57.718   716 19545 I [CT]    : L:Behavior:AtRest: activated
05-09 15:30:57.718   716 19545 I [CT]    : AdHocPatch: [Left] t = 69.122s, behavior transition: None -> AtRest at 69.171s
05-09 15:30:57.722  2110  2165 I GuardianSystem: UpdateGuardianSystemState: Flags changed: 532480, 524288
05-09 15:30:57.766   716 19545 I [CT]    : L:Behavior:AtRest: deactivated
05-09 15:30:57.766   716 19545 I [CT]    : AdHocPatch: [Left] t = 69.166s, behavior transition: AtRest -> None at 69.215s
05-09 15:30:57.771  2110  2165 I GuardianSystem: UpdateGuardianSystemState: Flags changed: 524288, 532480
05-09 15:30:57.776   716 19545 I [CT]    : L:Behavior:AtRest: activated
05-09 15:30:57.776   716 19545 I [CT]    : AdHocPatch: [Left] t = 69.180s, behavior transition: None -> AtRest at 69.229s
05-09 15:30:57.801  2110  2330 W VrApi   : ovr_SubmitFrameInternal: FrameIndex discontinuity: Expected 127252, Received 127254
05-09 15:30:57.806  2110  2165 I GuardianSystem: UpdateGuardianSystemState: Flags changed: 532480, 524288
05-09 15:30:58.097  2096 19591 I TimeWarp: UpdateClockLevels: Apply pending clock request change: 3,5 -> 3,4
05-09 15:30:58.097  2096 19583 I Clocks  : ReleaseClocks - start
05-09 15:30:58.098   720  8043 D         : CPU_CLUSTER_0: No client requests exists, release clocks
05-09 15:30:58.098   720  8043 D         : CPU_CLUSTER_1: No client requests exists, release clocks
05-09 15:30:58.098   720  8043 D         : GPU: No client requests exists, release clocks
05-09 15:30:58.098   720  8043 D         : CPUBW: No client requests exists, release clocks
05-09 15:30:58.099  2096 19583 I Clocks  : ReleaseClocks - end (1.6 ms)
05-09 15:30:58.099  2096 19583 I Clocks  : LockClocks( cpu=3, gpu=4 ) - start
05-09 15:30:58.099  2096 19583 I Clocks  : CPU levels [0, 4]
05-09 15:30:58.099  2096 19583 I Clocks  : GPU levels [0, 5]
05-09 15:30:58.100   720  8043 D         : CPU_CLUSTER_0: Client 2096 sends freq request [21, 21]
05-09 15:30:58.100   720  8043 D         : CPU_CLUSTER_0: Next Perf Level = (21, 21)
05-09 15:30:58.100   720  8043 D         : CPU_CLUSTER_1: Client 2096 sends freq request [22, 22]
05-09 15:30:58.100   720  8043 D         : CPU_CLUSTER_1: Next Perf Level = (22, 22)
05-09 15:30:58.100   720  8043 D         : CPUBW: Client 2096 sends freq request [8, 11]
05-09 15:30:58.100   720  8043 D         : CPUBW: Next Perf Level = (8, 11)
05-09 15:30:58.100   720  8043 D         : GPU: Client 2096 sends freq request [6, 6]
05-09 15:30:58.100   720  8043 D         : GPU: Next Perf Level = (6, 6)
05-09 15:30:58.100  2096 19583 I Clocks  : LockClocks( cpu=3, gpu=4 ) - end (1.4 ms)
05-09 15:30:58.129 19457 19957 I VrApi   : FPS=72,Prd=45ms,Tear=0,Early=0,Stale=0,VSnc=1,Lat=1,Fov=0,CPU4/GPU=3/4,1958/670MHz,OC=FF,TA=0/E0/E0,SP=N/F/F,Mem=1804MHz,Free=1146MB,PSM=0,PLS=0,Temp=30.0C/0.0C,TW=1.27ms,App=11.10ms,GD=0.00ms,CPU&GPU=14.34ms,LCnt=1,GPU%=0.74,CPU%=0.25(W0.33),DSF=1.00
05-09 15:30:58.208  2096 19591 I TimeWarp: UpdateClockLevels: Apply pending clock request change: 3,4 -> 2,4
05-09 15:30:58.209  2096 19583 I Clocks  : ReleaseClocks - start
05-09 15:30:58.209   720  8043 D         : CPU_CLUSTER_0: No client requests exists, release clocks
05-09 15:30:58.209   720  8043 D         : CPU_CLUSTER_1: No client requests exists, release clocks
05-09 15:30:58.209   720  8043 D         : GPU: No client requests exists, release clocks
05-09 15:30:58.210   720  8043 D         : CPUBW: No client requests exists, release clocks
05-09 15:30:58.211  2096 19583 I Clocks  : ReleaseClocks - end (1.9 ms)
05-09 15:30:58.211  2096 19583 I Clocks  : LockClocks( cpu=2, gpu=4 ) - start
05-09 15:30:58.211  2096 19583 I Clocks  : CPU levels [0, 4]
05-09 15:30:58.211  2096 19583 I Clocks  : GPU levels [0, 5]
05-09 15:30:58.211   720  8043 D         : CPU_CLUSTER_0: Client 2096 sends freq request [21, 21]
05-09 15:30:58.211   720  8043 D         : CPU_CLUSTER_0: Next Perf Level = (21, 21)
05-09 15:30:58.212   720  8043 D         : CPU_CLUSTER_1: Client 2096 sends freq request [18, 18]
05-09 15:30:58.212   720  8043 D         : CPU_CLUSTER_1: Next Perf Level = (18, 18)
05-09 15:30:58.212   720  8043 D         : CPUBW: Client 2096 sends freq request [8, 11]
05-09 15:30:58.212   720  8043 D         : CPUBW: Next Perf Level = (8, 11)
05-09 15:30:58.212   720  8043 D         : GPU: Client 2096 sends freq request [6, 6]
05-09 15:30:58.212   720  8043 D         : GPU: Next Perf Level = (6, 6)
05-09 15:30:58.212  2096 19583 I Clocks  : LockClocks( cpu=2, gpu=4 ) - end (1.7 ms)
05-09 15:30:58.600   544   591 D AudioFlinger: mixer(0xf0f03940) throttle end: throttle time(1)
05-09 15:30:58.801   716 19566 I [CT]    : HealthReport: ==================================================
05-09 15:30:58.801   716 19566 I [CT]    : Health Report
05-09 15:30:58.801   716 19566 I [CT]    : -------------
05-09 15:30:58.801   716 19566 I [CT]    : 
05-09 15:30:58.801   716 19566 I [CT]    : Reporter #1 (InsideOutHealthMonitor) summary:
05-09 15:30:58.801   716 19566 I [CT]    : Camera: Total Dropped: 0.000000, Total Frame Count: 1747 (0.000000%), Camera Reset Count: 0
05-09 15:30:58.801   716 19566 I [CT]    : Camera: Total Single Camera Frame Dropped: 0, Total Frame Count: 1747 (0.000000%)
05-09 15:30:58.801   716 19566 I [CT]    : IMU: Total Dropped: 0.000000, Total Sample Count: 70099 (0.000000%)
05-09 15:30:58.801   716 19566 I [CT]    : Magnetometer: Total Dropped: 0.000000, Total Sample Count: 2104 (0.000000%)
05-09 15:30:58.801   716 19566 I [CT]    : 
05-09 15:30:58.801   716 19566 I [CT]    : Reporter #1 (InsideOutHealthMonitor) Passed
05-09 15:30:58.801   716 19566 I [CT]    : --------------------------------------------------
05-09 15:30:58.801   716 19566 I [CT]    : Reporter #2 (ConstellationHealthMonitor) summary:
05-09 15:30:58.801   716 19566 I [CT]    : Camera: Total Dropped: 0.000000, Total Frame Count: 1748 (0.000000%), Camera Reset Count: 1
05-09 15:30:58.801   716 19566 I [CT]    : Camera: Total Single Camera Frame Dropped: 0, Total Frame Count: 1748 (0.000000%)
05-09 15:30:58.801   716 19566 I [CT]    : Controller 4212769887286730484:
05-09 15:30:58.801   716 19566 I [CT]    : IMU: Capture period exceeded threshold.  Largest period: 4.287011 sec
05-09 15:30:58.801   716 19566 I [CT]    : Controllers may have been sleeping
05-09 15:30:58.801   716 19566 I [CT]    : IMU: Total Dropped: 0.000000, Total Sample Count: 32961.230500 (0.000000%)
05-09 15:30:58.801   716 19566 I [CT]    : Controller 7745273921483883046:
05-09 15:30:58.801   716 19566 I [CT]    : I
05-09 15:30:59.121 19457 19957 I VrApi   : FPS=70,Prd=45ms,Tear=0,Early=1,Stale=6,VSnc=1,Lat=1,Fov=0,CPU4/GPU=2/4,1651/670MHz,OC=FF,TA=0/E0/E0,SP=N/F/F,Mem=1804MHz,Free=1146MB,PSM=0,PLS=0,Temp=30.0C/0.0C,TW=1.26ms,App=10.53ms,GD=0.00ms,CPU&GPU=16.56ms,LCnt=1,GPU%=0.75,CPU%=0.28(W0.37),DSF=1.00
05-09 15:31:00.120 19457 19957 I VrApi   : FPS=72,Prd=45ms,Tear=0,Early=0,Stale=0,VSnc=1,Lat=1,Fov=0,CPU4/GPU=2/4,1651/670MHz,OC=FF,TA=0/E0/E0,SP=N/F/F,Mem=1804MHz,Free=1145MB,PSM=0,PLS=0,Temp=30.0C/0.0C,TW=1.27ms,App=10.99ms,GD=0.00ms,CPU&GPU=15.40ms,LCnt=1,GPU%=0.77,CPU%=0.38(W0.52),DSF=1.00
05-09 15:31:00.421   716 19545 I [CT]    : L:Behavior:AtRest: deactivated
05-09 15:31:00.421   716 19545 I [CT]    : AdHocPatch: [Left] t = 71.825s, behavior transition: AtRest -> None at 71.874s
05-09 15:31:00.422  2110  2165 I GuardianSystem: UpdateGuardianSystemState: Flags changed: 524288, 532480
05-09 15:31:00.432   716 19545 I [CT]    : L:Behavior:AtRest: activated
05-09 15:31:00.433   716 19545 I [CT]    : AdHocPatch: [Left] t = 71.837s, behavior transition: None -> AtRest at 71.885s
05-09 15:31:00.455  2110  2330 W VrApi   : ovr_SubmitFrameInternal: FrameIndex discontinuity: Expected 127256, Received 127335
05-09 15:31:00.456  2110  2165 I GuardianSystem: UpdateGuardianSystemState: Flags changed: 532480, 524288
05-09 15:31:00.711   716 19489 I [CT]    : boltlib: DSP utilization(%): 15
05-09 15:31:00.810   716 19565 I [CT]    : MANAGEMENT:CONSTELLATION: Status=GREEN,, Obj=4212769887286730484,6DOF=1 (estimated),Issues(Cam/min=  0,IMU/min=0), Obj=7745273921483883046,6DOF=1,FusJit=0.0mm,Issues(Cam/min=  0,IMU/min=0)
05-09 15:31:00.919   716 19566 I [CT]    : VIPER:MAP_MANAGER: State: TRACKING_PERSISTENT, UUID=66763325-d6dd-4b99-a8f6-39dc1ccde237, Num. Persistent maps = 2,  Persistent maps:022994f1-0c1e-4a65-9817-b24e9f537401,66763325-d6dd-4b99-a8f6-39dc1ccde237,, Ser. Disabled = 00000000-0000-0000-0000-000000000000
05-09 15:31:00.959   716 19566 I [CT]    : VIPER: Status=6DoF,TRACKING,KF=42,Inl=268,Pts=219,Jit=0.1mm,Issues(Cam/min=0.0,IMU/min=0.0),Exp=(7.2ms,g=8.0,I=83)(4.7ms,g=3.0,I=68)(7.2ms,g=8.0,I=54)(6.6ms,g=8.0,I=68)
05-09 15:31:01.124 19457 19957 I VrApi   : FPS=72,Prd=44ms,Tear=0,Early=0,Stale=0,VSnc=1,Lat=1,Fov=0,CPU4/GPU=2/4,1651/670MHz,OC=FF,TA=0/E0/E0,SP=N/F/F,Mem=1804MHz,Free=1146MB,PSM=0,PLS=0,Temp=30.0C/0.0C,TW=1.29ms,App=13.04ms,GD=1.75ms,CPU&GPU=17.69ms,LCnt=1,GPU%=0.91,CPU%=0.29(W0.43),DSF=1.00
05-09 15:31:02.125 19457 19957 I VrApi   : FPS=72,Prd=45ms,Tear=0,Early=0,Stale=0,VSnc=1,Lat=1,Fov=0,CPU4/GPU=2/4,1651/670MHz,OC=FF,TA=0/E0/E0,SP=N/F/F,Mem=1804MHz,Free=1146MB,PSM=0,PLS=0,Temp=30.0C/0.0C,TW=1.27ms,App=12.73ms,GD=0.00ms,CPU&GPU=17.80ms,LCnt=1,GPU%=0.91,CPU%=0.35(W0.50),DSF=1.00
05-09 15:31:03.124 19457 19957 I VrApi   : FPS=72,Prd=45ms,Tear=0,Early=0,Stale=0,VSnc=1,Lat=1,Fov=0,CPU4/GPU=2/4,1651/670MHz,OC=FF,TA=0/E0/E0,SP=N/F/F,Mem=1804MHz,Free=1146MB,PSM=0,PLS=0,Temp=30.0C/0.0C,TW=1.28ms,App=12.82ms,GD=0.00ms,CPU&GPU=17.14ms,LCnt=1,GPU%=0.93,CPU%=0.34(W0.48),DSF=1.00
05-09 15:31:04.122 19457 19957 I VrApi   : FPS=72,Prd=45ms,Tear=0,Early=0,Stale=0,VSnc=1,Lat=1,Fov=0,CPU4/GPU=2/4,1651/670MHz,OC=FF,TA=0/E0/E0,SP=N/F/F,Mem=1804MHz,Free=1145MB,PSM=0,PLS=0,Temp=30.0C/0.0C,TW=1.30ms,App=10.68ms,GD=0.00ms,CPU&GPU=16.24ms,LCnt=1,GPU%=0.76,CPU%=0.35(W0.50),DSF=1.00
05-09 15:31:04.410   716 19565 I [CT]    : MANAGEMENT:CONSTELLATION: Status=GREEN,, Obj=4212769887286730484,6DOF=1 (estimated),Issues(Cam/min=  0,IMU/min=0), Obj=7745273921483883046,6DOF=1,FusJit=0.0mm,Issues(Cam/min=  0,IMU/min=0)
05-09 15:31:04.521   716 19566 I [CT]    : VIPER:MAP_MANAGER: State: TRACKING_PERSISTENT, UUID=66763325-d6dd-4b99-a8f6-39dc1ccde237, Num. Persistent maps = 2,  Persistent maps:022994f1-0c1e-4a65-9817-b24e9f537401,66763325-d6dd-4b99-a8f6-39dc1ccde237,, Ser. Disabled = 00000000-0000-0000-0000-000000000000
05-09 15:31:04.562   716 19566 I [CT]    : VIPER: Status=6DoF,TRACKING,KF=42,Inl=325,Pts=219,Jit=0.3mm,Issues(Cam/min=0.0,IMU/min=0.0),Exp=(7.7ms,g=10.0,I=78)(4.8ms,g=4.0,I=68)(7.7ms,g=10.0,I=61)(6.7ms,g=8.0,I=67)
05-09 15:31:04.800   716 19566 I [CT]    : HealthReport: ==================================================
05-09 15:31:04.800   716 19566 I [CT]    : Health Report
05-09 15:31:04.800   716 19566 I [CT]    : -------------
05-09 15:31:04.800   716 19566 I [CT]    : 
05-09 15:31:04.800   716 19566 I [CT]    : Reporter #1 (InsideOutHealthMonitor) summary:
05-09 15:31:04.800   716 19566 I [CT]    : Camera: Total Dropped: 0.000000, Total Frame Count: 1897 (0.000000%), Camera Reset Count: 0
05-09 15:31:04.800   716 19566 I [CT]    : Camera: Total Single Camera Frame Dropped: 0, Total Frame Count: 1897 (0.000000%)
05-09 15:31:04.800   716 19566 I [CT]    : IMU: Total Dropped: 0.000000, Total Sample Count: 76098 (0.000000%)
05-09 15:31:04.800   716 19566 I [CT]    : Magnetometer: Total Dropped: 0.000000, Total Sample Count: 2284 (0.000000%)
05-09 15:31:04.800   716 19566 I [CT]    : 
05-09 15:31:04.800   716 19566 I [CT]    : Reporter #1 (InsideOutHealthMonitor) Passed
05-09 15:31:04.800   716 19566 I [CT]    : --------------------------------------------------
05-09 15:31:04.800   716 19566 I [CT]    : Reporter #2 (ConstellationHealthMonitor) summary:
05-09 15:31:04.800   716 19566 I [CT]    : Camera: Total Dropped: 0.000000, Total Frame Count: 1897 (0.000000%), Camera Reset Count: 1
05-09 15:31:04.800   716 19566 I [CT]    : Camera: Total Single Camera Frame Dropped: 0, Total Frame Count: 1897 (0.000000%)
05-09 15:31:04.800   716 19566 I [CT]    : Controller 4212769887286730484:
05-09 15:31:04.800   716 19566 I [CT]    : IMU: Capture period exceeded threshold.  Largest period: 4.287011 sec
05-09 15:31:04.800   716 19566 I [CT]    : Controllers may have been sleeping
05-09 15:31:04.800   716 19566 I [CT]    : IMU: Total Dropped: 0.000000, Total Sample Count: 35960.284500 (0.000000%)
05-09 15:31:04.800   716 19566 I [CT]    : Controller 7745273921483883046:
05-09 15:31:04.800   716 19566 I [CT]    : I
05-09 15:31:05.103   716 19545 I [CT]    : L:Behavior:AtRest: deactivated
05-09 15:31:05.103   716 19545 I [CT]    : AdHocPatch: [Left] t = 76.507s, behavior transition: AtRest -> None at 76.555s
05-09 15:31:05.118  2110  2165 I GuardianSystem: UpdateGuardianSystemState: Flags changed: 524288, 532480
05-09 15:31:05.123 19457 19957 I VrApi   : FPS=72,Prd=45ms,Tear=0,Early=0,Stale=0,VSnc=1,Lat=1,Fov=0,CPU4/GPU=2/4,1651/670MHz,OC=FF,TA=0/E0/E0,SP=N/F/F,Mem=1804MHz,Free=1145MB,PSM=0,PLS=0,Temp=30.0C/0.0C,TW=1.29ms,App=10.80ms,GD=0.00ms,CPU&GPU=14.80ms,LCnt=1,GPU%=0.77,CPU%=0.33(W0.43),DSF=1.00
05-09 15:31:05.150  2110  2330 W VrApi   : ovr_SubmitFrameInternal: FrameIndex discontinuity: Expected 127337, Received 127477
05-09 15:31:05.255   716 19545 I [CT]    : L:Behavior:AtRest: activated
05-09 15:31:05.255   716 19545 I [CT]    : AdHocPatch: [Left] t = 76.659s, behavior transition: None -> AtRest at 76.707s
05-09 15:31:05.264  2110  2165 I GuardianSystem: UpdateGuardianSystemState: Flags changed: 532480, 524288
05-09 15:31:05.303   716 19545 I [CT]    : L:Behavior:AtRest: deactivated
05-09 15:31:05.303   716 19545 I [CT]    : AdHocPatch: [Left] t = 76.707s, behavior transition: AtRest -> None at 76.755s
05-09 15:31:05.312  2110  2165 I GuardianSystem: UpdateGuardianSystemState: Flags changed: 524288, 532480
05-09 15:31:05.319   716 19545 I [CT]    : L:Behavior:AtRest: activated
05-09 15:31:05.319   716 19545 I [CT]    : AdHocPatch: [Left] t = 76.723s, behavior transition: None -> AtRest at 76.771s
05-09 15:31:05.340   716 19545 I [CT]    : L:Behavior:AtRest: deactivated
