05-15 11:36:18.052  1050  1075 W InputDispatcher: Attempted to unregister already unregistered input channel 'b219995 com.YourCompany.ToysGame/com.epicgames.ue4.GameActivity (server)'
05-15 11:36:18.217 18743 18773 I RvrPnl  : FPS=61.534/139.491/8.50558, MSPF=0.0162512/7.1689/117.57, MEMALLOC=10.3671
05-15 11:36:18.287  1801 18734 I VrApi   : FPS=58,Prd=45ms,Tear=0,Early=50,Stale=16,VSnc=1,Lat=1,Fov=0,CPU4/GPU=4/4,2304/670MHz,OC=FF,TA=0/E0/0,SP=N/F/N,Mem=1804MHz,Free=1213MB,PSM=0,PLS=0,Temp=27.0C/0.0C,TW=1.66ms,App=5.00ms,GD=0.00ms,CPU&GPU=13.68ms,LCnt=2,GPU%=0.41,CPU%=0.67(W0.73),DSF=1.00
05-15 11:36:18.306   714 18464 I [CT]    : MANAGEMENT:CONSTELLATION: Status=GREEN,, Obj=4212769887286730484,6DOF=1,FusJit=0.04mm,Issues(Cam/min=  0,IMU/min=0), Obj=7745273921483883046,6DOF=1,FusJit=0.0mm,Issues(Cam/min=  0,IMU/min=0)
05-15 11:36:18.510  1474 18842 W ContextImpl: Calling a method in the system process without a qualified user: android.app.ContextImpl.sendBroadcast:877 android.content.ContextWrapper.sendBroadcast:421 com.facebook.analytics2.logger.UploadServiceBus.signalJobRan:60 com.facebook.analytics2.logger.UploadJobHandler.exitStateMachine:267 com.facebook.analytics2.logger.UploadJobHandler.handleMessage:97 
05-15 11:36:18.513  1474  2018 I UploadManager: Scheduling jobbId 2131165248 within interval (900000, 2700000)
05-15 11:36:18.681 18743 18760 I GraphQLPrefetch: Completed request for 3650349081704479 in 1765ms
05-15 11:36:18.689  1801  2351 I OVRPlatform: [CurlHttpClient] Executing HTTP request: https://graph.oculus.com//v1.20/me?fields=current_party{id,leader{id},join_policy,users{id,alias,can_viewer_message,display_name,profile_url,profile_url_small,presence,presence_status,presence_app{id,package_name},presence_deeplink_joinable,presence_deeplink_message,presence_destination_api_name,presence_scoped_user_id,avatar_v2{avatar_image{uri}}},invited_users{id,alias,can_viewer_message,display_name,profile_url,profile_url_small,presence,presence_status,presence_app{id,package_name},avatar_v2{avatar_image{uri}}}}&app_version=210946745
05-15 11:36:18.695 18743 18760 I GraphQLPrefetch: Pushing prefetch responses
05-15 11:36:18.708 18743 18798 I RCTVR_HERMES: [info]: Got data for docid=3650349081704479 from native prefetch
05-15 11:36:18.752  1801  2352 I OVRPlatform: [HttpRequest] Request `me?fields=current_party{id,leader{id},join_policy,users{id,alias,can_viewer_message,display_name,profile_url,profile_url_small,presence,presence_status,presence_app{id,package_name},presence_deeplink_joinable,presence_deeplink_message,presence_destination_api_name,presence_scoped_user_id,avatar_v2{avatar_image{uri}}},invited_users{id,alias,can_viewer_message,display_name,profile_url,profile_url_small,presence,presence_status,presence_app{id,package_name},avatar_v2{avatar_image{uri}}}}' (id: 12325) succeeded: {"id":"102449717587751"}
05-15 11:36:18.752  1801  2352 I OVRPlatform: [RequestStopwatch] HttpRequestAsync (me?fields=current_party{id,leader{id},join_policy,users{id,alias,can_viewer_message,display_name,profile_url,profile_url_small,presence,presence_status,presence_app{id,package_name},presence_deeplink_joinable,presence_deeplink_message,presence_destination_api_name,presence_scoped_user_id,avatar_v2{avatar_image{uri}}},invited_users{id,alias,can_viewer_message,display_name,profile_url,profile_url_small,presence,presence_status,presence_app{id,package_name},avatar_v2{avatar_image{uri}}}}) took 63.6000 milliseconds
05-15 11:36:18.757  1801  1877 I [OAR] PartyManager: Party Response Parse Time: 0.065365ms
05-15 11:36:18.774 18743 18798 I ReactNativeExecutorHermes: Timestamp- markerPoint: 11740299
05-15 11:36:18.788 18743 18773 D OculusLogger: reportQuickExperimentExposure(sessionless__oculus_store_landing_disk_cache, test, 102449717587751)
05-15 11:36:18.788 18743 18773 D OculusLogger: reportQuickExperimentExposure(sessionless__oculus_feed_scroll_tray_universe, test_always, 102449717587751)
05-15 11:36:18.865   714 18464 I [CT]    : CONSTELLATION: L: Detected static motion, applying constant pose priors.
05-15 11:36:19.225 18743 18773 I RvrPnl  : FPS=71.6233/193.918/49.1388, MSPF=0.0139619/5.15682/20.3505, MEMALLOC=10.3671
05-15 11:36:19.234 18743 18773 D OculusLogger: reportQuickExperimentExposure(sessionless__oculus_feed_scroll_tray_universe, test_always, 102449717587751)
05-15 11:36:19.261 18743 18773 I RCTVR   : "1743:failed to set param 'bottom' value '\"auto\"' with error 'Expected percentage in string but got '\"auto\"''"
05-15 11:36:19.261 18743 18773 I RCTVR   : "1765:failed to set param 'bottom' value '\"auto\"' with error 'Expected percentage in string but got '\"auto\"''"
05-15 11:36:19.264 18743 18798 I ReactNativeExecutorHermes: Timestamp- markerEnd: 11740788
05-15 11:36:19.264 18743 18798 I RCTVR_HERMES: [info]: 'oculus_home_tti', { home_version: '210938855/16.0.0.138.450/production',
05-15 11:36:19.264 18743 18798 I RCTVR_HERMES:   location: '/prime',
05-15 11:36:19.264 18743 18798 I RCTVR_HERMES:   os_version: 'user-602380.24900.0',
05-15 11:36:19.264 18743 18798 I RCTVR_HERMES:   service_name: 'EXPLORE',
05-15 11:36:19.264 18743 18798 I RCTVR_HERMES:   shell_version: '210946745/16.0.0.139.450/',
05-15 11:36:19.264 18743 18798 I RCTVR_HERMES:   startup_latency_ms: 2659.8070480003953,
05-15 11:36:19.264 18743 18798 I RCTVR_HERMES:   tti_type: 'cold_start_page_loaded',
05-15 11:36:19.264 18743 18798 I RCTVR_HERMES:   vrshell_panel_app_index: 9,
05-15 11:36:19.264 18743 18798 I RCTVR_HERMES:   qe_native_prefetch: 1,
05-15 11:36:19.264 18743 18798 I RCTVR_HERMES:   qe_relay_disk_cache: 0 }
05-15 11:36:19.276 18743 18828 I OVR_MemBuffer: Couldn't open assets/src/ocicon/assets/oc_icon_play_filled_2_24_d2d3d4.png: No such file or directory
05-15 11:36:19.277 18743 18829 I OVR_MemBuffer: Couldn't open assets/src/ocicon/assets/oc_icon_library_filled_2_24_d2d3d4.png: No such file or directory
05-15 11:36:19.277 18743 18828 I OVR_MemBuffer: Couldn't open assets/src/ocicon/assets/oc_icon_star_full_outline_1_12_d2d3d4.png: No such file or directory
05-15 11:36:19.277 18743 18830 I OVR_MemBuffer: Couldn't open assets/src/ocicon/assets/oc_icon_to_top_outline_1_24_d2d3d4.png: No such file or directory
05-15 11:36:19.278 18743 18830 I OVR_MemBuffer: Couldn't open assets/src/ocicon/assets/oc_icon_chevron_down_outline_1_24_d2d3d4.png: No such file or directory
05-15 11:36:19.288  1801 18734 I VrApi   : FPS=72,Prd=45ms,Tear=0,Early=68,Stale=0,VSnc=1,Lat=1,Fov=0,CPU4/GPU=4/4,2304/670MHz,OC=FF,TA=0/E0/0,SP=N/F/N,Mem=1804MHz,Free=1207MB,PSM=0,PLS=0,Temp=27.0C/0.0C,TW=1.94ms,App=6.24ms,GD=0.00ms,CPU&GPU=10.67ms,LCnt=3,GPU%=0.52,CPU%=0.10(W0.24),DSF=1.00
05-15 11:36:19.309 18743 18773 I RCTVR   : Marker feed_component_marker: duration=47.910828ms start=11740786.8708500005 end=11740834.7816780005
05-15 11:36:19.345 18743 18773 D OculusLogger: reportQuickExperimentExposure(sessionless__oculus_mobile_explore_prefetching, test, 102449717587751)
05-15 11:36:19.345 18743 18773 D OculusLogger: reportQuickExperimentExposure(sessionless__oculus_mobile_explore_prefetching, test, 102449717587751)
05-15 11:36:19.345 18743 18773 D OculusLogger: reportQuickExperimentExposure(sessionless__oculus_feed_pagination_early_fetch, control, 102449717587751)
05-15 11:36:19.347 18743 18829 I OVR_MemBuffer: Couldn't open assets/src/ocicon/assets/oc_icon_to_top_outline_1_24_d2d3d4.png: No such file or directory
05-15 11:36:19.347 18743 18830 I OVR_MemBuffer: Couldn't open assets/src/ocicon/assets/oc_icon_chevron_down_outline_1_24_d2d3d4.png: No such file or directory
05-15 11:36:19.352 18743 18773 W RCTVR   : ReactImageLoader::LoadImage was called for 'apk:///assets/src/ocicon/assets/oc_icon_to_top_outline_1_24_d2d3d4.png' but it was not referenced
05-15 11:36:19.352 18743 18773 W RCTVR   : ReactImageLoader::LoadImage was called for 'apk:///assets/src/ocicon/assets/oc_icon_chevron_down_outline_1_24_d2d3d4.png' but it was not referenced
05-15 11:36:19.355 18743 18773 I RCTVR   : Allocated offscreen texture 32, size 153x40
05-15 11:36:19.359   714 18449 D TrackingService: [HANDTRACKING] Controller 3a76c3e46c301ef4 in hand: N, valid: Y
05-15 11:36:19.373  1474  2007 I UploadManager: Scheduling jobbId 2131165248 within interval (0, 1800000)
05-15 11:36:19.490   714 18398 I [CT]    : boltlib: DSP utilization(%): 17
05-15 11:36:19.575 18743 18807 I RCTVRNET: Request complete: time=324 name=OCRelayNetwork_LibraryLiveShelfMonitorQuery docid=3586350318104960 traceid=COUOlclNhAp code=200
05-15 11:36:19.623 18743 18773 D OculusLogger: reportQuickExperimentExposure(sessionless__oculus_feed_scroll_tray_universe, test_always, 102449717587751)
