05-11 12:55:48.729  2099  2177 E Security-LocalReporter: UID '10043' is shared by multiple packages: [com.oculus.home, com.oculus.horizon]
05-11 12:55:48.739  2099  2177 I LibraryProvider: running queryApp(com.oculus.vrshell.home) for com.oculus.uid:10043
05-11 12:55:48.740  2099  2177 W LibraryProvider: Cannot find entitlement for com.oculus.vrshell.home
05-11 12:55:48.741  1774  1907 W OVRLibrary: null cursor received for query content://com.oculus.ocms.library/apps/com.oculus.vrshell.home
05-11 12:55:49.075   720  7458 I [CT]    : VIPER:MAP_MANAGER: State: TRACKING_PERSISTENT, UUID=ed2bde7a-0e1d-413c-9ec5-b40bd0ba40f4, Num. Persistent maps = 3,  Persistent maps:f7929d7a-d62f-4cab-ba07-8335c6f7b640,022994f1-0c1e-4a65-9817-b24e9f537401,ed2bde7a-0e1d-413c-9ec5-b40bd0ba40f4,, Ser. Disabled = 00000000-0000-0000-0000-000000000000
05-11 12:55:49.078  7328  7736 I VrApi   : FPS=72,Prd=44ms,Tear=0,Early=0,Stale=0,VSnc=1,Lat=1,Fov=0,CPU4/GPU=2/4,1651/670MHz,OC=FF,TA=0/E0/E0,SP=N/F/F,Mem=1804MHz,Free=1168MB,PSM=0,PLS=0,Temp=29.0C/0.0C,TW=1.30ms,App=13.99ms,GD=0.00ms,CPU&GPU=21.03ms,LCnt=1,GPU%=0.99,CPU%=0.22(W0.32),DSF=1.00
05-11 12:55:49.116   720  7458 I [CT]    : VIPER: Status=6DoF,TRACKING,KF=61,Inl=221,Pts=180,Jit=0.1mm,Issues(Cam/min=0.0,IMU/min=0.0),Exp=(11.9ms,g=14.0,I=80)(6.7ms,g=7.0,I=68)(11.9ms,g=14.0,I=60)(9.7ms,g=13.0,I=68)
05-11 12:55:49.172  1478  7756 W ContextImpl: Calling a method in the system process without a qualified user: android.app.ContextImpl.sendBroadcast:877 android.content.ContextWrapper.sendBroadcast:421 com.facebook.analytics2.logger.UploadServiceBus.signalJobRan:60 com.facebook.analytics2.logger.UploadJobHandler.exitStateMachine:267 com.facebook.analytics2.logger.UploadJobHandler.handleMessage:97 
05-11 12:55:49.173   720  7442 I [CT]    : L:Behavior:AtRest: activated
05-11 12:55:49.173   720  7442 I [CT]    : AdHocPatch: [Right] t = 47.262s, behavior transition: None -> AtRest at 47.313s
05-11 12:55:49.195   720  7442 I [CT]    : L:Behavior:AtRest: deactivated
05-11 12:55:49.195   720  7442 I [CT]    : AdHocPatch: [Right] t = 47.284s, behavior transition: AtRest -> None at 47.335s
05-11 12:55:49.254   720  7442 I [CT]    : L:Behavior:AtRest: activated
05-11 12:55:49.254   720  7442 I [CT]    : AdHocPatch: [Right] t = 47.344s, behavior transition: None -> AtRest at 47.395s
05-11 12:55:49.299   720  7442 I [CT]    : L:Behavior:AtRest: deactivated
05-11 12:55:49.299   720  7442 I [CT]    : AdHocPatch: [Right] t = 47.388s, behavior transition: AtRest -> None at 47.439s
05-11 12:55:49.321   720  7442 I [CT]    : L:Behavior:AtRest: activated
05-11 12:55:49.321   720  7442 I [CT]    : AdHocPatch: [Right] t = 47.408s, behavior transition: None -> AtRest at 47.459s
05-11 12:55:49.413   720  7442 I [CT]    : L:Behavior:AtRest: deactivated
05-11 12:55:49.413   720  7442 I [CT]    : AdHocPatch: [Right] t = 47.501s, behavior transition: AtRest -> None at 47.553s
05-11 12:55:49.524   720  7457 I [CT]    : MANAGEMENT:CONSTELLATION: Status=GREEN,, Obj=4212769887286730484,6DOF=1,FusJit=0.005mm,Issues(Cam/min=  0,IMU/min=0), Obj=7745273921483883046,6DOF=1,Issues(Cam/min=  0,IMU/min=0)
05-11 12:55:50.024   720  7388 I [CT]    : boltlib: DSP utilization(%): 17
05-11 12:55:50.082  7328  7736 I VrApi   : FPS=72,Prd=44ms,Tear=0,Early=0,Stale=0,VSnc=1,Lat=1,Fov=0,CPU4/GPU=2/4,1651/670MHz,OC=FF,TA=0/E0/E0,SP=N/F/F,Mem=1804MHz,Free=1169MB,PSM=0,PLS=0,Temp=29.0C/0.0C,TW=1.26ms,App=13.95ms,GD=0.00ms,CPU&GPU=22.55ms,LCnt=1,GPU%=1.00,CPU%=0.30(W0.39),DSF=1.00
05-11 12:55:51.077  7328  7736 I VrApi   : FPS=71,Prd=44ms,Tear=0,Early=0,Stale=3,VSnc=1,Lat=1,Fov=0,CPU4/GPU=2/4,1651/670MHz,OC=FF,TA=0/E0/E0,SP=N/F/F,Mem=1804MHz,Free=1167MB,PSM=0,PLS=0,Temp=29.0C/0.0C,TW=1.29ms,App=14.08ms,GD=0.00ms,CPU&GPU=22.07ms,LCnt=1,GPU%=0.97,CPU%=0.32(W0.45),DSF=1.00
05-11 12:55:51.628  2115  7499 I TimeWarp: UpdateClockLevels: Apply pending clock request change: 2,4 -> 3,4
05-11 12:55:51.628  2115  7469 I Clocks  : ReleaseClocks - start
05-11 12:55:51.629   723  7608 D         : CPU_CLUSTER_0: No client requests exists, release clocks
05-11 12:55:51.629   723  7608 D         : CPU_CLUSTER_1: No client requests exists, release clocks
05-11 12:55:51.629   723  7608 D         : GPU: No client requests exists, release clocks
05-11 12:55:51.629   723  7608 D         : CPUBW: No client requests exists, release clocks
05-11 12:55:51.630  2115  7469 I Clocks  : ReleaseClocks - end (1.6 ms)
05-11 12:55:51.630  2115  7469 I Clocks  : LockClocks( cpu=3, gpu=4 ) - start
05-11 12:55:51.630  2115  7469 I Clocks  : CPU levels [0, 4]
05-11 12:55:51.630  2115  7469 I Clocks  : GPU levels [0, 5]
05-11 12:55:51.631   723  7608 D         : CPU_CLUSTER_0: Client 2115 sends freq request [21, 21]
05-11 12:55:51.631   723  7608 D         : CPU_CLUSTER_0: Next Perf Level = (21, 21)
05-11 12:55:51.631   723  7608 D         : CPU_CLUSTER_1: Client 2115 sends freq request [22, 22]
05-11 12:55:51.631   723  7608 D         : CPU_CLUSTER_1: Next Perf Level = (22, 22)
05-11 12:55:51.631   723  7608 D         : CPUBW: Client 2115 sends freq request [8, 11]
05-11 12:55:51.631   723  7608 D         : CPUBW: Next Perf Level = (8, 11)
05-11 12:55:51.631   723  7608 D         : GPU: Client 2115 sends freq request [6, 6]
05-11 12:55:51.631   723  7608 D         : GPU: Next Perf Level = (6, 6)
05-11 12:55:51.632  2115  7469 I Clocks  : LockClocks( cpu=3, gpu=4 ) - end (1.9 ms)
05-11 12:55:52.077  7328  7736 I VrApi   : FPS=70,Prd=44ms,Tear=0,Early=0,Stale=3,VSnc=1,Lat=1,Fov=0,CPU4/GPU=2/4,1958/670MHz,OC=FF,TA=0/E0/E0,SP=N/F/F,Mem=1804MHz,Free=1170MB,PSM=0,PLS=0,Temp=29.0C/0.0C,TW=1.30ms,App=16.17ms,GD=0.00ms,CPU&GPU=21.58ms,LCnt=1,GPU%=0.96,CPU%=0.34(W0.50),DSF=1.00
05-11 12:55:52.677   720  7458 I [CT]    : VIPER:MAP_MANAGER: State: TRACKING_PERSISTENT, UUID=ed2bde7a-0e1d-413c-9ec5-b40bd0ba40f4, Num. Persistent maps = 3,  Persistent maps:f7929d7a-d62f-4cab-ba07-8335c6f7b640,022994f1-0c1e-4a65-9817-b24e9f537401,ed2bde7a-0e1d-413c-9ec5-b40bd0ba40f4,, Ser. Disabled = 00000000-0000-0000-0000-000000000000
05-11 12:55:52.717   720  7458 I [CT]    : VIPER: Status=6DoF,TRACKING,KF=61,Inl=279,Pts=180,Jit=0.1mm,Issues(Cam/min=0.0,IMU/min=0.0),Exp=(12.1ms,g=14.0,I=80)(7.2ms,g=9.0,I=71)(12.1ms,g=14.0,I=61)(9.6ms,g=12.0,I=67)
05-11 12:55:53.080  7328  7736 I VrApi   : FPS=65,Prd=44ms,Tear=0,Early=0,Stale=18,VSnc=1,Lat=1,Fov=0,CPU4/GPU=3/4,1958/670MHz,OC=FF,TA=0/E0/E0,SP=N/F/F,Mem=1804MHz,Free=1170MB,PSM=0,PLS=0,Temp=29.0C/0.0C,TW=1.30ms,App=13.77ms,GD=0.00ms,CPU&GPU=23.64ms,LCnt=1,GPU%=0.96,CPU%=0.22(W0.32),DSF=1.00
05-11 12:55:53.126   720  7457 I [CT]    : MANAGEMENT:CONSTELLATION: Status=GREEN,, Obj=4212769887286730484,6DOF=1,FusJit=0.02mm,Issues(Cam/min=  0,IMU/min=0), Obj=7745273921483883046,6DOF=1,FusJit=0.0mm,Issues(Cam/min=  0,IMU/min=0)
05-11 12:55:53.636   720  7458 I [CT]    : HealthReport: ==================================================
05-11 12:55:53.636   720  7458 I [CT]    : Health Report
05-11 12:55:53.636   720  7458 I [CT]    : -------------
05-11 12:55:53.636   720  7458 I [CT]    : 
05-11 12:55:53.636   720  7458 I [CT]    : Reporter #1 (InsideOutHealthMonitor) summary:
05-11 12:55:53.636   720  7458 I [CT]    : Camera: Total Dropped: 0.000000, Total Frame Count: 1284 (0.000000%), Camera Reset Count: 0
05-11 12:55:53.636   720  7458 I [CT]    : Camera: Total Single Camera Frame Dropped: 0, Total Frame Count: 1284 (0.000000%)
05-11 12:55:53.636   720  7458 I [CT]    : IMU: Total Dropped: 0.000000, Total Sample Count: 51606 (0.000000%)
05-11 12:55:53.636   720  7458 I [CT]    : Magnetometer: Total Dropped: 0.000000, Total Sample Count: 1549 (0.000000%)
05-11 12:55:53.636   720  7458 I [CT]    : 
05-11 12:55:53.636   720  7458 I [CT]    : Reporter #1 (InsideOutHealthMonitor) Passed
05-11 12:55:53.636   720  7458 I [CT]    : --------------------------------------------------
05-11 12:55:53.636   720  7458 I [CT]    : Reporter #2 (ConstellationHealthMonitor) summary:
05-11 12:55:53.636   720  7458 I [CT]    : Camera: Total Dropped: 0.000000, Total Frame Count: 1285 (0.000000%), Camera Reset Count: 1
05-11 12:55:53.636   720  7458 I [CT]    : Camera: Total Single Camera Frame Dropped: 0, Total Frame Count: 1285 (0.000000%)
05-11 12:55:53.636   720  7458 I [CT]    : Controller 4212769887286730484:
05-11 12:55:53.636   720  7458 I [CT]    : IMU: Capture period exceeded threshold.  Largest period: 4.256255 sec
05-11 12:55:53.636   720  7458 I [CT]    : Controllers may have been sleeping
05-11 12:55:53.636   720  7458 I [CT]    : IMU: Total Dropped: 0.000000, Total Sample Count: 23736.416500 (0.000000%)
05-11 12:55:53.636   720  7458 I [CT]    : Controller 7745273921483883046:
05-11 12:55:53.636   720  7458 I [CT]    : I
05-11 12:55:54.079  7328  7736 I VrApi   : FPS=66,Prd=45ms,Tear=0,Early=0,Stale=18,VSnc=1,Lat=1,Fov=0,CPU4/GPU=3/4,1958/670MHz,OC=FF,TA=0/E0/E0,SP=N/F/F,Mem=1804MHz,Free=1170MB,PSM=0,PLS=0,Temp=29.0C/0.0C,TW=1.31ms,App=14.13ms,GD=0.00ms,CPU&GPU=23.77ms,LCnt=1,GPU%=0.95,CPU%=0.21(W0.27),DSF=1.00
05-11 12:55:55.078  7328  7736 I VrApi   : FPS=65,Prd=44ms,Tear=0,Early=0,Stale=21,VSnc=1,Lat=1,Fov=0,CPU4/GPU=3/4,1958/670MHz,OC=FF,TA=0/E0/E0,SP=N/F/F,Mem=1804MHz,Free=1171MB,PSM=0,PLS=0,Temp=29.0C/0.0C,TW=1.29ms,App=14.82ms,GD=0.00ms,CPU&GPU=23.80ms,LCnt=1,GPU%=0.94,CPU%=0.23(W0.32),DSF=1.00
05-11 12:55:55.636  7328  7743 I TrackingServiceClient: setting simple haptics, but not yet connected to socket, open connection...
05-11 12:55:55.636   720   822 I TrackingService: virtual android::binder::Status OVR::OS::Tracking::TrackingService::getTrackingSocketFileDescriptor(android::os::ParcelFileDescriptor *)
05-11 12:55:55.636   720   822 D TrackingService: haptic socket already exists
05-11 12:55:55.698  7328  7347 D UE4     : [GameActivity] Used memory: 975189
05-11 12:55:55.749  2115  7499 I TimeWarp: UpdateClockLevels: Apply pending clock request change: 3,4 -> 4,4
05-11 12:55:55.749  2115  7469 I Clocks  : ReleaseClocks - start
05-11 12:55:55.750   723  2163 D         : CPU_CLUSTER_0: No client requests exists, release clocks
05-11 12:55:55.750   723  2163 D         : CPU_CLUSTER_1: No client requests exists, release clocks
05-11 12:55:55.750   723  2163 D         : GPU: No client requests exists, release clocks
05-11 12:55:55.750   723  2163 D         : CPUBW: No client requests exists, release clocks
05-11 12:55:55.751  2115  7469 I Clocks  : ReleaseClocks - end (1.5 ms)
05-11 12:55:55.751  2115  7469 I Clocks  : LockClocks( cpu=4, gpu=4 ) - start
05-11 12:55:55.752  2115  7469 I Clocks  : CPU levels [0, 4]
05-11 12:55:55.752  2115  7469 I Clocks  : GPU levels [0, 5]
05-11 12:55:55.752   723  2163 D         : CPU_CLUSTER_0: Client 2115 sends freq request [21, 21]
05-11 12:55:55.752   723  2163 D         : CPU_CLUSTER_0: Next Perf Level = (21, 21)
05-11 12:55:55.753   723  2163 D         : CPU_CLUSTER_1: Client 2115 sends freq request [26, 26]
05-11 12:55:55.753   723  2163 D         : CPU_CLUSTER_1: Next Perf Level = (26, 26)
05-11 12:55:55.753   723  2163 D         : CPUBW: Client 2115 sends freq request [8, 11]
05-11 12:55:55.753   723  2163 D         : CPUBW: Next Perf Level = (8, 11)
05-11 12:55:55.754   723  2163 D         : GPU: Client 2115 sends freq request [6, 6]
05-11 12:55:55.754   723  2163 D         : GPU: Next Perf Level = (6, 6)
05-11 12:55:55.754  2115  7469 I Clocks  : LockClocks( cpu=4, gpu=4 ) - end (2.7 ms)
05-11 12:55:55.907  1478  2003 I UploadManager: Scheduling jobbId 2131165248 within interval (900000, 2700000)
05-11 12:55:56.025   720  7388 I [CT]    : boltlib: DSP utilization(%): 17
05-11 12:55:56.078  7328  7736 I VrApi   : FPS=66,Prd=44ms,Tear=0,Early=0,Stale=18,VSnc=1,Lat=1,Fov=0,CPU4/GPU=3/4,2304/670MHz,OC=FF,TA=0/E0/E0,SP=N/F/F,Mem=1804MHz,Free=1170MB,PSM=0,PLS=0,Temp=29.0C/0.0C,TW=1.28ms,App=15.22ms,GD=0.00ms,CPU&GPU=23.25ms,LCnt=1,GPU%=0.96,CPU%=0.27(W0.35),DSF=1.00
05-11 12:55:56.278   720  7458 I [CT]    : VIPER:MAP_MANAGER: State: TRACKING_PERSISTENT, UUID=ed2bde7a-0e1d-413c-9ec5-b40bd0ba40f4, Num. Persistent maps = 3,  Persistent maps:f7929d7a-d62f-4cab-ba07-8335c6f7b640,022994f1-0c1e-4a65-9817-b24e9f537401,ed2bde7a-0e1d-413c-9ec5-b40bd0ba40f4,, Ser. Disabled = 00000000-0000-0000-0000-000000000000
05-11 12:55:56.318   720  7458 I [CT]    : VIPER: Status=6DoF,TRACKING,KF=61,Inl=248,Pts=180,Jit=0.1mm,Issues(Cam/min=0.0,IMU/min=0.0),Exp=(13.8ms,g=15.0,I=82)(7.3ms,g=9.0,I=68)(13.8ms,g=15.0,I=60)(10.6ms,g=14.0,I=68)
05-11 12:55:56.726   720  7457 I [CT]    : MANAGEMENT:CONSTELLATION: Status=GREEN,, Obj=4212769887286730484,6DOF=1,FusJit=0.004mm,Issues(Cam/min=  0,IMU/min=0), Obj=7745273921483883046,6DOF=1,FusJit=0.0mm,Issues(Cam/min=  0,IMU/min=0)
05-11 12:55:57.078  7328  7736 I VrApi   : FPS=63,Prd=44ms,Tear=0,Early=0,Stale=24,VSnc=1,Lat=1,Fov=0,CPU4/GPU=4/4,2304/670MHz,OC=FF,TA=0/E0/E0,SP=N/F/F,Mem=1804MHz,Free=1168MB,PSM=0,PLS=0,Temp=29.0C/0.0C,TW=1.30ms,App=14.28ms,GD=0.00ms,CPU&GPU=24.35ms,LCnt=1,GPU%=0.97,CPU%=0.19(W0.32),DSF=1.00
05-11 12:55:58.079  7328  7736 I VrApi   : FPS=64,Prd=44ms,Tear=0,Early=0,Stale=27,VSnc=1,Lat=1,Fov=0,CPU4/GPU=4/4,2304/670MHz,OC=FF,TA=0/E0/E0,SP=N/F/F,Mem=1804MHz,Free=1169MB,PSM=0,PLS=0,Temp=29.0C/0.0C,TW=1.30ms,App=15.41ms,GD=0.00ms,CPU&GPU=23.92ms,LCnt=1,GPU%=0.96,CPU%=0.21(W0.33),DSF=1.00
05-11 12:55:59.080  7328  7736 I VrApi   : FPS=63,Prd=44ms,Tear=0,Early=0,Stale=27,VSnc=1,Lat=1,Fov=0,CPU4/GPU=4/4,2304/670MHz,OC=FF,TA=0/E0/E0,SP=N/F/F,Mem=1804MHz,Free=1169MB,PSM=0,PLS=0,Temp=29.0C/0.0C,TW=1.34ms,App=10.35ms,GD=0.00ms,CPU&GPU=24.21ms,LCnt=1,GPU%=0.76,CPU%=0.22(W0.30),DSF=1.00
05-11 12:55:59.636   720  7458 I [CT]    : HealthReport: ==================================================
05-11 12:55:59.636   720  7458 I [CT]    : Health Report
05-11 12:55:59.636   720  7458 I [CT]    : -------------
05-11 12:55:59.636   720  7458 I [CT]    : 
05-11 12:55:59.636   720  7458 I [CT]    : Reporter #1 (InsideOutHealthMonitor) summary:
05-11 12:55:59.636   720  7458 I [CT]    : Camera: Total Dropped: 0.000000, Total Frame Count: 1434 (0.000000%), Camera Reset Count: 0
05-11 12:55:59.636   720  7458 I [CT]    : Camera: Total Single Camera Frame Dropped: 0, Total Frame Count: 1434 (0.000000%)
05-11 12:55:59.636   720  7458 I [CT]    : IMU: Total Dropped: 0.000000, Total Sample Count: 57607 (0.000000%)
05-11 12:55:59.636   720  7458 I [CT]    : Magnetometer: Total Dropped: 0.000000, Total Sample Count: 1728 (0.000000%)
05-11 12:55:59.636   720  7458 I [CT]    : 
05-11 12:55:59.636   720  7458 I [CT]    : Reporter #1 (InsideOutHealthMonitor) Passed
05-11 12:55:59.636   720  7458 I [CT]    : --------------------------------------------------
05-11 12:55:59.636   720  7458 I [CT]    : Reporter #2 (ConstellationHealthMonitor) summary:
05-11 12:55:59.636   720  7458 I [CT]    : Camera: Total Dropped: 0.000000, Total Frame Count: 1435 (0.000000%), Camera Reset Count: 1
05-11 12:55:59.636   720  7458 I [CT]    : Camera: Total Single Camera Frame Dropped: 0, Total Frame Count: 1435 (0.000000%)
05-11 12:55:59.636   720  7458 I [CT]    : Controller 4212769887286730484:
05-11 12:55:59.636   720  7458 I [CT]    : IMU: Capture period exceeded threshold.  Largest period: 4.256255 sec
05-11 12:55:59.636   720  7458 I [CT]    : Controllers may have been sleeping
05-11 12:55:59.636   720  7458 I [CT]    : IMU: Total Dropped: 0.000000, Total Sample Count: 26736.383000 (0.000000%)
05-11 12:55:59.636   720  7458 I [CT]    : Controller 7745273921483883046:
05-11 12:55:59.636   720  7458 I [CT]    : I
05-11 12:55:59.873   720  7458 I [CT]    : VIPER:MAP_MANAGER: State: TRACKING_PERSISTENT, UUID=ed2bde7a-0e1d-413c-9ec5-b40bd0ba40f4, Num. Persistent maps = 3,  Persistent maps:f7929d7a-d62f-4cab-ba07-8335c6f7b640,022994f1-0c1e-4a65-9817-b24e9f537401,ed2bde7a-0e1d-413c-9ec5-b40bd0ba40f4,, Ser. Disabled = 00000000-0000-0000-0000-000000000000
05-11 12:55:59.913   720  7458 I [CT]    : VIPER: Status=6DoF,TRACKING,KF=61,Inl=108,Pts=180,Jit=0.9mm,Issues(Cam/min=0.0,IMU/min=0.0),Exp=(8.8ms,g=11.0,I=86)(5.9ms,g=6.0,I=68)(8.8ms,g=11.0,I=52)(9.5ms,g=13.0,I=69)
05-11 12:56:00.078  7328  7736 I VrApi   : FPS=72,Prd=45ms,Tear=0,Early=4,Stale=6,VSnc=1,Lat=1,Fov=0,CPU4/GPU=4/4,2304/670MHz,OC=FF,TA=0/E0/E0,SP=N/F/F,Mem=1804MHz,Free=1167MB,PSM=0,PLS=0,Temp=29.0C/0.0C,TW=1.23ms,App=9.02ms,GD=0.00ms,CPU&GPU=13.71ms,LCnt=1,GPU%=0.70,CPU%=0.20(W0.35),DSF=1.00
05-11 12:56:00.163  2115  7499 I TimeWarp: UpdateClockLevels: Apply pending clock request change: 4,4 -> 3,4
05-11 12:56:00.163  2115  7469 I Clocks  : ReleaseClocks - start
05-11 12:56:00.164   723  5271 D         : CPU_CLUSTER_0: No client requests exists, release clocks
05-11 12:56:00.164   723  5271 D         : CPU_CLUSTER_1: No client requests exists, release clocks
05-11 12:56:00.164   723  5271 D         : GPU: No client requests exists, release clocks
05-11 12:56:00.165   723  5271 D         : CPUBW: No client requests exists, release clocks
05-11 12:56:00.165  2115  7469 I Clocks  : ReleaseClocks - end (1.7 ms)
05-11 12:56:00.165  2115  7469 I Clocks  : LockClocks( cpu=3, gpu=4 ) - start
05-11 12:56:00.166  2115  7469 I Clocks  : CPU levels [0, 4]
05-11 12:56:00.166  2115  7469 I Clocks  : GPU levels [0, 5]
05-11 12:56:00.166   723  5271 D         : CPU_CLUSTER_0: Client 2115 sends freq request [21, 21]
05-11 12:56:00.166   723  5271 D         : CPU_CLUSTER_0: Next Perf Level = (21, 21)
05-11 12:56:00.166   723  5271 D         : CPU_CLUSTER_1: Client 2115 sends freq request [22, 22]
05-11 12:56:00.166   723  5271 D         : CPU_CLUSTER_1: Next Perf Level = (22, 22)
05-11 12:56:00.166   723  5271 D         : CPUBW: Client 2115 sends freq request [8, 11]
05-11 12:56:00.166   723  5271 D         : CPUBW: Next Perf Level = (8, 11)
05-11 12:56:00.167   723  5271 D         : GPU: Client 2115 sends freq request [6, 6]
05-11 12:56:00.167   723  5271 D         : GPU: Next Perf Level = (6, 6)
05-11 12:56:00.167  2115  7469 I Clocks  : LockClocks( cpu=3, gpu=4 ) - end (1.8 ms)
05-11 12:56:00.324   720  7457 I [CT]    : MANAGEMENT:CONSTELLATION: Status=GREEN,, Obj=4212769887286730484,6DOF=1,FusJit=0.007mm,Issues(Cam/min=  0,IMU/min=0), Obj=7745273921483883046,6DOF=1,FusJit=0.0mm,Issues(Cam/min=  0,IMU/min=0)
05-11 12:56:00.407   720  7442 I [CT]    : L:Behavior:AtRest: activated
05-11 12:56:00.407   720  7442 I [CT]    : AdHocPatch: [Right] t = 58.495s, behavior transition: None -> AtRest at 58.546s
05-11 12:56:00.441   720  7442 I [CT]    : L:Behavior:AtRest: deactivated
05-11 12:56:00.441   720  7442 I [CT]    : AdHocPatch: [Right] t = 58.529s, behavior transition: AtRest -> None at 58.578s
05-11 12:56:01.079  7328  7736 I VrApi   : FPS=72,Prd=45ms,Tear=0,Early=30,Stale=0,VSnc=1,Lat=1,Fov=0,CPU4/GPU=4/4,1958/670MHz,OC=FF,TA=0/E0/E0,SP=N/F/F,Mem=1804MHz,Free=1167MB,PSM=0,PLS=0,Temp=29.0C/0.0C,TW=1.20ms,App=8.88ms,GD=0.00ms,CPU&GPU=12.46ms,LCnt=1,GPU%=0.68,CPU%=0.21(W0.26),DSF=1.00
05-11 12:56:01.936  1081  1426 I WifiHAL : event received NL80211_CMD_VENDOR, vendor_id = 0x1374, subcmd = 0x6a
05-11 12:56:01.980  1081  1426 I WifiHAL : event received NL80211_CMD_VENDOR, vendor_id = 0x1374, subcmd = 0x6b
05-11 12:56:01.990  1081  1162 D WifiQualifiedNetworkSelector:: ==========start qualified Network Selection==========
05-11 12:56:01.990  1081  1162 D WifiQualifiedNetworkSelector:: Current network is: "BOEY" ,ID is: 0
05-11 12:56:01.990  1081  1162 D WifiQualifiedNetworkSelector:: Current band dose not match user preference. Start Qualified Network Selection Current band = 2.4GHz bandUserPreference band = 0
05-11 12:56:01.991  1081  1162 D WifiQualifiedNetworkSelector:: Current network is not qualified
05-11 12:56:01.991  1081  1162 D WifiQualifiedNetworkSelector:: Saved Network List
05-11 12:56:01.991  1081  1162 D WifiQualifiedNetworkSelector::     "BOEY":0  User Preferred BSSID:null FQDN:null NETWORK_SELECTION_ENABLED Disable account: 0 0 0 0 0 0 0 0 0 0 Connect Choice:null set time:-1
05-11 12:56:01.991  1081  1162 D WifiQualifiedNetworkSelector::     "ObiWlanKenobi":1  User Preferred BSSID:null FQDN:null NETWORK_SELECTION_ENABLED Disable account: 0 0 0 0 0 0 0 0 0 0 Connect Choice:null set time:-1
05-11 12:56:01.997  1081  1162 D WifiQualifiedNetworkSelector::  skipped due to low signal
05-11 12:56:02.001  1081  1162 D WifiQualifiedNetworkSelector:: MOVISTAR_8D59:78:29:ed:9d:8d:5a /  skipped due to not saved
05-11 12:56:02.001  1081  1162 D WifiQualifiedNetworkSelector::  
05-11 12:56:02.001  1081  1162 D WifiQualifiedNetworkSelector::  skipped due to not valid SSID
05-11 12:56:02.002  1081  1162 D WifiQualifiedNetworkSelector::  RSSI score: 100 Same network with current associated. Bonus: 16 Same BSSID with current association. Bonus: 24 Secure network Bonus:80 Score for scanResult: SSID: BOEY, BSSID: 84:16:f9:9b:3c:d6, capabilities: [WPA-PSK-CCMP+TKIP][WPA2-PSK-CCMP+TKIP][WPS][ESS], level: -48, frequency: 2437, timestamp: 7133233592, distance: ?(cm), distanceSd: ?(cm), passpoint: no, ChannelBandwidth: 0, centerFreq0: 0, centerFreq1: 0, 80211mcResponder: is not supported and Network ID: 0 final score:220
05-11 12:56:02.002  1081  1162 D WifiQualifiedNetworkSelector:: 
05-11 12:56:02.002  1081  1162 D WifiQualifiedNetworkSelector:: After user choice adjust, the final candidate is:"BOEY":0 : 84:16:f9:9b:3c:d6
05-11 12:56:02.002  1081  1162 D WifiQualifiedNetworkSelector:: "BOEY":0 is already the best choice!
05-11 12:56:02.028   720  7388 I [CT]    : boltlib: DSP utilization(%): 16
05-11 12:56:02.078  7328  7736 I VrApi   : FPS=72,Prd=45ms,Tear=0,Early=45,Stale=0,VSnc=1,Lat=1,Fov=0,CPU4/GPU=3/4,1958/670MHz,OC=FF,TA=0/E0/E0,SP=N/F/F,Mem=1804MHz,Free=1167MB,PSM=0,PLS=0,Temp=29.0C/0.0C,TW=1.36ms,App=10.75ms,GD=0.00ms,CPU&GPU=13.24ms,LCnt=1,GPU%=0.79,CPU%=0.26(W0.30),DSF=1.00
05-11 12:56:02.092  7328  7346 I InputHooks_Internal: Home Button
05-11 12:56:02.093  7328  7346 I InputHooks_Internal: source is remote, so not setting home key, letting that come from tracking service
05-11 12:56:02.103  2115  2326 I InputManager: HOME BUTTON shared state changed:  hardwar ID 7745273921483883046  UpdateCount: 5 
05-11 12:56:02.120  7328  7735 I InputHooks_Internal: SetHomeButtonDownState hw:  6b7cbd986a24c226 source: 1698898178 time 7133.39
05-11 12:56:02.120  2115  2327 I RecenterTimer: (7133.3882) StartTimer(1.00 0.50)
05-11 12:56:02.142   700   740 D GatekeeperNativeService: Using value 1 for gk arvr_gk_nimble_mfjlp, user=0
05-11 12:56:02.143   700  4660 D GatekeeperNativeService: Using value 1 for gk oculus_blob_size_checker_gk, user=0
05-11 12:56:02.144   700   700 D GatekeeperNativeService: Using value 1 for gk oculus_enable_background_subtraction_gk, user=0
05-11 12:56:02.145   700   740 D GatekeeperNativeService: Using value 0 for gk oculus_enable_ht_quest_vrsrecording, user=0
05-11 12:56:02.146   700  4660 D GatekeeperNativeService: Using value 0 for gk oculus_gk_is_dogfood, user=0
05-11 12:56:02.146   700   700 D GatekeeperNativeService: Using value 0 for gk oculus_gk_is_employee, user=0
05-11 12:56:02.147   700   740 D GatekeeperNativeService: Using value 0 for gk oculus_gk_is_qa, user=0
05-11 12:56:02.148   700  4660 D GatekeeperNativeService: Using value 0 for gk oculus_gk_is_spatial_ai, user=0
05-11 12:56:02.148   700   700 D GatekeeperNativeService: Using value 1 for gk oculus_mapmerging_gk, user=0
05-11 12:56:02.149   700   740 D GatekeeperNativeService: Using value 0 for gk oculus_telemetry_gk_generic_1, user=0
05-11 12:56:02.153   700  4660 D GatekeeperNativeService: Using value 0 for gk oculus_telemetry_gk_generic_2, user=0
05-11 12:56:02.157   700   700 D GatekeeperNativeService: Using value 0 for gk oculus_telemetry_gk_generic_3, user=0
05-11 12:56:02.159   700   740 D GatekeeperNativeService: Using value 0 for gk oculus_telemetry_gk_generic_4, user=0
05-11 12:56:02.160   700  4660 D GatekeeperNativeService: Using value 0 for gk oculus_telemetry_gk_generic_5, user=0
05-11 12:56:02.160   700   700 D GatekeeperNativeService: Using value 0 for gk oculus_vr_keyboard_enabled, user=0
05-11 12:56:02.161   720  7467 I [CT]    : TELEMETRY_COLLECTOR: Sending event: constellation_periodic
05-11 12:56:02.162   720  7467 I [CT]    : TELEMETRY_COLLECTOR: Sending event: relocalization_periodic
05-11 12:56:02.168  2115  7499 I TimeWarp: UpdateClockLevels: Apply pending clock request change: 3,4 -> 2,4
05-11 12:56:02.168  2115  7469 I Clocks  : ReleaseClocks - start
05-11 12:56:02.169   723  2163 D         : CPU_CLUSTER_0: No client requests exists, release clocks
05-11 12:56:02.169   723  2163 D         : CPU_CLUSTER_1: No client requests exists, release clocks
05-11 12:56:02.169   723  2163 D         : GPU: No client requests exists, release clocks
05-11 12:56:02.170   723  2163 D         : CPUBW: No client requests exists, release clocks
05-11 12:56:02.170  2115  7469 I Clocks  : ReleaseClocks - end (1.6 ms)
05-11 12:56:02.170  2115  7469 I Clocks  : LockClocks( cpu=2, gpu=4 ) - start
05-11 12:56:02.171  2115  7469 I Clocks  : CPU levels [0, 4]
05-11 12:56:02.171  2115  7469 I Clocks  : GPU levels [0, 5]
05-11 12:56:02.171   723  2163 D         : CPU_CLUSTER_0: Client 2115 sends freq request [21, 21]
05-11 12:56:02.171   723  2163 D         : CPU_CLUSTER_0: Next Perf Level = (21, 21)
05-11 12:56:02.171   723  2163 D         : CPU_CLUSTER_1: Client 2115 sends freq request [18, 18]
05-11 12:56:02.171   723  2163 D         : CPU_CLUSTER_1: Next Perf Level = (18, 18)
05-11 12:56:02.172   723  2163 D         : CPUBW: Client 2115 sends freq request [8, 11]
05-11 12:56:02.172   723  2163 D         : CPUBW: Next Perf Level = (8, 11)
05-11 12:56:02.172   723  2163 D         : GPU: Client 2115 sends freq request [6, 6]
05-11 12:56:02.172   723  2163 D         : GPU: Next Perf Level = (6, 6)
05-11 12:56:02.173   720  7467 I [CT]    : TELEMETRY_COLLECTOR: Sending event: oculus_boltcv_periodic
05-11 12:56:02.174   720  7467 I [CT]    : TELEMETRY_COLLECTOR: Sending event: insideout_periodic
05-11 12:56:02.174  2115  7469 I Clocks  : LockClocks( cpu=2, gpu=4 ) - end (4.1 ms)
05-11 12:56:02.175   720  7467 I [CT]    : TELEMETRY_COLLECTOR: Sending event: constellation_periodic
05-11 12:56:02.177   720  7467 I [CT]    : TELEMETRY_COLLECTOR: Sending event: constellation_periodic
05-11 12:56:02.177   720  7467 I [CT]    : TELEMETRY_COLLECTOR: Sending event: map_periodic
05-11 12:56:02.178   720  7467 I [CT]    : NIMBLE:HLOG: NimbleTelemetryAggregator::populateTelemetry
05-11 12:56:02.186   720  7467 I [CT]    : TELEMETRY_COLLECTOR: Sending event: nimble_periodic
05-11 12:56:02.187   720  7467 I [CT]    : TELEMETRY_COLLECTOR: Sending event: attitude_ekf_periodic
05-11 12:56:02.258  7328  7346 I InputHooks_Internal: Home Button
05-11 12:56:02.258  7328  7346 I InputHooks_Internal: source is remote, so not setting home key, letting that come from tracking service
05-11 12:56:02.270  2115  2326 I InputManager: HOME BUTTON shared state changed:  hardwar ID 7745273921483883046  UpdateCount: 6 
05-11 12:56:02.289  7328  7735 I InputHooks_Internal: SetHomeButtonUpState hw:  6b7cbd986a24c226 source: 1698898178 time 7133.56
05-11 12:56:02.543  7328  7735 I SystemUtils_Internal: ovrSystemUtils::StartSystemActivity: confirmQuit (null)
05-11 12:56:02.544  7328  7735 D SystemUtils: Package com.oculus.systemactivities exists on device
05-11 12:56:02.544  7328  7735 I SystemUtils_Internal: Package com.oculus.systemactivities : INSTALLED
05-11 12:56:02.544  7328  7735 I SystemUtils_Internal: Using Anytime UI for cmd: confirmQuit
05-11 12:56:02.545  7328  7735 D SystemUtils: sendBroadcastIntent - action: 'com.oculus.vrshell.intent.action.LAUNCH' data: 'systemux://dialog/exit'intent_pkg: com.YourCompany.ToysGame
05-11 12:56:02.545  7328  7735 D SystemUtils: VR Shell isn't running.
05-11 12:56:02.546  2115  2140 I ScreenCaptureBase: Screen Capture Command:2
05-11 12:56:02.563  1842  1842 D [OAR] ShellControlBroadcastReceiver: onReceive with MainActivity native pointer 3805689360, action com.oculus.vrshell.intent.action.LAUNCH
05-11 12:56:02.567  1842  1842 D [OAR] ShellApplication: ShellEnv is backgrounded or not running.
05-11 12:56:02.567  1842  1842 D [OAR] BroadcastReceiverHelpers: Data URI is systemux://dialog/exit
05-11 12:56:02.569  1081  1107 I ActivityManager: START u0 {act=com.oculus.vrshell.intent.action.LAUNCH flg=0x10000000 pkg=com.oculus.vrshell cmp=com.oculus.vrshell/.MainActivity (has extras)} from uid 10028 on display 0
05-11 12:56:02.572  7328  7346 D UE4     : [2020.05.11-10.56.02:571][384]LogAndroid: Case APP_CMD_LOST_FOCUS
05-11 12:56:02.572  7328  7346 D UE4     : LogAndroidEvents::EnqueueAppEvent : 10, [width=-1, height=-1], tid = 7346, APP_EVENT_STATE_WINDOW_LOST_FOCUS
05-11 12:56:02.572  2115  7499 V Appshot : Appshot client set to com.YourCompany.ToysGame
05-11 12:56:02.573  7328  7328 D UE4     : [GameActivity] onPause: stop memory reporter runnable
05-11 12:56:02.573  7328  7328 D UE4     : [GameActivity] Unregistering sensor listeners
05-11 12:56:02.573  7328  7346 D UE4     : Case APP_CMD_PAUSE
05-11 12:56:02.574  7328  7346 D UE4     : [2020.05.11-10.56.02:573][384]LogAndroid: Case APP_CMD_PAUSE
05-11 12:56:02.574  7328  7346 D UE4     : LogAndroidEvents::EnqueueAppEvent : 6, [width=-1, height=-1], tid = 7346, APP_EVENT_STATE_ON_PAUSE
05-11 12:56:02.574  7328  7328 D UE4     : [GameActivity] ==============> GameActive.onPause complete!
05-11 12:56:02.574  7328  7346 D UE4     : [2020.05.11-10.56.02:574][384]LogAndroid: event thread, suspending app, acquiring HW window lock.
05-11 12:56:02.574  7328  7346 D UE4     : LogAndroidEvents::EnqueueAppEvent : 15, [width=-1, height=-1], tid = 7346, APP_EVENT_RUN_CALLBACK
05-11 12:56:02.574  7328  7346 D UE4     : [2020.05.11-10.56.02:574][384]LogAndroid: AndroidEGL::  SuspendApp_EventThread, waiting for event manager to process. tid: 7346
05-11 12:56:02.574  2115  7499 I CaptureSurfaceManager: Capture NativeWindow: 768 x 768 fmt 1
05-11 12:56:02.574  2115  7499 I CaptureSurfaceManager: Surface Size 768x768
05-11 12:56:02.577  7328  7345 D UE4     : [2020.05.11-10.56.02:577][385]LogAndroidEvents: Display: LogAndroidEvents::DequeueAppEvent : 10, [width=-1, height=-1], APP_EVENT_STATE_WINDOW_LOST_FOCUS
05-11 12:56:02.577  7328  7345 D UE4     : FAppEventManager::Tick processing, 10
05-11 12:56:02.577  7328  7345 D UE4     : [2020.05.11-10.56.02:577][385]LogAndroidEvents: Display: LogAndroidEvents::DequeueAppEvent : 6, [width=-1, height=-1], APP_EVENT_STATE_ON_PAUSE
05-11 12:56:02.577  7328  7345 D UE4     : FAppEventManager::Tick processing, 6
05-11 12:56:02.577  7328  7345 D UE4     : [2020.05.11-10.56.02:577][385]LogVulkanRHI: FVulkanPipelineStateCacheManager: skipped saving because we only save if the PSOFC based one failed to load.
05-11 12:56:02.577  7328  7345 D UE4     : [2020.05.11-10.56.02:577][385]LogAndroidEvents: Display: LogAndroidEvents::DequeueAppEvent : 15, [width=-1, height=-1], APP_EVENT_RUN_CALLBACK
05-11 12:56:02.577  7328  7345 D UE4     : FAppEventManager::Tick processing, 15
05-11 12:56:02.577  7328  7345 D UE4     : [2020.05.11-10.56.02:577][385]LogAndroidEvents: Display: Event thread callback running.
05-11 12:56:02.577  7328  7345 D UE4     : [2020.05.11-10.56.02:577][385]LogAndroid: performing app backgrounding callback. 0x7f66bd4660
05-11 12:56:02.578  2115  7499 I Distortion: SetLensPositions - iad=0.063, left offset=0.000250001,0, right offset=-0.000250001,0
05-11 12:56:02.578  2115  7499 I DistortionMesh: LoadDistortionMeshFromMemory
05-11 12:56:02.597  1774  1907 E Parcel  : Reading a NULL string not supported here.
05-11 12:56:02.597  1774  1972 E Parcel  : Reading a NULL string not supported here.
05-11 12:56:02.597  1774  1788 E Parcel  : Reading a NULL string not supported here.
05-11 12:56:02.598  1774  1787 E Parcel  : Reading a NULL string not supported here.
05-11 12:56:02.598  1774  1909 E Parcel  : Reading a NULL string not supported here.
05-11 12:56:02.598  1774  1787 D AudioRecord: updateAppOpsRecordAudio: checkOp OP_RECORD_AUDIO for com.oculus.horizon returns: 0 (ALLOWED)
05-11 12:56:02.603  2115  7506 V Appshot : SendAppshotToShell
05-11 12:56:02.604  1774  2401 E Parcel  : Reading a NULL string not supported here.
05-11 12:56:02.606  1842  1842 D [OAR] MainActivity: onNewIntent()
05-11 12:56:02.607  1842  1905 I [OAR] ShellApp: 0xd2510358 msg: intent
05-11 12:56:02.607  1842  1905 I [OAR] SystemUXController: System UX, targetComponent = systemux://dialog/exit, uri = , returnComponent = com.YourCompany.ToysGame/com.epicgames.ue4.GameActivity
05-11 12:56:02.607  1842  1905 I [OAR] DialogControllerManager: Dialog parsed URI, scheme = systemux, host = dialog, path = exit
05-11 12:56:02.607  1842  1905 I [OAR] DialogControllerManager: Queuing pending dialog systemux://dialog/exit - command uri systemux://dialog/exit
05-11 12:56:02.607  1842  1905 I [OAR] SystemUXController: Registering pending Dialog launch for 10 - overwriting existing launch? false.
05-11 12:56:02.612  7328  7740 D UE4     : *** JavaEnvDestructor: 7740
05-11 12:56:02.613  7328  7340 E Parcel  : Reading a NULL string not supported here.
05-11 12:56:02.613  1774  1972 E Parcel  : Reading a NULL string not supported here.
05-11 12:56:02.613  1774  5372 E Parcel  : Reading a NULL string not supported here.
05-11 12:56:02.614  1774  5372 E Parcel  : Reading a NULL string not supported here.
05-11 12:56:02.614  1774  1907 E Parcel  : Reading a NULL string not supported here.
05-11 12:56:02.614  1774  1788 E Parcel  : Reading a NULL string not supported here.
05-11 12:56:02.614  1774  1972 E Parcel  : Reading a NULL string not supported here.
05-11 12:56:02.614  1774  1907 D AudioRecord: updateAppOpsRecordAudio: checkOp OP_RECORD_AUDIO for com.oculus.horizon returns: 0 (ALLOWED)
05-11 12:56:02.615  7328  7340 D AudioTrack: updateAppOpsPlayAudio: checkOp OP_PLAY_AUDIO for com.YourCompany.ToysGame returns: 1 (IGNORED)
05-11 12:56:02.615  7328  7340 I AudioTrack: updateAppOpsPlayAudio: pausing audio thread
05-11 12:56:02.616  1842  1842 D [OAR] MainActivity: onResume()
05-11 12:56:02.616  7328  7340 E Parcel  : Reading a NULL string not supported here.
05-11 12:56:02.619  7328  7340 D AudioTrack: updateAppOpsPlayAudio: checkOp OP_PLAY_AUDIO for com.YourCompany.ToysGame returns: 1 (IGNORED)
05-11 12:56:02.619  1842  1905 I [OAR] ShellApp: 0xd2510358 msg: resume
05-11 12:56:02.620  7328  7340 E Parcel  : Reading a NULL string not supported here.
05-11 12:56:02.626  1842  1842 D [OAR] MainActivity: com.oculus.vrshell.MainActivity@54fd4ad surfaceCreated()
05-11 12:56:02.626  1842  1842 I [OAR] ShellMain:     looperMessageQueue->PostPrintf("surfaceCreated 0xe1140008")
05-11 12:56:02.626  1842  1842 D [OAR] MainActivity: com.oculus.vrshell.MainActivity@54fd4ad surfaceChanged() format: 4 width: 2880 height: 1600
05-11 12:56:02.626  1842  1842 I [OAR] ShellMain:     ANativeWindow_release(newNativeWindow)
05-11 12:56:02.626  1842  1905 I [OAR] ShellApp: 0xd2510358 msg: surfaceCreated 0xe1140008
05-11 12:56:02.626  1842  1905 I [OAR] ShellApp: ---------- ShellApp::EnterVrMode() ----------
05-11 12:56:02.626  1842  1905 I [OAR] VrPlatformVrApi: vrapi_EnterVrMode()
05-11 12:56:02.626  1842  1905 I VrApi   : ---------- vrapi_EnterVrMode [start] ----------
05-11 12:56:02.626  1842  1905 I VrRuntimeClient: Tracing is disabled
05-11 12:56:02.628  1842  1905 D VrApi   : targetSDKVersion 27
05-11 12:56:02.630  1842  1905 I VrRuntimeClient: DEVICE MODEL NUMBER = Quest
05-11 12:56:02.630  1842  1905 I VrRuntimeClient: DEVICE HARDWARE = monterey
05-11 12:56:02.630  1842  1905 I VrRuntimeClient: DEVICE BUILD NAME = user-602380.24900.0
05-11 12:56:02.630  1842  1905 I VrRuntimeClient: DEVICE BUILD TYPE = user
05-11 12:56:02.630  1842  1905 I VrRuntimeClient: DEVICE OS VERSION = 7.1.1
05-11 12:56:02.630  1842  1905 I VrRuntimeClient: VRRUNTIME VERSION = VRAPI_VERSION_BEGIN { 1.1.33.0-210938873-210938873 Apr 24 2020 16:11:35 Development } RELEASE
05-11 12:56:02.630  1842  1905 I VrRuntimeClient: API LOADER VERSION = 1.1.30.0
05-11 12:56:02.630  1842  1905 I VrRuntimeClient: VRDRIVER VERSION = 16.0.0.141.450
05-11 12:56:02.630  1842  1905 I VrRuntimeClient: APP NAME = Oculus App Runtime
05-11 12:56:02.630  1842  1905 I VrRuntimeClient: APP VERSION = 16.0.0.139.450 versionCode 210946745 internalVersionName 16.0.0.139.450.670c400f6e52 2020_04_24_17_36
05-11 12:56:02.630  1842  1905 I VrRuntimeClient: APP VR TYPE = vr_only
05-11 12:56:02.630  1842  1905 I VrRuntimeClient: APP PACKAGE NAME = com.oculus.vrshell
05-11 12:56:02.630  1842  1905 I VrRuntimeClient: APP ACTIVITY CLASS = com.oculus.vrshell.MainActivity
05-11 12:56:02.630  1842  1905 D BatteryReceiver: Registering battery receiver
05-11 12:56:02.646  1842  1905 D HeadsetReceiver: getCurrentHeadsetState: false
05-11 12:56:02.647  1842  1905 I DeviceStatus_Android: nativeHeadsetEvent(0)
05-11 12:56:02.647  2115  2115 D VrRuntimeService: onFocusedWindowChanged: focusedWindowToken=android.os.BinderProxy@5594278, focusedWindowUid=10028
05-11 12:56:02.647  2115  2115 W ClientMgr: ClientMgr::SetPrimaryCompositorClient: No active client
05-11 12:56:02.647  2115  2115 I VrRuntimeServer: SetCompositorClientEnabled client(0): enabled(0) 0x0
05-11 12:56:02.649  1842  1905 I VrRuntimeClient: DEADRECKONING SetControllerTrackingExtendedDeadreckoning 0
05-11 12:56:02.649  1842  1905 D InputHooksJava: Enabling Java Input Hooks
05-11 12:56:02.650  1842  1905 I InputDeviceManager: ovrInputDeviceManager::Initialize
05-11 12:56:02.650  1842  1905 I InputDeviceManager: HANDTRACKING packagename is com.oculus.vrshell
05-11 12:56:02.651  1842  1905 W InputDeviceManager: HANDTRACKING: Deprecated Manifest Permission request for com.oculus.vrshell please update to 'com.oculus.permission.HAND_TRACKING'
05-11 12:56:02.651  1842  1905 I InputDeviceManager: HANDTRACKING: Manifest Permission request for com.oculus.vrshell
05-11 12:56:02.652  1842  1905 I InputDeviceManager: HANDTRACKING:  'com.oculus.vrshell' Is hands or controller.
05-11 12:56:02.652  1842  1905 I InputDeviceManager: HANDTRACKING: feature flag set to 2
05-11 12:56:02.652  1842  1905 I VrRuntimeClient: HANDTRACKING sethandmanifest 2
05-11 12:56:02.659  2115  7499 I Clocks  : SetSchedFifo( tid=7345, pri=0 ) succeeded
05-11 12:56:02.660  2115  7499 I Clocks  : SetSchedFifo( tid=7743, pri=0 ) succeeded
05-11 12:56:02.661  2115  7499 I Clocks  : SetSchedFifo( tid=7745, pri=0 ) succeeded
05-11 12:56:02.662  2115  7499 I Clocks  : SetSchedFifo( tid=2349, pri=0 ) succeeded
05-11 12:56:02.663  2115  2115 W ClientMgr: ClientMgr::SetFocusedClient: No focused client
05-11 12:56:02.663  2115  2115 I TimeWarp: ReleaseClockLevels
05-11 12:56:02.663  2115  2326 I VrRuntimeServer: SetCompositorClientEnabled client(2): enabled(1) 0x7fac7340e8
05-11 12:56:02.663  2115  2133 I ScreenCaptureBase: GlobalInhibitState=0
05-11 12:56:02.666  1842  1905 D TrackingServiceConnectionNative: onClientConnect
05-11 12:56:02.666  1842  1905 D BinderConnection: Connecting to TrackingService
05-11 12:56:02.669  2115  7499 I TimeWarp: UpdateClockLevels: Force releasing clocks
05-11 12:56:02.669  2115  7499 I TimeWarp: UpdateClockLevels: Apply pending clock request change: 2,4 -> -1,-1
05-11 12:56:02.669  2115  7469 I Clocks  : ReleaseClocks - start
05-11 12:56:02.670   723  5271 D         : CPU_CLUSTER_0: No client requests exists, release clocks
05-11 12:56:02.671   723  5271 D         : CPU_CLUSTER_1: No client requests exists, release clocks
05-11 12:56:02.671   723  5271 D         : GPU: No client requests exists, release clocks
05-11 12:56:02.671   723  5271 D         : CPUBW: No client requests exists, release clocks
05-11 12:56:02.671  1842  1905 D TrackingServiceConnectionNative: onConnected
05-11 12:56:02.671   720  3268 I TrackingService: TrackingService::getSharedMemoryFileDescriptor
05-11 12:56:02.672  1842  1905 I TrackingServiceClient: OVR::TrackingService::ClientSetInterface
05-11 12:56:02.672  1842  1905 I TrackingServiceClient: TrackingService client: roFd(52)
05-11 12:56:02.672  1842  1905 I TrackingServiceClient: TrackingService client: connected to interface version 11.
05-11 12:56:02.672  1842  1905 I TrackingServiceClient: TrackingService client: last prediction time is 0.004886 seconds old
05-11 12:56:02.672  1842  1905 I TrackingServiceClient: TrackingService client: provided by pid=720
05-11 12:56:02.673   720   819 I TrackingService: TrackingService::registerClient
05-11 12:56:02.673   720   819 I TrackingService: Registering client with TrackingServiceHost
05-11 12:56:02.673  2115  7469 I Clocks  : ReleaseClocks - end (3.7 ms)
05-11 12:56:02.675   720   819 I TrackingService: Notifying client pid 1842 of new remote 6b7cbd986a24c226
05-11 12:56:02.675  1842  1905 D TrackingServiceClient: TrackingServiceClient onRemoteConnected 6b7cbd986a24c226
05-11 12:56:02.676  2099  2176 E Security-LocalReporter: UID '10043' is shared by multiple packages: [com.oculus.home, com.oculus.horizon]
05-11 12:56:02.677   720   819 I TrackingService: Notifying client pid 1842 of new remote 3a76c3e46c301ef4
05-11 12:56:02.677  1842  1905 D TrackingServiceClient: TrackingServiceClient onRemoteConnected 3a76c3e46c301ef4
05-11 12:56:02.677   720   819 I TrackingService: TrackingServiceHost GetSharedMemoryFileDescriptor for client pid 1842
05-11 12:56:02.677   720   819 I TrackingService: TrackingServiceHost registered common client; there are 0 secure clients
05-11 12:56:02.678  1842  1905 I TrackingServiceClient: ClientConnectComplete
05-11 12:56:02.678  1842  1905 I VrApi   : ovrModeParms::VRAPI_MODE_FLAG_RESET_WINDOW_FULLSCREEN = 1
05-11 12:56:02.678  1842  1905 I VrApi   : ovrModeParms::VRAPI_MODE_FLAG_NATIVE_WINDOW = 1
05-11 12:56:02.678  1842  1905 I VrApi   : ovrModeParms::VRAPI_MODE_FLAG_FRONT_BUFFER_PROTECTED = 0
05-11 12:56:02.678  1842  1905 I VrApi   : ovrModeParms::VRAPI_MODE_FLAG_FRONT_BUFFER_565 = 0
05-11 12:56:02.678  1842  1905 I VrApi   : ovrModeParms::VRAPI_MODE_FLAG_FRONT_BUFFER_SRGB = 1
05-11 12:56:02.678  1842  1905 I VrApi   : ovrModeParms::VRAPI_MODE_FLAG_CREATE_CONTEXT_NO_ERROR = 0
05-11 12:56:02.678  1842  1905 I VrApi   : HMD sensor attached.
05-11 12:56:02.678  1842  1905 I VrApi   : Client side frame sync enabled
05-11 12:56:02.679  1842  1905 I DynamicClocks: cpu-freq(0): 979200Hz
05-11 12:56:02.679  1842  1905 I DynamicClocks: cpu-freq(1): 1344000Hz
05-11 12:56:02.679  1842  1905 I DynamicClocks: cpu-freq(2): 1651200Hz
05-11 12:56:02.679  1842  1905 I DynamicClocks: cpu-freq(3): 1958400Hz
05-11 12:56:02.679  1842  1905 I DynamicClocks: cpu-freq(4): 2304000Hz
05-11 12:56:02.680  1842  1905 I DynamicClocks: gpu-freq(0): 257000000Hz
05-11 12:56:02.680  1842  1905 I DynamicClocks: gpu-freq(1): 342000000Hz
05-11 12:56:02.680  1842  1905 I DynamicClocks: gpu-freq(2): 414000000Hz
05-11 12:56:02.680  1842  1905 I DynamicClocks: gpu-freq(3): 515000000Hz
05-11 12:56:02.680  1842  1905 I DynamicClocks: gpu-freq(4): 670000000Hz
05-11 12:56:02.680  1842  1905 I DynamicClocks: gpu-freq(5): 710000000Hz
05-11 12:56:02.680  1842  1905 D VrRuntimeClient: pokeGuardianUserServiceForThisClient: com.oculus.vrshell:10028
05-11 12:56:02.681  1842  1905 D VrRuntimeClient: VrRuntimeClient: enableRendering: activity client
05-11 12:56:02.681  1842  1905 D VrRuntimeClient: VrRuntimeClient: enableRendering: Using clientWindow=android.os.BinderProxy@2a78b42
05-11 12:56:02.681  2115  2328 I ClientMgr: ClientMgr::SetPrimaryCompositorClient: com.oculus.vrshell
05-11 12:56:02.681  2115  2328 I VrRuntimeServer: SetCompositorClientEnabled client(0): enabled(1) 0x7f93213010
05-11 12:56:02.681  2115  2328 I ClientMgr: ClientMgr::SetFocusedClient: com.oculus.vrshell type 0
05-11 12:56:02.681  2115  2328 D VrRuntimeService: this client: 1842:com.oculus.vrshell
05-11 12:56:02.681  2115  2328 D VrRuntimeService: enableRendering: clientWindow: android.os.BinderProxy@5594278 enable: true
05-11 12:56:02.681  2115  2328 I ClientMgr: ClientMgr::EnableRendering 1842:com.oculus.vrshell : type 0 : enable
05-11 12:56:02.681  2115  2328 I VrRuntimeServer: SetCompositorClientEnabled client(0): enabled(1) 0x7f93213010
05-11 12:56:02.681  2115  2328 I TimeWarp: CheckDebuggerConnected: debugger 0
05-11 12:56:02.681  1842  1905 I VrRuntimeClient: CreateWarp: ImportGles: Fd=64, BufferSize=4096, AllocSize=9028
05-11 12:56:02.681  1842  1905 I VrRuntimeClient: CreateWarp: ImportGles: bo.Gl.BufferId=228, bo.Gl.MemoryObject=21
05-11 12:56:02.683  2115  7499 I TimeWarp: UpdateClockLevels: Apply pending clock request change: -1,-1 -> 2,4
05-11 12:56:02.684  2115  7469 I Clocks  : LockClocks( cpu=2, gpu=4 ) - start
05-11 12:56:02.688  2115  2326 I ClientMgr: Non-overlay clients rendering status has changed: prev=49, curr=50, enabled=4
05-11 12:56:02.688  2134  2134 D VrGuardianUserService: onStartCommandIntent { act=FOREGROUND_CLIENT cmp=com.oculus.systemdriver/com.oculus.vrguardianservice.VrGuardianUserService (has extras) }
05-11 12:56:02.688  1842  1905 I ScreenCaptureHelper: Advertising com.oculus.vrshell as streamable
05-11 12:56:02.689  2115  7469 I Clocks  : CPU levels [0, 4]
05-11 12:56:02.689  2115  7469 I Clocks  : GPU levels [0, 5]
05-11 12:56:02.690  2115  7499 W TimeWarp: WarpToScreen: No completed frames to display for client 0. submittedFrameIndex = 3632
05-11 12:56:02.690  1842  1905 I VrApi   : OVR::Stats thread started
05-11 12:56:02.690  1842  1905 I VrApi   : ---------- vrapi_EnterVrMode [end] ----------
05-11 12:56:02.690  1842  1905 I ClientInputSettings: SetInhibitHandleHomeKey = true
05-11 12:56:02.690   723   723 D         : CPU_CLUSTER_0: Client 2115 sends freq request [21, 21]
05-11 12:56:02.690  1842  1905 I ClientInputSettings: InhibitConfirmQuitMenu = true
05-11 12:56:02.690  1842  1905 I ClientInputSettings: ReorientHMDOnControllerRecenter = true
05-11 12:56:02.690   723   723 D         : CPU_CLUSTER_0: Next Perf Level = (21, 21)
05-11 12:56:02.690  1842  1905 I [OAR] ShellApp: Setting clock levels to cpu=2, gpu=4
05-11 12:56:02.690  1842  1905 I [OAR] VrPlatformVrApi: Setting perf thread tids to main=1905, render=unset
05-11 12:56:02.690  1842  1905 I [OAR] ShellApp: Setting perf thread tids to main=1905, render=unset
05-11 12:56:02.690   723   723 D         : CPU_CLUSTER_1: Client 2115 sends freq request [18, 18]
05-11 12:56:02.690  1842  1905 I [OAR] Compositor: Initializing Compositor: 1216x1344
05-11 12:56:02.690  1842  1905 I [OAR] ShellApp: FramebufferIsSrgb: true
05-11 12:56:02.690   723   723 D         : CPU_CLUSTER_1: Next Perf Level = (18, 18)
05-11 12:56:02.690   723   723 D         : CPUBW: Client 2115 sends freq request [8, 11]
05-11 12:56:02.690   723   723 D         : CPUBW: Next Perf Level = (8, 11)
05-11 12:56:02.690  1842  1905 I libOpenSLES: Emulating old channel mask behavior (ignoring positional mask 0x3, using default mask 0x3 based on channel count of 2)
05-11 12:56:02.691   552  6914 I AudioPolicyManagerCustom: offload disabled by audio.offload.disable=1
05-11 12:56:02.691   552  6914 I AudioPolicyManagerCustom: Direct PCM is disabled for this request
05-11 12:56:02.692   552   605 W AudioFlinger: createTrack_l(): mismatch between requested flags (00000104) and output flags (00000006)
05-11 12:56:02.692  1842  1905 D AudioTrack: Client defaulted notificationFrames to 192 for frameCount 384
05-11 12:56:02.694   723   723 D         : GPU: Client 2115 sends freq request [6, 6]
05-11 12:56:02.694   723   723 D         : GPU: Next Perf Level = (6, 6)
05-11 12:56:02.694  2134  2186 I GuardianSystem: rsapi_PollEvent: rsEventPackageNameChange: com.oculus.vrshell
05-11 12:56:02.694  2134  2186 I GuardianSystem: SetCurrentPackageName: com.oculus.vrshell, previous PackageName: com.YourCompany.ToysGame
05-11 12:56:02.694  2115  7469 I Clocks  : LockClocks( cpu=2, gpu=4 ) - end (9.0 ms)
05-11 12:56:02.696  1842  7784 D VrApi   : targetSDKVersion 27
05-11 12:56:02.696  1842  1905 D AudioTrack: updateAppOpsPlayAudio: checkOp OP_PLAY_AUDIO for com.oculus.vrshell returns: 0 (ALLOWED)
05-11 12:56:02.697  1842  7784 I JniUtils: ovr_GetCurrentPackageSignature 
05-11 12:56:02.697   552   593 W AudioFlinger: checkEffectCompatibility_l(): non HW effect Volume listener for Music on playback thread in fast mode
05-11 12:56:02.697   552   593 E AudioEffect: set(): AudioFlinger could not create effect, status: -22
05-11 12:56:02.697   552   593 E AudioPolicyEffects: addOutputSessionEffects(): failed to create Fx  music_helper on session 441
05-11 12:56:02.698  1842  1905 I [OAR] VrShellDesktopBase: Foreground desktop
05-11 12:56:02.698  1842  1905 I [OAR] SystemUXController: Recentering for launch - SystemDialog, com.YourCompany.ToysGame, com.YourCompany.ToysGame/com.epicgames.ue4.GameActivity
05-11 12:56:02.698  1842  1905 I [OAR] LocalSpace: ResetNextFrame
05-11 12:56:02.698  1842  7784 I Metrics : device name = Oculus Quest
05-11 12:56:02.701  2115  2326 I ClientMgr: DEADRECKONING deadReckoning mode on ClientMgr from server is 0
05-11 12:56:02.703  2115  7499 W TimeWarp: WarpToScreen: No completed frames to display for client 0. submittedFrameIndex = 3632
05-11 12:56:02.704  1842  1905 D [OAR] ShellApplication: Broadcast intent com.oculus.assistant.ASSISTANT_PANEL_AVAILABILITY status: 2, mode: 1
05-11 12:56:02.713  1842  7785 I [OAR] AudioEngine: PlayTimeOffset = 7133.981166
05-11 12:56:02.717  2115  7499 W TimeWarp: WarpToScreen: No completed frames to display for client 0. submittedFrameIndex = 3632
05-11 12:56:02.720  2099  2176 I LibraryProvider: running queryApp(com.YourCompany.ToysGame) for com.oculus.uid:10043
05-11 12:56:02.720  2099  2176 W LibraryProvider: Cannot find entitlement for com.YourCompany.ToysGame
05-11 12:56:02.720  1774  1774 W OVRLibrary: null cursor received for query content://com.oculus.ocms.library/apps/com.YourCompany.ToysGame
05-11 12:56:02.722  1842  1905 D [OAR] ShellApplication: Broadcast intent com.oculus.assistant.ASSISTANT_PANEL_AVAILABILITY status: 1, mode: 1
05-11 12:56:02.722  1842  1905 I [OAR] InputManager: Adding controller deviceId = 536870914 type = 4
