05-15 11:35:44.581 18296 18641 I VrApi   : FPS=72,Prd=45ms,Tear=0,Early=0,Stale=0,VSnc=1,Lat=1,Fov=0,CPU4/GPU=2/4,1651/670MHz,OC=FF,TA=0/E0/E0,SP=N/F/F,Mem=1804MHz,Free=1130MB,PSM=0,PLS=0,Temp=27.0C/0.0C,TW=1.25ms,App=14.07ms,GD=0.00ms,CPU&GPU=18.06ms,LCnt=1,GPU%=0.97,CPU%=0.27(W0.43),DSF=1.00
05-15 11:35:45.469  1050  1456 I WifiHAL : event received NL80211_CMD_VENDOR, vendor_id = 0x1374, subcmd = 0x6a
05-15 11:35:45.501  1050  1456 I WifiHAL : event received NL80211_CMD_VENDOR, vendor_id = 0x1374, subcmd = 0x6b
05-15 11:35:45.510  1050  1182 D WifiQualifiedNetworkSelector:: ==========start qualified Network Selection==========
05-15 11:35:45.510  1050  1182 D WifiQualifiedNetworkSelector:: Current network is: "ObiWlanKenobi" ,ID is: 1
05-15 11:35:45.510  1050  1182 D WifiQualifiedNetworkSelector:: Current band dose not match user preference. Start Qualified Network Selection Current band = 2.4GHz bandUserPreference band = 0
05-15 11:35:45.510  1050  1182 D WifiQualifiedNetworkSelector:: Current network is not qualified
05-15 11:35:45.512  1050  1182 D WifiQualifiedNetworkSelector:: Saved Network List
05-15 11:35:45.512  1050  1182 D WifiQualifiedNetworkSelector::     "BOEY":0  User Preferred BSSID:null FQDN:null NETWORK_SELECTION_ENABLED Disable account: 0 0 0 0 0 0 0 0 0 0 Connect Choice:null set time:-1
05-15 11:35:45.512  1050  1182 D WifiQualifiedNetworkSelector::     "ObiWlanKenobi":1  User Preferred BSSID:null FQDN:null NETWORK_SELECTION_ENABLED Disable account: 0 0 0 0 0 0 0 0 0 0 Connect Choice:null set time:-1
05-15 11:35:45.514  1050  1182 D WifiQualifiedNetworkSelector::  skipped due to low signal
05-15 11:35:45.514  1050  1182 D WifiQualifiedNetworkSelector::  skipped due to not saved
05-15 11:35:45.514  1050  1182 D WifiQualifiedNetworkSelector::  
05-15 11:35:45.514  1050  1182 D WifiQualifiedNetworkSelector::  skipped due to not valid SSID
05-15 11:35:45.514  1050  1182 D WifiQualifiedNetworkSelector::  RSSI score: 100 Same network with current associated. Bonus: 16 Same BSSID with current association. Bonus: 24 Secure network Bonus:80 Score for scanResult: SSID: ObiWlanKenobi, BSSID: 50:3e:aa:89:80:98, capabilities: [WPA2-PSK-CCMP][WPS][ESS][P2P], level: -39, frequency: 2462, timestamp: 227225167405, distance: ?(cm), distanceSd: ?(cm), passpoint: no, ChannelBandwidth: 0, centerFreq0: 0, centerFreq1: 0, 80211mcResponder: is not supported and Network ID: 1 final score:220
05-15 11:35:45.514  1050  1182 D WifiQualifiedNetworkSelector:: 
05-15 11:35:45.515  1050  1182 D WifiQualifiedNetworkSelector:: After user choice adjust, the final candidate is:"ObiWlanKenobi":1 : 50:3e:aa:89:80:98
05-15 11:35:45.515  1050  1182 D WifiQualifiedNetworkSelector:: "ObiWlanKenobi":1 is already the best choice!
05-15 11:35:45.580 18296 18641 I VrApi   : FPS=72,Prd=45ms,Tear=0,Early=0,Stale=0,VSnc=1,Lat=1,Fov=0,CPU4/GPU=2/4,1651/670MHz,OC=FF,TA=0/E0/E0,SP=N/F/F,Mem=1804MHz,Free=1130MB,PSM=0,PLS=0,Temp=27.0C/0.0C,TW=1.31ms,App=13.37ms,GD=0.00ms,CPU&GPU=19.51ms,LCnt=1,GPU%=0.96,CPU%=0.25(W0.39),DSF=1.00
05-15 11:35:45.906   714 18464 I [CT]    : MANAGEMENT:CONSTELLATION: Status=GREEN,, Obj=4212769887286730484,6DOF=1,FusJit=0.0007mm,Issues(Cam/min=  0,IMU/min=0), Obj=7745273921483883046,6DOF=1,FusJit=0.0mm,Issues(Cam/min=  0,IMU/min=0)
05-15 11:35:46.505   714 18464 I [CT]    : CONSTELLATION: L: Detected static motion, applying constant pose priors.
05-15 11:35:46.580 18296 18641 I VrApi   : FPS=72,Prd=45ms,Tear=0,Early=0,Stale=0,VSnc=1,Lat=1,Fov=0,CPU4/GPU=2/4,1651/670MHz,OC=FF,TA=0/E0/E0,SP=N/F/F,Mem=1804MHz,Free=1130MB,PSM=0,PLS=0,Temp=27.0C/0.0C,TW=1.29ms,App=13.35ms,GD=0.00ms,CPU&GPU=17.23ms,LCnt=1,GPU%=0.96,CPU%=0.28(W0.33),DSF=1.00
05-15 11:35:47.379   714 18465 I [CT]    : VIPER:MAP_MANAGER: State: TRACKING_PERSISTENT, UUID=022994f1-0c1e-4a65-9817-b24e9f537401, Num. Persistent maps = 1,  Persistent maps:022994f1-0c1e-4a65-9817-b24e9f537401,, Ser. Disabled = 00000000-0000-0000-0000-000000000000
05-15 11:35:47.419   714 18465 I [CT]    : VIPER: Status=6DoF,TRACKING,KF=447,Inl=357,Pts=1732,Jit=0.1mm,Issues(Cam/min=0.0,IMU/min=0.0),Exp=(7.8ms,g=9.0,I=77)(6.0ms,g=5.0,I=70)(7.8ms,g=9.0,I=64)(6.1ms,g=6.0,I=68)
05-15 11:35:47.579 18296 18641 I VrApi   : FPS=72,Prd=45ms,Tear=0,Early=0,Stale=0,VSnc=1,Lat=1,Fov=0,CPU4/GPU=2/4,1651/670MHz,OC=FF,TA=0/E0/E0,SP=N/F/F,Mem=1804MHz,Free=1126MB,PSM=0,PLS=0,Temp=27.0C/0.0C,TW=1.33ms,App=13.45ms,GD=0.00ms,CPU&GPU=17.23ms,LCnt=1,GPU%=0.97,CPU%=0.37(W0.45),DSF=1.00
05-15 11:35:47.778   714 18465 I [CT]    : HealthReport: ==================================================
05-15 11:35:47.778   714 18465 I [CT]    : Health Report
05-15 11:35:47.778   714 18465 I [CT]    : -------------
05-15 11:35:47.778   714 18465 I [CT]    : 
05-15 11:35:47.778   714 18465 I [CT]    : Reporter #1 (InsideOutHealthMonitor) summary:
05-15 11:35:47.778   714 18465 I [CT]    : Camera: Total Dropped: 0.000000, Total Frame Count: 550 (0.000000%), Camera Reset Count: 0
05-15 11:35:47.778   714 18465 I [CT]    : Camera: Total Single Camera Frame Dropped: 0, Total Frame Count: 550 (0.000000%)
05-15 11:35:47.778   714 18465 I [CT]    : IMU: Total Dropped: 0.000000, Total Sample Count: 22224 (0.000000%)
05-15 11:35:47.778   714 18465 I [CT]    : Magnetometer: Total Dropped: 0.000000, Total Sample Count: 667 (0.000000%)
05-15 11:35:47.778   714 18465 I [CT]    : 
05-15 11:35:47.778   714 18465 I [CT]    : Reporter #1 (InsideOutHealthMonitor) Passed
05-15 11:35:47.778   714 18465 I [CT]    : --------------------------------------------------
05-15 11:35:47.778   714 18465 I [CT]    : Reporter #2 (ConstellationHealthMonitor) summary:
05-15 11:35:47.778   714 18465 I [CT]    : Camera: Total Dropped: 0.000000, Total Frame Count: 551 (0.000000%), Camera Reset Count: 1
05-15 11:35:47.778   714 18465 I [CT]    : Camera: Total Single Camera Frame Dropped: 0, Total Frame Count: 551 (0.000000%)
05-15 11:35:47.778   714 18465 I [CT]    : Controller 4212769887286730484:
05-15 11:35:47.778   714 18465 I [CT]    : IMU: Capture period exceeded threshold.  Largest period: 4.026115 sec
05-15 11:35:47.778   714 18465 I [CT]    : Controllers may have been sleeping
05-15 11:35:47.778   714 18465 I [CT]    : IMU: Total Dropped: 0.000000, Total Sample Count: 9172.454000 (0.000000%)
05-15 11:35:47.778   714 18465 I [CT]    : Controller 7745273921483883046:
05-15 11:35:47.778   714 18465 I [CT]    : IMU: Ca
05-15 11:35:48.539   714 18449 D TrackingService: [HANDTRACKING] Controller 3a76c3e46c301ef4 in hand: N, valid: Y
05-15 11:35:48.580 18296 18641 I VrApi   : FPS=72,Prd=45ms,Tear=0,Early=0,Stale=0,VSnc=1,Lat=1,Fov=0,CPU4/GPU=2/4,1651/670MHz,OC=FF,TA=0/E0/E0,SP=N/F/F,Mem=1804MHz,Free=1126MB,PSM=0,PLS=0,Temp=27.0C/0.0C,TW=1.31ms,App=13.39ms,GD=0.00ms,CPU&GPU=17.29ms,LCnt=1,GPU%=0.96,CPU%=0.38(W0.38),DSF=1.00
05-15 11:35:48.827  2122 18496 I TimeWarp: UpdateClockLevels: Apply pending clock request change: 2,4 -> 3,4
05-15 11:35:48.827  2122 18478 I Clocks  : ReleaseClocks - start
05-15 11:35:48.828   717   717 D         : CPU_CLUSTER_0: No client requests exists, release clocks
05-15 11:35:48.828   717   717 D         : CPU_CLUSTER_1: No client requests exists, release clocks
05-15 11:35:48.828   717   717 D         : GPU: No client requests exists, release clocks
05-15 11:35:48.828   717   717 D         : CPUBW: No client requests exists, release clocks
05-15 11:35:48.829  2122 18478 I Clocks  : ReleaseClocks - end (1.4 ms)
05-15 11:35:48.829  2122 18478 I Clocks  : LockClocks( cpu=3, gpu=4 ) - start
05-15 11:35:48.830  2122 18478 I Clocks  : CPU levels [0, 4]
05-15 11:35:48.830  2122 18478 I Clocks  : GPU levels [0, 5]
05-15 11:35:48.830   717  1230 D         : CPU_CLUSTER_0: Client 2122 sends freq request [21, 21]
05-15 11:35:48.830   717  1230 D         : CPU_CLUSTER_0: Next Perf Level = (21, 21)
05-15 11:35:48.830   717  1230 D         : CPU_CLUSTER_1: Client 2122 sends freq request [22, 22]
05-15 11:35:48.830   717  1230 D         : CPU_CLUSTER_1: Next Perf Level = (22, 22)
05-15 11:35:48.830   717  1230 D         : CPUBW: Client 2122 sends freq request [8, 11]
05-15 11:35:48.830   717  1230 D         : CPUBW: Next Perf Level = (8, 11)
05-15 11:35:48.830   717  1230 D         : GPU: Client 2122 sends freq request [6, 6]
05-15 11:35:48.830   717  1230 D         : GPU: Next Perf Level = (6, 6)
05-15 11:35:48.830  2122 18478 I Clocks  : LockClocks( cpu=3, gpu=4 ) - end (1.3 ms)
05-15 11:35:49.175  2142 18520 I Telemetry: App memory usage: PSS=62MB DalvikPSS=1 MB
05-15 11:35:49.448   714 18398 I [CT]    : boltlib: DSP utilization(%): 17
05-15 11:35:49.507   714 18464 I [CT]    : MANAGEMENT:CONSTELLATION: Status=GREEN,, Obj=4212769887286730484,6DOF=1,FusJit=0.0004mm,Issues(Cam/min=  0,IMU/min=0), Obj=7745273921483883046,6DOF=1,FusJit=0.0mm,Issues(Cam/min=  0,IMU/min=0)
05-15 11:35:49.580 18296 18641 I VrApi   : FPS=67,Prd=45ms,Tear=0,Early=9,Stale=7,VSnc=1,Lat=1,Fov=0,CPU4/GPU=3/4,1958/670MHz,OC=FF,TA=0/E0/E0,SP=N/F/F,Mem=1804MHz,Free=1130MB,PSM=0,PLS=0,Temp=27.0C/0.0C,TW=1.29ms,App=9.52ms,GD=0.00ms,CPU&GPU=17.16ms,LCnt=1,GPU%=0.72,CPU%=0.26(W0.41),DSF=1.00
05-15 11:35:50.580 18296 18641 I VrApi   : FPS=73,Prd=45ms,Tear=0,Early=19,Stale=0,VSnc=1,Lat=1,Fov=0,CPU4/GPU=3/4,1958/670MHz,OC=FF,TA=0/E0/E0,SP=N/F/F,Mem=1804MHz,Free=1130MB,PSM=0,PLS=0,Temp=27.0C/0.0C,TW=1.30ms,App=9.61ms,GD=0.00ms,CPU&GPU=13.15ms,LCnt=1,GPU%=0.73,CPU%=0.25(W0.42),DSF=1.00
05-15 11:35:50.977   714 18465 I [CT]    : VIPER:MAP_MANAGER: State: TRACKING_PERSISTENT, UUID=022994f1-0c1e-4a65-9817-b24e9f537401, Num. Persistent maps = 1,  Persistent maps:022994f1-0c1e-4a65-9817-b24e9f537401,, Ser. Disabled = 00000000-0000-0000-0000-000000000000
05-15 11:35:51.018   714 18465 I [CT]    : VIPER: Status=6DoF,TRACKING,KF=447,Inl=367,Pts=1732,Jit=0.0mm,Issues(Cam/min=0.0,IMU/min=0.0),Exp=(7.8ms,g=9.0,I=77)(6.0ms,g=5.0,I=70)(7.8ms,g=9.0,I=64)(6.1ms,g=6.0,I=68)
05-15 11:35:51.027  2122 18496 I TimeWarp: UpdateClockLevels: Apply pending clock request change: 3,4 -> 2,4
05-15 11:35:51.027  2122 18478 I Clocks  : ReleaseClocks - start
05-15 11:35:51.028   717   821 D         : CPU_CLUSTER_0: No client requests exists, release clocks
05-15 11:35:51.028   717   821 D         : CPU_CLUSTER_1: No client requests exists, release clocks
05-15 11:35:51.028   717   821 D         : GPU: No client requests exists, release clocks
05-15 11:35:51.028   717   821 D         : CPUBW: No client requests exists, release clocks
05-15 11:35:51.029  2122 18478 I Clocks  : ReleaseClocks - end (1.2 ms)
05-15 11:35:51.029  2122 18478 I Clocks  : LockClocks( cpu=2, gpu=4 ) - start
05-15 11:35:51.029  2122 18478 I Clocks  : CPU levels [0, 4]
05-15 11:35:51.029  2122 18478 I Clocks  : GPU levels [0, 5]
05-15 11:35:51.030   717   717 D         : CPU_CLUSTER_0: Client 2122 sends freq request [21, 21]
05-15 11:35:51.030   717   717 D         : CPU_CLUSTER_0: Next Perf Level = (21, 21)
05-15 11:35:51.030   717   717 D         : CPU_CLUSTER_1: Client 2122 sends freq request [18, 18]
05-15 11:35:51.030   717   717 D         : CPU_CLUSTER_1: Next Perf Level = (18, 18)
05-15 11:35:51.030   717   717 D         : CPUBW: Client 2122 sends freq request [8, 11]
05-15 11:35:51.030   717   717 D         : CPUBW: Next Perf Level = (8, 11)
05-15 11:35:51.030   717   717 D         : GPU: Client 2122 sends freq request [6, 6]
05-15 11:35:51.030   717   717 D         : GPU: Next Perf Level = (6, 6)
05-15 11:35:51.030  2122 18478 I Clocks  : LockClocks( cpu=2, gpu=4 ) - end (1.3 ms)
05-15 11:35:51.580 18296 18641 I VrApi   : FPS=72,Prd=45ms,Tear=0,Early=12,Stale=3,VSnc=1,Lat=1,Fov=0,CPU4/GPU=2/4,1651/670MHz,OC=FF,TA=0/E0/E0,SP=N/F/F,Mem=1804MHz,Free=1130MB,PSM=0,PLS=0,Temp=27.0C/0.0C,TW=1.30ms,App=9.70ms,GD=0.00ms,CPU&GPU=13.17ms,LCnt=1,GPU%=0.73,CPU%=0.23(W0.32),DSF=1.00
05-15 11:35:52.587 18296 18641 I VrApi   : FPS=70,Prd=45ms,Tear=0,Early=2,Stale=0,VSnc=1,Lat=1,Fov=0,CPU4/GPU=2/4,1651/670MHz,OC=FF,TA=0/E0/E0,SP=N/F/F,Mem=1804MHz,Free=1128MB,PSM=0,PLS=0,Temp=27.0C/0.0C,TW=1.24ms,App=13.93ms,GD=0.00ms,CPU&GPU=13.49ms,LCnt=1,GPU%=0.99,CPU%=0.22(W0.40),DSF=1.00
05-15 11:35:53.106   714 18464 I [CT]    : MANAGEMENT:CONSTELLATION: Status=GREEN,, Obj=4212769887286730484,6DOF=1,FusJit=0.0004mm,Issues(Cam/min=  0,IMU/min=0), Obj=7745273921483883046,6DOF=1,FusJit=0.0mm,Issues(Cam/min=  0,IMU/min=0)
05-15 11:35:53.580 18296 18641 I VrApi   : FPS=72,Prd=45ms,Tear=0,Early=0,Stale=3,VSnc=1,Lat=1,Fov=0,CPU4/GPU=2/4,1651/670MHz,OC=FF,TA=0/E0/E0,SP=N/F/F,Mem=1804MHz,Free=1130MB,PSM=0,PLS=0,Temp=27.0C/0.0C,TW=1.24ms,App=14.62ms,GD=0.00ms,CPU&GPU=20.02ms,LCnt=1,GPU%=0.99,CPU%=0.27(W0.38),DSF=1.00
05-15 11:35:53.779   714 18465 I [CT]    : HealthReport: ==================================================
05-15 11:35:53.779   714 18465 I [CT]    : Health Report
05-15 11:35:53.779   714 18465 I [CT]    : -------------
05-15 11:35:53.779   714 18465 I [CT]    : 
05-15 11:35:53.779   714 18465 I [CT]    : Reporter #1 (InsideOutHealthMonitor) summary:
05-15 11:35:53.779   714 18465 I [CT]    : Camera: Total Dropped: 0.000000, Total Frame Count: 700 (0.000000%), Camera Reset Count: 0
05-15 11:35:53.779   714 18465 I [CT]    : Camera: Total Single Camera Frame Dropped: 0, Total Frame Count: 700 (0.000000%)
05-15 11:35:53.779   714 18465 I [CT]    : IMU: Total Dropped: 0.000000, Total Sample Count: 28225 (0.000000%)
05-15 11:35:53.779   714 18465 I [CT]    : Magnetometer: Total Dropped: 0.000000, Total Sample Count: 847 (0.000000%)
05-15 11:35:53.779   714 18465 I [CT]    : 
05-15 11:35:53.779   714 18465 I [CT]    : Reporter #1 (InsideOutHealthMonitor) Passed
05-15 11:35:53.779   714 18465 I [CT]    : --------------------------------------------------
05-15 11:35:53.779   714 18465 I [CT]    : Reporter #2 (ConstellationHealthMonitor) summary:
05-15 11:35:53.779   714 18465 I [CT]    : Camera: Total Dropped: 0.000000, Total Frame Count: 701 (0.000000%), Camera Reset Count: 1
05-15 11:35:53.779   714 18465 I [CT]    : Camera: Total Single Camera Frame Dropped: 0, Total Frame Count: 701 (0.000000%)
05-15 11:35:53.779   714 18465 I [CT]    : Controller 4212769887286730484:
05-15 11:35:53.779   714 18465 I [CT]    : IMU: Capture period exceeded threshold.  Largest period: 4.026115 sec
05-15 11:35:53.779   714 18465 I [CT]    : Controllers may have been sleeping
05-15 11:35:53.779   714 18465 I [CT]    : IMU: Total Dropped: 0.000000, Total Sample Count: 12172.277000 (0.000000%)
05-15 11:35:53.779   714 18465 I [CT]    : Controller 7745273921483883046:
05-15 11:35:53.779   714 18465 I [CT]    : IMU: C
05-15 11:35:54.474 18296 18315 D UE4     : [GameActivity] Used memory: 979123
05-15 11:35:54.579   714 18465 I [CT]    : VIPER:MAP_MANAGER: State: TRACKING_PERSISTENT, UUID=022994f1-0c1e-4a65-9817-b24e9f537401, Num. Persistent maps = 1,  Persistent maps:022994f1-0c1e-4a65-9817-b24e9f537401,, Ser. Disabled = 00000000-0000-0000-0000-000000000000
05-15 11:35:54.581 18296 18641 I VrApi   : FPS=71,Prd=44ms,Tear=0,Early=0,Stale=0,VSnc=1,Lat=1,Fov=0,CPU4/GPU=2/4,1651/670MHz,OC=FF,TA=0/E0/E0,SP=N/F/F,Mem=1804MHz,Free=1126MB,PSM=0,PLS=0,Temp=27.0C/0.0C,TW=1.31ms,App=13.46ms,GD=0.00ms,CPU&GPU=19.75ms,LCnt=1,GPU%=0.97,CPU%=0.25(W0.35),DSF=1.00
05-15 11:35:54.622   714 18465 I [CT]    : VIPER: Status=6DoF,TRACKING,KF=447,Inl=362,Pts=1732,Jit=0.1mm,Issues(Cam/min=0.0,IMU/min=0.0),Exp=(7.8ms,g=9.0,I=77)(5.9ms,g=5.0,I=69)(7.8ms,g=9.0,I=64)(6.0ms,g=6.0,I=67)
05-15 11:35:55.449   714 18398 I [CT]    : boltlib: DSP utilization(%): 17
05-15 11:35:55.580 18296 18641 I VrApi   : FPS=72,Prd=45ms,Tear=0,Early=9,Stale=0,VSnc=1,Lat=1,Fov=0,CPU4/GPU=2/4,1651/670MHz,OC=FF,TA=0/E0/E0,SP=N/F/F,Mem=1804MHz,Free=1133MB,PSM=0,PLS=0,Temp=27.0C/0.0C,TW=1.31ms,App=9.82ms,GD=0.00ms,CPU&GPU=16.07ms,LCnt=1,GPU%=0.73,CPU%=0.31(W0.33),DSF=1.00
05-15 11:35:55.860   714 18449 D TrackingService: [HANDTRACKING] Controller 3a76c3e46c301ef4 in hand: Y, valid: Y
05-15 11:35:56.706   714 18464 I [CT]    : MANAGEMENT:CONSTELLATION: Status=GREEN,, Obj=4212769887286730484,6DOF=1,FusJit=0.007mm,Issues(Cam/min=  0,IMU/min=0), Obj=7745273921483883046,6DOF=1,FusJit=0.0mm,Issues(Cam/min=  0,IMU/min=0)
05-15 11:35:56.912 18296 18641 I Telemetry: App memory usage: PSS=956MB DalvikPSS=3 MB
05-15 11:35:56.914 18296 18641 I VrApi   : FPS=72,Prd=45ms,Tear=0,Early=6,Stale=0,VSnc=1,Lat=1,Fov=0,CPU4/GPU=2/4,1651/670MHz,OC=FF,TA=0/E0/E0,SP=N/F/F,Mem=1804MHz,Free=1133MB,PSM=0,PLS=0,Temp=27.0C/0.0C,TW=1.29ms,App=13.46ms,GD=0.00ms,CPU&GPU=13.64ms,LCnt=1,GPU%=0.96,CPU%=0.33(W0.38),DSF=1.00
05-15 11:35:57.580 18296 18641 I VrApi   : FPS=72,Prd=45ms,Tear=0,Early=2,Stale=0,VSnc=1,Lat=1,Fov=0,CPU4/GPU=2/4,1651/670MHz,OC=FF,TA=0/E0/E0,SP=N/F/F,Mem=1804MHz,Free=1134MB,PSM=0,PLS=0,Temp=27.0C/0.0C,TW=1.32ms,App=11.37ms,GD=0.00ms,CPU&GPU=17.47ms,LCnt=1,GPU%=0.81,CPU%=0.25(W0.33),DSF=1.00
05-15 11:35:57.742   714 18449 I [CT]    : R:Behavior:AtRest: activated
05-15 11:35:57.742   714 18449 I [CT]    : AdHocPatch: [Right] t = 32.329s, behavior transition: None -> AtRest at 32.379s
05-15 11:35:57.755   714 18449 I [CT]    : R:Behavior:AtRest: deactivated
05-15 11:35:57.755   714 18449 I [CT]    : AdHocPatch: [Right] t = 32.343s, behavior transition: AtRest -> None at 32.393s
05-15 11:35:57.765   714 18449 I [CT]    : R:Behavior:AtRest: activated
05-15 11:35:57.765   714 18449 I [CT]    : AdHocPatch: [Right] t = 32.353s, behavior transition: None -> AtRest at 32.403s
05-15 11:35:57.771   714 18449 I [CT]    : R:Behavior:AtRest: deactivated
05-15 11:35:57.771   714 18449 I [CT]    : AdHocPatch: [Right] t = 32.359s, behavior transition: AtRest -> None at 32.409s
05-15 11:35:58.145   714 18449 I [CT]    : R:Behavior:AtRest: activated
05-15 11:35:58.145   714 18449 I [CT]    : AdHocPatch: [Right] t = 32.733s, behavior transition: None -> AtRest at 32.783s
05-15 11:35:58.155   714 18449 I [CT]    : R:Behavior:AtRest: deactivated
05-15 11:35:58.155   714 18449 I [CT]    : AdHocPatch: [Right] t = 32.743s, behavior transition: AtRest -> None at 32.793s
05-15 11:35:58.177   714 18465 I [CT]    : VIPER:MAP_MANAGER: State: TRACKING_PERSISTENT, UUID=022994f1-0c1e-4a65-9817-b24e9f537401, Num. Persistent maps = 1,  Persistent maps:022994f1-0c1e-4a65-9817-b24e9f537401,, Ser. Disabled = 00000000-0000-0000-0000-000000000000
05-15 11:35:58.217   714 18465 I [CT]    : VIPER: Status=6DoF,TRACKING,KF=447,Inl=323,Pts=1732,Jit=0.1mm,Issues(Cam/min=0.0,IMU/min=0.0),Exp=(7.4ms,g=9.0,I=77)(5.3ms,g=3.0,I=69)(7.4ms,g=9.0,I=61)(6.2ms,g=6.0,I=68)
05-15 11:35:58.236   714 18449 I [CT]    : R:Behavior:AtRest: activated
05-15 11:35:58.236   714 18449 I [CT]    : AdHocPatch: [Right] t = 32.823s, behavior transition: None -> AtRest at 32.873s
05-15 11:35:58.281   714 18449 I [CT]    : R:Behavior:AtRest: deactivated
05-15 11:35:58.281   714 18449 I [CT]    : AdHocPatch: [Right] t = 32.869s, behavior transition: AtRest -> None at 32.919s
05-15 11:35:58.323   714 18449 I [CT]    : R:Behavior:AtRest: activated
05-15 11:35:58.323   714 18449 I [CT]    : AdHocPatch: [Right] t = 32.911s, behavior transition: None -> AtRest at 32.961s
05-15 11:35:58.375   714 18449 I [CT]    : R:Behavior:AtRest: deactivated
05-15 11:35:58.375   714 18449 I [CT]    : AdHocPatch: [Right] t = 32.963s, behavior transition: AtRest -> None at 33.013s
05-15 11:35:58.389   714 18449 I [CT]    : R:Behavior:AtRest: activated
05-15 11:35:58.389   714 18449 I [CT]    : AdHocPatch: [Right] t = 32.977s, behavior transition: None -> AtRest at 33.027s
05-15 11:35:58.462   714 18449 I [CT]    : R:Behavior:AtRest: deactivated
05-15 11:35:58.462   714 18449 I [CT]    : AdHocPatch: [Right] t = 33.044s, behavior transition: AtRest -> None at 33.095s
05-15 11:35:58.471   714 18449 I [CT]    : R:Behavior:AtRest: activated
05-15 11:35:58.471   714 18449 I [CT]    : AdHocPatch: [Right] t = 33.058s, behavior transition: None -> AtRest at 33.109s
05-15 11:35:58.515   714 18449 I [CT]    : R:Behavior:AtRest: deactivated
05-15 11:35:58.515   714 18449 I [CT]    : AdHocPatch: [Right] t = 33.104s, behavior transition: AtRest -> None at 33.153s
05-15 11:35:58.580 18296 18641 I VrApi   : FPS=72,Prd=45ms,Tear=0,Early=9,Stale=0,VSnc=1,Lat=1,Fov=0,CPU4/GPU=2/4,1651/670MHz,OC=FF,TA=0/E0/E0,SP=N/F/F,Mem=1804MHz,Free=1130MB,PSM=0,PLS=0,Temp=27.0C/0.0C,TW=1.26ms,App=9.69ms,GD=0.00ms,CPU&GPU=15.19ms,LCnt=1,GPU%=0.73,CPU%=0.24(W0.35),DSF=1.00
05-15 11:35:58.723   714 18449 I [CT]    : R:Behavior:AtRest: activated
05-15 11:35:58.724   714 18449 I [CT]    : AdHocPatch: [Right] t = 33.312s, behavior transition: None -> AtRest at 33.361s
05-15 11:35:58.735   714 18449 I [CT]    : R:Behavior:AtRest: deactivated
05-15 11:35:58.736   714 18449 I [CT]    : AdHocPatch: [Right] t = 33.324s, behavior transition: AtRest -> None at 33.373s
05-15 11:35:58.791   714 18449 I [CT]    : R:Behavior:AtRest: activated
05-15 11:35:58.791   714 18449 I [CT]    : AdHocPatch: [Right] t = 33.380s, behavior transition: None -> AtRest at 33.429s
05-15 11:35:58.901   714 18449 I [CT]    : R:Behavior:AtRest: deactivated
05-15 11:35:58.902   714 18449 I [CT]    : AdHocPatch: [Right] t = 33.486s, behavior transition: AtRest -> None at 33.535s
05-15 11:35:58.921   714 18449 I [CT]    : R:Behavior:AtRest: activated
05-15 11:35:58.921   714 18449 I [CT]    : AdHocPatch: [Right] t = 33.510s, behavior transition: None -> AtRest at 33.559s
05-15 11:35:59.042   714 18449 I [CT]    : R:Behavior:AtRest: deactivated
05-15 11:35:59.042   714 18449 I [CT]    : AdHocPatch: [Right] t = 33.630s, behavior transition: AtRest -> None at 33.679s
05-15 11:35:59.161   714 18447 W [CT]    : VIPER: IMU Update exceeded imu sampling period: update=0.001216667000335292s, period=0.001s.
05-15 11:35:59.335   714 18449 I [CT]    : R:Behavior:AtRest: activated
05-15 11:35:59.335   714 18449 I [CT]    : AdHocPatch: [Right] t = 33.923s, behavior transition: None -> AtRest at 33.973s
05-15 11:35:59.343   714 18449 I [CT]    : R:Behavior:AtRest: deactivated
05-15 11:35:59.343   714 18449 I [CT]    : AdHocPatch: [Right] t = 33.931s, behavior transition: AtRest -> None at 33.981s
05-15 11:35:59.427   714 18449 I [CT]    : R:Behavior:AtRest: activated
05-15 11:35:59.428   714 18449 I [CT]    : AdHocPatch: [Right] t = 34.015s, behavior transition: None -> AtRest at 34.065s
05-15 11:35:59.495   714 18449 I [CT]    : R:Behavior:AtRest: deactivated
05-15 11:35:59.495   714 18449 I [CT]    : AdHocPatch: [Right] t = 34.083s, behavior transition: AtRest -> None at 34.133s
05-15 11:35:59.580 18296 18641 I VrApi   : FPS=72,Prd=45ms,Tear=0,Early=6,Stale=0,VSnc=1,Lat=1,Fov=0,CPU4/GPU=2/4,1651/670MHz,OC=FF,TA=0/E0/E0,SP=N/F/F,Mem=1804MHz,Free=1130MB,PSM=0,PLS=0,Temp=27.0C/0.0C,TW=1.29ms,App=9.99ms,GD=0.00ms,CPU&GPU=13.56ms,LCnt=1,GPU%=0.73,CPU%=0.32(W0.33),DSF=1.00
05-15 11:35:59.582   714 18449 I [CT]    : R:Behavior:AtRest: activated
05-15 11:35:59.582   714 18449 I [CT]    : AdHocPatch: [Right] t = 34.169s, behavior transition: None -> AtRest at 34.219s
05-15 11:35:59.600   714 18449 I [CT]    : R:Behavior:AtRest: deactivated
05-15 11:35:59.600   714 18449 I [CT]    : AdHocPatch: [Right] t = 34.187s, behavior transition: AtRest -> None at 34.237s
05-15 11:35:59.779   714 18465 I [CT]    : HealthReport: ==================================================
05-15 11:35:59.779   714 18465 I [CT]    : Health Report
05-15 11:35:59.779   714 18465 I [CT]    : -------------
05-15 11:35:59.779   714 18465 I [CT]    : 
05-15 11:35:59.779   714 18465 I [CT]    : Reporter #1 (InsideOutHealthMonitor) summary:
05-15 11:35:59.779   714 18465 I [CT]    : Camera: Total Dropped: 0.000000, Total Frame Count: 850 (0.000000%), Camera Reset Count: 0
05-15 11:35:59.779   714 18465 I [CT]    : Camera: Total Single Camera Frame Dropped: 0, Total Frame Count: 850 (0.000000%)
05-15 11:35:59.779   714 18465 I [CT]    : IMU: Total Dropped: 0.000000, Total Sample Count: 34225 (0.000000%)
05-15 11:35:59.779   714 18465 I [CT]    : Magnetometer: Total Dropped: 0.000000, Total Sample Count: 1027 (0.000000%)
05-15 11:35:59.779   714 18465 I [CT]    : 
05-15 11:35:59.779   714 18465 I [CT]    : Reporter #1 (InsideOutHealthMonitor) Passed
05-15 11:35:59.779   714 18465 I [CT]    : --------------------------------------------------
05-15 11:35:59.779   714 18465 I [CT]    : Reporter #2 (ConstellationHealthMonitor) summary:
05-15 11:35:59.779   714 18465 I [CT]    : Camera: Total Dropped: 0.000000, Total Frame Count: 851 (0.000000%), Camera Reset Count: 1
05-15 11:35:59.779   714 18465 I [CT]    : Camera: Total Single Camera Frame Dropped: 0, Total Frame Count: 851 (0.000000%)
05-15 11:35:59.779   714 18465 I [CT]    : Controller 4212769887286730484:
05-15 11:35:59.779   714 18465 I [CT]    : IMU: Capture period exceeded threshold.  Largest period: 4.026115 sec
05-15 11:35:59.779   714 18465 I [CT]    : Controllers may have been sleeping
05-15 11:35:59.779   714 18465 I [CT]    : IMU: Total Dropped: 0.000000, Total Sample Count: 15172.108000 (0.000000%)
05-15 11:35:59.779   714 18465 I [CT]    : Controller 7745273921483883046:
05-15 11:35:59.779   714 18465 I [CT]    : IMU: 
05-15 11:36:00.306   714 18464 I [CT]    : MANAGEMENT:CONSTELLATION: Status=GREEN,, Obj=4212769887286730484,6DOF=1,FusJit=0.005mm,Issues(Cam/min=  0,IMU/min=0), Obj=7745273921483883046,6DOF=1,FusJit=0.0mm,Issues(Cam/min=  0,IMU/min=0)
05-15 11:36:00.584 18296 18641 I VrApi   : FPS=72,Prd=45ms,Tear=0,Early=6,Stale=0,VSnc=1,Lat=1,Fov=0,CPU4/GPU=2/4,1651/670MHz,OC=FF,TA=0/E0/E0,SP=N/F/F,Mem=1804MHz,Free=1130MB,PSM=0,PLS=0,Temp=27.0C/0.0C,TW=1.30ms,App=9.72ms,GD=0.00ms,CPU&GPU=13.53ms,LCnt=1,GPU%=0.72,CPU%=0.31(W0.40),DSF=1.00
05-15 11:36:01.484   714 18398 I [CT]    : boltlib: DSP utilization(%): 17
05-15 11:36:01.580 18296 18641 I VrApi   : FPS=72,Prd=45ms,Tear=0,Early=3,Stale=0,VSnc=1,Lat=1,Fov=0,CPU4/GPU=2/4,1651/670MHz,OC=FF,TA=0/E0/E0,SP=N/F/F,Mem=1804MHz,Free=1134MB,PSM=0,PLS=0,Temp=27.0C/0.0C,TW=1.33ms,App=10.28ms,GD=0.00ms,CPU&GPU=13.56ms,LCnt=1,GPU%=0.75,CPU%=0.32(W0.43),DSF=1.00
05-15 11:36:01.777   714 18465 I [CT]    : VIPER:MAP_MANAGER: State: TRACKING_PERSISTENT, UUID=022994f1-0c1e-4a65-9817-b24e9f537401, Num. Persistent maps = 1,  Persistent maps:022994f1-0c1e-4a65-9817-b24e9f537401,, Ser. Disabled = 00000000-0000-0000-0000-000000000000
05-15 11:36:01.818   714 18465 I [CT]    : VIPER: Status=6DoF,TRACKING,KF=447,Inl=273,Pts=1732,Jit=0.2mm,Issues(Cam/min=0.0,IMU/min=0.0),Exp=(7.8ms,g=9.0,I=82)(4.8ms,g=3.0,I=68)(7.8ms,g=9.0,I=56)(6.4ms,g=7.0,I=67)
05-15 11:36:02.585 18296 18641 I VrApi   : FPS=72,Prd=45ms,Tear=0,Early=0,Stale=0,VSnc=1,Lat=1,Fov=0,CPU4/GPU=2/4,1651/670MHz,OC=FF,TA=0/E0/E0,SP=N/F/F,Mem=1804MHz,Free=1134MB,PSM=0,PLS=0,Temp=27.0C/0.0C,TW=1.33ms,App=10.73ms,GD=0.00ms,CPU&GPU=13.95ms,LCnt=1,GPU%=0.76,CPU%=0.27(W0.41),DSF=1.00
05-15 11:36:03.580 18296 18641 I VrApi   : FPS=72,Prd=45ms,Tear=0,Early=1,Stale=0,VSnc=1,Lat=1,Fov=0,CPU4/GPU=2/4,1651/670MHz,OC=FF,TA=0/E0/E0,SP=N/F/F,Mem=1804MHz,Free=1131MB,PSM=0,PLS=0,Temp=27.0C/0.0C,TW=1.32ms,App=10.61ms,GD=0.00ms,CPU&GPU=14.44ms,LCnt=1,GPU%=0.76,CPU%=0.33(W0.50),DSF=1.00
05-15 11:36:03.906   714 18464 I [CT]    : MANAGEMENT:CONSTELLATION: Status=GREEN,, Obj=4212769887286730484,6DOF=1,FusJit=0.01mm,Issues(Cam/min=  0,IMU/min=0), Obj=7745273921483883046,6DOF=1,FusJit=0.0mm,Issues(Cam/min=  0,IMU/min=0)
05-15 11:36:04.342   714 18449 I [CT]    : R:Behavior:AtRest: activated
05-15 11:36:04.342   714 18449 I [CT]    : AdHocPatch: [Right] t = 38.928s, behavior transition: None -> AtRest at 38.977s
05-15 11:36:04.395   714 18449 I [CT]    : R:Behavior:AtRest: deactivated
05-15 11:36:04.395   714 18449 I [CT]    : AdHocPatch: [Right] t = 38.984s, behavior transition: AtRest -> None at 39.033s
05-15 11:36:04.409   714 18449 I [CT]    : R:Behavior:AtRest: activated
05-15 11:36:04.409   714 18449 I [CT]    : AdHocPatch: [Right] t = 38.998s, behavior transition: None -> AtRest at 39.047s
05-15 11:36:04.422   714 18449 I [CT]    : R:Behavior:AtRest: deactivated
05-15 11:36:04.422   714 18449 I [CT]    : AdHocPatch: [Right] t = 39.008s, behavior transition: AtRest -> None at 39.057s
05-15 11:36:04.580 18296 18641 I VrApi   : FPS=72,Prd=45ms,Tear=0,Early=13,Stale=0,VSnc=1,Lat=1,Fov=0,CPU4/GPU=2/4,1651/670MHz,OC=FF,TA=0/E0/E0,SP=N/F/F,Mem=1804MHz,Free=1131MB,PSM=0,PLS=0,Temp=27.0C/0.0C,TW=1.23ms,App=9.14ms,GD=0.00ms,CPU&GPU=14.23ms,LCnt=1,GPU%=0.69,CPU%=0.30(W0.32),DSF=1.00
05-15 11:36:04.862  1801  1801 D [OAR] LowStorageNotificationScheduler: Storage Checks: Internal Free (106523164672)
05-15 11:36:04.868 18296 18315 D UE4     : [GameActivity] Used memory: 978867
05-15 11:36:05.127   714 18449 I [CT]    : R:Behavior:AtRest: activated
05-15 11:36:05.127   714 18449 I [CT]    : AdHocPatch: [Right] t = 39.715s, behavior transition: None -> AtRest at 39.765s
05-15 11:36:05.142   714 18449 I [CT]    : R:Behavior:AtRest: deactivated
05-15 11:36:05.142   714 18449 I [CT]    : AdHocPatch: [Right] t = 39.725s, behavior transition: AtRest -> None at 39.775s
05-15 11:36:05.377   714 18465 I [CT]    : VIPER:MAP_MANAGER: State: TRACKING_PERSISTENT, UUID=022994f1-0c1e-4a65-9817-b24e9f537401, Num. Persistent maps = 1,  Persistent maps:022994f1-0c1e-4a65-9817-b24e9f537401,, Ser. Disabled = 00000000-0000-0000-0000-000000000000
05-15 11:36:05.417   714 18465 I [CT]    : VIPER: Status=6DoF,TRACKING,KF=447,Inl=320,Pts=1732,Jit=0.4mm,Issues(Cam/min=0.0,IMU/min=0.0),Exp=(7.5ms,g=8.0,I=74)(4.4ms,g=4.0,I=68)(7.5ms,g=8.0,I=64)(5.5ms,g=6.0,I=67)
05-15 11:36:05.581 18296 18641 I VrApi   : FPS=72,Prd=44ms,Tear=0,Early=26,Stale=0,VSnc=1,Lat=1,Fov=0,CPU4/GPU=2/4,1651/670MHz,OC=FF,TA=0/E0/E0,SP=N/F/F,Mem=1804MHz,Free=1130MB,PSM=0,PLS=0,Temp=27.0C/0.0C,TW=1.23ms,App=9.05ms,GD=0.00ms,CPU&GPU=12.80ms,LCnt=1,GPU%=0.69,CPU%=0.30(W0.32),DSF=1.00
05-15 11:36:05.625   714 18449 I [CT]    : R:Behavior:AtRest: activated
05-15 11:36:05.625   714 18449 I [CT]    : AdHocPatch: [Right] t = 40.213s, behavior transition: None -> AtRest at 40.263s
05-15 11:36:05.691   714 18449 I [CT]    : R:Behavior:AtRest: deactivated
05-15 11:36:05.692   714 18449 I [CT]    : AdHocPatch: [Right] t = 40.278s, behavior transition: AtRest -> None at 40.329s
05-15 11:36:05.779   714 18465 I [CT]    : HealthReport: ==================================================
05-15 11:36:05.779   714 18465 I [CT]    : Health Report
05-15 11:36:05.779   714 18465 I [CT]    : -------------
05-15 11:36:05.779   714 18465 I [CT]    : 
05-15 11:36:05.779   714 18465 I [CT]    : Reporter #1 (InsideOutHealthMonitor) summary:
05-15 11:36:05.779   714 18465 I [CT]    : Camera: Total Dropped: 0.000000, Total Frame Count: 1000 (0.000000%), Camera Reset Count: 0
05-15 11:36:05.779   714 18465 I [CT]    : Camera: Total Single Camera Frame Dropped: 0, Total Frame Count: 1000 (0.000000%)
05-15 11:36:05.779   714 18465 I [CT]    : IMU: Total Dropped: 0.000000, Total Sample Count: 40224 (0.000000%)
05-15 11:36:05.779   714 18465 I [CT]    : Magnetometer: Total Dropped: 0.000000, Total Sample Count: 1208 (0.000000%)
05-15 11:36:05.779   714 18465 I [CT]    : 
05-15 11:36:05.779   714 18465 I [CT]    : Reporter #1 (InsideOutHealthMonitor) Passed
05-15 11:36:05.779   714 18465 I [CT]    : --------------------------------------------------
05-15 11:36:05.779   714 18465 I [CT]    : Reporter #2 (ConstellationHealthMonitor) summary:
05-15 11:36:05.779   714 18465 I [CT]    : Camera: Total Dropped: 0.000000, Total Frame Count: 1001 (0.000000%), Camera Reset Count: 1
05-15 11:36:05.779   714 18465 I [CT]    : Camera: Total Single Camera Frame Dropped: 0, Total Frame Count: 1001 (0.000000%)
05-15 11:36:05.779   714 18465 I [CT]    : Controller 4212769887286730484:
05-15 11:36:05.779   714 18465 I [CT]    : IMU: Capture period exceeded threshold.  Largest period: 4.026115 sec
05-15 11:36:05.779   714 18465 I [CT]    : Controllers may have been sleeping
05-15 11:36:05.779   714 18465 I [CT]    : IMU: Total Dropped: 0.000000, Total Sample Count: 18171.945500 (0.000000%)
05-15 11:36:05.779   714 18465 I [CT]    : Controller 7745273921483883046:
05-15 11:36:05.779   714 18465 I [CT]    : I
05-15 11:36:05.843   714 18449 I [CT]    : R:Behavior:AtRest: activated
05-15 11:36:05.843   714 18449 I [CT]    : AdHocPatch: [Right] t = 40.432s, behavior transition: None -> AtRest at 40.481s
05-15 11:36:05.892   714 18449 I [CT]    : R:Behavior:AtRest: deactivated
05-15 11:36:05.892   714 18449 I [CT]    : AdHocPatch: [Right] t = 40.480s, behavior transition: AtRest -> None at 40.529s
05-15 11:36:05.927   714 18449 I [CT]    : R:Behavior:AtRest: activated
05-15 11:36:05.928   714 18449 I [CT]    : AdHocPatch: [Right] t = 40.516s, behavior transition: None -> AtRest at 40.565s
05-15 11:36:06.029   714 18449 I [CT]    : R:Behavior:AtRest: deactivated
05-15 11:36:06.030   714 18449 I [CT]    : AdHocPatch: [Right] t = 40.618s, behavior transition: AtRest -> None at 40.667s
05-15 11:36:06.046   714 18449 I [CT]    : R:Behavior:AtRest: activated
05-15 11:36:06.046   714 18449 I [CT]    : AdHocPatch: [Right] t = 40.634s, behavior transition: None -> AtRest at 40.683s
05-15 11:36:06.052   714 18449 I [CT]    : R:Behavior:AtRest: deactivated
05-15 11:36:06.052   714 18449 I [CT]    : AdHocPatch: [Right] t = 40.640s, behavior transition: AtRest -> None at 40.689s
05-15 11:36:06.062   714 18449 I [CT]    : R:Behavior:AtRest: activated
05-15 11:36:06.062   714 18449 I [CT]    : AdHocPatch: [Right] t = 40.650s, behavior transition: None -> AtRest at 40.699s
05-15 11:36:06.090   714 18449 I [CT]    : R:Behavior:AtRest: deactivated
05-15 11:36:06.090   714 18449 I [CT]    : AdHocPatch: [Right] t = 40.678s, behavior transition: AtRest -> None at 40.727s
05-15 11:36:06.142   714 18449 I [CT]    : R:Behavior:AtRest: activated
05-15 11:36:06.142   714 18449 I [CT]    : AdHocPatch: [Right] t = 40.728s, behavior transition: None -> AtRest at 40.777s
05-15 11:36:06.188   714 18449 I [CT]    : R:Behavior:AtRest: deactivated
05-15 11:36:06.188   714 18449 I [CT]    : AdHocPatch: [Right] t = 40.776s, behavior transition: AtRest -> None at 40.825s
05-15 11:36:06.425   714 18449 I [CT]    : R:Behavior:AtRest: activated
05-15 11:36:06.425   714 18449 I [CT]    : AdHocPatch: [Right] t = 41.013s, behavior transition: None -> AtRest at 41.063s
05-15 11:36:06.433   714 18449 I [CT]    : R:Behavior:AtRest: deactivated
05-15 11:36:06.433   714 18449 I [CT]    : AdHocPatch: [Right] t = 41.021s, behavior transition: AtRest -> None at 41.071s
05-15 11:36:06.583 18296 18641 I VrApi   : FPS=72,Prd=44ms,Tear=0,Early=9,Stale=0,VSnc=1,Lat=1,Fov=0,CPU4/GPU=2/4,1651/670MHz,OC=FF,TA=0/E0/E0,SP=N/F/F,Mem=1804MHz,Free=1133MB,PSM=0,PLS=0,Temp=27.0C/0.0C,TW=1.29ms,App=12.67ms,GD=0.00ms,CPU&GPU=12.74ms,LCnt=1,GPU%=0.91,CPU%=0.27(W0.38),DSF=1.00
05-15 11:36:06.862   714 18449 I [CT]    : R:Behavior:AtRest: activated
05-15 11:36:06.862   714 18449 I [CT]    : AdHocPatch: [Right] t = 41.445s, behavior transition: None -> AtRest at 41.495s
05-15 11:36:06.906   714 18449 I [CT]    : R:Behavior:AtRest: deactivated
05-15 11:36:06.906   714 18449 I [CT]    : AdHocPatch: [Right] t = 41.493s, behavior transition: AtRest -> None at 41.543s
05-15 11:36:07.122   714 18449 I [CT]    : R:Behavior:AtRest: activated
05-15 11:36:07.122   714 18449 I [CT]    : AdHocPatch: [Right] t = 41.709s, behavior transition: None -> AtRest at 41.759s
05-15 11:36:07.130   714 18449 I [CT]    : R:Behavior:AtRest: deactivated
05-15 11:36:07.130   714 18449 I [CT]    : AdHocPatch: [Right] t = 41.716s, behavior transition: AtRest -> None at 41.767s
05-15 11:36:07.245   714 18449 I [CT]    : R:Behavior:AtRest: activated
05-15 11:36:07.246   714 18449 I [CT]    : AdHocPatch: [Right] t = 41.834s, behavior transition: None -> AtRest at 41.883s
05-15 11:36:07.315   714 18449 I [CT]    : R:Behavior:AtRest: deactivated
05-15 11:36:07.315   714 18449 I [CT]    : AdHocPatch: [Right] t = 41.904s, behavior transition: AtRest -> None at 41.953s
05-15 11:36:07.333   714 18449 I [CT]    : R:Behavior:AtRest: activated
05-15 11:36:07.334   714 18449 I [CT]    : AdHocPatch: [Right] t = 41.922s, behavior transition: None -> AtRest at 41.971s
05-15 11:36:07.350   714 18449 I [CT]    : R:Behavior:AtRest: deactivated
05-15 11:36:07.350   714 18449 I [CT]    : AdHocPatch: [Right] t = 41.938s, behavior transition: AtRest -> None at 41.987s
05-15 11:36:07.362   714 18449 I [CT]    : R:Behavior:AtRest: activated
05-15 11:36:07.362   714 18449 I [CT]    : AdHocPatch: [Right] t = 41.950s, behavior transition: None -> AtRest at 41.999s
05-15 11:36:07.374   714 18449 I [CT]    : R:Behavior:AtRest: deactivated
05-15 11:36:07.374   714 18449 I [CT]    : AdHocPatch: [Right] t = 41.962s, behavior transition: AtRest -> None at 42.011s
05-15 11:36:07.488   714 18398 I [CT]    : boltlib: DSP utilization(%): 17
05-15 11:36:07.506   714 18464 I [CT]    : MANAGEMENT:CONSTELLATION: Status=GREEN,, Obj=4212769887286730484,6DOF=1,FusJit=0.004mm,Issues(Cam/min=  0,IMU/min=0), Obj=7745273921483883046,6DOF=1,FusJit=0.0mm,Issues(Cam/min=  0,IMU/min=0)
05-15 11:36:07.587 18296 18641 I VrApi   : FPS=72,Prd=45ms,Tear=0,Early=7,Stale=0,VSnc=1,Lat=1,Fov=0,CPU4/GPU=2/4,1651/670MHz,OC=FF,TA=0/E0/E0,SP=N/F/F,Mem=1804MHz,Free=1133MB,PSM=0,PLS=0,Temp=27.0C/0.0C,TW=1.27ms,App=9.26ms,GD=0.00ms,CPU&GPU=16.53ms,LCnt=1,GPU%=0.71,CPU%=0.28(W0.38),DSF=1.00
05-15 11:36:08.583 18296 18641 I VrApi   : FPS=72,Prd=45ms,Tear=0,Early=8,Stale=6,VSnc=1,Lat=1,Fov=0,CPU4/GPU=2/4,1651/670MHz,OC=FF,TA=0/E0/E0,SP=N/F/F,Mem=1804MHz,Free=1129MB,PSM=0,PLS=0,Temp=27.0C/0.0C,TW=1.31ms,App=10.31ms,GD=0.00ms,CPU&GPU=13.57ms,LCnt=1,GPU%=0.76,CPU%=0.26(W0.35),DSF=1.00
05-15 11:36:08.979   714 18465 I [CT]    : VIPER:MAP_MANAGER: State: TRACKING_PERSISTENT, UUID=022994f1-0c1e-4a65-9817-b24e9f537401, Num. Persistent maps = 1,  Persistent maps:022994f1-0c1e-4a65-9817-b24e9f537401,, Ser. Disabled = 00000000-0000-0000-0000-000000000000
05-15 11:36:09.020   714 18465 I [CT]    : VIPER: Status=6DoF,TRACKING,KF=447,Inl=333,Pts=1732,Jit=0.2mm,Issues(Cam/min=0.0,IMU/min=0.0),Exp=(8.2ms,g=10.0,I=77)(5.8ms,g=7.0,I=70)(8.2ms,g=10.0,I=68)(6.4ms,g=6.0,I=67)
05-15 11:36:09.194  2142 18520 I Telemetry: App memory usage: PSS=62MB DalvikPSS=1 MB
05-15 11:36:09.580 18296 18641 I VrApi   : FPS=68,Prd=45ms,Tear=0,Early=0,Stale=0,VSnc=1,Lat=1,Fov=0,CPU4/GPU=2/4,1651/670MHz,OC=FF,TA=0/E0/E0,SP=N/F/F,Mem=1804MHz,Free=1133MB,PSM=0,PLS=0,Temp=27.0C/0.0C,TW=1.29ms,App=13.90ms,GD=0.00ms,CPU&GPU=16.14ms,LCnt=1,GPU%=0.96,CPU%=0.29(W0.41),DSF=1.00
05-15 11:36:09.595   714 18449 I [CT]    : R:Behavior:AtRest: activated
05-15 11:36:09.595   714 18449 I [CT]    : AdHocPatch: [Left] t = 44.184s, behavior transition: None -> AtRest at 44.231s
05-15 11:36:09.600   714 18449 I [CT]    : R:Behavior:AtRest: deactivated
05-15 11:36:09.600   714 18449 I [CT]    : AdHocPatch: [Left] t = 44.188s, behavior transition: AtRest -> None at 44.235s
05-15 11:36:09.851   714 18449 I [CT]    : R:Behavior:AtRest: activated
05-15 11:36:09.851   714 18449 I [CT]    : AdHocPatch: [Left] t = 44.440s, behavior transition: None -> AtRest at 44.487s
05-15 11:36:09.871   714 18449 I [CT]    : R:Behavior:AtRest: deactivated
05-15 11:36:09.871   714 18449 I [CT]    : AdHocPatch: [Left] t = 44.460s, behavior transition: AtRest -> None at 44.507s
05-15 11:36:10.369   714 18449 I [CT]    : R:Behavior:AtRest: activated
05-15 11:36:10.369   714 18449 I [CT]    : AdHocPatch: [Left] t = 44.958s, behavior transition: None -> AtRest at 45.006s
05-15 11:36:10.405   714 18449 I [CT]    : R:Behavior:AtRest: deactivated
05-15 11:36:10.405   714 18449 I [CT]    : AdHocPatch: [Left] t = 44.994s, behavior transition: AtRest -> None at 45.042s
05-15 11:36:10.581 18296 18641 I VrApi   : FPS=72,Prd=44ms,Tear=0,Early=0,Stale=0,VSnc=1,Lat=1,Fov=0,CPU4/GPU=2/4,1651/670MHz,OC=FF,TA=0/E0/E0,SP=N/F/F,Mem=1804MHz,Free=1130MB,PSM=0,PLS=0,Temp=27.0C/0.0C,TW=1.33ms,App=10.33ms,GD=0.00ms,CPU&GPU=19.36ms,LCnt=1,GPU%=0.74,CPU%=0.33(W0.38),DSF=1.00
05-15 11:36:10.627   714 18449 I [CT]    : R:Behavior:AtRest: activated
05-15 11:36:10.627   714 18449 I [CT]    : AdHocPatch: [Left] t = 45.216s, behavior transition: None -> AtRest at 45.264s
05-15 11:36:10.753   714 18449 I [CT]    : R:Behavior:AtRest: deactivated
05-15 11:36:10.753   714 18449 I [CT]    : AdHocPatch: [Left] t = 45.340s, behavior transition: AtRest -> None at 45.390s
05-15 11:36:10.822   714 18449 I [CT]    : R:Behavior:AtRest: activated
05-15 11:36:10.822   714 18449 I [CT]    : AdHocPatch: [Left] t = 45.408s, behavior transition: None -> AtRest at 45.457s
05-15 11:36:10.865   714 18449 I [CT]    : R:Behavior:AtRest: deactivated
05-15 11:36:10.865   714 18449 I [CT]    : AdHocPatch: [Left] t = 45.452s, behavior transition: AtRest -> None at 45.501s
05-15 11:36:11.081   714 18449 I [CT]    : R:Behavior:AtRest: activated
05-15 11:36:11.081   714 18449 I [CT]    : AdHocPatch: [Left] t = 45.668s, behavior transition: None -> AtRest at 45.717s
05-15 11:36:11.107   714 18464 I [CT]    : MANAGEMENT:CONSTELLATION: Status=GREEN,, Obj=4212769887286730484,6DOF=1 (estimated),Issues(Cam/min=  0,IMU/min=0), Obj=7745273921483883046,6DOF=1,FusJit=0.0mm,Issues(Cam/min=  0,IMU/min=0)
05-15 11:36:11.119   714 18449 I [CT]    : R:Behavior:AtRest: deactivated
05-15 11:36:11.119   714 18449 I [CT]    : AdHocPatch: [Left] t = 45.707s, behavior transition: AtRest -> None at 45.755s
05-15 11:36:11.316   714 18449 I [CT]    : R:Behavior:AtRest: activated
05-15 11:36:11.316   714 18449 I [CT]    : AdHocPatch: [Left] t = 45.903s, behavior transition: None -> AtRest at 45.951s
05-15 11:36:11.541   714 18449 I [CT]    : R:Behavior:AtRest: deactivated
05-15 11:36:11.542   714 18449 I [CT]    : AdHocPatch: [Left] t = 46.127s, behavior transition: AtRest -> None at 46.174s
05-15 11:36:11.581 18296 18641 I VrApi   : FPS=72,Prd=45ms,Tear=0,Early=1,Stale=0,VSnc=1,Lat=1,Fov=0,CPU4/GPU=2/4,1651/670MHz,OC=FF,TA=0/E0/E0,SP=N/F/F,Mem=1804MHz,Free=1130MB,PSM=0,PLS=0,Temp=27.0C/0.0C,TW=1.34ms,App=10.30ms,GD=0.00ms,CPU&GPU=14.08ms,LCnt=1,GPU%=0.74,CPU%=0.36(W0.47),DSF=1.00
05-15 11:36:11.609   714 18449 I [CT]    : R:Behavior:AtRest: activated
05-15 11:36:11.609   714 18449 I [CT]    : AdHocPatch: [Left] t = 46.197s, behavior transition: None -> AtRest at 46.246s
05-15 11:36:11.637   714 18449 I [CT]    : R:Behavior:AtRest: deactivated
05-15 11:36:11.637   714 18449 I [CT]    : AdHocPatch: [Left] t = 46.225s, behavior transition: AtRest -> None at 46.274s
05-15 11:36:11.656   714 18449 I [CT]    : R:Behavior:AtRest: activated
05-15 11:36:11.656   714 18449 I [CT]    : AdHocPatch: [Left] t = 46.243s, behavior transition: None -> AtRest at 46.292s
05-15 11:36:11.721   714 18449 I [CT]    : R:Behavior:AtRest: deactivated
05-15 11:36:11.721   714 18449 I [CT]    : AdHocPatch: [Left] t = 46.309s, behavior transition: AtRest -> None at 46.358s
05-15 11:36:11.782   714 18465 I [CT]    : HealthReport: ==================================================
05-15 11:36:11.782   714 18465 I [CT]    : Health Report
05-15 11:36:11.782   714 18465 I [CT]    : -------------
05-15 11:36:11.782   714 18465 I [CT]    : 
05-15 11:36:11.782   714 18465 I [CT]    : Reporter #1 (InsideOutHealthMonitor) summary:
05-15 11:36:11.782   714 18465 I [CT]    : Camera: Total Dropped: 0.000000, Total Frame Count: 1150 (0.000000%), Camera Reset Count: 0
05-15 11:36:11.782   714 18465 I [CT]    : Camera: Total Single Camera Frame Dropped: 0, Total Frame Count: 1150 (0.000000%)
05-15 11:36:11.782   714 18465 I [CT]    : IMU: Total Dropped: 0.000000, Total Sample Count: 46227 (0.000000%)
05-15 11:36:11.782   714 18465 I [CT]    : Magnetometer: Total Dropped: 0.000000, Total Sample Count: 1388 (0.000000%)
05-15 11:36:11.782   714 18465 I [CT]    : 
05-15 11:36:11.782   714 18465 I [CT]    : Reporter #1 (InsideOutHealthMonitor) Passed
05-15 11:36:11.782   714 18465 I [CT]    : --------------------------------------------------
05-15 11:36:11.782   714 18465 I [CT]    : Reporter #2 (ConstellationHealthMonitor) summary:
05-15 11:36:11.782   714 18465 I [CT]    : Camera: Total Dropped: 0.000000, Total Frame Count: 1151 (0.000000%), Camera Reset Count: 1
05-15 11:36:11.782   714 18465 I [CT]    : Camera: Total Single Camera Frame Dropped: 0, Total Frame Count: 1151 (0.000000%)
05-15 11:36:11.782   714 18465 I [CT]    : Controller 4212769887286730484:
05-15 11:36:11.782   714 18465 I [CT]    : IMU: Capture period exceeded threshold.  Largest period: 4.026115 sec
05-15 11:36:11.782   714 18465 I [CT]    : Controllers may have been sleeping
05-15 11:36:11.782   714 18465 I [CT]    : IMU: Total Dropped: 0.000000, Total Sample Count: 21171.789000 (0.000000%)
05-15 11:36:11.782   714 18465 I [CT]    : Controller 7745273921483883046:
05-15 11:36:11.782   714 18465 I [CT]    : I
05-15 11:36:12.043   714 18449 I [CT]    : R:Behavior:AtRest: activated
05-15 11:36:12.043   714 18449 I [CT]    : AdHocPatch: [Left] t = 46.631s, behavior transition: None -> AtRest at 46.680s
05-15 11:36:12.063   714 18449 I [CT]    : R:Behavior:AtRest: deactivated
05-15 11:36:12.063   714 18449 I [CT]    : AdHocPatch: [Left] t = 46.651s, behavior transition: AtRest -> None at 46.700s
05-15 11:36:12.163   714 18449 I [CT]    : R:Behavior:AtRest: activated
05-15 11:36:12.163   714 18449 I [CT]    : AdHocPatch: [Left] t = 46.751s, behavior transition: None -> AtRest at 46.800s
05-15 11:36:12.315   714 18449 I [CT]    : R:Behavior:AtRest: deactivated
05-15 11:36:12.315   714 18449 I [CT]    : AdHocPatch: [Left] t = 46.903s, behavior transition: AtRest -> None at 46.951s
05-15 11:36:12.363   714 18449 I [CT]    : R:Behavior:AtRest: activated
05-15 11:36:12.363   714 18449 I [CT]    : AdHocPatch: [Left] t = 46.951s, behavior transition: None -> AtRest at 46.999s
05-15 11:36:12.371   714 18449 I [CT]    : R:Behavior:AtRest: deactivated
05-15 11:36:12.371   714 18449 I [CT]    : AdHocPatch: [Left] t = 46.959s, behavior transition: AtRest -> None at 47.007s
05-15 11:36:12.579   714 18465 I [CT]    : VIPER:MAP_MANAGER: State: TRACKING_PERSISTENT, UUID=022994f1-0c1e-4a65-9817-b24e9f537401, Num. Persistent maps = 1,  Persistent maps:022994f1-0c1e-4a65-9817-b24e9f537401,, Ser. Disabled = 00000000-0000-0000-0000-000000000000
05-15 11:36:12.587 18296 18641 I VrApi   : FPS=72,Prd=45ms,Tear=0,Early=2,Stale=0,VSnc=1,Lat=1,Fov=0,CPU4/GPU=2/4,1651/670MHz,OC=FF,TA=0/E0/E0,SP=N/F/F,Mem=1804MHz,Free=1135MB,PSM=0,PLS=0,Temp=27.0C/0.0C,TW=1.29ms,App=13.28ms,GD=0.00ms,CPU&GPU=14.67ms,LCnt=1,GPU%=0.97,CPU%=0.29(W0.41),DSF=1.00
05-15 11:36:12.618   714 18465 I [CT]    : VIPER: Status=6DoF,TRACKING,KF=447,Inl=368,Pts=1732,Jit=0.1mm,Issues(Cam/min=0.0,IMU/min=0.0),Exp=(7.5ms,g=10.0,I=78)(5.5ms,g=6.0,I=70)(7.5ms,g=10.0,I=64)(6.4ms,g=6.0,I=68)
05-15 11:36:12.833   714 18449 I [CT]    : R:Behavior:AtRest: activated
05-15 11:36:12.833   714 18449 I [CT]    : AdHocPatch: [Left] t = 47.421s, behavior transition: None -> AtRest at 47.469s
05-15 11:36:13.385   714 18464 I [CT]    : CONSTELLATION: L: Detected static motion, applying constant pose priors.
05-15 11:36:13.435   714 18449 I [CT]    : R:Behavior:AtRest: deactivated
05-15 11:36:13.435   714 18449 I [CT]    : AdHocPatch: [Left] t = 48.023s, behavior transition: AtRest -> None at 48.072s
05-15 11:36:13.489   714 18398 I [CT]    : boltlib: DSP utilization(%): 18
05-15 11:36:13.492   714 18449 I [CT]    : R:Behavior:AtRest: activated
05-15 11:36:13.492   714 18449 I [CT]    : AdHocPatch: [Left] t = 48.079s, behavior transition: None -> AtRest at 48.128s
05-15 11:36:13.571   714 18449 I [CT]    : R:Behavior:AtRest: deactivated
05-15 11:36:13.572   714 18449 I [CT]    : AdHocPatch: [Left] t = 48.159s, behavior transition: AtRest -> None at 48.208s
05-15 11:36:13.584 18296 18641 I VrApi   : FPS=72,Prd=45ms,Tear=0,Early=0,Stale=0,VSnc=1,Lat=1,Fov=0,CPU4/GPU=2/4,1651/670MHz,OC=FF,TA=0/E0/E0,SP=N/F/F,Mem=1804MHz,Free=1135MB,PSM=0,PLS=0,Temp=27.0C/0.0C,TW=1.30ms,App=10.09ms,GD=0.00ms,CPU&GPU=15.88ms,LCnt=1,GPU%=0.75,CPU%=0.24(W0.30),DSF=1.00
05-15 11:36:14.520 18296 18314 I InputHooks_Internal: Home Button
05-15 11:36:14.520 18296 18314 I InputHooks_Internal: source is remote, so not setting home key, letting that come from tracking service
05-15 11:36:14.521  2122  2257 I InputManager: HOME BUTTON shared state changed:  hardwar ID 7745273921483883046  UpdateCount: 1 
05-15 11:36:14.538 18296 18640 I InputHooks_Internal: SetHomeButtonDownState hw:  6b7cbd986a24c226 source: 1698898178 time 11736.1
05-15 11:36:14.553  2122  2258 I RecenterTimer: (11736.0800) StartTimer(1.00 0.50)
05-15 11:36:14.581 18296 18641 I VrApi   : FPS=71,Prd=45ms,Tear=0,Early=0,Stale=9,VSnc=1,Lat=1,Fov=0,CPU4/GPU=2/4,1651/670MHz,OC=FF,TA=0/E0/E0,SP=N/F/F,Mem=1804MHz,Free=1132MB,PSM=0,PLS=0,Temp=27.0C/0.0C,TW=1.25ms,App=14.22ms,GD=0.00ms,CPU&GPU=16.71ms,LCnt=1,GPU%=1.00,CPU%=0.29(W0.38),DSF=1.00
05-15 11:36:14.671 18296 18314 I InputHooks_Internal: Home Button
05-15 11:36:14.671 18296 18314 I InputHooks_Internal: source is remote, so not setting home key, letting that come from tracking service
05-15 11:36:14.674  2122  2257 I InputManager: HOME BUTTON shared state changed:  hardwar ID 7745273921483883046  UpdateCount: 2 
05-15 11:36:14.707   714 18464 I [CT]    : MANAGEMENT:CONSTELLATION: Status=GREEN,, Obj=4212769887286730484,6DOF=1,FusJit=0.005mm,Issues(Cam/min=  0,IMU/min=0), Obj=7745273921483883046,6DOF=1,FusJit=0.0mm,Issues(Cam/min=  0,IMU/min=0)
05-15 11:36:14.708 18296 18640 I InputHooks_Internal: SetHomeButtonUpState hw:  6b7cbd986a24c226 source: 1698898178 time 11736.2
05-15 11:36:14.969 18296 18640 I SystemUtils_Internal: ovrSystemUtils::StartSystemActivity: confirmQuit (null)
05-15 11:36:14.971 18296 18640 D SystemUtils: Package com.oculus.systemactivities exists on device
05-15 11:36:14.971 18296 18640 I SystemUtils_Internal: Package com.oculus.systemactivities : INSTALLED
05-15 11:36:14.971 18296 18640 I SystemUtils_Internal: Using Anytime UI for cmd: confirmQuit
05-15 11:36:14.971 18296 18640 D SystemUtils: sendBroadcastIntent - action: 'com.oculus.vrshell.intent.action.LAUNCH' data: 'systemux://dialog/exit'intent_pkg: com.YourCompany.ToysGame
