05-06 15:13:02.457   713  1227 D         : CPUBW: No client requests exists, release clocks
05-06 15:13:02.458  2150  5353 I Clocks  : ReleaseClocks - end (1.7 ms)
05-06 15:13:02.458  2150  5353 I Clocks  : LockClocks( cpu=2, gpu=3 ) - start
05-06 15:13:02.459  2150  5353 I Clocks  : CPU levels [0, 4]
05-06 15:13:02.459  2150  5353 I Clocks  : GPU levels [0, 5]
05-06 15:13:02.459   713   807 D         : CPU_CLUSTER_0: Client 2150 sends freq request [21, 21]
05-06 15:13:02.460   713   807 D         : CPU_CLUSTER_0: Next Perf Level = (21, 21)
05-06 15:13:02.460   713   807 D         : CPU_CLUSTER_1: Client 2150 sends freq request [18, 18]
05-06 15:13:02.460   713   807 D         : CPU_CLUSTER_1: Next Perf Level = (18, 18)
05-06 15:13:02.460   713   807 D         : CPUBW: Client 2150 sends freq request [8, 11]
05-06 15:13:02.460   713   807 D         : CPUBW: Next Perf Level = (8, 11)
05-06 15:13:02.460   713   807 D         : GPU: Client 2150 sends freq request [4, 4]
05-06 15:13:02.460   713   807 D         : GPU: Next Perf Level = (4, 4)
05-06 15:13:02.461  2150  5353 I Clocks  : LockClocks( cpu=2, gpu=3 ) - end (3.5 ms)
05-06 15:13:02.482  2150  5361 I TimeWarp: UpdateClockLevels: Apply pending clock request change: 2,3 -> 3,3
05-06 15:13:02.482  2150  5353 I Clocks  : ReleaseClocks - start
05-06 15:13:02.482   713   713 D         : CPU_CLUSTER_0: No client requests exists, release clocks
05-06 15:13:02.483   713   713 D         : CPU_CLUSTER_1: No client requests exists, release clocks
05-06 15:13:02.483   713   713 D         : GPU: No client requests exists, release clocks
05-06 15:13:02.483   713   713 D         : CPUBW: No client requests exists, release clocks
05-06 15:13:02.484  2150  5353 I Clocks  : ReleaseClocks - end (1.8 ms)
05-06 15:13:02.484  2150  5353 I Clocks  : LockClocks( cpu=3, gpu=3 ) - start
05-06 15:13:02.484  2150  5353 I Clocks  : CPU levels [0, 4]
05-06 15:13:02.485  2150  5353 I Clocks  : GPU levels [0, 5]
05-06 15:13:02.485   713  2969 D         : CPU_CLUSTER_0: Client 2150 sends freq request [21, 21]
05-06 15:13:02.485   713  2969 D         : CPU_CLUSTER_0: Next Perf Level = (21, 21)
05-06 15:13:02.485   713  2969 D         : CPU_CLUSTER_1: Client 2150 sends freq request [22, 22]
05-06 15:13:02.485   713  2969 D         : CPU_CLUSTER_1: Next Perf Level = (22, 22)
05-06 15:13:02.485   713  2969 D         : CPUBW: Client 2150 sends freq request [8, 11]
05-06 15:13:02.485   713  2969 D         : CPUBW: Next Perf Level = (8, 11)
05-06 15:13:02.485  2150  2334 I VrRuntimeServer: SetCompositorClientEnabled client(2): enabled(0) 0x0
05-06 15:13:02.486   713  2969 D         : GPU: Client 2150 sends freq request [4, 4]
05-06 15:13:02.486   713  2969 D         : GPU: Next Perf Level = (4, 4)
05-06 15:13:02.487  2150  5353 I Clocks  : LockClocks( cpu=3, gpu=3 ) - end (2.6 ms)
05-06 15:13:02.579   709  5304 I [CT]    : L:Behavior:AtRest: activated
05-06 15:13:02.579   709  5304 I [CT]    : AdHocPatch: [Left] t = 18.759s, behavior transition: None -> AtRest at 18.807s
05-06 15:13:02.731  2150  5361 I TimeWarp: UpdateClockLevels: Apply pending clock request change: 3,3 -> 3,4
05-06 15:13:02.732  2150  5353 I Clocks  : ReleaseClocks - start
05-06 15:13:02.732   713   807 D         : CPU_CLUSTER_0: No client requests exists, release clocks
05-06 15:13:02.732   713   807 D         : CPU_CLUSTER_1: No client requests exists, release clocks
05-06 15:13:02.733   713   807 D         : GPU: No client requests exists, release clocks
05-06 15:13:02.733   713   807 D         : CPUBW: No client requests exists, release clocks
05-06 15:13:02.736  2150  5353 I Clocks  : ReleaseClocks - end (3.8 ms)
05-06 15:13:02.736  2150  5353 I Clocks  : LockClocks( cpu=3, gpu=4 ) - start
05-06 15:13:02.737  2150  5353 I Clocks  : CPU levels [0, 4]
05-06 15:13:02.737  2150  5353 I Clocks  : GPU levels [0, 5]
05-06 15:13:02.738   713  2968 D         : CPU_CLUSTER_0: Client 2150 sends freq request [21, 21]
05-06 15:13:02.738   713  2968 D         : CPU_CLUSTER_0: Next Perf Level = (21, 21)
05-06 15:13:02.738   713  2968 D         : CPU_CLUSTER_1: Client 2150 sends freq request [22, 22]
05-06 15:13:02.738   713  2968 D         : CPU_CLUSTER_1: Next Perf Level = (22, 22)
05-06 15:13:02.738   713  2968 D         : CPUBW: Client 2150 sends freq request [8, 11]
05-06 15:13:02.738   713  2968 D         : CPUBW: Next Perf Level = (8, 11)
05-06 15:13:02.739   713  2968 D         : GPU: Client 2150 sends freq request [6, 6]
05-06 15:13:02.739   713  2968 D         : GPU: Next Perf Level = (6, 6)
05-06 15:13:02.743  2150  5353 I Clocks  : LockClocks( cpu=3, gpu=4 ) - end (6.9 ms)
05-06 15:13:02.937  5206  5225 D UE4     : [GameActivity] Used memory: 950611
05-06 15:13:02.982  2150  5361 I TimeWarp: UpdateClockLevels: Apply pending clock request change: 3,4 -> 4,4
05-06 15:13:02.982  2150  5353 I Clocks  : ReleaseClocks - start
05-06 15:13:02.983   713  2968 D         : CPU_CLUSTER_0: No client requests exists, release clocks
05-06 15:13:02.983   713  2968 D         : CPU_CLUSTER_1: No client requests exists, release clocks
05-06 15:13:02.983   713  2968 D         : GPU: No client requests exists, release clocks
05-06 15:13:02.983   713  2968 D         : CPUBW: No client requests exists, release clocks
05-06 15:13:02.984  2150  5353 I Clocks  : ReleaseClocks - end (1.6 ms)
05-06 15:13:02.984  2150  5353 I Clocks  : LockClocks( cpu=4, gpu=4 ) - start
05-06 15:13:02.985  2150  5353 I Clocks  : CPU levels [0, 4]
05-06 15:13:02.985  2150  5353 I Clocks  : GPU levels [0, 5]
05-06 15:13:02.985   713  2969 D         : CPU_CLUSTER_0: Client 2150 sends freq request [21, 21]
05-06 15:13:02.985   713  2969 D         : CPU_CLUSTER_0: Next Perf Level = (21, 21)
05-06 15:13:02.985   713  2969 D         : CPU_CLUSTER_1: Client 2150 sends freq request [26, 26]
05-06 15:13:02.985   713  2969 D         : CPU_CLUSTER_1: Next Perf Level = (26, 26)
05-06 15:13:02.986   713  2969 D         : CPUBW: Client 2150 sends freq request [8, 11]
05-06 15:13:02.986   713  2969 D         : CPUBW: Next Perf Level = (8, 11)
05-06 15:13:02.986   713  2969 D         : GPU: Client 2150 sends freq request [6, 6]
05-06 15:13:02.986   713  2969 D         : GPU: Next Perf Level = (6, 6)
05-06 15:13:02.987  2150  5353 I Clocks  : LockClocks( cpu=4, gpu=4 ) - end (2.6 ms)
05-06 15:13:03.121   709  5332 I [CT]    : MANAGEMENT:CONSTELLATION: Status=GREEN,, Obj=4212769887286730484,6DOF=1 (estimated),Issues(Cam/min=  0,IMU/min=0), Obj=7745273921483883046,6DOF=1,FusJit=0.0mm,Issues(Cam/min=  0,IMU/min=0)
05-06 15:13:03.126  5206  5601 I Telemetry: App memory usage: PSS=841MB DalvikPSS=2 MB
05-06 15:13:03.128  5206  5601 I VrApi   : FPS=1,Prd=0ms,Tear=0,Early=0,Stale=72,VSnc=0,Lat=1,Fov=0,CPU4/GPU=0/0,1958/670MHz,OC=FF,TA=0/0/0,SP=N/N/N,Mem=1017MHz,Free=1393MB,PSM=0,PLS=0,Temp=30.0C/0.0C,TW=1.72ms,App=16.16ms,GD=0.00ms,CPU&GPU=0.00ms,LCnt=1,GPU%=0.13,CPU%=0.25(W0.43),DSF=1.00
05-06 15:13:03.751  5206  5601 I VrApi   : FPS=1,Prd=4ms,Tear=0,Early=0,Stale=26,VSnc=0,Lat=1,Fov=0,CPU4/GPU=4/4,2304/670MHz,OC=FF,TA=0/E0/E0,SP=N/F/F,Mem=1804MHz,Free=1395MB,PSM=0,PLS=0,Temp=30.0C/0.0C,TW=1.27ms,App=12.18ms,GD=0.00ms,CPU&GPU=3.01ms,LCnt=1,GPU%=0.83,CPU%=0.55(W0.57),DSF=1.00
05-06 15:13:03.763  5206  5622 D UE4     : [2020.05.06-13.13.03:763][ 84]LogTcpMessaging: Started Connection to '127.0.0.1:36156'
05-06 15:13:03.763  5206  5622 D UE4     : [2020.05.06-13.13.03:763][ 84]LogTcpMessaging: Discovered node '4CEFBA9745FC0FA4B11566A41797B9E4' on connection '127.0.0.1:36156'...
05-06 15:13:04.231   709  5304 I [CT]    : L:Behavior:AtRest: deactivated
05-06 15:13:04.231   709  5304 I [CT]    : AdHocPatch: [Left] t = 20.412s, behavior transition: AtRest -> None at 20.459s
05-06 15:13:04.302  1499  5619 W ContextImpl: Calling a method in the system process without a qualified user: android.app.ContextImpl.sendBroadcast:877 android.content.ContextWrapper.sendBroadcast:421 com.facebook.analytics2.logger.UploadServiceBus.signalJobRan:60 com.facebook.analytics2.logger.UploadJobHandler.exitStateMachine:267 com.facebook.analytics2.logger.UploadJobHandler.handleMessage:97 
05-06 15:13:04.395   709  5304 I [CT]    : L:Behavior:AtRest: activated
05-06 15:13:04.395   709  5304 I [CT]    : AdHocPatch: [Left] t = 20.576s, behavior transition: None -> AtRest at 20.623s
05-06 15:13:04.512  1059  1219 E TaskPersister: File error accessing recents directory (directory doesn't exist?).
05-06 15:13:04.753  5206  5601 I VrApi   : FPS=63,Prd=41ms,Tear=0,Early=0,Stale=26,VSnc=1,Lat=1,Fov=0,CPU4/GPU=4/4,2304/670MHz,OC=FF,TA=0/E0/E0,SP=N/F/F,Mem=1804MHz,Free=1397MB,PSM=0,PLS=0,Temp=30.0C/0.0C,TW=1.30ms,App=14.94ms,GD=0.00ms,CPU&GPU=19.39ms,LCnt=1,GPU%=0.89,CPU%=0.42(W0.53),DSF=1.00
05-06 15:13:05.743   709  5333 I [CT]    : VIPER:MAP_MANAGER: State: TRACKING_PERSISTENT, UUID=d18585e8-d288-4997-b6ff-78495c7eed6a, Num. Persistent maps = 1,  Persistent maps:d18585e8-d288-4997-b6ff-78495c7eed6a,, Ser. Disabled = 00000000-0000-0000-0000-000000000000
05-06 15:13:05.755  5206  5601 I VrApi   : FPS=58,Prd=44ms,Tear=0,Early=0,Stale=9,VSnc=1,Lat=1,Fov=0,CPU4/GPU=4/4,2304/670MHz,OC=FF,TA=0/E0/E0,SP=N/F/F,Mem=1804MHz,Free=1398MB,PSM=0,PLS=0,Temp=30.0C/0.0C,TW=1.26ms,App=12.01ms,GD=0.00ms,CPU&GPU=24.25ms,LCnt=1,GPU%=0.79,CPU%=0.49(W0.53),DSF=1.00
05-06 15:13:05.782   709  5333 I [CT]    : VIPER: Status=6DoF,TRACKING,KF=181,Inl=170,Pts=329,Jit=0.3mm,Issues(Cam/min=2.8,IMU/min=0.0),Exp=(8.4ms,g=11.0,I=72)(6.0ms,g=5.0,I=66)(8.4ms,g=11.0,I=63)(7.4ms,g=8.0,I=67)
05-06 15:13:06.062   709  5333 I [CT]    : HealthReport: ==================================================
05-06 15:13:06.062   709  5333 I [CT]    : Health Report
05-06 15:13:06.062   709  5333 I [CT]    : -------------
05-06 15:13:06.062   709  5333 I [CT]    : 
05-06 15:13:06.062   709  5333 I [CT]    : Reporter #1 (InsideOutHealthMonitor) summary:
05-06 15:13:06.062   709  5333 I [CT]    : Camera: Total Dropped: 0.000000, Total Frame Count: 548 (0.000000%), Camera Reset Count: 0
05-06 15:13:06.062   709  5333 I [CT]    : Camera: Total Single Camera Frame Dropped: 1, Total Frame Count: 548 (0.182482%)
05-06 15:13:06.062   709  5333 I [CT]    : IMU: Total Dropped: 0.000000, Total Sample Count: 22148 (0.000000%)
05-06 15:13:06.062   709  5333 I [CT]    : Magnetometer: Total Dropped: 0.000000, Total Sample Count: 665 (0.000000%)
05-06 15:13:06.062   709  5333 I [CT]    : 
05-06 15:13:06.062   709  5333 I [CT]    : Reporter #1 (InsideOutHealthMonitor) Passed
05-06 15:13:06.062   709  5333 I [CT]    : --------------------------------------------------
05-06 15:13:06.062   709  5333 I [CT]    : Reporter #2 (ConstellationHealthMonitor) summary:
05-06 15:13:06.062   709  5333 I [CT]    : Camera: Total Dropped: 0.000000, Total Frame Count: 548 (0.000000%), Camera Reset Count: 2
05-06 15:13:06.062   709  5333 I [CT]    : Camera: Total Single Camera Frame Dropped: 1, Total Frame Count: 548 (0.182482%)
05-06 15:13:06.062   709  5333 I [CT]    : Controller 4212769887286730484:
05-06 15:13:06.062   709  5333 I [CT]    : IMU: Capture period exceeded threshold.  Largest period: 5.193600 sec
05-06 15:13:06.062   709  5333 I [CT]    : Controllers may have been sleeping
05-06 15:13:06.062   709  5333 I [CT]    : IMU: Total Dropped: 0.000000, Total Sample Count: 8526.000500 (0.000000%)
05-06 15:13:06.062   709  5333 I [CT]    : Controller 7745273921483883046:
05-06 15:13:06.062   709  5333 I [CT]    : IMU: Ca
05-06 15:13:06.210  2161  5385 I Telemetry: App memory usage: PSS=55MB DalvikPSS=1 MB
05-06 15:13:06.573  4512  4552 W CPanelService: Detected non-responsive panel app; exiting
05-06 15:13:06.628  1059  1555 I ActivityManager: Process com.oculus.vrshell.home:explore (pid 4512) has died
05-06 15:13:06.629  1059  1555 D ActivityManager: cleanUpApplicationRecord -- 4512
05-06 15:13:06.637   689   689 I Zygote  : Process 4512 exited cleanly (1)
05-06 15:13:06.651  2119  2224 E Security-LocalReporter: UID '10043' is shared by multiple packages: [com.oculus.home, com.oculus.horizon]
05-06 15:13:06.665  2119  2224 I LibraryProvider: running queryApp(com.oculus.vrshell.home) for com.oculus.uid:10043
05-06 15:13:06.665  2119  2224 W LibraryProvider: Cannot find entitlement for com.oculus.vrshell.home
05-06 15:13:06.666  1789  1806 W OVRLibrary: null cursor received for query content://com.oculus.ocms.library/apps/com.oculus.vrshell.home
05-06 15:13:06.716   709  5332 I [CT]    : MANAGEMENT:CONSTELLATION: Status=GREEN,, Obj=4212769887286730484,6DOF=1 (estimated),Issues(Cam/min=  0,IMU/min=0), Obj=7745273921483883046,6DOF=1,FusJit=0.0mm,Issues(Cam/min=  0,IMU/min=0)
05-06 15:13:06.756  5206  5601 I VrApi   : FPS=69,Prd=44ms,Tear=0,Early=0,Stale=0,VSnc=1,Lat=1,Fov=0,CPU4/GPU=4/4,2304/670MHz,OC=FF,TA=0/E0/E0,SP=N/F/F,Mem=1804MHz,Free=1434MB,PSM=0,PLS=0,Temp=30.0C/0.0C,TW=1.31ms,App=12.33ms,GD=0.00ms,CPU&GPU=18.63ms,LCnt=1,GPU%=0.90,CPU%=0.52(W0.57),DSF=1.00
05-06 15:13:07.751  5206  5601 I VrApi   : FPS=68,Prd=45ms,Tear=0,Early=46,Stale=6,VSnc=1,Lat=1,Fov=0,CPU4/GPU=4/4,2304/670MHz,OC=FF,TA=0/E0/E0,SP=N/F/F,Mem=1804MHz,Free=1436MB,PSM=0,PLS=0,Temp=30.0C/0.0C,TW=1.24ms,App=9.12ms,GD=0.00ms,CPU&GPU=16.35ms,LCnt=1,GPU%=0.69,CPU%=0.56(W0.65),DSF=1.00
05-06 15:13:07.893   709  5256 I [CT]    : boltlib: DSP utilization(%): 14
05-06 15:13:08.751  5206  5601 I VrApi   : FPS=73,Prd=44ms,Tear=0,Early=44,Stale=0,VSnc=1,Lat=1,Fov=0,CPU4/GPU=4/4,2304/670MHz,OC=FF,TA=0/E0/E0,SP=N/F/F,Mem=1804MHz,Free=1437MB,PSM=0,PLS=0,Temp=30.0C/0.0C,TW=1.32ms,App=10.33ms,GD=0.00ms,CPU&GPU=12.35ms,LCnt=1,GPU%=0.85,CPU%=0.56(W0.57),DSF=1.00
05-06 15:13:08.969  2150  5361 I TimeWarp: UpdateClockLevels: Apply pending clock request change: 4,4 -> 3,4
05-06 15:13:08.970  2150  5353 I Clocks  : ReleaseClocks - start
05-06 15:13:08.972   713  1227 D         : CPU_CLUSTER_0: No client requests exists, release clocks
05-06 15:13:08.972   713  1227 D         : CPU_CLUSTER_1: No client requests exists, release clocks
05-06 15:13:08.972   713  1227 D         : GPU: No client requests exists, release clocks
05-06 15:13:08.972   713  1227 D         : CPUBW: No client requests exists, release clocks
05-06 15:13:08.973  2150  5353 I Clocks  : ReleaseClocks - end (3.4 ms)
05-06 15:13:08.973  2150  5353 I Clocks  : LockClocks( cpu=3, gpu=4 ) - start
05-06 15:13:08.974  2150  5353 I Clocks  : CPU levels [0, 4]
05-06 15:13:08.974  2150  5353 I Clocks  : GPU levels [0, 5]
05-06 15:13:08.974   713  2968 D         : CPU_CLUSTER_0: Client 2150 sends freq request [21, 21]
05-06 15:13:08.974   713  2968 D         : CPU_CLUSTER_0: Next Perf Level = (21, 21)
05-06 15:13:08.974   713  2968 D         : CPU_CLUSTER_1: Client 2150 sends freq request [22, 22]
05-06 15:13:08.974   713  2968 D         : CPU_CLUSTER_1: Next Perf Level = (22, 22)
05-06 15:13:08.974   713  2968 D         : CPUBW: Client 2150 sends freq request [8, 11]
05-06 15:13:08.974   713  2968 D         : CPUBW: Next Perf Level = (8, 11)
05-06 15:13:08.976   713  2968 D         : GPU: Client 2150 sends freq request [6, 6]
05-06 15:13:08.976   713  2968 D         : GPU: Next Perf Level = (6, 6)
05-06 15:13:08.976  2150  5353 I Clocks  : LockClocks( cpu=3, gpu=4 ) - end (2.7 ms)
05-06 15:13:09.345   709  5333 I [CT]    : VIPER:MAP_MANAGER: State: TRACKING_PERSISTENT, UUID=d18585e8-d288-4997-b6ff-78495c7eed6a, Num. Persistent maps = 1,  Persistent maps:d18585e8-d288-4997-b6ff-78495c7eed6a,, Ser. Disabled = 00000000-0000-0000-0000-000000000000
05-06 15:13:09.385   709  5333 I [CT]    : VIPER: Status=6DoF,TRACKING,KF=185,Inl=158,Pts=372,Jit=0.8mm,Issues(Cam/min=2.4,IMU/min=0.0),Exp=(9.2ms,g=12.0,I=77)(6.3ms,g=7.0,I=66)(9.2ms,g=12.0,I=65)(7.4ms,g=9.0,I=69)
05-06 15:13:09.754  5206  5601 I VrApi   : FPS=72,Prd=44ms,Tear=0,Early=0,Stale=0,VSnc=1,Lat=1,Fov=0,CPU4/GPU=3/4,1958/670MHz,OC=FF,TA=0/E0/E0,SP=N/F/F,Mem=1804MHz,Free=1436MB,PSM=0,PLS=0,Temp=30.0C/0.0C,TW=1.33ms,App=13.91ms,GD=0.00ms,CPU&GPU=13.65ms,LCnt=1,GPU%=0.99,CPU%=0.59(W0.76),DSF=1.00
05-06 15:13:10.323   709  5332 I [CT]    : MANAGEMENT:CONSTELLATION: Status=GREEN,, Obj=4212769887286730484,6DOF=1 (estimated),Issues(Cam/min=  0,IMU/min=0), Obj=7745273921483883046,6DOF=1,FusJit=0.0mm,Issues(Cam/min=  0,IMU/min=0)
05-06 15:13:10.754  5206  5601 I VrApi   : FPS=72,Prd=44ms,Tear=0,Early=0,Stale=0,VSnc=1,Lat=1,Fov=0,CPU4/GPU=3/4,1958/670MHz,OC=FF,TA=0/E0/E0,SP=N/F/F,Mem=1804MHz,Free=1431MB,PSM=0,PLS=0,Temp=30.0C/0.0C,TW=1.30ms,App=13.91ms,GD=0.00ms,CPU&GPU=19.50ms,LCnt=1,GPU%=0.97,CPU%=0.65(W0.70),DSF=1.00
05-06 15:13:11.420  2150  5361 I TimeWarp: UpdateClockLevels: Apply pending clock request change: 3,4 -> 2,4
05-06 15:13:11.420  2150  5353 I Clocks  : ReleaseClocks - start
05-06 15:13:11.421   713  2969 D         : CPU_CLUSTER_0: No client requests exists, release clocks
05-06 15:13:11.421   713  2969 D         : CPU_CLUSTER_1: No client requests exists, release clocks
05-06 15:13:11.421   713  2969 D         : GPU: No client requests exists, release clocks
05-06 15:13:11.421   713  2969 D         : CPUBW: No client requests exists, release clocks
05-06 15:13:11.423  2150  5353 I Clocks  : ReleaseClocks - end (2.7 ms)
05-06 15:13:11.423  2150  5353 I Clocks  : LockClocks( cpu=2, gpu=4 ) - start
05-06 15:13:11.423  2150  5353 I Clocks  : CPU levels [0, 4]
05-06 15:13:11.423  2150  5353 I Clocks  : GPU levels [0, 5]
05-06 15:13:11.424   713  1227 D         : CPU_CLUSTER_0: Client 2150 sends freq request [21, 21]
05-06 15:13:11.424   713  1227 D         : CPU_CLUSTER_0: Next Perf Level = (21, 21)
05-06 15:13:11.424   713  1227 D         : CPU_CLUSTER_1: Client 2150 sends freq request [18, 18]
05-06 15:13:11.424   713  1227 D         : CPU_CLUSTER_1: Next Perf Level = (18, 18)
05-06 15:13:11.425   713  1227 D         : CPUBW: Client 2150 sends freq request [8, 11]
05-06 15:13:11.425   713  1227 D         : CPUBW: Next Perf Level = (8, 11)
05-06 15:13:11.425   713  1227 D         : GPU: Client 2150 sends freq request [6, 6]
05-06 15:13:11.425   713  1227 D         : GPU: Next Perf Level = (6, 6)
05-06 15:13:11.425  2150  5353 I Clocks  : LockClocks( cpu=2, gpu=4 ) - end (2.5 ms)
05-06 15:13:11.746  1499  2000 I UploadManager: Scheduling jobbId 2131165248 within interval (900000, 2700000)
05-06 15:13:11.756  5206  5601 I VrApi   : FPS=72,Prd=44ms,Tear=0,Early=0,Stale=0,VSnc=1,Lat=1,Fov=0,CPU4/GPU=3/4,1651/670MHz,OC=FF,TA=0/E0/E0,SP=N/F/F,Mem=1804MHz,Free=1431MB,PSM=0,PLS=0,Temp=30.0C/0.0C,TW=1.32ms,App=12.92ms,GD=0.00ms,CPU&GPU=20.84ms,LCnt=1,GPU%=0.98,CPU%=0.60(W0.68),DSF=1.00
05-06 15:13:12.064   709  5333 I [CT]    : HealthReport: ==================================================
05-06 15:13:12.064   709  5333 I [CT]    : Health Report
05-06 15:13:12.064   709  5333 I [CT]    : -------------
05-06 15:13:12.064   709  5333 I [CT]    : 
05-06 15:13:12.064   709  5333 I [CT]    : Reporter #1 (InsideOutHealthMonitor) summary:
05-06 15:13:12.064   709  5333 I [CT]    : Camera: Total Dropped: 0.000000, Total Frame Count: 698 (0.000000%), Camera Reset Count: 0
05-06 15:13:12.064   709  5333 I [CT]    : Camera: Total Single Camera Frame Dropped: 1, Total Frame Count: 698 (0.143266%)
05-06 15:13:12.064   709  5333 I [CT]    : IMU: Total Dropped: 0.000000, Total Sample Count: 28150 (0.000000%)
05-06 15:13:12.064   709  5333 I [CT]    : Magnetometer: Total Dropped: 0.000000, Total Sample Count: 845 (0.000000%)
05-06 15:13:12.064   709  5333 I [CT]    : 
05-06 15:13:12.064   709  5333 I [CT]    : Reporter #1 (InsideOutHealthMonitor) Passed
05-06 15:13:12.064   709  5333 I [CT]    : --------------------------------------------------
05-06 15:13:12.064   709  5333 I [CT]    : Reporter #2 (ConstellationHealthMonitor) summary:
05-06 15:13:12.064   709  5333 I [CT]    : Camera: Total Dropped: 0.000000, Total Frame Count: 698 (0.000000%), Camera Reset Count: 2
05-06 15:13:12.064   709  5333 I [CT]    : Camera: Total Single Camera Frame Dropped: 1, Total Frame Count: 699 (0.143266%)
05-06 15:13:12.064   709  5333 I [CT]    : Controller 4212769887286730484:
05-06 15:13:12.064   709  5333 I [CT]    : IMU: Capture period exceeded threshold.  Largest period: 5.193600 sec
05-06 15:13:12.064   709  5333 I [CT]    : Controllers may have been sleeping
05-06 15:13:12.064   709  5333 I [CT]    : IMU: Total Dropped: 0.000000, Total Sample Count: 11527.076500 (0.000000%)
05-06 15:13:12.064   709  5333 I [CT]    : Controller 7745273921483883046:
05-06 15:13:12.064   709  5333 I [CT]    : IMU: C
05-06 15:13:12.759  5206  5601 I VrApi   : FPS=72,Prd=44ms,Tear=0,Early=0,Stale=0,VSnc=1,Lat=1,Fov=0,CPU4/GPU=3/4,1651/670MHz,OC=FF,TA=0/E0/E0,SP=N/F/F,Mem=1804MHz,Free=1432MB,PSM=0,PLS=0,Temp=30.0C/0.0C,TW=1.29ms,App=13.15ms,GD=0.00ms,CPU&GPU=19.01ms,LCnt=1,GPU%=0.94,CPU%=0.47(W0.50),DSF=1.00
05-06 15:13:12.946   709  5333 I [CT]    : VIPER:MAP_MANAGER: State: TRACKING_PERSISTENT, UUID=d18585e8-d288-4997-b6ff-78495c7eed6a, Num. Persistent maps = 1,  Persistent maps:d18585e8-d288-4997-b6ff-78495c7eed6a,, Ser. Disabled = 00000000-0000-0000-0000-000000000000
05-06 15:13:12.986   709  5333 I [CT]    : VIPER: Status=6DoF,TRACKING,KF=189,Inl=270,Pts=376,Jit=0.8mm,Issues(Cam/min=2.1,IMU/min=0.0),Exp=(8.8ms,g=11.0,I=75)(5.8ms,g=7.0,I=70)(8.8ms,g=11.0,I=66)(7.3ms,g=8.0,I=68)
05-06 15:13:13.071  5206  5206 D UE4     : [GameActivity] Battery: status = 2, rawlevel = 100, scale = 100
05-06 15:13:13.071  5206  5206 D UE4     : nativeBatteryEvent(stat = 2, lvl = 100  temp = 31.00 C)
05-06 15:13:13.079  1452  5641 I OSUpdateService: Intent with action system_battery_changed
05-06 15:13:13.386  5206  5225 D UE4     : [GameActivity] Used memory: 752517
05-06 15:13:13.755  5206  5601 I VrApi   : FPS=72,Prd=45ms,Tear=0,Early=0,Stale=0,VSnc=1,Lat=1,Fov=0,CPU4/GPU=2/4,1651/670MHz,OC=FF,TA=0/E0/E0,SP=N/F/F,Mem=1804MHz,Free=1434MB,PSM=0,PLS=0,Temp=31.0C/0.0C,TW=1.35ms,App=13.39ms,GD=0.00ms,CPU&GPU=17.19ms,LCnt=1,GPU%=0.95,CPU%=0.59(W0.65),DSF=1.00
05-06 15:13:13.898   709  5256 I [CT]    : boltlib: DSP utilization(%): 17
05-06 15:13:13.920   709  5332 I [CT]    : MANAGEMENT:CONSTELLATION: Status=GREEN,, Obj=4212769887286730484,6DOF=1 (estimated),Issues(Cam/min=  0,IMU/min=0), Obj=7745273921483883046,6DOF=1,FusJit=0.0mm,Issues(Cam/min=  0,IMU/min=0)
05-06 15:13:14.753  5206  5601 I VrApi   : FPS=72,Prd=44ms,Tear=0,Early=0,Stale=0,VSnc=1,Lat=1,Fov=0,CPU4/GPU=2/4,1651/670MHz,OC=FF,TA=0/E0/E0,SP=N/F/F,Mem=1804MHz,Free=1433MB,PSM=0,PLS=0,Temp=31.0C/0.0C,TW=1.27ms,App=12.58ms,GD=0.00ms,CPU&GPU=17.29ms,LCnt=1,GPU%=0.91,CPU%=0.38(W0.43),DSF=1.00
05-06 15:13:15.754  5206  5601 I VrApi   : FPS=72,Prd=44ms,Tear=0,Early=0,Stale=0,VSnc=1,Lat=1,Fov=0,CPU4/GPU=2/4,1651/670MHz,OC=FF,TA=0/E0/E0,SP=N/F/F,Mem=1804MHz,Free=1430MB,PSM=0,PLS=0,Temp=31.0C/0.0C,TW=1.29ms,App=13.35ms,GD=0.00ms,CPU&GPU=17.04ms,LCnt=1,GPU%=0.80,CPU%=0.45(W0.58),DSF=1.00
05-06 15:13:16.546   709  5333 I [CT]    : VIPER:MAP_MANAGER: State: TRACKING_PERSISTENT, UUID=d18585e8-d288-4997-b6ff-78495c7eed6a, Num. Persistent maps = 1,  Persistent maps:d18585e8-d288-4997-b6ff-78495c7eed6a,, Ser. Disabled = 00000000-0000-0000-0000-000000000000
05-06 15:13:16.586   709  5333 I [CT]    : VIPER: Status=6DoF,TRACKING,KF=189,Inl=267,Pts=376,Jit=0.1mm,Issues(Cam/min=1.9,IMU/min=0.0),Exp=(8.2ms,g=11.0,I=74)(5.9ms,g=7.0,I=68)(8.2ms,g=11.0,I=67)(6.6ms,g=8.0,I=67)
05-06 15:13:16.755  5206  5601 I VrApi   : FPS=70,Prd=44ms,Tear=0,Early=6,Stale=3,VSnc=1,Lat=1,Fov=0,CPU4/GPU=2/4,1651/670MHz,OC=FF,TA=0/E0/E0,SP=N/F/F,Mem=1804MHz,Free=1432MB,PSM=0,PLS=0,Temp=31.0C/0.0C,TW=1.19ms,App=8.79ms,GD=0.00ms,CPU&GPU=17.00ms,LCnt=1,GPU%=0.68,CPU%=0.27(W0.33),DSF=1.00
05-06 15:13:17.521   709  5332 I [CT]    : MANAGEMENT:CONSTELLATION: Status=GREEN,, Obj=4212769887286730484,6DOF=1 (estimated),Issues(Cam/min=  0,IMU/min=0), Obj=7745273921483883046,6DOF=1,FusJit=0.0mm,Issues(Cam/min=  0,IMU/min=0)
05-06 15:13:17.757  5206  5601 I VrApi   : FPS=72,Prd=44ms,Tear=0,Early=31,Stale=0,VSnc=1,Lat=1,Fov=0,CPU4/GPU=2/4,1651/670MHz,OC=FF,TA=0/E0/E0,SP=N/F/F,Mem=1804MHz,Free=1432MB,PSM=0,PLS=0,Temp=31.0C/0.0C,TW=1.27ms,App=9.30ms,GD=0.00ms,CPU&GPU=12.64ms,LCnt=1,GPU%=0.71,CPU%=0.32(W0.37),DSF=1.00
05-06 15:13:18.066   709  5333 I [CT]    : HealthReport: ==================================================
05-06 15:13:18.066   709  5333 I [CT]    : Health Report
05-06 15:13:18.066   709  5333 I [CT]    : -------------
05-06 15:13:18.066   709  5333 I [CT]    : 
05-06 15:13:18.066   709  5333 I [CT]    : Reporter #1 (InsideOutHealthMonitor) summary:
05-06 15:13:18.066   709  5333 I [CT]    : Camera: Total Dropped: 0.000000, Total Frame Count: 848 (0.000000%), Camera Reset Count: 0
05-06 15:13:18.066   709  5333 I [CT]    : Camera: Total Single Camera Frame Dropped: 1, Total Frame Count: 848 (0.117925%)
05-06 15:13:18.066   709  5333 I [CT]    : IMU: Total Dropped: 0.000000, Total Sample Count: 34152 (0.000000%)
05-06 15:13:18.066   709  5333 I [CT]    : Magnetometer: Total Dropped: 0.000000, Total Sample Count: 1025 (0.000000%)
05-06 15:13:18.066   709  5333 I [CT]    : 
05-06 15:13:18.066   709  5333 I [CT]    : Reporter #1 (InsideOutHealthMonitor) Passed
05-06 15:13:18.066   709  5333 I [CT]    : --------------------------------------------------
05-06 15:13:18.066   709  5333 I [CT]    : Reporter #2 (ConstellationHealthMonitor) summary:
05-06 15:13:18.066   709  5333 I [CT]    : Camera: Total Dropped: 0.000000, Total Frame Count: 849 (0.000000%), Camera Reset Count: 2
05-06 15:13:18.066   709  5333 I [CT]    : Camera: Total Single Camera Frame Dropped: 1, Total Frame Count: 849 (0.117786%)
05-06 15:13:18.066   709  5333 I [CT]    : Controller 4212769887286730484:
05-06 15:13:18.066   709  5333 I [CT]    : IMU: Capture period exceeded threshold.  Largest period: 5.193600 sec
05-06 15:13:18.066   709  5333 I [CT]    : Controllers may have been sleeping
05-06 15:13:18.066   709  5333 I [CT]    : IMU: Total Dropped: 0.000000, Total Sample Count: 14528.160500 (0.000000%)
05-06 15:13:18.066   709  5333 I [CT]    : Controller 7745273921483883046:
05-06 15:13:18.066   709  5333 I [CT]    : IMU: 
05-06 15:13:18.760  5206  5601 I VrApi   : FPS=72,Prd=44ms,Tear=0,Early=11,Stale=0,VSnc=1,Lat=1,Fov=0,CPU4/GPU=2/4,1651/670MHz,OC=FF,TA=0/E0/E0,SP=N/F/F,Mem=1804MHz,Free=1430MB,PSM=0,PLS=0,Temp=31.0C/0.0C,TW=1.31ms,App=10.47ms,GD=0.00ms,CPU&GPU=13.87ms,LCnt=1,GPU%=0.75,CPU%=0.38(W0.48),DSF=1.00
05-06 15:13:19.755  5206  5601 I VrApi   : FPS=72,Prd=44ms,Tear=0,Early=21,Stale=0,VSnc=1,Lat=1,Fov=0,CPU4/GPU=2/4,1651/670MHz,OC=FF,TA=0/E0/E0,SP=N/F/F,Mem=1804MHz,Free=1430MB,PSM=0,PLS=0,Temp=31.0C/0.0C,TW=1.20ms,App=8.66ms,GD=0.00ms,CPU&GPU=13.80ms,LCnt=1,GPU%=0.68,CPU%=0.26(W0.30),DSF=1.00
05-06 15:13:19.931   709  5256 I [CT]    : boltlib: DSP utilization(%): 19
05-06 15:13:20.146   709  5333 I [CT]    : VIPER:MAP_MANAGER: State: TRACKING_PERSISTENT, UUID=d18585e8-d288-4997-b6ff-78495c7eed6a, Num. Persistent maps = 1,  Persistent maps:d18585e8-d288-4997-b6ff-78495c7eed6a,, Ser. Disabled = 00000000-0000-0000-0000-000000000000
05-06 15:13:20.186   709  5333 I [CT]    : VIPER: Status=6DoF,TRACKING,KF=189,Inl=234,Pts=376,Jit=0.4mm,Issues(Cam/min=1.7,IMU/min=0.0),Exp=(9.1ms,g=11.0,I=79)(5.7ms,g=6.0,I=68)(9.1ms,g=11.0,I=60)(7.0ms,g=9.0,I=68)
05-06 15:13:20.755  5206  5601 I VrApi   : FPS=72,Prd=44ms,Tear=0,Early=26,Stale=0,VSnc=1,Lat=1,Fov=0,CPU4/GPU=2/4,1651/670MHz,OC=FF,TA=0/E0/E0,SP=N/F/F,Mem=1804MHz,Free=1431MB,PSM=0,PLS=0,Temp=31.0C/0.0C,TW=1.28ms,App=11.02ms,GD=0.00ms,CPU&GPU=13.12ms,LCnt=1,GPU%=0.79,CPU%=0.33(W0.38),DSF=1.00
05-06 15:13:21.118   709  5332 I [CT]    : MANAGEMENT:CONSTELLATION: Status=GREEN,, Obj=4212769887286730484,6DOF=1 (estimated),Issues(Cam/min=  0,IMU/min=0), Obj=7745273921483883046,6DOF=1,FusJit=0.0mm,Issues(Cam/min=  0,IMU/min=0)
05-06 15:13:21.755  5206  5601 I VrApi   : FPS=72,Prd=44ms,Tear=0,Early=18,Stale=0,VSnc=1,Lat=1,Fov=0,CPU4/GPU=2/4,1651/670MHz,OC=FF,TA=0/E0/E0,SP=N/F/F,Mem=1804MHz,Free=1430MB,PSM=0,PLS=0,Temp=31.0C/0.0C,TW=1.17ms,App=8.57ms,GD=0.00ms,CPU&GPU=14.27ms,LCnt=1,GPU%=0.66,CPU%=0.21(W0.26),DSF=1.00
05-06 15:13:23.124  5206  5601 I Telemetry: App memory usage: PSS=738MB DalvikPSS=2 MB
05-06 15:13:23.126  5206  5601 I VrApi   : FPS=72,Prd=45ms,Tear=0,Early=28,Stale=0,VSnc=1,Lat=1,Fov=0,CPU4/GPU=2/4,1651/670MHz,OC=FF,TA=0/E0/E0,SP=N/F/F,Mem=1804MHz,Free=1428MB,PSM=0,PLS=0,Temp=31.0C/0.0C,TW=1.39ms,App=10.77ms,GD=0.00ms,CPU&GPU=12.96ms,LCnt=1,GPU%=0.76,CPU%=0.31(W0.40),DSF=1.00
05-06 15:13:23.270   709  5498 E [CT]    : VIPER: Can't delete keyframe as there is only one adjacent kf left.
05-06 15:13:23.270   709  5498 W [CT]    : VIPER:MAP_HEALTH: Failed to purge kf.
05-06 15:13:23.742   709  5333 I [CT]    : VIPER:MAP_MANAGER: State: TRACKING_PERSISTENT, UUID=d18585e8-d288-4997-b6ff-78495c7eed6a, Num. Persistent maps = 1,  Persistent maps:d18585e8-d288-4997-b6ff-78495c7eed6a,, Ser. Disabled = 00000000-0000-0000-0000-000000000000
05-06 15:13:23.755  5206  5225 D UE4     : [GameActivity] Used memory: 757157
05-06 15:13:23.757  5206  5601 I VrApi   : FPS=72,Prd=45ms,Tear=0,Early=23,Stale=0,VSnc=1,Lat=1,Fov=0,CPU4/GPU=2/4,1651/670MHz,OC=FF,TA=0/E0/E0,SP=N/F/F,Mem=1804MHz,Free=1429MB,PSM=0,PLS=0,Temp=31.0C/0.0C,TW=1.25ms,App=8.80ms,GD=0.00ms,CPU&GPU=13.98ms,LCnt=1,GPU%=0.67,CPU%=0.35(W0.45),DSF=1.00
05-06 15:13:23.783   709  5333 I [CT]    : VIPER: Status=6DoF,TRACKING,KF=158,Inl=224,Pts=420,Jit=1.2mm,Issues(Cam/min=1.5,IMU/min=0.0),Exp=(5.7ms,g=6.0,I=91)(4.8ms,g=3.0,I=69)(5.7ms,g=6.0,I=57)(6.0ms,g=7.0,I=74)
05-06 15:13:24.010   709  5304 I [CT]    : L:Behavior:NearHeadMoving: state transition: TorsoInitialized -> InRange
05-06 15:13:24.066   709  5333 I [CT]    : HealthReport: ==================================================
05-06 15:13:24.066   709  5333 I [CT]    : Health Report
05-06 15:13:24.066   709  5333 I [CT]    : -------------
05-06 15:13:24.066   709  5333 I [CT]    : 
05-06 15:13:24.066   709  5333 I [CT]    : Reporter #1 (InsideOutHealthMonitor) summary:
05-06 15:13:24.066   709  5333 I [CT]    : Camera: Total Dropped: 0.000000, Total Frame Count: 998 (0.000000%), Camera Reset Count: 0
05-06 15:13:24.066   709  5333 I [CT]    : Camera: Total Single Camera Frame Dropped: 1, Total Frame Count: 998 (0.100200%)
05-06 15:13:24.066   709  5333 I [CT]    : IMU: Total Dropped: 0.000000, Total Sample Count: 40152 (0.000000%)
05-06 15:13:24.066   709  5333 I [CT]    : Magnetometer: Total Dropped: 0.000000, Total Sample Count: 1205 (0.000000%)
05-06 15:13:24.066   709  5333 I [CT]    : 
05-06 15:13:24.066   709  5333 I [CT]    : Reporter #1 (InsideOutHealthMonitor) Passed
05-06 15:13:24.066   709  5333 I [CT]    : --------------------------------------------------
05-06 15:13:24.066   709  5333 I [CT]    : Reporter #2 (ConstellationHealthMonitor) summary:
05-06 15:13:24.066   709  5333 I [CT]    : Camera: Total Dropped: 0.000000, Total Frame Count: 999 (0.000000%), Camera Reset Count: 2
05-06 15:13:24.066   709  5333 I [CT]    : Camera: Total Single Camera Frame Dropped: 1, Total Frame Count: 999 (0.100100%)
05-06 15:13:24.066   709  5333 I [CT]    : Controller 4212769887286730484:
05-06 15:13:24.066   709  5333 I [CT]    : IMU: Capture period exceeded threshold.  Largest period: 5.193600 sec
05-06 15:13:24.066   709  5333 I [CT]    : Controllers may have been sleeping
05-06 15:13:24.066   709  5333 I [CT]    : IMU: Total Dropped: 0.000000, Total Sample Count: 17528.250500 (0.000000%)
05-06 15:13:24.066   709  5333 I [CT]    : Controller 7745273921483883046:
05-06 15:13:24.066   709  5333 I [CT]    : IMU: 
05-06 15:13:24.204   709  5304 I [CT]    : L:Behavior:NearHeadMoving: state transition: InRange -> Init
05-06 15:13:24.205   709  5304 I [CT]    : L:Behavior:NearHeadMoving: state transition: Init -> TorsoInitialized
05-06 15:13:24.715   709  5332 I [CT]    : MANAGEMENT:CONSTELLATION: Status=GREEN,, Obj=4212769887286730484,6DOF=1 (estimated),Issues(Cam/min=  0,IMU/min=0), Obj=7745273921483883046,6DOF=1,FusJit=0.0mm,Issues(Cam/min=  0,IMU/min=0)
05-06 15:13:24.757  5206  5601 I VrApi   : FPS=72,Prd=45ms,Tear=0,Early=13,Stale=0,VSnc=1,Lat=1,Fov=0,CPU4/GPU=2/4,1651/670MHz,OC=FF,TA=0/E0/E0,SP=N/F/F,Mem=1804MHz,Free=1429MB,PSM=0,PLS=0,Temp=31.0C/0.0C,TW=1.22ms,App=10.72ms,GD=0.00ms,CPU&GPU=13.47ms,LCnt=1,GPU%=0.76,CPU%=0.28(W0.36),DSF=1.00
05-06 15:13:25.756  5206  5601 I VrApi   : FPS=72,Prd=45ms,Tear=0,Early=31,Stale=0,VSnc=1,Lat=1,Fov=0,CPU4/GPU=2/4,1651/670MHz,OC=FF,TA=0/E0/E0,SP=N/F/F,Mem=1804MHz,Free=1429MB,PSM=0,PLS=0,Temp=31.0C/0.0C,TW=1.23ms,App=10.95ms,GD=0.00ms,CPU&GPU=13.46ms,LCnt=1,GPU%=0.78,CPU%=0.25(W0.35),DSF=1.00
05-06 15:13:25.936   709  5256 I [CT]    : boltlib: DSP utilization(%): 17
05-06 15:13:26.219  2161  5385 I Telemetry: App memory usage: PSS=55MB DalvikPSS=1 MB
05-06 15:13:26.756  5206  5601 I VrApi   : FPS=72,Prd=45ms,Tear=0,Early=15,Stale=0,VSnc=1,Lat=1,Fov=0,CPU4/GPU=2/4,1651/670MHz,OC=FF,TA=0/E0/E0,SP=N/F/F,Mem=1804MHz,Free=1425MB,PSM=0,PLS=0,Temp=31.0C/0.0C,TW=1.20ms,App=8.91ms,GD=0.00ms,CPU&GPU=14.01ms,LCnt=1,GPU%=0.68,CPU%=0.29(W0.36),DSF=1.00
05-06 15:13:27.343   709  5333 I [CT]    : VIPER:MAP_MANAGER: State: TRACKING_PERSISTENT, UUID=d18585e8-d288-4997-b6ff-78495c7eed6a, Num. Persistent maps = 1,  Persistent maps:d18585e8-d288-4997-b6ff-78495c7eed6a,, Ser. Disabled = 00000000-0000-0000-0000-000000000000
05-06 15:13:27.385   709  5333 I [CT]    : VIPER: Status=6DoF,TRACKING,KF=165,Inl=302,Pts=487,Jit=0.2mm,Issues(Cam/min=1.4,IMU/min=0.0),Exp=(5.5ms,g=6.0,I=90)(4.4ms,g=3.0,I=69)(5.5ms,g=6.0,I=56)(5.7ms,g=6.0,I=72)
05-06 15:13:27.756  5206  5601 I VrApi   : FPS=72,Prd=45ms,Tear=0,Early=29,Stale=0,VSnc=1,Lat=1,Fov=0,CPU4/GPU=2/4,1651/670MHz,OC=FF,TA=0/E0/E0,SP=N/F/F,Mem=1804MHz,Free=1428MB,PSM=0,PLS=0,Temp=31.0C/0.0C,TW=1.20ms,App=8.93ms,GD=0.00ms,CPU&GPU=12.74ms,LCnt=1,GPU%=0.67,CPU%=0.27(W0.33),DSF=1.00
05-06 15:13:28.314   709  5332 I [CT]    : MANAGEMENT:CONSTELLATION: Status=GREEN,, Obj=4212769887286730484,6DOF=1 (estimated),Issues(Cam/min=  0,IMU/min=0), Obj=7745273921483883046,6DOF=1,FusJit=0.0mm,Issues(Cam/min=  0,IMU/min=0)
05-06 15:13:28.759  5206  5601 I VrApi   : FPS=72,Prd=44ms,Tear=0,Early=32,Stale=0,VSnc=1,Lat=1,Fov=0,CPU4/GPU=2/4,1651/670MHz,OC=FF,TA=0/E0/E0,SP=N/F/F,Mem=1804MHz,Free=1427MB,PSM=0,PLS=0,Temp=31.0C/0.0C,TW=1.18ms,App=8.58ms,GD=0.00ms,CPU&GPU=12.57ms,LCnt=1,GPU%=0.66,CPU%=0.26(W0.35),DSF=1.00
05-06 15:13:29.759  5206  5601 I VrApi   : FPS=72,Prd=45ms,Tear=0,Early=42,Stale=0,VSnc=1,Lat=1,Fov=0,CPU4/GPU=2/4,1651/670MHz,OC=FF,TA=0/E0/E0,SP=N/F/F,Mem=1804MHz,Free=1427MB,PSM=0,PLS=0,Temp=31.0C/0.0C,TW=1.18ms,App=8.44ms,GD=0.00ms,CPU&GPU=12.51ms,LCnt=1,GPU%=0.67,CPU%=0.32(W0.35),DSF=1.00
05-06 15:13:30.064   709  5333 I [CT]    : HealthReport: ==================================================
05-06 15:13:30.064   709  5333 I [CT]    : Health Report
05-06 15:13:30.064   709  5333 I [CT]    : -------------
05-06 15:13:30.064   709  5333 I [CT]    : 
05-06 15:13:30.064   709  5333 I [CT]    : Reporter #1 (InsideOutHealthMonitor) summary:
05-06 15:13:30.064   709  5333 I [CT]    : Camera: Total Dropped: 0.000000, Total Frame Count: 1148 (0.000000%), Camera Reset Count: 0
05-06 15:13:30.064   709  5333 I [CT]    : Camera: Total Single Camera Frame Dropped: 1, Total Frame Count: 1148 (0.087108%)
05-06 15:13:30.064   709  5333 I [CT]    : IMU: Total Dropped: 0.000000, Total Sample Count: 46149 (0.000000%)
05-06 15:13:30.064   709  5333 I [CT]    : Magnetometer: Total Dropped: 0.000000, Total Sample Count: 1385 (0.000000%)
05-06 15:13:30.064   709  5333 I [CT]    : 
05-06 15:13:30.064   709  5333 I [CT]    : Reporter #1 (InsideOutHealthMonitor) Passed
05-06 15:13:30.064   709  5333 I [CT]    : --------------------------------------------------
05-06 15:13:30.064   709  5333 I [CT]    : Reporter #2 (ConstellationHealthMonitor) summary:
05-06 15:13:30.064   709  5333 I [CT]    : Camera: Total Dropped: 0.000000, Total Frame Count: 1148 (0.000000%), Camera Reset Count: 2
05-06 15:13:30.064   709  5333 I [CT]    : Camera: Total Single Camera Frame Dropped: 1, Total Frame Count: 1148 (0.087108%)
05-06 15:13:30.064   709  5333 I [CT]    : Controller 4212769887286730484:
05-06 15:13:30.064   709  5333 I [CT]    : IMU: Capture period exceeded threshold.  Largest period: 5.193600 sec
05-06 15:13:30.064   709  5333 I [CT]    : Controllers may have been sleeping
05-06 15:13:30.064   709  5333 I [CT]    : IMU: Total Dropped: 0.000000, Total Sample Count: 20527.345500 (0.000000%)
05-06 15:13:30.064   709  5333 I [CT]    : Controller 7745273921483883046:
05-06 15:13:30.064   709  5333 I [CT]    : I
05-06 15:13:30.757  5206  5601 I VrApi   : FPS=72,Prd=44ms,Tear=0,Early=47,Stale=0,VSnc=1,Lat=1,Fov=0,CPU4/GPU=2/4,1651/670MHz,OC=FF,TA=0/E0/E0,SP=N/F/F,Mem=1804MHz,Free=1427MB,PSM=0,PLS=0,Temp=31.0C/0.0C,TW=1.17ms,App=8.59ms,GD=0.00ms,CPU&GPU=12.41ms,LCnt=1,GPU%=0.66,CPU%=0.32(W0.38),DSF=1.00
05-06 15:13:30.943   709  5333 I [CT]    : VIPER:MAP_MANAGER: State: TRACKING_PERSISTENT, UUID=d18585e8-d288-4997-b6ff-78495c7eed6a, Num. Persistent maps = 1,  Persistent maps:d18585e8-d288-4997-b6ff-78495c7eed6a,, Ser. Disabled = 00000000-0000-0000-0000-000000000000
05-06 15:13:30.984   709  5333 I [CT]    : VIPER: Status=6DoF,TRACKING,KF=166,Inl=277,Pts=497,Jit=0.2mm,Issues(Cam/min=1.3,IMU/min=0.0),Exp=(5.9ms,g=6.0,I=87)(4.3ms,g=3.0,I=68)(5.9ms,g=6.0,I=54)(5.3ms,g=6.0,I=69)
05-06 15:13:31.600  2161  2225 I GuardianSystem: UpdateGuardianSystemState: Flags changed: 524288, 532480
05-06 15:13:31.636  2161  2365 W VrApi   : ovr_SubmitFrameInternal: FrameIndex discontinuity: Expected 10235, Received 11334
05-06 15:13:31.760  5206  5601 I VrApi   : FPS=72,Prd=44ms,Tear=0,Early=53,Stale=0,VSnc=1,Lat=1,Fov=0,CPU4/GPU=2/4,1651/670MHz,OC=FF,TA=0/E0/E0,SP=N/F/F,Mem=1804MHz,Free=1426MB,PSM=0,PLS=0,Temp=31.0C/0.0C,TW=1.15ms,App=8.35ms,GD=0.00ms,CPU&GPU=12.32ms,LCnt=1,GPU%=0.65,CPU%=0.30(W0.36),DSF=1.00
05-06 15:13:31.918   709  5332 I [CT]    : MANAGEMENT:CONSTELLATION: Status=GREEN,, Obj=4212769887286730484,6DOF=1 (estimated),Issues(Cam/min=  0,IMU/min=0), Obj=7745273921483883046,6DOF=1,FusJit=0.0mm,Issues(Cam/min=  0,IMU/min=0)
05-06 15:13:31.936   709  5256 I [CT]    : boltlib: DSP utilization(%): 16
05-06 15:13:31.985  2150  5361 I TimeWarp: UpdateClockLevels: Apply pending clock request change: 2,4 -> 2,5
05-06 15:13:31.985  2150  5353 I Clocks  : ReleaseClocks - start
05-06 15:13:31.986   713   713 D         : CPU_CLUSTER_0: No client requests exists, release clocks
05-06 15:13:31.986   713   713 D         : CPU_CLUSTER_1: No client requests exists, release clocks
05-06 15:13:31.986   713   713 D         : GPU: No client requests exists, release clocks
05-06 15:13:31.986   713   713 D         : CPUBW: No client requests exists, release clocks
05-06 15:13:31.987  2150  5353 I Clocks  : ReleaseClocks - end (1.2 ms)
05-06 15:13:31.987  2150  5353 I Clocks  : LockClocks( cpu=2, gpu=5 ) - start
05-06 15:13:31.987  2150  5353 I Clocks  : CPU levels [0, 4]
05-06 15:13:31.987  2150  5353 I Clocks  : GPU levels [0, 5]
05-06 15:13:31.989   713   807 D         : CPU_CLUSTER_0: Client 2150 sends freq request [21, 21]
05-06 15:13:31.989   713   807 D         : CPU_CLUSTER_0: Next Perf Level = (21, 21)
05-06 15:13:31.989   713   807 D         : CPU_CLUSTER_1: Client 2150 sends freq request [18, 18]
05-06 15:13:31.989   713   807 D         : CPU_CLUSTER_1: Next Perf Level = (18, 18)
05-06 15:13:31.992   713   807 D         : CPUBW: Client 2150 sends freq request [8, 11]
05-06 15:13:31.992   713   807 D         : CPUBW: Next Perf Level = (8, 11)
05-06 15:13:31.993   713   807 D         : GPU: Client 2150 sends freq request [7, 7]
05-06 15:13:31.993   713   807 D         : GPU: Next Perf Level = (7, 7)
05-06 15:13:31.994  2150  5353 I Clocks  : LockClocks( cpu=2, gpu=5 ) - end (7.2 ms)
05-06 15:13:32.202  2161  2225 I GuardianSystem: UpdateGuardianSystemState: Flags changed: 532480, 524288
05-06 15:13:32.612  2150  5361 I TimeWarp: UpdateClockLevels: Apply pending clock request change: 2,5 -> 2,4
05-06 15:13:32.612  2150  5353 I Clocks  : ReleaseClocks - start
05-06 15:13:32.613   713  2969 D         : CPU_CLUSTER_0: No client requests exists, release clocks
05-06 15:13:32.613   713  2969 D         : CPU_CLUSTER_1: No client requests exists, release clocks
05-06 15:13:32.613   713  2969 D         : GPU: No client requests exists, release clocks
05-06 15:13:32.614   713  2969 D         : CPUBW: No client requests exists, release clocks
05-06 15:13:32.614  2150  5353 I Clocks  : ReleaseClocks - end (1.5 ms)
05-06 15:13:32.614  2150  5353 I Clocks  : LockClocks( cpu=2, gpu=4 ) - start
05-06 15:13:32.615  2150  5353 I Clocks  : CPU levels [0, 4]
05-06 15:13:32.615  2150  5353 I Clocks  : GPU levels [0, 5]
05-06 15:13:32.615   713  2968 D         : CPU_CLUSTER_0: Client 2150 sends freq request [21, 21]
05-06 15:13:32.615   713  2968 D         : CPU_CLUSTER_0: Next Perf Level = (21, 21)
05-06 15:13:32.615   713  2968 D         : CPU_CLUSTER_1: Client 2150 sends freq request [18, 18]
05-06 15:13:32.615   713  2968 D         : CPU_CLUSTER_1: Next Perf Level = (18, 18)
05-06 15:13:32.615   713  2968 D         : CPUBW: Client 2150 sends freq request [8, 11]
05-06 15:13:32.615   713  2968 D         : CPUBW: Next Perf Level = (8, 11)
05-06 15:13:32.615   713  2968 D         : GPU: Client 2150 sends freq request [6, 6]
05-06 15:13:32.615   713  2968 D         : GPU: Next Perf Level = (6, 6)
05-06 15:13:32.616  2150  5353 I Clocks  : LockClocks( cpu=2, gpu=4 ) - end (1.6 ms)
05-06 15:13:32.756  5206  5601 I VrApi   : FPS=72,Prd=44ms,Tear=0,Early=49,Stale=0,VSnc=1,Lat=1,Fov=0,CPU4/GPU=2/4,1651/670MHz,OC=FF,TA=0/E0/E0,SP=N/F/F,Mem=1804MHz,Free=1426MB,PSM=0,PLS=0,Temp=31.0C/0.0C,TW=1.29ms,App=9.25ms,GD=2.77ms,CPU&GPU=12.31ms,LCnt=1,GPU%=0.74,CPU%=0.25(W0.36),DSF=1.00
05-06 15:13:33.757  5206  5601 I VrApi   : FPS=71,Prd=44ms,Tear=0,Early=23,Stale=3,VSnc=1,Lat=1,Fov=0,CPU4/GPU=2/5,1651/670MHz,OC=FF,TA=0/E0/E0,SP=N/F/F,Mem=1804MHz,Free=1424MB,PSM=0,PLS=0,Temp=31.0C/0.0C,TW=1.14ms,App=8.22ms,GD=0.00ms,CPU&GPU=16.66ms,LCnt=1,GPU%=0.64,CPU%=0.28(W0.36),DSF=1.00
05-06 15:13:34.129  5206  5225 D UE4     : [GameActivity] Used memory: 757510
05-06 15:13:34.543   709  5333 I [CT]    : VIPER:MAP_MANAGER: State: TRACKING_PERSISTENT, UUID=d18585e8-d288-4997-b6ff-78495c7eed6a, Num. Persistent maps = 1,  Persistent maps:d18585e8-d288-4997-b6ff-78495c7eed6a,, Ser. Disabled = 00000000-0000-0000-0000-000000000000
05-06 15:13:34.583   709  5333 I [CT]    : VIPER: Status=6DoF,TRACKING,KF=160,Inl=230,Pts=470,Jit=0.3mm,Issues(Cam/min=1.2,IMU/min=0.0),Exp=(6.2ms,g=6.0,I=89)(4.2ms,g=3.0,I=69)(6.2ms,g=6.0,I=52)(5.5ms,g=6.0,I=70)
05-06 15:13:34.758  5206  5601 I VrApi   : FPS=72,Prd=44ms,Tear=0,Early=62,Stale=0,VSnc=1,Lat=1,Fov=0,CPU4/GPU=2/4,1651/670MHz,OC=FF,TA=0/E0/E0,SP=N/F/F,Mem=1804MHz,Free=1427MB,PSM=0,PLS=0,Temp=31.0C/0.0C,TW=1.16ms,App=8.75ms,GD=0.00ms,CPU&GPU=12.02ms,LCnt=1,GPU%=0.67,CPU%=0.27(W0.48),DSF=1.00
05-06 15:13:35.361  2161  2225 I GuardianSystem: UpdateGuardianSystemState: Flags changed: 524288, 532480
05-06 15:13:35.391  2161  2365 W VrApi   : ovr_SubmitFrameInternal: FrameIndex discontinuity: Expected 11376, Received 11471
05-06 15:13:35.515   709  5332 I [CT]    : MANAGEMENT:CONSTELLATION: Status=GREEN,, Obj=4212769887286730484,6DOF=1 (estimated),Issues(Cam/min=  0,IMU/min=0), Obj=7745273921483883046,6DOF=1,FusJit=0.0mm,Issues(Cam/min=  0,IMU/min=0)
05-06 15:13:35.758  5206  5601 I VrApi   : FPS=72,Prd=44ms,Tear=0,Early=46,Stale=0,VSnc=1,Lat=1,Fov=0,CPU4/GPU=2/4,1651/670MHz,OC=FF,TA=0/E0/E0,SP=N/F/F,Mem=1804MHz,Free=1426MB,PSM=0,PLS=0,Temp=31.0C/0.0C,TW=1.18ms,App=8.32ms,GD=0.00ms,CPU&GPU=12.35ms,LCnt=1,GPU%=0.64,CPU%=0.27(W0.33),DSF=1.00
05-06 15:13:35.995  2150  5361 I TimeWarp: UpdateClockLevels: Apply pending clock request change: 2,4 -> 2,5
05-06 15:13:35.995  2150  5353 I Clocks  : ReleaseClocks - start
05-06 15:13:35.996   713   713 D         : CPU_CLUSTER_0: No client requests exists, release clocks
05-06 15:13:35.996   713   713 D         : CPU_CLUSTER_1: No client requests exists, release clocks
05-06 15:13:35.996   713   713 D         : GPU: No client requests exists, release clocks
05-06 15:13:35.996   713   713 D         : CPUBW: No client requests exists, release clocks
05-06 15:13:35.999  2150  5353 I Clocks  : ReleaseClocks - end (3.1 ms)
05-06 15:13:35.999  2150  5353 I Clocks  : LockClocks( cpu=2, gpu=5 ) - start
05-06 15:13:35.999  2150  5353 I Clocks  : CPU levels [0, 4]
05-06 15:13:35.999  2150  5353 I Clocks  : GPU levels [0, 5]
05-06 15:13:35.999   713   807 D         : CPU_CLUSTER_0: Client 2150 sends freq request [21, 21]
05-06 15:13:35.999   713   807 D         : CPU_CLUSTER_0: Next Perf Level = (21, 21)
05-06 15:13:36.000   713   807 D         : CPU_CLUSTER_1: Client 2150 sends freq request [18, 18]
05-06 15:13:36.000   713   807 D         : CPU_CLUSTER_1: Next Perf Level = (18, 18)
05-06 15:13:36.000   713   807 D         : CPUBW: Client 2150 sends freq request [8, 11]
05-06 15:13:36.000   713   807 D         : CPUBW: Next Perf Level = (8, 11)
05-06 15:13:36.001   713   807 D         : GPU: Client 2150 sends freq request [7, 7]
05-06 15:13:36.001   713   807 D         : GPU: Next Perf Level = (7, 7)
05-06 15:13:36.002  2150  5353 I Clocks  : LockClocks( cpu=2, gpu=5 ) - end (3.5 ms)
05-06 15:13:36.067   709  5333 I [CT]    : HealthReport: ==================================================
05-06 15:13:36.067   709  5333 I [CT]    : Health Report
05-06 15:13:36.067   709  5333 I [CT]    : -------------
05-06 15:13:36.067   709  5333 I [CT]    : 
05-06 15:13:36.067   709  5333 I [CT]    : Reporter #1 (InsideOutHealthMonitor) summary:
05-06 15:13:36.067   709  5333 I [CT]    : Camera: Total Dropped: 0.000000, Total Frame Count: 1298 (0.000000%), Camera Reset Count: 0
05-06 15:13:36.067   709  5333 I [CT]    : Camera: Total Single Camera Frame Dropped: 1, Total Frame Count: 1298 (0.077042%)
05-06 15:13:36.067   709  5333 I [CT]    : IMU: Total Dropped: 0.000000, Total Sample Count: 52152 (0.000000%)
05-06 15:13:36.067   709  5333 I [CT]    : Magnetometer: Total Dropped: 0.000000, Total Sample Count: 1565 (0.000000%)
05-06 15:13:36.067   709  5333 I [CT]    : 
05-06 15:13:36.067   709  5333 I [CT]    : Reporter #1 (InsideOutHealthMonitor) Passed
05-06 15:13:36.067   709  5333 I [CT]    : --------------------------------------------------
05-06 15:13:36.067   709  5333 I [CT]    : Reporter #2 (ConstellationHealthMonitor) summary:
05-06 15:13:36.067   709  5333 I [CT]    : Camera: Total Dropped: 0.000000, Total Frame Count: 1299 (0.000000%), Camera Reset Count: 2
05-06 15:13:36.067   709  5333 I [CT]    : Camera: Total Single Camera Frame Dropped: 1, Total Frame Count: 1299 (0.076982%)
05-06 15:13:36.067   709  5333 I [CT]    : Controller 4212769887286730484:
05-06 15:13:36.067   709  5333 I [CT]    : IMU: Capture period exceeded threshold.  Largest period: 5.193600 sec
05-06 15:13:36.067   709  5333 I [CT]    : Controllers may have been sleeping
05-06 15:13:36.067   709  5333 I [CT]    : IMU: Total Dropped: 0.000000, Total Sample Count: 23528.446500 (0.000000%)
05-06 15:13:36.067   709  5333 I [CT]    : Controller 7745273921483883046:
05-06 15:13:36.067   709  5333 I [CT]    : I
05-06 15:13:36.284  2161  2225 I GuardianSystem: UpdateGuardianSystemState: Flags changed: 532480, 524288
05-06 15:13:36.580  2150  5361 I TimeWarp: UpdateClockLevels: Apply pending clock request change: 2,5 -> 2,4
05-06 15:13:36.580  2150  5353 I Clocks  : ReleaseClocks - start
05-06 15:13:36.581   713  1227 D         : CPU_CLUSTER_0: No client requests exists, release clocks
05-06 15:13:36.581   713  1227 D         : CPU_CLUSTER_1: No client requests exists, release clocks
05-06 15:13:36.581   713  1227 D         : GPU: No client requests exists, release clocks
05-06 15:13:36.581   713  1227 D         : CPUBW: No client requests exists, release clocks
05-06 15:13:36.582  2150  5353 I Clocks  : ReleaseClocks - end (1.6 ms)
05-06 15:13:36.582  2150  5353 I Clocks  : LockClocks( cpu=2, gpu=4 ) - start
05-06 15:13:36.585  2150  5353 I Clocks  : CPU levels [0, 4]
05-06 15:13:36.585  2150  5353 I Clocks  : GPU levels [0, 5]
05-06 15:13:36.585   713  2969 D         : CPU_CLUSTER_0: Client 2150 sends freq request [21, 21]
05-06 15:13:36.585   713  2969 D         : CPU_CLUSTER_0: Next Perf Level = (21, 21)
05-06 15:13:36.585   713  2969 D         : CPU_CLUSTER_1: Client 2150 sends freq request [18, 18]
05-06 15:13:36.585   713  2969 D         : CPU_CLUSTER_1: Next Perf Level = (18, 18)
05-06 15:13:36.585   713  2969 D         : CPUBW: Client 2150 sends freq request [8, 11]
05-06 15:13:36.585   713  2969 D         : CPUBW: Next Perf Level = (8, 11)
05-06 15:13:36.586   713  2969 D         : GPU: Client 2150 sends freq request [6, 6]
05-06 15:13:36.586   713  2969 D         : GPU: Next Perf Level = (6, 6)
05-06 15:13:36.586  2150  5353 I Clocks  : LockClocks( cpu=2, gpu=4 ) - end (4.2 ms)
05-06 15:13:36.759  5206  5601 I VrApi   : FPS=72,Prd=44ms,Tear=0,Early=64,Stale=0,VSnc=1,Lat=1,Fov=0,CPU4/GPU=2/4,1651/670MHz,OC=FF,TA=0/E0/E0,SP=N/F/F,Mem=1554MHz,Free=1426MB,PSM=0,PLS=0,Temp=31.0C/0.0C,TW=1.70ms,App=13.41ms,GD=3.38ms,CPU&GPU=12.58ms,LCnt=1,GPU%=0.82,CPU%=0.23(W0.33),DSF=1.00
05-06 15:13:37.757  5206  5601 I VrApi   : FPS=71,Prd=44ms,Tear=0,Early=9,Stale=3,VSnc=1,Lat=1,Fov=0,CPU4/GPU=2/5,1651/670MHz,OC=FF,TA=0/E0/E0,SP=N/F/F,Mem=1804MHz,Free=1426MB,PSM=0,PLS=0,Temp=31.0C/0.0C,TW=1.20ms,App=9.03ms,GD=0.00ms,CPU&GPU=17.91ms,LCnt=1,GPU%=0.69,CPU%=0.31(W0.38),DSF=1.00
05-06 15:13:37.930   709  5333 W [CT]    : VIPER: Closest keyframe is not in both maps. We can't recover the srcFromTgtMap transform.
05-06 15:13:37.938   709  5256 I [CT]    : boltlib: DSP utilization(%): 16
05-06 15:13:37.990   709  5333 W [CT]    : VIPER: StereoEpipolarSearch: No search points in epipolar search.
05-06 15:13:38.127   709  5304 I [CT]    : L:Behavior:AtRest: deactivated
05-06 15:13:38.128   709  5304 I [CT]    : AdHocPatch: [Left] t = 54.306s, behavior transition: AtRest -> None at 54.355s
