05-07 11:49:16.322 14871 14937 W libjingle: [000:032] [14937] (webrtcvoiceengine.cc:297): Unexpected codec: PCMA/8000/2 (118)
05-07 11:49:16.322 14871 14937 I libjingle: [000:033] [14937] (webrtcvoiceengine.cc:273): ILBC/8000/1 (102)
05-07 11:49:16.322 14871 14937 I libjingle: [000:033] [14937] (webrtcvoiceengine.cc:273): G722/8000/1 (9)
05-07 11:49:16.322 14871 14937 W libjingle: [000:033] [14937] (webrtcvoiceengine.cc:297): Unexpected codec: G722/8000/2 (119)
05-07 11:49:16.322 14871 14937 I libjingle: [000:033] [14937] (webrtcvoiceengine.cc:273): opus/48000/2 (111)
05-07 11:49:16.322 14871 14937 I libjingle: [000:033] [14937] (webrtcvoiceengine.cc:273): CN/8000/1 (13)
05-07 11:49:16.322 14871 14937 I libjingle: [000:033] [14937] (webrtcvoiceengine.cc:273): CN/16000/1 (105)
05-07 11:49:16.322 14871 14937 I libjingle: [000:033] [14937] (webrtcvoiceengine.cc:273): CN/32000/1 (106)
05-07 11:49:16.322 14871 14937 I libjingle: [000:033] [14937] (webrtcvoiceengine.cc:273): telephone-event/8000/1 (126)
05-07 11:49:16.322 14871 14937 I libjingle: [000:033] [14937] (webrtcvoiceengine.cc:273): red/8000/1 (127)
05-07 11:49:16.322 14871 14937 I libjingle: [000:033] [14937] (webrtcvideoengine2.cc:497): WebRtcVideoEngine2::WebRtcVideoEngine2()
05-07 11:49:16.323 14871 14937 I libjingle: [000:034] [14937] (webrtcvoiceengine.cc:551): WebRtcVoiceEngine::Init
05-07 11:49:16.323 14871 14937 I libjingle: [000:034] [14937] (webrtcvoiceengine.cc:575): VoiceEngine 4.1.0
05-07 11:49:16.323 14871 14937 I libjingle: [000:034] [14937] (voe_base_impl.cc:244): Init: An external ADM implementation will be used in VoiceEngine
05-07 11:49:16.323 14871 14937 D AudioManager: Init@[tid=14937]
05-07 11:49:16.324 14871 14937 I org.webrtc.Logging: WebRtcAudioManager: init@[name=Thread-7, id=137]
05-07 11:49:16.326 14871 14937 I org.webrtc.Logging: WebRtcAudioManager: audio mode is: MODE_NORMAL
05-07 11:49:16.326 14871 14937 D AudioTrackJni: Init@[tid=14937]
05-07 11:49:16.326 14871 14937 I libjingle: [000:037] [14937] (webrtcvoiceengine.cc:1066): webrtc: output: available=0
05-07 11:49:16.326 14871 14937 E libjingle: [000:037] [14937] (webrtcvoiceengine.cc:1066): webrtc: stereo playout is not supported
05-07 11:49:16.326 14871 14937 W libjingle: [000:037] [14937] (webrtcvoiceengine.cc:1066): webrtc: Init() failed to set mono/stereo playout mode (error=8090)
05-07 11:49:16.326 14871 14937 I libjingle: [000:037] [14937] (webrtcvoiceengine.cc:1066): webrtc: output: available=0
05-07 11:49:16.326 14871 14937 E libjingle: [000:037] [14937] (webrtcvoiceengine.cc:1066): webrtc: recording in stereo is not supported
05-07 11:49:16.326 14871 14937 W libjingle: [000:037] [14937] (webrtcvoiceengine.cc:1066): webrtc: Init() failed to set mono/stereo recording mode (error=8090)
05-07 11:49:16.326 14871 14937 I libjingle: [000:037] [14937] (webrtcvoiceengine.cc:1066): webrtc: TransmitMixer::SetAudioProcessingModule(audioProcessingModule=0xdfd36900)
05-07 11:49:16.326 14871 14937 I libjingle: [000:037] [14937] (webrtcvoiceengine.cc:1066): webrtc: OutputMixer::SetAudioProcessingModule(audioProcessingModule=0xdfd36900)
05-07 11:49:16.326 14871 14937 E libjingle: [000:037] [14937] (voe_base_impl.cc:371): Init: Failed to set agc to enabled: 0
05-07 11:49:16.326 14871 14937 I libjingle: [000:037] [14937] (webrtcvoiceengine.cc:648): ApplyOptions: AudioOptions {aec: true, agc: true, ns: true, hf: true, swap: false, audio_jitter_buffer_max_packets: 50, audio_jitter_buffer_fast_accelerate: false, typing: true, agc_delta: 0, experimental_agc: false, extended_filter_aec: false, delay_agnostic_aec: false, experimental_ns: false, }
05-07 11:49:16.326 14871 14937 I OVRPlatform: [SharedMicrophoneAudioRecord] EnableBuiltInEffect(): called to enable effect 0
05-07 11:49:16.326 14871 14937 I libjingle: [000:037] [14937] (webrtcvoiceengine.cc:722): Disabling EC since built-in EC will be used instead
05-07 11:49:16.326 14871 14937 I libjingle: [000:037] [14937] (webrtcvoiceengine.cc:729): Echo control set to 0 with mode 4
05-07 11:49:16.326 14871 14937 I libjingle: [000:037] [14937] (webrtcvoiceengine.cc:764): Auto gain set to 0 with mode 4
05-07 11:49:16.326 14871 14937 I OVRPlatform: [SharedMicrophoneAudioRecord] EnableBuiltInEffect(): called to enable effect 2
05-07 11:49:16.326 14871 14937 I libjingle: [000:037] [14937] (webrtcvoiceengine.cc:804): Disabling NS since built-in NS will be used instead
05-07 11:49:16.326 14871 14937 I libjingle: [000:037] [14937] (webrtcvoiceengine.cc:811): Noise suppression set to 0 with mode 5
05-07 11:49:16.326 14871 14937 I libjingle: [000:037] [14937] (webrtcvoiceengine.cc:817): High pass filter enabled? 0
05-07 11:49:16.326 14871 14937 I libjingle: [000:037] [14937] (webrtcvoiceengine.cc:825): Stereo swapping enabled? 0
05-07 11:49:16.326 14871 14937 I libjingle: [000:037] [14937] (webrtcvoiceengine.cc:834): NetEq capacity is 50
05-07 11:49:16.326 14871 14937 I libjingle: [000:037] [14937] (webrtcvoiceengine.cc:842): NetEq fast mode? 0
05-07 11:49:16.326 14871 14937 I libjingle: [000:037] [14937] (webrtcvoiceengine.cc:850): Typing detection is enabled? 0
05-07 11:49:16.326 14871 14937 E libjingle: [000:037] [14937] (voe_audio_processing_impl.cc:955): SetTypingDetectionStatus: not supported
05-07 11:49:16.326 14871 14937 W libjingle: [000:037] [14937] (webrtcvoiceengine.cc:854): SetTypingDetectionStatus(0) failed, err=8003
05-07 11:49:16.326 14871 14937 I libjingle: [000:037] [14937] (webrtcvoiceengine.cc:859): Adjust agc delta is 0
05-07 11:49:16.326 14871 14937 I libjingle: [000:037] [14937] (webrtcvoiceengine.cc:1091): Adjusting AGC level from default -3dB to -3dB
05-07 11:49:16.326 14871 14937 I libjingle: [000:037] [14937] (webrtcvoiceengine.cc:870): Delay agnostic aec is enabled? 0
05-07 11:49:16.326 14871 14937 I libjingle: [000:037] [14937] (webrtcvoiceengine.cc:879): Extended filter aec is enabled? 0
05-07 11:49:16.326 14871 14937 I libjingle: [000:037] [14937] (webrtcvoiceengine.cc:888): Experimental ns is enabled? 0
05-07 11:49:16.326 14871 14937 I libjingle: [000:037] [14937] (webrtcvoiceengine.cc:611): WebRtc VoiceEngine codecs:
05-07 11:49:16.326 14871 14937 I libjingle: [000:037] [14937] (webrtcvoiceengine.cc:613): opus/48000/2 (111)
05-07 11:49:16.326 14871 14937 I libjingle: [000:037] [14937] (webrtcvoiceengine.cc:613): ISAC/16000/1 (103)
05-07 11:49:16.326 14871 14937 I libjingle: [000:037] [14937] (webrtcvoiceengine.cc:613): G722/8000/1 (9)
05-07 11:49:16.326 14871 14937 I libjingle: [000:037] [14937] (webrtcvoiceengine.cc:613): ILBC/8000/1 (102)
05-07 11:49:16.326 14871 14937 I libjingle: [000:037] [14937] (webrtcvoiceengine.cc:613): PCMU/8000/1 (0)
05-07 11:49:16.326 14871 14937 I libjingle: [000:037] [14937] (webrtcvoiceengine.cc:613): PCMA/8000/1 (8)
05-07 11:49:16.326 14871 14937 I libjingle: [000:037] [14937] (webrtcvoiceengine.cc:613): CN/32000/1 (106)
05-07 11:49:16.326 14871 14937 I libjingle: [000:037] [14937] (webrtcvoiceengine.cc:613): CN/16000/1 (105)
05-07 11:49:16.326 14871 14937 I libjingle: [000:037] [14937] (webrtcvoiceengine.cc:613): CN/8000/1 (13)
05-07 11:49:16.326 14871 14937 I libjingle: [000:037] [14937] (webrtcvoiceengine.cc:613): red/8000/1 (127)
05-07 11:49:16.326 14871 14937 I libjingle: [000:037] [14937] (webrtcvoiceengine.cc:613): telephone-event/8000/1 (126)
05-07 11:49:16.326 14871 14937 I libjingle: [000:037] [14937] (webrtcvoiceengine.cc:961): Setting microphone to (id=0) and speaker to (id=0)
05-07 11:49:16.326 14871 14937 W libjingle: [000:037] [14937] (webrtcvoiceengine.cc:1066): webrtc: SetRecordingChannel() unable to set the recording channel (error=10028)
05-07 11:49:16.326 14871 14937 E libjingle: [000:037] [14937] (webrtcvoiceengine.cc:1066): webrtc: recording in stereo is not supported
05-07 11:49:16.326 14871 14937 W libjingle: [000:037] [14937] (webrtcvoiceengine.cc:1066): webrtc: SetRecordingDevice() failed to set mono recording mode (error=8090)
05-07 11:49:16.326 14871 14937 E libjingle: [000:037] [14937] (webrtcvoiceengine.cc:1066): webrtc: stereo playout is not supported
05-07 11:49:16.326 14871 14937 W libjingle: [000:037] [14937] (webrtcvoiceengine.cc:1066): webrtc: SetPlayoutDevice() failed to set stereo playout mode (error=8090)
05-07 11:49:16.326 14871 14937 I libjingle: [000:037] [14937] (webrtcvoiceengine.cc:981): Set microphone to (id=0) and speaker to (id=0)
05-07 11:49:16.326 14871 14937 I libjingle: [000:037] [14937] (webrtcvoiceengine.cc:554): WebRtcVoiceEngine::Init Done!
05-07 11:49:16.326 14871 14937 I libjingle: [000:037] [14937] (webrtcvideoengine2.cc:506): WebRtcVideoEngine2::Init
05-07 11:49:16.327 14871 14937 I libjingle: [000:038] [14937] (dtlsidentitystore.cc:53): Generating identity, using keytype 0
05-07 11:49:16.327 14871 14937 I libjingle: [000:038] [14937] (opensslidentity.cc:41): Making key pair
05-07 11:49:16.335 14871 14901 D OculusLogger: reportQuickExperimentExposure(sessionless__oculus_feed_agency_and_personalization_v2_universe, control, 102449717587751)
05-07 11:49:16.335 14871 14901 I RCTVR   : RCTEnvironment
05-07 11:49:16.338 14871 14901 I RCTVR   : Marker tti_router_app: duration=3.147500ms start=11585979.3341230005 end=11585982.4816229995
05-07 11:49:16.338 14871 14901 I RCTVR   : env default
05-07 11:49:16.351 14871 14901 D OculusLogger: reportQuickExperimentExposure(sessionless__oculus_explore_preference_customization, test, 102449717587751)
05-07 11:49:16.364 14871 14919 I ReactNativeExecutorHermes: Timestamp- markerPoint: 11586007
05-07 11:49:16.365 14871 14901 D OculusLogger: reportQuickExperimentExposure(sessionless__oculus_mobile_explore_prefetching, test, 102449717587751)
05-07 11:49:16.391 14871 14901 D OculusLogger: reportQuickExperimentExposure(sessionless__oculus_feed_agency_and_personalization_v2_universe, control, 102449717587751)
05-07 11:49:16.405 14871 14901 D OculusLogger: reportQuickExperimentExposure(sessionless__oculus_feed_agency_and_personalization_v2_universe, control, 102449717587751)
05-07 11:49:16.417 14871 14901 D QuickPromotionModule: Signal trigger 'app_foreground'.
05-07 11:49:16.418 14871 14901 D QuickPromotionModule: Enable surface #5643.
05-07 11:49:16.418 14871 14901 D QuickPromotionModule: Enable surface #5259.
05-07 11:49:16.421 14871 14901 I RCTVRNET: Network data cache path: /data/user/0/com.oculus.vrshell.home/cache
05-07 11:49:16.423 14871 14901 I RCTVR   : Marker tti_explore_panel_contents: duration=4.811093ms start=11586062.1615110002 end=11586066.9726039991
05-07 11:49:16.423 14871 14939 I OVR_MemBuffer: Couldn't open assets/oculus-apps-native/VrShell/Home/assets/icons/settings_32x32.ktx: No such file or directory
05-07 11:49:16.424 14871 14901 I RCTVR   : Marker tti_explore_panel: duration=4.449687ms start=11586063.3916149996 end=11586067.841302
05-07 11:49:16.424 14871 14901 I RCTVR   : Allocated offscreen texture 5, size 792x64
05-07 11:49:16.424 14871 14939 I OVR_MemBuffer: Couldn't open assets/src/ocicon/assets/oc_icon_search_outline_2_24_d2d3d4.png: No such file or directory
05-07 11:49:16.424 14871 14939 I OVR_MemBuffer: Couldn't open assets/src/ocicon/assets/oc_icon_home_outline_2_24_d2d3d4.png: No such file or directory
05-07 11:49:16.424 14871 14940 I OVR_MemBuffer: Couldn't open assets/src/ocicon/assets/oc_icon_apps_filled_2_24_d2d3d4.png: No such file or directory
05-07 11:49:16.443  1840  1902 I [OAR] PanelAppHost: Setting panel layer visibility of layer "#main" to visible
05-07 11:49:16.444  1840  1902 I [OAR] PanelRenderLayer: New SurfaceLayer 1328 x 528 (shape: 2)
05-07 11:49:16.445  2116  3742 I VrRuntimeService: nativeCreateTextureSwapChain api:gles 0 0x8c43 1328 528 11 3 1 0 0
05-07 11:49:16.449  2116  3742 I VrRuntimeServer: CreateTextureSwapChain: result importswapchaingles 1
05-07 11:49:16.494  1922  1922 I AndroidPanelLayer: Hiding layer toast
05-07 11:49:16.494  1922  1922 I AndroidPanelApp: HideLayer(toast)
05-07 11:49:16.503  1922  1922 I AndroidPanelApp: Processing pending hide layer for layer toast.
05-07 11:49:16.513  1840  1902 I [OAR] PanelAppHost: Setting panel layer visibility of layer "toast" to invisible
05-07 11:49:16.524  1461  1474 I art     : Background sticky concurrent mark sweep GC freed 9898(723KB) AllocSpace objects, 12(552KB) LOS objects, 35% free, 2MB/4MB, paused 8.532ms total 22.888ms
05-07 11:49:16.533 14871 14937 I libjingle: [000:244] [14937] (opensslidentity.cc:82): Returning key pair
05-07 11:49:16.533 14871 14937 I libjingle: [000:244] [14937] (opensslidentity.cc:89): Making certificate for WebRTC
05-07 11:49:16.535 14871 14937 I libjingle: [000:246] [14937] (opensslidentity.cc:137): Returning certificate
05-07 11:49:16.536 14871 14905 I OVRPlatform: [AndroidPlatformIntegration] Cached SystemVoipState wasn't set, explicitly requesting
05-07 11:49:16.537 14871 14905 I OVRPlatform: [RequestStopwatch] AndroidFinishInitialization took 493.3820 milliseconds
05-07 11:49:16.537 14871 14905 I OVRPlatform: [RequestStopwatch] AndroidAsyncInitRequest took 493.8010 milliseconds
05-07 11:49:16.543  1778 12866 I OVRPlatform: [PartiesAPI] ovr_Party_PluginGetSharedMemHandle: This function is deprecated, do not use
05-07 11:49:16.543 14871 14908 I OVRPlatform: [P2PNetworkTransport] SystemVoip state changed, updating mute
05-07 11:49:16.796   713 14485 I [CT]    : VIPER:MAP_MANAGER: State: TRACKING_PERSISTENT, UUID=d18585e8-d288-4997-b6ff-78495c7eed6a, Num. Persistent maps = 1,  Persistent maps:d18585e8-d288-4997-b6ff-78495c7eed6a,, Ser. Disabled = 00000000-0000-0000-0000-000000000000
05-07 11:49:16.808  2126  2146 I GuardianSystem: Guardian: GuardianCmdWithParms 7, 0, 0.000000
05-07 11:49:16.821  2126  2165 I GuardianSystem: Guardian: GuardianCmdWithParms 7, 1, 0.000000
05-07 11:49:16.884  1778 14954 I FbnsPushNotificationHandler: {"persisted_id":"","ndid":"b44da3db-26a5-421b-a584-c43e0609f1b5G5a50b81a5f3a4G5d2d6f062f27G1fc0","extra_data":"{\"user_with_updated_status\":\"102449717587751\",\"presence\":\"Home | Quest\",\"app_id\":1481000308606657,\"friend_display_name\":\"Pau Fenollosa\"}","PushNotifID":"b44da3db-26a5-421b-a584-c43e0609f1b5"}
05-07 11:49:16.884  1778 14954 I NotificationReceiver: oculus_user_status
05-07 11:49:16.888  1778 14954 I NotificationReceiver: Notification cannot be toasted without a message. Hiding notif
05-07 11:49:16.893  2126  2147 I GuardianSystem: Guardian: GuardianCmdWithParms 7, 0, 0.000000
05-07 11:49:16.922 14871 14888 D APIInterceptor: intercept original headers:
05-07 11:49:16.922 14871 14888 D APIInterceptor: Host: graph.oculus.com
05-07 11:49:16.922 14871 14888 D APIInterceptor: Connection: Keep-Alive
05-07 11:49:16.922 14871 14888 D APIInterceptor: Accept-Encoding: gzip
05-07 11:49:16.922 14871 14888 D APIInterceptor: User-Agent: okhttp/3.6.0
05-07 11:49:16.925 14871 14888 D APIInterceptor: intercept modified headers:
05-07 11:49:16.925 14871 14888 D APIInterceptor: Host: graph.oculus.com
05-07 11:49:16.925 14871 14888 D APIInterceptor: Connection: Keep-Alive
05-07 11:49:16.925 14871 14888 D APIInterceptor: Accept-Encoding: gzip
05-07 11:49:16.925 14871 14888 D APIInterceptor: X-Build-Model: Oculus Quest
05-07 11:49:16.925 14871 14888 D APIInterceptor: X-Build-Number: 210938855
05-07 11:49:16.925 14871 14888 D APIInterceptor: X-ANDROID-ID: 13720d2a49fddeae
05-07 11:49:16.925 14871 14888 D APIInterceptor: X-OC-Selected-Headset-Serial: 1PASH9BQ720132
05-07 11:49:16.925 14871 14888 D APIInterceptor: X-OC-VrShell-Build-Name: 16.0.0.139.450
05-07 11:49:16.925 14871 14888 D APIInterceptor: User-Agent: Dalvik/2.1.0 (Linux; U; Android 7.1.1; Quest Build/NGI77B) [FBAN/OculusHomeShell;FBAV/16.0.0.138.450;FBDV/Quest;FBCR/null;FBLC/en_GB;FBSV/7.1.1;FBBD/oculus;FBBV/210938855;FBCA/armeabi-v7a:armeabi;FBMF/Oculus;FBPN/com.oculus.vrshell.home;]
05-07 11:49:16.925 14871 14888 D APIInterceptor: Accept-Language: en_GB
05-07 11:49:16.947 14871 14889 D APIInterceptor: intercept original headers:
05-07 11:49:16.947 14871 14889 D APIInterceptor: Host: graph.oculus.com
05-07 11:49:16.947 14871 14889 D APIInterceptor: Connection: Keep-Alive
05-07 11:49:16.947 14871 14889 D APIInterceptor: Accept-Encoding: gzip
05-07 11:49:16.947 14871 14889 D APIInterceptor: User-Agent: okhttp/3.6.0
05-07 11:49:16.949 14871 14889 D APIInterceptor: intercept modified headers:
05-07 11:49:16.949 14871 14889 D APIInterceptor: Host: graph.oculus.com
05-07 11:49:16.949 14871 14889 D APIInterceptor: Connection: Keep-Alive
05-07 11:49:16.949 14871 14889 D APIInterceptor: Accept-Encoding: gzip
05-07 11:49:16.949 14871 14889 D APIInterceptor: X-Build-Model: Oculus Quest
05-07 11:49:16.949 14871 14889 D APIInterceptor: X-Build-Number: 210938855
05-07 11:49:16.949 14871 14889 D APIInterceptor: X-ANDROID-ID: 13720d2a49fddeae
05-07 11:49:16.949 14871 14889 D APIInterceptor: X-OC-Selected-Headset-Serial: 1PASH9BQ720132
05-07 11:49:16.949 14871 14889 D APIInterceptor: X-OC-VrShell-Build-Name: 16.0.0.139.450
05-07 11:49:16.949 14871 14889 D APIInterceptor: User-Agent: Dalvik/2.1.0 (Linux; U; Android 7.1.1; Quest Build/NGI77B) [FBAN/OculusHomeShell;FBAV/16.0.0.138.450;FBDV/Quest;FBCR/null;FBLC/en_GB;FBSV/7.1.1;FBBD/oculus;FBBV/210938855;FBCA/armeabi-v7a:armeabi;FBMF/Oculus;FBPN/com.oculus.vrshell.home;]
05-07 11:49:16.949 14871 14889 D APIInterceptor: Accept-Language: en_GB
05-07 11:49:16.950  1778  1913 I ExternalPlatformNetwork: access token acquired for pkg 'com.oculus.vrshell.home'
05-07 11:49:16.957 14871 14906 I OVRPlatform: [RequestStopwatch] AccessTokenRequest took 420.8430 milliseconds
05-07 11:49:16.959  1840 14847 I VrApi   : FPS=59,Prd=45ms,Tear=0,Early=68,Stale=2,VSnc=1,Lat=1,Fov=0,CPU4/GPU=2/4,2304/670MHz,OC=FF,TA=0/E0/0,SP=N/F/N,Mem=1804MHz,Free=1285MB,PSM=0,PLS=0,Temp=32.0C/0.0C,TW=1.70ms,App=4.73ms,GD=0.00ms,CPU&GPU=12.09ms,LCnt=3,GPU%=0.41,CPU%=0.59(W0.64),DSF=1.00
05-07 11:49:16.964 14871 14901 I OCPlatformModule: timestamp accessTokenRequestID
05-07 11:49:16.964 14871 14901 I RCTVR   : Marker access_token_request_start: duration=376.690090ms start=11585311 end=11585687.6900900006
05-07 11:49:16.964 14871 14901 I RCTVR   : Marker access_token_request_end: duration=1297.018644ms start=11585311 end=11586608.0186439995
05-07 11:49:16.964 14871 14901 I AccessTokenForwarderModule: Forwarding token
05-07 11:49:16.964 14871 14901 D AccessTokenForwarder: Get access token
05-07 11:49:16.975 14871 14901 I HomeApplication: onAccessToken
05-07 11:49:17.004  1076  1145 W InputDispatcher: channel 'b3d8707 com.YourCompany.ToysGame/com.epicgames.ue4.GameActivity (server)' ~ Consumer closed input channel or an error occurred.  events=0x9
05-07 11:49:17.004  1076  1145 E InputDispatcher: channel 'b3d8707 com.YourCompany.ToysGame/com.epicgames.ue4.GameActivity (server)' ~ Channel is unrecoverably broken and will be disposed!
05-07 11:49:17.007  2126  2165 D VrGuardianService: VrGuardianService: binderDied: com.YourCompany.ToysGame
05-07 11:49:17.007  1076  1612 D GraphicsStats: Buffer count: 3
05-07 11:49:17.007  2116  2136 D VrRuntimeService: VrRuntimeService: binderDied: com.YourCompany.ToysGame
05-07 11:49:17.007  2116  2136 D VrRuntimeService: VrRuntimeService: destroyClientInternal: com.YourCompany.ToysGame, pid: 14418, window: null
05-07 11:49:17.007  2116  2136 I ClientMgr: ClientMgr::DestroyClient: 14418:com.YourCompany.ToysGame
05-07 11:49:17.007  2116  2136 I ClientMgr: ClientMgr::DestroyClient Destroying 3 swapchains for 14418:com.YourCompany.ToysGame
05-07 11:49:17.007  2116  2136 I ClientMgr: ClientMgr::DestroyClient: non-deferred ShutdownResources: 4981 == 4981 
05-07 11:49:17.007  1076  1612 I WindowManager: WIN DEATH: Window{6edde09 u0 SurfaceView - com.YourCompany.ToysGame/com.epicgames.ue4.GameActivity}
05-07 11:49:17.007  2116  2136 I BufferObject: ovrBufferObjectFactory::Shutdown
05-07 11:49:17.007  2116  2136 I BufferObject: ovrBufferObjectFactory: closing fd=89
05-07 11:49:17.007  2116  2136 I BufferObject: ovrBufferObjectFactory: unmapping Vulkan memory
05-07 11:49:17.007  2116  2136 I BufferObject: ovrBufferObjectFactory: destroying Vulkan buffer=547292617856
05-07 11:49:17.007  2116  2136 I BufferObject: ovrBufferObjectFactory: freeing Vulkan memory=547293752064
05-07 11:49:17.008  1076  1493 I ActivityManager: Process com.YourCompany.ToysGame (pid 14418) has died
05-07 11:49:17.008  1076  1493 D ActivityManager: cleanUpApplicationRecord -- 14418
05-07 11:49:17.010  1076  1100 D ConnectivityService: ConnectivityService NetworkRequestInfo binderDied(NetworkRequest [ LISTEN id=24, [ Capabilities: NOT_RESTRICTED&TRUSTED&NOT_VPN&FOREGROUND] ], android.os.BinderProxy@e4780e)
05-07 11:49:17.012  1076  1170 E ConnectivityService: RemoteException caught trying to send a callback msg for NetworkRequest [ LISTEN id=24, [ Capabilities: NOT_RESTRICTED&TRUSTED&NOT_VPN&FOREGROUND] ]
05-07 11:49:17.012  1076  8298 I WindowManager: WIN DEATH: Window{b3d8707 u0 com.YourCompany.ToysGame/com.epicgames.ue4.GameActivity}
05-07 11:49:17.012  1076  8298 W InputDispatcher: Attempted to unregister already unregistered input channel 'b3d8707 com.YourCompany.ToysGame/com.epicgames.ue4.GameActivity (server)'
05-07 11:49:17.184 14871 14901 I RvrPnl  : FPS=65.8894/101.022/14.4096, MSPF=0.015177/9.89885/69.398, MEMALLOC=9.15408
05-07 11:49:17.190 14871 14889 I GraphQLPrefetch: Completed request for 2730171627063766 in 1257ms
05-07 11:49:17.190 14871 14889 I GraphQLPrefetch: Pushing prefetch responses
05-07 11:49:17.191 14871 14919 I RCTVR_HERMES: [info]: Got data for docid=2730171627063766 from native prefetch
05-07 11:49:17.239  1778  1788 I art     : Background sticky concurrent mark sweep GC freed 13346(1940KB) AllocSpace objects, 0(0B) LOS objects, 32% free, 4MB/6MB, paused 5.088ms total 32.048ms
