05-06 15:14:12.410   709  5304 I [CT]    : L:Behavior:NearHeadMoving: state transition: Init -> TorsoInitialized
05-06 15:14:12.761  5206  5601 I VrApi   : FPS=64,Prd=44ms,Tear=0,Early=0,Stale=25,VSnc=1,Lat=1,Fov=0,CPU4/GPU=3/4,2304/670MHz,OC=FF,TA=0/E0/E0,SP=N/F/F,Mem=1804MHz,Free=1431MB,PSM=0,PLS=0,Temp=31.0C/0.0C,TW=1.26ms,App=15.65ms,GD=0.00ms,CPU&GPU=24.13ms,LCnt=1,GPU%=0.96,CPU%=0.25(W0.32),DSF=1.00
05-06 15:14:13.151   709  5304 E [CT]    : TorsoModel: failed to update: hmd and/or controller in singular position
05-06 15:14:13.760  5206  5601 I VrApi   : FPS=63,Prd=44ms,Tear=0,Early=0,Stale=28,VSnc=1,Lat=1,Fov=0,CPU4/GPU=4/4,2304/670MHz,OC=FF,TA=0/E0/E0,SP=N/F/F,Mem=1804MHz,Free=1431MB,PSM=0,PLS=0,Temp=31.0C/0.0C,TW=1.28ms,App=13.43ms,GD=0.00ms,CPU&GPU=24.21ms,LCnt=1,GPU%=0.96,CPU%=0.31(W0.39),DSF=1.00
05-06 15:14:14.012   709  5256 I [CT]    : boltlib: DSP utilization(%): 18
05-06 15:14:14.149   709  5333 I [CT]    : VIPER:MAP_MANAGER: State: TRACKING_PERSISTENT, UUID=d18585e8-d288-4997-b6ff-78495c7eed6a, Num. Persistent maps = 1,  Persistent maps:d18585e8-d288-4997-b6ff-78495c7eed6a,, Ser. Disabled = 00000000-0000-0000-0000-000000000000
05-06 15:14:14.189   709  5333 I [CT]    : VIPER: Status=6DoF,TRACKING,KF=151,Inl=351,Pts=525,Jit=0.4mm,Issues(Cam/min=0.7,IMU/min=0.0),Exp=(7.6ms,g=10.0,I=70)(6.3ms,g=8.0,I=69)(7.6ms,g=10.0,I=71)(6.1ms,g=5.0,I=68)
05-06 15:14:14.761  5206  5601 I VrApi   : FPS=71,Prd=45ms,Tear=0,Early=0,Stale=4,VSnc=1,Lat=1,Fov=0,CPU4/GPU=4/4,2304/670MHz,OC=FF,TA=0/E0/E0,SP=N/F/F,Mem=1804MHz,Free=1431MB,PSM=0,PLS=0,Temp=31.0C/0.0C,TW=1.25ms,App=13.50ms,GD=0.00ms,CPU&GPU=17.11ms,LCnt=1,GPU%=0.97,CPU%=0.34(W0.36),DSF=1.00
05-06 15:14:14.828  2150  5361 I TimeWarp: UpdateClockLevels: Apply pending clock request change: 4,4 -> 3,4
05-06 15:14:14.829  2150  5353 I Clocks  : ReleaseClocks - start
05-06 15:14:14.829   713  2969 D         : CPU_CLUSTER_0: No client requests exists, release clocks
05-06 15:14:14.829   713  2969 D         : CPU_CLUSTER_1: No client requests exists, release clocks
05-06 15:14:14.829   713  2969 D         : GPU: No client requests exists, release clocks
05-06 15:14:14.829   713  2969 D         : CPUBW: No client requests exists, release clocks
05-06 15:14:14.830  2150  5353 I Clocks  : ReleaseClocks - end (1.6 ms)
05-06 15:14:14.830  2150  5353 I Clocks  : LockClocks( cpu=3, gpu=4 ) - start
05-06 15:14:14.831  2150  5353 I Clocks  : CPU levels [0, 4]
05-06 15:14:14.831  2150  5353 I Clocks  : GPU levels [0, 5]
05-06 15:14:14.831   713   713 D         : CPU_CLUSTER_0: Client 2150 sends freq request [21, 21]
05-06 15:14:14.831   713   713 D         : CPU_CLUSTER_0: Next Perf Level = (21, 21)
05-06 15:14:14.831   713   713 D         : CPU_CLUSTER_1: Client 2150 sends freq request [22, 22]
05-06 15:14:14.832   713   713 D         : CPU_CLUSTER_1: Next Perf Level = (22, 22)
05-06 15:14:14.832   713   713 D         : CPUBW: Client 2150 sends freq request [8, 11]
05-06 15:14:14.832   713   713 D         : CPUBW: Next Perf Level = (8, 11)
05-06 15:14:14.832   713   713 D         : GPU: Client 2150 sends freq request [6, 6]
05-06 15:14:14.832   713   713 D         : GPU: Next Perf Level = (6, 6)
05-06 15:14:14.832  2150  5353 I Clocks  : LockClocks( cpu=3, gpu=4 ) - end (1.7 ms)
05-06 15:14:15.117   709  5332 I [CT]    : MANAGEMENT:CONSTELLATION: Status=GREEN,, Obj=4212769887286730484,6DOF=1 (estimated),Issues(Cam/min=  0,IMU/min=0), Obj=7745273921483883046,6DOF=1,FusJit=0.0mm,Issues(Cam/min=  0,IMU/min=0)
05-06 15:14:15.656   709  5304 I [CT]    : L:Behavior:NearHeadMoving: state transition: TorsoInitialized -> InRange
05-06 15:14:15.676  5206  5225 D UE4     : [GameActivity] Used memory: 749834
05-06 15:14:15.761  5206  5601 I VrApi   : FPS=72,Prd=45ms,Tear=0,Early=0,Stale=0,VSnc=1,Lat=1,Fov=0,CPU4/GPU=4/4,1958/670MHz,OC=FF,TA=0/E0/E0,SP=N/F/F,Mem=1804MHz,Free=1430MB,PSM=0,PLS=0,Temp=31.0C/0.0C,TW=1.28ms,App=13.33ms,GD=0.00ms,CPU&GPU=17.15ms,LCnt=1,GPU%=0.96,CPU%=0.31(W0.35),DSF=1.00
05-06 15:14:16.761  5206  5601 I VrApi   : FPS=72,Prd=45ms,Tear=0,Early=0,Stale=0,VSnc=1,Lat=1,Fov=0,CPU4/GPU=3/4,1958/670MHz,OC=FF,TA=0/E0/E0,SP=N/F/F,Mem=1804MHz,Free=1428MB,PSM=0,PLS=0,Temp=31.0C/0.0C,TW=1.20ms,App=14.77ms,GD=0.00ms,CPU&GPU=17.15ms,LCnt=1,GPU%=0.98,CPU%=0.26(W0.39),DSF=1.00
05-06 15:14:16.969   709  5304 I [CT]    : L:Behavior:NearHeadMoving: state transition: InRange -> Init
05-06 15:14:16.971   709  5304 I [CT]    : L:Behavior:NearHeadMoving: state transition: Init -> TorsoInitialized
05-06 15:14:17.748   709  5333 I [CT]    : VIPER:MAP_MANAGER: State: TRACKING_PERSISTENT, UUID=d18585e8-d288-4997-b6ff-78495c7eed6a, Num. Persistent maps = 1,  Persistent maps:d18585e8-d288-4997-b6ff-78495c7eed6a,, Ser. Disabled = 00000000-0000-0000-0000-000000000000
05-06 15:14:17.761  5206  5601 I VrApi   : FPS=68,Prd=44ms,Tear=0,Early=0,Stale=12,VSnc=1,Lat=1,Fov=0,CPU4/GPU=3/4,1958/670MHz,OC=FF,TA=0/E0/E0,SP=N/F/F,Mem=1804MHz,Free=1431MB,PSM=0,PLS=0,Temp=31.0C/0.0C,TW=1.21ms,App=15.09ms,GD=0.00ms,CPU&GPU=22.98ms,LCnt=1,GPU%=0.97,CPU%=0.23(W0.33),DSF=1.00
05-06 15:14:17.788   709  5333 I [CT]    : VIPER: Status=6DoF,TRACKING,KF=151,Inl=361,Pts=525,Jit=0.2mm,Issues(Cam/min=0.6,IMU/min=0.0),Exp=(7.3ms,g=10.0,I=68)(6.4ms,g=8.0,I=69)(7.3ms,g=10.0,I=71)(6.3ms,g=5.0,I=68)
05-06 15:14:18.070   709  5333 I [CT]    : HealthReport: ==================================================
05-06 15:14:18.070   709  5333 I [CT]    : Health Report
05-06 15:14:18.070   709  5333 I [CT]    : -------------
05-06 15:14:18.070   709  5333 I [CT]    : 
05-06 15:14:18.070   709  5333 I [CT]    : Reporter #1 (InsideOutHealthMonitor) summary:
05-06 15:14:18.070   709  5333 I [CT]    : Camera: Total Dropped: 0.000000, Total Frame Count: 2348 (0.000000%), Camera Reset Count: 0
05-06 15:14:18.070   709  5333 I [CT]    : Camera: Total Single Camera Frame Dropped: 1, Total Frame Count: 2348 (0.042589%)
05-06 15:14:18.070   709  5333 I [CT]    : IMU: Total Dropped: 0.000000, Total Sample Count: 94154 (0.000000%)
05-06 15:14:18.070   709  5333 I [CT]    : Magnetometer: Total Dropped: 0.000000, Total Sample Count: 2825 (0.000000%)
05-06 15:14:18.070   709  5333 I [CT]    : 
05-06 15:14:18.070   709  5333 I [CT]    : Reporter #1 (InsideOutHealthMonitor) Passed
05-06 15:14:18.070   709  5333 I [CT]    : --------------------------------------------------
05-06 15:14:18.070   709  5333 I [CT]    : Reporter #2 (ConstellationHealthMonitor) summary:
05-06 15:14:18.070   709  5333 I [CT]    : Camera: Total Dropped: 0.000000, Total Frame Count: 2349 (0.000000%), Camera Reset Count: 2
05-06 15:14:18.070   709  5333 I [CT]    : Camera: Total Single Camera Frame Dropped: 1, Total Frame Count: 2349 (0.042571%)
05-06 15:14:18.070   709  5333 I [CT]    : Controller 4212769887286730484:
05-06 15:14:18.070   709  5333 I [CT]    : IMU: Capture period exceeded threshold.  Largest period: 5.193600 sec
05-06 15:14:18.070   709  5333 I [CT]    : Controllers may have been sleeping
05-06 15:14:18.070   709  5333 I [CT]    : IMU: Total Dropped: 0.000000, Total Sample Count: 44528.265500 (0.000000%)
05-06 15:14:18.070   709  5333 I [CT]    : Controller 7745273921483883046:
05-06 15:14:18.070   709  5333 I [CT]    : I
05-06 15:14:18.163  1452  5759 I OSUpdateService: Intent with action system_battery_changed
05-06 15:14:18.537   709  5304 I [CT]    : L:Behavior:NearHeadMoving: state transition: TorsoInitialized -> InRange
05-06 15:14:18.715   709  5332 I [CT]    : MANAGEMENT:CONSTELLATION: Status=GREEN,, Obj=4212769887286730484,6DOF=1 (estimated),Issues(Cam/min=  0,IMU/min=0), Obj=7745273921483883046,6DOF=1,FusJit=0.0mm,Issues(Cam/min=  0,IMU/min=0)
05-06 15:14:18.761  5206  5601 I VrApi   : FPS=69,Prd=44ms,Tear=0,Early=0,Stale=9,VSnc=1,Lat=1,Fov=0,CPU4/GPU=3/4,1958/670MHz,OC=FF,TA=0/E0/E0,SP=N/F/F,Mem=1804MHz,Free=1430MB,PSM=0,PLS=0,Temp=31.0C/0.0C,TW=1.26ms,App=13.28ms,GD=0.00ms,CPU&GPU=20.13ms,LCnt=1,GPU%=0.95,CPU%=0.24(W0.37),DSF=1.00
05-06 15:14:18.995   709  5304 I [CT]    : L:Behavior:NearHeadMoving: state transition: InRange -> Init
05-06 15:14:18.996   709  5304 I [CT]    : L:Behavior:NearHeadMoving: state transition: Init -> TorsoInitialized
05-06 15:14:19.173  2150  5361 I TimeWarp: UpdateClockLevels: Apply pending clock request change: 3,4 -> 2,4
05-06 15:14:19.173  2150  5353 I Clocks  : ReleaseClocks - start
05-06 15:14:19.173   713  2968 D         : CPU_CLUSTER_0: No client requests exists, release clocks
05-06 15:14:19.173   713  2968 D         : CPU_CLUSTER_1: No client requests exists, release clocks
05-06 15:14:19.174   713  2968 D         : GPU: No client requests exists, release clocks
05-06 15:14:19.174   713  2968 D         : CPUBW: No client requests exists, release clocks
05-06 15:14:19.175  2150  5353 I Clocks  : ReleaseClocks - end (2.0 ms)
05-06 15:14:19.175  2150  5353 I Clocks  : LockClocks( cpu=2, gpu=4 ) - start
05-06 15:14:19.175  2150  5353 I Clocks  : CPU levels [0, 4]
05-06 15:14:19.176  2150  5353 I Clocks  : GPU levels [0, 5]
05-06 15:14:19.176   713  1227 D         : CPU_CLUSTER_0: Client 2150 sends freq request [21, 21]
05-06 15:14:19.176   713  1227 D         : CPU_CLUSTER_0: Next Perf Level = (21, 21)
05-06 15:14:19.176   713  1227 D         : CPU_CLUSTER_1: Client 2150 sends freq request [18, 18]
05-06 15:14:19.176   713  1227 D         : CPU_CLUSTER_1: Next Perf Level = (18, 18)
05-06 15:14:19.176   713  1227 D         : CPUBW: Client 2150 sends freq request [8, 11]
05-06 15:14:19.176   713  1227 D         : CPUBW: Next Perf Level = (8, 11)
05-06 15:14:19.176   713  1227 D         : GPU: Client 2150 sends freq request [6, 6]
05-06 15:14:19.176   713  1227 D         : GPU: Next Perf Level = (6, 6)
05-06 15:14:19.176  2150  5353 I Clocks  : LockClocks( cpu=2, gpu=4 ) - end (1.5 ms)
05-06 15:14:19.761  5206  5601 I VrApi   : FPS=72,Prd=45ms,Tear=0,Early=0,Stale=0,VSnc=1,Lat=1,Fov=0,CPU4/GPU=3/4,1651/670MHz,OC=FF,TA=0/E0/E0,SP=N/F/F,Mem=1804MHz,Free=1430MB,PSM=0,PLS=0,Temp=31.0C/0.0C,TW=1.24ms,App=13.47ms,GD=0.00ms,CPU&GPU=17.06ms,LCnt=1,GPU%=0.97,CPU%=0.30(W0.41),DSF=1.00
05-06 15:14:20.013   709  5256 I [CT]    : boltlib: DSP utilization(%): 18
05-06 15:14:20.762  5206  5601 I VrApi   : FPS=72,Prd=45ms,Tear=0,Early=0,Stale=0,VSnc=1,Lat=1,Fov=0,CPU4/GPU=2/4,1651/670MHz,OC=FF,TA=0/E0/E0,SP=N/F/F,Mem=1804MHz,Free=1427MB,PSM=0,PLS=0,Temp=31.0C/0.0C,TW=1.26ms,App=13.34ms,GD=0.00ms,CPU&GPU=17.37ms,LCnt=1,GPU%=0.96,CPU%=0.29(W0.38),DSF=1.00
05-06 15:14:21.348   709  5333 I [CT]    : VIPER:MAP_MANAGER: State: TRACKING_PERSISTENT, UUID=d18585e8-d288-4997-b6ff-78495c7eed6a, Num. Persistent maps = 1,  Persistent maps:d18585e8-d288-4997-b6ff-78495c7eed6a,, Ser. Disabled = 00000000-0000-0000-0000-000000000000
05-06 15:14:21.389   709  5333 I [CT]    : VIPER: Status=6DoF,TRACKING,KF=151,Inl=358,Pts=501,Jit=0.3mm,Issues(Cam/min=0.6,IMU/min=0.0),Exp=(8.0ms,g=9.0,I=68)(6.9ms,g=7.0,I=68)(8.0ms,g=9.0,I=71)(6.3ms,g=5.0,I=68)
05-06 15:14:21.763  5206  5601 I VrApi   : FPS=72,Prd=45ms,Tear=0,Early=0,Stale=0,VSnc=1,Lat=1,Fov=0,CPU4/GPU=2/4,1651/670MHz,OC=FF,TA=0/E0/E0,SP=N/F/F,Mem=1804MHz,Free=1431MB,PSM=0,PLS=0,Temp=31.0C/0.0C,TW=1.23ms,App=13.20ms,GD=0.00ms,CPU&GPU=17.27ms,LCnt=1,GPU%=0.95,CPU%=0.31(W0.40),DSF=1.00
05-06 15:14:22.317   709  5332 I [CT]    : MANAGEMENT:CONSTELLATION: Status=GREEN,, Obj=4212769887286730484,6DOF=1 (estimated),Issues(Cam/min=  0,IMU/min=0), Obj=7745273921483883046,6DOF=1,FusJit=0.0mm,Issues(Cam/min=  0,IMU/min=0)
05-06 15:14:22.764  5206  5601 I VrApi   : FPS=72,Prd=45ms,Tear=0,Early=0,Stale=0,VSnc=1,Lat=1,Fov=0,CPU4/GPU=2/4,1651/670MHz,OC=FF,TA=0/E0/E0,SP=N/F/F,Mem=1804MHz,Free=1432MB,PSM=0,PLS=0,Temp=31.0C/0.0C,TW=1.25ms,App=13.39ms,GD=0.00ms,CPU&GPU=17.14ms,LCnt=1,GPU%=0.96,CPU%=0.34(W0.39),DSF=1.00
05-06 15:14:24.068   709  5333 I [CT]    : HealthReport: ==================================================
05-06 15:14:24.068   709  5333 I [CT]    : Health Report
05-06 15:14:24.068   709  5333 I [CT]    : -------------
05-06 15:14:24.068   709  5333 I [CT]    : 
05-06 15:14:24.068   709  5333 I [CT]    : Reporter #1 (InsideOutHealthMonitor) summary:
05-06 15:14:24.068   709  5333 I [CT]    : Camera: Total Dropped: 0.000000, Total Frame Count: 2498 (0.000000%), Camera Reset Count: 0
05-06 15:14:24.068   709  5333 I [CT]    : Camera: Total Single Camera Frame Dropped: 1, Total Frame Count: 2498 (0.040032%)
05-06 15:14:24.068   709  5333 I [CT]    : IMU: Total Dropped: 0.000000, Total Sample Count: 100153 (0.000000%)
05-06 15:14:24.068   709  5333 I [CT]    : Magnetometer: Total Dropped: 0.000000, Total Sample Count: 3005 (0.000000%)
05-06 15:14:24.068   709  5333 I [CT]    : 
05-06 15:14:24.068   709  5333 I [CT]    : Reporter #1 (InsideOutHealthMonitor) Passed
05-06 15:14:24.068   709  5333 I [CT]    : --------------------------------------------------
05-06 15:14:24.068   709  5333 I [CT]    : Reporter #2 (ConstellationHealthMonitor) summary:
05-06 15:14:24.068   709  5333 I [CT]    : Camera: Total Dropped: 0.000000, Total Frame Count: 2499 (0.000000%), Camera Reset Count: 2
05-06 15:14:24.068   709  5333 I [CT]    : Camera: Total Single Camera Frame Dropped: 1, Total Frame Count: 2499 (0.040016%)
05-06 15:14:24.068   709  5333 I [CT]    : Controller 4212769887286730484:
05-06 15:14:24.068   709  5333 I [CT]    : IMU: Capture period exceeded threshold.  Largest period: 5.193600 sec
05-06 15:14:24.068   709  5333 I [CT]    : Controllers may have been sleeping
05-06 15:14:24.068   709  5333 I [CT]    : IMU: Total Dropped: 0.000000, Total Sample Count: 47528.395500 (0.000000%)
05-06 15:14:24.068   709  5333 I [CT]    : Controller 7745273921483883046:
05-06 15:14:24.097  5206  5601 I Telemetry: App memory usage: PSS=732MB DalvikPSS=2 MB
05-06 15:14:24.100  5206  5601 I VrApi   : FPS=72,Prd=45ms,Tear=0,Early=0,Stale=0,VSnc=1,Lat=1,Fov=0,CPU4/GPU=2/4,1651/670MHz,OC=FF,TA=0/E0/E0,SP=N/F/F,Mem=1804MHz,Free=1432MB,PSM=0,PLS=0,Temp=31.0C/0.0C,TW=1.25ms,App=13.42ms,GD=0.00ms,CPU&GPU=17.36ms,LCnt=1,GPU%=0.96,CPU%=0.26(W0.38),DSF=1.00
05-06 15:14:24.762  5206  5601 I VrApi   : FPS=72,Prd=45ms,Tear=0,Early=0,Stale=0,VSnc=1,Lat=1,Fov=0,CPU4/GPU=2/4,1651/670MHz,OC=FF,TA=0/E0/E0,SP=N/F/F,Mem=1804MHz,Free=1431MB,PSM=0,PLS=0,Temp=31.0C/0.0C,TW=1.25ms,App=13.49ms,GD=0.00ms,CPU&GPU=17.33ms,LCnt=1,GPU%=0.97,CPU%=0.25(W0.38),DSF=1.00
05-06 15:14:24.947   709  5333 I [CT]    : VIPER:MAP_MANAGER: State: TRACKING_PERSISTENT, UUID=d18585e8-d288-4997-b6ff-78495c7eed6a, Num. Persistent maps = 1,  Persistent maps:d18585e8-d288-4997-b6ff-78495c7eed6a,, Ser. Disabled = 00000000-0000-0000-0000-000000000000
05-06 15:14:24.988   709  5333 I [CT]    : VIPER: Status=6DoF,TRACKING,KF=151,Inl=353,Pts=501,Jit=0.1mm,Issues(Cam/min=0.6,IMU/min=0.0),Exp=(7.9ms,g=10.0,I=69)(6.7ms,g=8.0,I=68)(7.9ms,g=10.0,I=70)(5.4ms,g=6.0,I=68)
05-06 15:14:25.763  5206  5601 I VrApi   : FPS=72,Prd=45ms,Tear=0,Early=0,Stale=0,VSnc=1,Lat=1,Fov=0,CPU4/GPU=2/4,1651/670MHz,OC=FF,TA=0/E0/E0,SP=N/F/F,Mem=1804MHz,Free=1427MB,PSM=0,PLS=0,Temp=31.0C/0.0C,TW=1.25ms,App=13.50ms,GD=0.00ms,CPU&GPU=17.50ms,LCnt=1,GPU%=0.97,CPU%=0.30(W0.40),DSF=1.00
05-06 15:14:25.917   709  5332 I [CT]    : MANAGEMENT:CONSTELLATION: Status=GREEN,, Obj=4212769887286730484,6DOF=1 (estimated),Issues(Cam/min=  0,IMU/min=0), Obj=7745273921483883046,6DOF=1,FusJit=0.0mm,Issues(Cam/min=  0,IMU/min=0)
05-06 15:14:26.018   709  5256 I [CT]    : boltlib: DSP utilization(%): 17
05-06 15:14:26.093  5206  5225 D UE4     : [GameActivity] Used memory: 749708
05-06 15:14:26.221  2161  5385 I Telemetry: App memory usage: PSS=55MB DalvikPSS=1 MB
05-06 15:14:26.763  5206  5601 I VrApi   : FPS=72,Prd=45ms,Tear=0,Early=0,Stale=0,VSnc=1,Lat=1,Fov=0,CPU4/GPU=2/4,1651/670MHz,OC=FF,TA=0/E0/E0,SP=N/F/F,Mem=1804MHz,Free=1431MB,PSM=0,PLS=0,Temp=31.0C/0.0C,TW=1.21ms,App=13.85ms,GD=0.00ms,CPU&GPU=17.61ms,LCnt=1,GPU%=1.00,CPU%=0.27(W0.36),DSF=1.00
05-06 15:14:27.763  5206  5601 I VrApi   : FPS=72,Prd=44ms,Tear=0,Early=0,Stale=0,VSnc=1,Lat=1,Fov=0,CPU4/GPU=2/4,1651/670MHz,OC=FF,TA=0/E0/E0,SP=N/F/F,Mem=1804MHz,Free=1427MB,PSM=0,PLS=0,Temp=31.0C/0.0C,TW=1.24ms,App=13.55ms,GD=0.00ms,CPU&GPU=23.20ms,LCnt=1,GPU%=0.97,CPU%=0.34(W0.42),DSF=1.00
05-06 15:14:28.548   709  5333 I [CT]    : VIPER:MAP_MANAGER: State: TRACKING_PERSISTENT, UUID=d18585e8-d288-4997-b6ff-78495c7eed6a, Num. Persistent maps = 1,  Persistent maps:d18585e8-d288-4997-b6ff-78495c7eed6a,, Ser. Disabled = 00000000-0000-0000-0000-000000000000
05-06 15:14:28.589   709  5333 I [CT]    : VIPER: Status=6DoF,TRACKING,KF=151,Inl=356,Pts=501,Jit=0.2mm,Issues(Cam/min=0.6,IMU/min=0.0),Exp=(7.4ms,g=10.0,I=70)(6.5ms,g=8.0,I=68)(7.4ms,g=10.0,I=70)(5.6ms,g=6.0,I=69)
05-06 15:14:28.763  5206  5601 I VrApi   : FPS=72,Prd=44ms,Tear=0,Early=0,Stale=0,VSnc=1,Lat=1,Fov=0,CPU4/GPU=2/4,1651/670MHz,OC=FF,TA=0/E0/E0,SP=N/F/F,Mem=1804MHz,Free=1430MB,PSM=0,PLS=0,Temp=31.0C/0.0C,TW=1.23ms,App=13.49ms,GD=0.00ms,CPU&GPU=17.89ms,LCnt=1,GPU%=0.97,CPU%=0.32(W0.38),DSF=1.00
05-06 15:14:29.161   709  5304 I [CT]    : L:Behavior:NearHeadMoving: state transition: TorsoInitialized -> InRange
05-06 15:14:29.516   709  5332 I [CT]    : MANAGEMENT:CONSTELLATION: Status=GREEN,, Obj=4212769887286730484,6DOF=1 (estimated),Issues(Cam/min=  0,IMU/min=0), Obj=7745273921483883046,6DOF=1,FusJit=0.0mm,Issues(Cam/min=  0,IMU/min=0)
05-06 15:14:29.763  5206  5601 I VrApi   : FPS=72,Prd=45ms,Tear=0,Early=0,Stale=0,VSnc=1,Lat=1,Fov=0,CPU4/GPU=2/4,1651/670MHz,OC=FF,TA=0/E0/E0,SP=N/F/F,Mem=1804MHz,Free=1431MB,PSM=0,PLS=0,Temp=31.0C/0.0C,TW=1.21ms,App=14.13ms,GD=0.00ms,CPU&GPU=17.52ms,LCnt=1,GPU%=1.00,CPU%=0.22(W0.35),DSF=1.00
05-06 15:14:30.068   709  5333 I [CT]    : HealthReport: ==================================================
05-06 15:14:30.068   709  5333 I [CT]    : Health Report
05-06 15:14:30.068   709  5333 I [CT]    : -------------
05-06 15:14:30.068   709  5333 I [CT]    : 
05-06 15:14:30.068   709  5333 I [CT]    : Reporter #1 (InsideOutHealthMonitor) summary:
05-06 15:14:30.068   709  5333 I [CT]    : Camera: Total Dropped: 0.000000, Total Frame Count: 2648 (0.000000%), Camera Reset Count: 0
05-06 15:14:30.068   709  5333 I [CT]    : Camera: Total Single Camera Frame Dropped: 1, Total Frame Count: 2648 (0.037764%)
05-06 15:14:30.068   709  5333 I [CT]    : IMU: Total Dropped: 0.000000, Total Sample Count: 106153 (0.000000%)
05-06 15:14:30.068   709  5333 I [CT]    : Magnetometer: Total Dropped: 0.000000, Total Sample Count: 3185 (0.000000%)
05-06 15:14:30.068   709  5333 I [CT]    : 
05-06 15:14:30.068   709  5333 I [CT]    : Reporter #1 (InsideOutHealthMonitor) Passed
05-06 15:14:30.068   709  5333 I [CT]    : --------------------------------------------------
05-06 15:14:30.068   709  5333 I [CT]    : Reporter #2 (ConstellationHealthMonitor) summary:
05-06 15:14:30.068   709  5333 I [CT]    : Camera: Total Dropped: 0.000000, Total Frame Count: 2649 (0.000000%), Camera Reset Count: 2
05-06 15:14:30.068   709  5333 I [CT]    : Camera: Total Single Camera Frame Dropped: 1, Total Frame Count: 2649 (0.037750%)
05-06 15:14:30.068   709  5333 I [CT]    : Controller 4212769887286730484:
05-06 15:14:30.068   709  5333 I [CT]    : IMU: Capture period exceeded threshold.  Largest period: 5.193600 sec
05-06 15:14:30.068   709  5333 I [CT]    : Controllers may have been sleeping
05-06 15:14:30.068   709  5333 I [CT]    : IMU: Total Dropped: 0.000000, Total Sample Count: 50528.528500 (0.000000%)
05-06 15:14:30.068   709  5333 I [CT]    : Controller 7745273921483883046:
05-06 15:14:30.382  2150  5361 I TimeWarp: UpdateClockLevels: Apply pending clock request change: 2,4 -> 3,4
05-06 15:14:30.382  2150  5353 I Clocks  : ReleaseClocks - start
05-06 15:14:30.383   713   713 D         : CPU_CLUSTER_0: No client requests exists, release clocks
05-06 15:14:30.383   713   713 D         : CPU_CLUSTER_1: No client requests exists, release clocks
05-06 15:14:30.383   713   713 D         : GPU: No client requests exists, release clocks
05-06 15:14:30.383   713   713 D         : CPUBW: No client requests exists, release clocks
05-06 15:14:30.384  2150  5353 I Clocks  : ReleaseClocks - end (1.9 ms)
05-06 15:14:30.384  2150  5353 I Clocks  : LockClocks( cpu=3, gpu=4 ) - start
05-06 15:14:30.386  2150  5353 I Clocks  : CPU levels [0, 4]
05-06 15:14:30.386  2150  5353 I Clocks  : GPU levels [0, 5]
05-06 15:14:30.389   713  2969 D         : CPU_CLUSTER_0: Client 2150 sends freq request [21, 21]
05-06 15:14:30.389   713  2969 D         : CPU_CLUSTER_0: Next Perf Level = (21, 21)
05-06 15:14:30.389   713  2969 D         : CPU_CLUSTER_1: Client 2150 sends freq request [22, 22]
05-06 15:14:30.389   713  2969 D         : CPU_CLUSTER_1: Next Perf Level = (22, 22)
05-06 15:14:30.389   713  2969 D         : CPUBW: Client 2150 sends freq request [8, 11]
05-06 15:14:30.389   713  2969 D         : CPUBW: Next Perf Level = (8, 11)
05-06 15:14:30.390   713  2969 D         : GPU: Client 2150 sends freq request [6, 6]
05-06 15:14:30.390   713  2969 D         : GPU: Next Perf Level = (6, 6)
05-06 15:14:30.390  2150  5353 I Clocks  : LockClocks( cpu=3, gpu=4 ) - end (5.5 ms)
05-06 15:14:30.467  1059  1105 E BatteryStatsService: no controller energy info supplied
05-06 15:14:30.478  1059  1105 E BatteryStatsService: no controller energy info supplied
05-06 15:14:30.763  5206  5601 I VrApi   : FPS=71,Prd=45ms,Tear=0,Early=0,Stale=3,VSnc=1,Lat=1,Fov=0,CPU4/GPU=2/4,1958/670MHz,OC=FF,TA=0/E0/E0,SP=N/F/F,Mem=1804MHz,Free=1430MB,PSM=0,PLS=0,Temp=31.0C/0.0C,TW=1.23ms,App=15.52ms,GD=0.00ms,CPU&GPU=20.78ms,LCnt=1,GPU%=0.95,CPU%=0.25(W0.35),DSF=1.00
05-06 15:14:30.883  2150  5361 I TimeWarp: UpdateClockLevels: Apply pending clock request change: 3,4 -> 4,4
05-06 15:14:30.883  2150  5353 I Clocks  : ReleaseClocks - start
05-06 15:14:30.883   713  2968 D         : CPU_CLUSTER_0: No client requests exists, release clocks
05-06 15:14:30.883   713  2968 D         : CPU_CLUSTER_1: No client requests exists, release clocks
05-06 15:14:30.883   713  2968 D         : GPU: No client requests exists, release clocks
05-06 15:14:30.884   713  2968 D         : CPUBW: No client requests exists, release clocks
05-06 15:14:30.885  2150  5353 I Clocks  : ReleaseClocks - end (1.9 ms)
05-06 15:14:30.885  2150  5353 I Clocks  : LockClocks( cpu=4, gpu=4 ) - start
05-06 15:14:30.885  2150  5353 I Clocks  : CPU levels [0, 4]
05-06 15:14:30.885  2150  5353 I Clocks  : GPU levels [0, 5]
05-06 15:14:30.886   713   807 D         : CPU_CLUSTER_0: Client 2150 sends freq request [21, 21]
05-06 15:14:30.886   713   807 D         : CPU_CLUSTER_0: Next Perf Level = (21, 21)
05-06 15:14:30.886   713   807 D         : CPU_CLUSTER_1: Client 2150 sends freq request [26, 26]
05-06 15:14:30.886   713   807 D         : CPU_CLUSTER_1: Next Perf Level = (26, 26)
05-06 15:14:30.886   713   807 D         : CPUBW: Client 2150 sends freq request [8, 11]
05-06 15:14:30.886   713   807 D         : CPUBW: Next Perf Level = (8, 11)
05-06 15:14:30.886   713   807 D         : GPU: Client 2150 sends freq request [6, 6]
05-06 15:14:30.886   713   807 D         : GPU: Next Perf Level = (6, 6)
05-06 15:14:30.886  2150  5353 I Clocks  : LockClocks( cpu=4, gpu=4 ) - end (1.6 ms)
05-06 15:14:31.762  5206  5601 I VrApi   : FPS=63,Prd=44ms,Tear=0,Early=0,Stale=24,VSnc=1,Lat=1,Fov=0,CPU4/GPU=3/4,2304/670MHz,OC=FF,TA=0/E0/E0,SP=N/F/F,Mem=1804MHz,Free=1427MB,PSM=0,PLS=0,Temp=31.0C/0.0C,TW=1.29ms,App=17.34ms,GD=0.00ms,CPU&GPU=24.13ms,LCnt=1,GPU%=0.99,CPU%=0.23(W0.38),DSF=1.00
05-06 15:14:32.017   709  5304 I [CT]    : L:Behavior:NearHeadMoving: state transition: InRange -> Init
05-06 15:14:32.018   709  5304 I [CT]    : L:Behavior:NearHeadMoving: state transition: Init -> TorsoInitialized
05-06 15:14:32.019   709  5256 I [CT]    : boltlib: DSP utilization(%): 17
05-06 15:14:32.149   709  5333 I [CT]    : VIPER:MAP_MANAGER: State: TRACKING_PERSISTENT, UUID=d18585e8-d288-4997-b6ff-78495c7eed6a, Num. Persistent maps = 1,  Persistent maps:d18585e8-d288-4997-b6ff-78495c7eed6a,, Ser. Disabled = 00000000-0000-0000-0000-000000000000
05-06 15:14:32.189   709  5333 I [CT]    : VIPER: Status=6DoF,TRACKING,KF=151,Inl=352,Pts=501,Jit=0.2mm,Issues(Cam/min=0.6,IMU/min=0.0),Exp=(8.5ms,g=10.0,I=75)(6.7ms,g=8.0,I=69)(8.5ms,g=10.0,I=71)(5.6ms,g=6.0,I=68)
05-06 15:14:32.763  5206  5601 I VrApi   : FPS=62,Prd=44ms,Tear=0,Early=0,Stale=33,VSnc=1,Lat=1,Fov=0,CPU4/GPU=4/4,2304/670MHz,OC=FF,TA=0/E0/E0,SP=N/F/F,Mem=1804MHz,Free=1428MB,PSM=0,PLS=0,Temp=31.0C/0.0C,TW=1.22ms,App=14.33ms,GD=0.00ms,CPU&GPU=25.07ms,LCnt=1,GPU%=0.97,CPU%=0.23(W0.33),DSF=1.00
05-06 15:14:33.116   709  5332 I [CT]    : MANAGEMENT:CONSTELLATION: Status=GREEN,, Obj=4212769887286730484,6DOF=1 (estimated),Issues(Cam/min=  0,IMU/min=0), Obj=7745273921483883046,6DOF=1,FusJit=0.0mm,Issues(Cam/min=  0,IMU/min=0)
05-06 15:14:33.359  5206  5224 I InputHooks_Internal: Home Button
05-06 15:14:33.359  5206  5224 I InputHooks_Internal: source is remote, so not setting home key, letting that come from tracking service
05-06 15:14:33.365  2150  2334 I InputManager: HOME BUTTON shared state changed:  hardwar ID 7745273921483883046  UpdateCount: 1 
05-06 15:14:33.380  5206  5600 I InputHooks_Internal: SetHomeButtonDownState hw:  6b7cbd986a24c226 source: 1698898178 time 3602.97
05-06 15:14:33.383  2150  2178 I RecenterTimer: (3602.9705) StartTimer(1.00 0.50)
05-06 15:14:33.516  5206  5224 I InputHooks_Internal: Home Button
05-06 15:14:33.516  5206  5224 I InputHooks_Internal: source is remote, so not setting home key, letting that come from tracking service
05-06 15:14:33.519  2150  2334 I InputManager: HOME BUTTON shared state changed:  hardwar ID 7745273921483883046  UpdateCount: 2 
05-06 15:14:33.537  5206  5600 I InputHooks_Internal: SetHomeButtonUpState hw:  6b7cbd986a24c226 source: 1698898178 time 3603.13
05-06 15:14:33.764  5206  5601 I VrApi   : FPS=67,Prd=44ms,Tear=0,Early=0,Stale=15,VSnc=1,Lat=1,Fov=0,CPU4/GPU=4/4,2304/670MHz,OC=FF,TA=0/E0/E0,SP=N/F/F,Mem=1804MHz,Free=1431MB,PSM=0,PLS=0,Temp=31.0C/0.0C,TW=1.22ms,App=13.68ms,GD=0.00ms,CPU&GPU=23.08ms,LCnt=1,GPU%=0.98,CPU%=0.26(W0.39),DSF=1.00
05-06 15:14:33.794  5206  5600 I SystemUtils_Internal: ovrSystemUtils::StartSystemActivity: confirmQuit (null)
05-06 15:14:33.795  5206  5600 D SystemUtils: Package com.oculus.systemactivities exists on device
05-06 15:14:33.795  5206  5600 I SystemUtils_Internal: Package com.oculus.systemactivities : INSTALLED
05-06 15:14:33.795  5206  5600 I SystemUtils_Internal: Using Anytime UI for cmd: confirmQuit
05-06 15:14:33.795  5206  5600 D SystemUtils: sendBroadcastIntent - action: 'com.oculus.vrshell.intent.action.LAUNCH' data: 'systemux://dialog/exit'intent_pkg: com.YourCompany.ToysGame
05-06 15:14:33.796  5206  5600 D SystemUtils: VR Shell isn't running.
05-06 15:14:33.797  2150  3223 I ScreenCaptureBase: Screen Capture Command:2
05-06 15:14:33.806  1842  1842 D [OAR] ShellControlBroadcastReceiver: onReceive with MainActivity native pointer 3688772976, action com.oculus.vrshell.intent.action.LAUNCH
05-06 15:14:33.808  1842  1842 D [OAR] ShellApplication: ShellEnv is backgrounded or not running.
05-06 15:14:33.808  1842  1842 D [OAR] BroadcastReceiverHelpers: Data URI is systemux://dialog/exit
05-06 15:14:33.813  1059  1481 I ActivityManager: START u0 {act=com.oculus.vrshell.intent.action.LAUNCH flg=0x10000000 pkg=com.oculus.vrshell cmp=com.oculus.vrshell/.MainActivity (has extras)} from uid 10028 on display 0
05-06 15:14:33.818  5206  5224 D UE4     : [2020.05.06-13.14.33:818][411]LogAndroid: Case APP_CMD_LOST_FOCUS
05-06 15:14:33.818  5206  5224 D UE4     : LogAndroidEvents::EnqueueAppEvent : 10, [width=-1, height=-1], tid = 5224, APP_EVENT_STATE_WINDOW_LOST_FOCUS
05-06 15:14:33.819  5206  5206 D UE4     : [GameActivity] onPause: stop memory reporter runnable
05-06 15:14:33.819  5206  5206 D UE4     : [GameActivity] Unregistering sensor listeners
05-06 15:14:33.819  5206  5223 D UE4     : [2020.05.06-13.14.33:819][411]LogAndroidEvents: Display: LogAndroidEvents::DequeueAppEvent : 10, [width=-1, height=-1], APP_EVENT_STATE_WINDOW_LOST_FOCUS
05-06 15:14:33.819  5206  5223 D UE4     : FAppEventManager::Tick processing, 10
05-06 15:14:33.819  5206  5224 D UE4     : Case APP_CMD_PAUSE
05-06 15:14:33.819  5206  5224 D UE4     : [2020.05.06-13.14.33:819][411]LogAndroid: Case APP_CMD_PAUSE
05-06 15:14:33.819  5206  5224 D UE4     : LogAndroidEvents::EnqueueAppEvent : 6, [width=-1, height=-1], tid = 5224, APP_EVENT_STATE_ON_PAUSE
05-06 15:14:33.819  5206  5224 D UE4     : [2020.05.06-13.14.33:819][411]LogAndroid: event thread, suspending app, acquiring HW window lock.
05-06 15:14:33.819  5206  5224 D UE4     : LogAndroidEvents::EnqueueAppEvent : 15, [width=-1, height=-1], tid = 5224, APP_EVENT_RUN_CALLBACK
05-06 15:14:33.819  5206  5224 D UE4     : [2020.05.06-13.14.33:819][411]LogAndroid: AndroidEGL::  SuspendApp_EventThread, waiting for event manager to process. tid: 5224
05-06 15:14:33.819  5206  5206 D UE4     : [GameActivity] ==============> GameActive.onPause complete!
05-06 15:14:33.824  5206  5223 D UE4     : [2020.05.06-13.14.33:823][412]LogAndroidEvents: Display: LogAndroidEvents::DequeueAppEvent : 6, [width=-1, height=-1], APP_EVENT_STATE_ON_PAUSE
05-06 15:14:33.824  5206  5223 D UE4     : FAppEventManager::Tick processing, 6
05-06 15:14:33.824  5206  5223 D UE4     : [2020.05.06-13.14.33:824][412]LogVulkanRHI: FVulkanPipelineStateCacheManager: skipped saving because we only save if the PSOFC based one failed to load.
05-06 15:14:33.824  5206  5223 D UE4     : [2020.05.06-13.14.33:824][412]LogAndroidEvents: Display: LogAndroidEvents::DequeueAppEvent : 15, [width=-1, height=-1], APP_EVENT_RUN_CALLBACK
05-06 15:14:33.824  5206  5223 D UE4     : FAppEventManager::Tick processing, 15
05-06 15:14:33.824  5206  5223 D UE4     : [2020.05.06-13.14.33:824][412]LogAndroidEvents: Display: Event thread callback running.
05-06 15:14:33.824  5206  5223 D UE4     : [2020.05.06-13.14.33:824][412]LogAndroid: performing app backgrounding callback. 0x7f4f67f180
05-06 15:14:33.834  2150  5361 V Appshot : Appshot client set to com.YourCompany.ToysGame
05-06 15:14:33.834  2150  5361 I CaptureSurfaceManager: Capture NativeWindow: 768 x 768 fmt 1
05-06 15:14:33.835  2150  5361 I CaptureSurfaceManager: Surface Size 768x768
05-06 15:14:33.838  2150  5361 I Distortion: SetLensPositions - iad=0.063, left offset=0.000250001,0, right offset=-0.000250001,0
05-06 15:14:33.838  2150  5361 I DistortionMesh: LoadDistortionMeshFromMemory
05-06 15:14:33.839  2150  5361 I TimeWarpProgs: loaded binary layerProgram 2:0x8087:0x0 in 0.7 ms
05-06 15:14:33.842  1789  1923 E Parcel  : Reading a NULL string not supported here.
05-06 15:14:33.842  1789  3508 E Parcel  : Reading a NULL string not supported here.
05-06 15:14:33.842  1789  1806 E Parcel  : Reading a NULL string not supported here.
05-06 15:14:33.843  1789  3508 D AudioRecord: updateAppOpsRecordAudio: checkOp OP_RECORD_AUDIO for com.oculus.horizon returns: 0 (ALLOWED)
05-06 15:14:33.843  1789  1806 D AudioRecord: updateAppOpsRecordAudio: checkOp OP_RECORD_AUDIO for com.oculus.horizon returns: 0 (ALLOWED)
05-06 15:14:33.844  1789  1923 D AudioRecord: updateAppOpsRecordAudio: checkOp OP_RECORD_AUDIO for com.oculus.horizon returns: 0 (ALLOWED)
05-06 15:14:33.845  1789  1922 E Parcel  : Reading a NULL string not supported here.
05-06 15:14:33.845  1789  1921 E Parcel  : Reading a NULL string not supported here.
05-06 15:14:33.845  1789  4607 E Parcel  : Reading a NULL string not supported here.
05-06 15:14:33.846  1789  1921 D AudioRecord: updateAppOpsRecordAudio: checkOp OP_RECORD_AUDIO for com.oculus.horizon returns: 0 (ALLOWED)
05-06 15:14:33.846  1789  1922 D AudioRecord: updateAppOpsRecordAudio: checkOp OP_RECORD_AUDIO for com.oculus.horizon returns: 0 (ALLOWED)
05-06 15:14:33.847  5206  5254 E Parcel  : Reading a NULL string not supported here.
05-06 15:14:33.848  1789  4607 D AudioRecord: updateAppOpsRecordAudio: checkOp OP_RECORD_AUDIO for com.oculus.horizon returns: 0 (ALLOWED)
05-06 15:14:33.850  5206  5254 D AudioTrack: updateAppOpsPlayAudio: checkOp OP_PLAY_AUDIO for com.YourCompany.ToysGame returns: 1 (IGNORED)
05-06 15:14:33.851  5206  5254 I AudioTrack: updateAppOpsPlayAudio: pausing audio thread
05-06 15:14:33.852  5206  5254 E Parcel  : Reading a NULL string not supported here.
05-06 15:14:33.853  5206  5254 D AudioTrack: updateAppOpsPlayAudio: checkOp OP_PLAY_AUDIO for com.YourCompany.ToysGame returns: 1 (IGNORED)
05-06 15:14:33.854  5206  5254 E Parcel  : Reading a NULL string not supported here.
05-06 15:14:33.854  2150  5366 V Appshot : SendAppshotToShell
05-06 15:14:33.866  1842  1842 D [OAR] MainActivity: onNewIntent()
05-06 15:14:33.866  1842  1917 I [OAR] ShellApp: 0xcb53e358 msg: intent
05-06 15:14:33.866  1842  1917 I [OAR] SystemUXController: System UX, targetComponent = systemux://dialog/exit, uri = , returnComponent = com.YourCompany.ToysGame/com.epicgames.ue4.GameActivity
05-06 15:14:33.866  1842  1917 I [OAR] DialogControllerManager: Dialog parsed URI, scheme = systemux, host = dialog, path = exit
05-06 15:14:33.866  1842  1917 I [OAR] DialogControllerManager: Queuing pending dialog systemux://dialog/exit - command uri systemux://dialog/exit
05-06 15:14:33.866  1842  1917 I [OAR] SystemUXController: Registering pending Dialog launch for 10 - overwriting existing launch? false.
05-06 15:14:33.867  1842  1842 D [OAR] MainActivity: onResume()
05-06 15:14:33.873  1842  1917 I [OAR] ShellApp: 0xcb53e358 msg: resume
05-06 15:14:33.885  1842  1842 D [OAR] MainActivity: com.oculus.vrshell.MainActivity@e786d2e surfaceCreated()
05-06 15:14:33.885  1842  1842 I [OAR] ShellMain:     looperMessageQueue->PostPrintf("surfaceCreated 0xda1c0008")
05-06 15:14:33.885  1842  1842 D [OAR] MainActivity: com.oculus.vrshell.MainActivity@e786d2e surfaceChanged() format: 4 width: 2880 height: 1600
05-06 15:14:33.885  1842  1842 I [OAR] ShellMain:     ANativeWindow_release(newNativeWindow)
05-06 15:14:33.885  1842  1917 I [OAR] ShellApp: 0xcb53e358 msg: surfaceCreated 0xda1c0008
05-06 15:14:33.885  1842  1917 I [OAR] ShellApp: ---------- ShellApp::EnterVrMode() ----------
05-06 15:14:33.885  1842  1917 I [OAR] VrPlatformVrApi: vrapi_EnterVrMode()
05-06 15:14:33.885  1842  1917 I VrApi   : ---------- vrapi_EnterVrMode [start] ----------
05-06 15:14:33.885  1842  1917 I VrRuntimeClient: Tracing is disabled
05-06 15:14:33.886  5206  5605 D UE4     : *** JavaEnvDestructor: 5605
05-06 15:14:33.887  1842  1917 D VrApi   : targetSDKVersion 27
05-06 15:14:33.890  1842  1917 I VrRuntimeClient: DEVICE MODEL NUMBER = Quest
05-06 15:14:33.890  1842  1917 I VrRuntimeClient: DEVICE HARDWARE = monterey
05-06 15:14:33.890  1842  1917 I VrRuntimeClient: DEVICE BUILD NAME = user-602380.24900.0
05-06 15:14:33.890  1842  1917 I VrRuntimeClient: DEVICE BUILD TYPE = user
05-06 15:14:33.890  1842  1917 I VrRuntimeClient: DEVICE OS VERSION = 7.1.1
05-06 15:14:33.890  1842  1917 I VrRuntimeClient: VRRUNTIME VERSION = VRAPI_VERSION_BEGIN { 1.1.33.0-210938873-210938873 Apr 24 2020 16:11:35 Development } RELEASE
05-06 15:14:33.890  1842  1917 I VrRuntimeClient: API LOADER VERSION = 1.1.30.0
05-06 15:14:33.890  1842  1917 I VrRuntimeClient: VRDRIVER VERSION = 16.0.0.141.450
05-06 15:14:33.890  1842  1917 I VrRuntimeClient: APP NAME = Oculus App Runtime
05-06 15:14:33.890  1842  1917 I VrRuntimeClient: APP VERSION = 16.0.0.139.450 versionCode 210946745 internalVersionName 16.0.0.139.450.670c400f6e52 2020_04_24_17_36
05-06 15:14:33.890  1842  1917 I VrRuntimeClient: APP VR TYPE = vr_only
05-06 15:14:33.890  1842  1917 I VrRuntimeClient: APP PACKAGE NAME = com.oculus.vrshell
05-06 15:14:33.890  1842  1917 I VrRuntimeClient: APP ACTIVITY CLASS = com.oculus.vrshell.MainActivity
05-06 15:14:33.890  1842  1917 D BatteryReceiver: Registering battery receiver
05-06 15:14:33.898  1842  1917 D HeadsetReceiver: getCurrentHeadsetState: false
05-06 15:14:33.898  1842  1917 I DeviceStatus_Android: nativeHeadsetEvent(0)
05-06 15:14:33.901  1842  1917 I VrRuntimeClient: DEADRECKONING SetControllerTrackingExtendedDeadreckoning 0
05-06 15:14:33.901  1842  1917 D InputHooksJava: Enabling Java Input Hooks
05-06 15:14:33.901  1842  1917 I InputDeviceManager: ovrInputDeviceManager::Initialize
05-06 15:14:33.901  1842  1917 I InputDeviceManager: HANDTRACKING packagename is com.oculus.vrshell
05-06 15:14:33.902  1842  1917 W InputDeviceManager: HANDTRACKING: Deprecated Manifest Permission request for com.oculus.vrshell please update to 'com.oculus.permission.HAND_TRACKING'
05-06 15:14:33.902  1842  1917 I InputDeviceManager: HANDTRACKING: Manifest Permission request for com.oculus.vrshell
05-06 15:14:33.903  1842  1917 I InputDeviceManager: HANDTRACKING:  'com.oculus.vrshell' Is hands or controller.
05-06 15:14:33.903  1842  1917 I InputDeviceManager: HANDTRACKING: feature flag set to 2
05-06 15:14:33.903  1842  1917 I VrRuntimeClient: HANDTRACKING sethandmanifest 2
05-06 15:14:33.906  2150  2455 I ScreenCaptureBase: GlobalInhibitState=0
05-06 15:14:33.907  1842  1917 D TrackingServiceConnectionNative: onClientConnect
05-06 15:14:33.907  1842  1917 D BinderConnection: Connecting to TrackingService
05-06 15:14:33.907  1842  1917 D TrackingServiceConnectionNative: onConnected
05-06 15:14:33.908  2150  2150 D VrRuntimeService: onFocusedWindowChanged: focusedWindowToken=android.os.BinderProxy@9be36d9, focusedWindowUid=10028
05-06 15:14:33.908  2150  2150 W ClientMgr: ClientMgr::SetPrimaryCompositorClient: No active client
05-06 15:14:33.908  2150  2150 I VrRuntimeServer: SetCompositorClientEnabled client(0): enabled(0) 0x0
05-06 15:14:33.909   709   796 I TrackingService: TrackingService::getSharedMemoryFileDescriptor
05-06 15:14:33.910  1842  1917 I TrackingServiceClient: OVR::TrackingService::ClientSetInterface
05-06 15:14:33.910  1842  1917 I TrackingServiceClient: TrackingService client: roFd(92)
05-06 15:14:33.910  1842  1917 I TrackingServiceClient: TrackingService client: connected to interface version 11.
05-06 15:14:33.910  1842  1917 I TrackingServiceClient: TrackingService client: last prediction time is 0.004653 seconds old
05-06 15:14:33.910  1842  1917 I TrackingServiceClient: TrackingService client: provided by pid=709
05-06 15:14:33.913   709   796 I TrackingService: TrackingService::registerClient
05-06 15:14:33.913   709   796 I TrackingService: Registering client with TrackingServiceHost
05-06 15:14:33.914   709   796 I TrackingService: Notifying client pid 1842 of new remote 6b7cbd986a24c226
05-06 15:14:33.914  1842  1917 D TrackingServiceClient: TrackingServiceClient onRemoteConnected 6b7cbd986a24c226
05-06 15:14:33.914   709   796 I TrackingService: Notifying client pid 1842 of new remote 3a76c3e46c301ef4
05-06 15:14:33.914  1842  1917 D TrackingServiceClient: TrackingServiceClient onRemoteConnected 3a76c3e46c301ef4
05-06 15:14:33.914   709   796 I TrackingService: TrackingServiceHost GetSharedMemoryFileDescriptor for client pid 1842
05-06 15:14:33.914   709   796 I TrackingService: TrackingServiceHost registered common client; there are 0 secure clients
05-06 15:14:33.914  1842  1917 I TrackingServiceClient: ClientConnectComplete
05-06 15:14:33.915  1842  1917 I VrApi   : ovrModeParms::VRAPI_MODE_FLAG_RESET_WINDOW_FULLSCREEN = 1
05-06 15:14:33.915  1842  1917 I VrApi   : ovrModeParms::VRAPI_MODE_FLAG_NATIVE_WINDOW = 1
05-06 15:14:33.915  1842  1917 I VrApi   : ovrModeParms::VRAPI_MODE_FLAG_FRONT_BUFFER_PROTECTED = 0
05-06 15:14:33.915  1842  1917 I VrApi   : ovrModeParms::VRAPI_MODE_FLAG_FRONT_BUFFER_565 = 0
05-06 15:14:33.915  1842  1917 I VrApi   : ovrModeParms::VRAPI_MODE_FLAG_FRONT_BUFFER_SRGB = 1
05-06 15:14:33.915  1842  1917 I VrApi   : ovrModeParms::VRAPI_MODE_FLAG_CREATE_CONTEXT_NO_ERROR = 0
05-06 15:14:33.915  1842  1917 I VrApi   : HMD sensor attached.
05-06 15:14:33.915  1842  1917 I VrApi   : Client side frame sync enabled
05-06 15:14:33.916  1842  1917 I DynamicClocks: cpu-freq(0): 979200Hz
05-06 15:14:33.916  1842  1917 I DynamicClocks: cpu-freq(1): 1344000Hz
05-06 15:14:33.916  1842  1917 I DynamicClocks: cpu-freq(2): 1651200Hz
05-06 15:14:33.916  1842  1917 I DynamicClocks: cpu-freq(3): 1958400Hz
05-06 15:14:33.916  1842  1917 I DynamicClocks: cpu-freq(4): 2304000Hz
05-06 15:14:33.916  1842  1917 I DynamicClocks: gpu-freq(0): 257000000Hz
05-06 15:14:33.916  1842  1917 I DynamicClocks: gpu-freq(1): 342000000Hz
05-06 15:14:33.916  1842  1917 I DynamicClocks: gpu-freq(2): 414000000Hz
05-06 15:14:33.916  1842  1917 I DynamicClocks: gpu-freq(3): 515000000Hz
05-06 15:14:33.916  1842  1917 I DynamicClocks: gpu-freq(4): 670000000Hz
05-06 15:14:33.916  1842  1917 I DynamicClocks: gpu-freq(5): 710000000Hz
05-06 15:14:33.916  1842  1917 D VrRuntimeClient: pokeGuardianUserServiceForThisClient: com.oculus.vrshell:10028
05-06 15:14:33.919  2150  5361 I Clocks  : SetSchedFifo( tid=5223, pri=0 ) succeeded
05-06 15:14:33.920  2150  5361 I Clocks  : SetSchedFifo( tid=5614, pri=0 ) succeeded
05-06 15:14:33.921  2161  2161 D VrGuardianUserService: onStartCommandIntent { act=FOREGROUND_CLIENT cmp=com.oculus.systemdriver/com.oculus.vrguardianservice.VrGuardianUserService (has extras) }
05-06 15:14:33.922  2150  5361 I Clocks  : SetSchedFifo( tid=5616, pri=0 ) succeeded
05-06 15:14:33.922  1842  1917 D VrRuntimeClient: VrRuntimeClient: enableRendering: activity client
05-06 15:14:33.922  1842  1917 D VrRuntimeClient: VrRuntimeClient: enableRendering: Using clientWindow=android.os.BinderProxy@da4c2af
05-06 15:14:33.923  2150  5361 I Clocks  : SetSchedFifo( tid=2365, pri=0 ) succeeded
05-06 15:14:33.924  2150  2150 W ClientMgr: ClientMgr::SetFocusedClient: No focused client
05-06 15:14:33.924  2150  2150 I TimeWarp: ReleaseClockLevels
05-06 15:14:33.924  2150  2334 I VrRuntimeServer: SetCompositorClientEnabled client(2): enabled(1) 0x7f9af340e8
05-06 15:14:33.925  2150  2172 I ClientMgr: ClientMgr::SetPrimaryCompositorClient: com.oculus.vrshell
05-06 15:14:33.925  2150  2172 I VrRuntimeServer: SetCompositorClientEnabled client(0): enabled(1) 0x7f93a0b010
05-06 15:14:33.925  2150  2172 I ClientMgr: ClientMgr::SetFocusedClient: com.oculus.vrshell type 0
05-06 15:14:33.925  2150  2172 D VrRuntimeService: this client: 1842:com.oculus.vrshell
05-06 15:14:33.925  2150  2172 D VrRuntimeService: enableRendering: clientWindow: android.os.BinderProxy@9be36d9 enable: true
05-06 15:14:33.925  2150  2172 I ClientMgr: ClientMgr::EnableRendering 1842:com.oculus.vrshell : type 0 : enable
05-06 15:14:33.925  2150  2172 I VrRuntimeServer: SetCompositorClientEnabled client(0): enabled(1) 0x7f93a0b010
05-06 15:14:33.925  2150  2172 I TimeWarp: CheckDebuggerConnected: debugger 0
05-06 15:14:33.926  1842  1917 I VrRuntimeClient: CreateWarp: ImportGles: Fd=64, BufferSize=4096, AllocSize=9028
05-06 15:14:33.926  1842  1917 I VrRuntimeClient: CreateWarp: ImportGles: bo.Gl.BufferId=352, bo.Gl.MemoryObject=37
05-06 15:14:33.926  2161  2225 I GuardianSystem: rsapi_PollEvent: rsEventPackageNameChange: com.oculus.vrshell
05-06 15:14:33.926  2161  2225 I GuardianSystem: SetCurrentPackageName: com.oculus.vrshell, previous PackageName: com.YourCompany.ToysGame
05-06 15:14:33.927  1842  1917 I ScreenCaptureHelper: Advertising com.oculus.vrshell as streamable
05-06 15:14:33.932  2150  5361 I TimeWarp: UpdateClockLevels: Force releasing clocks
05-06 15:14:33.932  2150  5361 I TimeWarp: UpdateClockLevels: Apply pending clock request change: 4,4 -> -1,-1
05-06 15:14:33.932  2150  5353 I Clocks  : ReleaseClocks - start
05-06 15:14:33.933  1842  1917 I VrApi   : OVR::Stats thread started
05-06 15:14:33.933  1842  1917 I VrApi   : ---------- vrapi_EnterVrMode [end] ----------
05-06 15:14:33.933  1842  1917 I ClientInputSettings: SetInhibitHandleHomeKey = true
05-06 15:14:33.933  1842  1917 I ClientInputSettings: InhibitConfirmQuitMenu = true
05-06 15:14:33.933  1842  1917 I ClientInputSettings: ReorientHMDOnControllerRecenter = true
05-06 15:14:33.933  1842  1917 I [OAR] ShellApp: Setting clock levels to cpu=2, gpu=4
05-06 15:14:33.933  1842  1917 I [OAR] VrPlatformVrApi: Setting perf thread tids to main=1917, render=unset
05-06 15:14:33.933  1842  1917 I [OAR] ShellApp: Setting perf thread tids to main=1917, render=unset
05-06 15:14:33.933  1842  1917 I [OAR] Compositor: Initializing Compositor: 1216x1344
05-06 15:14:33.933  1842  1917 I [OAR] ShellApp: FramebufferIsSrgb: true
05-06 15:14:33.935  1842  1917 I libOpenSLES: Emulating old channel mask behavior (ignoring positional mask 0x3, using default mask 0x3 based on channel count of 2)
05-06 15:14:33.935   545   600 I AudioPolicyManagerCustom: offload disabled by audio.offload.disable=1
05-06 15:14:33.935   545   600 I AudioPolicyManagerCustom: Direct PCM is disabled for this request
05-06 15:14:33.936   713   713 D         : CPU_CLUSTER_0: No client requests exists, release clocks
05-06 15:14:33.936   713   713 D         : CPU_CLUSTER_1: No client requests exists, release clocks
05-06 15:14:33.936  2150  2334 I ClientMgr: Non-overlay clients rendering status has changed: prev=31, curr=32, enabled=2
05-06 15:14:33.937   713   713 D         : GPU: No client requests exists, release clocks
05-06 15:14:33.937   545   545 W AudioFlinger: createTrack_l(): mismatch between requested flags (00000104) and output flags (00000006)
05-06 15:14:33.938  2150  5361 W TimeWarp: WarpToScreen: No completed frames to display for client 0. submittedFrameIndex = 7446
05-06 15:14:33.941   713   713 D         : CPUBW: No client requests exists, release clocks
05-06 15:14:33.946  2150  5361 I TimeWarp: UpdateClockLevels: Apply pending clock request change: -1,-1 -> 4,4
05-06 15:14:33.949  1842  1917 D AudioTrack: Client defaulted notificationFrames to 192 for frameCount 384
05-06 15:14:33.950  2150  2334 I ClientMgr: DEADRECKONING deadReckoning mode on ClientMgr from server is 0
05-06 15:14:33.952  2150  5361 W TimeWarp: WarpToScreen: No completed frames to display for client 0. submittedFrameIndex = 7446
05-06 15:14:33.957  2150  5353 I Clocks  : ReleaseClocks - end (24.7 ms)
05-06 15:14:33.957  2150  5353 I Clocks  : LockClocks( cpu=4, gpu=4 ) - start
05-06 15:14:33.958  1842  5789 D VrApi   : targetSDKVersion 27
05-06 15:14:33.958  1842  1917 D AudioTrack: updateAppOpsPlayAudio: checkOp OP_PLAY_AUDIO for com.oculus.vrshell returns: 0 (ALLOWED)
05-06 15:14:33.959   545   586 W AudioFlinger: checkEffectCompatibility_l(): non HW effect Volume listener for Music on playback thread in fast mode
05-06 15:14:33.959   545   586 E AudioEffect: set(): AudioFlinger could not create effect, status: -22
05-06 15:14:33.959   545   586 E AudioPolicyEffects: addOutputSessionEffects(): failed to create Fx  music_helper on session 257
05-06 15:14:33.959  1842  5789 I JniUtils: ovr_GetCurrentPackageSignature 
05-06 15:14:33.960  1842  1917 I [OAR] VrShellDesktopBase: Foreground desktop
05-06 15:14:33.960  1842  1917 I [OAR] SystemUXController: Recentering for launch - SystemDialog, com.YourCompany.ToysGame, com.YourCompany.ToysGame/com.epicgames.ue4.GameActivity
05-06 15:14:33.960  1842  1917 I [OAR] LocalSpace: ResetNextFrame
05-06 15:14:33.960  2150  5353 I Clocks  : CPU levels [0, 4]
05-06 15:14:33.960  2150  5353 I Clocks  : GPU levels [0, 5]
05-06 15:14:33.961  1842  5789 I Metrics : device name = Oculus Quest
05-06 15:14:33.963  5206  5603 D UE4     : *** JavaEnvDestructor: 5603
05-06 15:14:33.965  5206  5604 D UE4     : *** JavaEnvDestructor: 5604
05-06 15:14:33.965  5206  5602 D UE4     : *** JavaEnvDestructor: 5602
05-06 15:14:33.966  2150  5361 W TimeWarp: WarpToScreen: No completed frames to display for client 0. submittedFrameIndex = 7446
05-06 15:14:33.966   713  2968 D         : CPU_CLUSTER_0: Client 2150 sends freq request [21, 21]
05-06 15:14:33.966   713  2968 D         : CPU_CLUSTER_0: Next Perf Level = (21, 21)
05-06 15:14:33.966   713  2968 D         : CPU_CLUSTER_1: Client 2150 sends freq request [26, 26]
05-06 15:14:33.966   713  2968 D         : CPU_CLUSTER_1: Next Perf Level = (26, 26)
05-06 15:14:33.966   713  2968 D         : CPUBW: Client 2150 sends freq request [8, 11]
05-06 15:14:33.967   713  2968 D         : CPUBW: Next Perf Level = (8, 11)
05-06 15:14:33.967   713  2968 D         : GPU: Client 2150 sends freq request [6, 6]
05-06 15:14:33.967   713  2968 D         : GPU: Next Perf Level = (6, 6)
05-06 15:14:33.970  1842  1917 D [OAR] ShellApplication: Broadcast intent com.oculus.assistant.ASSISTANT_PANEL_AVAILABILITY status: 2, mode: 1
05-06 15:14:33.972  2150  5353 I Clocks  : LockClocks( cpu=4, gpu=4 ) - end (11.7 ms)
05-06 15:14:33.972  1842  1917 D [OAR] ShellApplication: Broadcast intent com.oculus.assistant.ASSISTANT_PANEL_AVAILABILITY status: 1, mode: 1
05-06 15:14:33.972  1842  1917 I [OAR] InputManager: Adding controller deviceId = 536870914 type = 4
05-06 15:14:33.973  1842  5790 I [OAR] AudioEngine: PlayTimeOffset = 3603.562277
05-06 15:14:33.976  2150  5366 D Appshot : broadcastImageToShell intent_pkg: com.YourCompany.ToysGame jpg_size: 39496
05-06 15:14:33.976  1842  1917 I [OAR] ModelFile: LoadModelFileFromMemory .gltf.ovrscene 694993
05-06 15:14:33.977  1842  1917 I [OAR] ModelFile: LoadModelFileFromMemory zfp = 0xb3229300
05-06 15:14:33.980  2119  2229 E Security-LocalReporter: UID '10043' is shared by multiple packages: [com.oculus.home, com.oculus.horizon]
05-06 15:14:33.980  3019  3019 D [OAR] AnytimeUIBroadcastReceiver: action: com.oculus.vrshell.intent.action.UPDATE_APP_SCREENSHOT
05-06 15:14:33.980  2150  5361 W TimeWarp: WarpToScreen: No completed frames to display for client 0. submittedFrameIndex = 7446
05-06 15:14:33.980  3019  3019 D [OAR] HomeDialog: screenshot update package: com.YourCompany.ToysGame size: 39496
05-06 15:14:33.992  1842  1917 I [OAR] ModelFile_glTF: LoadModelFile_glTF_Json parsing .gltf.ovrscene
05-06 15:14:33.994  1842  1917 I [OAR] InputManager: Adding controller deviceId = 536870915 type = 4
05-06 15:14:33.994  2150  5361 W TimeWarp: WarpToScreen: No completed frames to display for client 0. submittedFrameIndex = 7446
