--------- beginning of system
05-05 15:22:44.886  1061  1558 I ActivityManager: START u0 {flg=0x10000000 cmp=com.YourCompany.ToysGame/com.epicgames.ue4.GameActivity} from uid 2000 on display 0
05-05 15:22:44.907  1061  1558 I ActivityManager: Start proc 9037:com.YourCompany.ToysGame/u0a87 for activity com.YourCompany.ToysGame/com.epicgames.ue4.GameActivity
05-05 15:22:47.901  1061  1218 E TaskPersister: File error accessing recents directory (directory doesn't exist?).
05-05 15:23:32.185  1061  1605 I PowerManagerService: Waking up from sleep (uid 1000)...
05-05 15:23:32.186  1061  1131 I DisplayPowerController: Blocking screen on until initial contents have been drawn.
05-05 15:23:32.223  1061  1129 I DisplayManagerService: Display device changed state: "Built-in Screen", ON
05-05 15:23:32.395  1485  9191 W ContextImpl: Calling a method in the system process without a qualified user: android.app.ContextImpl.sendBroadcast:877 android.content.ContextWrapper.sendBroadcast:421 com.facebook.analytics2.logger.UploadServiceBus.signalJobRan:60 com.facebook.analytics2.logger.UploadJobHandler.exitStateMachine:267 com.facebook.analytics2.logger.UploadJobHandler.handleMessage:97 
05-05 15:23:32.554  1061  1131 I DisplayPowerController: Unblocked screen on after 368 ms
05-05 15:23:34.676  1061  1532 I ActivityManager: START u0 {act=android.intent.action.MAIN cat=[android.intent.category.LAUNCHER] flg=0x10000000 pkg=com.oculus.vrshell cmp=com.oculus.vrshell/.MainActivity (has extras)} from uid 10087 on display 0
05-05 15:23:38.405  1061  1577 I ActivityManager: START u0 {act=android.intent.action.MAIN cat=[android.intent.category.LAUNCHER] flg=0x10030000 pkg=com.YourCompany.ToysGame cmp=com.YourCompany.ToysGame/com.epicgames.ue4.GameActivity (has extras)} from uid 10028 on display 0
05-05 15:23:38.724  1061  1484 W InputMethodManagerService: Focus gain on non-focused client com.android.internal.view.IInputMethodClient$Stub$Proxy@1e2cfb5 (uid=10087 pid=9037)
05-05 15:23:38.759  1061  8543 I ActivityManager: Activity reported stop, but no longer stopping: ActivityRecord{d48eca0 u0 com.YourCompany.ToysGame/com.epicgames.ue4.GameActivity t39} RESUMED
05-05 15:23:40.480  1485  9375 W ContextImpl: Calling a method in the system process without a qualified user: android.app.ContextImpl.sendBroadcast:877 android.content.ContextWrapper.sendBroadcast:421 com.facebook.analytics2.logger.UploadServiceBus.signalJobRan:60 com.facebook.analytics2.logger.UploadJobHandler.exitStateMachine:267 com.facebook.analytics2.logger.UploadJobHandler.handleMessage:97 
05-05 15:23:41.430  1061  1218 E TaskPersister: File error accessing recents directory (directory doesn't exist?).
--------- beginning of main
05-05 15:23:57.108   715  9200 I [CT]    : AdHocPatch: [Left] t = 24.922s, behavior transition: AtRest -> None at 24.971s
05-05 15:23:57.117  2129  2375 W VrApi   : ovr_SubmitFrameInternal: FrameIndex discontinuity: Expected 32198, Received 32200
05-05 15:23:57.157   715  9200 I [CT]    : L:Behavior:AtRest: activated
05-05 15:23:57.157   715  9200 I [CT]    : AdHocPatch: [Left] t = 24.972s, behavior transition: None -> AtRest at 25.021s
05-05 15:23:57.160  2129  2185 I GuardianSystem: UpdateGuardianSystemState: Flags changed: 532480, 524288
05-05 15:23:57.171   715  9200 I [CT]    : L:Behavior:AtRest: deactivated
05-05 15:23:57.172   715  9200 I [CT]    : AdHocPatch: [Left] t = 24.986s, behavior transition: AtRest -> None at 25.035s
05-05 15:23:57.175  2129  2185 I GuardianSystem: UpdateGuardianSystemState: Flags changed: 524288, 532480
05-05 15:23:57.185   715  9200 I [CT]    : L:Behavior:AtRest: activated
05-05 15:23:57.185   715  9200 I [CT]    : AdHocPatch: [Left] t = 25.000s, behavior transition: None -> AtRest at 25.049s
05-05 15:23:57.189  2129  2185 I GuardianSystem: UpdateGuardianSystemState: Flags changed: 532480, 524288
05-05 15:23:57.199   715  9200 I [CT]    : L:Behavior:AtRest: deactivated
05-05 15:23:57.199   715  9200 I [CT]    : AdHocPatch: [Left] t = 25.014s, behavior transition: AtRest -> None at 25.063s
05-05 15:23:57.202  2129  2185 I GuardianSystem: UpdateGuardianSystemState: Flags changed: 524288, 532480
05-05 15:23:57.211   715  9200 I [CT]    : L:Behavior:AtRest: activated
05-05 15:23:57.211   715  9200 I [CT]    : AdHocPatch: [Left] t = 25.026s, behavior transition: None -> AtRest at 25.075s
05-05 15:23:57.217  2129  2185 I GuardianSystem: UpdateGuardianSystemState: Flags changed: 532480, 524288
05-05 15:23:57.293   715  9200 I [CT]    : L:Behavior:AtRest: deactivated
05-05 15:23:57.293   715  9200 I [CT]    : AdHocPatch: [Left] t = 25.108s, behavior transition: AtRest -> None at 25.157s
05-05 15:23:57.297  2129  2185 I GuardianSystem: UpdateGuardianSystemState: Flags changed: 524288, 532480
05-05 15:23:57.309   715  9200 I [CT]    : L:Behavior:AtRest: activated
05-05 15:23:57.309   715  9200 I [CT]    : AdHocPatch: [Left] t = 25.124s, behavior transition: None -> AtRest at 25.173s
05-05 15:23:57.321   715  9200 I [CT]    : L:Behavior:AtRest: deactivated
05-05 15:23:57.321   715  9200 I [CT]    : AdHocPatch: [Left] t = 25.136s, behavior transition: AtRest -> None at 25.185s
05-05 15:23:57.331  2129  2375 W VrApi   : ovr_SubmitFrameInternal: FrameIndex discontinuity: Expected 32209, Received 32212
05-05 15:23:57.335   715  9200 I [CT]    : L:Behavior:AtRest: activated
05-05 15:23:57.335   715  9200 I [CT]    : AdHocPatch: [Left] t = 25.150s, behavior transition: None -> AtRest at 25.199s
05-05 15:23:57.347  2129  2185 I GuardianSystem: UpdateGuardianSystemState: Flags changed: 532480, 524288
05-05 15:23:57.447   715  9200 I [CT]    : L:Behavior:AtRest: deactivated
05-05 15:23:57.447   715  9200 I [CT]    : AdHocPatch: [Left] t = 25.262s, behavior transition: AtRest -> None at 25.312s
05-05 15:23:57.457   715  9200 I [CT]    : L:Behavior:AtRest: activated
05-05 15:23:57.457   715  9200 I [CT]    : AdHocPatch: [Left] t = 25.272s, behavior transition: None -> AtRest at 25.322s
05-05 15:23:57.568  2121  9237 I TimeWarp: UpdateClockLevels: Apply pending clock request change: 2,4 -> 2,5
05-05 15:23:57.568  2121  9227 I Clocks  : ReleaseClocks - start
05-05 15:23:57.568   719  2791 D         : CPU_CLUSTER_0: No client requests exists, release clocks
05-05 15:23:57.568   719  2791 D         : CPU_CLUSTER_1: No client requests exists, release clocks
05-05 15:23:57.569   719  2791 D         : GPU: No client requests exists, release clocks
05-05 15:23:57.569   719  2791 D         : CPUBW: No client requests exists, release clocks
05-05 15:23:57.570  2121  9227 I Clocks  : ReleaseClocks - end (1.9 ms)
05-05 15:23:57.570  2121  9227 I Clocks  : LockClocks( cpu=2, gpu=5 ) - start
05-05 15:23:57.570  2121  9227 I Clocks  : CPU levels [0, 4]
05-05 15:23:57.570  2121  9227 I Clocks  : GPU levels [0, 5]
05-05 15:23:57.571   719   719 D         : CPU_CLUSTER_0: Client 2121 sends freq request [21, 21]
05-05 15:23:57.571   719   719 D         : CPU_CLUSTER_0: Next Perf Level = (21, 21)
05-05 15:23:57.571   719   719 D         : CPU_CLUSTER_1: Client 2121 sends freq request [18, 18]
05-05 15:23:57.571   719   719 D         : CPU_CLUSTER_1: Next Perf Level = (18, 18)
05-05 15:23:57.571   719   719 D         : CPUBW: Client 2121 sends freq request [8, 11]
05-05 15:23:57.571   719   719 D         : CPUBW: Next Perf Level = (8, 11)
05-05 15:23:57.571   719   719 D         : GPU: Client 2121 sends freq request [7, 7]
05-05 15:23:57.571   719   719 D         : GPU: Next Perf Level = (7, 7)
05-05 15:23:57.572  2121  9227 I Clocks  : LockClocks( cpu=2, gpu=5 ) - end (2.5 ms)
05-05 15:23:57.609  2121  9237 I TimeWarp: UpdateClockLevels: Apply pending clock request change: 2,5 -> 2,4
05-05 15:23:57.610  2121  9227 I Clocks  : ReleaseClocks - start
05-05 15:23:57.610   719  2043 D         : CPU_CLUSTER_0: No client requests exists, release clocks
05-05 15:23:57.610   719  2043 D         : CPU_CLUSTER_1: No client requests exists, release clocks
05-05 15:23:57.610   719  2043 D         : GPU: No client requests exists, release clocks
05-05 15:23:57.610   719  2043 D         : CPUBW: No client requests exists, release clocks
05-05 15:23:57.611  2121  9227 I Clocks  : ReleaseClocks - end (1.4 ms)
05-05 15:23:57.611  2121  9227 I Clocks  : LockClocks( cpu=2, gpu=4 ) - start
05-05 15:23:57.612  2121  9227 I Clocks  : CPU levels [0, 4]
05-05 15:23:57.612  2121  9227 I Clocks  : GPU levels [0, 5]
05-05 15:23:57.612   719   819 D         : CPU_CLUSTER_0: Client 2121 sends freq request [21, 21]
05-05 15:23:57.612   719   819 D         : CPU_CLUSTER_0: Next Perf Level = (21, 21)
05-05 15:23:57.612   719   819 D         : CPU_CLUSTER_1: Client 2121 sends freq request [18, 18]
05-05 15:23:57.612   719   819 D         : CPU_CLUSTER_1: Next Perf Level = (18, 18)
05-05 15:23:57.612   719   819 D         : CPUBW: Client 2121 sends freq request [8, 11]
05-05 15:23:57.612   719   819 D         : CPUBW: Next Perf Level = (8, 11)
05-05 15:23:57.613   719   819 D         : GPU: Client 2121 sends freq request [6, 6]
05-05 15:23:57.613   719   819 D         : GPU: Next Perf Level = (6, 6)
05-05 15:23:57.614  2121  9227 I Clocks  : LockClocks( cpu=2, gpu=4 ) - end (3.1 ms)
05-05 15:23:57.711   715  9213 I [CT]    : VIPER:MAP_MANAGER: State: TRACKING_PERSISTENT, UUID=d18585e8-d288-4997-b6ff-78495c7eed6a, Num. Persistent maps = 1,  Persistent maps:d18585e8-d288-4997-b6ff-78495c7eed6a,, Ser. Disabled = 00000000-0000-0000-0000-000000000000
05-05 15:23:57.750   715  9213 I [CT]    : VIPER: Status=6DoF,TRACKING,KF=133,Inl=375,Pts=456,Jit=0.1mm,Issues(Cam/min=0.0,IMU/min=0.0),Exp=(5.8ms,g=6.0,I=76)(4.8ms,g=3.0,I=70)(5.8ms,g=6.0,I=65)(5.5ms,g=4.0,I=68)
05-05 15:23:57.850  9037  9358 I VrApi   : FPS=71,Prd=44ms,Tear=0,Early=0,Stale=3,VSnc=1,Lat=1,Fov=0,CPU4/GPU=2/4,1651/670MHz,OC=FF,TA=0/E0/E0,SP=N/F/F,Mem=1804MHz,Free=1313MB,PSM=0,PLS=0,Temp=33.0C/0.0C,TW=1.55ms,App=17.29ms,GD=3.31ms,CPU&GPU=21.61ms,LCnt=1,GPU%=0.93,CPU%=0.21(W0.25),DSF=1.00
05-05 15:23:58.195   715  9200 I [CT]    : L:Behavior:AtRest: deactivated
05-05 15:23:58.195   715  9200 I [CT]    : AdHocPatch: [Left] t = 26.010s, behavior transition: AtRest -> None at 26.059s
05-05 15:23:58.205   715  9200 I [CT]    : L:Behavior:AtRest: activated
05-05 15:23:58.205   715  9200 I [CT]    : AdHocPatch: [Left] t = 26.020s, behavior transition: None -> AtRest at 26.069s
05-05 15:23:58.225   715  9200 I [CT]    : L:Behavior:AtRest: deactivated
05-05 15:23:58.225   715  9200 I [CT]    : AdHocPatch: [Left] t = 26.040s, behavior transition: AtRest -> None at 26.089s
05-05 15:23:58.228  2129  2185 I GuardianSystem: UpdateGuardianSystemState: Flags changed: 524288, 532480
05-05 15:23:58.261  2129  2375 W VrApi   : ovr_SubmitFrameInternal: FrameIndex discontinuity: Expected 32215, Received 32242
05-05 15:23:58.275   715  9200 I [CT]    : L:Behavior:AtRest: activated
05-05 15:23:58.275   715  9200 I [CT]    : AdHocPatch: [Left] t = 26.088s, behavior transition: None -> AtRest at 26.137s
05-05 15:23:58.289  2129  2185 I GuardianSystem: UpdateGuardianSystemState: Flags changed: 532480, 524288
05-05 15:23:58.347   715  9200 I [CT]    : L:Behavior:AtRest: deactivated
05-05 15:23:58.347   715  9200 I [CT]    : AdHocPatch: [Left] t = 26.162s, behavior transition: AtRest -> None at 26.211s
05-05 15:23:58.361   715  9200 I [CT]    : L:Behavior:AtRest: activated
05-05 15:23:58.361   715  9200 I [CT]    : AdHocPatch: [Left] t = 26.176s, behavior transition: None -> AtRest at 26.225s
05-05 15:23:58.443   715  9200 I [CT]    : L:Behavior:AtRest: deactivated
05-05 15:23:58.443   715  9200 I [CT]    : AdHocPatch: [Left] t = 26.256s, behavior transition: AtRest -> None at 26.307s
05-05 15:23:58.457   715  9200 I [CT]    : L:Behavior:AtRest: activated
05-05 15:23:58.457   715  9200 I [CT]    : AdHocPatch: [Left] t = 26.270s, behavior transition: None -> AtRest at 26.321s
05-05 15:23:58.475   715  9200 I [CT]    : L:Behavior:AtRest: deactivated
05-05 15:23:58.475   715  9200 I [CT]    : AdHocPatch: [Left] t = 26.284s, behavior transition: AtRest -> None at 26.335s
05-05 15:23:58.507  2129  2185 I GuardianSystem: UpdateGuardianSystemState: Flags changed: 524288, 532480
05-05 15:23:58.537  2129  2375 W VrApi   : ovr_SubmitFrameInternal: FrameIndex discontinuity: Expected 32246, Received 32253
05-05 15:23:58.570  2121  9237 I TimeWarp: UpdateClockLevels: Apply pending clock request change: 2,4 -> 2,5
05-05 15:23:58.570  2121  9227 I Clocks  : ReleaseClocks - start
05-05 15:23:58.571   719   819 D         : CPU_CLUSTER_0: No client requests exists, release clocks
05-05 15:23:58.571   719   819 D         : CPU_CLUSTER_1: No client requests exists, release clocks
05-05 15:23:58.571   719   819 D         : GPU: No client requests exists, release clocks
05-05 15:23:58.571   719   819 D         : CPUBW: No client requests exists, release clocks
05-05 15:23:58.573  2121  9227 I Clocks  : ReleaseClocks - end (2.2 ms)
05-05 15:23:58.573  2121  9227 I Clocks  : LockClocks( cpu=2, gpu=5 ) - start
05-05 15:23:58.574  2121  9227 I Clocks  : CPU levels [0, 4]
05-05 15:23:58.574  2121  9227 I Clocks  : GPU levels [0, 5]
05-05 15:23:58.575   719   719 D         : CPU_CLUSTER_0: Client 2121 sends freq request [21, 21]
05-05 15:23:58.575   719   719 D         : CPU_CLUSTER_0: Next Perf Level = (21, 21)
05-05 15:23:58.575   719   719 D         : CPU_CLUSTER_1: Client 2121 sends freq request [18, 18]
05-05 15:23:58.575   719   719 D         : CPU_CLUSTER_1: Next Perf Level = (18, 18)
05-05 15:23:58.575   719   719 D         : CPUBW: Client 2121 sends freq request [8, 11]
05-05 15:23:58.575   719   719 D         : CPUBW: Next Perf Level = (8, 11)
05-05 15:23:58.577   719   719 D         : GPU: Client 2121 sends freq request [7, 7]
05-05 15:23:58.577   719   719 D         : GPU: Next Perf Level = (7, 7)
05-05 15:23:58.578  2121  9227 I Clocks  : LockClocks( cpu=2, gpu=5 ) - end (5.1 ms)
05-05 15:23:58.581   715  9200 I [CT]    : L:Behavior:AtRest: activated
05-05 15:23:58.581   715  9200 I [CT]    : AdHocPatch: [Left] t = 26.394s, behavior transition: None -> AtRest at 26.445s
05-05 15:23:58.595   715  9200 I [CT]    : L:Behavior:AtRest: deactivated
05-05 15:23:58.595   715  9200 I [CT]    : AdHocPatch: [Left] t = 26.406s, behavior transition: AtRest -> None at 26.457s
05-05 15:23:58.596  2129  2185 I GuardianSystem: UpdateGuardianSystemState: Flags changed: 532480, 524288
05-05 15:23:58.607   715  9200 I [CT]    : L:Behavior:AtRest: activated
05-05 15:23:58.607   715  9200 I [CT]    : AdHocPatch: [Left] t = 26.421s, behavior transition: None -> AtRest at 26.471s
05-05 15:23:58.717   715  9200 I [CT]    : L:Behavior:AtRest: deactivated
05-05 15:23:58.717   715  9200 I [CT]    : AdHocPatch: [Left] t = 26.531s, behavior transition: AtRest -> None at 26.581s
05-05 15:23:58.727   715  9200 I [CT]    : L:Behavior:AtRest: activated
05-05 15:23:58.727   715  9200 I [CT]    : AdHocPatch: [Left] t = 26.541s, behavior transition: None -> AtRest at 26.591s
05-05 15:23:58.755   715  9200 I [CT]    : L:Behavior:AtRest: deactivated
05-05 15:23:58.755   715  9200 I [CT]    : AdHocPatch: [Left] t = 26.565s, behavior transition: AtRest -> None at 26.615s
05-05 15:23:58.761   715  9200 I [CT]    : L:Behavior:AtRest: activated
05-05 15:23:58.761   715  9200 I [CT]    : AdHocPatch: [Left] t = 26.575s, behavior transition: None -> AtRest at 26.625s
05-05 15:23:58.805   715  9200 I [CT]    : L:Behavior:AtRest: deactivated
05-05 15:23:58.805   715  9200 I [CT]    : AdHocPatch: [Left] t = 26.619s, behavior transition: AtRest -> None at 26.669s
05-05 15:23:58.809  2129  2185 I GuardianSystem: UpdateGuardianSystemState: Flags changed: 524288, 532480
05-05 15:23:58.842  2129  2375 W VrApi   : ovr_SubmitFrameInternal: FrameIndex discontinuity: Expected 32259, Received 32266
05-05 15:23:58.851  9037  9358 I VrApi   : FPS=67,Prd=44ms,Tear=0,Early=0,Stale=14,VSnc=1,Lat=1,Fov=0,CPU4/GPU=2/4,1651/710MHz,OC=FF,TA=0/E0/E0,SP=N/F/F,Mem=1804MHz,Free=1309MB,PSM=0,PLS=0,Temp=33.0C/0.0C,TW=1.25ms,App=12.91ms,GD=0.00ms,CPU&GPU=21.46ms,LCnt=1,GPU%=0.93,CPU%=0.26(W0.30),DSF=1.00
05-05 15:23:58.853   715  9200 I [CT]    : L:Behavior:AtRest: activated
05-05 15:23:58.853   715  9200 I [CT]    : AdHocPatch: [Left] t = 26.667s, behavior transition: None -> AtRest at 26.717s
05-05 15:23:58.857  2129  2185 I GuardianSystem: UpdateGuardianSystemState: Flags changed: 532480, 524288
05-05 15:23:58.863  2121  9237 I TimeWarp: UpdateClockLevels: Apply pending clock request change: 2,5 -> 2,4
05-05 15:23:58.863  2121  9227 I Clocks  : ReleaseClocks - start
05-05 15:23:58.864   719  2791 D         : CPU_CLUSTER_0: No client requests exists, release clocks
05-05 15:23:58.864   719  2791 D         : CPU_CLUSTER_1: No client requests exists, release clocks
05-05 15:23:58.864   719  2791 D         : GPU: No client requests exists, release clocks
05-05 15:23:58.864   719  2791 D         : CPUBW: No client requests exists, release clocks
05-05 15:23:58.864  2121  9227 I Clocks  : ReleaseClocks - end (1.2 ms)
05-05 15:23:58.865  2121  9227 I Clocks  : LockClocks( cpu=2, gpu=4 ) - start
05-05 15:23:58.867  2121  9227 I Clocks  : CPU levels [0, 4]
05-05 15:23:58.867  2121  9227 I Clocks  : GPU levels [0, 5]
05-05 15:23:58.867   719  2043 D         : CPU_CLUSTER_0: Client 2121 sends freq request [21, 21]
05-05 15:23:58.867   719  2043 D         : CPU_CLUSTER_0: Next Perf Level = (21, 21)
05-05 15:23:58.867   719  2043 D         : CPU_CLUSTER_1: Client 2121 sends freq request [18, 18]
05-05 15:23:58.867   719  2043 D         : CPU_CLUSTER_1: Next Perf Level = (18, 18)
05-05 15:23:58.867   719  2043 D         : CPUBW: Client 2121 sends freq request [8, 11]
05-05 15:23:58.867   719  2043 D         : CPUBW: Next Perf Level = (8, 11)
05-05 15:23:58.868   719  2043 D         : GPU: Client 2121 sends freq request [6, 6]
05-05 15:23:58.868   719  2043 D         : GPU: Next Perf Level = (6, 6)
05-05 15:23:58.868  2121  9227 I Clocks  : LockClocks( cpu=2, gpu=4 ) - end (2.5 ms)
05-05 15:23:59.021   715  9200 I [CT]    : L:Behavior:AtRest: deactivated
05-05 15:23:59.021   715  9200 I [CT]    : AdHocPatch: [Left] t = 26.835s, behavior transition: AtRest -> None at 26.884s
05-05 15:23:59.035   715  9200 I [CT]    : L:Behavior:AtRest: activated
05-05 15:23:59.035   715  9200 I [CT]    : AdHocPatch: [Left] t = 26.849s, behavior transition: None -> AtRest at 26.898s
05-05 15:23:59.049   715  9200 I [CT]    : L:Behavior:AtRest: deactivated
05-05 15:23:59.049   715  9200 I [CT]    : AdHocPatch: [Left] t = 26.863s, behavior transition: AtRest -> None at 26.912s
05-05 15:23:59.063   715  9200 I [CT]    : L:Behavior:AtRest: activated
05-05 15:23:59.063   715  9200 I [CT]    : AdHocPatch: [Left] t = 26.877s, behavior transition: None -> AtRest at 26.928s
05-05 15:23:59.071  2121  9237 I TimeWarp: UpdateClockLevels: Apply pending clock request change: 2,4 -> 2,5
05-05 15:23:59.072  2121  9227 I Clocks  : ReleaseClocks - start
05-05 15:23:59.072   719   819 D         : CPU_CLUSTER_0: No client requests exists, release clocks
05-05 15:23:59.072   719   819 D         : CPU_CLUSTER_1: No client requests exists, release clocks
05-05 15:23:59.072   719   819 D         : GPU: No client requests exists, release clocks
05-05 15:23:59.073   719   819 D         : CPUBW: No client requests exists, release clocks
05-05 15:23:59.073  2121  9227 I Clocks  : ReleaseClocks - end (1.7 ms)
05-05 15:23:59.073  2121  9227 I Clocks  : LockClocks( cpu=2, gpu=5 ) - start
05-05 15:23:59.074  2121  9227 I Clocks  : CPU levels [0, 4]
05-05 15:23:59.074  2121  9227 I Clocks  : GPU levels [0, 5]
05-05 15:23:59.074   719   819 D         : CPU_CLUSTER_0: Client 2121 sends freq request [21, 21]
05-05 15:23:59.074   719   819 D         : CPU_CLUSTER_0: Next Perf Level = (21, 21)
05-05 15:23:59.074   719   819 D         : CPU_CLUSTER_1: Client 2121 sends freq request [18, 18]
05-05 15:23:59.074   719   819 D         : CPU_CLUSTER_1: Next Perf Level = (18, 18)
05-05 15:23:59.074   719   819 D         : CPUBW: Client 2121 sends freq request [8, 11]
05-05 15:23:59.074   719   819 D         : CPUBW: Next Perf Level = (8, 11)
05-05 15:23:59.075   719   819 D         : GPU: Client 2121 sends freq request [7, 7]
05-05 15:23:59.075   719   819 D         : GPU: Next Perf Level = (7, 7)
05-05 15:23:59.076  2121  9227 I Clocks  : LockClocks( cpu=2, gpu=5 ) - end (2.9 ms)
05-05 15:23:59.137   715  9200 I [CT]    : L:Behavior:AtRest: deactivated
05-05 15:23:59.137   715  9200 I [CT]    : AdHocPatch: [Left] t = 26.951s, behavior transition: AtRest -> None at 27.002s
05-05 15:23:59.138  2129  2185 I GuardianSystem: UpdateGuardianSystemState: Flags changed: 524288, 532480
05-05 15:23:59.155   715  9200 I [CT]    : L:Behavior:AtRest: activated
05-05 15:23:59.155   715  9200 I [CT]    : AdHocPatch: [Left] t = 26.967s, behavior transition: None -> AtRest at 27.018s
05-05 15:23:59.171  2129  2375 W VrApi   : ovr_SubmitFrameInternal: FrameIndex discontinuity: Expected 32269, Received 32278
05-05 15:23:59.173   715  9200 I [CT]    : L:Behavior:AtRest: deactivated
05-05 15:23:59.173   715  9200 I [CT]    : AdHocPatch: [Left] t = 26.987s, behavior transition: AtRest -> None at 27.038s
05-05 15:23:59.174  2129  2185 I GuardianSystem: UpdateGuardianSystemState: Flags changed: 532480, 524288
05-05 15:23:59.181   715  9200 I [CT]    : L:Behavior:AtRest: activated
05-05 15:23:59.181   715  9200 I [CT]    : AdHocPatch: [Left] t = 26.995s, behavior transition: None -> AtRest at 27.046s
05-05 15:23:59.415   715  9200 I [CT]    : L:Behavior:AtRest: deactivated
05-05 15:23:59.415   715  9200 I [CT]    : AdHocPatch: [Left] t = 27.229s, behavior transition: AtRest -> None at 27.280s
05-05 15:23:59.421  2129  2185 I GuardianSystem: UpdateGuardianSystemState: Flags changed: 524288, 532480
05-05 15:23:59.426   715  9200 I [CT]    : L:Behavior:AtRest: activated
05-05 15:23:59.426   715  9200 I [CT]    : AdHocPatch: [Left] t = 27.239s, behavior transition: None -> AtRest at 27.290s
05-05 15:23:59.453  2129  2375 W VrApi   : ovr_SubmitFrameInternal: FrameIndex discontinuity: Expected 32280, Received 32288
05-05 15:23:59.454  2129  2185 I GuardianSystem: UpdateGuardianSystemState: Flags changed: 532480, 524288
05-05 15:23:59.527   715  9200 I [CT]    : L:Behavior:AtRest: deactivated
05-05 15:23:59.527   715  9200 I [CT]    : AdHocPatch: [Left] t = 27.341s, behavior transition: AtRest -> None at 27.392s
05-05 15:23:59.537  2129  2185 I GuardianSystem: UpdateGuardianSystemState: Flags changed: 524288, 532480
05-05 15:23:59.541   715  9200 I [CT]    : L:Behavior:AtRest: activated
05-05 15:23:59.541   715  9200 I [CT]    : AdHocPatch: [Left] t = 27.355s, behavior transition: None -> AtRest at 27.406s
05-05 15:23:59.570  2129  2375 W VrApi   : ovr_SubmitFrameInternal: FrameIndex discontinuity: Expected 32290, Received 32293
05-05 15:23:59.571  2129  2185 I GuardianSystem: UpdateGuardianSystemState: Flags changed: 532480, 524288
05-05 15:23:59.595   715  9200 I [CT]    : L:Behavior:AtRest: deactivated
05-05 15:23:59.595   715  9200 I [CT]    : AdHocPatch: [Left] t = 27.405s, behavior transition: AtRest -> None at 27.456s
05-05 15:23:59.601  2129  2185 I GuardianSystem: UpdateGuardianSystemState: Flags changed: 524288, 532480
05-05 15:23:59.618  2129  2375 W VrApi   : ovr_SubmitFrameInternal: FrameIndex discontinuity: Expected 32295, Received 32296
05-05 15:23:59.859   715  9200 I [CT]    : L:Behavior:AtRest: activated
05-05 15:23:59.859   715  9200 I [CT]    : AdHocPatch: [Left] t = 27.673s, behavior transition: None -> AtRest at 27.723s
05-05 15:23:59.865  2121  9237 I TimeWarp: UpdateClockLevels: Apply pending clock request change: 2,5 -> 3,5
05-05 15:23:59.866  2121  9227 I Clocks  : ReleaseClocks - start
05-05 15:23:59.867   719   719 D         : CPU_CLUSTER_0: No client requests exists, release clocks
05-05 15:23:59.867   719   719 D         : CPU_CLUSTER_1: No client requests exists, release clocks
05-05 15:23:59.867   719   719 D         : GPU: No client requests exists, release clocks
05-05 15:23:59.868   719   719 D         : CPUBW: No client requests exists, release clocks
05-05 15:23:59.868  2121  9227 I Clocks  : ReleaseClocks - end (1.6 ms)
05-05 15:23:59.868  2121  9227 I Clocks  : LockClocks( cpu=3, gpu=5 ) - start
05-05 15:23:59.869  2121  9227 I Clocks  : CPU levels [0, 4]
05-05 15:23:59.871  2121  9227 I Clocks  : GPU levels [0, 5]
05-05 15:23:59.872   719  2188 D         : CPU_CLUSTER_0: Client 2121 sends freq request [21, 21]
05-05 15:23:59.872   719  2188 D         : CPU_CLUSTER_0: Next Perf Level = (21, 21)
05-05 15:23:59.872   719  2188 D         : CPU_CLUSTER_1: Client 2121 sends freq request [22, 22]
05-05 15:23:59.872   719  2188 D         : CPU_CLUSTER_1: Next Perf Level = (22, 22)
05-05 15:23:59.872   719  2188 D         : CPUBW: Client 2121 sends freq request [8, 11]
05-05 15:23:59.872   719  2188 D         : CPUBW: Next Perf Level = (8, 11)
05-05 15:23:59.873  2129  2185 I GuardianSystem: UpdateGuardianSystemState: Flags changed: 532480, 524288
05-05 15:23:59.874   719  2188 D         : GPU: Client 2121 sends freq request [7, 7]
05-05 15:23:59.874   719  2188 D         : GPU: Next Perf Level = (7, 7)
05-05 15:23:59.874  2121  9227 I Clocks  : LockClocks( cpu=3, gpu=5 ) - end (5.9 ms)
05-05 15:23:59.967   715  9200 I [CT]    : L:Behavior:AtRest: deactivated
05-05 15:23:59.967   715  9200 I [CT]    : AdHocPatch: [Left] t = 27.781s, behavior transition: AtRest -> None at 27.831s
05-05 15:23:59.977   715  9200 I [CT]    : L:Behavior:AtRest: activated
05-05 15:23:59.977   715  9200 I [CT]    : AdHocPatch: [Left] t = 27.791s, behavior transition: None -> AtRest at 27.841s
05-05 15:24:00.116  2121  9237 I TimeWarp: UpdateClockLevels: Apply pending clock request change: 3,5 -> 3,4
05-05 15:24:00.116  2121  9227 I Clocks  : ReleaseClocks - start
05-05 15:24:00.117   719  2791 D         : CPU_CLUSTER_0: No client requests exists, release clocks
05-05 15:24:00.117   719  2791 D         : CPU_CLUSTER_1: No client requests exists, release clocks
05-05 15:24:00.117   719  2791 D         : GPU: No client requests exists, release clocks
05-05 15:24:00.118   719  2791 D         : CPUBW: No client requests exists, release clocks
05-05 15:24:00.118  2121  9227 I Clocks  : ReleaseClocks - end (1.7 ms)
05-05 15:24:00.118  2121  9227 I Clocks  : LockClocks( cpu=3, gpu=4 ) - start
05-05 15:24:00.119  2121  9227 I Clocks  : CPU levels [0, 4]
05-05 15:24:00.119  2121  9227 I Clocks  : GPU levels [0, 5]
05-05 15:24:00.119   719   819 D         : CPU_CLUSTER_0: Client 2121 sends freq request [21, 21]
05-05 15:24:00.119   719   819 D         : CPU_CLUSTER_0: Next Perf Level = (21, 21)
05-05 15:24:00.119   719   819 D         : CPU_CLUSTER_1: Client 2121 sends freq request [22, 22]
05-05 15:24:00.119   719   819 D         : CPU_CLUSTER_1: Next Perf Level = (22, 22)
05-05 15:24:00.119   719   819 D         : CPUBW: Client 2121 sends freq request [8, 11]
05-05 15:24:00.119   719   819 D         : CPUBW: Next Perf Level = (8, 11)
05-05 15:24:00.120   719   819 D         : GPU: Client 2121 sends freq request [6, 6]
05-05 15:24:00.120   719   819 D         : GPU: Next Perf Level = (6, 6)
05-05 15:24:00.120  2121  9227 I Clocks  : LockClocks( cpu=3, gpu=4 ) - end (2.3 ms)
05-05 15:24:00.200   715  9212 I [CT]    : MANAGEMENT:CONSTELLATION: Status=GREEN,, Obj=7745273921483883046,6DOF=1,FusJit=0.003mm,Issues(Cam/min=  0,IMU/min=0), Obj=4212769887286730484,6DOF=1 (estimated),Issues(Cam/min=  0,IMU/min=0)
05-05 15:24:00.206  9037  9358 I Telemetry: App memory usage: PSS=730MB DalvikPSS=3 MB
05-05 15:24:00.213  9037  9358 I VrApi   : FPS=71,Prd=45ms,Tear=0,Early=0,Stale=6,VSnc=1,Lat=1,Fov=0,CPU4/GPU=2/5,1651/710MHz,OC=FF,TA=0/E0/E0,SP=N/F/F,Mem=1804MHz,Free=1313MB,PSM=0,PLS=0,Temp=33.0C/0.0C,TW=1.29ms,App=14.16ms,GD=1.68ms,CPU&GPU=17.48ms,LCnt=1,GPU%=0.92,CPU%=0.28(W0.38),DSF=1.00
05-05 15:24:00.771   715  9200 I [CT]    : L:Behavior:AtRest: deactivated
05-05 15:24:00.771   715  9200 I [CT]    : AdHocPatch: [Left] t = 28.585s, behavior transition: AtRest -> None at 28.636s
05-05 15:24:00.790  2129  2185 I GuardianSystem: UpdateGuardianSystemState: Flags changed: 524288, 532480
05-05 15:24:00.818  9037  9056 D UE4     : [GameActivity] Used memory: 747734
05-05 15:24:00.819   715  9200 I [CT]    : L:Behavior:AtRest: activated
05-05 15:24:00.819   715  9200 I [CT]    : AdHocPatch: [Left] t = 28.633s, behavior transition: None -> AtRest at 28.684s
05-05 15:24:00.823  2129  2375 W VrApi   : ovr_SubmitFrameInternal: FrameIndex discontinuity: Expected 32316, Received 32344
05-05 15:24:00.824  2129  2185 I GuardianSystem: UpdateGuardianSystemState: Flags changed: 532480, 524288
05-05 15:24:00.852  9037  9358 I VrApi   : FPS=71,Prd=45ms,Tear=0,Early=0,Stale=9,VSnc=1,Lat=1,Fov=0,CPU4/GPU=2/5,1958/670MHz,OC=FF,TA=0/E0/E0,SP=N/F/F,Mem=1804MHz,Free=1313MB,PSM=0,PLS=0,Temp=33.0C/0.0C,TW=1.29ms,App=12.90ms,GD=0.00ms,CPU&GPU=17.33ms,LCnt=1,GPU%=0.93,CPU%=0.24(W0.35),DSF=1.00
05-05 15:24:00.893   715  9200 I [CT]    : L:Behavior:AtRest: deactivated
05-05 15:24:00.893   715  9200 I [CT]    : AdHocPatch: [Left] t = 28.707s, behavior transition: AtRest -> None at 28.758s
05-05 15:24:00.905   715  9200 I [CT]    : L:Behavior:AtRest: activated
05-05 15:24:00.905   715  9200 I [CT]    : AdHocPatch: [Left] t = 28.719s, behavior transition: None -> AtRest at 28.770s
05-05 15:24:00.906  2129  2185 I GuardianSystem: UpdateGuardianSystemState: Flags changed: 524288, 532480
05-05 15:24:00.938  2129  2375 W VrApi   : ovr_SubmitFrameInternal: FrameIndex discontinuity: Expected 32346, Received 32349
05-05 15:24:00.939  2129  2185 I GuardianSystem: UpdateGuardianSystemState: Flags changed: 532480, 524288
05-05 15:24:00.983   715  9200 I [CT]    : L:Behavior:AtRest: deactivated
05-05 15:24:00.983   715  9200 I [CT]    : AdHocPatch: [Left] t = 28.797s, behavior transition: AtRest -> None at 28.848s
05-05 15:24:00.991  2129  2185 I GuardianSystem: UpdateGuardianSystemState: Flags changed: 524288, 532480
05-05 15:24:01.001   715  9200 I [CT]    : L:Behavior:AtRest: activated
05-05 15:24:01.001   715  9200 I [CT]    : AdHocPatch: [Left] t = 28.815s, behavior transition: None -> AtRest at 28.866s
05-05 15:24:01.011   715  9200 I [CT]    : L:Behavior:AtRest: deactivated
05-05 15:24:01.011   715  9200 I [CT]    : AdHocPatch: [Left] t = 28.825s, behavior transition: AtRest -> None at 28.876s
05-05 15:24:01.019  2129  2375 W VrApi   : ovr_SubmitFrameInternal: FrameIndex discontinuity: Expected 32351, Received 32353
05-05 15:24:01.097   715  9200 I [CT]    : L:Behavior:AtRest: activated
05-05 15:24:01.097   715  9200 I [CT]    : AdHocPatch: [Left] t = 28.911s, behavior transition: None -> AtRest at 28.962s
05-05 15:24:01.106  2129  2185 I GuardianSystem: UpdateGuardianSystemState: Flags changed: 532480, 524288
05-05 15:24:01.135   715  9200 I [CT]    : L:Behavior:AtRest: deactivated
05-05 15:24:01.135   715  9200 I [CT]    : AdHocPatch: [Left] t = 28.949s, behavior transition: AtRest -> None at 29.000s
05-05 15:24:01.136  2129  2185 I GuardianSystem: UpdateGuardianSystemState: Flags changed: 524288, 532480
05-05 15:24:01.152  2129  2375 W VrApi   : ovr_SubmitFrameInternal: FrameIndex discontinuity: Expected 32361, Received 32362
05-05 15:24:01.155   715  9200 I [CT]    : L:Behavior:AtRest: activated
05-05 15:24:01.155   715  9200 I [CT]    : AdHocPatch: [Left] t = 28.965s, behavior transition: None -> AtRest at 29.016s
05-05 15:24:01.167  2129  2185 I GuardianSystem: UpdateGuardianSystemState: Flags changed: 532480, 524288
05-05 15:24:01.202  2121  9237 I TimeWarp: UpdateClockLevels: Apply pending clock request change: 3,4 -> 3,5
05-05 15:24:01.202  2121  9227 I Clocks  : ReleaseClocks - start
05-05 15:24:01.203   719  2188 D         : CPU_CLUSTER_0: No client requests exists, release clocks
05-05 15:24:01.203   719  2188 D         : CPU_CLUSTER_1: No client requests exists, release clocks
05-05 15:24:01.203   719  2188 D         : GPU: No client requests exists, release clocks
05-05 15:24:01.203   719  2188 D         : CPUBW: No client requests exists, release clocks
05-05 15:24:01.204  2121  9227 I Clocks  : ReleaseClocks - end (1.8 ms)
05-05 15:24:01.204  2121  9227 I Clocks  : LockClocks( cpu=3, gpu=5 ) - start
05-05 15:24:01.205  2121  9227 I Clocks  : CPU levels [0, 4]
05-05 15:24:01.205  2121  9227 I Clocks  : GPU levels [0, 5]
05-05 15:24:01.205   719  2791 D         : CPU_CLUSTER_0: Client 2121 sends freq request [21, 21]
05-05 15:24:01.205   719  2791 D         : CPU_CLUSTER_0: Next Perf Level = (21, 21)
05-05 15:24:01.205   719  2791 D         : CPU_CLUSTER_1: Client 2121 sends freq request [22, 22]
05-05 15:24:01.205   719  2791 D         : CPU_CLUSTER_1: Next Perf Level = (22, 22)
05-05 15:24:01.205   719  2791 D         : CPUBW: Client 2121 sends freq request [8, 11]
05-05 15:24:01.205   719  2791 D         : CPUBW: Next Perf Level = (8, 11)
05-05 15:24:01.206   719  2791 D         : GPU: Client 2121 sends freq request [7, 7]
05-05 15:24:01.206   719  2791 D         : GPU: Next Perf Level = (7, 7)
05-05 15:24:01.207  2121  9227 I Clocks  : LockClocks( cpu=3, gpu=5 ) - end (2.8 ms)
05-05 15:24:01.309   715  9213 I [CT]    : VIPER:MAP_MANAGER: State: TRACKING_PERSISTENT, UUID=d18585e8-d288-4997-b6ff-78495c7eed6a, Num. Persistent maps = 1,  Persistent maps:d18585e8-d288-4997-b6ff-78495c7eed6a,, Ser. Disabled = 00000000-0000-0000-0000-000000000000
05-05 15:24:01.350   715  9213 I [CT]    : VIPER: Status=6DoF,TRACKING,KF=133,Inl=379,Pts=456,Jit=0.1mm,Issues(Cam/min=0.0,IMU/min=0.0),Exp=(5.5ms,g=6.0,I=76)(4.0ms,g=3.0,I=69)(5.5ms,g=6.0,I=64)(5.5ms,g=4.0,I=68)
05-05 15:24:01.578  2121  9237 I TimeWarp: UpdateClockLevels: Apply pending clock request change: 3,5 -> 3,4
05-05 15:24:01.578  2121  9227 I Clocks  : ReleaseClocks - start
05-05 15:24:01.578   719  2188 D         : CPU_CLUSTER_0: No client requests exists, release clocks
05-05 15:24:01.578   719  2188 D         : CPU_CLUSTER_1: No client requests exists, release clocks
05-05 15:24:01.579   719  2188 D         : GPU: No client requests exists, release clocks
05-05 15:24:01.579   719  2188 D         : CPUBW: No client requests exists, release clocks
05-05 15:24:01.579  2121  9227 I Clocks  : ReleaseClocks - end (1.3 ms)
05-05 15:24:01.579  2121  9227 I Clocks  : LockClocks( cpu=3, gpu=4 ) - start
05-05 15:24:01.580  2121  9227 I Clocks  : CPU levels [0, 4]
05-05 15:24:01.580  2121  9227 I Clocks  : GPU levels [0, 5]
05-05 15:24:01.580   719   819 D         : CPU_CLUSTER_0: Client 2121 sends freq request [21, 21]
05-05 15:24:01.580   719   819 D         : CPU_CLUSTER_0: Next Perf Level = (21, 21)
05-05 15:24:01.580   719   819 D         : CPU_CLUSTER_1: Client 2121 sends freq request [22, 22]
05-05 15:24:01.580   719   819 D         : CPU_CLUSTER_1: Next Perf Level = (22, 22)
05-05 15:24:01.580   719   819 D         : CPUBW: Client 2121 sends freq request [8, 11]
05-05 15:24:01.580   719   819 D         : CPUBW: Next Perf Level = (8, 11)
05-05 15:24:01.580   719   819 D         : GPU: Client 2121 sends freq request [6, 6]
05-05 15:24:01.580   719   819 D         : GPU: Next Perf Level = (6, 6)
05-05 15:24:01.581  2121  9227 I Clocks  : LockClocks( cpu=3, gpu=4 ) - end (1.4 ms)
05-05 15:24:01.596   715  9200 I [CT]    : L:Behavior:AtRest: deactivated
05-05 15:24:01.596   715  9200 I [CT]    : AdHocPatch: [Left] t = 29.408s, behavior transition: AtRest -> None at 29.457s
05-05 15:24:01.599   715  9200 I [CT]    : L:Behavior:AtRest: activated
05-05 15:24:01.599   715  9200 I [CT]    : AdHocPatch: [Left] t = 29.414s, behavior transition: None -> AtRest at 29.463s
05-05 15:24:01.657   715  9200 I [CT]    : L:Behavior:AtRest: deactivated
05-05 15:24:01.657   715  9200 I [CT]    : AdHocPatch: [Left] t = 29.472s, behavior transition: AtRest -> None at 29.521s
05-05 15:24:01.665   715  9200 I [CT]    : L:Behavior:AtRest: activated
05-05 15:24:01.665   715  9200 I [CT]    : AdHocPatch: [Left] t = 29.480s, behavior transition: None -> AtRest at 29.529s
05-05 15:24:01.681   715  9200 I [CT]    : L:Behavior:AtRest: deactivated
05-05 15:24:01.681   715  9200 I [CT]    : AdHocPatch: [Left] t = 29.496s, behavior transition: AtRest -> None at 29.545s
05-05 15:24:01.684  2129  2185 I GuardianSystem: UpdateGuardianSystemState: Flags changed: 524288, 532480
05-05 15:24:01.695   715  9200 I [CT]    : L:Behavior:AtRest: activated
05-05 15:24:01.695   715  9200 I [CT]    : AdHocPatch: [Left] t = 29.510s, behavior transition: None -> AtRest at 29.559s
05-05 15:24:01.715   715  9200 I [CT]    : L:Behavior:AtRest: deactivated
05-05 15:24:01.715   715  9200 I [CT]    : AdHocPatch: [Left] t = 29.528s, behavior transition: AtRest -> None at 29.577s
05-05 15:24:01.717  2129  2375 W VrApi   : ovr_SubmitFrameInternal: FrameIndex discontinuity: Expected 32365, Received 32381
05-05 15:24:01.788   715  9200 I [CT]    : L:Behavior:AtRest: activated
05-05 15:24:01.788   715  9200 I [CT]    : AdHocPatch: [Left] t = 29.602s, behavior transition: None -> AtRest at 29.651s
05-05 15:24:01.802  2129  2185 I GuardianSystem: UpdateGuardianSystemState: Flags changed: 532480, 524288
05-05 15:24:01.852  9037  9358 I VrApi   : FPS=67,Prd=45ms,Tear=0,Early=0,Stale=6,VSnc=1,Lat=1,Fov=0,CPU4/GPU=3/4,1958/670MHz,OC=FF,TA=0/E0/E0,SP=N/F/F,Mem=1804MHz,Free=1313MB,PSM=0,PLS=0,Temp=33.0C/0.0C,TW=1.57ms,App=16.27ms,GD=3.02ms,CPU&GPU=19.72ms,LCnt=1,GPU%=0.93,CPU%=0.14(W0.26),DSF=1.00
05-05 15:24:02.220   715  9149 I [CT]    : boltlib: DSP utilization(%): 15
05-05 15:24:02.389   715  9213 I [CT]    : HealthReport: ==================================================
05-05 15:24:02.389   715  9213 I [CT]    : Health Report
05-05 15:24:02.389   715  9213 I [CT]    : -------------
05-05 15:24:02.389   715  9213 I [CT]    : 
05-05 15:24:02.389   715  9213 I [CT]    : Reporter #1 (InsideOutHealthMonitor) summary:
05-05 15:24:02.389   715  9213 I [CT]    : Camera: Total Dropped: 0.000000, Total Frame Count: 747 (0.000000%), Camera Reset Count: 0
05-05 15:24:02.389   715  9213 I [CT]    : Camera: Total Single Camera Frame Dropped: 0, Total Frame Count: 747 (0.000000%)
05-05 15:24:02.389   715  9213 I [CT]    : IMU: Total Dropped: 0.000000, Total Sample Count: 30101 (0.000000%)
05-05 15:24:02.389   715  9213 I [CT]    : Magnetometer: Total Dropped: 0.000000, Total Sample Count: 903 (0.000000%)
05-05 15:24:02.389   715  9213 I [CT]    : 
05-05 15:24:02.389   715  9213 I [CT]    : Reporter #1 (InsideOutHealthMonitor) Passed
05-05 15:24:02.389   715  9213 I [CT]    : --------------------------------------------------
05-05 15:24:02.389   715  9213 I [CT]    : Reporter #2 (ConstellationHealthMonitor) summary:
05-05 15:24:02.389   715  9213 I [CT]    : Camera: Total Dropped: 0.000000, Total Frame Count: 747 (0.000000%), Camera Reset Count: 1
05-05 15:24:02.389   715  9213 I [CT]    : Camera: Total Single Camera Frame Dropped: 0, Total Frame Count: 747 (0.000000%)
05-05 15:24:02.389   715  9213 I [CT]    : Controller 7745273921483883046:
05-05 15:24:02.389   715  9213 I [CT]    : IMU: Capture period exceeded threshold.  Largest period: 0.895692 sec
05-05 15:24:02.389   715  9213 I [CT]    : Controllers may have been sleeping
05-05 15:24:02.389   715  9213 I [CT]    : IMU: Total Dropped: 0.000000, Total Sample Count: 14656.799500 (0.000000%)
05-05 15:24:02.389   715  9213 I [CT]    : Controller 4212769887286730484:
05-05 15:24:02.389   715  9213 I [CT]    : IMU: C
05-05 15:24:02.587   715  9200 I [CT]    : L:Behavior:AtRest: deactivated
05-05 15:24:02.587   715  9200 I [CT]    : AdHocPatch: [Left] t = 30.402s, behavior transition: AtRest -> None at 30.452s
05-05 15:24:02.590  2129  2185 I GuardianSystem: UpdateGuardianSystemState: Flags changed: 524288, 532480
05-05 15:24:02.603   715  9200 I [CT]    : L:Behavior:AtRest: activated
05-05 15:24:02.603   715  9200 I [CT]    : AdHocPatch: [Left] t = 30.418s, behavior transition: None -> AtRest at 30.468s
05-05 15:24:02.617  2129  2375 W VrApi   : ovr_SubmitFrameInternal: FrameIndex discontinuity: Expected 32389, Received 32413
05-05 15:24:02.618  2129  2185 I GuardianSystem: UpdateGuardianSystemState: Flags changed: 532480, 524288
05-05 15:24:02.651   715  9200 I [CT]    : L:Behavior:AtRest: deactivated
05-05 15:24:02.651   715  9200 I [CT]    : AdHocPatch: [Left] t = 30.466s, behavior transition: AtRest -> None at 30.516s
05-05 15:24:02.669   715  9200 I [CT]    : L:Behavior:AtRest: activated
05-05 15:24:02.669   715  9200 I [CT]    : AdHocPatch: [Left] t = 30.484s, behavior transition: None -> AtRest at 30.534s
05-05 15:24:02.709   715  9200 I [CT]    : L:Behavior:AtRest: deactivated
05-05 15:24:02.710   715  9200 I [CT]    : AdHocPatch: [Left] t = 30.524s, behavior transition: AtRest -> None at 30.574s
05-05 15:24:02.725   715  9200 I [CT]    : L:Behavior:AtRest: activated
05-05 15:24:02.725   715  9200 I [CT]    : AdHocPatch: [Left] t = 30.540s, behavior transition: None -> AtRest at 30.590s
05-05 15:24:02.851  9037  9358 I VrApi   : FPS=69,Prd=45ms,Tear=0,Early=0,Stale=14,VSnc=1,Lat=1,Fov=0,CPU4/GPU=3/4,1958/670MHz,OC=FF,TA=0/E0/E0,SP=N/F/F,Mem=1804MHz,Free=1313MB,PSM=0,PLS=0,Temp=33.0C/0.0C,TW=1.29ms,App=13.29ms,GD=0.00ms,CPU&GPU=18.81ms,LCnt=1,GPU%=0.95,CPU%=0.28(W0.36),DSF=1.00
05-05 15:24:02.955   715  9200 I [CT]    : L:Behavior:AtRest: deactivated
05-05 15:24:02.955   715  9200 I [CT]    : AdHocPatch: [Left] t = 30.768s, behavior transition: AtRest -> None at 30.818s
05-05 15:24:02.965   715  9200 I [CT]    : L:Behavior:AtRest: activated
05-05 15:24:02.965   715  9200 I [CT]    : AdHocPatch: [Left] t = 30.780s, behavior transition: None -> AtRest at 30.830s
05-05 15:24:03.195   715  9200 I [CT]    : L:Behavior:AtRest: deactivated
05-05 15:24:03.196   715  9200 I [CT]    : AdHocPatch: [Left] t = 31.010s, behavior transition: AtRest -> None at 31.059s
05-05 15:24:03.205   715  9200 I [CT]    : L:Behavior:AtRest: activated
05-05 15:24:03.205   715  9200 I [CT]    : AdHocPatch: [Left] t = 31.020s, behavior transition: None -> AtRest at 31.069s
05-05 15:24:03.227   715  9200 I [CT]    : L:Behavior:AtRest: deactivated
05-05 15:24:03.227   715  9200 I [CT]    : AdHocPatch: [Left] t = 31.042s, behavior transition: AtRest -> None at 31.091s
05-05 15:24:03.239  2129  2185 I GuardianSystem: UpdateGuardianSystemState: Flags changed: 524288, 532480
05-05 15:24:03.241   715  9200 I [CT]    : L:Behavior:AtRest: activated
05-05 15:24:03.241   715  9200 I [CT]    : AdHocPatch: [Left] t = 31.056s, behavior transition: None -> AtRest at 31.105s
05-05 15:24:03.257   715  9200 I [CT]    : L:Behavior:AtRest: deactivated
05-05 15:24:03.257   715  9200 I [CT]    : AdHocPatch: [Left] t = 31.072s, behavior transition: AtRest -> None at 31.121s
05-05 15:24:03.271  2129  2375 W VrApi   : ovr_SubmitFrameInternal: FrameIndex discontinuity: Expected 32415, Received 32434
05-05 15:24:03.374  2121  9237 I TimeWarp: UpdateClockLevels: Apply pending clock request change: 3,4 -> 2,4
05-05 15:24:03.374  2121  9227 I Clocks  : ReleaseClocks - start
05-05 15:24:03.375   719  2791 D         : CPU_CLUSTER_0: No client requests exists, release clocks
05-05 15:24:03.375   719  2791 D         : CPU_CLUSTER_1: No client requests exists, release clocks
05-05 15:24:03.375   719  2791 D         : GPU: No client requests exists, release clocks
05-05 15:24:03.376   719  2791 D         : CPUBW: No client requests exists, release clocks
05-05 15:24:03.377  2121  9227 I Clocks  : ReleaseClocks - end (3.0 ms)
05-05 15:24:03.377  2121  9227 I Clocks  : LockClocks( cpu=2, gpu=4 ) - start
05-05 15:24:03.378  2121  9227 I Clocks  : CPU levels [0, 4]
05-05 15:24:03.378  2121  9227 I Clocks  : GPU levels [0, 5]
05-05 15:24:03.378   719   819 D         : CPU_CLUSTER_0: Client 2121 sends freq request [21, 21]
05-05 15:24:03.378   719   819 D         : CPU_CLUSTER_0: Next Perf Level = (21, 21)
05-05 15:24:03.378   719   819 D         : CPU_CLUSTER_1: Client 2121 sends freq request [18, 18]
05-05 15:24:03.378   719   819 D         : CPU_CLUSTER_1: Next Perf Level = (18, 18)
05-05 15:24:03.378   719   819 D         : CPUBW: Client 2121 sends freq request [8, 11]
05-05 15:24:03.378   719   819 D         : CPUBW: Next Perf Level = (8, 11)
05-05 15:24:03.379   719   819 D         : GPU: Client 2121 sends freq request [6, 6]
05-05 15:24:03.379   719   819 D         : GPU: Next Perf Level = (6, 6)
05-05 15:24:03.380  2121  9227 I Clocks  : LockClocks( cpu=2, gpu=4 ) - end (2.3 ms)
05-05 15:24:03.395   715  9200 I [CT]    : L:Behavior:AtRest: activated
05-05 15:24:03.395   715  9200 I [CT]    : AdHocPatch: [Left] t = 31.210s, behavior transition: None -> AtRest at 31.259s
05-05 15:24:03.399  2129  2185 I GuardianSystem: UpdateGuardianSystemState: Flags changed: 532480, 524288
05-05 15:24:03.559   715  9200 I [CT]    : L:Behavior:AtRest: deactivated
05-05 15:24:03.559   715  9200 I [CT]    : AdHocPatch: [Left] t = 31.374s, behavior transition: AtRest -> None at 31.423s
05-05 15:24:03.573   715  9200 I [CT]    : L:Behavior:AtRest: activated
05-05 15:24:03.573   715  9200 I [CT]    : AdHocPatch: [Left] t = 31.388s, behavior transition: None -> AtRest at 31.437s
05-05 15:24:03.655   715  9200 I [CT]    : L:Behavior:AtRest: deactivated
05-05 15:24:03.655   715  9200 I [CT]    : AdHocPatch: [Left] t = 31.468s, behavior transition: AtRest -> None at 31.519s
05-05 15:24:03.661   715  9200 I [CT]    : L:Behavior:AtRest: activated
05-05 15:24:03.661   715  9200 I [CT]    : AdHocPatch: [Left] t = 31.474s, behavior transition: None -> AtRest at 31.525s
05-05 15:24:03.679   715  9200 I [CT]    : L:Behavior:AtRest: deactivated
05-05 15:24:03.679   715  9200 I [CT]    : AdHocPatch: [Left] t = 31.492s, behavior transition: AtRest -> None at 31.543s
05-05 15:24:03.681  2129  2185 I GuardianSystem: UpdateGuardianSystemState: Flags changed: 524288, 532480
05-05 15:24:03.691   715  9200 I [CT]    : L:Behavior:AtRest: activated
05-05 15:24:03.691   715  9200 I [CT]    : AdHocPatch: [Left] t = 31.504s, behavior transition: None -> AtRest at 31.555s
05-05 15:24:03.714  2129  2375 W VrApi   : ovr_SubmitFrameInternal: FrameIndex discontinuity: Expected 32445, Received 32454
05-05 15:24:03.714  2129  2185 I GuardianSystem: UpdateGuardianSystemState: Flags changed: 532480, 524288
05-05 15:24:03.800   715  9212 I [CT]    : MANAGEMENT:CONSTELLATION: Status=GREEN,, Obj=7745273921483883046,6DOF=1,FusJit=0.002mm,Issues(Cam/min=  0,IMU/min=0), Obj=4212769887286730484,6DOF=1 (estimated),Issues(Cam/min=  0,IMU/min=0)
05-05 15:24:03.853  9037  9358 I VrApi   : FPS=70,Prd=45ms,Tear=0,Early=0,Stale=1,VSnc=1,Lat=1,Fov=0,CPU4/GPU=3/4,1651/670MHz,OC=FF,TA=0/E0/E0,SP=N/F/F,Mem=1804MHz,Free=1310MB,PSM=0,PLS=0,Temp=33.0C/0.0C,TW=1.28ms,App=13.22ms,GD=0.00ms,CPU&GPU=18.46ms,LCnt=1,GPU%=0.95,CPU%=0.21(W0.32),DSF=1.00
05-05 15:24:03.861   715  9200 I [CT]    : L:Behavior:AtRest: deactivated
05-05 15:24:03.861   715  9200 I [CT]    : AdHocPatch: [Left] t = 31.675s, behavior transition: AtRest -> None at 31.724s
05-05 15:24:03.871  2129  2185 I GuardianSystem: UpdateGuardianSystemState: Flags changed: 524288, 532480
05-05 15:24:03.875   715  9200 I [CT]    : L:Behavior:AtRest: activated
05-05 15:24:03.875   715  9200 I [CT]    : AdHocPatch: [Left] t = 31.687s, behavior transition: None -> AtRest at 31.736s
05-05 15:24:03.897  2129  2375 W VrApi   : ovr_SubmitFrameInternal: FrameIndex discontinuity: Expected 32456, Received 32461
05-05 15:24:03.898  2129  2185 I GuardianSystem: UpdateGuardianSystemState: Flags changed: 532480, 524288
05-05 15:24:03.977   715  9200 I [CT]    : L:Behavior:AtRest: deactivated
05-05 15:24:03.977   715  9200 I [CT]    : AdHocPatch: [Left] t = 31.791s, behavior transition: AtRest -> None at 31.842s
05-05 15:24:03.978  2129  2185 I GuardianSystem: UpdateGuardianSystemState: Flags changed: 524288, 532480
05-05 15:24:03.995   715  9200 I [CT]    : L:Behavior:AtRest: activated
05-05 15:24:03.995   715  9200 I [CT]    : AdHocPatch: [Left] t = 31.805s, behavior transition: None -> AtRest at 31.856s
05-05 15:24:04.009   715  9200 I [CT]    : L:Behavior:AtRest: deactivated
05-05 15:24:04.009   715  9200 I [CT]    : AdHocPatch: [Left] t = 31.823s, behavior transition: AtRest -> None at 31.874s
05-05 15:24:04.012  2129  2375 W VrApi   : ovr_SubmitFrameInternal: FrameIndex discontinuity: Expected 32463, Received 32466
05-05 15:24:04.025   715  9200 I [CT]    : L:Behavior:AtRest: activated
05-05 15:24:04.026   715  9200 I [CT]    : AdHocPatch: [Left] t = 31.839s, behavior transition: None -> AtRest at 31.890s
05-05 15:24:04.030  2129  2185 I GuardianSystem: UpdateGuardianSystemState: Flags changed: 532480, 524288
05-05 15:24:04.201   715  9200 I [CT]    : L:Behavior:AtRest: deactivated
05-05 15:24:04.201   715  9200 I [CT]    : AdHocPatch: [Left] t = 32.015s, behavior transition: AtRest -> None at 32.066s
05-05 15:24:04.207  2129  2185 I GuardianSystem: UpdateGuardianSystemState: Flags changed: 524288, 532480
05-05 15:24:04.209   715  9200 I [CT]    : L:Behavior:AtRest: activated
05-05 15:24:04.209   715  9200 I [CT]    : AdHocPatch: [Left] t = 32.023s, behavior transition: None -> AtRest at 32.074s
05-05 15:24:04.209  2121  9237 I TimeWarp: UpdateClockLevels: Apply pending clock request change: 2,4 -> 2,5
05-05 15:24:04.209  2121  9227 I Clocks  : ReleaseClocks - start
05-05 15:24:04.210   719   819 D         : CPU_CLUSTER_0: No client requests exists, release clocks
05-05 15:24:04.210   719   819 D         : CPU_CLUSTER_1: No client requests exists, release clocks
05-05 15:24:04.210   719   819 D         : GPU: No client requests exists, release clocks
05-05 15:24:04.210   719   819 D         : CPUBW: No client requests exists, release clocks
05-05 15:24:04.211  2121  9227 I Clocks  : ReleaseClocks - end (1.3 ms)
05-05 15:24:04.211  2121  9227 I Clocks  : LockClocks( cpu=2, gpu=5 ) - start
05-05 15:24:04.211  2121  9227 I Clocks  : CPU levels [0, 4]
05-05 15:24:04.211  2121  9227 I Clocks  : GPU levels [0, 5]
