05-05 15:24:32.288  1061  1159 D WifiQualifiedNetworkSelector:: Current network is: "BOEY" ,ID is: 0
05-05 15:24:32.289  1061  1159 D WifiQualifiedNetworkSelector:: Current band dose not match user preference. Start Qualified Network Selection Current band = 2.4GHz bandUserPreference band = 0
05-05 15:24:32.289  1061  1159 D WifiQualifiedNetworkSelector:: Current network is not qualified
05-05 15:24:32.290  1061  1159 D WifiQualifiedNetworkSelector:: Saved Network List
05-05 15:24:32.290  1061  1159 D WifiQualifiedNetworkSelector::     "BOEY":0  User Preferred BSSID:null FQDN:null NETWORK_SELECTION_ENABLED Disable account: 0 0 0 0 0 0 0 0 0 0 Connect Choice:null set time:-1
05-05 15:24:32.291  1061  1159 D WifiQualifiedNetworkSelector::  skipped due to low signal
05-05 15:24:32.291  1061  1159 D WifiQualifiedNetworkSelector::  skipped due to not saved
05-05 15:24:32.291  1061  1159 D WifiQualifiedNetworkSelector::  
05-05 15:24:32.291  1061  1159 D WifiQualifiedNetworkSelector::  skipped due to not valid SSID
05-05 15:24:32.291  1061  1159 D WifiQualifiedNetworkSelector::  RSSI score: 100 Same network with current associated. Bonus: 16 Same BSSID with current association. Bonus: 24 Secure network Bonus:80 Score for scanResult: SSID: BOEY, BSSID: 84:16:f9:9b:3c:d6, capabilities: [WPA-PSK-CCMP+TKIP][WPA2-PSK-CCMP+TKIP][WPS][ESS], level: -48, frequency: 2462, timestamp: 5993999151, distance: ?(cm), distanceSd: ?(cm), passpoint: no, ChannelBandwidth: 0, centerFreq0: 0, centerFreq1: 0, 80211mcResponder: is not supported and Network ID: 0 final score:220
05-05 15:24:32.291  1061  1159 D WifiQualifiedNetworkSelector:: 
05-05 15:24:32.292  1061  1159 D WifiQualifiedNetworkSelector:: After user choice adjust, the final candidate is:"BOEY":0 : 84:16:f9:9b:3c:d6
05-05 15:24:32.292  1061  1159 D WifiQualifiedNetworkSelector:: "BOEY":0 is already the best choice!
05-05 15:24:32.345   715  9200 I [CT]    : L:Behavior:AtRest: deactivated
05-05 15:24:32.345   715  9200 I [CT]    : AdHocPatch: [Left] t = 60.160s, behavior transition: AtRest -> None at 60.209s
05-05 15:24:32.361   715  9200 I [CT]    : L:Behavior:AtRest: activated
05-05 15:24:32.362   715  9200 I [CT]    : AdHocPatch: [Left] t = 60.176s, behavior transition: None -> AtRest at 60.225s
05-05 15:24:32.377   715  9200 I [CT]    : L:Behavior:AtRest: deactivated
05-05 15:24:32.377   715  9200 I [CT]    : AdHocPatch: [Left] t = 60.192s, behavior transition: AtRest -> None at 60.241s
05-05 15:24:32.391   715  9213 I [CT]    : HealthReport: ==================================================
05-05 15:24:32.391   715  9213 I [CT]    : Health Report
05-05 15:24:32.391   715  9213 I [CT]    : -------------
05-05 15:24:32.391   715  9213 I [CT]    : 
05-05 15:24:32.391   715  9213 I [CT]    : Reporter #1 (InsideOutHealthMonitor) summary:
05-05 15:24:32.391   715  9213 I [CT]    : Camera: Total Dropped: 0.000000, Total Frame Count: 1497 (0.000000%), Camera Reset Count: 0
05-05 15:24:32.391   715  9213 I [CT]    : Camera: Total Single Camera Frame Dropped: 0, Total Frame Count: 1497 (0.000000%)
05-05 15:24:32.391   715  9213 I [CT]    : IMU: Total Dropped: 0.000000, Total Sample Count: 60103 (0.000000%)
05-05 15:24:32.391   715  9213 I [CT]    : Magnetometer: Total Dropped: 0.000000, Total Sample Count: 1803 (0.000000%)
05-05 15:24:32.391   715  9213 I [CT]    : 
05-05 15:24:32.391   715  9213 I [CT]    : Reporter #1 (InsideOutHealthMonitor) Passed
05-05 15:24:32.391   715  9213 I [CT]    : --------------------------------------------------
05-05 15:24:32.391   715  9213 I [CT]    : Reporter #2 (ConstellationHealthMonitor) summary:
05-05 15:24:32.391   715  9213 I [CT]    : Camera: Total Dropped: 0.000000, Total Frame Count: 1498 (0.000000%), Camera Reset Count: 1
05-05 15:24:32.391   715  9213 I [CT]    : Camera: Total Single Camera Frame Dropped: 0, Total Frame Count: 1498 (0.000000%)
05-05 15:24:32.391   715  9213 I [CT]    : Controller 7745273921483883046:
05-05 15:24:32.391   715  9213 I [CT]    : IMU: Capture period exceeded threshold.  Largest period: 0.895692 sec
05-05 15:24:32.391   715  9213 I [CT]    : Controllers may have been sleeping
05-05 15:24:32.391   715  9213 I [CT]    : IMU: Total Dropped: 0.000000, Total Sample Count: 29656.278500 (0.000000%)
05-05 15:24:32.391   715  9213 I [CT]    : Controller 4212769887286730484:
05-05 15:24:32.391   715  9213 I [CT]    : I
05-05 15:24:32.396   715  9200 I [CT]    : L:Behavior:AtRest: activated
05-05 15:24:32.396   715  9200 I [CT]    : AdHocPatch: [Left] t = 60.208s, behavior transition: None -> AtRest at 60.257s
05-05 15:24:32.401   693   693 D GatekeeperNativeService: Using value 1 for gk arvr_gk_nimble_mfjlp, user=0
05-05 15:24:32.402   693  4283 D GatekeeperNativeService: Using value 1 for gk oculus_blob_size_checker_gk, user=0
05-05 15:24:32.404   693   729 D GatekeeperNativeService: Using value 1 for gk oculus_enable_background_subtraction_gk, user=0
05-05 15:24:32.406   715  9200 I [CT]    : L:Behavior:AtRest: deactivated
05-05 15:24:32.406   715  9200 I [CT]    : AdHocPatch: [Left] t = 60.220s, behavior transition: AtRest -> None at 60.269s
05-05 15:24:32.407   693   693 D GatekeeperNativeService: Using value 0 for gk oculus_enable_ht_quest_vrsrecording, user=0
05-05 15:24:32.408   693  4283 D GatekeeperNativeService: Using value 0 for gk oculus_gk_is_dogfood, user=0
05-05 15:24:32.409   693   729 D GatekeeperNativeService: Using value 0 for gk oculus_gk_is_employee, user=0
05-05 15:24:32.410   693   693 D GatekeeperNativeService: Using value 0 for gk oculus_gk_is_qa, user=0
05-05 15:24:32.410   693  4283 D GatekeeperNativeService: Using value 0 for gk oculus_gk_is_spatial_ai, user=0
05-05 15:24:32.411   693   729 D GatekeeperNativeService: Using value 1 for gk oculus_mapmerging_gk, user=0
05-05 15:24:32.412   693   693 D GatekeeperNativeService: Using value 0 for gk oculus_telemetry_gk_generic_1, user=0
05-05 15:24:32.414   693  4283 D GatekeeperNativeService: Using value 0 for gk oculus_telemetry_gk_generic_2, user=0
05-05 15:24:32.416   693   729 D GatekeeperNativeService: Using value 0 for gk oculus_telemetry_gk_generic_3, user=0
05-05 15:24:32.418   693   693 D GatekeeperNativeService: Using value 0 for gk oculus_telemetry_gk_generic_4, user=0
05-05 15:24:32.419   693  4283 D GatekeeperNativeService: Using value 0 for gk oculus_telemetry_gk_generic_5, user=0
05-05 15:24:32.420   693   729 D GatekeeperNativeService: Using value 0 for gk oculus_vr_keyboard_enabled, user=0
05-05 15:24:32.421   715  9222 I [CT]    : TELEMETRY_COLLECTOR: Sending event: constellation_periodic
05-05 15:24:32.422   715  9222 I [CT]    : TELEMETRY_COLLECTOR: Sending event: relocalization_periodic
05-05 15:24:32.423   715  9222 I [CT]    : TELEMETRY_COLLECTOR: Sending event: oculus_boltcv_periodic
05-05 15:24:32.424   715  9200 I [CT]    : L:Behavior:AtRest: activated
05-05 15:24:32.424   715  9200 I [CT]    : AdHocPatch: [Left] t = 60.238s, behavior transition: None -> AtRest at 60.287s
05-05 15:24:32.424   715  9222 I [CT]    : TELEMETRY_COLLECTOR: Sending event: insideout_periodic
05-05 15:24:32.429   715  9222 I [CT]    : TELEMETRY_COLLECTOR: Sending event: constellation_periodic
05-05 15:24:32.433   715  9222 I [CT]    : TELEMETRY_COLLECTOR: Sending event: constellation_periodic
05-05 15:24:32.433   715  9222 I [CT]    : NIMBLE:HLOG: NimbleTelemetryAggregator::populateTelemetry
05-05 15:24:32.436   715  9200 I [CT]    : L:Behavior:AtRest: deactivated
05-05 15:24:32.437   715  9200 I [CT]    : AdHocPatch: [Left] t = 60.250s, behavior transition: AtRest -> None at 60.299s
05-05 15:24:32.440   715  9222 I [CT]    : TELEMETRY_COLLECTOR: Sending event: nimble_periodic
05-05 15:24:32.440  2129  2185 I GuardianSystem: UpdateGuardianSystemState: Flags changed: 524288, 532480
05-05 15:24:32.441   715  9222 I [CT]    : TELEMETRY_COLLECTOR: Sending event: attitude_ekf_periodic
05-05 15:24:32.454   715  9200 I [CT]    : L:Behavior:AtRest: activated
05-05 15:24:32.454   715  9200 I [CT]    : AdHocPatch: [Left] t = 60.268s, behavior transition: None -> AtRest at 60.317s
05-05 15:24:32.470   715  9200 I [CT]    : L:Behavior:AtRest: deactivated
05-05 15:24:32.470   715  9200 I [CT]    : AdHocPatch: [Left] t = 60.284s, behavior transition: AtRest -> None at 60.333s
05-05 15:24:32.472  2129  2375 W VrApi   : ovr_SubmitFrameInternal: FrameIndex discontinuity: Expected 33624, Received 33633
05-05 15:24:32.502  2121  9237 I TimeWarp: UpdateClockLevels: Apply pending clock request change: 4,5 -> 4,4
05-05 15:24:32.502  2121  9227 I Clocks  : ReleaseClocks - start
05-05 15:24:32.503   719  2043 D         : CPU_CLUSTER_0: No client requests exists, release clocks
05-05 15:24:32.503   719  2043 D         : CPU_CLUSTER_1: No client requests exists, release clocks
05-05 15:24:32.503   719  2043 D         : GPU: No client requests exists, release clocks
05-05 15:24:32.503   719  2043 D         : CPUBW: No client requests exists, release clocks
05-05 15:24:32.504  2121  9227 I Clocks  : ReleaseClocks - end (1.8 ms)
05-05 15:24:32.504  2121  9227 I Clocks  : LockClocks( cpu=4, gpu=4 ) - start
05-05 15:24:32.505  2121  9227 I Clocks  : CPU levels [0, 4]
05-05 15:24:32.506  2121  9227 I Clocks  : GPU levels [0, 5]
05-05 15:24:32.506   719  2791 D         : CPU_CLUSTER_0: Client 2121 sends freq request [21, 21]
05-05 15:24:32.506   719  2791 D         : CPU_CLUSTER_0: Next Perf Level = (21, 21)
05-05 15:24:32.506   719  2791 D         : CPU_CLUSTER_1: Client 2121 sends freq request [26, 26]
05-05 15:24:32.506   719  2791 D         : CPU_CLUSTER_1: Next Perf Level = (26, 26)
05-05 15:24:32.506   719  2791 D         : CPUBW: Client 2121 sends freq request [8, 11]
05-05 15:24:32.507   719  2791 D         : CPUBW: Next Perf Level = (8, 11)
05-05 15:24:32.507   719  2791 D         : GPU: Client 2121 sends freq request [6, 6]
05-05 15:24:32.507   719  2791 D         : GPU: Next Perf Level = (6, 6)
05-05 15:24:32.507  2121  9227 I Clocks  : LockClocks( cpu=4, gpu=4 ) - end (3.1 ms)
05-05 15:24:32.516   715  9200 I [CT]    : L:Behavior:AtRest: activated
05-05 15:24:32.516   715  9200 I [CT]    : AdHocPatch: [Left] t = 60.330s, behavior transition: None -> AtRest at 60.379s
05-05 15:24:32.529  2129  2185 I GuardianSystem: UpdateGuardianSystemState: Flags changed: 532480, 524288
05-05 15:24:32.600   715  9212 I [CT]    : MANAGEMENT:CONSTELLATION: Status=GREEN,, Obj=7745273921483883046,6DOF=1,FusJit=0.002mm,Issues(Cam/min=  0,IMU/min=0), Obj=4212769887286730484,6DOF=1 (estimated),Issues(Cam/min=  0,IMU/min=0)
05-05 15:24:32.706   715  9200 I [CT]    : L:Behavior:AtRest: deactivated
05-05 15:24:32.706   715  9200 I [CT]    : AdHocPatch: [Left] t = 60.520s, behavior transition: AtRest -> None at 60.569s
05-05 15:24:32.712  2129  2185 I GuardianSystem: UpdateGuardianSystemState: Flags changed: 524288, 532480
05-05 15:24:32.721   715  9200 I [CT]    : L:Behavior:AtRest: activated
05-05 15:24:32.721   715  9200 I [CT]    : AdHocPatch: [Left] t = 60.536s, behavior transition: None -> AtRest at 60.585s
05-05 15:24:32.744  2129  2375 W VrApi   : ovr_SubmitFrameInternal: FrameIndex discontinuity: Expected 33639, Received 33645
05-05 15:24:32.746  2129  2185 I GuardianSystem: UpdateGuardianSystemState: Flags changed: 532480, 524288
05-05 15:24:32.856  9037  9358 I VrApi   : FPS=68,Prd=44ms,Tear=0,Early=0,Stale=18,VSnc=1,Lat=1,Fov=0,CPU4/GPU=4/5,2304/670MHz,OC=FF,TA=0/E0/E0,SP=N/F/F,Mem=1804MHz,Free=1299MB,PSM=0,PLS=0,Temp=33.0C/0.0C,TW=1.53ms,App=13.33ms,GD=2.32ms,CPU&GPU=23.56ms,LCnt=1,GPU%=0.99,CPU%=0.26(W0.36),DSF=1.00
05-05 15:24:32.865  2121  9237 I TimeWarp: UpdateClockLevels: Apply pending clock request change: 4,4 -> 4,5
05-05 15:24:32.865  2121  9227 I Clocks  : ReleaseClocks - start
05-05 15:24:32.868   719   819 D         : CPU_CLUSTER_0: No client requests exists, release clocks
05-05 15:24:32.868   719   819 D         : CPU_CLUSTER_1: No client requests exists, release clocks
05-05 15:24:32.868   719   819 D         : GPU: No client requests exists, release clocks
05-05 15:24:32.870   719   819 D         : CPUBW: No client requests exists, release clocks
05-05 15:24:32.871  2121  9227 I Clocks  : ReleaseClocks - end (6.0 ms)
05-05 15:24:32.871  2121  9227 I Clocks  : LockClocks( cpu=4, gpu=5 ) - start
05-05 15:24:32.872  2121  9227 I Clocks  : CPU levels [0, 4]
05-05 15:24:32.872  2121  9227 I Clocks  : GPU levels [0, 5]
05-05 15:24:32.872   719  2791 D         : CPU_CLUSTER_0: Client 2121 sends freq request [21, 21]
05-05 15:24:32.872   719  2791 D         : CPU_CLUSTER_0: Next Perf Level = (21, 21)
05-05 15:24:32.872   719  2791 D         : CPU_CLUSTER_1: Client 2121 sends freq request [26, 26]
05-05 15:24:32.873   719  2791 D         : CPU_CLUSTER_1: Next Perf Level = (26, 26)
05-05 15:24:32.873   719  2791 D         : CPUBW: Client 2121 sends freq request [8, 11]
05-05 15:24:32.873   719  2791 D         : CPUBW: Next Perf Level = (8, 11)
05-05 15:24:32.874   719  2791 D         : GPU: Client 2121 sends freq request [7, 7]
05-05 15:24:32.874   719  2791 D         : GPU: Next Perf Level = (7, 7)
05-05 15:24:32.875  2121  9227 I Clocks  : LockClocks( cpu=4, gpu=5 ) - end (3.8 ms)
05-05 15:24:32.950   715  9200 I [CT]    : L:Behavior:AtRest: deactivated
05-05 15:24:32.950   715  9200 I [CT]    : AdHocPatch: [Left] t = 60.764s, behavior transition: AtRest -> None at 60.813s
05-05 15:24:32.958   715  9200 I [CT]    : L:Behavior:AtRest: activated
05-05 15:24:32.958   715  9200 I [CT]    : AdHocPatch: [Left] t = 60.772s, behavior transition: None -> AtRest at 60.821s
05-05 15:24:33.011   715  9200 I [CT]    : L:Behavior:AtRest: deactivated
05-05 15:24:33.012   715  9200 I [CT]    : AdHocPatch: [Left] t = 60.826s, behavior transition: AtRest -> None at 60.874s
05-05 15:24:33.037  2129  2185 I GuardianSystem: UpdateGuardianSystemState: Flags changed: 524288, 532480
05-05 15:24:33.055   715  9200 I [CT]    : L:Behavior:AtRest: activated
05-05 15:24:33.056   715  9200 I [CT]    : AdHocPatch: [Left] t = 60.870s, behavior transition: None -> AtRest at 60.918s
05-05 15:24:33.062  2129  2375 W VrApi   : ovr_SubmitFrameInternal: FrameIndex discontinuity: Expected 33647, Received 33656
05-05 15:24:33.063  2129  2185 I GuardianSystem: UpdateGuardianSystemState: Flags changed: 532480, 524288
05-05 15:24:33.133   715  9200 I [CT]    : L:Behavior:AtRest: deactivated
05-05 15:24:33.133   715  9200 I [CT]    : AdHocPatch: [Left] t = 60.946s, behavior transition: AtRest -> None at 60.996s
05-05 15:24:33.145  2129  2185 I GuardianSystem: UpdateGuardianSystemState: Flags changed: 524288, 532480
05-05 15:24:33.146   715  9200 I [CT]    : L:Behavior:AtRest: activated
05-05 15:24:33.146   715  9200 I [CT]    : AdHocPatch: [Left] t = 60.960s, behavior transition: None -> AtRest at 61.010s
05-05 15:24:33.161   715  9200 I [CT]    : L:Behavior:AtRest: deactivated
05-05 15:24:33.161   715  9200 I [CT]    : AdHocPatch: [Left] t = 60.976s, behavior transition: AtRest -> None at 61.026s
05-05 15:24:33.176  2129  2375 W VrApi   : ovr_SubmitFrameInternal: FrameIndex discontinuity: Expected 33658, Received 33661
05-05 15:24:33.207   715  9200 I [CT]    : L:Behavior:AtRest: activated
05-05 15:24:33.207   715  9200 I [CT]    : AdHocPatch: [Left] t = 61.022s, behavior transition: None -> AtRest at 61.072s
05-05 15:24:33.219  2129  2185 I GuardianSystem: UpdateGuardianSystemState: Flags changed: 532480, 524288
05-05 15:24:33.253   715  9200 I [CT]    : L:Behavior:AtRest: deactivated
05-05 15:24:33.254   715  9200 I [CT]    : AdHocPatch: [Left] t = 61.068s, behavior transition: AtRest -> None at 61.118s
05-05 15:24:33.269   715  9200 I [CT]    : L:Behavior:AtRest: activated
05-05 15:24:33.270   715  9200 I [CT]    : AdHocPatch: [Left] t = 61.084s, behavior transition: None -> AtRest at 61.134s
05-05 15:24:33.270  2129  2185 I GuardianSystem: UpdateGuardianSystemState: Flags changed: 524288, 532480
05-05 15:24:33.279   715  9200 I [CT]    : L:Behavior:AtRest: deactivated
05-05 15:24:33.280   715  9200 I [CT]    : AdHocPatch: [Left] t = 61.094s, behavior transition: AtRest -> None at 61.144s
05-05 15:24:33.301  2129  2375 W VrApi   : ovr_SubmitFrameInternal: FrameIndex discontinuity: Expected 33666, Received 33668
05-05 15:24:33.396   715  9200 I [CT]    : L:Behavior:AtRest: activated
05-05 15:24:33.396   715  9200 I [CT]    : AdHocPatch: [Left] t = 61.206s, behavior transition: None -> AtRest at 61.256s
05-05 15:24:33.401  2129  2185 I GuardianSystem: UpdateGuardianSystemState: Flags changed: 532480, 524288
05-05 15:24:33.405   715  9200 I [CT]    : L:Behavior:AtRest: deactivated
05-05 15:24:33.406   715  9200 I [CT]    : AdHocPatch: [Left] t = 61.220s, behavior transition: AtRest -> None at 61.270s
05-05 15:24:33.417  2129  2185 I GuardianSystem: UpdateGuardianSystemState: Flags changed: 524288, 532480
05-05 15:24:33.418   715  9200 I [CT]    : L:Behavior:AtRest: activated
05-05 15:24:33.418   715  9200 I [CT]    : AdHocPatch: [Left] t = 61.232s, behavior transition: None -> AtRest at 61.282s
05-05 15:24:33.431  2129  2185 I GuardianSystem: UpdateGuardianSystemState: Flags changed: 532480, 524288
05-05 15:24:33.711   715  9213 I [CT]    : VIPER:MAP_MANAGER: State: TRACKING_PERSISTENT, UUID=d18585e8-d288-4997-b6ff-78495c7eed6a, Num. Persistent maps = 1,  Persistent maps:d18585e8-d288-4997-b6ff-78495c7eed6a,, Ser. Disabled = 00000000-0000-0000-0000-000000000000
05-05 15:24:33.742  2121  9237 I TimeWarp: UpdateClockLevels: Apply pending clock request change: 4,5 -> 4,4
05-05 15:24:33.742  2121  9227 I Clocks  : ReleaseClocks - start
05-05 15:24:33.742   719   719 D         : CPU_CLUSTER_0: No client requests exists, release clocks
05-05 15:24:33.742   719   719 D         : CPU_CLUSTER_1: No client requests exists, release clocks
05-05 15:24:33.743   719   719 D         : GPU: No client requests exists, release clocks
05-05 15:24:33.743   719   719 D         : CPUBW: No client requests exists, release clocks
05-05 15:24:33.744  2121  9227 I Clocks  : ReleaseClocks - end (2.0 ms)
05-05 15:24:33.744  2121  9227 I Clocks  : LockClocks( cpu=4, gpu=4 ) - start
05-05 15:24:33.746  2121  9227 I Clocks  : CPU levels [0, 4]
05-05 15:24:33.746  2121  9227 I Clocks  : GPU levels [0, 5]
05-05 15:24:33.746   719   819 D         : CPU_CLUSTER_0: Client 2121 sends freq request [21, 21]
05-05 15:24:33.746   719   819 D         : CPU_CLUSTER_0: Next Perf Level = (21, 21)
05-05 15:24:33.746   719   819 D         : CPU_CLUSTER_1: Client 2121 sends freq request [26, 26]
05-05 15:24:33.746   719   819 D         : CPU_CLUSTER_1: Next Perf Level = (26, 26)
05-05 15:24:33.746   719   819 D         : CPUBW: Client 2121 sends freq request [8, 11]
05-05 15:24:33.746   719   819 D         : CPUBW: Next Perf Level = (8, 11)
05-05 15:24:33.747   719   819 D         : GPU: Client 2121 sends freq request [6, 6]
05-05 15:24:33.747   719   819 D         : GPU: Next Perf Level = (6, 6)
05-05 15:24:33.747  2121  9227 I Clocks  : LockClocks( cpu=4, gpu=4 ) - end (3.5 ms)
05-05 15:24:33.751   715  9213 I [CT]    : VIPER: Status=6DoF,TRACKING,KF=133,Inl=378,Pts=456,Jit=0.1mm,Issues(Cam/min=0.0,IMU/min=0.0),Exp=(6.6ms,g=7.0,I=75)(5.2ms,g=5.0,I=68)(6.6ms,g=7.0,I=64)(5.6ms,g=5.0,I=69)
05-05 15:24:33.855  9037  9358 I VrApi   : FPS=66,Prd=44ms,Tear=0,Early=0,Stale=15,VSnc=1,Lat=1,Fov=0,CPU4/GPU=4/5,2304/670MHz,OC=FF,TA=0/E0/E0,SP=N/F/F,Mem=1804MHz,Free=1301MB,PSM=0,PLS=0,Temp=33.0C/0.0C,TW=1.26ms,App=14.07ms,GD=1.58ms,CPU&GPU=23.05ms,LCnt=1,GPU%=0.97,CPU%=0.33(W0.45),DSF=1.00
05-05 15:24:33.950   715  9200 I [CT]    : L:Behavior:AtRest: deactivated
05-05 15:24:33.950   715  9200 I [CT]    : AdHocPatch: [Left] t = 61.764s, behavior transition: AtRest -> None at 61.813s
05-05 15:24:33.964   715  9200 I [CT]    : L:Behavior:AtRest: activated
05-05 15:24:33.964   715  9200 I [CT]    : AdHocPatch: [Left] t = 61.778s, behavior transition: None -> AtRest at 61.827s
05-05 15:24:33.976   715  9200 I [CT]    : L:Behavior:AtRest: deactivated
05-05 15:24:33.976   715  9200 I [CT]    : AdHocPatch: [Left] t = 61.790s, behavior transition: AtRest -> None at 61.839s
05-05 15:24:33.980  2129  2185 I GuardianSystem: UpdateGuardianSystemState: Flags changed: 524288, 532480
05-05 15:24:34.012  2129  2375 W VrApi   : ovr_SubmitFrameInternal: FrameIndex discontinuity: Expected 33679, Received 33696
05-05 15:24:34.085   715  9200 I [CT]    : L:Behavior:AtRest: activated
05-05 15:24:34.086   715  9200 I [CT]    : AdHocPatch: [Left] t = 61.900s, behavior transition: None -> AtRest at 61.949s
05-05 15:24:34.097   715  9200 I [CT]    : L:Behavior:AtRest: deactivated
05-05 15:24:34.097   715  9200 I [CT]    : AdHocPatch: [Left] t = 61.912s, behavior transition: AtRest -> None at 61.961s
05-05 15:24:34.098  2129  2185 I GuardianSystem: UpdateGuardianSystemState: Flags changed: 532480, 524288
05-05 15:24:34.116   715  9200 I [CT]    : L:Behavior:AtRest: activated
05-05 15:24:34.116   715  9200 I [CT]    : AdHocPatch: [Left] t = 61.926s, behavior transition: None -> AtRest at 61.975s
05-05 15:24:34.119  2129  2185 I GuardianSystem: UpdateGuardianSystemState: Flags changed: 524288, 532480
05-05 15:24:34.125  2129  2185 I GuardianSystem: UpdateGuardianSystemState: Flags changed: 532480, 524288
05-05 15:24:34.130   715  9200 I [CT]    : L:Behavior:AtRest: deactivated
05-05 15:24:34.130   715  9200 I [CT]    : AdHocPatch: [Left] t = 61.944s, behavior transition: AtRest -> None at 61.993s
05-05 15:24:34.139  2129  2185 I GuardianSystem: UpdateGuardianSystemState: Flags changed: 524288, 532480
05-05 15:24:34.141   715  9200 I [CT]    : L:Behavior:AtRest: activated
05-05 15:24:34.141   715  9200 I [CT]    : AdHocPatch: [Left] t = 61.956s, behavior transition: None -> AtRest at 62.005s
05-05 15:24:34.154  2129  2185 I GuardianSystem: UpdateGuardianSystemState: Flags changed: 532480, 524288
05-05 15:24:34.189   715  9200 I [CT]    : L:Behavior:AtRest: deactivated
05-05 15:24:34.189   715  9200 I [CT]    : AdHocPatch: [Left] t = 62.004s, behavior transition: AtRest -> None at 62.053s
05-05 15:24:34.201  2129  2185 I GuardianSystem: UpdateGuardianSystemState: Flags changed: 524288, 532480
05-05 15:24:34.204   715  9200 I [CT]    : L:Behavior:AtRest: activated
05-05 15:24:34.204   715  9200 I [CT]    : AdHocPatch: [Left] t = 62.018s, behavior transition: None -> AtRest at 62.067s
05-05 15:24:34.218   715  9200 I [CT]    : L:Behavior:AtRest: deactivated
05-05 15:24:34.218   715  9200 I [CT]    : AdHocPatch: [Left] t = 62.032s, behavior transition: AtRest -> None at 62.081s
05-05 15:24:34.234  2129  2375 W VrApi   : ovr_SubmitFrameInternal: FrameIndex discontinuity: Expected 33708, Received 33710
05-05 15:24:34.236   715  9200 I [CT]    : L:Behavior:AtRest: activated
05-05 15:24:34.236   715  9200 I [CT]    : AdHocPatch: [Left] t = 62.050s, behavior transition: None -> AtRest at 62.099s
05-05 15:24:34.249  2129  2185 I GuardianSystem: UpdateGuardianSystemState: Flags changed: 532480, 524288
05-05 15:24:34.285   715  9200 I [CT]    : L:Behavior:AtRest: deactivated
05-05 15:24:34.286   715  9200 I [CT]    : AdHocPatch: [Left] t = 62.100s, behavior transition: AtRest -> None at 62.149s
05-05 15:24:34.299  2129  2185 I GuardianSystem: UpdateGuardianSystemState: Flags changed: 524288, 532480
05-05 15:24:34.301   715  9200 I [CT]    : L:Behavior:AtRest: activated
05-05 15:24:34.302   715  9200 I [CT]    : AdHocPatch: [Left] t = 62.116s, behavior transition: None -> AtRest at 62.165s
05-05 15:24:34.316   715  9200 I [CT]    : L:Behavior:AtRest: deactivated
05-05 15:24:34.316   715  9200 I [CT]    : AdHocPatch: [Left] t = 62.128s, behavior transition: AtRest -> None at 62.177s
05-05 15:24:34.331  2129  2375 W VrApi   : ovr_SubmitFrameInternal: FrameIndex discontinuity: Expected 33713, Received 33715
05-05 15:24:34.368  2121  9237 I TimeWarp: UpdateClockLevels: Apply pending clock request change: 4,4 -> 4,5
05-05 15:24:34.369  2121  9227 I Clocks  : ReleaseClocks - start
05-05 15:24:34.369   719  2043 D         : CPU_CLUSTER_0: No client requests exists, release clocks
05-05 15:24:34.369   719  2043 D         : CPU_CLUSTER_1: No client requests exists, release clocks
05-05 15:24:34.369   719  2043 D         : GPU: No client requests exists, release clocks
05-05 15:24:34.370   719  2043 D         : CPUBW: No client requests exists, release clocks
05-05 15:24:34.370  2121  9227 I Clocks  : ReleaseClocks - end (1.8 ms)
05-05 15:24:34.370  2121  9227 I Clocks  : LockClocks( cpu=4, gpu=5 ) - start
05-05 15:24:34.371  2121  9227 I Clocks  : CPU levels [0, 4]
05-05 15:24:34.371  2121  9227 I Clocks  : GPU levels [0, 5]
05-05 15:24:34.371   719  2791 D         : CPU_CLUSTER_0: Client 2121 sends freq request [21, 21]
05-05 15:24:34.371   719  2791 D         : CPU_CLUSTER_0: Next Perf Level = (21, 21)
05-05 15:24:34.371   719  2791 D         : CPU_CLUSTER_1: Client 2121 sends freq request [26, 26]
05-05 15:24:34.371   719  2791 D         : CPU_CLUSTER_1: Next Perf Level = (26, 26)
05-05 15:24:34.372   719  2791 D         : CPUBW: Client 2121 sends freq request [8, 11]
05-05 15:24:34.372   719  2791 D         : CPUBW: Next Perf Level = (8, 11)
05-05 15:24:34.372   719  2791 D         : GPU: Client 2121 sends freq request [7, 7]
05-05 15:24:34.372   719  2791 D         : GPU: Next Perf Level = (7, 7)
05-05 15:24:34.374  2121  9227 I Clocks  : LockClocks( cpu=4, gpu=5 ) - end (3.3 ms)
05-05 15:24:34.388   715  9200 I [CT]    : L:Behavior:AtRest: activated
05-05 15:24:34.388   715  9200 I [CT]    : AdHocPatch: [Left] t = 62.202s, behavior transition: None -> AtRest at 62.251s
05-05 15:24:34.403  2129  2185 I GuardianSystem: UpdateGuardianSystemState: Flags changed: 532480, 524288
05-05 15:24:34.436   715  9200 I [CT]    : L:Behavior:AtRest: deactivated
05-05 15:24:34.436   715  9200 I [CT]    : AdHocPatch: [Left] t = 62.248s, behavior transition: AtRest -> None at 62.297s
05-05 15:24:34.446   715  9200 I [CT]    : L:Behavior:AtRest: activated
05-05 15:24:34.446   715  9200 I [CT]    : AdHocPatch: [Left] t = 62.260s, behavior transition: None -> AtRest at 62.309s
05-05 15:24:34.527   715  9200 I [CT]    : L:Behavior:AtRest: deactivated
05-05 15:24:34.527   715  9200 I [CT]    : AdHocPatch: [Left] t = 62.342s, behavior transition: AtRest -> None at 62.391s
05-05 15:24:34.539   715  9200 I [CT]    : L:Behavior:AtRest: activated
05-05 15:24:34.540   715  9200 I [CT]    : AdHocPatch: [Left] t = 62.354s, behavior transition: None -> AtRest at 62.403s
05-05 15:24:34.556   715  9200 I [CT]    : L:Behavior:AtRest: deactivated
05-05 15:24:34.556   715  9200 I [CT]    : AdHocPatch: [Left] t = 62.370s, behavior transition: AtRest -> None at 62.419s
05-05 15:24:34.572   715  9200 I [CT]    : L:Behavior:AtRest: activated
05-05 15:24:34.572   715  9200 I [CT]    : AdHocPatch: [Left] t = 62.386s, behavior transition: None -> AtRest at 62.435s
05-05 15:24:34.786  2121  9237 I TimeWarp: UpdateClockLevels: Apply pending clock request change: 4,5 -> 4,4
05-05 15:24:34.786  2121  9227 I Clocks  : ReleaseClocks - start
05-05 15:24:34.787   719  2043 D         : CPU_CLUSTER_0: No client requests exists, release clocks
05-05 15:24:34.788   719  2043 D         : CPU_CLUSTER_1: No client requests exists, release clocks
05-05 15:24:34.788   719  2043 D         : GPU: No client requests exists, release clocks
05-05 15:24:34.788   719  2043 D         : CPUBW: No client requests exists, release clocks
05-05 15:24:34.788  2121  9227 I Clocks  : ReleaseClocks - end (1.9 ms)
05-05 15:24:34.789  2121  9227 I Clocks  : LockClocks( cpu=4, gpu=4 ) - start
05-05 15:24:34.791  2121  9227 I Clocks  : CPU levels [0, 4]
05-05 15:24:34.791  2121  9227 I Clocks  : GPU levels [0, 5]
05-05 15:24:34.791   719   719 D         : CPU_CLUSTER_0: Client 2121 sends freq request [21, 21]
05-05 15:24:34.791   719   719 D         : CPU_CLUSTER_0: Next Perf Level = (21, 21)
05-05 15:24:34.792   719   719 D         : CPU_CLUSTER_1: Client 2121 sends freq request [26, 26]
05-05 15:24:34.792   719   719 D         : CPU_CLUSTER_1: Next Perf Level = (26, 26)
05-05 15:24:34.792   719   719 D         : CPUBW: Client 2121 sends freq request [8, 11]
05-05 15:24:34.792   719   719 D         : CPUBW: Next Perf Level = (8, 11)
05-05 15:24:34.792   719   719 D         : GPU: Client 2121 sends freq request [6, 6]
05-05 15:24:34.792   719   719 D         : GPU: Next Perf Level = (6, 6)
05-05 15:24:34.793  2121  9227 I Clocks  : LockClocks( cpu=4, gpu=4 ) - end (3.2 ms)
05-05 15:24:34.855  9037  9358 I VrApi   : FPS=67,Prd=44ms,Tear=0,Early=0,Stale=12,VSnc=1,Lat=1,Fov=0,CPU4/GPU=4/4,2304/670MHz,OC=FF,TA=0/E0/E0,SP=N/F/F,Mem=1295MHz,Free=1299MB,PSM=0,PLS=0,Temp=33.0C/0.0C,TW=1.49ms,App=17.76ms,GD=3.08ms,CPU&GPU=23.19ms,LCnt=1,GPU%=0.91,CPU%=0.28(W0.35),DSF=1.00
05-05 15:24:35.132   715  9200 I [CT]    : L:Behavior:AtRest: deactivated
05-05 15:24:35.132   715  9200 I [CT]    : AdHocPatch: [Left] t = 62.945s, behavior transition: AtRest -> None at 62.996s
05-05 15:24:35.142   715  9200 I [CT]    : L:Behavior:AtRest: activated
05-05 15:24:35.142   715  9200 I [CT]    : AdHocPatch: [Left] t = 62.955s, behavior transition: None -> AtRest at 63.006s
05-05 15:24:35.252   715  9200 I [CT]    : L:Behavior:AtRest: deactivated
05-05 15:24:35.252   715  9200 I [CT]    : AdHocPatch: [Left] t = 63.065s, behavior transition: AtRest -> None at 63.116s
05-05 15:24:35.254  2129  2185 I GuardianSystem: UpdateGuardianSystemState: Flags changed: 524288, 532480
05-05 15:24:35.266   715  9200 I [CT]    : L:Behavior:AtRest: activated
05-05 15:24:35.266   715  9200 I [CT]    : AdHocPatch: [Left] t = 63.079s, behavior transition: None -> AtRest at 63.130s
05-05 15:24:35.276   715  9200 I [CT]    : L:Behavior:AtRest: deactivated
05-05 15:24:35.276   715  9200 I [CT]    : AdHocPatch: [Left] t = 63.089s, behavior transition: AtRest -> None at 63.140s
05-05 15:24:35.287  2129  2375 W VrApi   : ovr_SubmitFrameInternal: FrameIndex discontinuity: Expected 33722, Received 33748
05-05 15:24:35.358   715  9200 I [CT]    : L:Behavior:AtRest: activated
05-05 15:24:35.358   715  9200 I [CT]    : AdHocPatch: [Left] t = 63.171s, behavior transition: None -> AtRest at 63.222s
05-05 15:24:35.372  2129  2185 I GuardianSystem: UpdateGuardianSystemState: Flags changed: 532480, 524288
05-05 15:24:35.372   715  9200 I [CT]    : L:Behavior:AtRest: deactivated
05-05 15:24:35.372   715  9200 I [CT]    : AdHocPatch: [Left] t = 63.185s, behavior transition: AtRest -> None at 63.236s
05-05 15:24:35.386   715  9200 I [CT]    : L:Behavior:AtRest: activated
05-05 15:24:35.386  2129  2185 I GuardianSystem: UpdateGuardianSystemState: Flags changed: 524288, 532480
05-05 15:24:35.386   715  9200 I [CT]    : AdHocPatch: [Left] t = 63.199s, behavior transition: None -> AtRest at 63.250s
05-05 15:24:35.401  2129  2185 I GuardianSystem: UpdateGuardianSystemState: Flags changed: 532480, 524288
05-05 15:24:35.525   715  9200 I [CT]    : L:Behavior:AtRest: deactivated
05-05 15:24:35.525   715  9200 I [CT]    : AdHocPatch: [Left] t = 63.339s, behavior transition: AtRest -> None at 63.389s
05-05 15:24:35.538   715  9200 I [CT]    : L:Behavior:AtRest: activated
05-05 15:24:35.538   715  9200 I [CT]    : AdHocPatch: [Left] t = 63.351s, behavior transition: None -> AtRest at 63.401s
05-05 15:24:35.585   715  9200 I [CT]    : L:Behavior:AtRest: deactivated
05-05 15:24:35.586   715  9200 I [CT]    : AdHocPatch: [Left] t = 63.399s, behavior transition: AtRest -> None at 63.449s
05-05 15:24:35.616  2129  2185 I GuardianSystem: UpdateGuardianSystemState: Flags changed: 524288, 532480
05-05 15:24:35.623  2129  9266 I Telemetry: App memory usage: PSS=59MB DalvikPSS=1 MB
05-05 15:24:35.647  2129  2375 W VrApi   : ovr_SubmitFrameInternal: FrameIndex discontinuity: Expected 33758, Received 33765
05-05 15:24:35.662   715  9200 I [CT]    : L:Behavior:AtRest: activated
05-05 15:24:35.662   715  9200 I [CT]    : AdHocPatch: [Left] t = 63.475s, behavior transition: None -> AtRest at 63.525s
05-05 15:24:35.676  2129  2185 I GuardianSystem: UpdateGuardianSystemState: Flags changed: 532480, 524288
05-05 15:24:35.705   715  9200 I [CT]    : L:Behavior:AtRest: deactivated
05-05 15:24:35.706   715  9200 I [CT]    : AdHocPatch: [Left] t = 63.519s, behavior transition: AtRest -> None at 63.569s
05-05 15:24:35.719   715  9200 I [CT]    : L:Behavior:AtRest: activated
05-05 15:24:35.720   715  9200 I [CT]    : AdHocPatch: [Left] t = 63.533s, behavior transition: None -> AtRest at 63.583s
05-05 15:24:35.802   715  9200 I [CT]    : L:Behavior:AtRest: deactivated
05-05 15:24:35.802   715  9200 I [CT]    : AdHocPatch: [Left] t = 63.615s, behavior transition: AtRest -> None at 63.665s
05-05 15:24:35.814   715  9200 I [CT]    : L:Behavior:AtRest: activated
05-05 15:24:35.814   715  9200 I [CT]    : AdHocPatch: [Left] t = 63.627s, behavior transition: None -> AtRest at 63.677s
05-05 15:24:35.824   715  9200 I [CT]    : L:Behavior:AtRest: deactivated
05-05 15:24:35.824   715  9200 I [CT]    : AdHocPatch: [Left] t = 63.637s, behavior transition: AtRest -> None at 63.687s
05-05 15:24:35.858  2129  2185 I GuardianSystem: UpdateGuardianSystemState: Flags changed: 524288, 532480
05-05 15:24:35.859  9037  9358 I VrApi   : FPS=65,Prd=44ms,Tear=0,Early=0,Stale=20,VSnc=1,Lat=1,Fov=0,CPU4/GPU=4/4,2304/670MHz,OC=FF,TA=0/E0/E0,SP=N/F/F,Mem=1804MHz,Free=1296MB,PSM=0,PLS=0,Temp=33.0C/0.0C,TW=1.25ms,App=13.44ms,GD=0.00ms,CPU&GPU=24.40ms,LCnt=1,GPU%=0.96,CPU%=0.30(W0.38),DSF=1.00
05-05 15:24:35.872  2121  9237 I TimeWarp: UpdateClockLevels: Apply pending clock request change: 4,4 -> 4,5
05-05 15:24:35.872  2121  9227 I Clocks  : ReleaseClocks - start
05-05 15:24:35.873   719   719 D         : CPU_CLUSTER_0: No client requests exists, release clocks
05-05 15:24:35.873   719   719 D         : CPU_CLUSTER_1: No client requests exists, release clocks
05-05 15:24:35.873   719   719 D         : GPU: No client requests exists, release clocks
05-05 15:24:35.873   719   719 D         : CPUBW: No client requests exists, release clocks
05-05 15:24:35.873  2121  9227 I Clocks  : ReleaseClocks - end (1.4 ms)
05-05 15:24:35.873  2121  9227 I Clocks  : LockClocks( cpu=4, gpu=5 ) - start
05-05 15:24:35.874  2121  9227 I Clocks  : CPU levels [0, 4]
05-05 15:24:35.874  2121  9227 I Clocks  : GPU levels [0, 5]
05-05 15:24:35.874   719  2188 D         : CPU_CLUSTER_0: Client 2121 sends freq request [21, 21]
05-05 15:24:35.874   719  2188 D         : CPU_CLUSTER_0: Next Perf Level = (21, 21)
05-05 15:24:35.875   719  2188 D         : CPU_CLUSTER_1: Client 2121 sends freq request [26, 26]
05-05 15:24:35.875   719  2188 D         : CPU_CLUSTER_1: Next Perf Level = (26, 26)
05-05 15:24:35.875   719  2188 D         : CPUBW: Client 2121 sends freq request [8, 11]
05-05 15:24:35.875   719  2188 D         : CPUBW: Next Perf Level = (8, 11)
05-05 15:24:35.876   719  2188 D         : GPU: Client 2121 sends freq request [7, 7]
05-05 15:24:35.876   719  2188 D         : GPU: Next Perf Level = (7, 7)
05-05 15:24:35.881  2121  9227 I Clocks  : LockClocks( cpu=4, gpu=5 ) - end (7.7 ms)
05-05 15:24:35.889  2129  2375 W VrApi   : ovr_SubmitFrameInternal: FrameIndex discontinuity: Expected 33769, Received 33775
05-05 15:24:36.025   715  9200 I [CT]    : L:Behavior:AtRest: activated
05-05 15:24:36.026   715  9200 I [CT]    : AdHocPatch: [Left] t = 63.839s, behavior transition: None -> AtRest at 63.889s
05-05 15:24:36.032  2129  2185 I GuardianSystem: UpdateGuardianSystemState: Flags changed: 532480, 524288
05-05 15:24:36.076   715  9200 I [CT]    : L:Behavior:AtRest: deactivated
05-05 15:24:36.076   715  9200 I [CT]    : AdHocPatch: [Left] t = 63.885s, behavior transition: AtRest -> None at 63.935s
05-05 15:24:36.083  2129  2185 I GuardianSystem: UpdateGuardianSystemState: Flags changed: 524288, 532480
05-05 15:24:36.084   715  9200 I [CT]    : L:Behavior:AtRest: activated
05-05 15:24:36.084   715  9200 I [CT]    : AdHocPatch: [Left] t = 63.897s, behavior transition: None -> AtRest at 63.947s
05-05 15:24:36.104   715  9200 I [CT]    : L:Behavior:AtRest: deactivated
05-05 15:24:36.104   715  9200 I [CT]    : AdHocPatch: [Left] t = 63.917s, behavior transition: AtRest -> None at 63.967s
05-05 15:24:36.116   715  9200 I [CT]    : L:Behavior:AtRest: activated
05-05 15:24:36.116   715  9200 I [CT]    : AdHocPatch: [Left] t = 63.929s, behavior transition: None -> AtRest at 63.979s
05-05 15:24:36.117  2129  2375 W VrApi   : ovr_SubmitFrameInternal: FrameIndex discontinuity: Expected 33787, Received 33789
05-05 15:24:36.119  2129  2185 I GuardianSystem: UpdateGuardianSystemState: Flags changed: 532480, 524288
05-05 15:24:36.130   715  9200 I [CT]    : L:Behavior:AtRest: deactivated
05-05 15:24:36.130   715  9200 I [CT]    : AdHocPatch: [Left] t = 63.943s, behavior transition: AtRest -> None at 63.993s
05-05 15:24:36.132  2129  2185 I GuardianSystem: UpdateGuardianSystemState: Flags changed: 524288, 532480
05-05 15:24:36.150   715  9200 I [CT]    : L:Behavior:AtRest: activated
05-05 15:24:36.150   715  9200 I [CT]    : AdHocPatch: [Left] t = 63.963s, behavior transition: None -> AtRest at 64.013s
05-05 15:24:36.160  2129  2185 I GuardianSystem: UpdateGuardianSystemState: Flags changed: 532480, 524288
05-05 15:24:36.200   715  9212 I [CT]    : MANAGEMENT:CONSTELLATION: Status=GREEN,, Obj=7745273921483883046,6DOF=1,FusJit=0.003mm,Issues(Cam/min=  0,IMU/min=0), Obj=4212769887286730484,6DOF=1 (estimated),Issues(Cam/min=  0,IMU/min=0)
05-05 15:24:36.253   715  9200 I [CT]    : L:Behavior:AtRest: deactivated
05-05 15:24:36.254   715  9200 I [CT]    : AdHocPatch: [Left] t = 64.067s, behavior transition: AtRest -> None at 64.116s
05-05 15:24:36.269   715  9200 I [CT]    : L:Behavior:AtRest: activated
05-05 15:24:36.269   715  9200 I [CT]    : AdHocPatch: [Left] t = 64.081s, behavior transition: None -> AtRest at 64.130s
05-05 15:24:36.457  2121  9237 I TimeWarp: UpdateClockLevels: Apply pending clock request change: 4,5 -> 4,4
05-05 15:24:36.457  2121  9227 I Clocks  : ReleaseClocks - start
05-05 15:24:36.458   719   819 D         : CPU_CLUSTER_0: No client requests exists, release clocks
05-05 15:24:36.458   719   819 D         : CPU_CLUSTER_1: No client requests exists, release clocks
05-05 15:24:36.458   719   819 D         : GPU: No client requests exists, release clocks
05-05 15:24:36.458   719   819 D         : CPUBW: No client requests exists, release clocks
05-05 15:24:36.459  2121  9227 I Clocks  : ReleaseClocks - end (1.5 ms)
05-05 15:24:36.459  2121  9227 I Clocks  : LockClocks( cpu=4, gpu=4 ) - start
05-05 15:24:36.459  2121  9227 I Clocks  : CPU levels [0, 4]
05-05 15:24:36.459  2121  9227 I Clocks  : GPU levels [0, 5]
05-05 15:24:36.459   719   719 D         : CPU_CLUSTER_0: Client 2121 sends freq request [21, 21]
05-05 15:24:36.460   719   719 D         : CPU_CLUSTER_0: Next Perf Level = (21, 21)
05-05 15:24:36.460   719   719 D         : CPU_CLUSTER_1: Client 2121 sends freq request [26, 26]
05-05 15:24:36.460   719   719 D         : CPU_CLUSTER_1: Next Perf Level = (26, 26)
05-05 15:24:36.460   719   719 D         : CPUBW: Client 2121 sends freq request [8, 11]
05-05 15:24:36.460   719   719 D         : CPUBW: Next Perf Level = (8, 11)
05-05 15:24:36.460   719   719 D         : GPU: Client 2121 sends freq request [6, 6]
05-05 15:24:36.460   719   719 D         : GPU: Next Perf Level = (6, 6)
05-05 15:24:36.460  2121  9227 I Clocks  : LockClocks( cpu=4, gpu=4 ) - end (1.8 ms)
05-05 15:24:36.856  9037  9358 I VrApi   : FPS=66,Prd=44ms,Tear=0,Early=0,Stale=23,VSnc=1,Lat=1,Fov=0,CPU4/GPU=4/5,2304/670MHz,OC=FF,TA=0/E0/E0,SP=N/F/F,Mem=1804MHz,Free=1298MB,PSM=0,PLS=0,Temp=33.0C/0.0C,TW=1.44ms,App=18.34ms,GD=2.00ms,CPU&GPU=23.78ms,LCnt=1,GPU%=0.94,CPU%=0.25(W0.33),DSF=1.00
05-05 15:24:36.996   715  9200 I [CT]    : L:Behavior:AtRest: deactivated
05-05 15:24:36.996   715  9200 I [CT]    : AdHocPatch: [Left] t = 64.809s, behavior transition: AtRest -> None at 64.860s
05-05 15:24:37.010  2129  2185 I GuardianSystem: UpdateGuardianSystemState: Flags changed: 524288, 532480
05-05 15:24:37.012   715  9200 I [CT]    : L:Behavior:AtRest: activated
05-05 15:24:37.012   715  9200 I [CT]    : AdHocPatch: [Left] t = 64.825s, behavior transition: None -> AtRest at 64.876s
05-05 15:24:37.043  2129  2375 W VrApi   : ovr_SubmitFrameInternal: FrameIndex discontinuity: Expected 33794, Received 33820
05-05 15:24:37.044  2129  2185 I GuardianSystem: UpdateGuardianSystemState: Flags changed: 532480, 524288
05-05 15:24:37.092   715  9200 I [CT]    : L:Behavior:AtRest: deactivated
05-05 15:24:37.092   715  9200 I [CT]    : AdHocPatch: [Left] t = 64.905s, behavior transition: AtRest -> None at 64.955s
05-05 15:24:37.115   715  9200 I [CT]    : L:Behavior:AtRest: activated
05-05 15:24:37.115   715  9200 I [CT]    : AdHocPatch: [Left] t = 64.925s, behavior transition: None -> AtRest at 64.975s
05-05 15:24:37.122   715  9200 I [CT]    : L:Behavior:AtRest: deactivated
05-05 15:24:37.122   715  9200 I [CT]    : AdHocPatch: [Left] t = 64.935s, behavior transition: AtRest -> None at 64.985s
05-05 15:24:37.125  2129  2185 I GuardianSystem: UpdateGuardianSystemState: Flags changed: 524288, 532480
05-05 15:24:37.158  2129  2375 W VrApi   : ovr_SubmitFrameInternal: FrameIndex discontinuity: Expected 33822, Received 33825
05-05 15:24:37.250  2121  9237 I TimeWarp: UpdateClockLevels: Apply pending clock request change: 4,4 -> 4,5
05-05 15:24:37.251  2121  9227 I Clocks  : ReleaseClocks - start
05-05 15:24:37.251   719  2791 D         : CPU_CLUSTER_0: No client requests exists, release clocks
05-05 15:24:37.251   719  2791 D         : CPU_CLUSTER_1: No client requests exists, release clocks
05-05 15:24:37.251   719  2791 D         : GPU: No client requests exists, release clocks
05-05 15:24:37.251   719  2791 D         : CPUBW: No client requests exists, release clocks
05-05 15:24:37.252  2121  9227 I Clocks  : ReleaseClocks - end (1.8 ms)
05-05 15:24:37.252  2121  9227 I Clocks  : LockClocks( cpu=4, gpu=5 ) - start
05-05 15:24:37.253  2121  9227 I Clocks  : CPU levels [0, 4]
05-05 15:24:37.258  2121  9227 I Clocks  : GPU levels [0, 5]
05-05 15:24:37.258   719  2043 D         : CPU_CLUSTER_0: Client 2121 sends freq request [21, 21]
05-05 15:24:37.258   719  2043 D         : CPU_CLUSTER_0: Next Perf Level = (21, 21)
05-05 15:24:37.258   719  2043 D         : CPU_CLUSTER_1: Client 2121 sends freq request [26, 26]
05-05 15:24:37.258   719  2043 D         : CPU_CLUSTER_1: Next Perf Level = (26, 26)
05-05 15:24:37.258   719  2043 D         : CPUBW: Client 2121 sends freq request [8, 11]
05-05 15:24:37.258   719  2043 D         : CPUBW: Next Perf Level = (8, 11)
05-05 15:24:37.260   719  2043 D         : GPU: Client 2121 sends freq request [7, 7]
05-05 15:24:37.260   719  2043 D         : GPU: Next Perf Level = (7, 7)
05-05 15:24:37.263  2121  9227 I Clocks  : LockClocks( cpu=4, gpu=5 ) - end (10.3 ms)
05-05 15:24:37.312   715  9213 I [CT]    : VIPER:MAP_MANAGER: State: TRACKING_PERSISTENT, UUID=d18585e8-d288-4997-b6ff-78495c7eed6a, Num. Persistent maps = 1,  Persistent maps:d18585e8-d288-4997-b6ff-78495c7eed6a,, Ser. Disabled = 00000000-0000-0000-0000-000000000000
05-05 15:24:37.323  9037  9055 I InputHooks_Internal: Home Button
05-05 15:24:37.323  9037  9055 I InputHooks_Internal: source is remote, so not setting home key, letting that come from tracking service
05-05 15:24:37.324  2121  2305 I InputManager: HOME BUTTON shared state changed:  hardwar ID 7745273921483883046  UpdateCount: 1 
05-05 15:24:37.332  9037  9357 I InputHooks_Internal: SetHomeButtonDownState hw:  6b7cbd986a24c226 source: 1698898178 time 5999.07
05-05 15:24:37.333  2121  2141 I RecenterTimer: (5999.0676) StartTimer(1.00 0.50)
05-05 15:24:37.351   715  9213 I [CT]    : VIPER: Status=6DoF,TRACKING,KF=133,Inl=363,Pts=456,Jit=0.2mm,Issues(Cam/min=0.0,IMU/min=0.0),Exp=(6.4ms,g=6.0,I=72)(4.6ms,g=4.0,I=61)(6.4ms,g=6.0,I=66)(5.2ms,g=5.0,I=69)
05-05 15:24:37.629   715  9200 I [CT]    : L:Behavior:AtRest: activated
05-05 15:24:37.629   715  9200 I [CT]    : AdHocPatch: [Left] t = 65.444s, behavior transition: None -> AtRest at 65.493s
05-05 15:24:37.641  2129  2185 I GuardianSystem: UpdateGuardianSystemState: Flags changed: 532480, 524288
05-05 15:24:37.643   715  9200 I [CT]    : L:Behavior:AtRest: deactivated
05-05 15:24:37.643   715  9200 I [CT]    : AdHocPatch: [Left] t = 65.458s, behavior transition: AtRest -> None at 65.507s
05-05 15:24:37.656  2129  2185 I GuardianSystem: UpdateGuardianSystemState: Flags changed: 524288, 532480
05-05 15:24:37.662   715  9200 I [CT]    : L:Behavior:AtRest: activated
05-05 15:24:37.662   715  9200 I [CT]    : AdHocPatch: [Left] t = 65.476s, behavior transition: None -> AtRest at 65.525s
05-05 15:24:37.670  2129  2185 I GuardianSystem: UpdateGuardianSystemState: Flags changed: 532480, 524288
05-05 15:24:37.676   715  9200 I [CT]    : L:Behavior:AtRest: deactivated
05-05 15:24:37.676   715  9200 I [CT]    : AdHocPatch: [Left] t = 65.488s, behavior transition: AtRest -> None at 65.537s
05-05 15:24:37.683  2129  2185 I GuardianSystem: UpdateGuardianSystemState: Flags changed: 524288, 532480
05-05 15:24:37.768  9037  9055 I InputHooks_Internal: Home Button
05-05 15:24:37.768  9037  9055 I InputHooks_Internal: source is remote, so not setting home key, letting that come from tracking service
05-05 15:24:37.770  2121  2305 I InputManager: HOME BUTTON shared state changed:  hardwar ID 7745273921483883046  UpdateCount: 2 
05-05 15:24:37.782  9037  9357 I InputHooks_Internal: SetHomeButtonUpState hw:  6b7cbd986a24c226 source: 1698898178 time 5999.52
05-05 15:24:37.859  9037  9358 I VrApi   : FPS=66,Prd=45ms,Tear=0,Early=0,Stale=13,VSnc=1,Lat=1,Fov=0,CPU4/GPU=4/4,2304/710MHz,OC=FF,TA=0/E0/E0,SP=N/F/F,Mem=1804MHz,Free=1303MB,PSM=0,PLS=0,Temp=33.0C/0.0C,TW=1.27ms,App=12.40ms,GD=3.70ms,CPU&GPU=20.20ms,LCnt=1,GPU%=0.86,CPU%=0.26(W0.30),DSF=1.00
05-05 15:24:37.876   715  9200 I [CT]    : L:Behavior:AtRest: activated
05-05 15:24:37.877   715  9200 I [CT]    : AdHocPatch: [Left] t = 65.690s, behavior transition: None -> AtRest at 65.738s
05-05 15:24:37.884  2129  2185 I GuardianSystem: UpdateGuardianSystemState: Flags changed: 532480, 524288
05-05 15:24:38.008   715  9200 I [CT]    : L:Behavior:AtRest: deactivated
05-05 15:24:38.008   715  9200 I [CT]    : AdHocPatch: [Left] t = 65.822s, behavior transition: AtRest -> None at 65.872s
05-05 15:24:38.016   715  9200 I [CT]    : L:Behavior:AtRest: activated
05-05 15:24:38.016   715  9200 I [CT]    : AdHocPatch: [Left] t = 65.830s, behavior transition: None -> AtRest at 65.880s
05-05 15:24:38.036  9037  9357 I SystemUtils_Internal: ovrSystemUtils::StartSystemActivity: confirmQuit (null)
05-05 15:24:38.037  9037  9357 D SystemUtils: Package com.oculus.systemactivities exists on device
05-05 15:24:38.037  9037  9357 I SystemUtils_Internal: Package com.oculus.systemactivities : INSTALLED
05-05 15:24:38.037  9037  9357 I SystemUtils_Internal: Using Anytime UI for cmd: confirmQuit
05-05 15:24:38.038  9037  9357 D SystemUtils: sendBroadcastIntent - action: 'com.oculus.vrshell.intent.action.LAUNCH' data: 'systemux://dialog/exit'intent_pkg: com.YourCompany.ToysGame
05-05 15:24:38.039  9037  9357 D SystemUtils: VR Shell isn't running.
05-05 15:24:38.043  2121  2311 I ScreenCaptureBase: Screen Capture Command:2
05-05 15:24:38.060  1823  1823 D [OAR] ShellControlBroadcastReceiver: onReceive with MainActivity native pointer 3829282040, action com.oculus.vrshell.intent.action.LAUNCH
05-05 15:24:38.062  1823  1823 D [OAR] ShellApplication: ShellEnv is backgrounded or not running.
05-05 15:24:38.062  1823  1823 D [OAR] BroadcastReceiverHelpers: Data URI is systemux://dialog/exit
05-05 15:24:38.064  1061  1559 I ActivityManager: START u0 {act=com.oculus.vrshell.intent.action.LAUNCH flg=0x10000000 pkg=com.oculus.vrshell cmp=com.oculus.vrshell/.MainActivity (has extras)} from uid 10028 on display 0
05-05 15:24:38.070  9037  9055 D UE4     : [2020.05.05-13.24.38:070][956]LogAndroid: Case APP_CMD_LOST_FOCUS
05-05 15:24:38.070  9037  9055 D UE4     : LogAndroidEvents::EnqueueAppEvent : 10, [width=-1, height=-1], tid = 9055, APP_EVENT_STATE_WINDOW_LOST_FOCUS
05-05 15:24:38.070  9037  9037 D UE4     : [GameActivity] onPause: stop memory reporter runnable
05-05 15:24:38.070  9037  9037 D UE4     : [GameActivity] Unregistering sensor listeners
05-05 15:24:38.070  9037  9055 D UE4     : Case APP_CMD_PAUSE
05-05 15:24:38.070  9037  9055 D UE4     : [2020.05.05-13.24.38:070][956]LogAndroid: Case APP_CMD_PAUSE
05-05 15:24:38.070  9037  9055 D UE4     : LogAndroidEvents::EnqueueAppEvent : 6, [width=-1, height=-1], tid = 9055, APP_EVENT_STATE_ON_PAUSE
05-05 15:24:38.070  9037  9055 D UE4     : [2020.05.05-13.24.38:070][956]LogAndroid: event thread, suspending app, acquiring HW window lock.
05-05 15:24:38.070  9037  9055 D UE4     : LogAndroidEvents::EnqueueAppEvent : 15, [width=-1, height=-1], tid = 9055, APP_EVENT_RUN_CALLBACK
05-05 15:24:38.070  9037  9055 D UE4     : [2020.05.05-13.24.38:070][956]LogAndroid: AndroidEGL::  SuspendApp_EventThread, waiting for event manager to process. tid: 9055
05-05 15:24:38.070  9037  9037 D UE4     : [GameActivity] ==============> GameActive.onPause complete!
05-05 15:24:38.072  2121  9237 V Appshot : Appshot client set to com.YourCompany.ToysGame
05-05 15:24:38.072  2121  9237 I CaptureSurfaceManager: Capture NativeWindow: 768 x 768 fmt 1
05-05 15:24:38.072  2121  9237 I CaptureSurfaceManager: Surface Size 768x768
05-05 15:24:38.073  9037  9054 D UE4     : [2020.05.05-13.24.38:073][957]LogAndroidEvents: Display: LogAndroidEvents::DequeueAppEvent : 10, [width=-1, height=-1], APP_EVENT_STATE_WINDOW_LOST_FOCUS
05-05 15:24:38.074  9037  9054 D UE4     : FAppEventManager::Tick processing, 10
05-05 15:24:38.074  9037  9054 D UE4     : [2020.05.05-13.24.38:074][957]LogAndroidEvents: Display: LogAndroidEvents::DequeueAppEvent : 6, [width=-1, height=-1], APP_EVENT_STATE_ON_PAUSE
05-05 15:24:38.074  9037  9054 D UE4     : FAppEventManager::Tick processing, 6
