05-09 15:31:10.991 20093 20129 I RCTVR   : Marker access_token_request_start: duration=374.450207ms start=12575445 end=12575819.4502070006
05-09 15:31:10.991 20093 20129 I RCTVR   : Marker access_token_request_end: duration=938.098328ms start=12575445 end=12576383.0983279999
05-09 15:31:10.991 20093 20129 I AccessTokenForwarderModule: Forwarding token
05-09 15:31:10.991 20093 20129 D AccessTokenForwarder: Get access token
05-09 15:31:11.002  1496  1511 I art     : Background sticky concurrent mark sweep GC freed 16151(1334KB) AllocSpace objects, 17(644KB) LOS objects, 30% free, 3MB/5MB, paused 11.823ms total 53.291ms
05-09 15:31:11.003 20093 20129 I HomeApplication: onAccessToken
05-09 15:31:11.100  1075  1137 W InputDispatcher: channel '5462728 com.YourCompany.ToysGame/com.epicgames.ue4.GameActivity (server)' ~ Consumer closed input channel or an error occurred.  events=0x9
05-09 15:31:11.101  1075  1137 E InputDispatcher: channel '5462728 com.YourCompany.ToysGame/com.epicgames.ue4.GameActivity (server)' ~ Channel is unrecoverably broken and will be disposed!
05-09 15:31:11.102  2096  2297 D VrRuntimeService: VrRuntimeService: binderDied: com.YourCompany.ToysGame
05-09 15:31:11.102  2110  2157 D VrGuardianService: VrGuardianService: binderDied: com.YourCompany.ToysGame
05-09 15:31:11.102  2096  2297 D VrRuntimeService: VrRuntimeService: destroyClientInternal: com.YourCompany.ToysGame, pid: 19457, window: null
05-09 15:31:11.102  2096  2297 I ClientMgr: ClientMgr::DestroyClient: 19457:com.YourCompany.ToysGame
05-09 15:31:11.102  2096  2297 I ClientMgr: ClientMgr::DestroyClient Destroying 2 swapchains for 19457:com.YourCompany.ToysGame
05-09 15:31:11.102  2096  2297 I ClientMgr: ClientMgr::DestroyClient: non-deferred ShutdownResources: 3665 == 3665 
05-09 15:31:11.102  2096  2297 I BufferObject: ovrBufferObjectFactory::Shutdown
05-09 15:31:11.102  2096  2297 I BufferObject: ovrBufferObjectFactory: closing fd=112
05-09 15:31:11.102  2096  2297 I BufferObject: ovrBufferObjectFactory: unmapping Vulkan memory
05-09 15:31:11.102  2096  2297 I BufferObject: ovrBufferObjectFactory: destroying Vulkan buffer=547448501376
05-09 15:31:11.102  2096  2297 I BufferObject: ovrBufferObjectFactory: freeing Vulkan memory=547448671296
05-09 15:31:11.104  1075  1617 D GraphicsStats: Buffer count: 3
05-09 15:31:11.107  1075 12229 I WindowManager: WIN DEATH: Window{5462728 u0 com.YourCompany.ToysGame/com.epicgames.ue4.GameActivity}
05-09 15:31:11.107  1075 12229 W InputDispatcher: Attempted to unregister already unregistered input channel '5462728 com.YourCompany.ToysGame/com.epicgames.ue4.GameActivity (server)'
05-09 15:31:11.108  1075 12229 W WindowManager: Force-removing child win Window{18fdd u0 SurfaceView - com.YourCompany.ToysGame/com.epicgames.ue4.GameActivity} from container Window{5462728 u0 com.YourCompany.ToysGame/com.epicgames.ue4.GameActivity}
05-09 15:31:11.110  1075  1097 I ActivityManager: Process com.YourCompany.ToysGame (pid 19457) has died
05-09 15:31:11.110  1075  1097 D ActivityManager: cleanUpApplicationRecord -- 19457
05-09 15:31:11.110  1075 18439 D ConnectivityService: ConnectivityService NetworkRequestInfo binderDied(NetworkRequest [ LISTEN id=12, [ Capabilities: NOT_RESTRICTED&TRUSTED&NOT_VPN&FOREGROUND] ], android.os.BinderProxy@c6dc752)
05-09 15:31:11.115  1075  1187 E ConnectivityService: RemoteException caught trying to send a callback msg for NetworkRequest [ LISTEN id=12, [ Capabilities: NOT_RESTRICTED&TRUSTED&NOT_VPN&FOREGROUND] ]
05-09 15:31:11.137  1837 20080 I VrApi   : FPS=61,Prd=45ms,Tear=0,Early=58,Stale=12,VSnc=1,Lat=1,Fov=0,CPU4/GPU=4/4,2304/670MHz,OC=FF,TA=0/E0/0,SP=N/F/N,Mem=1804MHz,Free=1238MB,PSM=0,PLS=0,Temp=30.0C/0.0C,TW=1.65ms,App=5.01ms,GD=0.00ms,CPU&GPU=11.65ms,LCnt=2,GPU%=0.38,CPU%=0.36(W0.42),DSF=1.00
05-09 15:31:11.167   716 19545 I [CT]    : L:Behavior:AtRest: deactivated
05-09 15:31:11.167   716 19545 I [CT]    : AdHocPatch: [Left] t = 82.569s, behavior transition: AtRest -> None at 82.616s
05-09 15:31:11.177  2110  2165 I GuardianSystem: UpdateGuardianSystemState: Flags changed: 524288, 532480
05-09 15:31:11.187   716 19545 I [CT]    : L:Behavior:AtRest: activated
05-09 15:31:11.187   716 19545 I [CT]    : AdHocPatch: [Left] t = 82.591s, behavior transition: None -> AtRest at 82.640s
05-09 15:31:11.192 20093 20156 I RCTVRNET: Request complete: time=399 name=OCRelayNetwork_ExploreToolbarQuery docid=2676668749061903 traceid=EeuAUztkyEq code=200
05-09 15:31:11.203   716 19545 I [CT]    : L:Behavior:AtRest: deactivated
05-09 15:31:11.203   716 19545 I [CT]    : AdHocPatch: [Left] t = 82.605s, behavior transition: AtRest -> None at 82.654s
05-09 15:31:11.210  2110  2330 W VrApi   : ovr_SubmitFrameInternal: FrameIndex discontinuity: Expected 127615, Received 127673
05-09 15:31:11.221   716 19545 I [CT]    : L:Behavior:AtRest: activated
05-09 15:31:11.221   716 19545 I [CT]    : AdHocPatch: [Left] t = 82.625s, behavior transition: None -> AtRest at 82.673s
05-09 15:31:11.226  2110  2165 I GuardianSystem: UpdateGuardianSystemState: Flags changed: 532480, 524288
05-09 15:31:11.228   716 19545 I [CT]    : L:Behavior:AtRest: deactivated
05-09 15:31:11.228   716 19545 I [CT]    : AdHocPatch: [Left] t = 82.633s, behavior transition: AtRest -> None at 82.681s
05-09 15:31:11.240  2110  2165 I GuardianSystem: UpdateGuardianSystemState: Flags changed: 524288, 532480
05-09 15:31:11.284   716 19545 I [CT]    : L:Behavior:AtRest: activated
05-09 15:31:11.284   716 19545 I [CT]    : AdHocPatch: [Left] t = 82.685s, behavior transition: None -> AtRest at 82.733s
05-09 15:31:11.284  2110  2165 I GuardianSystem: UpdateGuardianSystemState: Flags changed: 532480, 524288
05-09 15:31:11.297   716 19545 I [CT]    : L:Behavior:AtRest: deactivated
05-09 15:31:11.297   716 19545 I [CT]    : AdHocPatch: [Left] t = 82.701s, behavior transition: AtRest -> None at 82.749s
05-09 15:31:11.310  2110  2165 I GuardianSystem: UpdateGuardianSystemState: Flags changed: 524288, 532480
05-09 15:31:11.330  2110  2330 W VrApi   : ovr_SubmitFrameInternal: FrameIndex discontinuity: Expected 127680, Received 127681
05-09 15:31:11.473   716 19545 I [CT]    : L:Behavior:AtRest: activated
05-09 15:31:11.473   716 19545 I [CT]    : AdHocPatch: [Left] t = 82.877s, behavior transition: None -> AtRest at 82.925s
05-09 15:31:11.492  2110  2165 I GuardianSystem: UpdateGuardianSystemState: Flags changed: 532480, 524288
05-09 15:31:11.542  1837  2347 I OVRPlatform: [CurlHttpClient] Executing HTTP request: https://graph.oculus.com//v1.20/me?fields=current_party{id,leader{id},join_policy,users{id,alias,can_viewer_message,display_name,profile_url,profile_url_small,presence,presence_status,presence_app{id,package_name},presence_deeplink_joinable,presence_deeplink_message,presence_destination_api_name,presence_scoped_user_id,avatar_v2{avatar_image{uri}}},invited_users{id,alias,can_viewer_message,display_name,profile_url,profile_url_small,presence,presence_status,presence_app{id,package_name},avatar_v2{avatar_image{uri}}}}&app_version=210946745
05-09 15:31:11.559 20093 20129 I RvrPnl  : FPS=64.7812/172.889/16.6728, MSPF=0.0154366/5.78406/59.9779, MEMALLOC=9.90453
05-09 15:31:11.576 20093 20110 I GraphQLPrefetch: Completed request for 3650349081704479 in 1282ms
05-09 15:31:11.587 20093 20110 I GraphQLPrefetch: Pushing prefetch responses
05-09 15:31:11.599 20093 20147 I RCTVR_HERMES: [info]: Got data for docid=3650349081704479 from native prefetch
05-09 15:31:11.611   716 19565 I [CT]    : MANAGEMENT:CONSTELLATION: Status=GREEN,, Obj=4212769887286730484,6DOF=1 (estimated),Issues(Cam/min=  0,IMU/min=0), Obj=7745273921483883046,6DOF=1,FusJit=0.0mm,Issues(Cam/min=  0,IMU/min=0)
05-09 15:31:11.621  1837  2348 I OVRPlatform: [HttpRequest] Request `me?fields=current_party{id,leader{id},join_policy,users{id,alias,can_viewer_message,display_name,profile_url,profile_url_small,presence,presence_status,presence_app{id,package_name},presence_deeplink_joinable,presence_deeplink_message,presence_destination_api_name,presence_scoped_user_id,avatar_v2{avatar_image{uri}}},invited_users{id,alias,can_viewer_message,display_name,profile_url,profile_url_small,presence,presence_status,presence_app{id,package_name},avatar_v2{avatar_image{uri}}}}' (id: 14240) succeeded: {"id":"102449717587751"}
05-09 15:31:11.621  1837  2348 I OVRPlatform: [RequestStopwatch] HttpRequestAsync (me?fields=current_party{id,leader{id},join_policy,users{id,alias,can_viewer_message,display_name,profile_url,profile_url_small,presence,presence_status,presence_app{id,package_name},presence_deeplink_joinable,presence_deeplink_message,presence_destination_api_name,presence_scoped_user_id,avatar_v2{avatar_image{uri}}},invited_users{id,alias,can_viewer_message,display_name,profile_url,profile_url_small,presence,presence_status,presence_app{id,package_name},avatar_v2{avatar_image{uri}}}}) took 79.3090 milliseconds
05-09 15:31:11.625  1837  1899 I [OAR] PartyManager: Party Response Parse Time: 0.064844ms
05-09 15:31:11.649 20093 20147 I ReactNativeExecutorHermes: Timestamp- markerPoint: 12577040
05-09 15:31:11.656 20093 20129 D OculusLogger: reportQuickExperimentExposure(sessionless__oculus_store_landing_disk_cache, test, 102449717587751)
05-09 15:31:11.656 20093 20129 D OculusLogger: reportQuickExperimentExposure(sessionless__oculus_feed_scroll_tray_universe, test_always, 102449717587751)
05-09 15:31:11.721   716 19566 I [CT]    : VIPER:MAP_MANAGER: State: TRACKING_PERSISTENT, UUID=66763325-d6dd-4b99-a8f6-39dc1ccde237, Num. Persistent maps = 2,  Persistent maps:022994f1-0c1e-4a65-9817-b24e9f537401,66763325-d6dd-4b99-a8f6-39dc1ccde237,, Ser. Disabled = 00000000-0000-0000-0000-000000000000
05-09 15:31:11.762   716 19566 I [CT]    : VIPER: Status=6DoF,TRACKING,KF=42,Inl=275,Pts=219,Jit=0.4mm,Issues(Cam/min=0.0,IMU/min=0.0),Exp=(8.2ms,g=11.0,I=77)(6.4ms,g=7.0,I=69)(8.2ms,g=11.0,I=67)(7.0ms,g=8.0,I=70)
