05-09 15:30:14.378  1837  1899 I TrackingServiceClient: OVR::TrackingService::ClientSetInterface
05-09 15:30:14.379  1837  1899 I VrApi   : ---------- vrapi_LeaveVrMode [end] ----------
05-09 15:30:14.379  1837  1899 I [OAR] ShellFrameAnalytics: ShellFrame frameFunction: 40798us/7973151us, trace: 0us/30us, process commands: 9898us/109261us, system update: 3991us/62154us, render 485us/30530us, post render 0us/1us
05-09 15:30:14.381  2096  2296 I ClientMgr: Non-overlay clients rendering status has changed: prev=58, curr=59, enabled=1
05-09 15:30:14.383  2096 19591 W TimeWarp: WarpToScreen: No completed frames to display for client 0. submittedFrameIndex = 1550
05-09 15:30:14.383  1837  1899 I [OAR] ShellApp: 0xcb334358 msg: surfaceDestroyed 0xc5059808
05-09 15:30:14.397  2096 19591 W TimeWarp: WarpToScreen: No completed frames to display for client 0. submittedFrameIndex = 1550
05-09 15:30:14.411  2096 19591 W TimeWarp: WarpToScreen: No completed frames to display for client 0. submittedFrameIndex = 1550
05-09 15:30:14.425  2096 19591 W TimeWarp: WarpToScreen: No completed frames to display for client 0. submittedFrameIndex = 1550
05-09 15:30:14.438  2096 19591 W TimeWarp: WarpToScreen: No completed frames to display for client 0. submittedFrameIndex = 1550
05-09 15:30:14.452  2096 19591 W TimeWarp: WarpToScreen: No completed frames to display for client 0. submittedFrameIndex = 1550
05-09 15:30:14.466  2096 19591 W TimeWarp: WarpToScreen: No completed frames to display for client 0. submittedFrameIndex = 1550
05-09 15:30:14.480  2096 19591 W TimeWarp: WarpToScreen: No completed frames to display for client 0. submittedFrameIndex = 1550
05-09 15:30:14.494  2096 19591 W TimeWarp: WarpToScreen: No completed frames to display for client 0. submittedFrameIndex = 1550
05-09 15:30:14.508  2096 19591 W TimeWarp: WarpToScreen: No completed frames to display for client 0. submittedFrameIndex = 1550
05-09 15:30:14.522  2096 19591 W TimeWarp: WarpToScreen: No completed frames to display for client 0. submittedFrameIndex = 1550
05-09 15:30:14.536  2096 19591 W TimeWarp: WarpToScreen: No completed frames to display for client 0. submittedFrameIndex = 1550
05-09 15:30:14.544 19457 19966 D UE4     : [2020.05.09-13.30.14:544][  0]LogRenderer: Reallocating scene render targets to support 128x128 Format 2 NumSamples 4 (Frame:2).
05-09 15:30:14.550  2096 19591 W TimeWarp: WarpToScreen: No completed frames to display for client 0. submittedFrameIndex = 1550
05-09 15:30:14.564  2096 19591 W TimeWarp: WarpToScreen: No completed frames to display for client 0. submittedFrameIndex = 1550
05-09 15:30:14.578 19457 19966 D UE4     : Ensure condition failed: Layout == VK_IMAGE_LAYOUT_SHARED_PRESENT_KHR || Layout == VK_IMAGE_LAYOUT_DEPTH_READ_ONLY_STENCIL_ATTACHMENT_OPTIMAL || Layout == VK_IMAGE_LAYOUT_DEPTH_ATTACHMENT_STENCIL_READ_ONLY_OPTIMAL || Layout == VK_IMAGE_LAYOUT_DEPTH_STENCIL_READ_ONLY_OPTIMAL || Layout == VK_IMAGE_LAYOUT_SHADER_READ_ONLY_OPTIMAL || Layout == VK_IMAGE_LAYOUT_GENERAL [File:D:/Build/++UE4/Sync/Engine/Source/Runtime/VulkanRHI/Private/VulkanDescriptorSets.h] [Line: 1103] 
05-09 15:30:14.578  2096 19591 W TimeWarp: WarpToScreen: No completed frames to display for client 0. submittedFrameIndex = 1550
05-09 15:30:14.578 19457 19966 D UE4     : Invalid Layout 0, Index 2, Type 1
05-09 15:30:14.578 19457 19966 D UE4     : 
05-09 15:30:14.588 19457 19966 D UE4     : [2020.05.09-13.30.14:588][  0]LogStats: FPlatformStackWalk::StackWalkAndDump -  0.010 s
05-09 15:30:14.588 19457 19966 D UE4     : [2020.05.09-13.30.14:588][  0]LogOutputDevice: Error: === Handled ensure: ===
05-09 15:30:14.589 19457 19966 D UE4     : [2020.05.09-13.30.14:589][  0]LogOutputDevice: Error: 
05-09 15:30:14.589 19457 19966 D UE4     : [2020.05.09-13.30.14:589][  0]LogOutputDevice: Error: Ensure condition failed: Layout == VK_IMAGE_LAYOUT_SHARED_PRESENT_KHR || Layout == VK_IMAGE_LAYOUT_DEPTH_READ_ONLY_STENCIL_ATTACHMENT_OPTIMAL || Layout == VK_IMAGE_LAYOUT_DEPTH_ATTACHMENT_STENCIL_READ_ONLY_OPTIMAL || Layout == VK_IMAGE_LAYOUT_DEPTH_STENCIL_READ_ONLY_OPTIMAL || Layout == VK_IMAGE_LAYOUT_SHADER_READ_ONLY_OPTIMAL || Layout == VK_IMAGE_LAYOUT_GENERAL [File:D:/Build/++UE4/Sync/Engine/Source/Runtime/VulkanRHI/Private/VulkanDescriptorSets.h] [Line: 1103]
05-09 15:30:14.589 19457 19966 D UE4     : [2020.05.09-13.30.14:589][  0]LogOutputDevice: Error: Invalid Layout 0, Index 2, Type 1
05-09 15:30:14.589 19457 19966 D UE4     : [2020.05.09-13.30.14:589][  0]LogOutputDevice: Error: 
05-09 15:30:14.589 19457 19966 D UE4     : [2020.05.09-13.30.14:589][  0]LogOutputDevice: Error: Stack: 
05-09 15:30:14.589 19457 19966 D UE4     : [2020.05.09-13.30.14:589][  0]LogOutputDevice: Error: [Callstack] 0x0000007F75974528 libUE4.so(0x0000000008C14528)!bool FVulkanDescriptorSetWriter::WriteTextureView<(VkDescriptorType)2>(unsigned int, FVulkanTextureView const&, VkImageLayout)::{lambda()#1}::operator()() const  []
05-09 15:30:14.589 19457 19966 D UE4     : [2020.05.09-13.30.14:589][  0]LogOutputDevice: Error: [Callstack] 0x0000007F71678214 libUE4.so(0x0000000004918214)!bool FVulkanDescriptorSetWriter::WriteTextureView<(VkDescriptorType)2>(unsigned int, FVulkanTextureView const&, VkImageLayout)  []
05-09 15:30:14.589 19457 19966 D UE4     : [2020.05.09-13.30.14:589][  0]LogOutputDevice: Error: [Callstack] 0x0000007F7165B8E4 libUE4.so(0x00000000048FB8E4)!FVulkanCommandListContext::RHISetShaderTexture(FRHIPixelShader*, unsigned int, FRHITexture*)  []
05-09 15:30:14.589 19457 19966 D UE4     : [2020.05.09-13.30.14:589][  0]LogOutputDevice: Error: [Callstack] 0x0000007F72E4716C libUE4.so(0x00000000060E716C)!FCopySceneColorToCubeFacePS::SetParameters(FRHICommandList&, FViewInfo const&, bool, bool, FLinearColor const&)  []
05-09 15:30:14.589 19457 19966 D UE4     : [2020.05.09-13.30.14:589][  0]LogOutputDevice: Error: [Callstack] 0x0000007F72E46EA0 libUE4.so(0x00000000060E6EA0)!CaptureSceneToScratchCubemap(FRHICommandListImmediate&, FSceneRenderer*, ECubeFace, int, bool, bool, FLinearColor const&)  []
05-09 15:30:14.589 19457 19966 D UE4     : [2020.05.09-13.30.14:589][  0]LogOutputDevice: Error: [Callstack] 0x0000007F72E9C628 libUE4.so(0x000000000613C628)![Unknown]()  []
05-09 15:30:14.589 19457 19966 D UE4     : [2020.05.09-13.30.14:589][  0]LogOutputDevice: Error: [Callstack] 0x0000007F71732F6C libUE4.so(0x00000000049D2F6C)!FNamedTaskThread::ProcessTasksNamedThread(int, bool)  []
05-09 15:30:14.589 19457 19966 D UE4     : [2020.05.09-13.30.14:589][  0]LogOutputDevice: Error: [Callstack] 0x0000007F71731EC0 libUE4.so(0x00000000049D1EC0)!FNamedTaskThread::ProcessTasksUntilQuit(int)  []
05-09 15:30:14.589 19457 19966 D UE4     : [2020.05.09-13.30.14:589][  0]LogOutputDevice: Error: [Callstack] 0x0000007F7275AC94 libUE4.so(0x00000000059FAC94)!RenderingThreadMain(FEvent*)  []
05-09 15:30:14.589 19457 19966 D UE4     : [2020.05.09-13.30.14:589][  0]LogOutputDevice: Error: [Callstack] 0x0000007F727A9D14 libUE4.so(0x0000000005A49D14)!FRenderingThread::Run()  []
05-09 15:30:14.589 19457 19966 D UE4     : [2020.05.09-13.30.14:589][  0]LogOutputDevice: Error: [Callstack] 0x0000007F717CAD34 libUE4.so(0x0000000004A6AD34)!FRunnableThreadPThread::Run()  []
05-09 15:30:14.589 19457 19966 D UE4     : [2020.05.09-13.30.14:589][  0]LogOutputDevice: Error: [Callstack] 0x0000007F7172E154 libUE4.so(0x00000000049CE154)!FRunnableThreadPThread::_ThreadProc(void*)  []
05-09 15:30:14.589 19457 19966 D UE4     : [2020.05.09-13.30.14:589][  0]LogOutputDevice: Error: [Callstack] 0x0000007F984E4458 libc.so(0x0000000000076458)![Unknown]()  []
05-09 15:30:14.589 19457 19966 D UE4     : [2020.05.09-13.30.14:589][  0]LogOutputDevice: Error: [Callstack] 0x0000007F9848C208 libc.so(0x000000000001E208)![Unknown]()  []
05-09 15:30:14.589 19457 19966 D UE4     : [2020.05.09-13.30.14:589][  0]LogOutputDevice: Error: 
05-09 15:30:14.589 19457 19966 D UE4     : [2020.05.09-13.30.14:589][  0]LogStats:                SubmitErrorReport -  0.000 s
05-09 15:30:14.589 19457 19966 D UE4     : [2020.05.09-13.30.14:589][  0]LogStats:                    SendNewReport -  0.000 s
05-09 15:30:14.589 19457 19966 D UE4     : [2020.05.09-13.30.14:589][  0]LogStats:             FDebug::EnsureFailed -  0.012 s
05-09 15:30:14.592  2096 19591 W TimeWarp: WarpToScreen: No completed frames to display for client 0. submittedFrameIndex = 1550
05-09 15:30:14.605  2096 19591 W TimeWarp: WarpToScreen: No completed frames to display for client 0. submittedFrameIndex = 1550
05-09 15:30:14.619  2096 19591 W TimeWarp: WarpToScreen: No completed frames to display for client 0. submittedFrameIndex = 1550
05-09 15:30:14.633  2096 19591 W TimeWarp: WarpToScreen: No completed frames to display for client 0. submittedFrameIndex = 1550
05-09 15:30:14.647  2096 19591 W TimeWarp: WarpToScreen: No completed frames to display for client 0. submittedFrameIndex = 1550
05-09 15:30:14.661  2096 19591 W TimeWarp: WarpToScreen: No completed frames to display for client 0. submittedFrameIndex = 1550
05-09 15:30:14.675  2096 19591 W TimeWarp: WarpToScreen: No completed frames to display for client 0. submittedFrameIndex = 1550
05-09 15:30:14.689  2096 19591 W TimeWarp: WarpToScreen: No completed frames to display for client 0. submittedFrameIndex = 1550
05-09 15:30:14.703  2096 19591 W TimeWarp: WarpToScreen: No completed frames to display for client 0. submittedFrameIndex = 1550
05-09 15:30:14.717  2096 19591 W TimeWarp: WarpToScreen: No completed frames to display for client 0. submittedFrameIndex = 1550
05-09 15:30:14.731  2096 19591 W TimeWarp: WarpToScreen: No completed frames to display for client 0. submittedFrameIndex = 1550
05-09 15:30:14.741 19457 19966 D UE4     : [2020.05.09-13.30.14:741][  0]LogRenderer: Reallocating scene render targets to support 1216x1344 Format 2 NumSamples 4 (Frame:3).
05-09 15:30:14.745  2096 19591 W TimeWarp: WarpToScreen: No completed frames to display for client 0. submittedFrameIndex = 1550
05-09 15:30:14.759  2096 19591 W TimeWarp: WarpToScreen: No completed frames to display for client 0. submittedFrameIndex = 1550
05-09 15:30:14.773  2096 19591 W TimeWarp: WarpToScreen: No completed frames to display for client 0. submittedFrameIndex = 1550
05-09 15:30:14.787  2096 19591 W TimeWarp: WarpToScreen: No completed frames to display for client 0. submittedFrameIndex = 1550
05-09 15:30:14.800  2096 19591 W TimeWarp: WarpToScreen: No completed frames to display for client 0. submittedFrameIndex = 1550
05-09 15:30:14.814  2096 19591 W TimeWarp: WarpToScreen: No completed frames to display for client 0. submittedFrameIndex = 1550
05-09 15:30:14.828  2096 19591 W TimeWarp: WarpToScreen: No completed frames to display for client 0. submittedFrameIndex = 1550
05-09 15:30:14.842  2096 19591 W TimeWarp: WarpToScreen: No completed frames to display for client 0. submittedFrameIndex = 1550
05-09 15:30:14.856  2096 19591 W TimeWarp: WarpToScreen: No completed frames to display for client 0. submittedFrameIndex = 1550
05-09 15:30:14.870  2096 19591 W TimeWarp: WarpToScreen: No completed frames to display for client 0. submittedFrameIndex = 1550
05-09 15:30:14.884  2096 19591 W TimeWarp: WarpToScreen: No completed frames to display for client 0. submittedFrameIndex = 1550
05-09 15:30:14.898  2096 19591 W TimeWarp: WarpToScreen: No completed frames to display for client 0. submittedFrameIndex = 1550
05-09 15:30:14.912  2096 19591 W TimeWarp: WarpToScreen: No completed frames to display for client 0. submittedFrameIndex = 1550
05-09 15:30:14.926  2096 19591 W TimeWarp: WarpToScreen: No completed frames to display for client 0. submittedFrameIndex = 1550
05-09 15:30:14.940  2096 19591 W TimeWarp: WarpToScreen: No completed frames to display for client 0. submittedFrameIndex = 1550
05-09 15:30:14.954  2096 19591 W TimeWarp: WarpToScreen: No completed frames to display for client 0. submittedFrameIndex = 1550
05-09 15:30:14.968  2096 19591 W TimeWarp: WarpToScreen: No completed frames to display for client 0. submittedFrameIndex = 1550
05-09 15:30:14.982  2096 19591 W TimeWarp: WarpToScreen: No completed frames to display for client 0. submittedFrameIndex = 1550
05-09 15:30:14.995  2096 19591 W TimeWarp: WarpToScreen: No completed frames to display for client 0. submittedFrameIndex = 1550
05-09 15:30:15.009  2096 19591 W TimeWarp: WarpToScreen: No completed frames to display for client 0. submittedFrameIndex = 1550
05-09 15:30:15.023  2096 19591 W TimeWarp: WarpToScreen: No completed frames to display for client 0. submittedFrameIndex = 1550
05-09 15:30:15.037  2096 19591 W TimeWarp: WarpToScreen: No completed frames to display for client 0. submittedFrameIndex = 1550
05-09 15:30:15.051  2096 19591 W TimeWarp: WarpToScreen: No completed frames to display for client 0. submittedFrameIndex = 1550
05-09 15:30:15.065  2096 19591 W TimeWarp: WarpToScreen: No completed frames to display for client 0. submittedFrameIndex = 1550
05-09 15:30:15.079  2096 19591 W TimeWarp: WarpToScreen: No completed frames to display for client 0. submittedFrameIndex = 1550
05-09 15:30:15.093  2096 19591 W TimeWarp: WarpToScreen: No completed frames to display for client 0. submittedFrameIndex = 1550
05-09 15:30:15.095 19457 19474 D UE4     : [2020.05.09-13.30.15:095][  0]LogSlate: Slate font cache was flushed
05-09 15:30:15.097  2096  2297 I VrRuntimeService: nativeCreateTextureSwapChain api:vk 2 0x2b 1216 1344 1 3 2 0 15
05-09 15:30:15.107  2096 19591 W TimeWarp: WarpToScreen: No completed frames to display for client 0. submittedFrameIndex = 1550
05-09 15:30:15.113 19457 19970 D UE4     : [2020.05.09-13.30.15:113][  1]LogTcpMessaging: Started Connection to '127.0.0.1:53144'
05-09 15:30:15.113 19457 19970 D UE4     : [2020.05.09-13.30.15:113][  1]LogTcpMessaging: Discovered node 'F73EFAA944B140276D6EEEBB531B91FD' on connection '127.0.0.1:53144'...
05-09 15:30:15.120  2096  2297 I VrRuntimeServer: CreateTextureSwapChain: result importswapchaingles 1
05-09 15:30:15.121  2096 19591 W TimeWarp: WarpToScreen: No completed frames to display for client 0. submittedFrameIndex = 1550
05-09 15:30:15.125 19457 19966 D UE4     : [2020.05.09-13.30.15:125][  1]LogHMD: Allocating Oculus 1216 x 1344 rendertarget swapchain
05-09 15:30:15.133 19457 19967 D UE4     : *** JavaEnvDestructor: 19967
05-09 15:30:15.133 19457 19966 D UE4     : *** JavaEnvDestructor: 19966
05-09 15:30:15.135  2096 19591 W TimeWarp: WarpToScreen: No completed frames to display for client 0. submittedFrameIndex = 1550
05-09 15:30:15.138  2096  3828 I VrRuntimeService: nativeDestroyTextureSwapChain 212
05-09 15:30:15.138 19457 19971 D UE4     : [2020.05.09-13.30.15:138][  2]LogHMD: Allocating Oculus 38 x 42 variable resolution swapchain
05-09 15:30:15.149  2096 19591 W TimeWarp: WarpToScreen: No completed frames to display for client 0. submittedFrameIndex = 1550
05-09 15:30:15.162  2096 19591 W TimeWarp: WarpToScreen: No completed frames to display for client 0. submittedFrameIndex = 1550
05-09 15:30:15.177  2096 19591 W TimeWarp: WarpToScreen: No completed frames to display for client 0. submittedFrameIndex = 1550
05-09 15:30:15.190  2096 19591 W TimeWarp: WarpToScreen: No completed frames to display for client 0. submittedFrameIndex = 1550
05-09 15:30:15.204  2096 19591 W TimeWarp: WarpToScreen: No completed frames to display for client 0. submittedFrameIndex = 1550
05-09 15:30:15.218  2096 19591 W TimeWarp: WarpToScreen: No completed frames to display for client 0. submittedFrameIndex = 1550
05-09 15:30:15.230 19457 19971 W VrRuntimeClient: GetSamplerStateFromClientTexture: not currently supported for Vulkan.
05-09 15:30:15.231 19457 19971 I TrackingServiceClient: setting simple haptics, but not yet connected to socket, open connection...
05-09 15:30:15.231   716  2798 I TrackingService: virtual android::binder::Status OVR::OS::Tracking::TrackingService::getTrackingSocketFileDescriptor(android::os::ParcelFileDescriptor *)
05-09 15:30:15.231   716  2798 D TrackingService: haptic socket already exists
05-09 15:30:15.232 19457 19975 I VrRuntimeClient: FenceChecker::MainLoop - started
05-09 15:30:15.232  2096 19591 W TimeWarp: WarpToScreen: No completed frames to display for client 0. submittedFrameIndex = 1550
05-09 15:30:15.247  2096 19591 I Clocks  : SetSchedFifo( tid=19474, pri=1 ) succeeded
05-09 15:30:15.248  2096 19591 I Clocks  : SetSchedFifo( tid=19971, pri=1 ) succeeded
05-09 15:30:15.248  2096 19591 I Clocks  : SetSchedFifo( tid=19975, pri=1 ) succeeded
05-09 15:30:15.249  2096 19591 I Clocks  : SetSchedFifo( tid=2330, pri=1 ) succeeded
05-09 15:30:15.249  2096 19591 I TimeWarp: UpdateClockLevels: Apply pending clock request change: 3,4 -> 2,3
05-09 15:30:15.250  2096 19583 I Clocks  : ReleaseClocks - start
05-09 15:30:15.250   720  8648 D         : CPU_CLUSTER_0: No client requests exists, release clocks
05-09 15:30:15.250  2096 19591 I TimeWarpProgs: loaded binary layerProgram 2:0x28087:0x0 in 1.1 ms
05-09 15:30:15.250   720  8648 D         : CPU_CLUSTER_1: No client requests exists, release clocks
05-09 15:30:15.251   720  8648 D         : GPU: No client requests exists, release clocks
05-09 15:30:15.251   720  8648 D         : CPUBW: No client requests exists, release clocks
05-09 15:30:15.252  2096 19583 I Clocks  : ReleaseClocks - end (1.7 ms)
05-09 15:30:15.252  2096 19583 I Clocks  : LockClocks( cpu=2, gpu=3 ) - start
05-09 15:30:15.253  2096 19583 I Clocks  : CPU levels [0, 4]
05-09 15:30:15.253  2096 19583 I Clocks  : GPU levels [0, 5]
05-09 15:30:15.253  2096 19591 I TimeWarp: UpdateClockLevels: Apply pending clock request change: 2,3 -> 3,3
05-09 15:30:15.254   720  8043 D         : CPU_CLUSTER_0: Client 2096 sends freq request [21, 21]
05-09 15:30:15.254   720  8043 D         : CPU_CLUSTER_0: Next Perf Level = (21, 21)
05-09 15:30:15.254   720  8043 D         : CPU_CLUSTER_1: Client 2096 sends freq request [18, 18]
05-09 15:30:15.254   720  8043 D         : CPU_CLUSTER_1: Next Perf Level = (18, 18)
05-09 15:30:15.254   720  8043 D         : CPUBW: Client 2096 sends freq request [8, 11]
05-09 15:30:15.254   720  8043 D         : CPUBW: Next Perf Level = (8, 11)
05-09 15:30:15.255   720  8043 D         : GPU: Client 2096 sends freq request [4, 4]
05-09 15:30:15.255   720  8043 D         : GPU: Next Perf Level = (4, 4)
05-09 15:30:15.256  2096 19583 I Clocks  : LockClocks( cpu=2, gpu=3 ) - end (4.0 ms)
05-09 15:30:15.256  2096 19583 I Clocks  : ReleaseClocks - start
05-09 15:30:15.256   720  2572 D         : CPU_CLUSTER_0: No client requests exists, release clocks
05-09 15:30:15.257   720  2572 D         : CPU_CLUSTER_1: No client requests exists, release clocks
05-09 15:30:15.257   720  2572 D         : GPU: No client requests exists, release clocks
05-09 15:30:15.258   720  2572 D         : CPUBW: No client requests exists, release clocks
05-09 15:30:15.258  2096  2296 I VrRuntimeServer: SetCompositorClientEnabled client(2): enabled(0) 0x0
05-09 15:30:15.259  2096 19583 I Clocks  : ReleaseClocks - end (2.6 ms)
05-09 15:30:15.259  2096 19583 I Clocks  : LockClocks( cpu=3, gpu=3 ) - start
05-09 15:30:15.260  2096 19583 I Clocks  : CPU levels [0, 4]
05-09 15:30:15.260  2096 19583 I Clocks  : GPU levels [0, 5]
05-09 15:30:15.260   720  1214 D         : CPU_CLUSTER_0: Client 2096 sends freq request [21, 21]
05-09 15:30:15.260   720  1214 D         : CPU_CLUSTER_0: Next Perf Level = (21, 21)
05-09 15:30:15.261   720  1214 D         : CPU_CLUSTER_1: Client 2096 sends freq request [22, 22]
05-09 15:30:15.261   720  1214 D         : CPU_CLUSTER_1: Next Perf Level = (22, 22)
05-09 15:30:15.261   720  1214 D         : CPUBW: Client 2096 sends freq request [8, 11]
05-09 15:30:15.261   720  1214 D         : CPUBW: Next Perf Level = (8, 11)
05-09 15:30:15.261   720  1214 D         : GPU: Client 2096 sends freq request [4, 4]
05-09 15:30:15.262   720  1214 D         : GPU: Next Perf Level = (4, 4)
05-09 15:30:15.264  2096 19583 I Clocks  : LockClocks( cpu=3, gpu=3 ) - end (5.6 ms)
05-09 15:30:15.284 19457 19476 D UE4     : [GameActivity] Used memory: 1261354
05-09 15:30:15.476  2096 19591 I TimeWarp: UpdateClockLevels: Apply pending clock request change: 3,3 -> 3,4
05-09 15:30:15.476  2096 19583 I Clocks  : ReleaseClocks - start
05-09 15:30:15.477   720   720 D         : CPU_CLUSTER_0: No client requests exists, release clocks
05-09 15:30:15.477   720   720 D         : CPU_CLUSTER_1: No client requests exists, release clocks
05-09 15:30:15.478   720   720 D         : GPU: No client requests exists, release clocks
05-09 15:30:15.478   720   720 D         : CPUBW: No client requests exists, release clocks
05-09 15:30:15.479  2096 19583 I Clocks  : ReleaseClocks - end (2.0 ms)
05-09 15:30:15.479  2096 19583 I Clocks  : LockClocks( cpu=3, gpu=4 ) - start
05-09 15:30:15.480  2096 19583 I Clocks  : CPU levels [0, 4]
05-09 15:30:15.480  2096 19583 I Clocks  : GPU levels [0, 5]
05-09 15:30:15.480   720  8043 D         : CPU_CLUSTER_0: Client 2096 sends freq request [21, 21]
05-09 15:30:15.480   720  8043 D         : CPU_CLUSTER_0: Next Perf Level = (21, 21)
05-09 15:30:15.480   720  8043 D         : CPU_CLUSTER_1: Client 2096 sends freq request [22, 22]
05-09 15:30:15.480   720  8043 D         : CPU_CLUSTER_1: Next Perf Level = (22, 22)
05-09 15:30:15.481   720  8043 D         : CPUBW: Client 2096 sends freq request [8, 11]
05-09 15:30:15.481   720  8043 D         : CPUBW: Next Perf Level = (8, 11)
05-09 15:30:15.482   720  8043 D         : GPU: Client 2096 sends freq request [6, 6]
05-09 15:30:15.482   720  8043 D         : GPU: Next Perf Level = (6, 6)
05-09 15:30:15.484  2096 19583 I Clocks  : LockClocks( cpu=3, gpu=4 ) - end (5.4 ms)
05-09 15:30:15.539 19457 19957 I Telemetry: App memory usage: PSS=1195MB DalvikPSS=2 MB
05-09 15:30:15.542 19457 19957 I VrApi   : FPS=1,Prd=0ms,Tear=0,Early=0,Stale=72,VSnc=0,Lat=1,Fov=0,CPU4/GPU=0/0,1958/670MHz,OC=FF,TA=0/0/0,SP=N/N/N,Mem=1804MHz,Free=1081MB,PSM=0,PLS=0,Temp=0.0C/0.0C,TW=1.76ms,App=16.26ms,GD=0.00ms,CPU&GPU=0.00ms,LCnt=1,GPU%=0.14,CPU%=0.30(W0.33),DSF=1.00
05-09 15:30:15.755  2096 19591 I TimeWarp: UpdateClockLevels: Apply pending clock request change: 3,4 -> 4,4
05-09 15:30:15.755  2096 19583 I Clocks  : ReleaseClocks - start
05-09 15:30:15.756   720  2572 D         : CPU_CLUSTER_0: No client requests exists, release clocks
05-09 15:30:15.756   720  2572 D         : CPU_CLUSTER_1: No client requests exists, release clocks
05-09 15:30:15.756   720  2572 D         : GPU: No client requests exists, release clocks
05-09 15:30:15.756   720  2572 D         : CPUBW: No client requests exists, release clocks
05-09 15:30:15.757  2096 19583 I Clocks  : ReleaseClocks - end (1.8 ms)
05-09 15:30:15.757  2096 19583 I Clocks  : LockClocks( cpu=4, gpu=4 ) - start
05-09 15:30:15.758  2096 19583 I Clocks  : CPU levels [0, 4]
05-09 15:30:15.758  2096 19583 I Clocks  : GPU levels [0, 5]
05-09 15:30:15.759   720  1214 D         : CPU_CLUSTER_0: Client 2096 sends freq request [21, 21]
05-09 15:30:15.759   720  1214 D         : CPU_CLUSTER_0: Next Perf Level = (21, 21)
05-09 15:30:15.759   720  1214 D         : CPU_CLUSTER_1: Client 2096 sends freq request [26, 26]
05-09 15:30:15.759   720  1214 D         : CPU_CLUSTER_1: Next Perf Level = (26, 26)
05-09 15:30:15.759   720  1214 D         : CPUBW: Client 2096 sends freq request [8, 11]
05-09 15:30:15.759   720  1214 D         : CPUBW: Next Perf Level = (8, 11)
05-09 15:30:15.760   720  1214 D         : GPU: Client 2096 sends freq request [6, 6]
05-09 15:30:15.761   720  1214 D         : GPU: Next Perf Level = (6, 6)
05-09 15:30:15.761  2096 19583 I Clocks  : LockClocks( cpu=4, gpu=4 ) - end (3.6 ms)
05-09 15:30:16.053   716 19545 I [CT]    : L:Behavior:AtRest: deactivated
05-09 15:30:16.054   716 19545 I [CT]    : AdHocPatch: [Left] t = 27.458s, behavior transition: AtRest -> None at 27.507s
05-09 15:30:16.069  2110  2165 I GuardianSystem: UpdateGuardianSystemState: Flags changed: 524288, 532480
05-09 15:30:16.072   716 19545 I [CT]    : L:Behavior:AtRest: activated
05-09 15:30:16.072   716 19545 I [CT]    : AdHocPatch: [Left] t = 27.476s, behavior transition: None -> AtRest at 27.525s
05-09 15:30:16.085   716 19545 I [CT]    : L:Behavior:AtRest: deactivated
05-09 15:30:16.086   716 19545 I [CT]    : AdHocPatch: [Left] t = 27.486s, behavior transition: AtRest -> None at 27.535s
05-09 15:30:16.103  2110  2330 W VrApi   : ovr_SubmitFrameInternal: FrameIndex discontinuity: Expected 125629, Received 125895
05-09 15:30:16.116 19457 19957 I VrApi   : FPS=1,Prd=4ms,Tear=0,Early=0,Stale=72,VSnc=0,Lat=1,Fov=0,CPU4/GPU=3/4,2304/670MHz,OC=FF,TA=0/E0/E0,SP=N/F/F,Mem=1804MHz,Free=1077MB,PSM=0,PLS=0,Temp=30.0C/0.0C,TW=1.46ms,App=15.82ms,GD=0.00ms,CPU&GPU=2.73ms,LCnt=1,GPU%=0.84,CPU%=0.47(W0.55),DSF=1.00
05-09 15:30:16.236   716 19545 I [CT]    : L:Behavior:AtRest: activated
05-09 15:30:16.236   716 19545 I [CT]    : AdHocPatch: [Left] t = 27.640s, behavior transition: None -> AtRest at 27.689s
05-09 15:30:16.245  2110  2165 I GuardianSystem: UpdateGuardianSystemState: Flags changed: 532480, 524288
05-09 15:30:16.479  2096 19591 I TimeWarp: UpdateClockLevels: Apply pending clock request change: 4,4 -> 4,5
05-09 15:30:16.479  2096 19583 I Clocks  : ReleaseClocks - start
05-09 15:30:16.480   720  8648 D         : CPU_CLUSTER_0: No client requests exists, release clocks
05-09 15:30:16.480   720  8648 D         : CPU_CLUSTER_1: No client requests exists, release clocks
05-09 15:30:16.480   720  8648 D         : GPU: No client requests exists, release clocks
05-09 15:30:16.480   720  8648 D         : CPUBW: No client requests exists, release clocks
05-09 15:30:16.481  2096 19583 I Clocks  : ReleaseClocks - end (2.2 ms)
05-09 15:30:16.481  2096 19583 I Clocks  : LockClocks( cpu=4, gpu=5 ) - start
05-09 15:30:16.482  2096 19583 I Clocks  : CPU levels [0, 4]
05-09 15:30:16.482  2096 19583 I Clocks  : GPU levels [0, 5]
05-09 15:30:16.482   720  8648 D         : CPU_CLUSTER_0: Client 2096 sends freq request [21, 21]
05-09 15:30:16.482   720  8648 D         : CPU_CLUSTER_0: Next Perf Level = (21, 21)
05-09 15:30:16.482   720  8648 D         : CPU_CLUSTER_1: Client 2096 sends freq request [26, 26]
05-09 15:30:16.482   720  8648 D         : CPU_CLUSTER_1: Next Perf Level = (26, 26)
05-09 15:30:16.483   720  8648 D         : CPUBW: Client 2096 sends freq request [8, 11]
05-09 15:30:16.483   720  8648 D         : CPUBW: Next Perf Level = (8, 11)
05-09 15:30:16.483   720  8648 D         : GPU: Client 2096 sends freq request [7, 7]
05-09 15:30:16.483   720  8648 D         : GPU: Next Perf Level = (7, 7)
05-09 15:30:16.484  2096 19583 I Clocks  : LockClocks( cpu=4, gpu=5 ) - end (2.2 ms)
05-09 15:30:16.604  2096 19591 I TimeWarp: UpdateClockLevels: Apply pending clock request change: 4,5 -> 4,4
05-09 15:30:16.604  2096 19583 I Clocks  : ReleaseClocks - start
05-09 15:30:16.605   720  8043 D         : CPU_CLUSTER_0: No client requests exists, release clocks
05-09 15:30:16.605   720  8043 D         : CPU_CLUSTER_1: No client requests exists, release clocks
05-09 15:30:16.605   720  8043 D         : GPU: No client requests exists, release clocks
05-09 15:30:16.605   720  8043 D         : CPUBW: No client requests exists, release clocks
05-09 15:30:16.606  2096 19583 I Clocks  : ReleaseClocks - end (1.6 ms)
05-09 15:30:16.606  2096 19583 I Clocks  : LockClocks( cpu=4, gpu=4 ) - start
05-09 15:30:16.608  2096 19583 I Clocks  : CPU levels [0, 4]
05-09 15:30:16.608  2096 19583 I Clocks  : GPU levels [0, 5]
05-09 15:30:16.609   720  8043 D         : CPU_CLUSTER_0: Client 2096 sends freq request [21, 21]
05-09 15:30:16.609   720  8043 D         : CPU_CLUSTER_0: Next Perf Level = (21, 21)
05-09 15:30:16.609   720  8043 D         : CPU_CLUSTER_1: Client 2096 sends freq request [26, 26]
05-09 15:30:16.609   720  8043 D         : CPU_CLUSTER_1: Next Perf Level = (26, 26)
05-09 15:30:16.609   720  8043 D         : CPUBW: Client 2096 sends freq request [8, 11]
05-09 15:30:16.609   720  8043 D         : CPUBW: Next Perf Level = (8, 11)
05-09 15:30:16.609   720  8043 D         : GPU: Client 2096 sends freq request [6, 6]
05-09 15:30:16.609   720  8043 D         : GPU: Next Perf Level = (6, 6)
05-09 15:30:16.610  2096 19583 I Clocks  : LockClocks( cpu=4, gpu=4 ) - end (3.7 ms)
05-09 15:30:16.801   716 19566 I [CT]    : HealthReport: ==================================================
05-09 15:30:16.801   716 19566 I [CT]    : Health Report
05-09 15:30:16.801   716 19566 I [CT]    : -------------
05-09 15:30:16.801   716 19566 I [CT]    : 
05-09 15:30:16.801   716 19566 I [CT]    : Reporter #1 (InsideOutHealthMonitor) summary:
05-09 15:30:16.801   716 19566 I [CT]    : Camera: Total Dropped: 0.000000, Total Frame Count: 697 (0.000000%), Camera Reset Count: 0
05-09 15:30:16.801   716 19566 I [CT]    : Camera: Total Single Camera Frame Dropped: 0, Total Frame Count: 697 (0.000000%)
05-09 15:30:16.801   716 19566 I [CT]    : IMU: Total Dropped: 0.000000, Total Sample Count: 28100 (0.000000%)
05-09 15:30:16.801   716 19566 I [CT]    : Magnetometer: Total Dropped: 0.000000, Total Sample Count: 843 (0.000000%)
05-09 15:30:16.801   716 19566 I [CT]    : 
05-09 15:30:16.801   716 19566 I [CT]    : Reporter #1 (InsideOutHealthMonitor) Passed
05-09 15:30:16.801   716 19566 I [CT]    : --------------------------------------------------
05-09 15:30:16.801   716 19566 I [CT]    : Reporter #2 (ConstellationHealthMonitor) summary:
05-09 15:30:16.801   716 19566 I [CT]    : Camera: Total Dropped: 0.000000, Total Frame Count: 698 (0.000000%), Camera Reset Count: 1
05-09 15:30:16.801   716 19566 I [CT]    : Camera: Total Single Camera Frame Dropped: 0, Total Frame Count: 698 (0.000000%)
05-09 15:30:16.801   716 19566 I [CT]    : Controller 4212769887286730484:
05-09 15:30:16.801   716 19566 I [CT]    : IMU: Capture period exceeded threshold.  Largest period: 4.287011 sec
05-09 15:30:16.801   716 19566 I [CT]    : Controllers may have been sleeping
05-09 15:30:16.801   716 19566 I [CT]    : IMU: Total Dropped: 0.000000, Total Sample Count: 11960.975500 (0.000000%)
05-09 15:30:16.801   716 19566 I [CT]    : Controller 7745273921483883046:
05-09 15:30:16.801   716 19566 I [CT]    : IMU: C
05-09 15:30:16.822  1075  1237 E TaskPersister: File error accessing recents directory (directory doesn't exist?).
05-09 15:30:17.115 19457 19957 I VrApi   : FPS=58,Prd=40ms,Tear=0,Early=0,Stale=40,VSnc=1,Lat=1,Fov=0,CPU4/GPU=4/4,2304/670MHz,OC=FF,TA=0/E0/E0,SP=N/F/F,Mem=1804MHz,Free=1074MB,PSM=0,PLS=0,Temp=30.0C/0.0C,TW=1.28ms,App=15.24ms,GD=0.00ms,CPU&GPU=212253.66ms,LCnt=1,GPU%=0.82,CPU%=0.45(W0.50),DSF=1.00
05-09 15:30:17.461   705   822 I crash-uploader: [Crash Reporter Rate Limiting] reset data
05-09 15:30:17.610   716 19565 I [CT]    : MANAGEMENT:CONSTELLATION: Status=GREEN,, Obj=4212769887286730484,6DOF=1 (estimated),Issues(Cam/min=  0,IMU/min=0), Obj=7745273921483883046,6DOF=1,FusJit=0.0mm,Issues(Cam/min=  0,IMU/min=0)
05-09 15:30:17.668   716 19545 I [CT]    : L:Behavior:AtRest: deactivated
05-09 15:30:17.668   716 19545 I [CT]    : AdHocPatch: [Left] t = 29.072s, behavior transition: AtRest -> None at 29.121s
05-09 15:30:17.676   716 19545 I [CT]    : L:Behavior:AtRest: activated
05-09 15:30:17.676   716 19545 I [CT]    : AdHocPatch: [Left] t = 29.080s, behavior transition: None -> AtRest at 29.129s
05-09 15:30:17.721   716 19566 I [CT]    : VIPER:MAP_MANAGER: State: TRACKING_PERSISTENT, UUID=66763325-d6dd-4b99-a8f6-39dc1ccde237, Num. Persistent maps = 2,  Persistent maps:022994f1-0c1e-4a65-9817-b24e9f537401,66763325-d6dd-4b99-a8f6-39dc1ccde237,, Ser. Disabled = 00000000-0000-0000-0000-000000000000
05-09 15:30:17.762   716 19566 I [CT]    : VIPER: Status=6DoF,TRACKING,KF=36,Inl=388,Pts=263,Jit=0.1mm,Issues(Cam/min=0.0,IMU/min=0.0),Exp=(8.0ms,g=10.0,I=78)(5.8ms,g=4.0,I=68)(8.0ms,g=10.0,I=61)(6.6ms,g=8.0,I=68)
05-09 15:30:18.114 19457 19957 I VrApi   : FPS=60,Prd=44ms,Tear=0,Early=0,Stale=31,VSnc=1,Lat=1,Fov=0,CPU4/GPU=4/4,2304/670MHz,OC=FF,TA=0/E0/E0,SP=N/F/F,Mem=1804MHz,Free=1089MB,PSM=0,PLS=0,Temp=30.0C/0.0C,TW=1.33ms,App=14.39ms,GD=0.00ms,CPU&GPU=24.23ms,LCnt=1,GPU%=0.97,CPU%=0.48(W0.58),DSF=1.00
05-09 15:30:18.458   716 19545 I [CT]    : L:Behavior:AtRest: deactivated
05-09 15:30:18.458   716 19545 I [CT]    : AdHocPatch: [Left] t = 29.863s, behavior transition: AtRest -> None at 29.910s
05-09 15:30:18.466  2110  2165 I GuardianSystem: UpdateGuardianSystemState: Flags changed: 524288, 532480
05-09 15:30:18.473   716 19545 I [CT]    : L:Behavior:AtRest: activated
05-09 15:30:18.473   716 19545 I [CT]    : AdHocPatch: [Left] t = 29.879s, behavior transition: None -> AtRest at 29.926s
05-09 15:30:18.492   716 19545 I [CT]    : L:Behavior:AtRest: deactivated
05-09 15:30:18.492   716 19545 I [CT]    : AdHocPatch: [Left] t = 29.897s, behavior transition: AtRest -> None at 29.944s
05-09 15:30:18.498  2110  2330 W VrApi   : ovr_SubmitFrameInternal: FrameIndex discontinuity: Expected 125907, Received 125974
05-09 15:30:18.631   716 19489 I [CT]    : boltlib: DSP utilization(%): 16
05-09 15:30:18.635   716 19545 I [CT]    : L:Behavior:AtRest: activated
05-09 15:30:18.636   716 19545 I [CT]    : AdHocPatch: [Left] t = 30.041s, behavior transition: None -> AtRest at 30.088s
05-09 15:30:18.646  2110  2165 I GuardianSystem: UpdateGuardianSystemState: Flags changed: 532480, 524288
05-09 15:30:18.897 18456 18480 W CPanelService: Detected non-responsive panel app; exiting
05-09 15:30:18.947  1075  1616 I ActivityManager: Process com.oculus.vrshell.home:explore (pid 18456) has died
05-09 15:30:18.947  1075  1616 D ActivityManager: cleanUpApplicationRecord -- 18456
05-09 15:30:18.955   687   687 I Zygote  : Process 18456 exited cleanly (1)
05-09 15:30:18.971  2081  2301 E Security-LocalReporter: UID '10043' is shared by multiple packages: [com.oculus.home, com.oculus.horizon]
05-09 15:30:18.982  2081  2301 I LibraryProvider: running queryApp(com.oculus.vrshell.home) for com.oculus.uid:10043
05-09 15:30:18.982  2081  2301 W LibraryProvider: Cannot find entitlement for com.oculus.vrshell.home
05-09 15:30:18.982  1774  4006 W OVRLibrary: null cursor received for query content://com.oculus.ocms.library/apps/com.oculus.vrshell.home
05-09 15:30:19.027  2096 19591 I TimeWarp: UpdateClockLevels: Apply pending clock request change: 4,4 -> 4,5
05-09 15:30:19.027  2096 19583 I Clocks  : ReleaseClocks - start
05-09 15:30:19.028   720  8043 D         : CPU_CLUSTER_0: No client requests exists, release clocks
05-09 15:30:19.028   720  8043 D         : CPU_CLUSTER_1: No client requests exists, release clocks
05-09 15:30:19.028   720  8043 D         : GPU: No client requests exists, release clocks
05-09 15:30:19.028   720  8043 D         : CPUBW: No client requests exists, release clocks
05-09 15:30:19.029  2096 19583 I Clocks  : ReleaseClocks - end (2.0 ms)
05-09 15:30:19.029  2096 19583 I Clocks  : LockClocks( cpu=4, gpu=5 ) - start
05-09 15:30:19.030  2096 19583 I Clocks  : CPU levels [0, 4]
05-09 15:30:19.030  2096 19583 I Clocks  : GPU levels [0, 5]
05-09 15:30:19.031   720  8648 D         : CPU_CLUSTER_0: Client 2096 sends freq request [21, 21]
05-09 15:30:19.031   720  8648 D         : CPU_CLUSTER_0: Next Perf Level = (21, 21)
05-09 15:30:19.031   720  8648 D         : CPU_CLUSTER_1: Client 2096 sends freq request [26, 26]
05-09 15:30:19.031   720  8648 D         : CPU_CLUSTER_1: Next Perf Level = (26, 26)
05-09 15:30:19.031   720  8648 D         : CPUBW: Client 2096 sends freq request [8, 11]
05-09 15:30:19.031   720  8648 D         : CPUBW: Next Perf Level = (8, 11)
05-09 15:30:19.031   720  8648 D         : GPU: Client 2096 sends freq request [7, 7]
05-09 15:30:19.031   720  8648 D         : GPU: Next Perf Level = (7, 7)
05-09 15:30:19.033  2096 19583 I Clocks  : LockClocks( cpu=4, gpu=5 ) - end (3.3 ms)
05-09 15:30:19.041  2096 19591 I TimeWarp: UpdateClockLevels: Apply pending clock request change: 4,5 -> 4,4
05-09 15:30:19.041  2096 19583 I Clocks  : ReleaseClocks - start
05-09 15:30:19.042   720   821 D         : CPU_CLUSTER_0: No client requests exists, release clocks
05-09 15:30:19.042   720   821 D         : CPU_CLUSTER_1: No client requests exists, release clocks
05-09 15:30:19.042   720   821 D         : GPU: No client requests exists, release clocks
05-09 15:30:19.042   720   821 D         : CPUBW: No client requests exists, release clocks
05-09 15:30:19.043  2096 19583 I Clocks  : ReleaseClocks - end (1.9 ms)
05-09 15:30:19.043  2096 19583 I Clocks  : LockClocks( cpu=4, gpu=4 ) - start
05-09 15:30:19.044  2096 19583 I Clocks  : CPU levels [0, 4]
05-09 15:30:19.044  2096 19583 I Clocks  : GPU levels [0, 5]
05-09 15:30:19.045   720   821 D         : CPU_CLUSTER_0: Client 2096 sends freq request [21, 21]
05-09 15:30:19.045   720   821 D         : CPU_CLUSTER_0: Next Perf Level = (21, 21)
05-09 15:30:19.045   720   821 D         : CPU_CLUSTER_1: Client 2096 sends freq request [26, 26]
05-09 15:30:19.045   720   821 D         : CPU_CLUSTER_1: Next Perf Level = (26, 26)
05-09 15:30:19.045   720   821 D         : CPUBW: Client 2096 sends freq request [8, 11]
05-09 15:30:19.045   720   821 D         : CPUBW: Next Perf Level = (8, 11)
05-09 15:30:19.046   720   821 D         : GPU: Client 2096 sends freq request [6, 6]
05-09 15:30:19.046   720   821 D         : GPU: Next Perf Level = (6, 6)
05-09 15:30:19.047  2096 19583 I Clocks  : LockClocks( cpu=4, gpu=4 ) - end (4.0 ms)
05-09 15:30:19.084  1837  1845 I VideoDirectDecoder: ~VideoDirectDecoder()
05-09 15:30:19.115 19457 19957 I VrApi   : FPS=68,Prd=45ms,Tear=0,Early=0,Stale=3,VSnc=1,Lat=1,Fov=0,CPU4/GPU=4/4,2304/670MHz,OC=FF,TA=0/E0/E0,SP=N/F/F,Mem=1804MHz,Free=1133MB,PSM=0,PLS=0,Temp=30.0C/0.0C,TW=1.55ms,App=12.86ms,GD=3.56ms,CPU&GPU=20.18ms,LCnt=1,GPU%=0.88,CPU%=0.26(W0.35),DSF=1.00
05-09 15:30:19.295  1496 19983 W ContextImpl: Calling a method in the system process without a qualified user: android.app.ContextImpl.sendBroadcast:877 android.content.ContextWrapper.sendBroadcast:421 com.facebook.analytics2.logger.UploadServiceBus.signalJobRan:60 com.facebook.analytics2.logger.UploadJobHandler.exitStateMachine:267 com.facebook.analytics2.logger.UploadJobHandler.handleMessage:97 
05-09 15:30:19.576   716 19545 I [CT]    : L:Behavior:AtRest: deactivated
05-09 15:30:19.576   716 19545 I [CT]    : AdHocPatch: [Left] t = 30.981s, behavior transition: AtRest -> None at 31.029s
05-09 15:30:19.586   716 19545 I [CT]    : L:Behavior:AtRest: activated
05-09 15:30:19.586   716 19545 I [CT]    : AdHocPatch: [Left] t = 30.991s, behavior transition: None -> AtRest at 31.039s
05-09 15:30:19.598   716 19545 I [CT]    : L:Behavior:AtRest: deactivated
05-09 15:30:19.598   716 19545 I [CT]    : AdHocPatch: [Left] t = 31.003s, behavior transition: AtRest -> None at 31.051s
05-09 15:30:19.616   716 19545 I [CT]    : L:Behavior:AtRest: activated
05-09 15:30:19.616   716 19545 I [CT]    : AdHocPatch: [Left] t = 31.021s, behavior transition: None -> AtRest at 31.069s
05-09 15:30:19.636   716 19545 I [CT]    : L:Behavior:AtRest: deactivated
05-09 15:30:19.636   716 19545 I [CT]    : AdHocPatch: [Left] t = 31.041s, behavior transition: AtRest -> None at 31.089s
05-09 15:30:19.668  2110  2165 I GuardianSystem: UpdateGuardianSystemState: Flags changed: 524288, 532480
05-09 15:30:19.695  2110  2330 W VrApi   : ovr_SubmitFrameInternal: FrameIndex discontinuity: Expected 125986, Received 126017
05-09 15:30:19.916   716 19545 I [CT]    : L:Behavior:AtRest: activated
05-09 15:30:19.916   716 19545 I [CT]    : AdHocPatch: [Left] t = 31.321s, behavior transition: None -> AtRest at 31.368s
05-09 15:30:19.921  2110  2165 I GuardianSystem: UpdateGuardianSystemState: Flags changed: 532480, 524288
05-09 15:30:19.928   716 19545 I [CT]    : L:Behavior:AtRest: deactivated
05-09 15:30:19.928   716 19545 I [CT]    : AdHocPatch: [Left] t = 31.333s, behavior transition: AtRest -> None at 31.380s
05-09 15:30:19.934  2110  2165 I GuardianSystem: UpdateGuardianSystemState: Flags changed: 524288, 532480
05-09 15:30:20.006   716 19545 I [CT]    : L:Behavior:AtRest: activated
05-09 15:30:20.006   716 19545 I [CT]    : AdHocPatch: [Left] t = 31.411s, behavior transition: None -> AtRest at 31.458s
05-09 15:30:20.006  2110  2165 I GuardianSystem: UpdateGuardianSystemState: Flags changed: 532480, 524288
05-09 15:30:20.029  2096 19591 I TimeWarp: UpdateClockLevels: Apply pending clock request change: 4,4 -> 4,5
05-09 15:30:20.030  2096 19583 I Clocks  : ReleaseClocks - start
05-09 15:30:20.030   720  2572 D         : CPU_CLUSTER_0: No client requests exists, release clocks
05-09 15:30:20.030   720  2572 D         : CPU_CLUSTER_1: No client requests exists, release clocks
05-09 15:30:20.030   720  2572 D         : GPU: No client requests exists, release clocks
05-09 15:30:20.031   720  2572 D         : CPUBW: No client requests exists, release clocks
05-09 15:30:20.031  2096 19583 I Clocks  : ReleaseClocks - end (1.4 ms)
05-09 15:30:20.031  2096 19583 I Clocks  : LockClocks( cpu=4, gpu=5 ) - start
05-09 15:30:20.032  2096 19583 I Clocks  : CPU levels [0, 4]
05-09 15:30:20.032  2096 19583 I Clocks  : GPU levels [0, 5]
05-09 15:30:20.034   720  8648 D         : CPU_CLUSTER_0: Client 2096 sends freq request [21, 21]
05-09 15:30:20.034   720  8648 D         : CPU_CLUSTER_0: Next Perf Level = (21, 21)
05-09 15:30:20.034   720  8648 D         : CPU_CLUSTER_1: Client 2096 sends freq request [26, 26]
05-09 15:30:20.034   720  8648 D         : CPU_CLUSTER_1: Next Perf Level = (26, 26)
05-09 15:30:20.034   720  8648 D         : CPUBW: Client 2096 sends freq request [8, 11]
05-09 15:30:20.034   720  8648 D         : CPUBW: Next Perf Level = (8, 11)
05-09 15:30:20.035   720  8648 D         : GPU: Client 2096 sends freq request [7, 7]
05-09 15:30:20.035   720  8648 D         : GPU: Next Perf Level = (7, 7)
05-09 15:30:20.037  2096 19583 I Clocks  : LockClocks( cpu=4, gpu=5 ) - end (5.4 ms)
05-09 15:30:20.123 19457 19957 I VrApi   : FPS=62,Prd=45ms,Tear=0,Early=0,Stale=25,VSnc=1,Lat=1,Fov=0,CPU4/GPU=4/4,2304/710MHz,OC=FF,TA=0/E0/E0,SP=N/F/F,Mem=1804MHz,Free=1149MB,PSM=0,PLS=0,Temp=30.0C/0.0C,TW=1.29ms,App=13.49ms,GD=0.00ms,CPU&GPU=23.94ms,LCnt=1,GPU%=0.97,CPU%=0.23(W0.33),DSF=1.00
05-09 15:30:20.294  2096 19591 I TimeWarp: UpdateClockLevels: Apply pending clock request change: 4,5 -> 4,4
05-09 15:30:20.294  2096 19583 I Clocks  : ReleaseClocks - start
05-09 15:30:20.294   720  8648 D         : CPU_CLUSTER_0: No client requests exists, release clocks
05-09 15:30:20.295   720  8648 D         : CPU_CLUSTER_1: No client requests exists, release clocks
05-09 15:30:20.295   720  8648 D         : GPU: No client requests exists, release clocks
05-09 15:30:20.295   720  8648 D         : CPUBW: No client requests exists, release clocks
05-09 15:30:20.295  2096 19583 I Clocks  : ReleaseClocks - end (1.0 ms)
05-09 15:30:20.295  2096 19583 I Clocks  : LockClocks( cpu=4, gpu=4 ) - start
05-09 15:30:20.296  2096 19583 I Clocks  : CPU levels [0, 4]
05-09 15:30:20.296  2096 19583 I Clocks  : GPU levels [0, 5]
05-09 15:30:20.296   720  8648 D         : CPU_CLUSTER_0: Client 2096 sends freq request [21, 21]
05-09 15:30:20.296   720  8648 D         : CPU_CLUSTER_0: Next Perf Level = (21, 21)
05-09 15:30:20.296   720  8648 D         : CPU_CLUSTER_1: Client 2096 sends freq request [26, 26]
05-09 15:30:20.296   720  8648 D         : CPU_CLUSTER_1: Next Perf Level = (26, 26)
05-09 15:30:20.296   720  8648 D         : CPUBW: Client 2096 sends freq request [8, 11]
05-09 15:30:20.296   720  8648 D         : CPUBW: Next Perf Level = (8, 11)
05-09 15:30:20.297   720  8648 D         : GPU: Client 2096 sends freq request [6, 6]
05-09 15:30:20.297   720  8648 D         : GPU: Next Perf Level = (6, 6)
05-09 15:30:20.297  2096 19583 I Clocks  : LockClocks( cpu=4, gpu=4 ) - end (1.6 ms)
05-09 15:30:21.115 19457 19957 I VrApi   : FPS=65,Prd=45ms,Tear=0,Early=0,Stale=21,VSnc=1,Lat=1,Fov=0,CPU4/GPU=4/5,2304/670MHz,OC=FF,TA=0/E0/E0,SP=N/F/F,Mem=1804MHz,Free=1150MB,PSM=0,PLS=0,Temp=30.0C/0.0C,TW=1.30ms,App=13.26ms,GD=0.00ms,CPU&GPU=20.89ms,LCnt=1,GPU%=0.94,CPU%=0.24(W0.36),DSF=1.00
05-09 15:30:21.209   716 19565 I [CT]    : MANAGEMENT:CONSTELLATION: Status=GREEN,, Obj=4212769887286730484,6DOF=1 (estimated),Issues(Cam/min=  0,IMU/min=0), Obj=7745273921483883046,6DOF=1,FusJit=0.0mm,Issues(Cam/min=  0,IMU/min=0)
05-09 15:30:21.319   716 19566 I [CT]    : VIPER:MAP_MANAGER: State: TRACKING_PERSISTENT, UUID=66763325-d6dd-4b99-a8f6-39dc1ccde237, Num. Persistent maps = 2,  Persistent maps:022994f1-0c1e-4a65-9817-b24e9f537401,66763325-d6dd-4b99-a8f6-39dc1ccde237,, Ser. Disabled = 00000000-0000-0000-0000-000000000000
05-09 15:30:21.360   716 19566 I [CT]    : VIPER: Status=6DoF,TRACKING,KF=36,Inl=315,Pts=263,Jit=0.2mm,Issues(Cam/min=0.0,IMU/min=0.0),Exp=(7.5ms,g=9.0,I=78)(4.3ms,g=4.0,I=72)(7.5ms,g=9.0,I=64)(6.3ms,g=7.0,I=69)
05-09 15:30:21.410  1496  1985 I UploadManager: Scheduling jobbId 2131165248 within interval (900000, 2700000)
05-09 15:30:21.605   716 19545 I [CT]    : L:Behavior:AtRest: deactivated
05-09 15:30:21.605   716 19545 I [CT]    : AdHocPatch: [Left] t = 33.006s, behavior transition: AtRest -> None at 33.054s
05-09 15:30:21.616   716 19545 I [CT]    : L:Behavior:AtRest: activated
05-09 15:30:21.616   716 19545 I [CT]    : AdHocPatch: [Left] t = 33.020s, behavior transition: None -> AtRest at 33.068s
05-09 15:30:21.664   716 19545 I [CT]    : L:Behavior:AtRest: deactivated
05-09 15:30:21.664   716 19545 I [CT]    : AdHocPatch: [Left] t = 33.068s, behavior transition: AtRest -> None at 33.116s
05-09 15:30:21.693  2110  2165 I GuardianSystem: UpdateGuardianSystemState: Flags changed: 524288, 532480
05-09 15:30:21.727  2110  2330 W VrApi   : ovr_SubmitFrameInternal: FrameIndex discontinuity: Expected 126041, Received 126092
05-09 15:30:21.978   716 19545 I [CT]    : L:Behavior:AtRest: activated
05-09 15:30:21.978   716 19545 I [CT]    : AdHocPatch: [Left] t = 33.382s, behavior transition: None -> AtRest at 33.430s
05-09 15:30:21.981  2110  2165 I GuardianSystem: UpdateGuardianSystemState: Flags changed: 532480, 524288
05-09 15:30:22.116 19457 19957 I VrApi   : FPS=69,Prd=45ms,Tear=0,Early=0,Stale=2,VSnc=1,Lat=1,Fov=0,CPU4/GPU=4/4,2304/670MHz,OC=FF,TA=0/E0/E0,SP=N/F/F,Mem=1804MHz,Free=1149MB,PSM=0,PLS=0,Temp=30.0C/0.0C,TW=1.27ms,App=12.14ms,GD=0.00ms,CPU&GPU=17.45ms,LCnt=1,GPU%=0.86,CPU%=0.18(W0.33),DSF=1.00
05-09 15:30:22.299  2096 19591 I TimeWarp: UpdateClockLevels: Apply pending clock request change: 4,4 -> 4,5
05-09 15:30:22.299  2096 19583 I Clocks  : ReleaseClocks - start
05-09 15:30:22.300   720   821 D         : CPU_CLUSTER_0: No client requests exists, release clocks
05-09 15:30:22.300   720   821 D         : CPU_CLUSTER_1: No client requests exists, release clocks
05-09 15:30:22.300   720   821 D         : GPU: No client requests exists, release clocks
05-09 15:30:22.300   720   821 D         : CPUBW: No client requests exists, release clocks
05-09 15:30:22.301  2096 19583 I Clocks  : ReleaseClocks - end (1.5 ms)
05-09 15:30:22.301  2096 19583 I Clocks  : LockClocks( cpu=4, gpu=5 ) - start
05-09 15:30:22.301  2096 19583 I Clocks  : CPU levels [0, 4]
05-09 15:30:22.301  2096 19583 I Clocks  : GPU levels [0, 5]
05-09 15:30:22.302   720  8043 D         : CPU_CLUSTER_0: Client 2096 sends freq request [21, 21]
05-09 15:30:22.302   720  8043 D         : CPU_CLUSTER_0: Next Perf Level = (21, 21)
05-09 15:30:22.302   720  8043 D         : CPU_CLUSTER_1: Client 2096 sends freq request [26, 26]
05-09 15:30:22.302   720  8043 D         : CPU_CLUSTER_1: Next Perf Level = (26, 26)
05-09 15:30:22.302   720  8043 D         : CPUBW: Client 2096 sends freq request [8, 11]
05-09 15:30:22.302   720  8043 D         : CPUBW: Next Perf Level = (8, 11)
05-09 15:30:22.302   720  8043 D         : GPU: Client 2096 sends freq request [7, 7]
05-09 15:30:22.303   720  8043 D         : GPU: Next Perf Level = (7, 7)
05-09 15:30:22.304  2096 19583 I Clocks  : LockClocks( cpu=4, gpu=5 ) - end (3.2 ms)
05-09 15:30:22.383  2096 19591 I TimeWarp: UpdateClockLevels: Apply pending clock request change: 4,5 -> 4,4
05-09 15:30:22.383  2096 19583 I Clocks  : ReleaseClocks - start
05-09 15:30:22.383   720  1214 D         : CPU_CLUSTER_0: No client requests exists, release clocks
05-09 15:30:22.383   720  1214 D         : CPU_CLUSTER_1: No client requests exists, release clocks
05-09 15:30:22.383   720  1214 D         : GPU: No client requests exists, release clocks
05-09 15:30:22.384   720  1214 D         : CPUBW: No client requests exists, release clocks
05-09 15:30:22.386  2096 19583 I Clocks  : ReleaseClocks - end (3.4 ms)
05-09 15:30:22.386  2096 19583 I Clocks  : LockClocks( cpu=4, gpu=4 ) - start
05-09 15:30:22.387  2096 19583 I Clocks  : CPU levels [0, 4]
05-09 15:30:22.387  2096 19583 I Clocks  : GPU levels [0, 5]
05-09 15:30:22.388   720  1214 D         : CPU_CLUSTER_0: Client 2096 sends freq request [21, 21]
05-09 15:30:22.388   720  1214 D         : CPU_CLUSTER_0: Next Perf Level = (21, 21)
05-09 15:30:22.388   720  1214 D         : CPU_CLUSTER_1: Client 2096 sends freq request [26, 26]
05-09 15:30:22.388   720  1214 D         : CPU_CLUSTER_1: Next Perf Level = (26, 26)
05-09 15:30:22.388   720  1214 D         : CPUBW: Client 2096 sends freq request [8, 11]
05-09 15:30:22.388   720  1214 D         : CPUBW: Next Perf Level = (8, 11)
05-09 15:30:22.389   720  1214 D         : GPU: Client 2096 sends freq request [6, 6]
05-09 15:30:22.389   720  1214 D         : GPU: Next Perf Level = (6, 6)
05-09 15:30:22.389  2096 19583 I Clocks  : LockClocks( cpu=4, gpu=4 ) - end (2.7 ms)
05-09 15:30:22.800   716 19566 I [CT]    : HealthReport: ==================================================
05-09 15:30:22.800   716 19566 I [CT]    : Health Report
05-09 15:30:22.800   716 19566 I [CT]    : -------------
05-09 15:30:22.800   716 19566 I [CT]    : 
05-09 15:30:22.800   716 19566 I [CT]    : Reporter #1 (InsideOutHealthMonitor) summary:
