05-05 16:56:00.467   715 12852 I [CT]    : AdHocPatch: [Left] t = 29.012s, behavior transition: None -> AtRest at 29.061s
05-05 16:56:00.481   715 12852 I [CT]    : L:Behavior:AtRest: deactivated
05-05 16:56:00.481   715 12852 I [CT]    : AdHocPatch: [Left] t = 29.026s, behavior transition: AtRest -> None at 29.075s
05-05 16:56:00.497  2129  2185 I GuardianSystem: UpdateGuardianSystemState: Flags changed: 524288, 532480
05-05 16:56:00.529  2129  2375 W VrApi   : ovr_SubmitFrameInternal: FrameIndex discontinuity: Expected 49511, Received 49513
05-05 16:56:00.533   715 12852 I [CT]    : L:Behavior:AtRest: activated
05-05 16:56:00.533   715 12852 I [CT]    : AdHocPatch: [Left] t = 29.078s, behavior transition: None -> AtRest at 29.127s
05-05 16:56:00.544  2129  2185 I GuardianSystem: UpdateGuardianSystemState: Flags changed: 532480, 524288
05-05 16:56:00.570   715 12852 I [CT]    : L:Behavior:AtRest: deactivated
05-05 16:56:00.571   715 12852 I [CT]    : AdHocPatch: [Left] t = 29.116s, behavior transition: AtRest -> None at 29.165s
05-05 16:56:00.572  2129  2185 I GuardianSystem: UpdateGuardianSystemState: Flags changed: 524288, 532480
05-05 16:56:00.582   715 12861 I [CT]    : VIPER:MAP_MANAGER: State: TRACKING_PERSISTENT, UUID=d18585e8-d288-4997-b6ff-78495c7eed6a, Num. Persistent maps = 1,  Persistent maps:d18585e8-d288-4997-b6ff-78495c7eed6a,, Ser. Disabled = 00000000-0000-0000-0000-000000000000
05-05 16:56:00.589   715 12852 I [CT]    : L:Behavior:AtRest: activated
05-05 16:56:00.589   715 12852 I [CT]    : AdHocPatch: [Left] t = 29.134s, behavior transition: None -> AtRest at 29.183s
05-05 16:56:00.594  2129  2375 W VrApi   : ovr_SubmitFrameInternal: FrameIndex discontinuity: Expected 49516, Received 49517
05-05 16:56:00.596  2129  2185 I GuardianSystem: UpdateGuardianSystemState: Flags changed: 532480, 524288
05-05 16:56:00.603   715 12852 I [CT]    : L:Behavior:AtRest: deactivated
05-05 16:56:00.603   715 12852 I [CT]    : AdHocPatch: [Left] t = 29.148s, behavior transition: AtRest -> None at 29.197s
05-05 16:56:00.609  2129  2185 I GuardianSystem: UpdateGuardianSystemState: Flags changed: 524288, 532480
05-05 16:56:00.622   715 12861 I [CT]    : VIPER: Status=6DoF,TRACKING,KF=138,Inl=381,Pts=410,Jit=0.2mm,Issues(Cam/min=0.0,IMU/min=0.0),Exp=(9.0ms,g=12.0,I=74)(7.3ms,g=8.0,I=69)(9.0ms,g=12.0,I=67)(7.0ms,g=9.0,I=68)
05-05 16:56:00.714   715 12852 I [CT]    : L:Behavior:AtRest: activated
05-05 16:56:00.714   715 12852 I [CT]    : AdHocPatch: [Left] t = 29.260s, behavior transition: None -> AtRest at 29.308s
05-05 16:56:00.721  2129  2185 I GuardianSystem: UpdateGuardianSystemState: Flags changed: 532480, 524288
05-05 16:56:00.726   715 12852 I [CT]    : L:Behavior:AtRest: deactivated
05-05 16:56:00.727   715 12852 I [CT]    : AdHocPatch: [Left] t = 29.272s, behavior transition: AtRest -> None at 29.320s
05-05 16:56:00.735  2129  2185 I GuardianSystem: UpdateGuardianSystemState: Flags changed: 524288, 532480
05-05 16:56:01.081 12756 13035 I Telemetry: App memory usage: PSS=730MB DalvikPSS=2 MB
05-05 16:56:01.083 12756 13035 I VrApi   : FPS=55,Prd=44ms,Tear=0,Early=0,Stale=51,VSnc=1,Lat=1,Fov=0,CPU4/GPU=4/5,2304/710MHz,OC=FF,TA=0/E0/E0,SP=N/F/F,Mem=1804MHz,Free=1232MB,PSM=0,PLS=0,Temp=31.0C/0.0C,TW=1.56ms,App=15.11ms,GD=2.77ms,CPU&GPU=26.96ms,LCnt=1,GPU%=0.94,CPU%=0.24(W0.29),DSF=1.00
05-05 16:56:01.142   715 12861 I [CT]    : HealthReport: ==================================================
05-05 16:56:01.142   715 12861 I [CT]    : Health Report
05-05 16:56:01.142   715 12861 I [CT]    : -------------
05-05 16:56:01.142   715 12861 I [CT]    : 
05-05 16:56:01.142   715 12861 I [CT]    : Reporter #1 (InsideOutHealthMonitor) summary:
05-05 16:56:01.142   715 12861 I [CT]    : Camera: Total Dropped: 0.000000, Total Frame Count: 734 (0.000000%), Camera Reset Count: 0
05-05 16:56:01.142   715 12861 I [CT]    : Camera: Total Single Camera Frame Dropped: 0, Total Frame Count: 734 (0.000000%)
05-05 16:56:01.142   715 12861 I [CT]    : IMU: Total Dropped: 0.000000, Total Sample Count: 29584 (0.000000%)
05-05 16:56:01.142   715 12861 I [CT]    : Magnetometer: Total Dropped: 0.000000, Total Sample Count: 888 (0.000000%)
05-05 16:56:01.142   715 12861 I [CT]    : 
05-05 16:56:01.142   715 12861 I [CT]    : Reporter #1 (InsideOutHealthMonitor) Passed
05-05 16:56:01.142   715 12861 I [CT]    : --------------------------------------------------
05-05 16:56:01.142   715 12861 I [CT]    : Reporter #2 (ConstellationHealthMonitor) summary:
05-05 16:56:01.142   715 12861 I [CT]    : Camera: Total Dropped: 0.000000, Total Frame Count: 735 (0.000000%), Camera Reset Count: 1
05-05 16:56:01.142   715 12861 I [CT]    : Camera: Total Single Camera Frame Dropped: 0, Total Frame Count: 735 (0.000000%)
05-05 16:56:01.142   715 12861 I [CT]    : Controller 4212769887286730484:
05-05 16:56:01.142   715 12861 I [CT]    : IMU: Capture period exceeded threshold.  Largest period: 1.097438 sec
05-05 16:56:01.142   715 12861 I [CT]    : Controllers may have been sleeping
05-05 16:56:01.142   715 12861 I [CT]    : IMU: Total Dropped: 0.000000, Total Sample Count: 14296.083000 (0.000000%)
05-05 16:56:01.142   715 12861 I [CT]    : Controller 7745273921483883046:
05-05 16:56:01.142   715 12861 I [CT]    : IMU: C
05-05 16:56:01.386   715 12852 I [CT]    : L:Behavior:AtRest: activated
05-05 16:56:01.387   715 12852 I [CT]    : AdHocPatch: [Left] t = 29.933s, behavior transition: None -> AtRest at 29.982s
05-05 16:56:01.387  2129  2185 I GuardianSystem: UpdateGuardianSystemState: Flags changed: 532480, 524288
05-05 16:56:01.398   715 12852 I [CT]    : L:Behavior:AtRest: deactivated
05-05 16:56:01.399   715 12852 I [CT]    : AdHocPatch: [Left] t = 29.945s, behavior transition: AtRest -> None at 29.994s
05-05 16:56:01.401  2129  2185 I GuardianSystem: UpdateGuardianSystemState: Flags changed: 524288, 532480
05-05 16:56:01.526   715 12798 I [CT]    : boltlib: DSP utilization(%): 18
05-05 16:56:01.657   715 12852 I [CT]    : L:Behavior:AtRest: activated
05-05 16:56:01.657 12756 12775 D UE4     : [GameActivity] Used memory: 747753
05-05 16:56:01.657   715 12852 I [CT]    : AdHocPatch: [Left] t = 30.203s, behavior transition: None -> AtRest at 30.251s
05-05 16:56:01.663  2129  2185 I GuardianSystem: UpdateGuardianSystemState: Flags changed: 532480, 524288
05-05 16:56:01.709   715 12852 I [CT]    : L:Behavior:AtRest: deactivated
05-05 16:56:01.709   715 12852 I [CT]    : AdHocPatch: [Left] t = 30.255s, behavior transition: AtRest -> None at 30.303s
05-05 16:56:01.715   715 12852 I [CT]    : L:Behavior:AtRest: activated
05-05 16:56:01.715   715 12852 I [CT]    : AdHocPatch: [Left] t = 30.261s, behavior transition: None -> AtRest at 30.309s
05-05 16:56:01.737 12756 13035 I VrApi   : FPS=57,Prd=45ms,Tear=0,Early=0,Stale=42,VSnc=1,Lat=1,Fov=0,CPU4/GPU=4/5,2304/710MHz,OC=FF,TA=0/E0/E0,SP=N/F/F,Mem=1804MHz,Free=1235MB,PSM=0,PLS=0,Temp=31.0C/0.0C,TW=1.84ms,App=18.64ms,GD=3.55ms,CPU&GPU=26.88ms,LCnt=1,GPU%=0.97,CPU%=0.18(W0.24),DSF=1.00
05-05 16:56:01.824   715 12852 I [CT]    : L:Behavior:AtRest: deactivated
05-05 16:56:01.825   715 12852 I [CT]    : AdHocPatch: [Left] t = 30.371s, behavior transition: AtRest -> None at 30.419s
05-05 16:56:01.841  2129  2185 I GuardianSystem: UpdateGuardianSystemState: Flags changed: 524288, 532480
05-05 16:56:01.874  2129  2375 W VrApi   : ovr_SubmitFrameInternal: FrameIndex discontinuity: Expected 49594, Received 49600
05-05 16:56:01.961   715 12852 I [CT]    : L:Behavior:AtRest: activated
05-05 16:56:01.961   715 12852 I [CT]    : AdHocPatch: [Left] t = 30.507s, behavior transition: None -> AtRest at 30.555s
05-05 16:56:01.973   715 12852 I [CT]    : L:Behavior:AtRest: deactivated
05-05 16:56:01.973   715 12852 I [CT]    : AdHocPatch: [Left] t = 30.519s, behavior transition: AtRest -> None at 30.567s
05-05 16:56:01.991   715 12852 I [CT]    : L:Behavior:AtRest: activated
05-05 16:56:01.991   715 12852 I [CT]    : AdHocPatch: [Left] t = 30.537s, behavior transition: None -> AtRest at 30.585s
05-05 16:56:02.002  2129  2185 I GuardianSystem: UpdateGuardianSystemState: Flags changed: 532480, 524288
05-05 16:56:02.005   715 12852 I [CT]    : L:Behavior:AtRest: deactivated
05-05 16:56:02.005   715 12852 I [CT]    : AdHocPatch: [Left] t = 30.551s, behavior transition: AtRest -> None at 30.599s
05-05 16:56:02.018  2129  2185 I GuardianSystem: UpdateGuardianSystemState: Flags changed: 524288, 532480
05-05 16:56:02.024   715 12852 I [CT]    : L:Behavior:AtRest: activated
05-05 16:56:02.024   715 12852 I [CT]    : AdHocPatch: [Left] t = 30.567s, behavior transition: None -> AtRest at 30.615s
05-05 16:56:02.030  2129  2185 I GuardianSystem: UpdateGuardianSystemState: Flags changed: 532480, 524288
05-05 16:56:02.097   715 12852 I [CT]    : L:Behavior:AtRest: deactivated
05-05 16:56:02.097   715 12852 I [CT]    : AdHocPatch: [Left] t = 30.643s, behavior transition: AtRest -> None at 30.691s
05-05 16:56:02.111  2129  2185 I GuardianSystem: UpdateGuardianSystemState: Flags changed: 524288, 532480
05-05 16:56:02.113   715 12852 I [CT]    : L:Behavior:AtRest: activated
05-05 16:56:02.113   715 12852 I [CT]    : AdHocPatch: [Left] t = 30.659s, behavior transition: None -> AtRest at 30.707s
05-05 16:56:02.125   715 12852 I [CT]    : L:Behavior:AtRest: deactivated
05-05 16:56:02.125   715 12852 I [CT]    : AdHocPatch: [Left] t = 30.671s, behavior transition: AtRest -> None at 30.719s
05-05 16:56:02.143  2129  2375 W VrApi   : ovr_SubmitFrameInternal: FrameIndex discontinuity: Expected 49613, Received 49616
05-05 16:56:02.237   715 12852 I [CT]    : L:Behavior:AtRest: activated
05-05 16:56:02.237   715 12852 I [CT]    : AdHocPatch: [Left] t = 30.783s, behavior transition: None -> AtRest at 30.831s
05-05 16:56:02.244  2129  2185 I GuardianSystem: UpdateGuardianSystemState: Flags changed: 532480, 524288
05-05 16:56:02.245   715 12852 I [CT]    : L:Behavior:AtRest: deactivated
05-05 16:56:02.245   715 12852 I [CT]    : AdHocPatch: [Left] t = 30.791s, behavior transition: AtRest -> None at 30.839s
05-05 16:56:02.257  2129  2185 I GuardianSystem: UpdateGuardianSystemState: Flags changed: 524288, 532480
05-05 16:56:02.361   715 12852 I [CT]    : L:Behavior:AtRest: activated
05-05 16:56:02.361   715 12852 I [CT]    : AdHocPatch: [Left] t = 30.907s, behavior transition: None -> AtRest at 30.954s
05-05 16:56:02.369  2129  2185 I GuardianSystem: UpdateGuardianSystemState: Flags changed: 532480, 524288
05-05 16:56:02.370   715 12852 I [CT]    : L:Behavior:AtRest: deactivated
05-05 16:56:02.370   715 12852 I [CT]    : AdHocPatch: [Left] t = 30.917s, behavior transition: AtRest -> None at 30.964s
05-05 16:56:02.383  2129  2185 I GuardianSystem: UpdateGuardianSystemState: Flags changed: 524288, 532480
05-05 16:56:02.391   715 12852 I [CT]    : L:Behavior:AtRest: activated
05-05 16:56:02.391   715 12852 I [CT]    : AdHocPatch: [Left] t = 30.937s, behavior transition: None -> AtRest at 30.984s
05-05 16:56:02.397  2129  2185 I GuardianSystem: UpdateGuardianSystemState: Flags changed: 532480, 524288
05-05 16:56:02.398   715 12852 I [CT]    : L:Behavior:AtRest: deactivated
05-05 16:56:02.398   715 12852 I [CT]    : AdHocPatch: [Left] t = 30.945s, behavior transition: AtRest -> None at 30.992s
05-05 16:56:02.412  2129  2185 I GuardianSystem: UpdateGuardianSystemState: Flags changed: 524288, 532480
05-05 16:56:02.417   715 12852 I [CT]    : L:Behavior:AtRest: activated
05-05 16:56:02.417   715 12852 I [CT]    : AdHocPatch: [Left] t = 30.963s, behavior transition: None -> AtRest at 31.010s
05-05 16:56:02.426  2129  2185 I GuardianSystem: UpdateGuardianSystemState: Flags changed: 532480, 524288
05-05 16:56:02.429   715 12852 I [CT]    : L:Behavior:AtRest: deactivated
05-05 16:56:02.429   715 12852 I [CT]    : AdHocPatch: [Left] t = 30.975s, behavior transition: AtRest -> None at 31.022s
05-05 16:56:02.440  2129  2185 I GuardianSystem: UpdateGuardianSystemState: Flags changed: 524288, 532480
05-05 16:56:02.509   715 12852 I [CT]    : L:Behavior:AtRest: activated
05-05 16:56:02.509   715 12852 I [CT]    : AdHocPatch: [Left] t = 31.055s, behavior transition: None -> AtRest at 31.102s
05-05 16:56:02.510  2129  2185 I GuardianSystem: UpdateGuardianSystemState: Flags changed: 532480, 524288
05-05 16:56:02.523   715 12852 I [CT]    : L:Behavior:AtRest: deactivated
05-05 16:56:02.523   715 12852 I [CT]    : AdHocPatch: [Left] t = 31.069s, behavior transition: AtRest -> None at 31.116s
05-05 16:56:02.525  2129  2185 I GuardianSystem: UpdateGuardianSystemState: Flags changed: 524288, 532480
05-05 16:56:02.632   715 12852 I [CT]    : L:Behavior:AtRest: activated
05-05 16:56:02.633   715 12852 I [CT]    : AdHocPatch: [Left] t = 31.179s, behavior transition: None -> AtRest at 31.226s
05-05 16:56:02.636  2129  2185 I GuardianSystem: UpdateGuardianSystemState: Flags changed: 532480, 524288
05-05 16:56:02.649   715 12852 I [CT]    : L:Behavior:AtRest: deactivated
05-05 16:56:02.649   715 12852 I [CT]    : AdHocPatch: [Left] t = 31.195s, behavior transition: AtRest -> None at 31.242s
05-05 16:56:02.650  2129  2185 I GuardianSystem: UpdateGuardianSystemState: Flags changed: 524288, 532480
05-05 16:56:02.664   715 12852 I [CT]    : L:Behavior:AtRest: activated
05-05 16:56:02.664   715 12852 I [CT]    : AdHocPatch: [Left] t = 31.209s, behavior transition: None -> AtRest at 31.256s
05-05 16:56:02.667  2129  2185 I GuardianSystem: UpdateGuardianSystemState: Flags changed: 532480, 524288
05-05 16:56:02.675   715 12852 I [CT]    : L:Behavior:AtRest: deactivated
05-05 16:56:02.675   715 12852 I [CT]    : AdHocPatch: [Left] t = 31.221s, behavior transition: AtRest -> None at 31.268s
05-05 16:56:02.680  2129  2185 I GuardianSystem: UpdateGuardianSystemState: Flags changed: 524288, 532480
05-05 16:56:02.742 12756 13035 I VrApi   : FPS=57,Prd=44ms,Tear=0,Early=0,Stale=43,VSnc=1,Lat=1,Fov=0,CPU4/GPU=4/5,2304/710MHz,OC=FF,TA=0/E0/E0,SP=N/F/F,Mem=1804MHz,Free=1235MB,PSM=0,PLS=0,Temp=31.0C/0.0C,TW=1.67ms,App=17.81ms,GD=2.94ms,CPU&GPU=27.42ms,LCnt=1,GPU%=0.96,CPU%=0.23(W0.32),DSF=1.00
05-05 16:56:02.905   715 12852 I [CT]    : L:Behavior:AtRest: activated
05-05 16:56:02.905   715 12852 I [CT]    : AdHocPatch: [Left] t = 31.451s, behavior transition: None -> AtRest at 31.500s
05-05 16:56:02.907  2129  2185 I GuardianSystem: UpdateGuardianSystemState: Flags changed: 532480, 524288
05-05 16:56:02.921   715 12852 I [CT]    : L:Behavior:AtRest: deactivated
05-05 16:56:02.921   715 12852 I [CT]    : AdHocPatch: [Left] t = 31.467s, behavior transition: AtRest -> None at 31.516s
05-05 16:56:02.934   715 12852 I [CT]    : L:Behavior:AtRest: activated
05-05 16:56:02.935   715 12852 I [CT]    : AdHocPatch: [Left] t = 31.481s, behavior transition: None -> AtRest at 31.530s
05-05 16:56:02.946   715 12852 I [CT]    : L:Behavior:AtRest: deactivated
05-05 16:56:02.946   715 12852 I [CT]    : AdHocPatch: [Left] t = 31.493s, behavior transition: AtRest -> None at 31.542s
05-05 16:56:02.955  2129  2185 I GuardianSystem: UpdateGuardianSystemState: Flags changed: 524288, 532480
05-05 16:56:02.965   715 12852 I [CT]    : L:Behavior:AtRest: activated
05-05 16:56:02.965   715 12852 I [CT]    : AdHocPatch: [Left] t = 31.511s, behavior transition: None -> AtRest at 31.560s
05-05 16:56:02.985   715 12852 I [CT]    : L:Behavior:AtRest: deactivated
05-05 16:56:02.985   715 12852 I [CT]    : AdHocPatch: [Left] t = 31.529s, behavior transition: AtRest -> None at 31.578s
05-05 16:56:02.989  2129  2375 W VrApi   : ovr_SubmitFrameInternal: FrameIndex discontinuity: Expected 49672, Received 49674
05-05 16:56:03.029   715 12860 I [CT]    : MANAGEMENT:CONSTELLATION: Status=GREEN,, Obj=4212769887286730484,6DOF=1,Issues(Cam/min=  0,IMU/min=0), Obj=7745273921483883046,6DOF=1,FusJit=0.0mm,Issues(Cam/min=  0,IMU/min=0)
05-05 16:56:03.207   715 12852 I [CT]    : L:Behavior:AtRest: activated
05-05 16:56:03.207   715 12852 I [CT]    : AdHocPatch: [Left] t = 31.753s, behavior transition: None -> AtRest at 31.801s
05-05 16:56:03.223  2129  2185 I GuardianSystem: UpdateGuardianSystemState: Flags changed: 532480, 524288
05-05 16:56:03.233   715 12852 I [CT]    : L:Behavior:AtRest: deactivated
05-05 16:56:03.233   715 12852 I [CT]    : AdHocPatch: [Left] t = 31.779s, behavior transition: AtRest -> None at 31.827s
05-05 16:56:03.236   715 12852 I [CT]    : L:Behavior:AtRest: activated
05-05 16:56:03.237   715 12852 I [CT]    : AdHocPatch: [Left] t = 31.783s, behavior transition: None -> AtRest at 31.831s
05-05 16:56:03.287   715 12852 I [CT]    : L:Behavior:AtRest: deactivated
05-05 16:56:03.287   715 12852 I [CT]    : AdHocPatch: [Left] t = 31.833s, behavior transition: AtRest -> None at 31.881s
05-05 16:56:03.301  2129  2185 I GuardianSystem: UpdateGuardianSystemState: Flags changed: 524288, 532480
05-05 16:56:03.335  2129  2375 W VrApi   : ovr_SubmitFrameInternal: FrameIndex discontinuity: Expected 49692, Received 49695
05-05 16:56:03.487   715 12852 I [CT]    : L:Behavior:AtRest: activated
05-05 16:56:03.487   715 12852 I [CT]    : AdHocPatch: [Left] t = 32.033s, behavior transition: None -> AtRest at 32.081s
05-05 16:56:03.489  2129  2185 I GuardianSystem: UpdateGuardianSystemState: Flags changed: 532480, 524288
05-05 16:56:03.741 12756 13035 I VrApi   : FPS=61,Prd=45ms,Tear=0,Early=0,Stale=37,VSnc=1,Lat=1,Fov=0,CPU4/GPU=4/5,2304/710MHz,OC=FF,TA=0/E0/E0,SP=N/F/F,Mem=1804MHz,Free=1235MB,PSM=0,PLS=0,Temp=31.0C/0.0C,TW=1.62ms,App=16.94ms,GD=3.14ms,CPU&GPU=23.80ms,LCnt=1,GPU%=0.96,CPU%=0.23(W0.26),DSF=1.00
05-05 16:56:03.745   715 12852 I [CT]    : L:Behavior:AtRest: deactivated
05-05 16:56:03.745   715 12852 I [CT]    : AdHocPatch: [Left] t = 32.288s, behavior transition: AtRest -> None at 32.335s
05-05 16:56:03.745   715 12852 I [CT]    : L:Behavior:AtRest: activated
05-05 16:56:03.745   715 12852 I [CT]    : AdHocPatch: [Left] t = 32.292s, behavior transition: None -> AtRest at 32.339s
05-05 16:56:03.754  2121 12884 I TimeWarp: UpdateClockLevels: Apply pending clock request change: 4,5 -> 4,4
05-05 16:56:03.754  2121 12872 I Clocks  : ReleaseClocks - start
05-05 16:56:03.755   719   819 D         : CPU_CLUSTER_0: No client requests exists, release clocks
05-05 16:56:03.755   719   819 D         : CPU_CLUSTER_1: No client requests exists, release clocks
05-05 16:56:03.755   719   819 D         : GPU: No client requests exists, release clocks
05-05 16:56:03.755   719   819 D         : CPUBW: No client requests exists, release clocks
05-05 16:56:03.756  2121 12872 I Clocks  : ReleaseClocks - end (1.4 ms)
05-05 16:56:03.756  2121 12872 I Clocks  : LockClocks( cpu=4, gpu=4 ) - start
05-05 16:56:03.757  2121 12872 I Clocks  : CPU levels [0, 4]
05-05 16:56:03.757  2121 12872 I Clocks  : GPU levels [0, 5]
05-05 16:56:03.757   719   819 D         : CPU_CLUSTER_0: Client 2121 sends freq request [21, 21]
05-05 16:56:03.757   719   819 D         : CPU_CLUSTER_0: Next Perf Level = (21, 21)
05-05 16:56:03.757   719   819 D         : CPU_CLUSTER_1: Client 2121 sends freq request [26, 26]
05-05 16:56:03.757   719   819 D         : CPU_CLUSTER_1: Next Perf Level = (26, 26)
05-05 16:56:03.757   719   819 D         : CPUBW: Client 2121 sends freq request [8, 11]
05-05 16:56:03.757   719   819 D         : CPUBW: Next Perf Level = (8, 11)
05-05 16:56:03.757   719   819 D         : GPU: Client 2121 sends freq request [6, 6]
05-05 16:56:03.757   719   819 D         : GPU: Next Perf Level = (6, 6)
05-05 16:56:03.758  2121 12872 I Clocks  : LockClocks( cpu=4, gpu=4 ) - end (1.7 ms)
05-05 16:56:03.775   715 12852 I [CT]    : L:Behavior:AtRest: deactivated
05-05 16:56:03.775   715 12852 I [CT]    : AdHocPatch: [Left] t = 32.322s, behavior transition: AtRest -> None at 32.369s
05-05 16:56:03.785   715 12852 I [CT]    : L:Behavior:AtRest: activated
05-05 16:56:03.785   715 12852 I [CT]    : AdHocPatch: [Left] t = 32.332s, behavior transition: None -> AtRest at 32.379s
05-05 16:56:03.799   715 12852 I [CT]    : L:Behavior:AtRest: deactivated
05-05 16:56:03.799   715 12852 I [CT]    : AdHocPatch: [Left] t = 32.346s, behavior transition: AtRest -> None at 32.393s
05-05 16:56:03.806  2129  2185 I GuardianSystem: UpdateGuardianSystemState: Flags changed: 524288, 532480
05-05 16:56:03.813   715 12852 I [CT]    : L:Behavior:AtRest: activated
05-05 16:56:03.813   715 12852 I [CT]    : AdHocPatch: [Left] t = 32.360s, behavior transition: None -> AtRest at 32.407s
05-05 16:56:03.837  2129  2375 W VrApi   : ovr_SubmitFrameInternal: FrameIndex discontinuity: Expected 49708, Received 49718
05-05 16:56:03.838  2129  2185 I GuardianSystem: UpdateGuardianSystemState: Flags changed: 532480, 524288
05-05 16:56:03.901   715 12852 I [CT]    : L:Behavior:AtRest: deactivated
05-05 16:56:03.901   715 12852 I [CT]    : AdHocPatch: [Left] t = 32.446s, behavior transition: AtRest -> None at 32.492s
05-05 16:56:03.909   715 12852 I [CT]    : L:Behavior:AtRest: activated
05-05 16:56:03.909   715 12852 I [CT]    : AdHocPatch: [Left] t = 32.456s, behavior transition: None -> AtRest at 32.502s
05-05 16:56:03.926   715 12852 I [CT]    : L:Behavior:AtRest: deactivated
05-05 16:56:03.926   715 12852 I [CT]    : AdHocPatch: [Left] t = 32.474s, behavior transition: AtRest -> None at 32.520s
05-05 16:56:03.941   715 12852 I [CT]    : L:Behavior:AtRest: activated
05-05 16:56:03.941   715 12852 I [CT]    : AdHocPatch: [Left] t = 32.486s, behavior transition: None -> AtRest at 32.532s
05-05 16:56:03.947   715 12852 I [CT]    : L:Behavior:AtRest: deactivated
05-05 16:56:03.947   715 12852 I [CT]    : AdHocPatch: [Left] t = 32.494s, behavior transition: AtRest -> None at 32.540s
05-05 16:56:03.952  2129  2185 I GuardianSystem: UpdateGuardianSystemState: Flags changed: 524288, 532480
05-05 16:56:03.985  2129  2375 W VrApi   : ovr_SubmitFrameInternal: FrameIndex discontinuity: Expected 49720, Received 49724
05-05 16:56:04.033   715 12852 I [CT]    : L:Behavior:AtRest: activated
05-05 16:56:04.033   715 12852 I [CT]    : AdHocPatch: [Left] t = 32.580s, behavior transition: None -> AtRest at 32.626s
05-05 16:56:04.042  2129  2185 I GuardianSystem: UpdateGuardianSystemState: Flags changed: 532480, 524288
05-05 16:56:04.043   715 12852 I [CT]    : L:Behavior:AtRest: deactivated
05-05 16:56:04.043   715 12852 I [CT]    : AdHocPatch: [Left] t = 32.590s, behavior transition: AtRest -> None at 32.636s
05-05 16:56:04.056  2129  2185 I GuardianSystem: UpdateGuardianSystemState: Flags changed: 524288, 532480
05-05 16:56:04.181   715 12861 I [CT]    : VIPER:MAP_MANAGER: State: TRACKING_PERSISTENT, UUID=d18585e8-d288-4997-b6ff-78495c7eed6a, Num. Persistent maps = 1,  Persistent maps:d18585e8-d288-4997-b6ff-78495c7eed6a,, Ser. Disabled = 00000000-0000-0000-0000-000000000000
05-05 16:56:04.221   715 12861 I [CT]    : VIPER: Status=6DoF,TRACKING,KF=138,Inl=331,Pts=410,Jit=0.2mm,Issues(Cam/min=0.0,IMU/min=0.0),Exp=(10.3ms,g=13.0,I=76)(6.6ms,g=7.0,I=68)(10.3ms,g=13.0,I=62)(7.8ms,g=10.0,I=67)
05-05 16:56:04.297  2121 12884 I TimeWarp: UpdateClockLevels: Apply pending clock request change: 4,4 -> 4,5
05-05 16:56:04.297  2121 12872 I Clocks  : ReleaseClocks - start
05-05 16:56:04.298   719   819 D         : CPU_CLUSTER_0: No client requests exists, release clocks
05-05 16:56:04.298   719   819 D         : CPU_CLUSTER_1: No client requests exists, release clocks
05-05 16:56:04.298   719   819 D         : GPU: No client requests exists, release clocks
05-05 16:56:04.299   719   819 D         : CPUBW: No client requests exists, release clocks
05-05 16:56:04.300  2121 12872 I Clocks  : ReleaseClocks - end (1.9 ms)
05-05 16:56:04.300  2121 12872 I Clocks  : LockClocks( cpu=4, gpu=5 ) - start
05-05 16:56:04.302  2121 12872 I Clocks  : CPU levels [0, 4]
05-05 16:56:04.302  2121 12872 I Clocks  : GPU levels [0, 5]
05-05 16:56:04.302   719   819 D         : CPU_CLUSTER_0: Client 2121 sends freq request [21, 21]
05-05 16:56:04.302   719   819 D         : CPU_CLUSTER_0: Next Perf Level = (21, 21)
05-05 16:56:04.302   719   819 D         : CPU_CLUSTER_1: Client 2121 sends freq request [26, 26]
05-05 16:56:04.302   719   819 D         : CPU_CLUSTER_1: Next Perf Level = (26, 26)
05-05 16:56:04.302   719   819 D         : CPUBW: Client 2121 sends freq request [8, 11]
05-05 16:56:04.302   719   819 D         : CPUBW: Next Perf Level = (8, 11)
05-05 16:56:04.302   719   819 D         : GPU: Client 2121 sends freq request [7, 7]
05-05 16:56:04.302   719   819 D         : GPU: Next Perf Level = (7, 7)
05-05 16:56:04.303  2121 12872 I Clocks  : LockClocks( cpu=4, gpu=5 ) - end (3.4 ms)
05-05 16:56:04.465   715 12852 I [CT]    : L:Behavior:AtRest: activated
05-05 16:56:04.465   715 12852 I [CT]    : AdHocPatch: [Left] t = 33.010s, behavior transition: None -> AtRest at 33.058s
05-05 16:56:04.471   715 12852 I [CT]    : L:Behavior:AtRest: deactivated
05-05 16:56:04.471   715 12852 I [CT]    : AdHocPatch: [Left] t = 33.018s, behavior transition: AtRest -> None at 33.066s
05-05 16:56:04.737   715 12852 I [CT]    : L:Behavior:AtRest: activated
05-05 16:56:04.737   715 12852 I [CT]    : AdHocPatch: [Left] t = 33.284s, behavior transition: None -> AtRest at 33.331s
05-05 16:56:04.738 12756 13035 I VrApi   : FPS=58,Prd=45ms,Tear=0,Early=0,Stale=29,VSnc=1,Lat=1,Fov=0,CPU4/GPU=4/4,2304/710MHz,OC=FF,TA=0/E0/E0,SP=N/F/F,Mem=1804MHz,Free=1231MB,PSM=0,PLS=0,Temp=31.0C/0.0C,TW=1.31ms,App=15.32ms,GD=1.54ms,CPU&GPU=26.93ms,LCnt=1,GPU%=0.97,CPU%=0.32(W0.43),DSF=1.00
05-05 16:56:04.747   715 12852 I [CT]    : L:Behavior:AtRest: deactivated
05-05 16:56:04.747   715 12852 I [CT]    : AdHocPatch: [Left] t = 33.294s, behavior transition: AtRest -> None at 33.341s
05-05 16:56:04.861   715 12852 I [CT]    : L:Behavior:AtRest: activated
05-05 16:56:04.861   715 12852 I [CT]    : AdHocPatch: [Left] t = 33.406s, behavior transition: None -> AtRest at 33.453s
05-05 16:56:04.862  2129  2185 I GuardianSystem: UpdateGuardianSystemState: Flags changed: 532480, 524288
05-05 16:56:04.871   715 12852 I [CT]    : L:Behavior:AtRest: deactivated
05-05 16:56:04.871   715 12852 I [CT]    : AdHocPatch: [Left] t = 33.418s, behavior transition: AtRest -> None at 33.465s
05-05 16:56:04.875  2129  2185 I GuardianSystem: UpdateGuardianSystemState: Flags changed: 524288, 532480
05-05 16:56:05.133   715 12852 I [CT]    : L:Behavior:AtRest: activated
05-05 16:56:05.133   715 12852 I [CT]    : AdHocPatch: [Left] t = 33.678s, behavior transition: None -> AtRest at 33.727s
05-05 16:56:05.143  2129  2185 I GuardianSystem: UpdateGuardianSystemState: Flags changed: 532480, 524288
05-05 16:56:05.145   715 12852 I [CT]    : L:Behavior:AtRest: deactivated
05-05 16:56:05.145   715 12852 I [CT]    : AdHocPatch: [Left] t = 33.690s, behavior transition: AtRest -> None at 33.739s
05-05 16:56:05.157  2129  2185 I GuardianSystem: UpdateGuardianSystemState: Flags changed: 524288, 532480
05-05 16:56:05.161   715 12852 I [CT]    : L:Behavior:AtRest: activated
05-05 16:56:05.161   715 12852 I [CT]    : AdHocPatch: [Left] t = 33.706s, behavior transition: None -> AtRest at 33.755s
05-05 16:56:05.171  2129  2185 I GuardianSystem: UpdateGuardianSystemState: Flags changed: 532480, 524288
05-05 16:56:05.176   715 12852 I [CT]    : L:Behavior:AtRest: deactivated
05-05 16:56:05.177   715 12852 I [CT]    : AdHocPatch: [Left] t = 33.722s, behavior transition: AtRest -> None at 33.771s
05-05 16:56:05.190  2129  2185 I GuardianSystem: UpdateGuardianSystemState: Flags changed: 524288, 532480
05-05 16:56:05.647  1061  1108 E BatteryStatsService: power: Missing API
05-05 16:56:05.652  1061  1108 E BatteryStatsService: no controller energy info supplied
05-05 16:56:05.666  1061  1108 E BatteryStatsService: no controller energy info supplied
05-05 16:56:05.711   715 12852 I [CT]    : L:Behavior:AtRest: activated
05-05 16:56:05.711   715 12852 I [CT]    : AdHocPatch: [Left] t = 34.256s, behavior transition: None -> AtRest at 34.304s
05-05 16:56:05.718 12756 12756 D UE4     : [GameActivity] Battery: status = 2, rawlevel = 96, scale = 100
05-05 16:56:05.718 12756 12756 D UE4     : nativeBatteryEvent(stat = 2, lvl = 96  temp = 32.00 C)
05-05 16:56:05.722  2129  2185 I GuardianSystem: UpdateGuardianSystemState: Flags changed: 532480, 524288
05-05 16:56:05.725   715 12852 I [CT]    : L:Behavior:AtRest: deactivated
05-05 16:56:05.725   715 12852 I [CT]    : AdHocPatch: [Left] t = 34.270s, behavior transition: AtRest -> None at 34.318s
05-05 16:56:05.728  1439 13102 I OSUpdateService: Intent with action system_battery_changed
05-05 16:56:05.736  2129  2185 I GuardianSystem: UpdateGuardianSystemState: Flags changed: 524288, 532480
05-05 16:56:05.740 12756 13035 I VrApi   : FPS=57,Prd=44ms,Tear=0,Early=0,Stale=71,VSnc=1,Lat=1,Fov=0,CPU4/GPU=4/5,2304/710MHz,OC=FF,TA=0/E0/E0,SP=N/F/F,Mem=1804MHz,Free=1231MB,PSM=0,PLS=0,Temp=31.0C/0.0C,TW=1.77ms,App=20.68ms,GD=2.78ms,CPU&GPU=27.21ms,LCnt=1,GPU%=0.95,CPU%=0.17(W0.24),DSF=1.00
05-05 16:56:05.745   715 12852 I [CT]    : L:Behavior:AtRest: activated
05-05 16:56:05.745   715 12852 I [CT]    : AdHocPatch: [Left] t = 34.290s, behavior transition: None -> AtRest at 34.338s
05-05 16:56:05.750  2129  2185 I GuardianSystem: UpdateGuardianSystemState: Flags changed: 532480, 524288
05-05 16:56:05.757   715 12852 I [CT]    : L:Behavior:AtRest: deactivated
05-05 16:56:05.757   715 12852 I [CT]    : AdHocPatch: [Left] t = 34.302s, behavior transition: AtRest -> None at 34.350s
05-05 16:56:05.766  2129  2185 I GuardianSystem: UpdateGuardianSystemState: Flags changed: 524288, 532480
05-05 16:56:05.837   715 12852 I [CT]    : L:Behavior:AtRest: activated
05-05 16:56:05.837   715 12852 I [CT]    : AdHocPatch: [Left] t = 34.382s, behavior transition: None -> AtRest at 34.432s
05-05 16:56:05.847   715 12852 I [CT]    : L:Behavior:AtRest: deactivated
05-05 16:56:05.847   715 12852 I [CT]    : AdHocPatch: [Left] t = 34.392s, behavior transition: AtRest -> None at 34.442s
05-05 16:56:05.961   715 12852 I [CT]    : L:Behavior:AtRest: activated
05-05 16:56:05.961   715 12852 I [CT]    : AdHocPatch: [Left] t = 34.506s, behavior transition: None -> AtRest at 34.556s
05-05 16:56:05.962  2129  2185 I GuardianSystem: UpdateGuardianSystemState: Flags changed: 532480, 524288
05-05 16:56:05.971   715 12852 I [CT]    : L:Behavior:AtRest: deactivated
05-05 16:56:05.971   715 12852 I [CT]    : AdHocPatch: [Left] t = 34.516s, behavior transition: AtRest -> None at 34.566s
05-05 16:56:05.975  2129  2185 I GuardianSystem: UpdateGuardianSystemState: Flags changed: 524288, 532480
05-05 16:56:05.985   715 12852 I [CT]    : L:Behavior:AtRest: activated
05-05 16:56:05.985   715 12852 I [CT]    : AdHocPatch: [Left] t = 34.526s, behavior transition: None -> AtRest at 34.576s
05-05 16:56:05.989  2129  2185 I GuardianSystem: UpdateGuardianSystemState: Flags changed: 532480, 524288
05-05 16:56:05.999   715 12852 I [CT]    : L:Behavior:AtRest: deactivated
05-05 16:56:05.999   715 12852 I [CT]    : AdHocPatch: [Left] t = 34.544s, behavior transition: AtRest -> None at 34.594s
05-05 16:56:06.003  2129  2185 I GuardianSystem: UpdateGuardianSystemState: Flags changed: 524288, 532480
05-05 16:56:06.011   715 12852 I [CT]    : L:Behavior:AtRest: activated
05-05 16:56:06.011   715 12852 I [CT]    : AdHocPatch: [Left] t = 34.556s, behavior transition: None -> AtRest at 34.606s
05-05 16:56:06.017  2129  2185 I GuardianSystem: UpdateGuardianSystemState: Flags changed: 532480, 524288
05-05 16:56:06.095   715 12852 I [CT]    : L:Behavior:AtRest: deactivated
05-05 16:56:06.095   715 12852 I [CT]    : AdHocPatch: [Left] t = 34.640s, behavior transition: AtRest -> None at 34.690s
05-05 16:56:06.107  2129  2185 I GuardianSystem: UpdateGuardianSystemState: Flags changed: 524288, 532480
05-05 16:56:06.132  2129  2375 W VrApi   : ovr_SubmitFrameInternal: FrameIndex discontinuity: Expected 49870, Received 49873
05-05 16:56:06.264   715 12852 I [CT]    : L:Behavior:AtRest: activated
05-05 16:56:06.265   715 12852 I [CT]    : AdHocPatch: [Left] t = 34.810s, behavior transition: None -> AtRest at 34.859s
05-05 16:56:06.275  2129  2185 I GuardianSystem: UpdateGuardianSystemState: Flags changed: 532480, 524288
05-05 16:56:06.307   715 12852 I [CT]    : L:Behavior:AtRest: deactivated
05-05 16:56:06.307   715 12852 I [CT]    : AdHocPatch: [Left] t = 34.852s, behavior transition: AtRest -> None at 34.901s
05-05 16:56:06.322  2129  2185 I GuardianSystem: UpdateGuardianSystemState: Flags changed: 524288, 532480
05-05 16:56:06.349   715 12852 I [CT]    : L:Behavior:AtRest: activated
05-05 16:56:06.349   715 12852 I [CT]    : AdHocPatch: [Left] t = 34.894s, behavior transition: None -> AtRest at 34.943s
05-05 16:56:06.355  2129  2375 W VrApi   : ovr_SubmitFrameInternal: FrameIndex discontinuity: Expected 49885, Received 49887
05-05 16:56:06.357  2129  2185 I GuardianSystem: UpdateGuardianSystemState: Flags changed: 532480, 524288
05-05 16:56:06.399   715 12852 I [CT]    : L:Behavior:AtRest: deactivated
05-05 16:56:06.399   715 12852 I [CT]    : AdHocPatch: [Left] t = 34.945s, behavior transition: AtRest -> None at 34.993s
05-05 16:56:06.405  2129  2185 I GuardianSystem: UpdateGuardianSystemState: Flags changed: 524288, 532480
05-05 16:56:06.413   715 12852 I [CT]    : L:Behavior:AtRest: activated
05-05 16:56:06.413   715 12852 I [CT]    : AdHocPatch: [Left] t = 34.959s, behavior transition: None -> AtRest at 35.007s
05-05 16:56:06.424   715 12852 I [CT]    : L:Behavior:AtRest: deactivated
05-05 16:56:06.424   715 12852 I [CT]    : AdHocPatch: [Left] t = 34.967s, behavior transition: AtRest -> None at 35.015s
05-05 16:56:06.436  2129  2375 W VrApi   : ovr_SubmitFrameInternal: FrameIndex discontinuity: Expected 49889, Received 49891
05-05 16:56:06.628   715 12860 I [CT]    : MANAGEMENT:CONSTELLATION: Status=GREEN,, Obj=4212769887286730484,6DOF=1,FusJit=0.004mm,Issues(Cam/min=  0,IMU/min=0), Obj=7745273921483883046,6DOF=1,FusJit=0.0mm,Issues(Cam/min=  0,IMU/min=0)
05-05 16:56:06.664   715 12852 I [CT]    : L:Behavior:AtRest: activated
05-05 16:56:06.664   715 12852 I [CT]    : AdHocPatch: [Left] t = 35.207s, behavior transition: None -> AtRest at 35.255s
05-05 16:56:06.676  2129  2185 I GuardianSystem: UpdateGuardianSystemState: Flags changed: 532480, 524288
05-05 16:56:06.705   715 12852 I [CT]    : L:Behavior:AtRest: deactivated
05-05 16:56:06.705   715 12852 I [CT]    : AdHocPatch: [Left] t = 35.249s, behavior transition: AtRest -> None at 35.297s
05-05 16:56:06.724  2129  2185 I GuardianSystem: UpdateGuardianSystemState: Flags changed: 524288, 532480
05-05 16:56:06.740 12756 13035 I VrApi   : FPS=46,Prd=44ms,Tear=0,Early=0,Stale=60,VSnc=1,Lat=1,Fov=0,CPU4/GPU=4/5,2304/710MHz,OC=FF,TA=0/E0/E0,SP=N/F/F,Mem=1804MHz,Free=1234MB,PSM=0,PLS=0,Temp=32.0C/0.0C,TW=1.76ms,App=16.44ms,GD=2.62ms,CPU&GPU=35.86ms,LCnt=1,GPU%=0.99,CPU%=0.16(W0.22),DSF=1.00
05-05 16:56:06.753   715 12852 I [CT]    : L:Behavior:AtRest: activated
05-05 16:56:06.753   715 12852 I [CT]    : AdHocPatch: [Left] t = 35.299s, behavior transition: None -> AtRest at 35.347s
05-05 16:56:06.757  2129  2375 W VrApi   : ovr_SubmitFrameInternal: FrameIndex discontinuity: Expected 49910, Received 49912
05-05 16:56:06.758  2129  2185 I GuardianSystem: UpdateGuardianSystemState: Flags changed: 532480, 524288
05-05 16:56:06.794   715 12852 I [CT]    : L:Behavior:AtRest: deactivated
05-05 16:56:06.794   715 12852 I [CT]    : AdHocPatch: [Left] t = 35.341s, behavior transition: AtRest -> None at 35.389s
05-05 16:56:06.808  2129  2185 I GuardianSystem: UpdateGuardianSystemState: Flags changed: 524288, 532480
05-05 16:56:06.838  2129  2375 W VrApi   : ovr_SubmitFrameInternal: FrameIndex discontinuity: Expected 49914, Received 49916
05-05 16:56:07.138   715 12861 I [CT]    : HealthReport: ==================================================
05-05 16:56:07.138   715 12861 I [CT]    : Health Report
05-05 16:56:07.138   715 12861 I [CT]    : -------------
05-05 16:56:07.138   715 12861 I [CT]    : 
05-05 16:56:07.138   715 12861 I [CT]    : Reporter #1 (InsideOutHealthMonitor) summary:
05-05 16:56:07.138   715 12861 I [CT]    : Camera: Total Dropped: 0.000000, Total Frame Count: 884 (0.000000%), Camera Reset Count: 0
05-05 16:56:07.138   715 12861 I [CT]    : Camera: Total Single Camera Frame Dropped: 0, Total Frame Count: 884 (0.000000%)
05-05 16:56:07.138   715 12861 I [CT]    : IMU: Total Dropped: 0.000000, Total Sample Count: 35582 (0.000000%)
05-05 16:56:07.138   715 12861 I [CT]    : Magnetometer: Total Dropped: 0.000000, Total Sample Count: 1067 (0.000000%)
05-05 16:56:07.138   715 12861 I [CT]    : 
05-05 16:56:07.138   715 12861 I [CT]    : Reporter #1 (InsideOutHealthMonitor) Passed
05-05 16:56:07.138   715 12861 I [CT]    : --------------------------------------------------
05-05 16:56:07.138   715 12861 I [CT]    : Reporter #2 (ConstellationHealthMonitor) summary:
05-05 16:56:07.138   715 12861 I [CT]    : Camera: Total Dropped: 0.000000, Total Frame Count: 885 (0.000000%), Camera Reset Count: 1
05-05 16:56:07.138   715 12861 I [CT]    : Camera: Total Single Camera Frame Dropped: 0, Total Frame Count: 885 (0.000000%)
05-05 16:56:07.138   715 12861 I [CT]    : Controller 4212769887286730484:
05-05 16:56:07.138   715 12861 I [CT]    : IMU: Capture period exceeded threshold.  Largest period: 1.097438 sec
05-05 16:56:07.138   715 12861 I [CT]    : Controllers may have been sleeping
05-05 16:56:07.138   715 12861 I [CT]    : IMU: Total Dropped: 0.000000, Total Sample Count: 17295.172500 (0.000000%)
05-05 16:56:07.138   715 12861 I [CT]    : Controller 7745273921483883046:
05-05 16:56:07.138   715 12861 I [CT]    : IMU: 
05-05 16:56:07.527   715 12798 I [CT]    : boltlib: DSP utilization(%): 18
05-05 16:56:07.737 12756 13035 I VrApi   : FPS=56,Prd=44ms,Tear=0,Early=0,Stale=44,VSnc=1,Lat=1,Fov=0,CPU4/GPU=4/5,2304/710MHz,OC=FF,TA=0/E0/E0,SP=N/F/F,Mem=1804MHz,Free=1235MB,PSM=0,PLS=0,Temp=32.0C/0.0C,TW=1.83ms,App=15.62ms,GD=3.27ms,CPU&GPU=29.12ms,LCnt=1,GPU%=0.96,CPU%=0.07(W0.15),DSF=1.00
05-05 16:56:07.778   715 12861 I [CT]    : VIPER:MAP_MANAGER: State: TRACKING_PERSISTENT, UUID=d18585e8-d288-4997-b6ff-78495c7eed6a, Num. Persistent maps = 1,  Persistent maps:d18585e8-d288-4997-b6ff-78495c7eed6a,, Ser. Disabled = 00000000-0000-0000-0000-000000000000
05-05 16:56:07.818   715 12861 I [CT]    : VIPER: Status=6DoF,TRACKING,KF=135,Inl=262,Pts=359,Jit=0.2mm,Issues(Cam/min=0.0,IMU/min=0.0),Exp=(10.2ms,g=13.0,I=69)(7.4ms,g=10.0,I=67)(10.2ms,g=13.0,I=70)(7.4ms,g=8.0,I=68)
05-05 16:56:07.881   715 12852 I [CT]    : L:Behavior:AtRest: activated
05-05 16:56:07.881   715 12852 I [CT]    : AdHocPatch: [Left] t = 36.427s, behavior transition: None -> AtRest at 36.475s
05-05 16:56:07.893   715 12852 I [CT]    : L:Behavior:AtRest: deactivated
05-05 16:56:07.893   715 12852 I [CT]    : AdHocPatch: [Left] t = 36.439s, behavior transition: AtRest -> None at 36.487s
05-05 16:56:07.910   715 12852 I [CT]    : L:Behavior:AtRest: activated
05-05 16:56:07.911   715 12852 I [CT]    : AdHocPatch: [Left] t = 36.457s, behavior transition: None -> AtRest at 36.505s
05-05 16:56:07.923   715 12852 I [CT]    : L:Behavior:AtRest: deactivated
05-05 16:56:07.923   715 12852 I [CT]    : AdHocPatch: [Left] t = 36.469s, behavior transition: AtRest -> None at 36.517s
05-05 16:56:07.923  2129  2185 I GuardianSystem: UpdateGuardianSystemState: Flags changed: 532480, 524288
05-05 16:56:07.938  2129  2185 I GuardianSystem: UpdateGuardianSystemState: Flags changed: 524288, 532480
05-05 16:56:08.181   715 12852 I [CT]    : L:Behavior:AtRest: activated
05-05 16:56:08.181   715 12852 I [CT]    : AdHocPatch: [Left] t = 36.725s, behavior transition: None -> AtRest at 36.773s
05-05 16:56:08.190  2129  2185 I GuardianSystem: UpdateGuardianSystemState: Flags changed: 532480, 524288
05-05 16:56:08.229   715 12852 I [CT]    : L:Behavior:AtRest: deactivated
05-05 16:56:08.229   715 12852 I [CT]    : AdHocPatch: [Left] t = 36.775s, behavior transition: AtRest -> None at 36.823s
05-05 16:56:08.238  2129  2185 I GuardianSystem: UpdateGuardianSystemState: Flags changed: 524288, 532480
05-05 16:56:08.241   715 12852 I [CT]    : L:Behavior:AtRest: activated
05-05 16:56:08.241   715 12852 I [CT]    : AdHocPatch: [Left] t = 36.787s, behavior transition: None -> AtRest at 36.835s
05-05 16:56:08.253   715 12852 I [CT]    : L:Behavior:AtRest: deactivated
05-05 16:56:08.253   715 12852 I [CT]    : AdHocPatch: [Left] t = 36.799s, behavior transition: AtRest -> None at 36.847s
05-05 16:56:08.271  2129  2375 W VrApi   : ovr_SubmitFrameInternal: FrameIndex discontinuity: Expected 50014, Received 50016
05-05 16:56:08.341   715 12852 I [CT]    : L:Behavior:AtRest: activated
05-05 16:56:08.341   715 12852 I [CT]    : AdHocPatch: [Left] t = 36.885s, behavior transition: None -> AtRest at 36.933s
05-05 16:56:08.343  2129  2185 I GuardianSystem: UpdateGuardianSystemState: Flags changed: 532480, 524288
05-05 16:56:08.345   715 12852 I [CT]    : L:Behavior:AtRest: deactivated
05-05 16:56:08.345   715 12852 I [CT]    : AdHocPatch: [Left] t = 36.891s, behavior transition: AtRest -> None at 36.939s
05-05 16:56:08.356  2129  2185 I GuardianSystem: UpdateGuardianSystemState: Flags changed: 524288, 532480
05-05 16:56:08.483   715 12852 I [CT]    : L:Behavior:AtRest: activated
05-05 16:56:08.483   715 12852 I [CT]    : AdHocPatch: [Left] t = 37.029s, behavior transition: None -> AtRest at 37.077s
05-05 16:56:08.486  2129  2185 I GuardianSystem: UpdateGuardianSystemState: Flags changed: 532480, 524288
05-05 16:56:08.496   715 12852 I [CT]    : L:Behavior:AtRest: deactivated
05-05 16:56:08.497   715 12852 I [CT]    : AdHocPatch: [Left] t = 37.043s, behavior transition: AtRest -> None at 37.091s
05-05 16:56:08.499  2129  2185 I GuardianSystem: UpdateGuardianSystemState: Flags changed: 524288, 532480
05-05 16:56:08.581   715 12852 I [CT]    : L:Behavior:AtRest: activated
05-05 16:56:08.581   715 12852 I [CT]    : AdHocPatch: [Left] t = 37.125s, behavior transition: None -> AtRest at 37.173s
05-05 16:56:08.584  2129  2185 I GuardianSystem: UpdateGuardianSystemState: Flags changed: 532480, 524288
05-05 16:56:08.595   715 12852 I [CT]    : L:Behavior:AtRest: deactivated
05-05 16:56:08.595   715 12852 I [CT]    : AdHocPatch: [Left] t = 37.141s, behavior transition: AtRest -> None at 37.189s
05-05 16:56:08.596  2129  2185 I GuardianSystem: UpdateGuardianSystemState: Flags changed: 524288, 532480
05-05 16:56:08.607   715 12852 I [CT]    : L:Behavior:AtRest: activated
05-05 16:56:08.607   715 12852 I [CT]    : AdHocPatch: [Left] t = 37.153s, behavior transition: None -> AtRest at 37.200s
05-05 16:56:08.611  2129  2185 I GuardianSystem: UpdateGuardianSystemState: Flags changed: 532480, 524288
05-05 16:56:08.624   715 12852 I [CT]    : L:Behavior:AtRest: deactivated
05-05 16:56:08.624   715 12852 I [CT]    : AdHocPatch: [Left] t = 37.167s, behavior transition: AtRest -> None at 37.214s
05-05 16:56:08.638  2129  2185 I GuardianSystem: UpdateGuardianSystemState: Flags changed: 524288, 532480
05-05 16:56:08.658  2129  2375 W VrApi   : ovr_SubmitFrameInternal: FrameIndex discontinuity: Expected 50042, Received 50043
05-05 16:56:08.738 12756 13035 I VrApi   : FPS=53,Prd=44ms,Tear=0,Early=0,Stale=65,VSnc=1,Lat=1,Fov=0,CPU4/GPU=4/5,2304/710MHz,OC=FF,TA=0/E0/E0,SP=N/F/F,Mem=1804MHz,Free=1236MB,PSM=0,PLS=0,Temp=32.0C/0.0C,TW=1.76ms,App=19.68ms,GD=2.92ms,CPU&GPU=29.34ms,LCnt=1,GPU%=0.99,CPU%=0.22(W0.27),DSF=1.00
05-05 16:56:08.792   715 12852 I [CT]    : L:Behavior:AtRest: activated
05-05 16:56:08.793   715 12852 I [CT]    : AdHocPatch: [Left] t = 37.339s, behavior transition: None -> AtRest at 37.386s
05-05 16:56:08.800  2129  2185 I GuardianSystem: UpdateGuardianSystemState: Flags changed: 532480, 524288
05-05 16:56:08.801   715 12852 I [CT]    : L:Behavior:AtRest: deactivated
05-05 16:56:08.801   715 12852 I [CT]    : AdHocPatch: [Left] t = 37.347s, behavior transition: AtRest -> None at 37.394s
05-05 16:56:08.817  2129  2185 I GuardianSystem: UpdateGuardianSystemState: Flags changed: 524288, 532480
05-05 16:56:08.824   715 12852 I [CT]    : L:Behavior:AtRest: activated
05-05 16:56:08.824   715 12852 I [CT]    : AdHocPatch: [Left] t = 37.369s, behavior transition: None -> AtRest at 37.416s
05-05 16:56:08.827  2129  2185 I GuardianSystem: UpdateGuardianSystemState: Flags changed: 532480, 524288
05-05 16:56:08.895   715 12852 I [CT]    : L:Behavior:AtRest: deactivated
05-05 16:56:08.895   715 12852 I [CT]    : AdHocPatch: [Left] t = 37.441s, behavior transition: AtRest -> None at 37.488s
05-05 16:56:08.911   715 12852 I [CT]    : L:Behavior:AtRest: activated
05-05 16:56:08.911   715 12852 I [CT]    : AdHocPatch: [Left] t = 37.457s, behavior transition: None -> AtRest at 37.504s
05-05 16:56:08.919   715 12852 I [CT]    : L:Behavior:AtRest: deactivated
05-05 16:56:08.919   715 12852 I [CT]    : AdHocPatch: [Left] t = 37.465s, behavior transition: AtRest -> None at 37.512s
05-05 16:56:08.948  2129  2185 I GuardianSystem: UpdateGuardianSystemState: Flags changed: 524288, 532480
05-05 16:56:08.977  2129  2375 W VrApi   : ovr_SubmitFrameInternal: FrameIndex discontinuity: Expected 50057, Received 50061
05-05 16:56:09.005   715 12852 I [CT]    : L:Behavior:AtRest: activated
05-05 16:56:09.005   715 12852 I [CT]    : AdHocPatch: [Left] t = 37.551s, behavior transition: None -> AtRest at 37.600s
05-05 16:56:09.006  2129  2185 I GuardianSystem: UpdateGuardianSystemState: Flags changed: 532480, 524288
05-05 16:56:09.024   715 12852 I [CT]    : L:Behavior:AtRest: deactivated
05-05 16:56:09.024   715 12852 I [CT]    : AdHocPatch: [Left] t = 37.567s, behavior transition: AtRest -> None at 37.616s
05-05 16:56:09.027  2129  2185 I GuardianSystem: UpdateGuardianSystemState: Flags changed: 524288, 532480
05-05 16:56:09.033   715 12852 I [CT]    : L:Behavior:AtRest: activated
05-05 16:56:09.033   715 12852 I [CT]    : AdHocPatch: [Left] t = 37.579s, behavior transition: None -> AtRest at 37.628s
05-05 16:56:09.035  2129  2185 I GuardianSystem: UpdateGuardianSystemState: Flags changed: 532480, 524288
05-05 16:56:09.043   715 12852 I [CT]    : L:Behavior:AtRest: deactivated
05-05 16:56:09.043   715 12852 I [CT]    : AdHocPatch: [Left] t = 37.589s, behavior transition: AtRest -> None at 37.638s
05-05 16:56:09.049  2129  2185 I GuardianSystem: UpdateGuardianSystemState: Flags changed: 524288, 532480
05-05 16:56:09.403   715 12852 I [CT]    : L:Behavior:AtRest: activated
05-05 16:56:09.403   715 12852 I [CT]    : AdHocPatch: [Left] t = 37.950s, behavior transition: None -> AtRest at 37.997s
05-05 16:56:09.413   715 12852 I [CT]    : L:Behavior:AtRest: deactivated
05-05 16:56:09.413   715 12852 I [CT]    : AdHocPatch: [Left] t = 37.960s, behavior transition: AtRest -> None at 38.007s
05-05 16:56:09.434   715 12852 I [CT]    : L:Behavior:AtRest: activated
05-05 16:56:09.434   715 12852 I [CT]    : AdHocPatch: [Left] t = 37.982s, behavior transition: None -> AtRest at 38.029s
05-05 16:56:09.441  2129  2185 I GuardianSystem: UpdateGuardianSystemState: Flags changed: 532480, 524288
05-05 16:56:09.445   715 12852 I [CT]    : L:Behavior:AtRest: deactivated
05-05 16:56:09.445   715 12852 I [CT]    : AdHocPatch: [Left] t = 37.992s, behavior transition: AtRest -> None at 38.039s
05-05 16:56:09.455  2129  2185 I GuardianSystem: UpdateGuardianSystemState: Flags changed: 524288, 532480
05-05 16:56:09.711   715 12852 I [CT]    : L:Behavior:AtRest: activated
05-05 16:56:09.711   715 12852 I [CT]    : AdHocPatch: [Left] t = 38.258s, behavior transition: None -> AtRest at 38.305s
05-05 16:56:09.718   715 12852 I [CT]    : L:Behavior:AtRest: deactivated
05-05 16:56:09.719   715 12852 I [CT]    : AdHocPatch: [Left] t = 38.266s, behavior transition: AtRest -> None at 38.313s
05-05 16:56:09.735   715 12852 I [CT]    : L:Behavior:AtRest: activated
05-05 16:56:09.735   715 12852 I [CT]    : AdHocPatch: [Left] t = 38.282s, behavior transition: None -> AtRest at 38.329s
05-05 16:56:09.740  2129  2185 I GuardianSystem: UpdateGuardianSystemState: Flags changed: 532480, 524288
05-05 16:56:09.740 12756 13035 I VrApi   : FPS=52,Prd=44ms,Tear=0,Early=0,Stale=51,VSnc=1,Lat=1,Fov=0,CPU4/GPU=4/5,2304/710MHz,OC=FF,TA=0/E0/E0,SP=N/F/F,Mem=1804MHz,Free=1233MB,PSM=0,PLS=0,Temp=32.0C/0.0C,TW=1.44ms,App=15.97ms,GD=2.28ms,CPU&GPU=31.49ms,LCnt=1,GPU%=0.95,CPU%=0.16(W0.33),DSF=1.00
05-05 16:56:09.749   715 12852 I [CT]    : L:Behavior:AtRest: deactivated
05-05 16:56:09.749   715 12852 I [CT]    : AdHocPatch: [Left] t = 38.296s, behavior transition: AtRest -> None at 38.343s
05-05 16:56:09.752  2129  2185 I GuardianSystem: UpdateGuardianSystemState: Flags changed: 524288, 532480
05-05 16:56:09.830   715 12852 I [CT]    : L:Behavior:AtRest: activated
05-05 16:56:09.831   715 12852 I [CT]    : AdHocPatch: [Left] t = 38.378s, behavior transition: None -> AtRest at 38.425s
05-05 16:56:09.838  2129  2185 I GuardianSystem: UpdateGuardianSystemState: Flags changed: 532480, 524288
05-05 16:56:09.839   715 12852 I [CT]    : L:Behavior:AtRest: deactivated
05-05 16:56:09.839   715 12852 I [CT]    : AdHocPatch: [Left] t = 38.386s, behavior transition: AtRest -> None at 38.433s
05-05 16:56:09.859  2129  2185 I GuardianSystem: UpdateGuardianSystemState: Flags changed: 524288, 532480
05-05 16:56:09.999   715 12951 I [CT]    : floorplane: Floor height has been updated to 1.424 meters.
05-05 16:56:10.041   715 12852 I [CT]    : L:Behavior:AtRest: activated
05-05 16:56:10.041   715 12852 I [CT]    : AdHocPatch: [Left] t = 38.588s, behavior transition: None -> AtRest at 38.635s
05-05 16:56:10.051  2129  2185 I GuardianSystem: UpdateGuardianSystemState: Flags changed: 532480, 524288
05-05 16:56:10.144   715 12852 I [CT]    : L:Behavior:AtRest: deactivated
05-05 16:56:10.144   715 12852 I [CT]    : AdHocPatch: [Left] t = 38.690s, behavior transition: AtRest -> None at 38.737s
05-05 16:56:10.168  2129  2185 I GuardianSystem: UpdateGuardianSystemState: Flags changed: 524288, 532480
05-05 16:56:10.198  2129  2375 W VrApi   : ovr_SubmitFrameInternal: FrameIndex discontinuity: Expected 50139, Received 50143
