05-06 14:24:40.662   709  3926 I [CT]    : Camera: Total Dropped: 0.000000, Total Frame Count: 2800 (0.000000%), Camera Reset Count: 0
05-06 14:24:40.662   709  3926 I [CT]    : Camera: Total Single Camera Frame Dropped: 0, Total Frame Count: 2800 (0.000000%)
05-06 14:24:40.662   709  3926 I [CT]    : IMU: Total Dropped: 0.000000, Total Sample Count: 112255 (0.000000%)
05-06 14:24:40.662   709  3926 I [CT]    : Magnetometer: Total Dropped: 0.000000, Total Sample Count: 3368 (0.000000%)
05-06 14:24:40.662   709  3926 I [CT]    : 
05-06 14:24:40.662   709  3926 I [CT]    : Reporter #1 (InsideOutHealthMonitor) Passed
05-06 14:24:40.662   709  3926 I [CT]    : --------------------------------------------------
05-06 14:24:40.662   709  3926 I [CT]    : Reporter #2 (ConstellationHealthMonitor) summary:
05-06 14:24:40.662   709  3926 I [CT]    : Camera: Total Dropped: 0.000000, Total Frame Count: 2801 (0.000000%), Camera Reset Count: 1
05-06 14:24:40.662   709  3926 I [CT]    : Camera: Total Single Camera Frame Dropped: 0, Total Frame Count: 2801 (0.000000%)
05-06 14:24:40.662   709  3926 I [CT]    : Controller 7745273921483883046:
05-06 14:24:40.662   709  3926 I [CT]    : IMU: Capture period exceeded threshold.  Largest period: 3.153328 sec
05-06 14:24:40.662   709  3926 I [CT]    : Controllers may have been sleeping
05-06 14:24:40.662   709  3926 I [CT]    : IMU: Total Dropped: 0.000000, Total Sample Count: 54607.812000 (0.000000%)
05-06 14:24:40.662   709  3926 I [CT]    : Controller 4212769887286730484:
05-06 14:24:41.358  3739  4284 I VrApi   : FPS=64,Prd=45ms,Tear=0,Early=0,Stale=24,VSnc=1,Lat=1,Fov=0,CPU4/GPU=4/4,2304/670MHz,OC=FF,TA=0/E0/E0,SP=N/F/F,Mem=1804MHz,Free=1472MB,PSM=0,PLS=0,Temp=29.0C/0.0C,TW=1.24ms,App=15.55ms,GD=0.00ms,CPU&GPU=24.45ms,LCnt=1,GPU%=0.97,CPU%=0.21(W0.29),DSF=1.00
05-06 14:24:42.358  3739  4284 I VrApi   : FPS=64,Prd=45ms,Tear=0,Early=0,Stale=27,VSnc=1,Lat=1,Fov=0,CPU4/GPU=4/4,2304/670MHz,OC=FF,TA=0/E0/E0,SP=N/F/F,Mem=1804MHz,Free=1472MB,PSM=0,PLS=0,Temp=29.0C/0.0C,TW=1.29ms,App=14.37ms,GD=0.00ms,CPU&GPU=24.29ms,LCnt=1,GPU%=0.97,CPU%=0.22(W0.33),DSF=1.00
05-06 14:24:42.534   709  3863 I [CT]    : boltlib: DSP utilization(%): 15
05-06 14:24:43.357  3739  4284 I VrApi   : FPS=64,Prd=45ms,Tear=0,Early=0,Stale=26,VSnc=1,Lat=1,Fov=0,CPU4/GPU=4/4,2304/670MHz,OC=FF,TA=0/E0/E0,SP=N/F/F,Mem=1804MHz,Free=1472MB,PSM=0,PLS=0,Temp=29.0C/0.0C,TW=1.26ms,App=15.42ms,GD=0.00ms,CPU&GPU=24.37ms,LCnt=1,GPU%=0.97,CPU%=0.29(W0.36),DSF=1.00
05-06 14:24:43.432   709  3925 I [CT]    : MANAGEMENT:CONSTELLATION: Status=GREEN,, Obj=7745273921483883046,6DOF=1,FusJit=0.002mm,Issues(Cam/min=  0,IMU/min=0), Obj=4212769887286730484,6DOF=1,FusJit=0.0mm,Issues(Cam/min=  0,IMU/min=0)
05-06 14:24:43.864   709  3926 I [CT]    : VIPER:MAP_MANAGER: State: TRACKING_PERSISTENT, UUID=629a63a2-c5e1-4881-bb8c-d6b184c3f308, Num. Persistent maps = 2,  Persistent maps:d18585e8-d288-4997-b6ff-78495c7eed6a,629a63a2-c5e1-4881-bb8c-d6b184c3f308,, Ser. Disabled = 00000000-0000-0000-0000-000000000000
05-06 14:24:43.904   709  3926 I [CT]    : VIPER: Status=6DoF,TRACKING,KF=48,Inl=301,Pts=251,Jit=0.2mm,Issues(Cam/min=0.0,IMU/min=0.0),Exp=(10.3ms,g=12.0,I=82)(6.9ms,g=7.0,I=71)(10.3ms,g=12.0,I=59)(7.7ms,g=9.0,I=67)
05-06 14:24:44.357  3739  4284 I VrApi   : FPS=65,Prd=45ms,Tear=0,Early=0,Stale=19,VSnc=1,Lat=1,Fov=0,CPU4/GPU=4/4,2304/670MHz,OC=FF,TA=0/E0/E0,SP=N/F/F,Mem=1804MHz,Free=1469MB,PSM=0,PLS=0,Temp=29.0C/0.0C,TW=1.26ms,App=16.34ms,GD=0.00ms,CPU&GPU=24.09ms,LCnt=1,GPU%=0.97,CPU%=0.32(W0.33),DSF=1.00
05-06 14:24:45.295  3739  3758 D UE4     : [GameActivity] Used memory: 737998
05-06 14:24:45.668  3739  4284 I Telemetry: App memory usage: PSS=720MB DalvikPSS=2 MB
05-06 14:24:45.669  3739  4284 I VrApi   : FPS=65,Prd=45ms,Tear=0,Early=0,Stale=21,VSnc=1,Lat=1,Fov=0,CPU4/GPU=4/4,2304/670MHz,OC=FF,TA=0/E0/E0,SP=N/F/F,Mem=1804MHz,Free=1469MB,PSM=0,PLS=0,Temp=29.0C/0.0C,TW=1.27ms,App=16.38ms,GD=0.00ms,CPU&GPU=23.32ms,LCnt=1,GPU%=0.96,CPU%=0.25(W0.32),DSF=1.00
05-06 14:24:46.359  3739  4284 I VrApi   : FPS=65,Prd=45ms,Tear=0,Early=0,Stale=21,VSnc=1,Lat=1,Fov=0,CPU4/GPU=4/4,2304/670MHz,OC=FF,TA=0/E0/E0,SP=N/F/F,Mem=1804MHz,Free=1469MB,PSM=0,PLS=0,Temp=29.0C/0.0C,TW=1.25ms,App=15.27ms,GD=0.00ms,CPU&GPU=23.58ms,LCnt=1,GPU%=0.96,CPU%=0.18(W0.29),DSF=1.00
05-06 14:24:46.663   709  3926 I [CT]    : HealthReport: ==================================================
05-06 14:24:46.663   709  3926 I [CT]    : Health Report
05-06 14:24:46.663   709  3926 I [CT]    : -------------
05-06 14:24:46.663   709  3926 I [CT]    : 
05-06 14:24:46.663   709  3926 I [CT]    : Reporter #1 (InsideOutHealthMonitor) summary:
05-06 14:24:46.663   709  3926 I [CT]    : Camera: Total Dropped: 0.000000, Total Frame Count: 2950 (0.000000%), Camera Reset Count: 0
05-06 14:24:46.663   709  3926 I [CT]    : Camera: Total Single Camera Frame Dropped: 0, Total Frame Count: 2950 (0.000000%)
05-06 14:24:46.663   709  3926 I [CT]    : IMU: Total Dropped: 0.000000, Total Sample Count: 118255 (0.000000%)
05-06 14:24:46.663   709  3926 I [CT]    : Magnetometer: Total Dropped: 0.000000, Total Sample Count: 3548 (0.000000%)
05-06 14:24:46.663   709  3926 I [CT]    : 
05-06 14:24:46.663   709  3926 I [CT]    : Reporter #1 (InsideOutHealthMonitor) Passed
05-06 14:24:46.663   709  3926 I [CT]    : --------------------------------------------------
05-06 14:24:46.663   709  3926 I [CT]    : Reporter #2 (ConstellationHealthMonitor) summary:
05-06 14:24:46.663   709  3926 I [CT]    : Camera: Total Dropped: 0.000000, Total Frame Count: 2951 (0.000000%), Camera Reset Count: 1
05-06 14:24:46.663   709  3926 I [CT]    : Camera: Total Single Camera Frame Dropped: 0, Total Frame Count: 2951 (0.000000%)
05-06 14:24:46.663   709  3926 I [CT]    : Controller 7745273921483883046:
05-06 14:24:46.663   709  3926 I [CT]    : IMU: Capture period exceeded threshold.  Largest period: 3.153328 sec
05-06 14:24:46.663   709  3926 I [CT]    : Controllers may have been sleeping
05-06 14:24:46.663   709  3926 I [CT]    : IMU: Total Dropped: 0.000000, Total Sample Count: 57608.108000 (0.000000%)
05-06 14:24:46.663   709  3926 I [CT]    : Controller 4212769887286730484:
05-06 14:24:47.033   709  3925 I [CT]    : MANAGEMENT:CONSTELLATION: Status=GREEN,, Obj=7745273921483883046,6DOF=1,FusJit=0.002mm,Issues(Cam/min=  0,IMU/min=0), Obj=4212769887286730484,6DOF=1,FusJit=0.0mm,Issues(Cam/min=  0,IMU/min=0)
05-06 14:24:47.358  3739  4284 I VrApi   : FPS=65,Prd=44ms,Tear=0,Early=0,Stale=24,VSnc=1,Lat=1,Fov=0,CPU4/GPU=4/4,2304/670MHz,OC=FF,TA=0/E0/E0,SP=N/F/F,Mem=1804MHz,Free=1471MB,PSM=0,PLS=0,Temp=29.0C/0.0C,TW=1.29ms,App=15.52ms,GD=0.00ms,CPU&GPU=24.00ms,LCnt=1,GPU%=0.96,CPU%=0.14(W0.16),DSF=1.00
05-06 14:24:47.462   709  3926 I [CT]    : VIPER:MAP_MANAGER: State: TRACKING_PERSISTENT, UUID=629a63a2-c5e1-4881-bb8c-d6b184c3f308, Num. Persistent maps = 2,  Persistent maps:d18585e8-d288-4997-b6ff-78495c7eed6a,629a63a2-c5e1-4881-bb8c-d6b184c3f308,, Ser. Disabled = 00000000-0000-0000-0000-000000000000
05-06 14:24:47.501   709  3926 I [CT]    : VIPER: Status=6DoF,TRACKING,KF=48,Inl=243,Pts=251,Jit=0.3mm,Issues(Cam/min=0.0,IMU/min=0.0),Exp=(9.4ms,g=12.0,I=77)(5.3ms,g=5.0,I=68)(9.4ms,g=12.0,I=61)(7.7ms,g=9.0,I=69)
05-06 14:24:48.358  3739  4284 I VrApi   : FPS=64,Prd=45ms,Tear=0,Early=0,Stale=27,VSnc=1,Lat=1,Fov=0,CPU4/GPU=4/4,2304/670MHz,OC=FF,TA=0/E0/E0,SP=N/F/F,Mem=1804MHz,Free=1469MB,PSM=0,PLS=0,Temp=29.0C/0.0C,TW=1.26ms,App=15.71ms,GD=0.00ms,CPU&GPU=24.07ms,LCnt=1,GPU%=0.95,CPU%=0.21(W0.25),DSF=1.00
05-06 14:24:48.535   709  3863 I [CT]    : boltlib: DSP utilization(%): 15
05-06 14:24:48.565   691   823 D GatekeeperNativeService: Using value 1 for gk arvr_gk_nimble_mfjlp, user=0
05-06 14:24:48.570   691   691 D GatekeeperNativeService: Using value 1 for gk oculus_blob_size_checker_gk, user=0
05-06 14:24:48.571   691   823 D GatekeeperNativeService: Using value 1 for gk oculus_enable_background_subtraction_gk, user=0
05-06 14:24:48.572   691   691 D GatekeeperNativeService: Using value 0 for gk oculus_enable_ht_quest_vrsrecording, user=0
05-06 14:24:48.572   691   823 D GatekeeperNativeService: Using value 0 for gk oculus_gk_is_dogfood, user=0
05-06 14:24:48.573   691   691 D GatekeeperNativeService: Using value 0 for gk oculus_gk_is_employee, user=0
05-06 14:24:48.573   691   823 D GatekeeperNativeService: Using value 0 for gk oculus_gk_is_qa, user=0
05-06 14:24:48.576   691   691 D GatekeeperNativeService: Using value 0 for gk oculus_gk_is_spatial_ai, user=0
05-06 14:24:48.577   691   823 D GatekeeperNativeService: Using value 1 for gk oculus_mapmerging_gk, user=0
05-06 14:24:48.578   691   691 D GatekeeperNativeService: Using value 0 for gk oculus_telemetry_gk_generic_1, user=0
05-06 14:24:48.579   691   823 D GatekeeperNativeService: Using value 0 for gk oculus_telemetry_gk_generic_2, user=0
05-06 14:24:48.594   691   691 D GatekeeperNativeService: Using value 0 for gk oculus_telemetry_gk_generic_3, user=0
05-06 14:24:48.595   691   823 D GatekeeperNativeService: Using value 0 for gk oculus_telemetry_gk_generic_4, user=0
05-06 14:24:48.595   691   691 D GatekeeperNativeService: Using value 0 for gk oculus_telemetry_gk_generic_5, user=0
05-06 14:24:48.596   691   823 D GatekeeperNativeService: Using value 0 for gk oculus_vr_keyboard_enabled, user=0
05-06 14:24:48.596   709  3943 I [CT]    : TELEMETRY_COLLECTOR: Sending event: constellation_periodic
05-06 14:24:48.597   709  3943 I [CT]    : TELEMETRY_COLLECTOR: Sending event: insideout_periodic
05-06 14:24:48.599   709  3943 I [CT]    : TELEMETRY_COLLECTOR: Sending event: constellation_periodic
05-06 14:24:48.601   709  3943 I [CT]    : TELEMETRY_COLLECTOR: Sending event: constellation_periodic
05-06 14:24:48.601   709  3943 I [CT]    : TELEMETRY_COLLECTOR: Sending event: map_periodic
05-06 14:24:48.602   709  3943 I [CT]    : NIMBLE:HLOG: NimbleTelemetryAggregator::populateTelemetry
05-06 14:24:48.607   709  3943 I [CT]    : TELEMETRY_COLLECTOR: Sending event: oculus_boltcv_periodic
05-06 14:24:48.607   709  3943 I [CT]    : TELEMETRY_COLLECTOR: Sending event: attitude_ekf_periodic
05-06 14:24:49.359  3739  4284 I VrApi   : FPS=63,Prd=45ms,Tear=0,Early=0,Stale=27,VSnc=1,Lat=1,Fov=0,CPU4/GPU=4/4,2304/670MHz,OC=FF,TA=0/E0/E0,SP=N/F/F,Mem=1804MHz,Free=1472MB,PSM=0,PLS=0,Temp=29.0C/0.0C,TW=1.28ms,App=15.63ms,GD=0.00ms,CPU&GPU=24.32ms,LCnt=1,GPU%=0.96,CPU%=0.20(W0.30),DSF=1.00
05-06 14:24:50.358  3739  4284 I VrApi   : FPS=63,Prd=45ms,Tear=0,Early=0,Stale=27,VSnc=1,Lat=1,Fov=0,CPU4/GPU=4/4,2304/670MHz,OC=FF,TA=0/E0/E0,SP=N/F/F,Mem=1804MHz,Free=1472MB,PSM=0,PLS=0,Temp=29.0C/0.0C,TW=1.28ms,App=14.22ms,GD=0.00ms,CPU&GPU=24.13ms,LCnt=1,GPU%=0.97,CPU%=0.29(W0.36),DSF=1.00
05-06 14:24:50.632   709  3925 I [CT]    : MANAGEMENT:CONSTELLATION: Status=GREEN,, Obj=7745273921483883046,6DOF=1,FusJit=0.002mm,Issues(Cam/min=  0,IMU/min=0), Obj=4212769887286730484,6DOF=1,FusJit=0.0mm,Issues(Cam/min=  0,IMU/min=0)
05-06 14:24:51.064   709  3926 I [CT]    : VIPER:MAP_MANAGER: State: TRACKING_PERSISTENT, UUID=629a63a2-c5e1-4881-bb8c-d6b184c3f308, Num. Persistent maps = 2,  Persistent maps:d18585e8-d288-4997-b6ff-78495c7eed6a,629a63a2-c5e1-4881-bb8c-d6b184c3f308,, Ser. Disabled = 00000000-0000-0000-0000-000000000000
05-06 14:24:51.103   709  3926 I [CT]    : VIPER: Status=6DoF,TRACKING,KF=48,Inl=325,Pts=251,Jit=0.5mm,Issues(Cam/min=0.0,IMU/min=0.0),Exp=(8.3ms,g=10.0,I=75)(6.3ms,g=5.0,I=72)(8.3ms,g=10.0,I=66)(7.0ms,g=7.0,I=68)
05-06 14:24:51.358  3739  4284 I VrApi   : FPS=64,Prd=45ms,Tear=0,Early=0,Stale=12,VSnc=1,Lat=1,Fov=0,CPU4/GPU=4/4,2304/670MHz,OC=FF,TA=0/E0/E0,SP=N/F/F,Mem=1804MHz,Free=1472MB,PSM=0,PLS=0,Temp=29.0C/0.0C,TW=1.24ms,App=12.91ms,GD=0.00ms,CPU&GPU=24.11ms,LCnt=1,GPU%=0.92,CPU%=0.21(W0.38),DSF=1.00
05-06 14:24:51.762  2150  3955 I TimeWarp: UpdateClockLevels: Apply pending clock request change: 4,4 -> 3,4
05-06 14:24:51.762  2150  3949 I Clocks  : ReleaseClocks - start
05-06 14:24:51.763   713   713 D         : CPU_CLUSTER_0: No client requests exists, release clocks
05-06 14:24:51.763   713   713 D         : CPU_CLUSTER_1: No client requests exists, release clocks
05-06 14:24:51.763   713   713 D         : GPU: No client requests exists, release clocks
05-06 14:24:51.763   713   713 D         : CPUBW: No client requests exists, release clocks
05-06 14:24:51.764  2150  3949 I Clocks  : ReleaseClocks - end (1.9 ms)
05-06 14:24:51.764  2150  3949 I Clocks  : LockClocks( cpu=3, gpu=4 ) - start
05-06 14:24:51.765  2150  3949 I Clocks  : CPU levels [0, 4]
05-06 14:24:51.765  2150  3949 I Clocks  : GPU levels [0, 5]
05-06 14:24:51.766   713   807 D         : CPU_CLUSTER_0: Client 2150 sends freq request [21, 21]
05-06 14:24:51.766   713   807 D         : CPU_CLUSTER_0: Next Perf Level = (21, 21)
05-06 14:24:51.766   713   807 D         : CPU_CLUSTER_1: Client 2150 sends freq request [22, 22]
05-06 14:24:51.766   713   807 D         : CPU_CLUSTER_1: Next Perf Level = (22, 22)
05-06 14:24:51.767   713   807 D         : CPUBW: Client 2150 sends freq request [8, 11]
05-06 14:24:51.767   713   807 D         : CPUBW: Next Perf Level = (8, 11)
05-06 14:24:51.769   713   807 D         : GPU: Client 2150 sends freq request [6, 6]
05-06 14:24:51.769   713   807 D         : GPU: Next Perf Level = (6, 6)
05-06 14:24:51.770  2150  3949 I Clocks  : LockClocks( cpu=3, gpu=4 ) - end (5.5 ms)
05-06 14:24:51.810  2161  3978 I Telemetry: App memory usage: PSS=54MB DalvikPSS=1 MB
05-06 14:24:52.037  1842  1842 D [OAR] LowStorageNotificationScheduler: Storage Checks: Internal Free (110063763456)
05-06 14:24:52.360  3739  4284 I VrApi   : FPS=71,Prd=45ms,Tear=0,Early=0,Stale=0,VSnc=1,Lat=1,Fov=0,CPU4/GPU=4/4,1958/670MHz,OC=FF,TA=0/E0/E0,SP=N/F/F,Mem=1804MHz,Free=1472MB,PSM=0,PLS=0,Temp=29.0C/0.0C,TW=1.24ms,App=12.31ms,GD=0.00ms,CPU&GPU=17.97ms,LCnt=1,GPU%=0.89,CPU%=0.26(W0.41),DSF=1.00
05-06 14:24:52.663   709  3926 I [CT]    : HealthReport: ==================================================
05-06 14:24:52.663   709  3926 I [CT]    : Health Report
05-06 14:24:52.663   709  3926 I [CT]    : -------------
05-06 14:24:52.663   709  3926 I [CT]    : 
05-06 14:24:52.663   709  3926 I [CT]    : Reporter #1 (InsideOutHealthMonitor) summary:
05-06 14:24:52.663   709  3926 I [CT]    : Camera: Total Dropped: 0.000000, Total Frame Count: 3100 (0.000000%), Camera Reset Count: 0
05-06 14:24:52.663   709  3926 I [CT]    : Camera: Total Single Camera Frame Dropped: 0, Total Frame Count: 3100 (0.000000%)
05-06 14:24:52.663   709  3926 I [CT]    : IMU: Total Dropped: 0.000000, Total Sample Count: 124255 (0.000000%)
05-06 14:24:52.663   709  3926 I [CT]    : Magnetometer: Total Dropped: 0.000000, Total Sample Count: 3728 (0.000000%)
05-06 14:24:52.663   709  3926 I [CT]    : 
05-06 14:24:52.663   709  3926 I [CT]    : Reporter #1 (InsideOutHealthMonitor) Passed
05-06 14:24:52.663   709  3926 I [CT]    : --------------------------------------------------
05-06 14:24:52.663   709  3926 I [CT]    : Reporter #2 (ConstellationHealthMonitor) summary:
05-06 14:24:52.663   709  3926 I [CT]    : Camera: Total Dropped: 0.000000, Total Frame Count: 3101 (0.000000%), Camera Reset Count: 1
05-06 14:24:52.663   709  3926 I [CT]    : Camera: Total Single Camera Frame Dropped: 0, Total Frame Count: 3101 (0.000000%)
05-06 14:24:52.663   709  3926 I [CT]    : Controller 7745273921483883046:
05-06 14:24:52.663   709  3926 I [CT]    : IMU: Capture period exceeded threshold.  Largest period: 3.153328 sec
05-06 14:24:52.663   709  3926 I [CT]    : Controllers may have been sleeping
05-06 14:24:52.663   709  3926 I [CT]    : IMU: Total Dropped: 0.000000, Total Sample Count: 60608.408500 (0.000000%)
05-06 14:24:52.663   709  3926 I [CT]    : Controller 4212769887286730484:
05-06 14:24:53.155  2150  3955 I Vsync   : Vsync 8944:  1 x 14.34 ms (71.82 Hz, at 622.705)
05-06 14:24:53.169  2150  3955 I Vsync   : Vsync 8945:  1 x 13.51 ms (71.82 Hz, at 622.719)
05-06 14:24:53.262   709  3911 I [CT]    : L:Behavior:AtRest: activated
05-06 14:24:53.262   709  3911 I [CT]    : AdHocPatch: [Right] t = 124.964s, behavior transition: None -> AtRest at 125.012s
05-06 14:24:53.272   709  3911 I [CT]    : L:Behavior:AtRest: deactivated
05-06 14:24:53.272   709  3911 I [CT]    : AdHocPatch: [Right] t = 124.974s, behavior transition: AtRest -> None at 125.022s
05-06 14:24:53.310   709  3911 I [CT]    : L:Behavior:AtRest: activated
05-06 14:24:53.310   709  3911 I [CT]    : AdHocPatch: [Right] t = 125.012s, behavior transition: None -> AtRest at 125.060s
05-06 14:24:53.349   709  3911 I [CT]    : L:Behavior:AtRest: deactivated
05-06 14:24:53.349   709  3911 I [CT]    : AdHocPatch: [Right] t = 125.048s, behavior transition: AtRest -> None at 125.096s
05-06 14:24:53.361  3739  4284 I VrApi   : FPS=72,Prd=45ms,Tear=0,Early=0,Stale=0,VSnc=1,Lat=1,Fov=0,CPU4/GPU=3/4,1958/670MHz,OC=FF,TA=0/E0/E0,SP=N/F/F,Mem=1804MHz,Free=1468MB,PSM=0,PLS=0,Temp=29.0C/0.0C,TW=1.22ms,App=11.99ms,GD=0.00ms,CPU&GPU=15.62ms,LCnt=1,GPU%=0.86,CPU%=0.27(W0.35),DSF=1.00
05-06 14:24:53.767  2150  3955 I TimeWarp: UpdateClockLevels: Apply pending clock request change: 3,4 -> 2,4
05-06 14:24:53.768  2150  3949 I Clocks  : ReleaseClocks - start
05-06 14:24:53.769   713  2969 D         : CPU_CLUSTER_0: No client requests exists, release clocks
05-06 14:24:53.769   713  2969 D         : CPU_CLUSTER_1: No client requests exists, release clocks
05-06 14:24:53.769   713  2969 D         : GPU: No client requests exists, release clocks
05-06 14:24:53.770   713  2969 D         : CPUBW: No client requests exists, release clocks
05-06 14:24:53.770  2150  3949 I Clocks  : ReleaseClocks - end (1.6 ms)
05-06 14:24:53.770  2150  3949 I Clocks  : LockClocks( cpu=2, gpu=4 ) - start
05-06 14:24:53.771  2150  3949 I Clocks  : CPU levels [0, 4]
05-06 14:24:53.771  2150  3949 I Clocks  : GPU levels [0, 5]
05-06 14:24:53.771   713   807 D         : CPU_CLUSTER_0: Client 2150 sends freq request [21, 21]
05-06 14:24:53.771   713   807 D         : CPU_CLUSTER_0: Next Perf Level = (21, 21)
05-06 14:24:53.771   713   807 D         : CPU_CLUSTER_1: Client 2150 sends freq request [18, 18]
05-06 14:24:53.772   713   807 D         : CPU_CLUSTER_1: Next Perf Level = (18, 18)
05-06 14:24:53.772   713   807 D         : CPUBW: Client 2150 sends freq request [8, 11]
05-06 14:24:53.772   713   807 D         : CPUBW: Next Perf Level = (8, 11)
05-06 14:24:53.773   713   807 D         : GPU: Client 2150 sends freq request [6, 6]
05-06 14:24:53.773   713   807 D         : GPU: Next Perf Level = (6, 6)
05-06 14:24:53.773  2150  3949 I Clocks  : LockClocks( cpu=2, gpu=4 ) - end (2.5 ms)
05-06 14:24:54.232   709  3925 I [CT]    : MANAGEMENT:CONSTELLATION: Status=GREEN,, Obj=7745273921483883046,6DOF=1,FusJit=0.002mm,Issues(Cam/min=  0,IMU/min=0), Obj=4212769887286730484,6DOF=1,FusJit=0.0mm,Issues(Cam/min=  0,IMU/min=0)
05-06 14:24:54.359  3739  4284 I VrApi   : FPS=72,Prd=45ms,Tear=0,Early=0,Stale=0,VSnc=1,Lat=1,Fov=0,CPU4/GPU=3/4,1651/670MHz,OC=FF,TA=0/E0/E0,SP=N/F/F,Mem=1804MHz,Free=1467MB,PSM=0,PLS=0,Temp=29.0C/0.0C,TW=1.27ms,App=13.03ms,GD=0.00ms,CPU&GPU=15.82ms,LCnt=1,GPU%=0.92,CPU%=0.45(W0.58),DSF=1.00
05-06 14:24:54.535   709  3863 I [CT]    : boltlib: DSP utilization(%): 15
05-06 14:24:54.663   709  3926 I [CT]    : VIPER:MAP_MANAGER: State: TRACKING_PERSISTENT, UUID=629a63a2-c5e1-4881-bb8c-d6b184c3f308, Num. Persistent maps = 2,  Persistent maps:d18585e8-d288-4997-b6ff-78495c7eed6a,629a63a2-c5e1-4881-bb8c-d6b184c3f308,, Ser. Disabled = 00000000-0000-0000-0000-000000000000
05-06 14:24:54.705   709  3926 I [CT]    : VIPER: Status=6DoF,TRACKING,KF=48,Inl=371,Pts=251,Jit=0.1mm,Issues(Cam/min=0.0,IMU/min=0.0),Exp=(8.8ms,g=11.0,I=79)(5.5ms,g=6.0,I=67)(8.8ms,g=11.0,I=62)(7.4ms,g=8.0,I=68)
05-06 14:24:54.979  2150  3955 I TimeWarp: UpdateClockLevels: Apply pending clock request change: 2,4 -> 3,4
05-06 14:24:54.979  2150  3949 I Clocks  : ReleaseClocks - start
05-06 14:24:54.981   713   807 D         : CPU_CLUSTER_0: No client requests exists, release clocks
05-06 14:24:54.981   713   807 D         : CPU_CLUSTER_1: No client requests exists, release clocks
05-06 14:24:54.981   713   807 D         : GPU: No client requests exists, release clocks
05-06 14:24:54.981   713   807 D         : CPUBW: No client requests exists, release clocks
05-06 14:24:54.983  2150  3949 I Clocks  : ReleaseClocks - end (3.4 ms)
05-06 14:24:54.988  2150  3949 I Clocks  : LockClocks( cpu=3, gpu=4 ) - start
05-06 14:24:54.990  2150  3949 I Clocks  : CPU levels [0, 4]
05-06 14:24:54.991  2150  3949 I Clocks  : GPU levels [0, 5]
05-06 14:24:54.991   713  2968 D         : CPU_CLUSTER_0: Client 2150 sends freq request [21, 21]
05-06 14:24:54.991   713  2968 D         : CPU_CLUSTER_0: Next Perf Level = (21, 21)
05-06 14:24:54.991   713  2968 D         : CPU_CLUSTER_1: Client 2150 sends freq request [22, 22]
05-06 14:24:54.991   713  2968 D         : CPU_CLUSTER_1: Next Perf Level = (22, 22)
05-06 14:24:54.991   713  2968 D         : CPUBW: Client 2150 sends freq request [8, 11]
05-06 14:24:54.991   713  2968 D         : CPUBW: Next Perf Level = (8, 11)
05-06 14:24:54.993   713  2968 D         : GPU: Client 2150 sends freq request [6, 6]
05-06 14:24:54.993   713  2968 D         : GPU: Next Perf Level = (6, 6)
05-06 14:24:54.995  2150  3949 I Clocks  : LockClocks( cpu=3, gpu=4 ) - end (6.8 ms)
05-06 14:24:55.359  3739  4284 I VrApi   : FPS=72,Prd=45ms,Tear=0,Early=0,Stale=0,VSnc=1,Lat=1,Fov=0,CPU4/GPU=2/4,1958/670MHz,OC=FF,TA=0/E0/E0,SP=N/F/F,Mem=1804MHz,Free=1463MB,PSM=0,PLS=0,Temp=29.0C/0.0C,TW=1.20ms,App=12.80ms,GD=0.00ms,CPU&GPU=17.53ms,LCnt=1,GPU%=0.99,CPU%=0.31(W0.45),DSF=1.00
05-06 14:24:55.480  2150  3955 I TimeWarp: UpdateClockLevels: Apply pending clock request change: 3,4 -> 4,4
05-06 14:24:55.480  2150  3949 I Clocks  : ReleaseClocks - start
05-06 14:24:55.481   713   807 D         : CPU_CLUSTER_0: No client requests exists, release clocks
05-06 14:24:55.481   713   807 D         : CPU_CLUSTER_1: No client requests exists, release clocks
05-06 14:24:55.481   713   807 D         : GPU: No client requests exists, release clocks
05-06 14:24:55.481   713   807 D         : CPUBW: No client requests exists, release clocks
05-06 14:24:55.483  2150  3949 I Clocks  : ReleaseClocks - end (2.4 ms)
05-06 14:24:55.483  2150  3949 I Clocks  : LockClocks( cpu=4, gpu=4 ) - start
05-06 14:24:55.483  2150  3949 I Clocks  : CPU levels [0, 4]
05-06 14:24:55.484  2150  3949 I Clocks  : GPU levels [0, 5]
05-06 14:24:55.484   713  1227 D         : CPU_CLUSTER_0: Client 2150 sends freq request [21, 21]
05-06 14:24:55.484   713  1227 D         : CPU_CLUSTER_0: Next Perf Level = (21, 21)
05-06 14:24:55.484   713  1227 D         : CPU_CLUSTER_1: Client 2150 sends freq request [26, 26]
05-06 14:24:55.484   713  1227 D         : CPU_CLUSTER_1: Next Perf Level = (26, 26)
05-06 14:24:55.484   713  1227 D         : CPUBW: Client 2150 sends freq request [8, 11]
05-06 14:24:55.484   713  1227 D         : CPUBW: Next Perf Level = (8, 11)
05-06 14:24:55.485   713  1227 D         : GPU: Client 2150 sends freq request [6, 6]
05-06 14:24:55.485   713  1227 D         : GPU: Next Perf Level = (6, 6)
05-06 14:24:55.485  2150  3949 I Clocks  : LockClocks( cpu=4, gpu=4 ) - end (2.3 ms)
05-06 14:24:55.635  3739  3758 D UE4     : [GameActivity] Used memory: 743874
05-06 14:24:56.359  3739  4284 I VrApi   : FPS=70,Prd=44ms,Tear=0,Early=0,Stale=18,VSnc=1,Lat=1,Fov=0,CPU4/GPU=3/4,2304/670MHz,OC=FF,TA=0/E0/E0,SP=N/F/F,Mem=1804MHz,Free=1465MB,PSM=0,PLS=0,Temp=29.0C/0.0C,TW=1.20ms,App=16.36ms,GD=0.00ms,CPU&GPU=20.29ms,LCnt=1,GPU%=0.95,CPU%=0.26(W0.38),DSF=1.00
05-06 14:24:57.359  3739  4284 I VrApi   : FPS=64,Prd=44ms,Tear=0,Early=0,Stale=27,VSnc=1,Lat=1,Fov=0,CPU4/GPU=4/4,2304/670MHz,OC=FF,TA=0/E0/E0,SP=N/F/F,Mem=1804MHz,Free=1464MB,PSM=0,PLS=0,Temp=29.0C/0.0C,TW=1.20ms,App=14.54ms,GD=0.00ms,CPU&GPU=24.30ms,LCnt=1,GPU%=0.97,CPU%=0.24(W0.32),DSF=1.00
05-06 14:24:57.832   709  3925 I [CT]    : MANAGEMENT:CONSTELLATION: Status=GREEN,, Obj=7745273921483883046,6DOF=1,FusJit=0.006mm,Issues(Cam/min=  0,IMU/min=0), Obj=4212769887286730484,6DOF=1,FusJit=0.0mm,Issues(Cam/min=  0,IMU/min=0)
05-06 14:24:58.266   709  3926 I [CT]    : VIPER:MAP_MANAGER: State: TRACKING_PERSISTENT, UUID=629a63a2-c5e1-4881-bb8c-d6b184c3f308, Num. Persistent maps = 2,  Persistent maps:d18585e8-d288-4997-b6ff-78495c7eed6a,629a63a2-c5e1-4881-bb8c-d6b184c3f308,, Ser. Disabled = 00000000-0000-0000-0000-000000000000
05-06 14:24:58.305   709  3926 I [CT]    : VIPER: Status=6DoF,TRACKING,KF=48,Inl=389,Pts=251,Jit=0.6mm,Issues(Cam/min=0.0,IMU/min=0.0),Exp=(9.1ms,g=11.0,I=80)(6.7ms,g=7.0,I=74)(9.1ms,g=11.0,I=63)(7.3ms,g=8.0,I=68)
05-06 14:24:58.360  3739  4284 I VrApi   : FPS=66,Prd=45ms,Tear=0,Early=0,Stale=3,VSnc=1,Lat=1,Fov=0,CPU4/GPU=4/4,2304/670MHz,OC=FF,TA=0/E0/E0,SP=N/F/F,Mem=1804MHz,Free=1464MB,PSM=0,PLS=0,Temp=29.0C/0.0C,TW=1.27ms,App=14.00ms,GD=0.00ms,CPU&GPU=23.29ms,LCnt=1,GPU%=0.97,CPU%=0.26(W0.35),DSF=1.00
05-06 14:24:58.501  2150  3955 I TimeWarp: UpdateClockLevels: Apply pending clock request change: 4,4 -> 3,4
05-06 14:24:58.501  2150  3949 I Clocks  : ReleaseClocks - start
05-06 14:24:58.502   713  2968 D         : CPU_CLUSTER_0: No client requests exists, release clocks
05-06 14:24:58.502   713  2968 D         : CPU_CLUSTER_1: No client requests exists, release clocks
05-06 14:24:58.502   713  2968 D         : GPU: No client requests exists, release clocks
05-06 14:24:58.503   713  2968 D         : CPUBW: No client requests exists, release clocks
05-06 14:24:58.509  2150  3949 I Clocks  : ReleaseClocks - end (7.2 ms)
05-06 14:24:58.509  2150  3949 I Clocks  : LockClocks( cpu=3, gpu=4 ) - start
05-06 14:24:58.510  2150  3949 I Clocks  : CPU levels [0, 4]
05-06 14:24:58.510  2150  3949 I Clocks  : GPU levels [0, 5]
05-06 14:24:58.510   713  2969 D         : CPU_CLUSTER_0: Client 2150 sends freq request [21, 21]
05-06 14:24:58.511   713  2969 D         : CPU_CLUSTER_0: Next Perf Level = (21, 21)
05-06 14:24:58.511   713  2969 D         : CPU_CLUSTER_1: Client 2150 sends freq request [22, 22]
05-06 14:24:58.511   713  2969 D         : CPU_CLUSTER_1: Next Perf Level = (22, 22)
05-06 14:24:58.511   713  2969 D         : CPUBW: Client 2150 sends freq request [8, 11]
05-06 14:24:58.511   713  2969 D         : CPUBW: Next Perf Level = (8, 11)
05-06 14:24:58.511   713  2969 D         : GPU: Client 2150 sends freq request [6, 6]
05-06 14:24:58.512   713  2969 D         : GPU: Next Perf Level = (6, 6)
05-06 14:24:58.512  2150  3949 I Clocks  : LockClocks( cpu=3, gpu=4 ) - end (3.5 ms)
05-06 14:24:58.666   709  3926 I [CT]    : HealthReport: ==================================================
05-06 14:24:58.666   709  3926 I [CT]    : Health Report
05-06 14:24:58.666   709  3926 I [CT]    : -------------
05-06 14:24:58.666   709  3926 I [CT]    : 
05-06 14:24:58.666   709  3926 I [CT]    : Reporter #1 (InsideOutHealthMonitor) summary:
05-06 14:24:58.666   709  3926 I [CT]    : Camera: Total Dropped: 0.000000, Total Frame Count: 3250 (0.000000%), Camera Reset Count: 0
05-06 14:24:58.666   709  3926 I [CT]    : Camera: Total Single Camera Frame Dropped: 0, Total Frame Count: 3250 (0.000000%)
05-06 14:24:58.666   709  3926 I [CT]    : IMU: Total Dropped: 0.000000, Total Sample Count: 130258 (0.000000%)
05-06 14:24:58.666   709  3926 I [CT]    : Magnetometer: Total Dropped: 0.000000, Total Sample Count: 3909 (0.000000%)
05-06 14:24:58.666   709  3926 I [CT]    : 
05-06 14:24:58.666   709  3926 I [CT]    : Reporter #1 (InsideOutHealthMonitor) Passed
05-06 14:24:58.666   709  3926 I [CT]    : --------------------------------------------------
05-06 14:24:58.666   709  3926 I [CT]    : Reporter #2 (ConstellationHealthMonitor) summary:
05-06 14:24:58.666   709  3926 I [CT]    : Camera: Total Dropped: 0.000000, Total Frame Count: 3251 (0.000000%), Camera Reset Count: 1
05-06 14:24:58.666   709  3926 I [CT]    : Camera: Total Single Camera Frame Dropped: 0, Total Frame Count: 3251 (0.000000%)
05-06 14:24:58.666   709  3926 I [CT]    : Controller 7745273921483883046:
05-06 14:24:58.666   709  3926 I [CT]    : IMU: Capture period exceeded threshold.  Largest period: 3.153328 sec
05-06 14:24:58.666   709  3926 I [CT]    : Controllers may have been sleeping
05-06 14:24:58.666   709  3926 I [CT]    : IMU: Total Dropped: 0.000000, Total Sample Count: 63608.713000 (0.000000%)
05-06 14:24:58.666   709  3926 I [CT]    : Controller 4212769887286730484:
05-06 14:24:59.360  3739  4284 I VrApi   : FPS=72,Prd=44ms,Tear=0,Early=0,Stale=0,VSnc=1,Lat=1,Fov=0,CPU4/GPU=4/4,1958/670MHz,OC=FF,TA=0/E0/E0,SP=N/F/F,Mem=1804MHz,Free=1462MB,PSM=0,PLS=0,Temp=29.0C/0.0C,TW=1.24ms,App=13.93ms,GD=0.00ms,CPU&GPU=20.67ms,LCnt=1,GPU%=1.00,CPU%=0.23(W0.33),DSF=1.00
05-06 14:24:59.699  2150  3955 I TimeWarp: UpdateClockLevels: Apply pending clock request change: 3,4 -> 4,4
05-06 14:24:59.699  2150  3949 I Clocks  : ReleaseClocks - start
05-06 14:24:59.700   713   713 D         : CPU_CLUSTER_0: No client requests exists, release clocks
05-06 14:24:59.700   713   713 D         : CPU_CLUSTER_1: No client requests exists, release clocks
05-06 14:24:59.701   713   713 D         : GPU: No client requests exists, release clocks
05-06 14:24:59.701   713   713 D         : CPUBW: No client requests exists, release clocks
05-06 14:24:59.702  2150  3949 I Clocks  : ReleaseClocks - end (2.8 ms)
05-06 14:24:59.702  2150  3949 I Clocks  : LockClocks( cpu=4, gpu=4 ) - start
05-06 14:24:59.703  2150  3949 I Clocks  : CPU levels [0, 4]
05-06 14:24:59.703  2150  3949 I Clocks  : GPU levels [0, 5]
05-06 14:24:59.703   713  2969 D         : CPU_CLUSTER_0: Client 2150 sends freq request [21, 21]
05-06 14:24:59.703   713  2969 D         : CPU_CLUSTER_0: Next Perf Level = (21, 21)
05-06 14:24:59.704   713  2969 D         : CPU_CLUSTER_1: Client 2150 sends freq request [26, 26]
05-06 14:24:59.704   713  2969 D         : CPU_CLUSTER_1: Next Perf Level = (26, 26)
05-06 14:24:59.704   713  2969 D         : CPUBW: Client 2150 sends freq request [8, 11]
05-06 14:24:59.704   713  2969 D         : CPUBW: Next Perf Level = (8, 11)
05-06 14:24:59.706   713  2969 D         : GPU: Client 2150 sends freq request [6, 6]
05-06 14:24:59.706   713  2969 D         : GPU: Next Perf Level = (6, 6)
05-06 14:24:59.707  2150  3949 I Clocks  : LockClocks( cpu=4, gpu=4 ) - end (4.5 ms)
05-06 14:25:00.359  3739  4284 I VrApi   : FPS=72,Prd=44ms,Tear=0,Early=0,Stale=3,VSnc=1,Lat=1,Fov=0,CPU4/GPU=3/4,2304/670MHz,OC=FF,TA=0/E0/E0,SP=N/F/F,Mem=1804MHz,Free=1456MB,PSM=0,PLS=0,Temp=29.0C/0.0C,TW=1.25ms,App=14.73ms,GD=0.00ms,CPU&GPU=21.97ms,LCnt=1,GPU%=0.96,CPU%=0.35(W0.38),DSF=1.00
05-06 14:25:00.569   709  3863 I [CT]    : boltlib: DSP utilization(%): 16
05-06 14:25:01.359  3739  4284 I VrApi   : FPS=69,Prd=44ms,Tear=0,Early=12,Stale=12,VSnc=1,Lat=1,Fov=0,CPU4/GPU=4/4,2304/670MHz,OC=FF,TA=0/E0/E0,SP=N/F/F,Mem=1804MHz,Free=1460MB,PSM=0,PLS=0,Temp=29.0C/0.0C,TW=1.25ms,App=9.44ms,GD=0.00ms,CPU&GPU=23.40ms,LCnt=1,GPU%=0.72,CPU%=0.28(W0.30),DSF=1.00
05-06 14:25:01.432   709  3925 I [CT]    : MANAGEMENT:CONSTELLATION: Status=GREEN,, Obj=7745273921483883046,6DOF=1,FusJit=0.002mm,Issues(Cam/min=  0,IMU/min=0), Obj=4212769887286730484,6DOF=1,FusJit=0.0mm,Issues(Cam/min=  0,IMU/min=0)
05-06 14:25:01.864   709  3926 I [CT]    : VIPER:MAP_MANAGER: State: TRACKING_PERSISTENT, UUID=629a63a2-c5e1-4881-bb8c-d6b184c3f308, Num. Persistent maps = 2,  Persistent maps:d18585e8-d288-4997-b6ff-78495c7eed6a,629a63a2-c5e1-4881-bb8c-d6b184c3f308,, Ser. Disabled = 00000000-0000-0000-0000-000000000000
05-06 14:25:01.871  2150  3955 I TimeWarp: UpdateClockLevels: Apply pending clock request change: 4,4 -> 3,4
05-06 14:25:01.871  2150  3949 I Clocks  : ReleaseClocks - start
05-06 14:25:01.872   713  1227 D         : CPU_CLUSTER_0: No client requests exists, release clocks
05-06 14:25:01.872   713  1227 D         : CPU_CLUSTER_1: No client requests exists, release clocks
05-06 14:25:01.872   713  1227 D         : GPU: No client requests exists, release clocks
05-06 14:25:01.872   713  1227 D         : CPUBW: No client requests exists, release clocks
05-06 14:25:01.873  2150  3949 I Clocks  : ReleaseClocks - end (1.8 ms)
05-06 14:25:01.873  2150  3949 I Clocks  : LockClocks( cpu=3, gpu=4 ) - start
05-06 14:25:01.874  2150  3949 I Clocks  : CPU levels [0, 4]
05-06 14:25:01.874  2150  3949 I Clocks  : GPU levels [0, 5]
05-06 14:25:01.874   713   807 D         : CPU_CLUSTER_0: Client 2150 sends freq request [21, 21]
05-06 14:25:01.874   713   807 D         : CPU_CLUSTER_0: Next Perf Level = (21, 21)
05-06 14:25:01.875   713   807 D         : CPU_CLUSTER_1: Client 2150 sends freq request [22, 22]
05-06 14:25:01.875   713   807 D         : CPU_CLUSTER_1: Next Perf Level = (22, 22)
05-06 14:25:01.875   713   807 D         : CPUBW: Client 2150 sends freq request [8, 11]
05-06 14:25:01.875   713   807 D         : CPUBW: Next Perf Level = (8, 11)
05-06 14:25:01.875   713   807 D         : GPU: Client 2150 sends freq request [6, 6]
05-06 14:25:01.875   713   807 D         : GPU: Next Perf Level = (6, 6)
05-06 14:25:01.875  2150  3949 I Clocks  : LockClocks( cpu=3, gpu=4 ) - end (1.7 ms)
05-06 14:25:01.904   709  3926 I [CT]    : VIPER: Status=6DoF,TRACKING,KF=48,Inl=374,Pts=251,Jit=0.1mm,Issues(Cam/min=0.0,IMU/min=0.0),Exp=(8.7ms,g=10.0,I=78)(4.9ms,g=5.0,I=68)(8.7ms,g=10.0,I=61)(7.2ms,g=8.0,I=68)
05-06 14:25:02.360  3739  4284 I VrApi   : FPS=69,Prd=45ms,Tear=0,Early=29,Stale=0,VSnc=1,Lat=1,Fov=0,CPU4/GPU=4/4,1958/670MHz,OC=FF,TA=0/E0/E0,SP=N/F/F,Mem=1804MHz,Free=1460MB,PSM=0,PLS=0,Temp=29.0C/0.0C,TW=1.25ms,App=9.64ms,GD=0.00ms,CPU&GPU=12.93ms,LCnt=1,GPU%=0.72,CPU%=0.33(W0.35),DSF=1.00
05-06 14:25:03.362  3739  4284 I VrApi   : FPS=72,Prd=45ms,Tear=0,Early=18,Stale=0,VSnc=1,Lat=1,Fov=0,CPU4/GPU=3/4,1958/670MHz,OC=FF,TA=0/E0/E0,SP=N/F/F,Mem=1804MHz,Free=1460MB,PSM=0,PLS=0,Temp=29.0C/0.0C,TW=1.26ms,App=9.50ms,GD=0.00ms,CPU&GPU=13.08ms,LCnt=1,GPU%=0.71,CPU%=0.26(W0.35),DSF=1.00
05-06 14:25:03.876  2150  3955 I TimeWarp: UpdateClockLevels: Apply pending clock request change: 3,4 -> 2,4
05-06 14:25:03.876  2150  3949 I Clocks  : ReleaseClocks - start
05-06 14:25:03.877   713  2969 D         : CPU_CLUSTER_0: No client requests exists, release clocks
05-06 14:25:03.877   713  2969 D         : CPU_CLUSTER_1: No client requests exists, release clocks
05-06 14:25:03.877   713  2969 D         : GPU: No client requests exists, release clocks
05-06 14:25:03.877   713  2969 D         : CPUBW: No client requests exists, release clocks
05-06 14:25:03.878  2150  3949 I Clocks  : ReleaseClocks - end (2.0 ms)
05-06 14:25:03.878  2150  3949 I Clocks  : LockClocks( cpu=2, gpu=4 ) - start
05-06 14:25:03.879  2150  3949 I Clocks  : CPU levels [0, 4]
05-06 14:25:03.879  2150  3949 I Clocks  : GPU levels [0, 5]
05-06 14:25:03.879   713  1227 D         : CPU_CLUSTER_0: Client 2150 sends freq request [21, 21]
05-06 14:25:03.879   713  1227 D         : CPU_CLUSTER_0: Next Perf Level = (21, 21)
05-06 14:25:03.879   713  1227 D         : CPU_CLUSTER_1: Client 2150 sends freq request [18, 18]
05-06 14:25:03.879   713  1227 D         : CPU_CLUSTER_1: Next Perf Level = (18, 18)
05-06 14:25:03.879   713  1227 D         : CPUBW: Client 2150 sends freq request [8, 11]
05-06 14:25:03.879   713  1227 D         : CPUBW: Next Perf Level = (8, 11)
05-06 14:25:03.880   713  1227 D         : GPU: Client 2150 sends freq request [6, 6]
05-06 14:25:03.880   713  1227 D         : GPU: Next Perf Level = (6, 6)
05-06 14:25:03.882  2150  3949 I Clocks  : LockClocks( cpu=2, gpu=4 ) - end (3.3 ms)
05-06 14:25:04.362  3739  4284 I VrApi   : FPS=72,Prd=45ms,Tear=0,Early=16,Stale=0,VSnc=1,Lat=1,Fov=0,CPU4/GPU=3/4,1651/670MHz,OC=FF,TA=0/E0/E0,SP=N/F/F,Mem=1804MHz,Free=1459MB,PSM=0,PLS=0,Temp=29.0C/0.0C,TW=1.30ms,App=10.82ms,GD=0.00ms,CPU&GPU=13.18ms,LCnt=1,GPU%=0.78,CPU%=0.34(W0.48),DSF=1.00
05-06 14:25:04.664   709  3926 I [CT]    : HealthReport: ==================================================
05-06 14:25:04.664   709  3926 I [CT]    : Health Report
05-06 14:25:04.664   709  3926 I [CT]    : -------------
05-06 14:25:04.664   709  3926 I [CT]    : 
05-06 14:25:04.664   709  3926 I [CT]    : Reporter #1 (InsideOutHealthMonitor) summary:
05-06 14:25:04.664   709  3926 I [CT]    : Camera: Total Dropped: 0.000000, Total Frame Count: 3400 (0.000000%), Camera Reset Count: 0
05-06 14:25:04.664   709  3926 I [CT]    : Camera: Total Single Camera Frame Dropped: 0, Total Frame Count: 3400 (0.000000%)
05-06 14:25:04.664   709  3926 I [CT]    : IMU: Total Dropped: 0.000000, Total Sample Count: 136256 (0.000000%)
05-06 14:25:04.664   709  3926 I [CT]    : Magnetometer: Total Dropped: 0.000000, Total Sample Count: 4088 (0.000000%)
05-06 14:25:04.664   709  3926 I [CT]    : 
05-06 14:25:04.664   709  3926 I [CT]    : Reporter #1 (InsideOutHealthMonitor) Passed
05-06 14:25:04.664   709  3926 I [CT]    : --------------------------------------------------
05-06 14:25:04.664   709  3926 I [CT]    : Reporter #2 (ConstellationHealthMonitor) summary:
05-06 14:25:04.664   709  3926 I [CT]    : Camera: Total Dropped: 0.000000, Total Frame Count: 3401 (0.000000%), Camera Reset Count: 1
05-06 14:25:04.664   709  3926 I [CT]    : Camera: Total Single Camera Frame Dropped: 0, Total Frame Count: 3401 (0.000000%)
05-06 14:25:04.664   709  3926 I [CT]    : Controller 7745273921483883046:
05-06 14:25:04.664   709  3926 I [CT]    : IMU: Capture period exceeded threshold.  Largest period: 3.153328 sec
05-06 14:25:04.664   709  3926 I [CT]    : Controllers may have been sleeping
05-06 14:25:04.664   709  3926 I [CT]    : IMU: Total Dropped: 0.000000, Total Sample Count: 66608.023000 (0.000000%)
05-06 14:25:04.664   709  3926 I [CT]    : Controller 4212769887286730484:
05-06 14:25:05.033   709  3925 I [CT]    : MANAGEMENT:CONSTELLATION: Status=GREEN,, Obj=7745273921483883046,6DOF=1,FusJit=0.002mm,Issues(Cam/min=  0,IMU/min=0), Obj=4212769887286730484,6DOF=1,FusJit=0.0mm,Issues(Cam/min=  0,IMU/min=0)
05-06 14:25:05.466   709  3926 I [CT]    : VIPER:MAP_MANAGER: State: TRACKING_PERSISTENT, UUID=629a63a2-c5e1-4881-bb8c-d6b184c3f308, Num. Persistent maps = 2,  Persistent maps:d18585e8-d288-4997-b6ff-78495c7eed6a,629a63a2-c5e1-4881-bb8c-d6b184c3f308,, Ser. Disabled = 00000000-0000-0000-0000-000000000000
05-06 14:25:05.505   709  3926 I [CT]    : VIPER: Status=6DoF,TRACKING,KF=48,Inl=373,Pts=251,Jit=0.2mm,Issues(Cam/min=0.0,IMU/min=0.0),Exp=(8.8ms,g=12.0,I=78)(6.6ms,g=7.0,I=67)(8.8ms,g=12.0,I=62)(7.5ms,g=8.0,I=68)
05-06 14:25:05.724  3739  4284 I Telemetry: App memory usage: PSS=734MB DalvikPSS=2 MB
05-06 14:25:05.727  3739  4284 I VrApi   : FPS=72,Prd=45ms,Tear=0,Early=39,Stale=0,VSnc=1,Lat=1,Fov=0,CPU4/GPU=2/4,1651/670MHz,OC=FF,TA=0/E0/E0,SP=N/F/F,Mem=1804MHz,Free=1458MB,PSM=0,PLS=0,Temp=29.0C/0.0C,TW=1.22ms,App=9.09ms,GD=0.00ms,CPU&GPU=14.04ms,LCnt=1,GPU%=0.69,CPU%=0.27(W0.35),DSF=1.00
05-06 14:25:06.034  3739  3758 D UE4     : [GameActivity] Used memory: 751665
05-06 14:25:06.361  3739  4284 I VrApi   : FPS=71,Prd=45ms,Tear=0,Early=18,Stale=2,VSnc=1,Lat=1,Fov=0,CPU4/GPU=2/4,1651/670MHz,OC=FF,TA=0/E0/E0,SP=N/F/F,Mem=1804MHz,Free=1458MB,PSM=0,PLS=0,Temp=29.0C/0.0C,TW=1.26ms,App=9.07ms,GD=0.00ms,CPU&GPU=13.14ms,LCnt=1,GPU%=0.68,CPU%=0.59(W0.71),DSF=1.00
05-06 14:25:06.570   709  3863 I [CT]    : boltlib: DSP utilization(%): 16
05-06 14:25:07.361  3739  4284 I VrApi   : FPS=72,Prd=44ms,Tear=0,Early=12,Stale=0,VSnc=1,Lat=1,Fov=0,CPU4/GPU=2/4,1651/670MHz,OC=FF,TA=0/E0/E0,SP=N/F/F,Mem=1804MHz,Free=1458MB,PSM=0,PLS=0,Temp=29.0C/0.0C,TW=1.28ms,App=9.17ms,GD=0.00ms,CPU&GPU=13.04ms,LCnt=1,GPU%=0.70,CPU%=0.61(W0.68),DSF=1.00
05-06 14:25:08.335  1059  1425 I WifiHAL : event received NL80211_CMD_VENDOR, vendor_id = 0x1374, subcmd = 0x6a
05-06 14:25:08.361  3739  4284 I VrApi   : FPS=72,Prd=44ms,Tear=0,Early=8,Stale=0,VSnc=1,Lat=1,Fov=0,CPU4/GPU=2/4,1651/670MHz,OC=FF,TA=0/E0/E0,SP=N/F/F,Mem=1804MHz,Free=1458MB,PSM=0,PLS=0,Temp=29.0C/0.0C,TW=1.26ms,App=9.14ms,GD=0.00ms,CPU&GPU=13.10ms,LCnt=1,GPU%=0.70,CPU%=0.64(W0.70),DSF=1.00
05-06 14:25:08.395  1059  1425 I WifiHAL : event received NL80211_CMD_VENDOR, vendor_id = 0x1374, subcmd = 0x6b
05-06 14:25:08.403  1059  1151 D WifiQualifiedNetworkSelector:: ==========start qualified Network Selection==========
05-06 14:25:08.403  1059  1151 D WifiQualifiedNetworkSelector:: Current network is: "BOEY" ,ID is: 0
05-06 14:25:08.403  1059  1151 D WifiQualifiedNetworkSelector:: Current band dose not match user preference. Start Qualified Network Selection Current band = 2.4GHz bandUserPreference band = 0
05-06 14:25:08.403  1059  1151 D WifiQualifiedNetworkSelector:: Current network is not qualified
05-06 14:25:08.404  1059  1151 D WifiQualifiedNetworkSelector:: Saved Network List
05-06 14:25:08.404  1059  1151 D WifiQualifiedNetworkSelector::     "BOEY":0  User Preferred BSSID:null FQDN:null NETWORK_SELECTION_ENABLED Disable account: 0 0 0 0 0 0 0 0 0 0 Connect Choice:null set time:-1
05-06 14:25:08.406  1059  1151 D WifiQualifiedNetworkSelector::  skipped due to low signal
05-06 14:25:08.408  1059  1151 D WifiQualifiedNetworkSelector:: vodafoneAAMET6:d4:b9:2f:33:86:a0 /  skipped due to not saved
05-06 14:25:08.408  1059  1151 D WifiQualifiedNetworkSelector::  
05-06 14:25:08.410  1059  1151 D WifiQualifiedNetworkSelector::  skipped due to not valid SSID
05-06 14:25:08.410  1059  1151 D WifiQualifiedNetworkSelector::  RSSI score: 100 Same network with current associated. Bonus: 16 Same BSSID with current association. Bonus: 24 Secure network Bonus:80 Score for scanResult: SSID: BOEY, BSSID: 84:16:f9:9b:3c:d6, capabilities: [WPA-PSK-CCMP+TKIP][WPA2-PSK-CCMP+TKIP][WPS][ESS], level: -45, frequency: 2462, timestamp: 637934878, distance: ?(cm), distanceSd: ?(cm), passpoint: no, ChannelBandwidth: 0, centerFreq0: 0, centerFreq1: 0, 80211mcResponder: is not supported and Network ID: 0 final score:220
05-06 14:25:08.410  1059  1151 D WifiQualifiedNetworkSelector:: 
05-06 14:25:08.410  1059  1151 D WifiQualifiedNetworkSelector::  RSSI score: 92 Same network with current associated. Bonus: 16 Secure network Bonus:80 Score for scanResult: SSID: BOEY, BSSID: b4:2a:0e:fa:90:bd, capabilities: [WPA-PSK-CCMP+TKIP][WPA2-PSK-CCMP+TKIP][WPS][ESS], level: -62, frequency: 2462, timestamp: 637940962, distance: ?(cm), distanceSd: ?(cm), passpoint: no, ChannelBandwidth: 0, centerFreq0: 0, centerFreq1: 0, 80211mcResponder: is not supported and Network ID: 0 final score:188
05-06 14:25:08.410  1059  1151 D WifiQualifiedNetworkSelector:: 
05-06 14:25:08.411  1059  1151 D WifiQualifiedNetworkSelector:: After user choice adjust, the final candidate is:"BOEY":0 : 84:16:f9:9b:3c:d6
05-06 14:25:08.411  1059  1151 D WifiQualifiedNetworkSelector:: "BOEY":0 is already the best choice!
05-06 14:25:08.632   709  3925 I [CT]    : MANAGEMENT:CONSTELLATION: Status=GREEN,, Obj=7745273921483883046,6DOF=1,FusJit=0.006mm,Issues(Cam/min=  0,IMU/min=0), Obj=4212769887286730484,6DOF=1,FusJit=0.0mm,Issues(Cam/min=  0,IMU/min=0)
05-06 14:25:09.064   709  3926 I [CT]    : VIPER:MAP_MANAGER: State: TRACKING_PERSISTENT, UUID=629a63a2-c5e1-4881-bb8c-d6b184c3f308, Num. Persistent maps = 2,  Persistent maps:d18585e8-d288-4997-b6ff-78495c7eed6a,629a63a2-c5e1-4881-bb8c-d6b184c3f308,, Ser. Disabled = 00000000-0000-0000-0000-000000000000
05-06 14:25:09.105   709  3926 I [CT]    : VIPER: Status=6DoF,TRACKING,KF=48,Inl=394,Pts=251,Jit=0.2mm,Issues(Cam/min=0.0,IMU/min=0.0),Exp=(9.4ms,g=11.0,I=75)(6.3ms,g=7.0,I=66)(9.4ms,g=11.0,I=61)(7.5ms,g=8.0,I=68)
05-06 14:25:09.165  3739  3757 I InputHooks_Internal: Home Button
05-06 14:25:09.165  3739  3757 I InputHooks_Internal: source is remote, so not setting home key, letting that come from tracking service
05-06 14:25:09.171  2150  2334 I InputManager: HOME BUTTON shared state changed:  hardwar ID 7745273921483883046  UpdateCount: 1 
05-06 14:25:09.191  3739  4283 I InputHooks_Internal: SetHomeButtonDownState hw:  6b7cbd986a24c226 source: 1698898178 time 638.741
05-06 14:25:09.192  2150  2339 I RecenterTimer: (638.7418) StartTimer(1.00 0.50)
05-06 14:25:09.323  3739  3757 I InputHooks_Internal: Home Button
05-06 14:25:09.323  3739  3757 I InputHooks_Internal: source is remote, so not setting home key, letting that come from tracking service
05-06 14:25:09.324  2150  2334 I InputManager: HOME BUTTON shared state changed:  hardwar ID 7745273921483883046  UpdateCount: 2 
05-06 14:25:09.333  3739  4283 I InputHooks_Internal: SetHomeButtonUpState hw:  6b7cbd986a24c226 source: 1698898178 time 638.882
05-06 14:25:09.361  3739  4284 I VrApi   : FPS=72,Prd=44ms,Tear=0,Early=5,Stale=0,VSnc=1,Lat=1,Fov=0,CPU4/GPU=2/4,1651/670MHz,OC=FF,TA=0/E0/E0,SP=N/F/F,Mem=1804MHz,Free=1455MB,PSM=0,PLS=0,Temp=29.0C/0.0C,TW=1.25ms,App=9.20ms,GD=0.00ms,CPU&GPU=13.17ms,LCnt=1,GPU%=0.70,CPU%=0.51(W0.60),DSF=1.00
05-06 14:25:09.586  3739  4283 I SystemUtils_Internal: ovrSystemUtils::StartSystemActivity: confirmQuit (null)
05-06 14:25:09.587  3739  4283 D SystemUtils: Package com.oculus.systemactivities exists on device
05-06 14:25:09.587  3739  4283 I SystemUtils_Internal: Package com.oculus.systemactivities : INSTALLED
05-06 14:25:09.587  3739  4283 I SystemUtils_Internal: Using Anytime UI for cmd: confirmQuit
05-06 14:25:09.587  3739  4283 D SystemUtils: sendBroadcastIntent - action: 'com.oculus.vrshell.intent.action.LAUNCH' data: 'systemux://dialog/exit'intent_pkg: com.YourCompany.ToysGame
05-06 14:25:09.589  3739  4283 D SystemUtils: VR Shell isn't running.
05-06 14:25:09.590  2150  2339 I ScreenCaptureBase: Screen Capture Command:2
05-06 14:25:09.600  1842  1842 D [OAR] ShellControlBroadcastReceiver: onReceive with MainActivity native pointer 3688772976, action com.oculus.vrshell.intent.action.LAUNCH
05-06 14:25:09.601  1842  1842 D [OAR] ShellApplication: ShellEnv is backgrounded or not running.
05-06 14:25:09.601  1842  1842 D [OAR] BroadcastReceiverHelpers: Data URI is systemux://dialog/exit
05-06 14:25:09.603  1059  1578 I ActivityManager: START u0 {act=com.oculus.vrshell.intent.action.LAUNCH flg=0x10000000 pkg=com.oculus.vrshell cmp=com.oculus.vrshell/.MainActivity (has extras)} from uid 10028 on display 0
05-06 14:25:09.606  3739  3757 D UE4     : [2020.05.06-12.25.09:606][111]LogAndroid: Case APP_CMD_LOST_FOCUS
05-06 14:25:09.606  3739  3757 D UE4     : LogAndroidEvents::EnqueueAppEvent : 10, [width=-1, height=-1], tid = 3757, APP_EVENT_STATE_WINDOW_LOST_FOCUS
05-06 14:25:09.607  3739  3756 D UE4     : [2020.05.06-12.25.09:607][111]LogAndroidEvents: Display: LogAndroidEvents::DequeueAppEvent : 10, [width=-1, height=-1], APP_EVENT_STATE_WINDOW_LOST_FOCUS
05-06 14:25:09.607  3739  3756 D UE4     : FAppEventManager::Tick processing, 10
05-06 14:25:09.607  3739  3739 D UE4     : [GameActivity] onPause: stop memory reporter runnable
05-06 14:25:09.607  3739  3739 D UE4     : [GameActivity] Unregistering sensor listeners
05-06 14:25:09.608  3739  3739 D UE4     : [GameActivity] ==============> GameActive.onPause complete!
05-06 14:25:09.608  3739  3757 D UE4     : Case APP_CMD_PAUSE
05-06 14:25:09.609  3739  3757 D UE4     : [2020.05.06-12.25.09:608][111]LogAndroid: Case APP_CMD_PAUSE
05-06 14:25:09.609  3739  3757 D UE4     : LogAndroidEvents::EnqueueAppEvent : 6, [width=-1, height=-1], tid = 3757, APP_EVENT_STATE_ON_PAUSE
05-06 14:25:09.610  3739  3757 D UE4     : [2020.05.06-12.25.09:610][111]LogAndroid: event thread, suspending app, acquiring HW window lock.
05-06 14:25:09.610  3739  3757 D UE4     : LogAndroidEvents::EnqueueAppEvent : 15, [width=-1, height=-1], tid = 3757, APP_EVENT_RUN_CALLBACK
05-06 14:25:09.610  3739  3757 D UE4     : [2020.05.06-12.25.09:610][111]LogAndroid: AndroidEGL::  SuspendApp_EventThread, waiting for event manager to process. tid: 3757
05-06 14:25:09.612  3739  3756 D UE4     : [2020.05.06-12.25.09:612][112]LogAndroidEvents: Display: LogAndroidEvents::DequeueAppEvent : 6, [width=-1, height=-1], APP_EVENT_STATE_ON_PAUSE
05-06 14:25:09.612  3739  3756 D UE4     : FAppEventManager::Tick processing, 6
05-06 14:25:09.612  3739  3756 D UE4     : [2020.05.06-12.25.09:612][112]LogVulkanRHI: FVulkanPipelineStateCacheManager: skipped saving because we only save if the PSOFC based one failed to load.
05-06 14:25:09.612  3739  3756 D UE4     : [2020.05.06-12.25.09:612][112]LogAndroidEvents: Display: LogAndroidEvents::DequeueAppEvent : 15, [width=-1, height=-1], APP_EVENT_RUN_CALLBACK
05-06 14:25:09.612  3739  3756 D UE4     : FAppEventManager::Tick processing, 15
05-06 14:25:09.612  3739  3756 D UE4     : [2020.05.06-12.25.09:612][112]LogAndroidEvents: Display: Event thread callback running.
05-06 14:25:09.612  3739  3756 D UE4     : [2020.05.06-12.25.09:612][112]LogAndroid: performing app backgrounding callback. 0x7f4db678c0
05-06 14:25:09.626  2150  3955 V Appshot : Appshot client set to com.YourCompany.ToysGame
05-06 14:25:09.626  2150  3955 I CaptureSurfaceManager: Capture NativeWindow: 768 x 768 fmt 1
05-06 14:25:09.627  2150  3955 I CaptureSurfaceManager: Surface Size 768x768
05-06 14:25:09.634  2150  3955 I Distortion: SetLensPositions - iad=0.063, left offset=0.000250001,0, right offset=-0.000250001,0
05-06 14:25:09.634  2150  3955 I DistortionMesh: LoadDistortionMeshFromMemory
05-06 14:25:09.635  2150  3955 I TimeWarpProgs: loaded binary layerProgram 2:0x8087:0x0 in 0.8 ms
05-06 14:25:09.637  2150  3963 V Appshot : SendAppshotToShell
05-06 14:25:09.643  1789  1806 E Parcel  : Reading a NULL string not supported here.
05-06 14:25:09.643  1789  3508 E Parcel  : Reading a NULL string not supported here.
05-06 14:25:09.643  1842  1842 D [OAR] MainActivity: onNewIntent()
05-06 14:25:09.644  1842  1917 I [OAR] ShellApp: 0xcb53e358 msg: intent
05-06 14:25:09.644  1842  1917 I [OAR] SystemUXController: System UX, targetComponent = systemux://dialog/exit, uri = , returnComponent = com.YourCompany.ToysGame/com.epicgames.ue4.GameActivity
05-06 14:25:09.644  1842  1917 I [OAR] DialogControllerManager: Dialog parsed URI, scheme = systemux, host = dialog, path = exit
