05-04 16:21:42.635  1814  1814 D [OAR] ShellControlBroadcastReceiver: onReceive with MainActivity native pointer 3752736272, action com.oculus.systemactivities.LOCAL_STREAM_STATE_UPDATE
05-04 16:21:42.637  1814  1886 I [OAR] PanelAppAnalytics: Panel render last: 41187ms avg: 6979ms for com.oculus.vrshell.home/com.oculus.vrshell.home.SearchService
05-04 16:21:42.638  1906  1906 I [OAR] AnytimeUIAndroidPanelAppBase: updateLiveStreamStatus - isLiveStreaming=false, allowed=true
05-04 16:21:42.647  3144  3167 I ReactPlayerCommon: getPerformanceStats: {}
05-04 16:21:42.648  3144  3183 W RCTVR_HERMES: [warn]: 'Analytics', { error: 'exception',
05-04 16:21:42.648  3144  3183 W RCTVR_HERMES:   status: 'qp_refresh_cache_failed',
05-04 16:21:42.648  3144  3183 W RCTVR_HERMES:   type: 'oculus_config' }
05-04 16:21:42.651  1814  1886 I [OAR] ShellApp: 0xcf297358 msg: broadcastIntent:
05-04 16:21:42.651  1814  1886 I [OAR] ShellApp: is_capture_running = 0
05-04 16:21:42.651  1814  1886 I [OAR] ShellApp: intent_action = com.oculus.systemactivities.LOCAL_STREAM_STATE_UPDATE
05-04 16:21:42.651  1814  1886 I [OAR] SystemUXController: OnLocalStreamChanged, enabled?=0
05-04 16:21:42.653  1906  1906 I [OAR] AnytimeUIAndroidPanelAppBase: updateLocalStreamState - false
05-04 16:21:42.654  3144  3167 D QuickPromotionModule: Signal trigger 'app_foreground'.
05-04 16:21:42.655  3144  3183 W RCTVR_HERMES: [warn]: 'Analytics', { error: 'exception',
05-04 16:21:42.655  3144  3183 W RCTVR_HERMES:   error_details: 'app_foreground',
05-04 16:21:42.655  3144  3183 W RCTVR_HERMES:   status: 'qp_signal_trigger_failed',
05-04 16:21:42.655  3144  3183 W RCTVR_HERMES:   type: 'oculus_config' }
05-04 16:21:42.656  1471  2027 I UploadManager: Scheduling jobbId 2131165248 within interval (900000, 2700000)
05-04 16:21:42.696  3144  3144 I HomeApplication: onUserId
05-04 16:21:42.733  2108  2127 I LibraryProvider: running queryAllApps() for com.oculus.vrshell.home
05-04 16:21:42.747  2108  2170 I LibraryProvider: running refetch() for com.oculus.vrshell.home
05-04 16:21:42.903  2137  2163 I GuardianSystem: Guardian: GuardianCmdWithParms 7, 0, 0.000000
05-04 16:21:43.258  1079  1150 W InputDispatcher: channel '181918e com.YourCompany.ToysGame/com.epicgames.ue4.GameActivity (server)' ~ Consumer closed input channel or an error occurred.  events=0x9
05-04 16:21:43.258  1079  1150 E InputDispatcher: channel '181918e com.YourCompany.ToysGame/com.epicgames.ue4.GameActivity (server)' ~ Channel is unrecoverably broken and will be disposed!
05-04 16:21:43.259  2128  2298 D VrRuntimeService: VrRuntimeService: binderDied: com.YourCompany.ToysGame
05-04 16:21:43.259  2128  2298 D VrRuntimeService: VrRuntimeService: destroyClientInternal: com.YourCompany.ToysGame, pid: 4448, window: null
05-04 16:21:43.259  2128  2298 I ClientMgr: ClientMgr::DestroyClient: 4448:com.YourCompany.ToysGame
05-04 16:21:43.259  2128  2298 I ClientMgr: ClientMgr::DestroyClient Destroying 2 swapchains for 4448:com.YourCompany.ToysGame
05-04 16:21:43.259  2128  2298 I ClientMgr: ClientMgr::DestroyClient: non-deferred ShutdownResources: 2282 == 2282 
05-04 16:21:43.259  1079  1540 I WindowManager: WIN DEATH: Window{349b041 u0 SurfaceView - com.YourCompany.ToysGame/com.epicgames.ue4.GameActivity}
05-04 16:21:43.259  2128  2298 I BufferObject: ovrBufferObjectFactory::Shutdown
05-04 16:21:43.259  2128  2298 I BufferObject: ovrBufferObjectFactory: closing fd=95
05-04 16:21:43.259  2128  2298 I BufferObject: ovrBufferObjectFactory: unmapping Vulkan memory
05-04 16:21:43.260  2128  2298 I BufferObject: ovrBufferObjectFactory: destroying Vulkan buffer=547324014592
05-04 16:21:43.260  2128  2298 I BufferObject: ovrBufferObjectFactory: freeing Vulkan memory=547331439040
05-04 16:21:43.260  1079  1192 D ConnectivityService: ConnectivityService NetworkRequestInfo binderDied(NetworkRequest [ LISTEN id=9, [ Capabilities: NOT_RESTRICTED&TRUSTED&NOT_VPN&FOREGROUND] ], android.os.BinderProxy@d5a09e6)
05-04 16:21:43.260  2137  2176 D VrGuardianService: VrGuardianService: binderDied: com.YourCompany.ToysGame
05-04 16:21:43.261  1079  1538 D GraphicsStats: Buffer count: 3
05-04 16:21:43.262  1079  1556 I ActivityManager: Process com.YourCompany.ToysGame (pid 4448) has died
05-04 16:21:43.263  1079  1174 E ConnectivityService: RemoteException caught trying to send a callback msg for NetworkRequest [ LISTEN id=9, [ Capabilities: NOT_RESTRICTED&TRUSTED&NOT_VPN&FOREGROUND] ]
05-04 16:21:43.265  3144  3192 I RCTVRNET: Request complete: time=643 name=unknown docid= traceid=Bxj2KUv53Cv code=200
05-04 16:21:43.299  1079  1556 D ActivityManager: cleanUpApplicationRecord -- 4448
05-04 16:21:43.304  1079  1502 I WindowManager: WIN DEATH: Window{181918e u0 com.YourCompany.ToysGame/com.epicgames.ue4.GameActivity}
05-04 16:21:43.304  1079  1502 W InputDispatcher: Attempted to unregister already unregistered input channel '181918e com.YourCompany.ToysGame/com.epicgames.ue4.GameActivity (server)'
05-04 16:21:43.318  3144  3144 I panelapp: onTrim 5
05-04 16:21:43.325  3012  3012 I panelapp: onTrim 5
05-04 16:21:43.496  1814  4846 I VrApi   : FPS=72,Prd=45ms,Tear=0,Early=72,Stale=0,VSnc=1,Lat=1,Fov=0,CPU4/GPU=2/4,1651/670MHz,OC=FF,TA=0/E0/0,SP=N/F/N,Mem=1804MHz,Free=1544MB,PSM=0,PLS=0,Temp=31.0C/0.0C,TW=1.81ms,App=4.41ms,GD=0.00ms,CPU&GPU=7.85ms,LCnt=3,GPU%=0.42,CPU%=0.05(W0.15),DSF=1.00
05-04 16:21:43.503  1764  4873 I FbnsPushNotificationHandler: {"persisted_id":"","ndid":"af1b4eaa-9ac7-4585-aedd-065209e1b766G5a4d2f677d458G5d2d6f062f27G1fc0","extra_data":"{\"user_with_updated_status\":\"102449717587751\",\"presence\":\"Home | Quest\",\"app_id\":1481000308606657,\"friend_display_name\":\"Pau Fenollosa\"}","PushNotifID":"af1b4eaa-9ac7-4585-aedd-065209e1b766"}
05-04 16:21:43.503  1764  4873 I NotificationReceiver: oculus_user_status
05-04 16:21:43.509  1764  4873 I NotificationReceiver: Notification cannot be toasted without a message. Hiding notif
05-04 16:21:43.603  3012  3080 I RCTVRNET: Request complete: time=90 name=OCRelayNetwork_ExploreWidgetsQueryRendererRefetchQuery docid=3281481848536696 traceid=BQOl5RDvlOQ code=200
05-04 16:21:43.604  3012  3066 I RCTVR   : JavaScript[0xcc2af9d0], Avg 3070.10548417712471, Max 3537102.33931199973, MaxInLast 29010.0055880006403
05-04 16:21:43.605  3012  3066 I RCTVR_HERMES: Hermes Mem: numCollections 62, allocatedBytes 14303166, heapSize 23000352, va 20971520
05-04 16:21:43.623  2108  4872 I LibraryStorage: Successfully saved 14 entitlements. Total entitlements: 14. Notifying: 0
05-04 16:21:43.628  3144  3167 I RvrPnl  : FPS=71.1209/105.733/44.646, MSPF=0.0140606/9.45776/22.3984, MEMALLOC=20.327
05-04 16:21:43.651   721  4582 I [CT]    : MANAGEMENT:CONSTELLATION: Status=GREEN,, Obj=7745273921483883046,6DOF=1,FusJit=0.004mm,Issues(Cam/min=  0,IMU/min=0)
05-04 16:21:44.198  1814  2398 I OVRPlatform: [CurlHttpClient] Executing HTTP request: https://graph.oculus.com//v1.20/me?fields=current_party{id,leader{id},join_policy,users{id,alias,can_viewer_message,display_name,profile_url,profile_url_small,presence,presence_status,presence_app{id,package_name},presence_deeplink_joinable,presence_deeplink_message,presence_destination_api_name,presence_scoped_user_id,avatar_v2{avatar_image{uri}}},invited_users{id,alias,can_viewer_message,display_name,profile_url,profile_url_small,presence,presence_status,presence_app{id,package_name},avatar_v2{avatar_image{uri}}}}&app_version=210946745
05-04 16:21:44.240  2137  2163 I GuardianSystem: Guardian: GuardianCmdWithParms 7, 1, 0.000000
05-04 16:21:44.289  1814  2399 I OVRPlatform: [HttpRequest] Request `me?fields=current_party{id,leader{id},join_policy,users{id,alias,can_viewer_message,display_name,profile_url,profile_url_small,presence,presence_status,presence_app{id,package_name},presence_deeplink_joinable,presence_deeplink_message,presence_destination_api_name,presence_scoped_user_id,avatar_v2{avatar_image{uri}}},invited_users{id,alias,can_viewer_message,display_name,profile_url,profile_url_small,presence,presence_status,presence_app{id,package_name},avatar_v2{avatar_image{uri}}}}' (id: 4871) succeeded: {"id":"102449717587751"}
05-04 16:21:44.289  1814  2399 I OVRPlatform: [RequestStopwatch] HttpRequestAsync (me?fields=current_party{id,leader{id},join_policy,users{id,alias,can_viewer_message,display_name,profile_url,profile_url_small,presence,presence_status,presence_app{id,package_name},presence_deeplink_joinable,presence_deeplink_message,presence_destination_api_name,presence_scoped_user_id,avatar_v2{avatar_image{uri}}},invited_users{id,alias,can_viewer_message,display_name,profile_url,profile_url_small,presence,presence_status,presence_app{id,package_name},avatar_v2{avatar_image{uri}}}}) took 91.3080 milliseconds
05-04 16:21:44.294  1814  1886 I [OAR] PartyManager: Party Response Parse Time: 0.063958ms
05-04 16:21:44.337  2137  2159 I GuardianSystem: Guardian: GuardianCmdWithParms 7, 0, 0.000000
05-04 16:21:44.494  1814  4846 I VrApi   : FPS=72,Prd=45ms,Tear=0,Early=68,Stale=3,VSnc=1,Lat=1,Fov=0,CPU4/GPU=2/4,1651/670MHz,OC=FF,TA=0/E0/0,SP=N/F/N,Mem=1804MHz,Free=1545MB,PSM=0,PLS=0,Temp=31.0C/0.0C,TW=1.91ms,App=5.91ms,GD=0.00ms,CPU&GPU=8.20ms,LCnt=3,GPU%=0.48,CPU%=0.13(W0.15),DSF=1.00
05-04 16:21:44.631  3144  3167 I RvrPnl  : FPS=71.8147/99.4401/58.0682, MSPF=0.0139247/10.0563/17.2211, MEMALLOC=20.327
05-04 16:21:44.645   721  4583 I [CT]    : VIPER:MAP_MANAGER: State: TRACKING_PERSISTENT, UUID=d18585e8-d288-4997-b6ff-78495c7eed6a, Num. Persistent maps = 1,  Persistent maps:d18585e8-d288-4997-b6ff-78495c7eed6a,, Ser. Disabled = 00000000-0000-0000-0000-000000000000
05-04 16:21:44.685   721  4583 I [CT]    : VIPER: Status=6DoF,TRACKING,KF=173,Inl=319,Pts=584,Jit=0.5mm,Issues(Cam/min=0.0,IMU/min=0.0),Exp=(7.3ms,g=8.0,I=74)(5.5ms,g=6.0,I=65)(7.3ms,g=8.0,I=66)(5.4ms,g=6.0,I=66)
