05-23 18:01:34.028  9924  9943 D UE4     : [2020.05.23-16.01.34:028][675]LogAndroidEvents: Display: LogAndroidEvents::DequeueAppEvent : 13, [width=-1, height=-1], APP_EVENT_STATE_APP_SUSPENDED
05-23 18:01:34.028  9924  9943 D UE4     : FAppEventManager::Tick processing, 13
05-23 18:01:34.028  9924  9943 D UE4     : Execution will be paused...
05-23 18:01:34.028  9924  9943 D UE4     : [2020.05.23-16.01.34:028][675]LogAndroidEvents: Display: LogAndroidEvents::DequeueAppEvent : 3, [width=-1, height=-1], APP_EVENT_STATE_WINDOW_DESTROYED
05-23 18:01:34.028  9924  9943 D UE4     : FAppEventManager::Tick processing, 3
05-23 18:01:34.028  9924  9943 D UE4     : APP_EVENT_STATE_WINDOW_DESTROYED, 0, 0, 0
05-23 18:01:34.028  9924  9943 D UE4     : FAppEventManager::Tick EventHandlerEvent Wait 
05-23 18:01:34.028  9924  9943 D UE4     : FAppEventManager::Tick EventHandlerEvent DONE Wait 
05-23 18:01:34.048  9924  9944 D UE4     : [2020.05.23-16.01.34:048][675]LogAndroid: Case APP_CMD_SAVE_STATE
05-23 18:01:34.048  9924  9944 D UE4     : LogAndroidEvents::EnqueueAppEvent : 12, [width=-1, height=-1], tid = 9944, APP_EVENT_STATE_SAVE_STATE
05-23 18:01:34.060  9924  9944 D UE4     : [2020.05.23-16.01.34:059][675]LogAndroid: Case APP_CMD_STOP
05-23 18:01:34.060   704 10057 E OMX-VENC: async_venc_message_thread interrupted to be exited
05-23 18:01:34.060  9924  9944 D UE4     : LogAndroidEvents::EnqueueAppEvent : 8, [width=-1, height=-1], tid = 9944, APP_EVENT_STATE_ON_STOP
05-23 18:01:34.061  9924  9924 D UE4     : [GameActivity] ==============> GameActive.onStop complete!
05-23 18:01:34.062   704  1713 I OMX-VENC: Component Deinit
05-23 18:01:34.063  9924  9924 D UE4     : [GameActivity] ==============> GameActive.onTrimMemory(TRIM_MEMORY_UI_HIDDEN) called!
05-23 18:01:34.063  9924  9924 V UE4     : [GameApp] App in background
05-23 18:01:34.078  1789  1789 D MPEG4Writer: Video track stopping
05-23 18:01:34.081  1789 10062 I MPEG4Writer: Received total/0-length (1056/0) buffers and encoded 1056 frames. - Video
05-23 18:01:34.091  1789 10061 I MPEG4Writer: Received total/0-length (1283/0) buffers and encoded 1283 frames. - Audio
05-23 18:01:34.092  1789 10061 I MPEG4Writer: Audio track drift time: 0 us
05-23 18:01:34.130  9924  9943 D UE4     : [2020.05.23-16.01.34:130][675]LogAndroidEvents: Display: LogAndroidEvents::DequeueAppEvent : 12, [width=-1, height=-1], APP_EVENT_STATE_SAVE_STATE
05-23 18:01:34.130  9924  9943 D UE4     : FAppEventManager::Tick processing, 12
05-23 18:01:34.130  9924  9943 D UE4     : [2020.05.23-16.01.34:130][675]LogAndroidEvents: Display: LogAndroidEvents::DequeueAppEvent : 8, [width=-1, height=-1], APP_EVENT_STATE_ON_STOP
05-23 18:01:34.130  9924  9943 D UE4     : FAppEventManager::Tick processing, 8
05-23 18:01:34.130  9924  9943 D UE4     : FAppEventManager::Tick EventHandlerEvent Wait 
05-23 18:01:34.130  9924  9943 D UE4     : FAppEventManager::Tick EventHandlerEvent DONE Wait 
05-23 18:01:34.205  2191  2308 I VrGuardianService: GuardianSDKServer::SetGuardianCanPaint
05-23 18:01:34.231  9924  9943 D UE4     : FAppEventManager::Tick EventHandlerEvent Wait 
05-23 18:01:34.303  2191  2308 I VrGuardianService: GuardianSDKServer::SetGuardianCanPaint
05-23 18:01:34.319  1858  1920 I [OAR] ShellSurfaceRender: Averages: drawCalls 14.1 progBinds 3.9 paramUpdates 64.7 textureBinds 6.2 bufferBinds 1.0
05-23 18:01:34.336  1858 10071 I VrApi   : FPS=1,Prd=0ms,Tear=1,Early=32,Stale=37,VSnc=1,Lat=1,Fov=0,CPU4/GPU=4/5,2304/670MHz,OC=FF,TA=0/0/0,SP=N/N/N,Mem=1804MHz,Free=1053MB,PSM=0,PLS=0,Temp=35.0C/0.0C,TW=2.65ms,App=4.61ms,GD=0.40ms,CPU&GPU=34.88ms,LCnt=1,GPU%=0.49,CPU%=0.21(W0.35),DSF=1.00
05-23 18:01:34.579  1789  1789 W MPEG4Writer: Timed-out waiting for video track to reach final audio timestamp !
05-23 18:01:34.579  1789  1789 D MPEG4Writer: Video track source stopping
05-23 18:01:34.579  1789  1789 D MPEG4Writer: Video track source stopped
05-23 18:01:34.579  1789  1789 D MPEG4Writer: Video track stopped
05-23 18:01:34.579  1789  1789 D MPEG4Writer: Audio track stopping
05-23 18:01:34.579  1789  1789 D MPEG4Writer: Audio track source stopping
05-23 18:01:34.579  1789  1789 D MPEG4Writer: Audio track source stopped
05-23 18:01:34.580  1789  1789 D MPEG4Writer: Audio track stopped
05-23 18:01:34.580  1789  1789 D MPEG4Writer: Duration from tracks range is [27370247, 30492291] us
05-23 18:01:34.580  1789  1789 D MPEG4Writer: Stopping writer thread
05-23 18:01:34.580  1789 10060 D MPEG4Writer: 0 chunks are written in the last batch
05-23 18:01:34.583  1789  1789 D MPEG4Writer: Writer thread stopped
05-23 18:01:34.586  1789  1789 I MPEG4Writer: The mp4 file will not be streamable.
05-23 18:01:34.586  1789  1789 D MPEG4Writer: Audio track stopping
05-23 18:01:34.586  1789  1789 D MPEG4Writer: Video track stopping
05-23 18:01:34.629   707   707 I ExtendedUtils: printFileName fd(9) -> /data/media/0/Oculus/VideoShots/com.YourCompany.ToysGame-20200523-180102.mp4
05-23 18:01:34.670   706  1723 I ExtendedExtractor: QTIParser is prefered .. flags 0
05-23 18:01:34.670   706  1723 D MMParserExtractor: setExtraFlags called with flags 0 for paser instance eb2871e0
05-23 18:01:34.670   706  1723 I ExtendedExtractor: ExtendedExtractor::create 0xeb2871e0
05-23 18:01:34.709  1789  1804 I NotificationBuilder: Cancelling notification cameraroll, 10002
05-23 18:01:34.710  1789  1804 I NotificationBuilder: Cancelling notification cameraroll, 10001
05-23 18:01:34.710  1073  1073 W TelecomManager: Telecom Service not found.
05-23 18:01:34.722  1512  1512 D OculusNotificationListenerService: Notification removed: 0|com.oculus.horizon|10002|cameraroll|10043
05-23 18:01:34.724  1941  1941 I [OAR] VrNotificationListenerService: onNotificationRemoved(): key = 0|com.oculus.horizon|10002|cameraroll|10043, type = cameraroll
05-23 18:01:34.724  1941  1941 I [OAR] VrNotificationListenerService: onNotificationRemoved(): user|package|tag|id = UserHandle{0}|com.oculus.horizon|cameraroll|10002
05-23 18:01:34.733  3096  3096 D [OAR] NotificationBroadcastReceiver: action: com.oculus.intent.action.NOTIF_CHANGE
05-23 18:01:34.733  3096  3096 D [OAR] AnytimeUINotifsBarView: onNotificationsChanged - skipped, detils bar not visible
05-23 18:01:34.738  1941  1941 D VrNotificationAnalytics: logNotificationRemoved(cameraroll)
05-23 18:01:34.749  1512  1512 D OculusNotificationListenerService: Notification posted: 0|com.oculus.horizon|10003|cameraroll|10043
05-23 18:01:34.751  1941  1941 I [OAR] VrNotificationListenerService: onNotificationPosted(): key = 0|com.oculus.horizon|10003|cameraroll|10043, type = cameraroll
05-23 18:01:34.751  1941  1941 I [OAR] VrNotificationListenerService: onNotificationPosted(): user|package|tag|id = UserHandle{0}|com.oculus.horizon|cameraroll|10003
05-23 18:01:34.753  3096  3096 I NotificationManagerSourceHandler: Dataset has changed
05-23 18:01:34.756  3096  3096 V NotificationManagerSourceHandler: Notifications in manager set and current set are the same size
05-23 18:01:34.757  3096  3096 V NotificationManagerSourceHandler: SOCIAL
05-23 18:01:34.773  2414  2414 D [OAR] ShellOverlayBroadcastReceiver: onReceive with ShellOverlayService native pointer 3765510320, action com.oculus.vrshell.intent.action.DISMISS_NOTIFICATION
05-23 18:01:34.776  2191  2308 I VrGuardianService: GuardianSDKServer::SetGuardianCanPaint
05-23 18:01:34.777  2414  2414 D [OAR] BroadcastReceiverHelpers: Shell or ShellEnv foreground
05-23 18:01:34.779  1858  1858 D [OAR] ShellControlProtectedReceiver: onReceive with MainActivity native pointer 3765319424, action com.oculus.vrshell.intent.action.DISMISS_NOTIFICATION
05-23 18:01:34.783   720  8795 I [CT]    : MANAGEMENT:CONSTELLATION: Status=GREEN,, Obj=7745273921483883046,6DOF=1,FusJit=0.01mm,Issues(Cam/min=  0,IMU/min=0), Obj=4212769887286730484,6DOF=1,FusJit=0.0mm,Issues(Cam/min=  0,IMU/min=0)
05-23 18:01:34.784  1941  1941 D VrNotificationAnalytics: logNotificationPosted(cameraroll)
05-23 18:01:34.786  1941  1941 D [OAR] VrBroadcastReceiver: action: com.oculus.vrshell.intent.action.NOTIFICATION_WAKE
05-23 18:01:34.788  1941  1941 D [OAR] VrNotificationService: VrNotificationService onStartCommand() Intent { cmp=com.oculus.vrshell/.VrNotificationService }
05-23 18:01:34.788  1858  1920 I [OAR] ShellApp: 0xe30fc348 msg: broadcastIntent:
05-23 18:01:34.788  1858  1920 I [OAR] ShellApp: status_bar_notification = 0|com.oculus.horizon|10002|cameraroll|10043
05-23 18:01:34.788  1858  1920 I [OAR] ShellApp: intent_action = com.oculus.vrshell.intent.action.DISMISS_NOTIFICATION
05-23 18:01:34.789  3096  3096 D [OAR] NotificationBroadcastReceiver: action: com.oculus.intent.action.NOTIF_CHANGE
05-23 18:01:34.789  3096  3096 D [OAR] AnytimeUINotifsBarView: onNotificationsChanged - skipped, detils bar not visible
05-23 18:01:34.792  3096  3096 E [OAR] AnytimeUINotifsBarView: Unexpected badge route, ignoring: systemux://notifications
05-23 18:01:34.792  3096  3096 I NotificationManagerSourceHandler: Dataset has changed
05-23 18:01:34.795  3096  3096 V NotificationManagerSourceHandler: Notifications in manager set and current set are the same size
05-23 18:01:34.795  3096  3096 V NotificationManagerSourceHandler: SOCIAL
05-23 18:01:34.796  3096  3096 I [OAR] AnytimeUIAndroidPanelAppBase: dismissNotificationToast
05-23 18:01:34.796  3096  3096 D [OAR] ToastController: onReceiveNotificationToDismiss()
05-23 18:01:34.800  2129  2129 W StatusBarNotifier: Asked to dismiss notification -532921012, current -1
05-23 18:01:34.803  2414  2414 D [OAR] ShellOverlayBroadcastReceiver: onReceive with ShellOverlayService native pointer 3765510320, action com.oculus.vrshell.intent.action.TOAST_NOTIFICATION
05-23 18:01:34.803  1858  1920 I [OAR] GuardianController: currentForceFlags != desiredForceFlags: 4, 0
05-23 18:01:34.804  2191  2308 I VrGuardianService: GuardianSDKServer::SetGuardianForceDrawFlags
05-23 18:01:34.804  2191  2308 I JniUtils: Creating temporary JNIEnv. This is a heavy operation and should be infrequent. To optimize, use JNI AttachCurrentThread on calling thread
05-23 18:01:34.804  2414  2414 D [OAR] BroadcastReceiverHelpers: Shell or ShellEnv foreground
05-23 18:01:34.808  1858  1858 D [OAR] ShellControlProtectedReceiver: onReceive with MainActivity native pointer 3765319424, action com.oculus.vrshell.intent.action.TOAST_NOTIFICATION
05-23 18:01:34.815  1858  1920 I [OAR] ShellApp: 0xe30fc348 msg: broadcastIntent:
05-23 18:01:34.815  1858  1920 I [OAR] ShellApp: foreground_package_name = com.oculus.vrshell
05-23 18:01:34.815  1858  1920 I [OAR] ShellApp: status_bar_notification = 0|com.oculus.horizon|10003|cameraroll|10043
05-23 18:01:34.815  1858  1920 I [OAR] ShellApp: is_system_notification = true
05-23 18:01:34.815  1858  1920 I [OAR] ShellApp: intent_action = com.oculus.vrshell.intent.action.TOAST_NOTIFICATION
05-23 18:01:34.816  1858  1858 D [OAR] ShellControlBroadcastReceiver: onReceive with MainActivity native pointer 3765319424, action com.oculus.vrshell.intent.action.NOTIFICATION_SHOWN
05-23 18:01:34.819  3096  3096 I [OAR] AnytimeUIAndroidPanelAppBase: showNotificationToast
05-23 18:01:34.819  3096  3096 D [OAR] ToastController: onReceiveNotificationToToast()
05-23 18:01:34.826  2414  2414 D [OAR] ShellOverlayBroadcastReceiver: onReceive with ShellOverlayService native pointer 3765510320, action com.oculus.vrshell.intent.action.NOTIFICATION_SHOWN
05-23 18:01:34.828  2414  2414 D [OAR] BroadcastReceiverHelpers: Shell or ShellEnv foreground
05-23 18:01:34.829  1858  1920 I [OAR] ShellApp: 0xe30fc348 msg: broadcastIntent:
05-23 18:01:34.829  1858  1920 I [OAR] ShellApp: toast_duration = 5
05-23 18:01:34.829  1858  1920 I [OAR] ShellApp: intent_action = com.oculus.vrshell.intent.action.NOTIFICATION_SHOWN
05-23 18:01:34.829  1858  1920 I [OAR] ShellApp: toast_has_cta = true
05-23 18:01:34.833  1498  2022 I UploadManager: Scheduling jobbId 2131165248 within interval (0, 1800000)
05-23 18:01:34.835  3096  3096 I AndroidPanelApp: Calling ensurePanelLayer on layer "toast" with view ID -1
05-23 18:01:34.835  3096  3096 I AndroidPanelLayer: Setting spec for layer "toast"
05-23 18:01:34.835  3096  3096 I AndroidPanelLayer: Setting size of layer "toast" to have width 420 and height 72
05-23 18:01:34.835  3096  3096 I AndroidPanelLayer: Destroying presentation for layer "toast" with width 420 and height 72
05-23 18:01:34.835  3096  3096 I AndroidPanelLayer: Creating presentation for layer "toast" with width 420 and height 72
05-23 18:01:34.840  1073  1099 I DisplayManagerService: Display device added: DisplayDeviceInfo{"com.oculus.android_panel_app.AndroidPanelLayer-toast": uniqueId="virtual:com.oculus.systemux,10021,com.oculus.android_panel_app.AndroidPanelLayer-toast,0", 420 x 72, modeId 86, defaultModeId 86, supportedModes [{id=86, width=420, height=72, fps=60.0}], colorMode 0, supportedColorModes [0], HdrCapabilities null, density 160, 160.0 x 160.0 dpi, appVsyncOff 0, presDeadline 16666666, touch NONE, rotation 0, type VIRTUAL, state OFF, owner com.oculus.systemux (uid 10021), FLAG_PRIVATE, FLAG_NEVER_BLANK, FLAG_OWN_CONTENT_ONLY}
05-23 18:01:34.843  3096  3096 D [OAR] AnytimeUIAndroidPanelApp: Inflating view for layer: toast, viewIdentifier = -1
05-23 18:01:34.844  3096  3096 D UnifiedTelemetryLogger: Already initialized.
05-23 18:01:34.844  3096  3096 I AndroidPanelApp: measureLayerView with initial width 420, initial height 72, resize behavior NONE.
05-23 18:01:34.844  3096  3096 I AndroidPanelApp: Measured width 420 and height 72.
05-23 18:01:34.844  3096  3096 I AndroidPanelLayer: Setting size of layer "toast" to have width 420 and height 72
05-23 18:01:34.845  3096  3096 I AndroidPanelApp: layerTransform: Showing panel layer "toast" in VrShell with width 420, height 72, position( 0.000000 , 0.000000 ), rotation (0.000000 , 0.000000 , 0.000000 )  hit-testable true, shape 1, and system-positioned true. Density: 4680.000000. Supersampled: false 
05-23 18:01:34.846  3096  3096 D [OAR] ToastLayerView: showNotification(10003, isSystem:true)
05-23 18:01:34.849  3096  3096 I AndroidPanelLayer: Unhiding layer toast
05-23 18:01:34.849  3096  3096 W AndroidPanelLayer: To unhide layer "toast", the surface must be set on the virtual display with non-null presentation and content
05-23 18:01:34.849  3096  3096 I AndroidPanelApp: layerTransform: Showing panel layer "toast" in VrShell with width 420, height 72, position( 0.000000 , 0.000000 ), rotation (0.000000 , 0.000000 , 0.000000 )  hit-testable true, shape 1, and system-positioned true. Density: 4680.000000. Supersampled: false 
05-23 18:01:34.856  3096  3096 I AndroidPanelApp: Processing pending show layer info for layer toast with width 420 and height 72.
05-23 18:01:34.856  3096  3096 I AndroidPanelApp: layerSupersample no changes
05-23 18:01:34.856  3096  3096 I AndroidPanelApp: Processing pending show layer info for layer toast with width 420 and height 72.
05-23 18:01:34.856  3096  3096 I AndroidPanelApp: layerSupersample no changes
05-23 18:01:34.858  1858  1920 I [OAR] PanelAppHost: Resize layer toast to size 420 x 72 shape:1 stereo:0
05-23 18:01:34.858  1858  1920 I [OAR] PanelRenderLayer: ResetSurface 420 x 72 - shape:1 stereo:0
05-23 18:01:34.858  1858  1920 I [OAR] PanelAppHost: Resize layer toast to size 420 x 72 shape:1 stereo:0
05-23 18:01:34.858  1858  1920 I [OAR] PanelRenderLayer: ResetSurface 420 x 72 - shape:1 stereo:0
05-23 18:01:34.859  3096  3096 I AndroidPanelApp: Processing next frame action "layerShow" for layer "toast"
05-23 18:01:34.859  3096  3096 I AndroidPanelApp: nextFrameAction(layerShow, toast)
05-23 18:01:34.859  3096  3096 I AndroidPanelApp: layerShow acknowledged for toast
05-23 18:01:34.859  3096  3096 I AndroidPanelApp: tryShowLayer(toast)
05-23 18:01:34.859  3096  3096 I AndroidPanelApp: Layer toast needs to be sized, deferring showing layer.
05-23 18:01:34.859  3096  3096 I AndroidPanelApp: Processing next frame action "layerShow" for layer "toast"
05-23 18:01:34.859  3096  3096 I AndroidPanelApp: nextFrameAction(layerShow, toast)
05-23 18:01:34.859  3096  3096 I AndroidPanelApp: layerShow acknowledged for toast
05-23 18:01:34.859  3096  3096 I AndroidPanelApp: tryShowLayer(toast)
05-23 18:01:34.859  3096  3096 I AndroidPanelLayer: Showing layer toast
05-23 18:01:34.861  3096  3096 I AndroidPanelLayer: Unhiding layer toast
05-23 18:01:34.871  1073  1131 I DisplayManagerService: Display device changed state: "com.oculus.android_panel_app.AndroidPanelLayer-toast", ON
05-23 18:01:34.915  1858  1920 I [OAR] PanelRenderLayer: New SurfaceLayer 420 x 72 (shape: 1)
05-23 18:01:34.916  2129  4167 I VrRuntimeService: nativeCreateTextureSwapChain api:gles 0 0x8c43 420 72 9 3 1 0 0
05-23 18:01:34.920  2129  4167 I VrRuntimeServer: CreateTextureSwapChain: result importswapchaingles 1
05-23 18:01:34.941  3096  3096 I AndroidPanelApp: Turning on layer visibility for layer toast.
05-23 18:01:34.941  3096  3096 D AndroidPanelApp: Queue: layerVisibility toast 1
05-23 18:01:34.944  3096  3096 I AndroidPanelApp: Handling next frame raw command "layerVisibility toast 1"
05-23 18:01:34.955  1858  1920 I [OAR] PanelAppHost: Setting panel layer visibility of layer "toast" to visible
05-23 18:01:35.110  2191  2308 I VrGuardianService: GuardianSDKServer::SetGuardianCanPaint
05-23 18:01:35.284   720  8728 I [CT]    : boltlib: DSP utilization(%): 17
05-23 18:01:35.342  1858 10071 I VrApi   : FPS=66,Prd=45ms,Tear=0,Early=73,Stale=0,VSnc=1,Lat=1,Fov=0,CPU4/GPU=4/4,2304/670MHz,OC=FF,TA=0/0/0,SP=N/N/N,Mem=1804MHz,Free=1054MB,PSM=0,PLS=0,Temp=35.0C/0.0C,TW=2.43ms,App=5.20ms,GD=0.41ms,CPU&GPU=10.87ms,LCnt=3,GPU%=0.50,CPU%=0.15(W0.24),DSF=1.00
05-23 18:01:35.505  1789  1802 I art     : Background sticky concurrent mark sweep GC freed 19028(2MB) AllocSpace objects, 0(0B) LOS objects, 41% free, 4MB/7MB, paused 7.399ms total 26.105ms
05-23 18:01:35.680  1858  2423 I OVRPlatform: [CurlHttpClient] Executing HTTP request: https://graph.oculus.com//v1.20/me?fields=current_party{id,leader{id},join_policy,users{id,alias,can_viewer_message,display_name,profile_url,profile_url_small,presence,presence_status,presence_app{id,package_name},presence_deeplink_joinable,presence_deeplink_message,presence_destination_api_name,presence_scoped_user_id,avatar_v2{avatar_image{uri}}},invited_users{id,alias,can_viewer_message,display_name,profile_url,profile_url_small,presence,presence_status,presence_app{id,package_name},avatar_v2{avatar_image{uri}}}}&app_version=214483578
05-23 18:01:35.775  1858  2425 I OVRPlatform: [HttpRequest] Request `me?fields=current_party{id,leader{id},join_policy,users{id,alias,can_viewer_message,display_name,profile_url,profile_url_small,presence,presence_status,presence_app{id,package_name},presence_deeplink_joinable,presence_deeplink_message,presence_destination_api_name,presence_scoped_user_id,avatar_v2{avatar_image{uri}}},invited_users{id,alias,can_viewer_message,display_name,profile_url,profile_url_small,presence,presence_status,presence_app{id,package_name},avatar_v2{avatar_image{uri}}}}' (id: 3003) succeeded: {"id":"102449717587751"}
05-23 18:01:35.775  1858  2425 I OVRPlatform: [RequestStopwatch] HttpRequestAsync (me?fields=current_party{id,leader{id},join_policy,users{id,alias,can_viewer_message,display_name,profile_url,profile_url_small,presence,presence_status,presence_app{id,package_name},presence_deeplink_joinable,presence_deeplink_message,presence_destination_api_name,presence_scoped_user_id,avatar_v2{avatar_image{uri}}},invited_users{id,alias,can_viewer_message,display_name,profile_url,profile_url_small,presence,presence_status,presence_app{id,package_name},avatar_v2{avatar_image{uri}}}}) took 95.1450 milliseconds
05-23 18:01:35.777  1858  1920 I [OAR] PartyManager: Party Response Parse Time: 0.054635ms
05-23 18:01:35.834  3096  3096 D [OAR] ToastLayerView: onClick(10003)
05-23 18:01:35.834  3096  3096 D [OAR] ToastLayerView: Navigating to `systemux://cameraroll/?com.oculus.vrshell`
05-23 18:01:35.835  3096  3096 I [OAR] AnytimeUIAndroidPanelAppBase: actionNavigate - App:  systemux://cameraroll, Uri:  com.oculus.vrshell
05-23 18:01:35.835  3096  3096 E AnalyticsEvent: could not set key=oculus_notification_ndid value=null
05-23 18:01:35.841  3096  3096 D [OAR] ToastLayerView: Log click action, ndid = null
05-23 18:01:35.841  3096  3096 D [OAR] ToastLayerView: Log click action, type = cameraroll
05-23 18:01:35.860  1858  1920 I [OAR] SystemUXController: System UX, targetComponent = systemux://cameraroll, uri = com.oculus.vrshell, returnComponent = 
05-23 18:01:35.861  1858  1920 D [OAR] PanelAppConfigurationUtil: Retrieving panel configuration for com.oculus.vrshell.home - com.oculus.vrshell.home.SocialService
05-23 18:01:35.863  1858  1920 I [OAR] PanelAppConfigurationUtil: Not sending Android activity token to component com.oculus.vrshell.home/com.oculus.vrshell.home.SocialService
05-23 18:01:35.866  1858  1920 D [OAR] PanelAppConfigurationUtil: Retrieving panel configuration for com.oculus.vrshell.home - com.oculus.vrshell.home.SocialService
05-23 18:01:35.869  1858  1920 D [OAR] PanelAppConfigurationUtil: Retrieving panel configuration for com.oculus.vrshell.home - com.oculus.vrshell.home.SocialService
05-23 18:01:35.872  1858  1920 I [OAR] SystemUXController: Registering pending Shell Application launch for com.oculus.vrshell.home/com.oculus.vrshell.home.SocialService,- overwriting existing launch? false.
05-23 18:01:35.872  1858  1920 I [OAR] SystemUXController: Building launch checks for com.oculus.vrshell.home, activity: com.oculus.vrshell.home.SocialService
05-23 18:01:35.896  2114  2262 I LibraryProvider: running queryApp(com.oculus.vrshell.home) for com.oculus.vrshell
05-23 18:01:35.896  2114  2262 W LibraryProvider: Cannot find entitlement for com.oculus.vrshell.home
05-23 18:01:35.896  1858  1920 W OVRLibrary: null cursor received for query content://com.oculus.ocms.library/apps/com.oculus.vrshell.home
05-23 18:01:35.898  1858  1920 I [OAR] SystemUXController: ProcessPendingLaunch type ShellApplication, details com.oculus.vrshell.home/com.oculus.vrshell.home.SocialService
05-23 18:01:35.899  1858  1920 I [OAR] DialogControllerManager: Hide Previous pending dialog: type: 11, uri "systemux://dialog/exit", return component: "com.YourCompany.ToysGame", return activity component: "com.YourCompany.ToysGame/com.epicgames.ue4.GameActivity" - reason process pending launch. launchType: ShellApplication
05-23 18:01:35.917  2114  2137 I LibraryProvider: running queryApp(com.oculus.vrshell.home) for com.oculus.vrshell
05-23 18:01:35.917  2114  2137 W LibraryProvider: Cannot find entitlement for com.oculus.vrshell.home
05-23 18:01:35.917  1858  1920 W OVRLibrary: null cursor received for query content://com.oculus.ocms.library/apps/com.oculus.vrshell.home
05-23 18:01:35.917  1858  1920 D [OAR] PanelAppConfigurationUtil: Retrieving panel configuration for com.oculus.vrshell.home - com.oculus.vrshell.home.SocialService
05-23 18:01:35.921  1858  1920 I [OAR] DesktopPanelController: LaunchOrRestore( com.oculus.vrshell.home/com.oculus.vrshell.home.SocialService )
05-23 18:01:35.921  1858  1920 I [OAR] DesktopPanelController: Launching com.oculus.vrshell.home/com.oculus.vrshell.home.SocialService as (new:0) in the active Desktop:Theater
05-23 18:01:35.921  1858  1920 I [OAR] LegacyDesktop: Launch Package name:com.oculus.vrshell.home
05-23 18:01:35.921  1858  1920 I [OAR] LegacyDesktop: App com.oculus.vrshell.home/com.oculus.vrshell.home.SocialService will be launched in Legacy Desktop
05-23 18:01:35.921  1858  1920 I [OAR] SingleAppDesktop: Launching:com.oculus.vrshell.home/com.oculus.vrshell.home.SocialService
05-23 18:01:35.921  1858  1920 W [OAR] SingleAppDesktop: Focus change does not affect SingleAppDesktop
05-23 18:01:35.921  1858  1920 I [OAR] ShellApp: CreatePanelApp( com.oculus.vrshell.home/com.oculus.vrshell.home.SocialService )
05-23 18:01:35.921  1858  1920 I [OAR] ShellApp: Environment:
05-23 18:01:35.921  1858  1920 I [OAR] ShellApp: uri = /system_utilities/globalMenuShare/com.oculus.vrshell?newDeeplink=1
05-23 18:01:35.921  1858  1920 I [OAR] ShellApp: _oc_launch_timestamp = 2699479
05-23 18:01:35.921  1858  1920 I [OAR] ShellApp: intent_pkg = com.YourCompany.ToysGame
05-23 18:01:35.921  1858  1920 I [OAR] ShellLaunchParameters: HomePanelAppIndex: 15 - com.oculus.vrshell.home.SocialService
05-23 18:01:35.921  1858  1920 I [OAR] ShellLaunchParameters: Passing BundleConfiguration to panel
05-23 18:01:35.921  1858  1920 I [OAR] ShellApp: Notifying foreground panel changed
05-23 18:01:35.922  1858  1920 I [OAR] PanelAppHost: PanelAppHost( com.oculus.vrshell.home/com.oculus.vrshell.home.SocialService ) for PanelId 49
05-23 18:01:35.922  1858  1920 I [OAR] PanelAppHost: Panel app 49 (com.oculus.vrshell.home/com.oculus.vrshell.home.SocialService) changing state from startup to foreground
05-23 18:01:35.930  1789  1789 I VRLifecycleSessionManager: Stored session info.
05-23 18:01:35.936  1858  1920 I [OAR] PanelAppHost: Passing env var uri = /system_utilities/globalMenuShare/com.oculus.vrshell?newDeeplink=1
05-23 18:01:35.936  1858  1920 I [OAR] PanelAppHost: Passing env var _oc_launch_timestamp = 2699479
05-23 18:01:35.936  1858  1920 I [OAR] PanelAppHost: Passing env var intent_pkg = com.YourCompany.ToysGame
05-23 18:01:35.936  1858  1920 I [OAR] PanelAppHost: Passing env var _oc_device_region = 0
05-23 18:01:35.936  1858  1920 I [OAR] PanelAppHost: Passing env var _oc_device_type = 259
05-23 18:01:35.936  1858  1920 I [OAR] PanelAppHost: Passing env var _oc_headset_type = 256
05-23 18:01:35.936  1858  1920 I [OAR] PanelAppHost: Passing env var _oc_analytics_session_id = 03440790-8bc2-41fe-ab22-a37aee9de554
05-23 18:01:35.936  1858  1920 I [OAR] PanelAppHost: Passing env var _oc_userid = 102449717587751
05-23 18:01:35.936  1858  1920 I [OAR] PanelAppHost: Passing env var _oc_enterprise_mode = false
05-23 18:01:35.936  1858  1920 I [OAR] PanelAppHost: Passing env var _oc_shell_version_name = 17.0.0.168.462
05-23 18:01:35.936  1858  1920 I [OAR] PanelAppHost: Passing env var _oc_shell_version_code = 214483578
05-23 18:01:35.936  1858  1920 I [OAR] PanelAppHost: Passing env var _oc_shell_permissions = permissionsGranted camera write_storage microphone
05-23 18:01:35.936  1858  1920 I [OAR] PanelAppHost: Passing env var _oc_shell_automation_enabled = false
05-23 18:01:35.936  1858  1920 I [OAR] PanelAppHost: Passing env var _oc_shell_view_id_debugging_enabled = false
05-23 18:01:35.936  1858  1920 I [OAR] PanelAppHost: Passing env var _oc_shell_render_scale = 1.000000
05-23 18:01:35.936  1858  1920 I [OAR] PanelAppHost: Passing env var _oc_auiv2 = false
05-23 18:01:35.936  1858  1920 I [OAR] PanelAppHost: Passing env var _oc_shell_feature_sets = multi-layer-v1,mirror-avatar-v1,system-ux-routes-v1,deeplink-nav-v1,clock-levels-v1,layerTranslate-v1,layerScaleDensity-v1,layerScaleDensity-v2,multiapp-alpha-v1,multiapp-v1
05-23 18:01:35.936  1858  1920 I [OAR] PanelAppHost: Passing env var _oc_gk:oculus_mobile_sysux_unified_dialogs_v9 = true
05-23 18:01:35.936  1858  1920 I [OAR] PanelAppHost: Passing env var _oc_gk:oculus_mobile_sysux_lightweight_releases = true
05-23 18:01:35.936  1858  1920 I [OAR] PanelAppHost: Passing env var _oc_gk:oculus_mobile_home_js_bundle = true
05-23 18:01:35.936  1858  1920 I [OAR] PanelAppHost: Passing env var _oc_gk:oculus_vrshell_launch_checks = true
05-23 18:01:35.936  1858  1920 I [OAR] PanelAppHost: Passing env var _oc_shell_host = vrshell
05-23 18:01:35.936  1858  1920 I [OAR] PanelAppHost: Passing env var _oc_shell_panel_app_index = 15
05-23 18:01:35.936  1858  1920 I [OAR] PanelAppHost: Passing env var _oc_shell_panel_bundle_configuration = {"NONE":null}
05-23 18:01:35.936  1858  1920 I [OAR] PanelAppHost: Passing env var _oc_shell_panel_id = 49
05-23 18:01:35.936  1858  1920 I [OAR] PanelAppHost: Calling sendPanelLaunchIntent for panel app com.oculus.vrshell.home/com.oculus.vrshell.home.SocialService
05-23 18:01:35.936  1858  1920 D [OAR] ShellApplication: sendApkPanelLaunchIntent: packageName=com.oculus.vrshell.home, serviceClassName=com.oculus.vrshell.home.SocialService
05-23 18:01:35.937  1858  1920 D [OAR] PanelServiceConnection: getSystemProcessUidForCurrentUser: 'android' systemUid = 1000
05-23 18:01:35.937  1858  1920 D [OAR] ShellApplication: bindService Intent { cmp=com.oculus.vrshell.home/.SocialService }
05-23 18:01:35.955  1073  1502 I ActivityManager: Start proc 10080:com.oculus.vrshell.home:social/u0a53 for service com.oculus.vrshell.home/.SocialService
05-23 18:01:35.955  1858  1920 D [OAR] ShellApplication: notify OS to set com.oculus.vrshell.home/com.oculus.vrshell.home.SocialService to FOREGROUND
05-23 18:01:35.962  1858  1920 I [OAR] SingleAppDesktop: Inserting panelapp with id 49 to monitor 0
05-23 18:01:35.962  1858  1920 I [OAR] VrShellMonitor: Setting panel
05-23 18:01:35.962  1858  1920 E PersistableBundle: Failed at frameworks/native/libs/binder/PersistableBundle.cpp:158 (size_t android::os::PersistableBundle::erase(const android::String16 &))
05-23 18:01:35.962  1858  1920 I [OAR] PlatformManager: Resuming live stream
05-23 18:01:35.964  1858  1920 I [OAR] DialogControllerManager: Dialog change detected; updating dialog UI.
05-23 18:01:35.964  1858  1920 I [OAR] DialogControllerManager: Old dialog: type: 11, uri "systemux://dialog/exit", return component: "com.YourCompany.ToysGame", return activity component: "com.YourCompany.ToysGame/com.epicgames.ue4.GameActivity"
05-23 18:01:35.964  1858  1920 I [OAR] DialogControllerManager: New dialog: type: 0, uri "systemux://dialog/none", return component: "", return activity component: ""
05-23 18:01:35.964  1858  1920 I [OAR] DialogController: CloseDialogs() old: 11, pendingUri: systemux://dialog/exit, pendingComponent: com.YourCompany.ToysGame
05-23 18:01:35.964  1858  1920 I [OAR] SystemDialogController: HideVrShellDialog
05-23 18:01:35.964  1858  1920 I [OAR] DialogController: Clearing existing dialog systemux://dialog/exit to None while in transition to pending dialog systemux://dialog/none
05-23 18:01:35.966  3096  3096 I [OAR] AnytimeUIAndroidPanelApp: updateActiveComponent - systemux://cameraroll, returnComponent = com.YourCompany.ToysGame
05-23 18:01:35.967  3096  3096 I [OAR] AnytimeUIAndroidPanelAppBase: configureDialog:  systemux://dialog/none [] ()
05-23 18:01:35.967  3096  3096 I [OAR] AnytimeUIAndroidPanelAppBase: actionSetRoute - Route:  NONE(systemux://dialog/none)
05-23 18:01:35.967  3096  3096 D [OAR] TaskBarViewV1: NUX Mode = false
05-23 18:01:35.967  3096  3096 D [OAR] TaskBarViewV1: Skipping NUX Mode for Quest
05-23 18:01:35.968  3096  3096 I AndroidPanelLayer: Hiding layer dialog
05-23 18:01:35.968  3096  3096 I AndroidPanelApp: HideLayer(dialog)
05-23 18:01:35.968  1858  1920 I [OAR] EnvironmentReconciler: Using the scene audio loop
05-23 18:01:35.968  1858  1920 I [OAR] Scene: SetBackgroundLoop: default scene selected, setting audio apk://com.oculus.firsttimenuxresources/assets/quest_dome.gltf.ovrscene
05-23 18:01:35.968  1858  1920 I [OAR] AudioMixer: PlayAmbisonicWavFile: 1335437 looping samples 4 channels at 2699.645546
05-23 18:01:35.971  3096  3096 I AndroidPanelApp: Processing pending hide layer for layer dialog.
05-23 18:01:35.982  1858  2468 E OVRServiceManager: Horizon is outdated.
05-23 18:01:35.982  1858  2468 I OVRPlatform: [QueueAsyncResponseHandler] success: 
05-23 18:01:35.982  1858  2468 I OVRPlatform: [Deserialize] DeserializeObjectInner LivestreamingStatus failure: JSON parse: 
05-23 18:01:35.986  1858  1858 D [OAR] ShellControlBroadcastReceiver: onReceive with MainActivity native pointer 3765319424, action com.oculus.systemactivities.LOCAL_STREAM_STATE_UPDATE
05-23 18:01:35.986  1858  1920 I [OAR] PanelAppHost: Setting panel layer visibility of layer "dialog" to invisible
05-23 18:01:35.986  1858  1920 I [OAR] PlatformManager: isLiveStreaming response:  0
05-23 18:01:35.986  1858  1920 W [OAR] PlatformManager: Platform SDK Response Error: Request ID unknown-client with request ovrMessage_Livestreaming_ResumeStream, HTTP Error Code -1, SDK Error Code 10
05-23 18:01:35.986  1858  1920 W [OAR] PlatformManager: ErrorMessage: Server response is not valid JSON.
05-23 18:01:35.992  2191  2308 I VrGuardianService: GuardianSDKServer::SetGuardianCanPaint
05-23 18:01:35.994  2414  2414 D [OAR] ShellOverlayBroadcastReceiver: onReceive with ShellOverlayService native pointer 3765510320, action com.oculus.systemactivities.LOCAL_STREAM_STATE_UPDATE
05-23 18:01:35.994  2414  2414 I [OAR] ShellOverlayServiceJNI: NativeSendOverlayCommand
05-23 18:01:35.994  2414  2414 I [OAR] ShellOverlayServiceJNI: NativeWake
05-23 18:01:35.994  2414  2414 I [OAR] ShellOverlayMain: WakeVrThread
05-23 18:01:35.994  2414  2414 I [OAR] ShellOverlayMain: WakeVrThread - notifying vr thread
05-23 18:01:35.994  2414  3335 I [OAR] ShellOverlayApp: VrThread woke up
05-23 18:01:35.994  2414  3335 I [OAR] ShellOverlayApp: FlushRsapiEvents
05-23 18:01:35.995  2414  3335 I [OAR] ShellOverlayApp: 0xcfe073d8 msg: overlayCommand:
05-23 18:01:35.995  2414  3335 I [OAR] ShellOverlayApp: command = localStreamStateUpdate
05-23 18:01:35.995  2414  3335 I [OAR] ShellOverlayApp: is_capture_running = 0
05-23 18:01:35.995  2414  3335 I [OAR] ShellOverlayApp: intent_action = com.oculus.systemactivities.LOCAL_STREAM_STATE_UPDATE
05-23 18:01:35.995  2414  3335 I [OAR] ShellOverlayApp: Process_OverlayCommand command : localStreamStateUpdate
05-23 18:01:35.995  2414  3335 I [OAR] ShellOverlayApp: localStreamStateUpdate message received
05-23 18:01:35.995  2414  3335 I [OAR] OverlaySystemUXController: OnLocalStreamStateChanged, captureEnabled?=0
05-23 18:01:35.995  2414  3335 I [OAR] ShellOverlayApp: VrThread entering waiting state
05-23 18:01:35.999  1858  1920 I [OAR] ShellApp: 0xe30fc348 msg: broadcastIntent:
05-23 18:01:35.999  1858  1920 I [OAR] ShellApp: is_capture_running = 0
05-23 18:01:35.999  1858  1920 I [OAR] ShellApp: intent_action = com.oculus.systemactivities.LOCAL_STREAM_STATE_UPDATE
05-23 18:01:35.999  1858  1920 I [OAR] SystemUXController: OnLocalStreamChanged, enabled?=0
05-23 18:01:36.047 10080 10080 W System  : ClassLoader referenced unknown path: /system/app/VrHome/lib/arm
05-23 18:01:36.068 10080 10080 D AccessTokenForwarder: Constructed
05-23 18:01:36.072  3096  3096 I [OAR] AnytimeUIAndroidPanelAppBase: updateLocalStreamState - false
05-23 18:01:36.072 10080 10080 I HomeApplication: process: com.oculus.vrshell.home:social
05-23 18:01:36.072 10080 10080 I HomeApplication: endpoint: https://graph.facebook.com/logging_client_events
05-23 18:01:36.083 10080 10095 D PanelCookiesModuleImpl: Detected valid cookie 'Home:CachedAccessToken' - Added.
05-23 18:01:36.084 10080 10095 D AccessTokenForwarder: Get access token
05-23 18:01:36.084 10080 10080 D UnifiedTelemetryLogger: UnifiedTelemetryLogger instance created.
05-23 18:01:36.085 10080 10080 D UnifiedTelemetryLogger: UnifiedTelemetryLogger mIsStandAloneDevice = true
05-23 18:01:36.086 10080 10080 D UnifiedTelemetryLogger: UnifiedTelemetryLogger instance created
05-23 18:01:36.086 10080 10080 D UnifiedTelemetryLogger: binding with UnifiedTelemetryService
05-23 18:01:36.097 10080 10095 D WifiManagerModule: Got connected SSID: BOEY
05-23 18:01:36.104 10080 10080 D SoLoader: init start
05-23 18:01:36.104 10080 10080 D SoLoader: adding system library source: /vendor/lib
05-23 18:01:36.104 10080 10080 D SoLoader: adding system library source: /system/lib
05-23 18:01:36.105 10080 10080 D SoLoader: adding backup source from : com.facebook.soloader.ApkSoSource[root = /data/data/com.oculus.vrshell.home/lib-main flags = 1]
05-23 18:01:36.105 10080 10080 D SoLoader: Preparing SO source: com.facebook.soloader.DirectorySoSource[root = /system/lib flags = 2]
05-23 18:01:36.105 10080 10080 D SoLoader: Preparing SO source: com.facebook.soloader.DirectorySoSource[root = /system/vendor/lib flags = 2]
05-23 18:01:36.105 10080 10080 D SoLoader: Preparing SO source: com.facebook.soloader.ApkSoSource[root = /data/data/com.oculus.vrshell.home/lib-main flags = 1]
05-23 18:01:36.105 10080 10080 V fb-UnpackingSoSource: locked dso store /data/user/0/com.oculus.vrshell.home/lib-main
05-23 18:01:36.107 10080 10080 I fb-UnpackingSoSource: dso store is up-to-date: /data/user/0/com.oculus.vrshell.home/lib-main
05-23 18:01:36.107 10080 10080 V fb-UnpackingSoSource: releasing dso store lock for /data/user/0/com.oculus.vrshell.home/lib-main
05-23 18:01:36.107 10080 10080 D SoLoader: init finish: 3 SO sources prepared
05-23 18:01:36.107 10080 10080 D SoLoader: init exiting
05-23 18:01:36.107 10080 10080 D SoLoader: About to load: libfbjni.so
05-23 18:01:36.107 10080 10080 D SoLoader: libfbjni.so found on /data/data/com.oculus.vrshell.home/lib-main
05-23 18:01:36.108 10080 10080 D SoLoader: Loading lib dependencies: [libmemalign16_cpp.so, liblog.so, libgnustl_shared.so, libdl.so, libc.so]
05-23 18:01:36.108 10080 10080 D SoLoader: About to load: libmemalign16_cpp.so
05-23 18:01:36.108 10080 10080 D SoLoader: libmemalign16_cpp.so found on /data/data/com.oculus.vrshell.home/lib-main
05-23 18:01:36.109 10080 10080 D SoLoader: Loading lib dependencies: [libmemalign16.so, libgnustl_shared.so, libc.so]
05-23 18:01:36.109 10080 10080 D SoLoader: About to load: libmemalign16.so
05-23 18:01:36.109 10080 10080 D SoLoader: libmemalign16.so found on /data/data/com.oculus.vrshell.home/lib-main
05-23 18:01:36.109 10080 10080 D SoLoader: Loading lib dependencies: [libc.so]
05-23 18:01:36.109 10080 10080 D SoLoader: About to load: libc.so
05-23 18:01:36.109 10080 10080 D SoLoader: libc.so not found on /data/data/com.oculus.vrshell.home/lib-main
05-23 18:01:36.109 10080 10080 D SoLoader: libc.so not found on /system/vendor/lib
05-23 18:01:36.109 10080 10080 D SoLoader: libc.so found on /system/lib
05-23 18:01:36.109 10080 10080 D SoLoader: libc.so loaded implicitly
05-23 18:01:36.109 10080 10080 D SoLoader: Loaded: libc.so
05-23 18:01:36.114 10080 10080 D SoLoader: Loaded: libmemalign16.so
05-23 18:01:36.114 10080 10080 D SoLoader: About to load: libgnustl_shared.so
05-23 18:01:36.114 10080 10095 D UnifiedTelemetryLogger: Already initialized.
05-23 18:01:36.114 10080 10080 D SoLoader: libgnustl_shared.so found on /data/data/com.oculus.vrshell.home/lib-main
05-23 18:01:36.115 10080 10080 D SoLoader: Loading lib dependencies: [libm.so, libc.so, libdl.so]
05-23 18:01:36.115 10080 10080 D SoLoader: About to load: libm.so
05-23 18:01:36.115 10080 10080 D SoLoader: libm.so not found on /data/data/com.oculus.vrshell.home/lib-main
05-23 18:01:36.115 10080 10080 D SoLoader: libm.so not found on /system/vendor/lib
05-23 18:01:36.115 10080 10080 D SoLoader: libm.so found on /system/lib
05-23 18:01:36.115 10080 10080 D SoLoader: libm.so loaded implicitly
05-23 18:01:36.115 10080 10080 D SoLoader: Loaded: libm.so
05-23 18:01:36.115 10080 10080 D SoLoader: About to load: libdl.so
05-23 18:01:36.115 10080 10080 D SoLoader: libdl.so not found on /data/data/com.oculus.vrshell.home/lib-main
05-23 18:01:36.115 10080 10080 D SoLoader: libdl.so not found on /system/vendor/lib
05-23 18:01:36.115 10080 10080 D SoLoader: libdl.so found on /system/lib
05-23 18:01:36.115 10080 10080 D SoLoader: libdl.so loaded implicitly
05-23 18:01:36.115 10080 10080 D SoLoader: Loaded: libdl.so
05-23 18:01:36.116 10080 10080 D SoLoader: Loaded: libgnustl_shared.so
05-23 18:01:36.117 10080 10080 D SoLoader: Loaded: libmemalign16_cpp.so
05-23 18:01:36.117 10080 10080 D SoLoader: About to load: liblog.so
05-23 18:01:36.117 10080 10080 D SoLoader: liblog.so not found on /data/data/com.oculus.vrshell.home/lib-main
05-23 18:01:36.117 10080 10080 D SoLoader: liblog.so not found on /system/vendor/lib
05-23 18:01:36.117 10080 10080 D SoLoader: liblog.so found on /system/lib
05-23 18:01:36.117 10080 10080 D SoLoader: liblog.so loaded implicitly
05-23 18:01:36.117 10080 10080 D SoLoader: Loaded: liblog.so
05-23 18:01:36.118 10080 10080 D SoLoader: Loaded: libfbjni.so
05-23 18:01:36.127 10080 10080 I PanelService: onCreate()
05-23 18:01:36.129 10080 10080 I PanelService: end of onCreate()
05-23 18:01:36.130 10080 10080 I SingletonPanelService: Loading library home
05-23 18:01:36.139 10080 10080 I BaseService: onCreate service type SOCIAL
05-23 18:01:36.139 10080 10080 D CrashReporting: Breakpad for Native crashes enabled
05-23 18:01:36.139 10080 10080 D SoLoader: About to load: libbreakpad.so
05-23 18:01:36.139 10080 10080 D SoLoader: libbreakpad.so found on /data/data/com.oculus.vrshell.home/lib-main
05-23 18:01:36.140 10080 10080 D SoLoader: Loading lib dependencies: [libmemalign16_cpp.so, liblog.so, libsigmux.so, libmemalign16.so, libgnustl_shared.so, libdl.so, libc.so]
05-23 18:01:36.140 10080 10080 D SoLoader: About to load: libsigmux.so
05-23 18:01:36.140 10080 10080 D SoLoader: libsigmux.so found on /data/data/com.oculus.vrshell.home/lib-main
05-23 18:01:36.140 10080 10080 D SoLoader: Loading lib dependencies: [libc.so]
05-23 18:01:36.141 10080 10080 D SoLoader: Loaded: libsigmux.so
05-23 18:01:36.142 10080 10080 D SoLoader: Loaded: libbreakpad.so
05-23 18:01:36.143 10080 10080 D CrashReporting: ACRA/OculusCrashReporter for Java crashes enabled
05-23 18:01:36.143 10080 10080 D CrashReporting: ACRA/Initializing with endpoint https://www.facebook.com/mobile/generic_android_crash_logs/285486028533521
05-23 18:01:36.149 10080 10080 D ExceptionHandlerManager: ExceptionHandlerManager not explicitly initialized, using default mode
05-23 18:01:36.149 10080 10080 D ExceptionHandlerManager: initializing exception handler manager, prioritized=true
05-23 18:01:36.151 10080 10080 E ACRA    : Skipping ANR Detector for process: com.oculus.vrshell.home:social
05-23 18:01:36.153 10080 10080 D CrashReporting: JavascriptCrashReporter is enabled
05-23 18:01:36.153 10080 10080 I BaseService: Core app versions: {"com.oculus.browser":213681315,"com.oculus.govrnux":0,"com.oculus.home":214474083,"com.oculus.horizon":214474077,"com.oculus.mediaplayer":53624647,"com.oculus.systemactivities":214483550,"com.oculus.systemdriver":214483610,"com.oculus.systemutilities":214483563,"com.oculus.vrshell":214483578,"com.oculus.vrshell.home":214483432}
05-23 18:01:36.179 10080 10080 I PanelService: onBind()
05-23 18:01:36.181  1858  1858 D [OAR] PanelServiceConnection: onSeviceConnected - component name (ComponentInfo{com.oculus.vrshell.home/com.oculus.vrshell.home.SocialService}), panel app id (49)
05-23 18:01:36.181  1858  1858 D [OAR] ShellApplication: notify OS to set com.oculus.vrshell.home/com.oculus.vrshell.home.SocialService to FOREGROUND
05-23 18:01:36.184  1858  1858 I [OAR] PanelServiceConnection: verifyFirstPartyUID(Debug Signatures=false, uid=10053) => apkSignatureResult=SigCertInfo(isTrusted=true, packageNames=[com.oculus.vrshell.home], signature=3082038d30820275a00302010202041303858a300d06092a864886f70d01010b05003077310b3009060355040613025553310b3009060355040813024341311330110603550407130a4d656e6c6f205061726b31173015060355040a130e4f63756c75732056522c204c4c4331173015060355040b130e4f63756c75732056522c204c4c43311430120603550403130b4f63756c75732041707073301e170d3134313033303231343032315a170d3432303331373231343032315a3077310b3009060355040613025553310b3009060355040813024341311330110603550407130a4d656e6c6f205061726b31173015060355040a130e4f63756c75732056522c204c4c4331173015060355040b130e4f63756c75732056522c204c4c43311430120603550403130b4f63756c7573204170707330820122300d06092a864886f70d01010105000382010f003082010a0282010100a34c7fbd96dea95d811f21a0d760cabca85f2df5dbe19b62aca7a3e3e0b6e48f7e173345f2753c458d639cc2e222eeee4cfb5e89ac1c5060044414056709a43a7f1a6f1e4f2c3d708c48912634be08ad6da1fff92d9c0d4b85e4bc8a8b1c27de84c04eb1e6577c10693500af46beaf7bd2ce72a06a46f4e565859f242cecbef1a431ae8096db712cebe73840bacc64de6b99077ba1ca8c20e5d0b4870bd161f087abbf568dfef58e604068ca6f7cdea183c8681c306bc30cb223e7c5ce3a2fcf00d13e158475b3700ef62dcca46c57baecca4d91052e20b861a1a085d5fc8e99aed8c4a9cfd550d01e54ef5062133befcf7f9ea6a5a1d1575a72cd82279f34030203010001a321301f301d0603551d0e04160414ec7ccdaf8ccdc6dd1b87d4b561582ad8ec397b80300d06092a864886f70d01010b0500038201010014c557ecddc17ba8b979618036e7093b8e7307f624644532c31239f4dc83fd9424267ca7670fa9f78689cbc5bfd8a6312fdc214bd159d614a8753ceec0f2b2d9166217895b13c992e1d10ca625a3153dacfa51dbdb7fde139bd59510f5add29f88be3826b445ce7386dcf06577be72fbdf118fa81179091fad275981409e02d40422d8e86df5827a2c496a4b905b4825c3f1ba0af4cf509bf9b0d4d608cf0b4320ac60d1a8cbcc384de24f11a4c93c0fc5b887cbd6855871af1b1ef729c51a8a123efc6a627b6494e81a264587443b9156ad17772863c2f9685fae9c72a552b333f8ef2822bce5d4d178e45b3a8dd4e321924f6a5ba43f732971a9e74cbf0433), time=1 ms
05-23 18:01:36.189 10080 10092 I PanelService: verifyVrShellUID(Debug Signatures=false, uid=10028) => apkSignatureResult=SigCertInfo(isTrusted=true, packageNames=[com.oculus.vrshell], signature=3082038d30820275a00302010202041303858a300d06092a864886f70d01010b05003077310b3009060355040613025553310b3009060355040813024341311330110603550407130a4d656e6c6f205061726b31173015060355040a130e4f63756c75732056522c204c4c4331173015060355040b130e4f63756c75732056522c204c4c43311430120603550403130b4f63756c75732041707073301e170d3134313033303231343032315a170d3432303331373231343032315a3077310b3009060355040613025553310b3009060355040813024341311330110603550407130a4d656e6c6f205061726b31173015060355040a130e4f63756c75732056522c204c4c4331173015060355040b130e4f63756c75732056522c204c4c43311430120603550403130b4f63756c7573204170707330820122300d06092a864886f70d01010105000382010f003082010a0282010100a34c7fbd96dea95d811f21a0d760cabca85f2df5dbe19b62aca7a3e3e0b6e48f7e173345f2753c458d639cc2e222eeee4cfb5e89ac1c5060044414056709a43a7f1a6f1e4f2c3d708c48912634be08ad6da1fff92d9c0d4b85e4bc8a8b1c27de84c04eb1e6577c10693500af46beaf7bd2ce72a06a46f4e565859f242cecbef1a431ae8096db712cebe73840bacc64de6b99077ba1ca8c20e5d0b4870bd161f087abbf568dfef58e604068ca6f7cdea183c8681c306bc30cb223e7c5ce3a2fcf00d13e158475b3700ef62dcca46c57baecca4d91052e20b861a1a085d5fc8e99aed8c4a9cfd550d01e54ef5062133befcf7f9ea6a5a1d1575a72cd82279f34030203010001a321301f301d0603551d0e04160414ec7ccdaf8ccdc6dd1b87d4b561582ad8ec397b80300d06092a864886f70d01010b0500038201010014c557ecddc17ba8b979618036e7093b8e7307f624644532c31239f4dc83fd9424267ca7670fa9f78689cbc5bfd8a6312fdc214bd159d614a8753ceec0f2b2d9166217895b13c992e1d10ca625a3153dacfa51dbdb7fde139bd59510f5add29f88be3826b445ce7386dcf06577be72fbdf118fa81179091fad275981409e02d40422d8e86df5827a2c496a4b905b4825c3f1ba0af4cf509bf9b0d4d608cf0b4320ac60d1a8cbcc384de24f11a4c93c0fc5b887cbd6855871af1b1ef729c51a8a123efc6a627b6494e81a264587443b9156ad17772863c2f9685fae9c72a552b333f8ef2822bce5d4d178e45b3a8dd4e321924f6a5ba43f732971a9e74cbf0433), time=2 ms
05-23 18:01:36.190 10080 10080 I PanelService: Creating panel app with environment {_oc_userid="102449717587751", intent_pkg="com.YourCompany.ToysGame", _oc_shell_panel_bundle_configuration="{"NONE":null}", _oc_gk:oculus_mobile_sysux_unified_dialogs_v9="true", _oc_shell_panel_app_index="15", _oc_gk:oculus_vrshell_launch_checks="true", _oc_shell_permissions="permissionsGranted camera write_storage microphone", uri="/system_utilities/globalMenuShare/com.oculus.vrshell?newDeeplink=1", _oc_device_type="259", _oc_shell_version_code="214483578", _oc_shell_version_name="17.0.0.168.462", _oc_shell_panel_id="49", _oc_device_region="0", _oc_launch_timestamp="2699479", _oc_auiv2="false", _oc_shell_automation_enabled="false", _oc_headset_type="256", _oc_gk:oculus_mobile_home_js_bundle="true", _oc_shell_render_scale="1.000000", _oc_shell_feature_sets="multi-layer-v1,mirror-avatar-v1,system-ux-routes-v1,deeplink-nav-v1,clock-levels-v1,layerTranslate-v1,layerScaleDensity-v1,layerScaleDensity-v2,multiapp-alpha-v1,multiapp-v1", _oc_enterprise_mode="false", _oc_analytics_session_id="03440790-8bc2-41fe-ab22-a37aee9de554", _oc_shell_view_id_debugging_enabled="false", _oc_gk:oculus_mobile_sysux_lightweight_releases="true", _oc_shell_host="vrshell", _oc_gearvr_developer_mode="true"}
05-23 18:01:36.191 10080 10105 I panelapp: timestamp Panel_Create numWindows 14
05-23 18:01:36.197 10080 10105 W System  : ClassLoader referenced unknown path: /system/app/Horizon/lib/arm
05-23 18:01:36.199 10080 10105 D ApplicationLoaders: ignored Vulkan layer search path /system/app/Horizon/lib/arm:/system/fake-libs:/system/app/Horizon/Horizon.apk!/lib/armeabi-v7a:/system/lib:/vendor/lib for namespace 0xed9c6090
05-23 18:01:36.202 10080 10080 I HomeApplication: onUserId
05-23 18:01:36.214 10080 10105 I OVRPlatform: [LoaderUtils] PlatformSDK check API compatibility (requested api = 1.1.44.0, implementation = 1.1.49.0)
05-23 18:01:36.216 10080 10105 I OVRPlatform: [Context] ConfigOption DisableFbns =>  1
05-23 18:01:36.216 10080 10105 I OVRPlatform: [Context] ConfigOption DisableP2pNetworking =>  0
05-23 18:01:36.216 10080 10105 I OVRPlatform: [RequestStopwatch] ovr_PlatformInitializeAndroidAsynchronous took 0.6350 milliseconds
05-23 18:01:36.216 10080 10105 I OCPlatformModule: timestamp request accesstoken
05-23 18:01:36.216 10080 10105 I AnalyticsLogger: Got HashMapClass
05-23 18:01:36.217 10080 10105 I AnalyticsLogger: Got OculusLoggerClass
05-23 18:01:36.217 10080 10105 I AnalyticsLogger: Got reportEventMethod
05-23 18:01:36.217 10080 10105 I AnalyticsLogger: Got reportVersionedEventMethod
05-23 18:01:36.217 10080 10105 I AnalyticsLogger: Got reportQuickExperimentExposureMethod
05-23 18:01:36.217 10080 10105 I panelapp: PanelSize 1328 628
05-23 18:01:36.220 10080 10116 D OVRServiceSynchronous: isServiceAvailable matched: 1
05-23 18:01:36.223 10080 10118 D JVM     : JVM::Initialize@[tid=10118]
05-23 18:01:36.223 10080 10118 D JVM     : JVM::JVM@[tid=10118]
05-23 18:01:36.224  2114  2387 I LibraryProvider: running queryAllApps() for com.oculus.vrshell.home
05-23 18:01:36.226 10080 10107 D OVR     : Registered OVRPlatformBroadcastReceiver
05-23 18:01:36.226 10080 10107 I OVR     : Initialized OVRPlatform with returnComponent com.oculus.vrshell.home/com.oculus.vrshell.home.SocialService
