05-06 15:13:01.623  2150  2150 I ClientMgr: ClientMgr::SetFocusedClient: com.YourCompany.ToysGame type 0
05-06 15:13:01.625  5206  5476 D UE4     : [2020.05.06-13.13.01:625][  0]LogAndroid: RendererBlock updating window
05-06 15:13:01.625  5206  5476 D UE4     : [2020.05.06-13.13.01:625][  0]LogAndroid: RendererBlock released window lock
05-06 15:13:01.625  5206  5476 D OVRPlugin: Leaving VR mode.
05-06 15:13:01.625  5206  5476 I GoCompatibility: GoCompatibility: vrapi_LeaveVrMode_Hooked()
05-06 15:13:01.625  5206  5476 I VrApi   : ---------- vrapi_LeaveVrMode [start] ----------
05-06 15:13:01.626  5206  5476 D VrApi   : targetSDKVersion 25
05-06 15:13:01.628  5206  5476 I VrRuntimeClient: DEVICE MODEL NUMBER = Quest
05-06 15:13:01.628  5206  5476 I VrRuntimeClient: DEVICE HARDWARE = monterey
05-06 15:13:01.628  5206  5476 I VrRuntimeClient: DEVICE BUILD NAME = user-602380.24900.0
05-06 15:13:01.628  5206  5476 I VrRuntimeClient: DEVICE BUILD TYPE = user
05-06 15:13:01.628  5206  5476 I VrRuntimeClient: DEVICE OS VERSION = 7.1.1
05-06 15:13:01.628  5206  5476 I VrRuntimeClient: VRRUNTIME VERSION = VRAPI_VERSION_BEGIN { 1.1.33.0-210938873-210938873 Apr 24 2020 16:11:35 Development } RELEASE
05-06 15:13:01.628  5206  5476 I VrRuntimeClient: API LOADER VERSION = 1.1.24.0
05-06 15:13:01.628  5206  5476 I VrRuntimeClient: VRDRIVER VERSION = 16.0.0.141.450
05-06 15:13:01.628  5206  5476 I VrRuntimeClient: APP NAME = ToysGame
05-06 15:13:01.628  5206  5476 I VrRuntimeClient: APP VERSION = 1.0 versionCode 1 internalVersionName <none>
05-06 15:13:01.628  5206  5476 I VrRuntimeClient: APP VR TYPE = vr_only
05-06 15:13:01.628  5206  5476 I VrRuntimeClient: APP PACKAGE NAME = com.YourCompany.ToysGame
05-06 15:13:01.628  5206  5476 I VrRuntimeClient: APP ACTIVITY CLASS = com.epicgames.ue4.GameActivity
05-06 15:13:01.630  5520  5543 E libEGL  : call to OpenGL ES API with no current context (logged once per thread)
05-06 15:13:01.635  2150  5361 I Clocks  : SetSchedFifo( tid=2365, pri=1 ) succeeded
05-06 15:13:01.636  2150  5361 I TimeWarp: Will tear: 0.025762
05-06 15:13:01.636  2150  5361 I Vsync   : Vsync 1256:  2 x 13.92 ms (71.82 Hz, at 3511.225)
05-06 15:13:01.636  2150  5361 I TimeWarp: Adjusting 1256.36 > 1255 to 1256
05-06 15:13:01.636  2150  2334 I VrRuntimeServer: SetCompositorClientEnabled client(2): enabled(1) 0x7f9af340e8
05-06 15:13:01.636  2161  2225 I GuardianSystem: rsapi_PollEvent: rsEventForceShowGuardian. ForceIndefinitely: 0, ForceTimeInSeconds: 0.00, ForceCamera: 0
05-06 15:13:01.636  2161  2225 I GuardianSystem: ForceShowGuardian: false, 0.00
05-06 15:13:01.636  2161  2225 I GuardianSystem: rsapi_PollEvent: rsEventPackageNameChange: com.YourCompany.ToysGame
05-06 15:13:01.636  2161  2225 I GuardianSystem: SetCurrentPackageName: com.YourCompany.ToysGame, previous PackageName: com.oculus.vrshell
05-06 15:13:01.637  5206  5476 D BatteryReceiver: Unregistering battery receiver
05-06 15:13:01.662  2119  2213 E Security-LocalReporter: UID '10043' is shared by multiple packages: [com.oculus.home, com.oculus.horizon]
05-06 15:13:01.665  1789  1921 I PlatformPluginManager: sharedMicrophoneStop for userID: 3002644496
05-06 15:13:01.665  1789  1921 I OVRPlatform: [MicrophoneServer] MicrophoneServer::removeSharedClient 0xb2f8b810
05-06 15:13:01.665  1789  1921 I OVRPlatform: [MicrophoneServer]   removed 1, 0 remaining
05-06 15:13:01.665  1789  1921 I OVRPlatform: [MicrophoneServer] No connections left, stopping
05-06 15:13:01.665  1789  1921 I OVRPlatform-OVRMicrophone: Stopping microphone recording.  Current state: Recording
05-06 15:13:01.665  1789  1921 D OVRPlatform-OVRMicrophone: State changed to Stopping
05-06 15:13:01.666  1842  1917 I [OAR] AudioMixer: Waiting for sound effect to complete
05-06 15:13:01.679  5206  5411 I VrApi   : FPS=0,Prd=0ms,Tear=0,Early=0,Stale=72,VSnc=1,Lat=0,Fov=0,CPU4/GPU=0/0,2304/670MHz,OC=FF,TA=0/0/0,SP=N/N/N,Mem=1804MHz,Free=1396MB,PSM=0,PLS=0,Temp=30.0C/0.0C,TW=1.72ms,App=0.00ms,GD=0.00ms,CPU&GPU=0.00ms,LCnt=0,GPU%=0.13,CPU%=0.35(W0.45),DSF=1.00
05-06 15:13:01.680  2119  2213 I LibraryProvider: running queryApp(com.oculus.vrshell) for com.oculus.uid:10043
05-06 15:13:01.680  2119  2213 W LibraryProvider: Cannot find entitlement for com.oculus.vrshell
05-06 15:13:01.681  1789  1789 W OVRLibrary: null cursor received for query content://com.oculus.ocms.library/apps/com.oculus.vrshell
05-06 15:13:01.681  1789  1789 I PlatformPluginManager: onAppStart com.oculus.vrshell false
05-06 15:13:01.682  1789  1789 I OVRPlatform: [PartiesAPI] ovr_Party_PluginGetSharedMemHandle: This function is deprecated, do not use
05-06 15:13:01.682  5206  5476 I VrApi   : OVR::Stats thread stopped
05-06 15:13:01.682  5206  5476 I InputDeviceManager: ovrInputDeviceManager::Shutdown
05-06 15:13:01.684  1789  5466 I OVRPlatform-OVRMicrophone: Exiting audio capture thread, about to call AudioRecord.stop(). Current state: Stopping
05-06 15:13:01.684  1789  1789 E OVRMediaServiceManager: LivestreamingManager Not initialized
05-06 15:13:01.686  5206  5410 I InputHooks_Internal: InputHooksThreadRun ShutdownRequest received
05-06 15:13:01.686  5206  5476 I InputHooks_Internal: Disabling Native Input Hooks
05-06 15:13:01.689  2150  3223 D VrRuntimeService: this client: 5206:com.YourCompany.ToysGame
05-06 15:13:01.689  2150  3223 D VrRuntimeService: enableRendering: clientWindow: null enable: false
05-06 15:13:01.689  2150  3223 I ClientMgr: ClientMgr::EnableRendering 5206:com.YourCompany.ToysGame : type 0 : disable
05-06 15:13:01.690  2150  3223 I VrRuntimeServer: SetCompositorClientEnabled client(0): enabled(0) 0x0
05-06 15:13:01.691  2150  2334 I ClientMgr: Non-overlay clients rendering status has changed: prev=28, curr=29, enabled=1
05-06 15:13:01.701  2150  5361 I Clocks  : SetSchedFifo( tid=1917, pri=0 ) succeeded
05-06 15:13:01.702  2150  5361 I Clocks  : SetSchedFifo( tid=5444, pri=0 ) succeeded
05-06 15:13:01.702  2150  5361 I Clocks  : SetSchedFifo( tid=2365, pri=0 ) succeeded
05-06 15:13:01.703   545  5452 D audio_hw_primary: in_standby: enter: stream (0xee4ca000) usecase(16: audio-record)
05-06 15:13:01.707  5206  5423 I VrRuntimeClient: FenceChecker::MainLoop - ended
05-06 15:13:01.707  5206  5476 I BufferObject: ovrBufferObjectFactory::Unimport unmapping Vulkan memory
05-06 15:13:01.707  5206  5476 I BufferObject: ovrBufferObjectFactory::Unimport destroying Vulkan buffer=546873395200
05-06 15:13:01.707  5206  5476 I BufferObject: ovrBufferObjectFactory::Unimport freeing Vulkan memory=546755673920
05-06 15:13:01.707  5206  5476 I TrackingServiceClient: OVR::TrackingService::ClientSetInterface
05-06 15:13:01.707  5206  5476 D TrackingServiceClient: onClientDisconnect
05-06 15:13:01.707  5206  5476 D TrackingServiceConnectionNative: onClientDisconnect
05-06 15:13:01.708   709   796 I TrackingService: Unregistering client by ITrackingService.unregisterClient
05-06 15:13:01.708   709   796 I TrackingService: TrackingServiceHost Unregistering client: pid 5206
05-06 15:13:01.708  5206  5476 D BinderConnection: Disconnecting from TrackingService service
05-06 15:13:01.708  5206  5476 D TrackingServiceConnectionNative: onDisconnected
05-06 15:13:01.708  5206  5476 D TrackingServiceClient: TrackingServiceConnection mConnectedRemotes.clear()
05-06 15:13:01.708  5206  5476 I TrackingServiceClient: OVR::TrackingService::ClientSetInterface
05-06 15:13:01.708  5206  5476 I VrApi   : ---------- vrapi_LeaveVrMode [end] ----------
05-06 15:13:01.708  5206  5223 D UE4     : [GameActivity] Unregistering volume receiver
05-06 15:13:01.709  5206  5223 D UE4     : [GameActivity] Unregistering battery receiver
05-06 15:13:01.710  5206  5223 D UE4     : [GameActivity] Unregistering headset receiver
05-06 15:13:01.712  5206  5223 D UE4     : [2020.05.06-13.13.01:712][  0]LogCore: Display: AppLifetime: Application will enter background
05-06 15:13:01.712  5206  5223 D UE4     : [2020.05.06-13.13.01:712][  0]LogTemp: Android pause audio
05-06 15:13:01.712  5206  5223 D UE4     : [2020.05.06-13.13.01:712][  0]LogAudioMixerAndroid: Display: Suspending android audio renderer
05-06 15:13:01.712  5206  5223 D UE4     : [2020.05.06-13.13.01:712][  0]LogAndroidEvents: Display: LogAndroidEvents::DequeueAppEvent : 13, [width=-1, height=-1], APP_EVENT_STATE_APP_SUSPENDED
05-06 15:13:01.712  5206  5223 D UE4     : FAppEventManager::Tick processing, 13
05-06 15:13:01.712  5206  5223 D UE4     : Execution will be paused...
05-06 15:13:01.712  5206  5223 D UE4     : [2020.05.06-13.13.01:712][  0]LogAndroidEvents: Display: LogAndroidEvents::DequeueAppEvent : 3, [width=-1, height=-1], APP_EVENT_STATE_WINDOW_DESTROYED
05-06 15:13:01.712  5206  5223 D UE4     : FAppEventManager::Tick processing, 3
05-06 15:13:01.712  5206  5223 D UE4     : APP_EVENT_STATE_WINDOW_DESTROYED, 0, 0, 0
05-06 15:13:01.712  5206  5223 D UE4     : [2020.05.06-13.13.01:712][  0]LogAndroidEvents: Display: LogAndroidEvents::DequeueAppEvent : 12, [width=-1, height=-1], APP_EVENT_STATE_SAVE_STATE
05-06 15:13:01.712  5206  5223 D UE4     : FAppEventManager::Tick processing, 12
05-06 15:13:01.712  5206  5223 D UE4     : [2020.05.06-13.13.01:712][  0]LogAndroidEvents: Display: LogAndroidEvents::DequeueAppEvent : 8, [width=-1, height=-1], APP_EVENT_STATE_ON_STOP
05-06 15:13:01.712  5206  5223 D UE4     : FAppEventManager::Tick processing, 8
05-06 15:13:01.713  5206  5223 D UE4     : [2020.05.06-13.13.01:713][  0]LogAndroidEvents: Display: LogAndroidEvents::DequeueAppEvent : 9, [width=-1, height=-1], APP_EVENT_STATE_ON_START
05-06 15:13:01.713  5206  5223 D UE4     : FAppEventManager::Tick processing, 9
05-06 15:13:01.713  5206  5223 D UE4     : [2020.05.06-13.13.01:713][  0]LogAndroidEvents: Display: LogAndroidEvents::DequeueAppEvent : 7, [width=-1, height=-1], APP_EVENT_STATE_ON_RESUME
05-06 15:13:01.713  5206  5223 D UE4     : FAppEventManager::Tick processing, 7
05-06 15:13:01.713  5206  5223 D UE4     : [2020.05.06-13.13.01:713][  0]LogAndroidEvents: Display: LogAndroidEvents::DequeueAppEvent : 0, [width=2880, height=1600], APP_EVENT_STATE_WINDOW_CREATED
05-06 15:13:01.713  5206  5223 D UE4     : FAppEventManager::Tick processing, 0
05-06 15:13:01.713  5206  5223 D UE4     : [2020.05.06-13.13.01:713][  0]LogAndroidEvents: Display: LogAndroidEvents::DequeueAppEvent : 11, [width=-1, height=-1], APP_EVENT_STATE_WINDOW_GAINED_FOCUS
05-06 15:13:01.713  5206  5223 D UE4     : FAppEventManager::Tick processing, 11
05-06 15:13:01.713  5206  5223 D UE4     : [2020.05.06-13.13.01:713][  0]LogAndroidEvents: Display: ExecWindowCreated
05-06 15:13:01.713  5206  5223 D UE4     : [2020.05.06-13.13.01:713][  0]LogAndroid: Mobile HDR: no
05-06 15:13:01.713  5206  5223 D UE4     : AndroidEGL::ReInitWindow()
05-06 15:13:01.713  5206  5223 D UE4     : ExecWindowCreated, 0, 1, 1
05-06 15:13:01.713  5206  5223 D UE4     : [2020.05.06-13.13.01:713][  0]LogAndroidEvents: Display: LogAndroidEvents::DequeueAppEvent : 14, [width=-1, height=-1], APP_EVENT_STATE_APP_ACTIVATED
05-06 15:13:01.713  5206  5223 D UE4     : FAppEventManager::Tick processing, 14
05-06 15:13:01.713  5206  5223 D UE4     : Execution will be resumed!
05-06 15:13:01.713  5206  5223 D UE4     : [2020.05.06-13.13.01:713][  0]LogAndroidEvents: Display: LogAndroidEvents::DequeueAppEvent : 15, [width=-1, height=-1], APP_EVENT_RUN_CALLBACK
05-06 15:13:01.713  5206  5223 D UE4     : FAppEventManager::Tick processing, 15
05-06 15:13:01.713  5206  5223 D UE4     : [2020.05.06-13.13.01:713][  0]LogAndroidEvents: Display: Event thread callback running.
05-06 15:13:01.713  5206  5223 D UE4     : [2020.05.06-13.13.01:713][  0]LogAndroid: performing app foregrounding callback.
05-06 15:13:01.713  5206  5223 D UE4     : [2020.05.06-13.13.01:713][  0]LogHMD: Initializing OVRPlugin session
05-06 15:13:01.713  5206  5223 D UE4     : [2020.05.06-13.13.01:713][  0]LogHMD: OculusHMD plugin supports multiview!
05-06 15:13:01.713  5206  5223 D OVRPlugin: Finished setting up render thread.
05-06 15:13:01.713  5206  5223 D OVRPlugin: Entering VR mode.
05-06 15:13:01.713  5206  5223 I VrApi   : ---------- vrapi_EnterVrMode [start] ----------
05-06 15:13:01.713  5206  5223 I VrRuntimeClient: Tracing is disabled
05-06 15:13:01.715  5206  5223 D VrApi   : targetSDKVersion 25
05-06 15:13:01.715   545  5452 D audio_hw_primary: disable_audio_route: reset and update mixer path: audio-record
05-06 15:13:01.716   545  5452 D hardware_info: hw_info_append_hw_type : device_name = handset-mic-aec
05-06 15:13:01.716   545  5452 D audio_hw_primary: disable_snd_device: snd_device(62: handset-mic-aec)
05-06 15:13:01.716   545  5452 D msm8974_platform: platform_split_snd_device: snd_device(62) new_snd_devices (handset-mic-aec)
05-06 15:13:01.716  5206  5223 I VrRuntimeClient: DEVICE MODEL NUMBER = Quest
05-06 15:13:01.716  5206  5223 I VrRuntimeClient: DEVICE HARDWARE = monterey
05-06 15:13:01.716  5206  5223 I VrRuntimeClient: DEVICE BUILD NAME = user-602380.24900.0
05-06 15:13:01.716  5206  5223 I VrRuntimeClient: DEVICE BUILD TYPE = user
05-06 15:13:01.716  5206  5223 I VrRuntimeClient: DEVICE OS VERSION = 7.1.1
05-06 15:13:01.716  5206  5223 I VrRuntimeClient: VRRUNTIME VERSION = VRAPI_VERSION_BEGIN { 1.1.33.0-210938873-210938873 Apr 24 2020 16:11:35 Development } RELEASE
05-06 15:13:01.716  5206  5223 I VrRuntimeClient: API LOADER VERSION = 1.1.24.0
05-06 15:13:01.716  5206  5223 I VrRuntimeClient: VRDRIVER VERSION = 16.0.0.141.450
05-06 15:13:01.716  5206  5223 I VrRuntimeClient: APP NAME = ToysGame
05-06 15:13:01.716  5206  5223 I VrRuntimeClient: APP VERSION = 1.0 versionCode 1 internalVersionName <none>
05-06 15:13:01.716  5206  5223 I VrRuntimeClient: APP VR TYPE = vr_only
05-06 15:13:01.716  5206  5223 I VrRuntimeClient: APP PACKAGE NAME = com.YourCompany.ToysGame
05-06 15:13:01.716  5206  5223 I VrRuntimeClient: APP ACTIVITY CLASS = com.epicgames.ue4.GameActivity
05-06 15:13:01.716  5206  5223 D BatteryReceiver: Registering battery receiver
05-06 15:13:01.718  5206  5223 D HeadsetReceiver: getCurrentHeadsetState: false
05-06 15:13:01.718  5206  5223 I DeviceStatus_Android: nativeHeadsetEvent(0)
05-06 15:13:01.719   545   594 D msm8974_platform: platform_split_snd_device: snd_device(2) new_snd_devices (speaker)
05-06 15:13:01.719   545   594 D ACDB-LOADER: ACDB -> send_audvoltable
05-06 15:13:01.719   545   594 D ACDB-LOADER: ACDB -> ACDB_CMD_GET_AUDPROC_GAIN_DEP_STEP_TABLE, vol index 5
05-06 15:13:01.719   545   594 D         : Failed to fetch the lookup information of the device 0000000F 
05-06 15:13:01.719   545   594 E ACDB-LOADER: Error: ACDB AudProc vol returned = -19
05-06 15:13:01.719   545   594 D ACDB-LOADER: ACDB -> AUDIO_SET_VOL_CAL cal type = 40
05-06 15:13:01.720   545  5452 D audio_hw_primary: in_set_parameters: enter: kvpairs=routing=0
05-06 15:13:01.720  5206  5223 I VrRuntimeClient: DEADRECKONING SetControllerTrackingExtendedDeadreckoning 0
05-06 15:13:01.720  5206  5223 I InputHooks_Internal: Enabling Native Input Hooks
05-06 15:13:01.721   545   599 I SoundTriggerHwService::Module: void android::SoundTriggerHwService::Module::onCallbackEvent(const sp<android::SoundTriggerHwService::CallbackEvent> &) no clients
05-06 15:13:01.721  5206  5223 I InputDeviceManager: ovrInputDeviceManager::Initialize
05-06 15:13:01.721  5206  5223 I InputDeviceManager: HANDTRACKING packagename is com.YourCompany.ToysGame
05-06 15:13:01.721  1789  5466 I OVRPlatform-OVRMicrophone: Disabling AcousticEchoCanceler
05-06 15:13:01.722  1789  5466 I OVRPlatform-OVRMicrophone: Disabling NoiseSuppressor
05-06 15:13:01.722  5206  5223 I InputDeviceManager: HANDTRACKING: feature flag set to 0
05-06 15:13:01.722  5206  5223 I VrRuntimeClient: HANDTRACKING sethandmanifest 0
05-06 15:13:01.722  1789  5466 D OVRPlatform-OVRMicrophone: State changed to Initialized
05-06 15:13:01.722  1789  5466 I OVRPlatform-OVRMicrophone: Exit AudioRecordThread
05-06 15:13:01.725  2150  2339 I ScreenCaptureBase: GlobalInhibitState=0
05-06 15:13:01.725  5206  5223 D TrackingServiceConnectionNative: onClientConnect
05-06 15:13:01.725  5206  5223 D BinderConnection: Connecting to TrackingService
05-06 15:13:01.725  5206  5223 D TrackingServiceConnectionNative: onConnected
05-06 15:13:01.725   709  3175 I TrackingService: TrackingService::getSharedMemoryFileDescriptor
05-06 15:13:01.726  5206  5223 I TrackingServiceClient: OVR::TrackingService::ClientSetInterface
05-06 15:13:01.726  5206  5223 I TrackingServiceClient: TrackingService client: roFd(73)
05-06 15:13:01.726  5206  5223 I TrackingServiceClient: TrackingService client: connected to interface version 11.
05-06 15:13:01.726  5206  5223 I TrackingServiceClient: TrackingService client: last prediction time is 0.004423 seconds old
05-06 15:13:01.726  5206  5223 I TrackingServiceClient: TrackingService client: provided by pid=709
05-06 15:13:01.726   709   709 I TrackingService: TrackingService::registerClient
05-06 15:13:01.726   709   709 I TrackingService: Registering client with TrackingServiceHost
05-06 15:13:01.726   709   709 I TrackingService: Notifying client pid 5206 of new remote 6b7cbd986a24c226
05-06 15:13:01.727  5206  5223 D TrackingServiceClient: TrackingServiceClient onRemoteConnected 6b7cbd986a24c226
05-06 15:13:01.727   709   709 I TrackingService: Notifying client pid 5206 of new remote 3a76c3e46c301ef4
05-06 15:13:01.727  5206  5223 D TrackingServiceClient: TrackingServiceClient onRemoteConnected 3a76c3e46c301ef4
05-06 15:13:01.727   709   709 I TrackingService: TrackingServiceHost GetSharedMemoryFileDescriptor for client pid 5206
05-06 15:13:01.727   709   709 I TrackingService: TrackingServiceHost registered common client; there are 0 secure clients
05-06 15:13:01.727  5206  5223 I TrackingServiceClient: ClientConnectComplete
05-06 15:13:01.727  5206  5223 I VrApi   : ovrModeParms::VRAPI_MODE_FLAG_RESET_WINDOW_FULLSCREEN = 1
05-06 15:13:01.727  5206  5223 I VrApi   : ovrModeParms::VRAPI_MODE_FLAG_NATIVE_WINDOW = 1
05-06 15:13:01.727  5206  5223 I VrApi   : ovrModeParms::VRAPI_MODE_FLAG_FRONT_BUFFER_PROTECTED = 0
05-06 15:13:01.727  5206  5223 I VrApi   : ovrModeParms::VRAPI_MODE_FLAG_FRONT_BUFFER_565 = 0
05-06 15:13:01.727  5206  5223 I VrApi   : ovrModeParms::VRAPI_MODE_FLAG_FRONT_BUFFER_SRGB = 1
05-06 15:13:01.727  5206  5223 I VrApi   : ovrModeParms::VRAPI_MODE_FLAG_CREATE_CONTEXT_NO_ERROR = 0
05-06 15:13:01.727  5206  5223 I VrApi   : HMD sensor attached.
05-06 15:13:01.730  5206  5223 I VrApi   : Client side frame sync enabled
05-06 15:13:01.731  5206  5223 I DynamicClocks: cpu-freq(0): 979200Hz
05-06 15:13:01.731  5206  5223 I DynamicClocks: cpu-freq(1): 1344000Hz
05-06 15:13:01.731  5206  5223 I DynamicClocks: cpu-freq(2): 1651200Hz
05-06 15:13:01.731  5206  5223 I DynamicClocks: cpu-freq(3): 1958400Hz
05-06 15:13:01.731  5206  5223 I DynamicClocks: cpu-freq(4): 2304000Hz
05-06 15:13:01.732  5206  5223 I DynamicClocks: gpu-freq(0): 257000000Hz
05-06 15:13:01.732  5206  5223 I DynamicClocks: gpu-freq(1): 342000000Hz
05-06 15:13:01.732  5206  5223 I DynamicClocks: gpu-freq(2): 414000000Hz
05-06 15:13:01.732  5206  5223 I DynamicClocks: gpu-freq(3): 515000000Hz
05-06 15:13:01.732  5206  5223 I DynamicClocks: gpu-freq(4): 670000000Hz
05-06 15:13:01.732  5206  5223 I DynamicClocks: gpu-freq(5): 710000000Hz
05-06 15:13:01.732  5206  5223 D VrRuntimeClient: pokeGuardianUserServiceForThisClient: com.YourCompany.ToysGame:10094
05-06 15:13:01.733  2161  2161 D VrGuardianUserService: onStartCommandIntent { act=FOREGROUND_CLIENT cmp=com.oculus.systemdriver/com.oculus.vrguardianservice.VrGuardianUserService (has extras) }
05-06 15:13:01.734  5206  5223 D VrRuntimeClient: VrRuntimeClient: enableRendering: activity client
05-06 15:13:01.734  5206  5223 D VrRuntimeClient: VrRuntimeClient: enableRendering: Using clientWindow=android.os.BinderProxy@2dc9812
05-06 15:13:01.734  2150  2172 I ClientMgr: ClientMgr::SetPrimaryCompositorClient: com.YourCompany.ToysGame
05-06 15:13:01.734  2150  2172 I VrRuntimeServer: SetCompositorClientEnabled client(0): enabled(1) 0x7f7e206010
05-06 15:13:01.734  2150  2172 I ClientMgr: ClientMgr::SetFocusedClient: com.YourCompany.ToysGame type 0
05-06 15:13:01.734  2150  2172 D VrRuntimeService: this client: 5206:com.YourCompany.ToysGame
05-06 15:13:01.734  2150  2172 D VrRuntimeService: enableRendering: clientWindow: android.os.BinderProxy@3e66423 enable: true
05-06 15:13:01.734  2150  2172 I ClientMgr: ClientMgr::EnableRendering 5206:com.YourCompany.ToysGame : type 0 : enable
05-06 15:13:01.734  2150  2172 I VrRuntimeServer: SetCompositorClientEnabled client(0): enabled(1) 0x7f7e206010
05-06 15:13:01.734  2150  2172 I TimeWarp: CheckDebuggerConnected: debugger 0
05-06 15:13:01.734  5206  5223 I VrRuntimeClient: CreateWarp: ImportVulkan: Fd=83, BufferSize=4096
05-06 15:13:01.734  5206  5223 I VrRuntimeClient: CreateWarp: ImportVulkan: bo.Vk.Buffer=546865784064, bo.Vk.Memory=546755699840, bo.Vk.Mapping=547944824832
05-06 15:13:01.736  5206  5223 I ScreenCaptureHelper: Advertising com.YourCompany.ToysGame as streamable
05-06 15:13:01.737  1789  1789 I OVRMediaService: onStartCommand Received message type: set_package_name, caller package: no_app_identity
05-06 15:13:01.739  5206  5223 I VrApi   : OVR::Stats thread started
05-06 15:13:01.739  5206  5223 I VrApi   : ---------- vrapi_EnterVrMode [end] ----------
05-06 15:13:01.739  5206  5223 I ClientInputSettings: LatchBackButtonEntireFrame = false
05-06 15:13:01.739  5206  5223 I ClientInputSettings: BlockRemoteButtonsWhenNotEmulatingHMT = true
05-06 15:13:01.739  5206  5223 I ClientInputSettings: EatNativeGamepadEvents = false
05-06 15:13:01.739  5206  5223 D OVRPlugin: Registering utility receivers.
05-06 15:13:01.739  5206  5223 I ClientInputSettings: ReorientHMDOnControllerRecenter = true
05-06 15:13:01.739  5206  5223 D UE4     : [GameActivity] Registering volume receiver
05-06 15:13:01.740  1789  1789 I OVRMediaService: Got package name intent (com.YourCompany.ToysGame)
05-06 15:13:01.740  5206  5223 D UE4     : [GameActivity] startVolumeReceiver: 10
05-06 15:13:01.740  5206  5223 D UE4     : nativeVolumeEvent(10)
05-06 15:13:01.740  5206  5223 D UE4     : [GameActivity] Registering battery receiver
05-06 15:13:01.742  5206  5476 D UE4     : [2020.05.06-13.13.01:742][  0]LogHMD: Error: Splash ovrp_BeginFrame4 0 failed (-1003)
05-06 15:13:01.744  5206  5601 D VrApi   : targetSDKVersion 25
05-06 15:13:01.746  5206  5601 I JniUtils: ovr_GetCurrentPackageSignature 
05-06 15:13:01.746  5206  5601 I Metrics : device name = Oculus Quest
05-06 15:13:01.747  2150  2334 I ClientMgr: Non-overlay clients rendering status has changed: prev=29, curr=30, enabled=2
05-06 15:13:01.747  2150  2334 I ClientMgr: DEADRECKONING deadReckoning mode on ClientMgr from server is 0
05-06 15:13:01.749  2150  5361 W TimeWarp: WarpToScreen: No completed frames to display for client 0. submittedFrameIndex = 1038
05-06 15:13:01.754  2119  2135 E Security-LocalReporter: UID '10043' is shared by multiple packages: [com.oculus.home, com.oculus.horizon]
05-06 15:13:01.758  5206  5223 D UE4     : [GameActivity] Registering headset receiver
05-06 15:13:01.759  5206  5223 D UE4     : [GameActivity] startHeadsetReceiver: 0
05-06 15:13:01.759  5206  5223 D UE4     : nativeHeadsetEvent(0)
05-06 15:13:01.759  5206  5223 D UE4     : [2020.05.06-13.13.01:759][  0]LogCore: Display: AppLifetime: Application has entered foreground
05-06 15:13:01.759  5206  5223 D UE4     : [2020.05.06-13.13.01:759][  0]LogUdpMessaging: Initializing bridge on interface 0.0.0.0:0 to multicast group 230.0.0.1:6666.
05-06 15:13:01.761  5206  5223 D UE4     : [2020.05.06-13.13.01:761][  0]LogTcpMessaging: Initializing TcpMessaging bridge, listening on 127.0.0.1:6666
05-06 15:13:01.762  5206  5223 D UE4     : [2020.05.06-13.13.01:762][  0]LogCore: Display: AppLifetime: Application has reactivated
05-06 15:13:01.762  5206  5223 D UE4     : [2020.05.06-13.13.01:762][  0]LogTemp: Android resume audio
05-06 15:13:01.762  5206  5223 D UE4     : [2020.05.06-13.13.01:762][  0]LogAudioMixerAndroid: Display: Resuming android audio renderer
05-06 15:13:01.762  2161  2225 I GuardianSystem: rsapi_PollEvent: rsEventPackageNameChange: com.YourCompany.ToysGame
05-06 15:13:01.763  2150  5361 W TimeWarp: WarpToScreen: No completed frames to display for client 0. submittedFrameIndex = 1038
05-06 15:13:01.764  1059  1615 I ActivityManager: Process com.oculus.vrshell.home:library (pid 5520) has died
05-06 15:13:01.764  5206  5223 D UE4     : [2020.05.06-13.13.01:764][  0]LogOcInput: OculusInput is initialized
05-06 15:13:01.764  1059  1615 D ActivityManager: cleanUpApplicationRecord -- 5520
05-06 15:13:01.764  5206  5223 D UE4     : [2020.05.06-13.13.01:764][  0]LogHMD: FSplash::OnHide
05-06 15:13:01.766  1842  1917 I [OAR] AudioMixer: Waiting for sound effect to complete
05-06 15:13:01.768  5206  5477 D UE4     : *** JavaEnvDestructor: 5477
05-06 15:13:01.769  5206  5476 D UE4     : *** JavaEnvDestructor: 5476
05-06 15:13:01.770  5206  5223 D UE4     : [2020.05.06-13.13.01:770][  0]LogAndroid: Display: Low Power Mode Changed: 0
05-06 15:13:01.774  2119  2343 E Security-LocalReporter: UID '10043' is shared by multiple packages: [com.oculus.home, com.oculus.horizon]
05-06 15:13:01.777   545   594 D msm8974_platform: platform_split_snd_device: snd_device(2) new_snd_devices (speaker)
05-06 15:13:01.777  2150  5361 W TimeWarp: WarpToScreen: No completed frames to display for client 0. submittedFrameIndex = 1038
05-06 15:13:01.777   545   594 D ACDB-LOADER: ACDB -> send_audvoltable
05-06 15:13:01.777   545   594 D ACDB-LOADER: ACDB -> ACDB_CMD_GET_AUDPROC_GAIN_DEP_STEP_TABLE, vol index 3
05-06 15:13:01.777   545   594 D         : Failed to fetch the lookup information of the device 0000000F 
05-06 15:13:01.777   545   594 E ACDB-LOADER: Error: ACDB AudProc vol returned = -19
05-06 15:13:01.777   545   594 D ACDB-LOADER: ACDB -> AUDIO_SET_VOL_CAL cal type = 40
05-06 15:13:01.778  2119  2135 I LibraryProvider: running queryApp(com.YourCompany.ToysGame) for com.oculus.uid:10043
05-06 15:13:01.778  5206  5609 D UE4     : *** JavaEnvDestructor: 5609
05-06 15:13:01.778  2119  2135 W LibraryProvider: Cannot find entitlement for com.YourCompany.ToysGame
05-06 15:13:01.779  5206  5608 D UE4     : *** JavaEnvDestructor: 5608
05-06 15:13:01.781  5206  5223 D UE4     : [2020.05.06-13.13.01:781][  0]LogHMD: Setting user focus to game viewport since session status is visible...
05-06 15:13:01.781  5206  5223 D OVRPlugin: User present: 1
05-06 15:13:01.781  5206  5610 D UE4     : [2020.05.06-13.13.01:781][  0]LogRenderer: Reallocating scene render targets to support 1216x1344 Format 2 NumSamples 2 (Frame:2).
05-06 15:13:01.781  1789  1789 W OVRLibrary: null cursor received for query content://com.oculus.ocms.library/apps/com.YourCompany.ToysGame
05-06 15:13:01.781  5206  5610 D UE4     : [2020.05.06-13.13.01:781][  0]LogHMD: Allocating Oculus 38 x 42 variable resolution swapchain
05-06 15:13:01.785  5206  5223 D UE4     : [2020.05.06-13.13.01:785][  0]LogSlate: InvalidateAllWidgets triggered.  All widgets were invalidated
05-06 15:13:01.791  2150  5361 W TimeWarp: WarpToScreen: No completed frames to display for client 0. submittedFrameIndex = 1038
05-06 15:13:01.794  2119  2343 I LibraryProvider: running queryApp(com.oculus.vrshell.home) for com.oculus.uid:10043
05-06 15:13:01.795  2119  2343 W LibraryProvider: Cannot find entitlement for com.oculus.vrshell.home
05-06 15:13:01.795  1789  4607 W OVRLibrary: null cursor received for query content://com.oculus.ocms.library/apps/com.oculus.vrshell.home
05-06 15:13:01.802  2119  2229 E Security-LocalReporter: UID '10043' is shared by multiple packages: [com.oculus.home, com.oculus.horizon]
05-06 15:13:01.805  2150  5361 W TimeWarp: WarpToScreen: No completed frames to display for client 0. submittedFrameIndex = 1038
05-06 15:13:01.812  2119  2229 I LibraryProvider: running queryApp(com.YourCompany.ToysGame) for com.oculus.uid:10043
05-06 15:13:01.812  2119  2229 W LibraryProvider: Cannot find entitlement for com.YourCompany.ToysGame
05-06 15:13:01.812  1789  1789 W OVRLibrary: null cursor received for query content://com.oculus.ocms.library/apps/com.YourCompany.ToysGame
05-06 15:13:01.813  1789  1789 I PlatformPluginManager: onAppStart com.YourCompany.ToysGame false
05-06 15:13:01.813  1789  1789 I PlatformPluginManager: onAppStart - Stopping party chat passthrough
05-06 15:13:01.813  1789  1789 I PlatformPlugin: [PlatformPluginManager] SetSystemVoipPassthrough 0
05-06 15:13:01.813  1789  1789 I OVRPlatform: [PartyChatWebRTC] PartyChatSetPassthrough 0
05-06 15:13:01.813  1789  5290 I OVRPlatform: [PartyChatWebRTC] Updating playback mode to 1
05-06 15:13:01.813  1789  1789 I OVRPlatform: [PartiesAPI] ovr_Party_PluginGetSharedMemHandle: This function is deprecated, do not use
05-06 15:13:01.814  1789  1789 E OVRMediaServiceManager: LivestreamingManager Not initialized
05-06 15:13:01.815  1789  1789 I PlatformPluginManager: enforcePartyChatStateConsistency - got current party response: Party is null
05-06 15:13:01.815  1789  1789 I PlatformPluginManager: enforcePartyChatStateConsistency - User not in a party.
05-06 15:13:01.815  1789  1789 I PlatformPluginManager: stopPartyChat
05-06 15:13:01.815  1789  1789 I PlatformPlugin: [PlatformPluginManager] Stopping party chat
05-06 15:13:01.815  1789  1789 I OVRPlatform: [PartyChatInterchangeable] StopPartyChat
05-06 15:13:01.819  2150  5361 W TimeWarp: WarpToScreen: No completed frames to display for client 0. submittedFrameIndex = 1038
05-06 15:13:01.833  2150  5361 W TimeWarp: WarpToScreen: No completed frames to display for client 0. submittedFrameIndex = 1038
05-06 15:13:01.847  2150  5361 W TimeWarp: WarpToScreen: No completed frames to display for client 0. submittedFrameIndex = 1038
05-06 15:13:01.861  2150  5361 W TimeWarp: WarpToScreen: No completed frames to display for client 0. submittedFrameIndex = 1038
05-06 15:13:01.866  1842  1917 I [OAR] AudioEngine: Setting FadeNextBuffer
05-06 15:13:01.874  2150  5361 W TimeWarp: WarpToScreen: No completed frames to display for client 0. submittedFrameIndex = 1038
05-06 15:13:01.877  1842  5428 I [OAR] AudioEngine: Fading final buffer
05-06 15:13:01.889  2150  5361 W TimeWarp: WarpToScreen: No completed frames to display for client 0. submittedFrameIndex = 1038
05-06 15:13:01.891   709  5256 I [CT]    : boltlib: DSP utilization(%): 13
05-06 15:13:01.902  2150  5361 W TimeWarp: WarpToScreen: No completed frames to display for client 0. submittedFrameIndex = 1038
05-06 15:13:01.916  2150  5361 W TimeWarp: WarpToScreen: No completed frames to display for client 0. submittedFrameIndex = 1038
05-06 15:13:01.930  2150  5361 W TimeWarp: WarpToScreen: No completed frames to display for client 0. submittedFrameIndex = 1038
05-06 15:13:01.944  2150  5361 W TimeWarp: WarpToScreen: No completed frames to display for client 0. submittedFrameIndex = 1038
05-06 15:13:01.958  2150  5361 W TimeWarp: WarpToScreen: No completed frames to display for client 0. submittedFrameIndex = 1038
05-06 15:13:01.967  1842  1917 I [OAR] AudioEngine: Stopping player
05-06 15:13:01.970  1842  1917 W VrApi   : ovr_SubmitFrameInternal: FrameIndex discontinuity: Expected 9126, Received 9125
05-06 15:13:01.971  1842  1917 I [OAR] ModelDef: Destroying ModelFileModel .gltf.ovrscene
05-06 15:13:01.972  1842  1917 W [OAR] AudioMixer: StopWavFile: Couldn't find attached sound for clientId controllerp0xb362b000
05-06 15:13:01.972  1842  1917 I [OAR] ModelDef: Destroying ModelFileModel .gltf.ovrscene
05-06 15:13:01.972  1842  1917 W [OAR] AudioMixer: StopWavFile: Couldn't find attached sound for clientId controllerp0xb3267000
05-06 15:13:01.972  1842  1917 I GoCompatibility: GoCompatibility: vrapi_LeaveVrMode_Hooked()
05-06 15:13:01.972  1842  1917 I VrApi   : ---------- vrapi_LeaveVrMode [start] ----------
05-06 15:13:01.972  2150  5361 W TimeWarp: WarpToScreen: No completed frames to display for client 0. submittedFrameIndex = 1038
05-06 15:13:01.974  1842  1917 D VrApi   : targetSDKVersion 27
05-06 15:13:01.977  1842  1917 I VrRuntimeClient: DEVICE MODEL NUMBER = Quest
05-06 15:13:01.977  1842  1917 I VrRuntimeClient: DEVICE HARDWARE = monterey
05-06 15:13:01.977  1842  1917 I VrRuntimeClient: DEVICE BUILD NAME = user-602380.24900.0
05-06 15:13:01.977  1842  1917 I VrRuntimeClient: DEVICE BUILD TYPE = user
05-06 15:13:01.977  1842  1917 I VrRuntimeClient: DEVICE OS VERSION = 7.1.1
05-06 15:13:01.978  1842  1917 I VrRuntimeClient: VRRUNTIME VERSION = VRAPI_VERSION_BEGIN { 1.1.33.0-210938873-210938873 Apr 24 2020 16:11:35 Development } RELEASE
05-06 15:13:01.978  1842  1917 I VrRuntimeClient: API LOADER VERSION = 1.1.30.0
05-06 15:13:01.978  1842  1917 I VrRuntimeClient: VRDRIVER VERSION = 16.0.0.141.450
05-06 15:13:01.978  1842  1917 I VrRuntimeClient: APP NAME = Oculus App Runtime
05-06 15:13:01.978  1842  1917 I VrRuntimeClient: APP VERSION = 16.0.0.139.450 versionCode 210946745 internalVersionName 16.0.0.139.450.670c400f6e52 2020_04_24_17_36
05-06 15:13:01.978  1842  1917 I VrRuntimeClient: APP VR TYPE = vr_only
05-06 15:13:01.978  1842  1917 I VrRuntimeClient: APP PACKAGE NAME = com.oculus.vrshell
05-06 15:13:01.978  1842  1917 I VrRuntimeClient: APP ACTIVITY CLASS = com.oculus.vrshell.MainActivity
05-06 15:13:01.978  1842  1917 D BatteryReceiver: Unregistering battery receiver
05-06 15:13:01.979  1789  1789 I PlatformPluginManager: enforcePartyChatStateConsistency - got current party response: Party is null
05-06 15:13:01.979  1789  1789 I PlatformPluginManager: enforcePartyChatStateConsistency - User not in a party.
05-06 15:13:01.979  1789  1789 I PlatformPluginManager: stopPartyChat
05-06 15:13:01.979  1789  1789 I PlatformPlugin: [PlatformPluginManager] Stopping party chat
05-06 15:13:01.979  1789  1789 I OVRPlatform: [PartyChatInterchangeable] StopPartyChat
05-06 15:13:01.986  2150  5361 W TimeWarp: WarpToScreen: No completed frames to display for client 0. submittedFrameIndex = 1038
05-06 15:13:01.987  1842  5427 I VrApi   : FPS=72,Prd=45ms,Tear=0,Early=72,Stale=0,VSnc=1,Lat=1,Fov=0,CPU4/GPU=4/4,2304/670MHz,OC=FF,TA=0/3/0,SP=N/N/N,Mem=1804MHz,Free=1418MB,PSM=0,PLS=0,Temp=30.0C/0.0C,TW=1.80ms,App=5.86ms,GD=0.00ms,CPU&GPU=9.28ms,LCnt=3,GPU%=0.53,CPU%=0.13(W0.19),DSF=1.00
05-06 15:13:01.987  1842  1917 I VrApi   : OVR::Stats thread stopped
05-06 15:13:01.988  1842  1917 I InputDeviceManager: ovrInputDeviceManager::Shutdown
05-06 15:13:01.998  1842  5426 I InputHooks_Internal: InputHooksThreadRun ShutdownRequest received
05-06 15:13:01.998  1842  1917 D InputHooksJava: Disabling Java Input Hooks
05-06 15:13:02.000  2150  5361 W TimeWarp: WarpToScreen: No completed frames to display for client 0. submittedFrameIndex = 1038
05-06 15:13:02.001  2150  3223 D VrRuntimeService: this client: 1842:com.oculus.vrshell
05-06 15:13:02.001  2150  3223 D VrRuntimeService: enableRendering: clientWindow: null enable: false
05-06 15:13:02.001  2150  3223 I ClientMgr: ClientMgr::EnableRendering 1842:com.oculus.vrshell : type 0 : disable
05-06 15:13:02.001  1842  5444 I VrRuntimeClient: FenceChecker::MainLoop - ended
05-06 15:13:02.002  1842  1917 I BufferObject: ovrBufferObjectFactory::Unimport deleting GL buffer=375
05-06 15:13:02.002  1842  1917 I BufferObject: ovrBufferObjectFactory::Unimport deleting GL memory object=37
05-06 15:13:02.002  1842  1917 I TrackingServiceClient: OVR::TrackingService::ClientSetInterface
05-06 15:13:02.002  1842  1917 D TrackingServiceClient: onClientDisconnect
05-06 15:13:02.002  1842  1917 D TrackingServiceConnectionNative: onClientDisconnect
05-06 15:13:02.002   709   709 I TrackingService: Unregistering client by ITrackingService.unregisterClient
05-06 15:13:02.002   709   709 I TrackingService: TrackingServiceHost Unregistering client: pid 1842
05-06 15:13:02.002  1842  1917 D BinderConnection: Disconnecting from TrackingService service
05-06 15:13:02.003  1842  1917 D TrackingServiceConnectionNative: onDisconnected
05-06 15:13:02.003  1842  1917 D TrackingServiceClient: TrackingServiceConnection mConnectedRemotes.clear()
05-06 15:13:02.003  1842  1917 I TrackingServiceClient: OVR::TrackingService::ClientSetInterface
05-06 15:13:02.003  1842  1917 I VrApi   : ---------- vrapi_LeaveVrMode [end] ----------
05-06 15:13:02.003  1842  1917 I [OAR] ShellFrameAnalytics: ShellFrame frameFunction: 37052us/15586159us, trace: 0us/2us, process commands: 12096us/133732us, system update: 2282us/30011us, render 356us/18433us, post render 0us/2us
05-06 15:13:02.004  1842  1917 I [OAR] ShellApp: 0xcb53e358 msg: surfaceDestroyed 0xda1bf008
05-06 15:13:02.012  2150  2334 I ClientMgr: Non-overlay clients rendering status has changed: prev=30, curr=31, enabled=1
05-06 15:13:02.014  2150  5361 W TimeWarp: WarpToScreen: No completed frames to display for client 0. submittedFrameIndex = 1038
05-06 15:13:02.026  5206  5610 D UE4     : [2020.05.06-13.13.02:026][  0]LogRenderer: Reallocating scene render targets to support 128x128 Format 2 NumSamples 4 (Frame:2).
05-06 15:13:02.028  2150  5361 W TimeWarp: WarpToScreen: No completed frames to display for client 0. submittedFrameIndex = 1038
05-06 15:13:02.042  2150  5361 W TimeWarp: WarpToScreen: No completed frames to display for client 0. submittedFrameIndex = 1038
05-06 15:13:02.048  5206  5610 D UE4     : Ensure condition failed: Layout == VK_IMAGE_LAYOUT_SHARED_PRESENT_KHR || Layout == VK_IMAGE_LAYOUT_DEPTH_READ_ONLY_STENCIL_ATTACHMENT_OPTIMAL || Layout == VK_IMAGE_LAYOUT_DEPTH_ATTACHMENT_STENCIL_READ_ONLY_OPTIMAL || Layout == VK_IMAGE_LAYOUT_DEPTH_STENCIL_READ_ONLY_OPTIMAL || Layout == VK_IMAGE_LAYOUT_SHADER_READ_ONLY_OPTIMAL || Layout == VK_IMAGE_LAYOUT_GENERAL [File:D:/Build/++UE4/Sync/Engine/Source/Runtime/VulkanRHI/Private/VulkanDescriptorSets.h] [Line: 1103] 
05-06 15:13:02.048  5206  5610 D UE4     : Invalid Layout 0, Index 2, Type 1
05-06 15:13:02.048  5206  5610 D UE4     : 
05-06 15:13:02.056  2150  5361 W TimeWarp: WarpToScreen: No completed frames to display for client 0. submittedFrameIndex = 1038
05-06 15:13:02.057  5206  5610 D UE4     : [2020.05.06-13.13.02:057][  0]LogStats: FPlatformStackWalk::StackWalkAndDump -  0.009 s
05-06 15:13:02.057  5206  5610 D UE4     : [2020.05.06-13.13.02:057][  0]LogOutputDevice: Error: === Handled ensure: ===
05-06 15:13:02.057  5206  5610 D UE4     : [2020.05.06-13.13.02:057][  0]LogOutputDevice: Error: 
05-06 15:13:02.057  5206  5610 D UE4     : [2020.05.06-13.13.02:057][  0]LogOutputDevice: Error: Ensure condition failed: Layout == VK_IMAGE_LAYOUT_SHARED_PRESENT_KHR || Layout == VK_IMAGE_LAYOUT_DEPTH_READ_ONLY_STENCIL_ATTACHMENT_OPTIMAL || Layout == VK_IMAGE_LAYOUT_DEPTH_ATTACHMENT_STENCIL_READ_ONLY_OPTIMAL || Layout == VK_IMAGE_LAYOUT_DEPTH_STENCIL_READ_ONLY_OPTIMAL || Layout == VK_IMAGE_LAYOUT_SHADER_READ_ONLY_OPTIMAL || Layout == VK_IMAGE_LAYOUT_GENERAL [File:D:/Build/++UE4/Sync/Engine/Source/Runtime/VulkanRHI/Private/VulkanDescriptorSets.h] [Line: 1103]
05-06 15:13:02.057  5206  5610 D UE4     : [2020.05.06-13.13.02:057][  0]LogOutputDevice: Error: Invalid Layout 0, Index 2, Type 1
05-06 15:13:02.057  5206  5610 D UE4     : [2020.05.06-13.13.02:057][  0]LogOutputDevice: Error: 
05-06 15:13:02.057  5206  5610 D UE4     : [2020.05.06-13.13.02:057][  0]LogOutputDevice: Error: Stack: 
05-06 15:13:02.057  5206  5610 D UE4     : [2020.05.06-13.13.02:057][  0]LogOutputDevice: Error: [Callstack] 0x0000007F7C580460 libUE4.so(0x0000000008C03460)!bool FVulkanDescriptorSetWriter::WriteTextureView<(VkDescriptorType)2>(unsigned int, FVulkanTextureView const&, VkImageLayout)::{lambda()#1}::operator()() const  []
05-06 15:13:02.057  5206  5610 D UE4     : [2020.05.06-13.13.02:057][  0]LogOutputDevice: Error: [Callstack] 0x0000007F782840B4 libUE4.so(0x00000000049070B4)!bool FVulkanDescriptorSetWriter::WriteTextureView<(VkDescriptorType)2>(unsigned int, FVulkanTextureView const&, VkImageLayout)  []
05-06 15:13:02.057  5206  5610 D UE4     : [2020.05.06-13.13.02:057][  0]LogOutputDevice: Error: [Callstack] 0x0000007F78267784 libUE4.so(0x00000000048EA784)!FVulkanCommandListContext::RHISetShaderTexture(FRHIPixelShader*, unsigned int, FRHITexture*)  []
05-06 15:13:02.057  5206  5610 D UE4     : [2020.05.06-13.13.02:057][  0]LogOutputDevice: Error: [Callstack] 0x0000007F79A5300C libUE4.so(0x00000000060D600C)!FCopySceneColorToCubeFacePS::SetParameters(FRHICommandList&, FViewInfo const&, bool, bool, FLinearColor const&)  []
05-06 15:13:02.057  5206  5610 D UE4     : [2020.05.06-13.13.02:057][  0]LogOutputDevice: Error: [Callstack] 0x0000007F79A52D40 libUE4.so(0x00000000060D5D40)!CaptureSceneToScratchCubemap(FRHICommandListImmediate&, FSceneRenderer*, ECubeFace, int, bool, bool, FLinearColor const&)  []
05-06 15:13:02.057  5206  5610 D UE4     : [2020.05.06-13.13.02:057][  0]LogOutputDevice: Error: [Callstack] 0x0000007F79AA84C8 libUE4.so(0x000000000612B4C8)![Unknown]()  []
05-06 15:13:02.057  5206  5610 D UE4     : [2020.05.06-13.13.02:057][  0]LogOutputDevice: Error: [Callstack] 0x0000007F7833EE0C libUE4.so(0x00000000049C1E0C)!FNamedTaskThread::ProcessTasksNamedThread(int, bool)  []
05-06 15:13:02.057  5206  5610 D UE4     : [2020.05.06-13.13.02:057][  0]LogOutputDevice: Error: [Callstack] 0x0000007F7833DD60 libUE4.so(0x00000000049C0D60)!FNamedTaskThread::ProcessTasksUntilQuit(int)  []
05-06 15:13:02.057  5206  5610 D UE4     : [2020.05.06-13.13.02:057][  0]LogOutputDevice: Error: [Callstack] 0x0000007F79366B34 libUE4.so(0x00000000059E9B34)!RenderingThreadMain(FEvent*)  []
05-06 15:13:02.057  5206  5610 D UE4     : [2020.05.06-13.13.02:057][  0]LogOutputDevice: Error: [Callstack] 0x0000007F793B5BB4 libUE4.so(0x0000000005A38BB4)!FRenderingThread::Run()  []
05-06 15:13:02.057  5206  5610 D UE4     : [2020.05.06-13.13.02:057][  0]LogOutputDevice: Error: [Callstack] 0x0000007F783D6BD4 libUE4.so(0x0000000004A59BD4)!FRunnableThreadPThread::Run()  []
05-06 15:13:02.058  5206  5610 D UE4     : [2020.05.06-13.13.02:058][  0]LogOutputDevice: Error: [Callstack] 0x0000007F78339FF4 libUE4.so(0x00000000049BCFF4)!FRunnableThreadPThread::_ThreadProc(void*)  []
05-06 15:13:02.058  5206  5610 D UE4     : [2020.05.06-13.13.02:058][  0]LogOutputDevice: Error: [Callstack] 0x0000007F9CD86458 libc.so(0x0000000000076458)![Unknown]()  []
05-06 15:13:02.058  5206  5610 D UE4     : [2020.05.06-13.13.02:058][  0]LogOutputDevice: Error: [Callstack] 0x0000007F9CD2E208 libc.so(0x000000000001E208)![Unknown]()  []
05-06 15:13:02.058  5206  5610 D UE4     : [2020.05.06-13.13.02:058][  0]LogOutputDevice: Error: 
05-06 15:13:02.058  5206  5610 D UE4     : [2020.05.06-13.13.02:058][  0]LogStats:                SubmitErrorReport -  0.000 s
05-06 15:13:02.058  5206  5610 D UE4     : [2020.05.06-13.13.02:058][  0]LogStats:                    SendNewReport -  0.000 s
05-06 15:13:02.058  5206  5610 D UE4     : [2020.05.06-13.13.02:058][  0]LogStats:             FDebug::EnsureFailed -  0.010 s
05-06 15:13:02.069  2150  5361 W TimeWarp: WarpToScreen: No completed frames to display for client 0. submittedFrameIndex = 1038
05-06 15:13:02.083  2150  5361 W TimeWarp: WarpToScreen: No completed frames to display for client 0. submittedFrameIndex = 1038
05-06 15:13:02.097  2150  5361 W TimeWarp: WarpToScreen: No completed frames to display for client 0. submittedFrameIndex = 1038
05-06 15:13:02.111  2150  5361 W TimeWarp: WarpToScreen: No completed frames to display for client 0. submittedFrameIndex = 1038
05-06 15:13:02.125  2150  5361 W TimeWarp: WarpToScreen: No completed frames to display for client 0. submittedFrameIndex = 1038
05-06 15:13:02.139  2150  5361 W TimeWarp: WarpToScreen: No completed frames to display for client 0. submittedFrameIndex = 1038
05-06 15:13:02.141   709  5333 I [CT]    : VIPER:MAP_MANAGER: State: TRACKING_PERSISTENT, UUID=d18585e8-d288-4997-b6ff-78495c7eed6a, Num. Persistent maps = 1,  Persistent maps:d18585e8-d288-4997-b6ff-78495c7eed6a,, Ser. Disabled = 00000000-0000-0000-0000-000000000000
05-06 15:13:02.153  2150  5361 W TimeWarp: WarpToScreen: No completed frames to display for client 0. submittedFrameIndex = 1038
05-06 15:13:02.167  2150  5361 W TimeWarp: WarpToScreen: No completed frames to display for client 0. submittedFrameIndex = 1038
05-06 15:13:02.180   709  5333 I [CT]    : VIPER: Status=6DoF,TRACKING,KF=181,Inl=181,Pts=329,Jit=0.2mm,Issues(Cam/min=3.3,IMU/min=0.0),Exp=(8.4ms,g=10.0,I=74)(5.4ms,g=4.0,I=66)(8.4ms,g=10.0,I=61)(6.8ms,g=9.0,I=68)
05-06 15:13:02.181  2150  5361 W TimeWarp: WarpToScreen: No completed frames to display for client 0. submittedFrameIndex = 1038
05-06 15:13:02.194  5206  5610 D UE4     : [2020.05.06-13.13.02:194][  0]LogRenderer: Reallocating scene render targets to support 1216x1344 Format 2 NumSamples 4 (Frame:3).
05-06 15:13:02.195  2150  5361 W TimeWarp: WarpToScreen: No completed frames to display for client 0. submittedFrameIndex = 1038
05-06 15:13:02.209  2150  5361 W TimeWarp: WarpToScreen: No completed frames to display for client 0. submittedFrameIndex = 1038
05-06 15:13:02.223  2150  5361 W TimeWarp: WarpToScreen: No completed frames to display for client 0. submittedFrameIndex = 1038
05-06 15:13:02.237  2150  5361 W TimeWarp: WarpToScreen: No completed frames to display for client 0. submittedFrameIndex = 1038
05-06 15:13:02.239   709  5304 I [CT]    : L:Behavior:AtRest: deactivated
05-06 15:13:02.239   709  5304 I [CT]    : AdHocPatch: [Left] t = 18.419s, behavior transition: AtRest -> None at 18.467s
05-06 15:13:02.249   709  5304 I [CT]    : L:Behavior:AtRest: activated
05-06 15:13:02.249   709  5304 I [CT]    : AdHocPatch: [Left] t = 18.429s, behavior transition: None -> AtRest at 18.477s
05-06 15:13:02.251  2150  5361 W TimeWarp: WarpToScreen: No completed frames to display for client 0. submittedFrameIndex = 1038
05-06 15:13:02.264  2150  5361 W TimeWarp: WarpToScreen: No completed frames to display for client 0. submittedFrameIndex = 1038
05-06 15:13:02.278  2150  5361 W TimeWarp: WarpToScreen: No completed frames to display for client 0. submittedFrameIndex = 1038
05-06 15:13:02.285   709  5304 I [CT]    : L:Behavior:AtRest: deactivated
05-06 15:13:02.286   709  5304 I [CT]    : AdHocPatch: [Left] t = 18.465s, behavior transition: AtRest -> None at 18.513s
05-06 15:13:02.292  2150  5361 W TimeWarp: WarpToScreen: No completed frames to display for client 0. submittedFrameIndex = 1038
05-06 15:13:02.306  2150  5361 W TimeWarp: WarpToScreen: No completed frames to display for client 0. submittedFrameIndex = 1038
05-06 15:13:02.320  2150  5361 W TimeWarp: WarpToScreen: No completed frames to display for client 0. submittedFrameIndex = 1038
05-06 15:13:02.334  2150  5361 W TimeWarp: WarpToScreen: No completed frames to display for client 0. submittedFrameIndex = 1038
05-06 15:13:02.348  2150  5361 W TimeWarp: WarpToScreen: No completed frames to display for client 0. submittedFrameIndex = 1038
05-06 15:13:02.362  2150  5361 W TimeWarp: WarpToScreen: No completed frames to display for client 0. submittedFrameIndex = 1038
05-06 15:13:02.376  2150  5361 W TimeWarp: WarpToScreen: No completed frames to display for client 0. submittedFrameIndex = 1038
05-06 15:13:02.388  5206  5223 D UE4     : [2020.05.06-13.13.02:388][  0]LogSlate: Slate font cache was flushed
05-06 15:13:02.390  2150  5361 W TimeWarp: WarpToScreen: No completed frames to display for client 0. submittedFrameIndex = 1038
05-06 15:13:02.391  2150  2178 I VrRuntimeService: nativeCreateTextureSwapChain api:vk 2 0x2b 1216 1344 1 3 2 0 15
05-06 15:13:02.404  2150  5361 W TimeWarp: WarpToScreen: No completed frames to display for client 0. submittedFrameIndex = 1038
05-06 15:13:02.409  2150  2178 I VrRuntimeServer: CreateTextureSwapChain: result importswapchaingles 1
05-06 15:13:02.412  5206  5610 D UE4     : [2020.05.06-13.13.02:412][  1]LogHMD: Allocating Oculus 1216 x 1344 rendertarget swapchain
05-06 15:13:02.418  2150  5361 W TimeWarp: WarpToScreen: No completed frames to display for client 0. submittedFrameIndex = 1038
05-06 15:13:02.422  5206  5611 D UE4     : *** JavaEnvDestructor: 5611
05-06 15:13:02.423  5206  5610 D UE4     : *** JavaEnvDestructor: 5610
05-06 15:13:02.426  2150  2455 I VrRuntimeService: nativeDestroyTextureSwapChain 142
05-06 15:13:02.426  5206  5614 D UE4     : [2020.05.06-13.13.02:426][  2]LogHMD: Allocating Oculus 38 x 42 variable resolution swapchain
05-06 15:13:02.430  5206  5614 W VrRuntimeClient: GetSamplerStateFromClientTexture: not currently supported for Vulkan.
05-06 15:13:02.430  5206  5614 I TrackingServiceClient: setting simple haptics, but not yet connected to socket, open connection...
05-06 15:13:02.431   709  3175 I TrackingService: virtual android::binder::Status OVR::OS::Tracking::TrackingService::getTrackingSocketFileDescriptor(android::os::ParcelFileDescriptor *)
05-06 15:13:02.431   709  3175 D TrackingService: haptic socket already exists
05-06 15:13:02.431  2150  5361 W TimeWarp: WarpToScreen: No completed frames to display for client 0. submittedFrameIndex = 1038
05-06 15:13:02.438  5206  5616 I VrRuntimeClient: FenceChecker::MainLoop - started
05-06 15:13:02.446  2150  5361 I TimeWarpProgs: loaded binary layerProgram 2:0x28087:0x0 in 0.7 ms
05-06 15:13:02.454  2150  5361 I Clocks  : SetSchedFifo( tid=5223, pri=1 ) succeeded
05-06 15:13:02.455  2150  5361 I Clocks  : SetSchedFifo( tid=5614, pri=1 ) succeeded
05-06 15:13:02.456  2150  5361 I Clocks  : SetSchedFifo( tid=5616, pri=1 ) succeeded
05-06 15:13:02.456  2150  5361 I Clocks  : SetSchedFifo( tid=2365, pri=1 ) succeeded
05-06 15:13:02.456  2150  5361 I TimeWarp: UpdateClockLevels: Apply pending clock request change: 4,4 -> 2,3
05-06 15:13:02.456  2150  5353 I Clocks  : ReleaseClocks - start
05-06 15:13:02.456   713  1227 D         : CPU_CLUSTER_0: No client requests exists, release clocks
05-06 15:13:02.457   713  1227 D         : CPU_CLUSTER_1: No client requests exists, release clocks
05-06 15:13:02.457   713  1227 D         : GPU: No client requests exists, release clocks
