--------- beginning of system
05-05 12:33:43.871  1079  1589 I ActivityManager: START u0 {flg=0x10000000 cmp=com.YourCompany.ToysGame/com.epicgames.ue4.GameActivity} from uid 2000 on display 0
05-05 12:33:43.889  1079  1589 I ActivityManager: Start proc 11576:com.YourCompany.ToysGame/u0a82 for activity com.YourCompany.ToysGame/com.epicgames.ue4.GameActivity
05-05 12:33:46.894  1079  1232 E TaskPersister: File error accessing recents directory (directory doesn't exist?).
05-05 12:33:57.781  1481 11626 W ContextImpl: Calling a method in the system process without a qualified user: android.app.ContextImpl.sendBroadcast:877 android.content.ContextWrapper.sendBroadcast:421 com.facebook.analytics2.logger.UploadServiceBus.signalJobRan:60 com.facebook.analytics2.logger.UploadJobHandler.exitStateMachine:267 com.facebook.analytics2.logger.UploadJobHandler.handleMessage:97 
05-05 12:34:18.181  1079  1605 I PowerManagerService: Waking up from sleep (uid 1000)...
05-05 12:34:18.182  1079  1134 I DisplayPowerController: Blocking screen on until initial contents have been drawn.
05-05 12:34:18.218  1079  1132 I DisplayManagerService: Display device changed state: "Built-in Screen", ON
05-05 12:34:18.524  1079  1134 I DisplayPowerController: Unblocked screen on after 342 ms
05-05 12:34:18.962  1481 11727 W ContextImpl: Calling a method in the system process without a qualified user: android.app.ContextImpl.sendBroadcast:877 android.content.ContextWrapper.sendBroadcast:421 com.facebook.analytics2.logger.UploadServiceBus.signalJobRan:60 com.facebook.analytics2.logger.UploadJobHandler.exitStateMachine:267 com.facebook.analytics2.logger.UploadJobHandler.handleMessage:97 
05-05 12:34:20.756  1079  1104 I ActivityManager: START u0 {act=android.intent.action.MAIN cat=[android.intent.category.LAUNCHER] flg=0x10000000 pkg=com.oculus.vrshell cmp=com.oculus.vrshell/.MainActivity (has extras)} from uid 10082 on display 0
--------- beginning of main
05-05 12:34:20.874  1782  1797 E Parcel  : Reading a NULL string not supported here.
05-05 12:34:20.877  1782  9968 E Parcel  : Reading a NULL string not supported here.
05-05 12:34:20.877  1782 10079 E Parcel  : Reading a NULL string not supported here.
05-05 12:34:20.879  1782  2896 E Parcel  : Reading a NULL string not supported here.
05-05 12:34:20.879  1782 11343 E Parcel  : Reading a NULL string not supported here.
05-05 12:34:20.880  1782  1966 E Parcel  : Reading a NULL string not supported here.
05-05 12:34:20.880  1782  1799 E Parcel  : Reading a NULL string not supported here.
05-05 12:34:20.882  1782 11343 D AudioRecord: updateAppOpsRecordAudio: checkOp OP_RECORD_AUDIO for com.oculus.horizon returns: 0 (ALLOWED)
05-05 12:34:20.887  1782  1799 D AudioRecord: updateAppOpsRecordAudio: checkOp OP_RECORD_AUDIO for com.oculus.horizon returns: 0 (ALLOWED)
05-05 12:34:20.887  1782  2896 D AudioRecord: updateAppOpsRecordAudio: checkOp OP_RECORD_AUDIO for com.oculus.horizon returns: 0 (ALLOWED)
05-05 12:34:20.896  1851  1851 D [OAR] MainActivity: onNewIntent()
05-05 12:34:20.897  1851  1914 I [OAR] ShellFrameAnalytics: ShellFrame frameFunction: 271840583us/297939570us, trace: 0us/2us, process commands: 0us/7588us, system update: 0us/53559us, render 0us/5438us, post render 0us/0us
05-05 12:34:20.897  1851  1914 I [OAR] ShellApp: 0xd398f358 msg: intent
05-05 12:34:20.897  1851  1914 I [OAR] SystemUXController: System UX, targetComponent = systemux://dialog/app_launch_blocked_controller_required?package_name=com.YourCompany.ToysGame&launch_immediately_after=true, uri = , returnComponent = 
05-05 12:34:20.897  1851  1914 I [OAR] DialogControllerManager: Dialog parsed URI, scheme = systemux, host = dialog, path = app_launch_blocked_controller_required
05-05 12:34:20.897  1851  1914 I [OAR] DialogControllerManager: Queuing pending dialog systemux://dialog/app_launch_blocked_controller_required?package_name=com.YourCompany.ToysGame&launch_immediately_after=true - command uri systemux://dialog/app_launch_blocked_controller_required?package_name=com.YourCompany.ToysGame&launch_immediately_after=true
05-05 12:34:20.897  1851  1914 I [OAR] SystemUXController: Registering pending Dialog launch for 2 - overwriting existing launch? false.
05-05 12:34:20.917  2131 11759 I Clocks  : SetSchedFifo( tid=11593, pri=0 ) succeeded
05-05 12:34:20.922 11576 11589 E Parcel  : Reading a NULL string not supported here.
05-05 12:34:20.923 11576 11589 D AudioTrack: updateAppOpsPlayAudio: checkOp OP_PLAY_AUDIO for com.YourCompany.ToysGame returns: 1 (IGNORED)
05-05 12:34:20.923 11576 11589 I AudioTrack: updateAppOpsPlayAudio: pausing audio thread
05-05 12:34:20.923 11576 11589 E Parcel  : Reading a NULL string not supported here.
05-05 12:34:20.924  1782  3040 E Parcel  : Reading a NULL string not supported here.
05-05 12:34:20.924  1782  2905 E Parcel  : Reading a NULL string not supported here.
05-05 12:34:20.924  1782  3040 E Parcel  : Reading a NULL string not supported here.
05-05 12:34:20.924  1782  3040 E Parcel  : Reading a NULL string not supported here.
05-05 12:34:20.924 11576 11589 D AudioTrack: updateAppOpsPlayAudio: checkOp OP_PLAY_AUDIO for com.YourCompany.ToysGame returns: 1 (IGNORED)
05-05 12:34:20.925 11576 11601 E Parcel  : Reading a NULL string not supported here.
05-05 12:34:20.926  1782 10079 E Parcel  : Reading a NULL string not supported here.
05-05 12:34:20.927  1782  9474 E Parcel  : Reading a NULL string not supported here.
05-05 12:34:20.928  1782  1966 E Parcel  : Reading a NULL string not supported here.
05-05 12:34:20.929  1782  1916 E Parcel  : Reading a NULL string not supported here.
05-05 12:34:20.929  1782  9968 E Parcel  : Reading a NULL string not supported here.
05-05 12:34:20.929  1782  2896 E Parcel  : Reading a NULL string not supported here.
05-05 12:34:20.929  1851  1851 D [OAR] MainActivity: onResume()
05-05 12:34:20.929  1782 11343 E Parcel  : Reading a NULL string not supported here.
05-05 12:34:20.930  1782  9968 D AudioRecord: updateAppOpsRecordAudio: checkOp OP_RECORD_AUDIO for com.oculus.horizon returns: 0 (ALLOWED)
05-05 12:34:20.930  1782 11343 D AudioRecord: updateAppOpsRecordAudio: checkOp OP_RECORD_AUDIO for com.oculus.horizon returns: 0 (ALLOWED)
05-05 12:34:20.933  2131 11759 I Clocks  : SetSchedFifo( tid=11799, pri=0 ) succeeded
05-05 12:34:20.933  1851  1914 I [OAR] ShellApp: 0xd398f358 msg: resume
05-05 12:34:20.934  2131 11759 I Clocks  : SetSchedFifo( tid=11810, pri=0 ) succeeded
05-05 12:34:20.935  1782  2896 D AudioRecord: updateAppOpsRecordAudio: checkOp OP_RECORD_AUDIO for com.oculus.horizon returns: 0 (ALLOWED)
05-05 12:34:20.936  2131 11759 I Clocks  : SetSchedFifo( tid=2399, pri=0 ) succeeded
05-05 12:34:20.937  2131 11759 I TimeWarp: Will tear: 0.020298
05-05 12:34:20.937  2131 11759 I TimeWarp: Will tear: 0.006492
05-05 12:34:20.944  2131  2282 I VrApi   : MakeNonblockingRequest blocked for 2.10ms
05-05 12:34:20.946  1851  1851 D [OAR] MainActivity: com.oculus.vrshell.MainActivity@c4e67d5 surfaceCreated()
05-05 12:34:20.947  1851  1851 I [OAR] ShellMain:     looperMessageQueue->PostPrintf("surfaceCreated 0xe263f008")
05-05 12:34:20.947  1851  1851 D [OAR] MainActivity: com.oculus.vrshell.MainActivity@c4e67d5 surfaceChanged() format: 4 width: 2880 height: 1600
05-05 12:34:20.947  1851  1851 I [OAR] ShellMain:     ANativeWindow_release(newNativeWindow)
05-05 12:34:20.947  1851  1914 I [OAR] ShellApp: 0xd398f358 msg: surfaceCreated 0xe263f008
05-05 12:34:20.947  1851  1914 I [OAR] ShellApp: ---------- ShellApp::EnterVrMode() ----------
05-05 12:34:20.947  1851  1914 I [OAR] VrPlatformVrApi: vrapi_EnterVrMode()
05-05 12:34:20.947  1851  1914 I VrApi   : ---------- vrapi_EnterVrMode [start] ----------
05-05 12:34:20.947  1851  1914 I VrRuntimeClient: Tracing is disabled
05-05 12:34:20.948  1851  1914 D VrApi   : targetSDKVersion 27
05-05 12:34:20.950  1851  1914 I VrRuntimeClient: DEVICE MODEL NUMBER = Quest
05-05 12:34:20.950  1851  1914 I VrRuntimeClient: DEVICE HARDWARE = monterey
05-05 12:34:20.950  1851  1914 I VrRuntimeClient: DEVICE BUILD NAME = user-602380.24900.0
05-05 12:34:20.950  1851  1914 I VrRuntimeClient: DEVICE BUILD TYPE = user
05-05 12:34:20.950  1851  1914 I VrRuntimeClient: DEVICE OS VERSION = 7.1.1
05-05 12:34:20.950  1851  1914 I VrRuntimeClient: VRRUNTIME VERSION = VRAPI_VERSION_BEGIN { 1.1.33.0-210938873-210938873 Apr 24 2020 16:11:35 Development } RELEASE
05-05 12:34:20.950  1851  1914 I VrRuntimeClient: API LOADER VERSION = 1.1.30.0
05-05 12:34:20.950  1851  1914 I VrRuntimeClient: VRDRIVER VERSION = 16.0.0.141.450
05-05 12:34:20.950  1851  1914 I VrRuntimeClient: APP NAME = Oculus App Runtime
05-05 12:34:20.950  1851  1914 I VrRuntimeClient: APP VERSION = 16.0.0.139.450 versionCode 210946745 internalVersionName 16.0.0.139.450.670c400f6e52 2020_04_24_17_36
05-05 12:34:20.950  1851  1914 I VrRuntimeClient: APP VR TYPE = vr_only
05-05 12:34:20.950  1851  1914 I VrRuntimeClient: APP PACKAGE NAME = com.oculus.vrshell
05-05 12:34:20.950  1851  1914 I VrRuntimeClient: APP ACTIVITY CLASS = com.oculus.vrshell.MainActivity
05-05 12:34:20.950  1851  1914 D BatteryReceiver: Registering battery receiver
05-05 12:34:20.952  2131 11759 I Vsync   : Vsync 175:  2 x 13.92 ms (71.82 Hz, at 8352.583)
05-05 12:34:20.952  1939  1939 D VrNotificationAnalytics: logNotificationPosted(invalid)
05-05 12:34:20.952  1851  1914 D HeadsetReceiver: getCurrentHeadsetState: false
05-05 12:34:20.952  1851  1914 I DeviceStatus_Android: nativeHeadsetEvent(0)
05-05 12:34:20.955  1939  1939 D [OAR] VrBroadcastReceiver: action: com.oculus.vrshell.intent.action.NOTIFICATION_WAKE
05-05 12:34:20.955  1851  1914 I VrRuntimeClient: DEADRECKONING SetControllerTrackingExtendedDeadreckoning 0
05-05 12:34:20.956  1851  1914 D InputHooksJava: Enabling Java Input Hooks
05-05 12:34:20.957  2121  2304 E Security-LocalReporter: UID '10043' is shared by multiple packages: [com.oculus.home, com.oculus.horizon]
05-05 12:34:20.958  1851  1914 I InputDeviceManager: ovrInputDeviceManager::Initialize
05-05 12:34:20.958  1851  1914 I InputDeviceManager: HANDTRACKING packagename is com.oculus.vrshell
05-05 12:34:20.959  1939  1939 D [OAR] VrNotificationService: VrNotificationService onStartCommand() Intent { cmp=com.oculus.vrshell/.VrNotificationService }
05-05 12:34:20.961  1934  1934 D [OAR] NotificationBroadcastReceiver: action: com.oculus.intent.action.NOTIF_CHANGE
05-05 12:34:20.961  1934  1934 D [OAR] AnytimeUINotifsBarView: onNotificationsChanged - skipped, detils bar not visible
05-05 12:34:20.966  1851  1914 W InputDeviceManager: HANDTRACKING: Deprecated Manifest Permission request for com.oculus.vrshell please update to 'com.oculus.permission.HAND_TRACKING'
05-05 12:34:20.968  1851  1914 I InputDeviceManager: HANDTRACKING: Manifest Permission request for com.oculus.vrshell
05-05 12:34:20.975  1851  1914 I InputDeviceManager: HANDTRACKING:  'com.oculus.vrshell' Is hands or controller.
05-05 12:34:20.975  1851  1914 I InputDeviceManager: HANDTRACKING: feature flag set to 2
05-05 12:34:20.975  1851  1914 I VrRuntimeClient: HANDTRACKING sethandmanifest 2
05-05 12:34:20.984  2131  2131 D VrRuntimeService: onFocusedWindowChanged: focusedWindowToken=android.os.BinderProxy@667555, focusedWindowUid=10028
05-05 12:34:20.984  2131  2131 W ClientMgr: ClientMgr::SetPrimaryCompositorClient: No active client
05-05 12:34:20.984  2131  2131 I VrRuntimeServer: SetCompositorClientEnabled client(0): enabled(0) 0x0
05-05 12:34:20.990  2121  2304 I LibraryProvider: running queryApp(com.YourCompany.ToysGame) for com.oculus.uid:10043
05-05 12:34:20.991  2121  2304 W LibraryProvider: Cannot find entitlement for com.YourCompany.ToysGame
05-05 12:34:20.992  1782  1782 W OVRLibrary: null cursor received for query content://com.oculus.ocms.library/apps/com.YourCompany.ToysGame
05-05 12:34:20.992  1782  1782 I PlatformPluginManager: onAppStart com.YourCompany.ToysGame false
05-05 12:34:20.994  1782  1782 I PlatformPluginManager: onAppStart - Stopping party chat passthrough
05-05 12:34:20.995  2131  2131 W ClientMgr: ClientMgr::SetFocusedClient: No focused client
05-05 12:34:20.995  2131  2131 I TimeWarp: ReleaseClockLevels
05-05 12:34:20.999  2131  3672 I ScreenCaptureBase: GlobalInhibitState=0
05-05 12:34:21.000  1851  1914 D TrackingServiceConnectionNative: onClientConnect
05-05 12:34:21.000  1851  1914 D BinderConnection: Connecting to TrackingService
05-05 12:34:21.003  1851  1914 D TrackingServiceConnectionNative: onConnected
05-05 12:34:21.003  1782  1782 I PlatformPlugin: [PlatformPluginManager] SetSystemVoipPassthrough 0
05-05 12:34:21.004  1782  1782 I OVRPlatform: [PartyChatWebRTC] PartyChatSetPassthrough 0
05-05 12:34:21.004   716   810 I TrackingService: TrackingService::getSharedMemoryFileDescriptor
05-05 12:34:21.004  1782 11712 I OVRPlatform: [PartyChatWebRTC] Updating playback mode to 1
05-05 12:34:21.004  1782  1782 I OVRPlatform: [PartiesAPI] ovr_Party_PluginGetSharedMemHandle: This function is deprecated, do not use
05-05 12:34:21.006  1851  1914 I TrackingServiceClient: OVR::TrackingService::ClientSetInterface
05-05 12:34:21.006  1851  1914 I TrackingServiceClient: TrackingService client: roFd(95)
05-05 12:34:21.006  1851  1914 I TrackingServiceClient: TrackingService client: connected to interface version 11.
05-05 12:34:21.006  1851  1914 I TrackingServiceClient: TrackingService client: last prediction time is 0.004817 seconds old
05-05 12:34:21.006  1851  1914 I TrackingServiceClient: TrackingService client: provided by pid=716
05-05 12:34:21.006   716  2717 I TrackingService: TrackingService::registerClient
05-05 12:34:21.006   716  2717 I TrackingService: Registering client with TrackingServiceHost
05-05 12:34:21.007  2131 11759 I TimeWarp: UpdateClockLevels: Force releasing clocks
05-05 12:34:21.008  2131 11759 I TimeWarp: UpdateClockLevels: Apply pending clock request change: 2,3 -> -1,-1
05-05 12:34:21.008  2131 11754 I Clocks  : ReleaseClocks - start
05-05 12:34:21.009  1782  1782 E OVRMediaServiceManager: LivestreamingManager Not initialized
05-05 12:34:21.011   716  2717 I TrackingService: Notifying client pid 1851 of new remote 3a76c3e46c301ef4
05-05 12:34:21.012  1851  1914 D TrackingServiceClient: TrackingServiceClient onRemoteConnected 3a76c3e46c301ef4
05-05 12:34:21.012   716  2717 I TrackingService: Notifying client pid 1851 of new remote 6b7cbd986a24c226
05-05 12:34:21.012   723  8184 D         : CPU_CLUSTER_0: No client requests exists, release clocks
05-05 12:34:21.012   723  8184 D         : CPU_CLUSTER_1: No client requests exists, release clocks
05-05 12:34:21.012   723  8184 D         : GPU: No client requests exists, release clocks
05-05 12:34:21.013   723  8184 D         : CPUBW: No client requests exists, release clocks
05-05 12:34:21.014  1851  1914 D TrackingServiceClient: TrackingServiceClient onRemoteConnected 6b7cbd986a24c226
05-05 12:34:21.014  2131 11754 I Clocks  : ReleaseClocks - end (6.6 ms)
05-05 12:34:21.015   716  2717 I TrackingService: TrackingServiceHost GetSharedMemoryFileDescriptor for client pid 1851
05-05 12:34:21.015   716  2717 I TrackingService: TrackingServiceHost registered common client; there are 0 secure clients
05-05 12:34:21.016  1851  1914 I TrackingServiceClient: ClientConnectComplete
05-05 12:34:21.016  1851  1914 I VrApi   : ovrModeParms::VRAPI_MODE_FLAG_RESET_WINDOW_FULLSCREEN = 1
05-05 12:34:21.016  1851  1914 I VrApi   : ovrModeParms::VRAPI_MODE_FLAG_NATIVE_WINDOW = 1
05-05 12:34:21.016  1851  1914 I VrApi   : ovrModeParms::VRAPI_MODE_FLAG_FRONT_BUFFER_PROTECTED = 0
05-05 12:34:21.016  1851  1914 I VrApi   : ovrModeParms::VRAPI_MODE_FLAG_FRONT_BUFFER_565 = 0
05-05 12:34:21.016  1851  1914 I VrApi   : ovrModeParms::VRAPI_MODE_FLAG_FRONT_BUFFER_SRGB = 1
05-05 12:34:21.016  1851  1914 I VrApi   : ovrModeParms::VRAPI_MODE_FLAG_CREATE_CONTEXT_NO_ERROR = 0
05-05 12:34:21.016  1851  1914 I VrApi   : HMD sensor attached.
05-05 12:34:21.017  1851  1914 I VrApi   : Client side frame sync enabled
05-05 12:34:21.018  2167  2183 W VrCastDeviceStore: There is no active cast device connected.
05-05 12:34:21.020  1851  1914 I DynamicClocks: cpu-freq(0): 979200Hz
05-05 12:34:21.020  1851  1914 I DynamicClocks: cpu-freq(1): 1344000Hz
05-05 12:34:21.020  1851  1914 I DynamicClocks: cpu-freq(2): 1651200Hz
05-05 12:34:21.020  1851  1914 I DynamicClocks: cpu-freq(3): 1958400Hz
05-05 12:34:21.020  1851  1914 I DynamicClocks: cpu-freq(4): 2304000Hz
05-05 12:34:21.021  1851  1914 I DynamicClocks: gpu-freq(0): 257000000Hz
05-05 12:34:21.021  1851  1914 I DynamicClocks: gpu-freq(1): 342000000Hz
05-05 12:34:21.021  1851  1914 I DynamicClocks: gpu-freq(2): 414000000Hz
05-05 12:34:21.021  1851  1914 I DynamicClocks: gpu-freq(3): 515000000Hz
05-05 12:34:21.021  1851  1914 I DynamicClocks: gpu-freq(4): 670000000Hz
05-05 12:34:21.021  1851  1914 I DynamicClocks: gpu-freq(5): 710000000Hz
05-05 12:34:21.021  1851  1914 D VrRuntimeClient: pokeGuardianUserServiceForThisClient: com.oculus.vrshell:10028
05-05 12:34:21.022  2131 11759 I TimeWarp: UpdateClockLevels: Apply pending clock request change: -1,-1 -> 2,3
05-05 12:34:21.023  2131 11754 I Clocks  : LockClocks( cpu=2, gpu=3 ) - start
05-05 12:34:21.030  2145  2145 D VrGuardianUserService: onStartCommandIntent { act=FOREGROUND_CLIENT cmp=com.oculus.systemdriver/com.oculus.vrguardianservice.VrGuardianUserService (has extras) }
05-05 12:34:21.031  2131 11754 I Clocks  : CPU levels [0, 4]
05-05 12:34:21.031  2131 11754 I Clocks  : GPU levels [0, 5]
05-05 12:34:21.032   723   830 D         : CPU_CLUSTER_0: Client 2131 sends freq request [21, 21]
05-05 12:34:21.032   723   830 D         : CPU_CLUSTER_0: Next Perf Level = (21, 21)
05-05 12:34:21.032   723   830 D         : CPU_CLUSTER_1: Client 2131 sends freq request [18, 18]
05-05 12:34:21.032   723   830 D         : CPU_CLUSTER_1: Next Perf Level = (18, 18)
05-05 12:34:21.032   723   830 D         : CPUBW: Client 2131 sends freq request [8, 11]
05-05 12:34:21.032   723   830 D         : CPUBW: Next Perf Level = (8, 11)
05-05 12:34:21.032   723   830 D         : GPU: Client 2131 sends freq request [4, 4]
05-05 12:34:21.032   723   830 D         : GPU: Next Perf Level = (4, 4)
05-05 12:34:21.032  2131 11754 I Clocks  : LockClocks( cpu=2, gpu=3 ) - end (9.4 ms)
05-05 12:34:21.033  1851  1914 D VrRuntimeClient: VrRuntimeClient: enableRendering: activity client
05-05 12:34:21.033  1851  1914 D VrRuntimeClient: VrRuntimeClient: enableRendering: Using clientWindow=android.os.BinderProxy@56ddf9f
05-05 12:34:21.034  1851  1851 D [OAR] ShellControlBroadcastReceiver: onReceive with MainActivity native pointer 3827709296, action com.oculus.systemactivities.LOCAL_STREAM_STATE_UPDATE
05-05 12:34:21.034  2131  2283 I ClientMgr: ClientMgr::SetPrimaryCompositorClient: com.oculus.vrshell
05-05 12:34:21.034  2131  2283 I VrRuntimeServer: SetCompositorClientEnabled client(0): enabled(1) 0x7f6465c010
05-05 12:34:21.034  2131  2283 I ClientMgr: ClientMgr::SetFocusedClient: com.oculus.vrshell type 0
05-05 12:34:21.034  2131  2283 D VrRuntimeService: this client: 1851:com.oculus.vrshell
05-05 12:34:21.034  2131  2283 D VrRuntimeService: enableRendering: clientWindow: android.os.BinderProxy@667555 enable: true
05-05 12:34:21.034  2131  2283 I ClientMgr: ClientMgr::EnableRendering 1851:com.oculus.vrshell : type 0 : enable
05-05 12:34:21.034  2131  2283 I VrRuntimeServer: SetCompositorClientEnabled client(0): enabled(1) 0x7f6465c010
05-05 12:34:21.034  2131  2283 I TimeWarp: CheckDebuggerConnected: debugger 0
05-05 12:34:21.035  1851  1914 I VrRuntimeClient: CreateWarp: ImportGles: Fd=64, BufferSize=4096, AllocSize=9028
05-05 12:34:21.035  1851  1914 I VrRuntimeClient: CreateWarp: ImportGles: bo.Gl.BufferId=335, bo.Gl.MemoryObject=24
05-05 12:34:21.035  2145  2191 I GuardianSystem: rsapi_PollEvent: rsEventPackageNameChange: com.oculus.vrshell
05-05 12:34:21.036  2145  2191 I GuardianSystem: SetCurrentPackageName: com.oculus.vrshell, previous PackageName: com.YourCompany.ToysGame
05-05 12:34:21.040  2131  2282 I ClientMgr: Non-overlay clients rendering status has changed: prev=77, curr=78, enabled=6
05-05 12:34:21.041  1851  1914 I ScreenCaptureHelper: Advertising com.oculus.vrshell as streamable
05-05 12:34:21.042  2131 11759 W TimeWarp: WarpToScreen: No completed frames to display for client 0. submittedFrameIndex = 1
05-05 12:34:21.044  1851  1914 I VrApi   : OVR::Stats thread started
05-05 12:34:21.044  1851  1914 I VrApi   : ---------- vrapi_EnterVrMode [end] ----------
05-05 12:34:21.044  1851  1914 I ClientInputSettings: SetInhibitHandleHomeKey = true
05-05 12:34:21.044  1851  1914 I ClientInputSettings: InhibitConfirmQuitMenu = true
05-05 12:34:21.044  1851  1914 I ClientInputSettings: ReorientHMDOnControllerRecenter = true
05-05 12:34:21.044  1851  1914 I [OAR] ShellApp: Setting clock levels to cpu=2, gpu=4
05-05 12:34:21.044  1851  1914 I [OAR] VrPlatformVrApi: Setting perf thread tids to main=1914, render=unset
05-05 12:34:21.044  1851  1914 I [OAR] ShellApp: Setting perf thread tids to main=1914, render=unset
05-05 12:34:21.044  1851  1914 I [OAR] Compositor: Initializing Compositor: 1216x1344
05-05 12:34:21.044  1851  1914 I [OAR] ShellApp: FramebufferIsSrgb: true
05-05 12:34:21.044  1851  1914 I ScreenCaptureHelper: SetScreenCaptureInhibitFlag : inhibited
05-05 12:34:21.044  2131  2159 I ScreenCaptureBase: GlobalInhibitState=0
05-05 12:34:21.044  1851  1914 I [OAR] PlatformManager: Resuming live stream
05-05 12:34:21.047  1851  1914 I libOpenSLES: Emulating old channel mask behavior (ignoring positional mask 0x3, using default mask 0x3 based on channel count of 2)
05-05 12:34:21.048   549   606 I AudioPolicyManagerCustom: offload disabled by audio.offload.disable=1
05-05 12:34:21.048   549   606 I AudioPolicyManagerCustom: Direct PCM is disabled for this request
05-05 12:34:21.054  2131  2282 I ClientMgr: DEADRECKONING deadReckoning mode on ClientMgr from server is 0
05-05 12:34:21.056  2131 11759 W TimeWarp: WarpToScreen: No completed frames to display for client 0. submittedFrameIndex = 1
05-05 12:34:21.056  1851 11814 D VrApi   : targetSDKVersion 27
05-05 12:34:21.056   549   606 W AudioFlinger: createTrack_l(): mismatch between requested flags (00000104) and output flags (00000006)
05-05 12:34:21.058  1851  1914 D AudioTrack: Client defaulted notificationFrames to 192 for frameCount 384
05-05 12:34:21.060  2121  2211 E Security-LocalReporter: UID '10043' is shared by multiple packages: [com.oculus.home, com.oculus.horizon]
05-05 12:34:21.061  1851 11814 I JniUtils: ovr_GetCurrentPackageSignature 
05-05 12:34:21.064  1851 11814 I Metrics : device name = Oculus Quest
05-05 12:34:21.065  1851  2461 I OVRPlatform: [QueueAsyncResponseHandler] success: {"livestreaming_enabled":false,"is_paused":false,"livestreaming_type":0,"comments_visible":false,"mic_enabled":true}
05-05 12:34:21.066  1851 11814 I InputDevice_Hand: ovrInputDevice_Hand::HandState ovrInputDevice_Hand::GetDeviceStats 
05-05 12:34:21.066  1851 11814 I InputDevice_Hand: ovrInputDevice_Hand::HandState ovrInputDevice_Hand::GetDeviceStats 
05-05 12:34:21.068  1851  1851 D [OAR] ShellControlBroadcastReceiver: onReceive with MainActivity native pointer 3827709296, action com.oculus.systemactivities.LOCAL_STREAM_STATE_UPDATE
05-05 12:34:21.069  1851  1914 D AudioTrack: updateAppOpsPlayAudio: checkOp OP_PLAY_AUDIO for com.oculus.vrshell returns: 0 (ALLOWED)
05-05 12:34:21.069  2131 11759 W TimeWarp: WarpToScreen: No completed frames to display for client 0. submittedFrameIndex = 1
05-05 12:34:21.073   549   588 W AudioFlinger: checkEffectCompatibility_l(): non HW effect Volume listener for Music on playback thread in fast mode
05-05 12:34:21.073   549   588 E AudioEffect: set(): AudioFlinger could not create effect, status: -22
05-05 12:34:21.073   549   588 E AudioPolicyEffects: addOutputSessionEffects(): failed to create Fx  music_helper on session 769
05-05 12:34:21.075  1851  1914 I [OAR] VrShellDesktopBase: Foreground desktop
05-05 12:34:21.075  1851  1914 I [OAR] VrShellDesktopBase: Foregrounding com.oculus.vrshell.home/com.oculus.vrshell.home.ExploreService:14
05-05 12:34:21.075  1851  1914 I [OAR] PanelAppHost: Panel app 14 (com.oculus.vrshell.home/com.oculus.vrshell.home.ExploreService) changing state from background to foreground
05-05 12:34:21.078  1851  1914 D [OAR] ShellApplication: notify OS to set com.oculus.vrshell.home/com.oculus.vrshell.home.ExploreService to FOREGROUND
05-05 12:34:21.083  2131 11759 W TimeWarp: WarpToScreen: No completed frames to display for client 0. submittedFrameIndex = 1
05-05 12:34:21.086  1851  1914 I [OAR] VrShellDesktopBase: Foregrounding: com.oculus.vrshell.home/com.oculus.vrshell.home.ExploreService
05-05 12:34:21.086  1851  1914 I [OAR] SystemUXController: Recentering for launch - SystemDialog, , 
05-05 12:34:21.086  1851  1914 I [OAR] LocalSpace: ResetNextFrame
05-05 12:34:21.090  2121  2211 I LibraryProvider: running queryApp(com.YourCompany.ToysGame) for com.oculus.uid:10043
05-05 12:34:21.090  2121  2211 W LibraryProvider: Cannot find entitlement for com.YourCompany.ToysGame
05-05 12:34:21.092  1851  1914 D [OAR] ShellApplication: Broadcast intent com.oculus.assistant.ASSISTANT_PANEL_AVAILABILITY status: 2, mode: 1
05-05 12:34:21.093  1782  1782 W OVRLibrary: null cursor received for query content://com.oculus.ocms.library/apps/com.YourCompany.ToysGame
05-05 12:34:21.093  1851  1914 D [OAR] ShellApplication: Broadcast intent com.oculus.assistant.ASSISTANT_PANEL_AVAILABILITY status: 1, mode: 1
05-05 12:34:21.093  1851  1914 I [OAR] ShellApp: 0xd398f358 msg: broadcastIntent:
05-05 12:34:21.093  1851  1914 I [OAR] ShellApp: is_capture_running = 0
05-05 12:34:21.093  1851  1914 I [OAR] ShellApp: intent_action = com.oculus.systemactivities.LOCAL_STREAM_STATE_UPDATE
05-05 12:34:21.093  1851  1914 I [OAR] SystemUXController: OnLocalStreamChanged, enabled?=0
05-05 12:34:21.093  1851  1914 I [OAR] ShellApp: 0xd398f358 msg: broadcastIntent:
05-05 12:34:21.093  1851  1914 I [OAR] ShellApp: is_capture_running = 0
05-05 12:34:21.093  1851  1914 I [OAR] ShellApp: intent_action = com.oculus.systemactivities.LOCAL_STREAM_STATE_UPDATE
05-05 12:34:21.093  1851  1914 I [OAR] SystemUXController: OnLocalStreamChanged, enabled?=0
05-05 12:34:21.093  1851  1914 I [OAR] ShellApp: HMD Mount State Changed - mounted
05-05 12:34:21.093  1851  1914 I [OAR] VrShellDesktopBase: Foreground desktop
05-05 12:34:21.093  1851  1914 I [OAR] VrShellDesktopBase: Foregrounding com.oculus.vrshell.home/com.oculus.vrshell.home.ExploreService:14
05-05 12:34:21.093  1851  1914 I [OAR] VrShellDesktopBase: Foregrounding: com.oculus.vrshell.home/com.oculus.vrshell.home.ExploreService
05-05 12:34:21.093  1851  1914 I [OAR] SystemUXController: Recentering for launch - SystemDialog, , 
05-05 12:34:21.093  1851  1914 I [OAR] LocalSpace: ResetNextFrame
05-05 12:34:21.094  2145  2184 I GuardianSystem: Guardian: GuardianCmdWithParms 7, 1, 0.000000
05-05 12:34:21.094  1851  1914 I [OAR] InputManager: Adding hand deviceId = 536870922 type = 32
05-05 12:34:21.094  1851  1914 D VrRuntimeClient: loadDriverResource - resourceName: 'hand_left' 
05-05 12:34:21.097  1851  1914 I VrApi_Input: vrapi_GetMeshForHand_Internal: mesh->Header.Version = df000001 mesh->NumVertices = 1360 mesh->NumIndices = 6942
05-05 12:34:21.097  2131 11759 W TimeWarp: WarpToScreen: No completed frames to display for client 0. submittedFrameIndex = 1
05-05 12:34:21.098  1851  1914 I [OAR] ShaderCache: ShaderCache::ShaderCache()
05-05 12:34:21.098  1851  1914 I [OAR] ModelFile: LoadModelFileFromMemory pinchArrowBlend.gltf.ovrscene 12891
05-05 12:34:21.098  1851  1914 I [OAR] ModelFile: LoadModelFileFromMemory zfp = 0xbfd46c00
05-05 12:34:21.099  1851  1914 I [OAR] ModelFile_glTF: LoadModelFile_glTF_Json parsing pinchArrowBlend.gltf.ovrscene
05-05 12:34:21.100  1851  1914 I [OAR] ShaderCache: ShaderCache::compiling PBR shader for featureMask 576
05-05 12:34:21.105  1851 11815 I [OAR] AudioEngine: PlayTimeOffset = 8352.736669
05-05 12:34:21.106  1851  1914 I [OAR] InputManager: Adding hand deviceId = 536870923 type = 32
05-05 12:34:21.107  1851  1914 D VrRuntimeClient: loadDriverResource - resourceName: 'hand_right' 
05-05 12:34:21.110  1851  1914 I VrApi_Input: vrapi_GetMeshForHand_Internal: mesh->Header.Version = df000001 mesh->NumVertices = 1360 mesh->NumIndices = 6942
05-05 12:34:21.111  1851  1914 I [OAR] ShaderCache: ShaderCache::ShaderCache()
05-05 12:34:21.111  1851  1914 I [OAR] ModelFile: LoadModelFileFromMemory pinchArrowBlend.gltf.ovrscene 12891
05-05 12:34:21.111  1851  1914 I [OAR] ModelFile: LoadModelFileFromMemory zfp = 0xb8cff100
05-05 12:34:21.111  2131 11759 W TimeWarp: WarpToScreen: No completed frames to display for client 0. submittedFrameIndex = 1
05-05 12:34:21.112  1851  1914 I [OAR] ModelFile_glTF: LoadModelFile_glTF_Json parsing pinchArrowBlend.gltf.ovrscene
05-05 12:34:21.113  1851  1914 I [OAR] ShaderCache: ShaderCache::compiling PBR shader for featureMask 576
05-05 12:34:21.116  2121  2142 E Security-LocalReporter: UID '10043' is shared by multiple packages: [com.oculus.home, com.oculus.horizon]
05-05 12:34:21.119  1851  1914 I [OAR] InputManager: Switching Primary controller due to vrapi
05-05 12:34:21.119  1851  1914 I [OAR] InputManager: Secondary input source selection id=536870923
05-05 12:34:21.120  2145  2165 I GuardianSystem: Guardian: GuardianCmdWithParms 1, 0, 0.000000
05-05 12:34:21.121  1851  1914 I [OAR] RouteInput: New inputState.cursorTraceSource: 2
05-05 12:34:21.121  1851  1914 I [OAR] LocalSpace: Reset - initialRawFromLocalPose
05-05 12:34:21.121  1851  1914 I [OAR] LocalSpace: 	rotX: -0.175755
05-05 12:34:21.121  1851  1914 I [OAR] LocalSpace: 	rotY: 0.053130
05-05 12:34:21.121  1851  1914 I [OAR] LocalSpace: 	rotZ: 0.041245
05-05 12:34:21.121  1851  1914 I [OAR] LocalSpace: 	rotW: 0.982134
05-05 12:34:21.121  1851  1914 I [OAR] LocalSpace: 	traX: 2.415743
05-05 12:34:21.121  1851  1914 I [OAR] LocalSpace: 	traY: -0.384231
05-05 12:34:21.121  1851  1914 I [OAR] LocalSpace: 	traZ: -0.957087
05-05 12:34:21.121  1851  1914 I [OAR] LocalSpace: Applying VRAPI Reorient
05-05 12:34:21.121  1851  1914 I [OAR] LocalSpace: Recentering local space
05-05 12:34:21.121  2131  2283 I VrRuntimeServer: UpdateLocalSpace: Src: 2, Version: 40, VersionUser: 0, RawFloorHeightOld: -1.660274, RawFloorHeightNew: -1.660274
05-05 12:34:21.121  1851  1914 I [OAR] LocalSpace: currentLocalPose
05-05 12:34:21.121  1851  1914 I [OAR] LocalSpace: 	rotX: -0.025858
05-05 12:34:21.121  1851  1914 I [OAR] LocalSpace: 	rotY: 0.000462
05-05 12:34:21.121  1851  1914 I [OAR] LocalSpace: 	rotZ: 0.017852
05-05 12:34:21.121  1851  1914 I [OAR] LocalSpace: 	rotW: 0.999506
05-05 12:34:21.121  1851  1914 I [OAR] LocalSpace: 	traX: 0.000000
05-05 12:34:21.121  1851  1914 I [OAR] LocalSpace: 	traY: 1.299217
05-05 12:34:21.121  1851  1914 I [OAR] LocalSpace: 	traZ: 0.000000
05-05 12:34:21.121  1851  1914 I [OAR] LocalSpace: localPose
05-05 12:34:21.121  1851  1914 I [OAR] LocalSpace: 	rotX: 0.010936
05-05 12:34:21.121  1851  1914 I [OAR] LocalSpace: 	rotY: -0.000003
05-05 12:34:21.121  1851  1914 I [OAR] LocalSpace: 	rotZ: 0.000311
05-05 12:34:21.121  1851  1914 I [OAR] LocalSpace: 	rotW: 0.999940
05-05 12:34:21.121  1851  1914 I [OAR] LocalSpace: 	traX: 0.000000
05-05 12:34:21.121  1851  1914 I [OAR] LocalSpace: 	traY: 1.313568
05-05 12:34:21.121  1851  1914 I [OAR] LocalSpace: 	traZ: 0.000000
05-05 12:34:21.121  1851  1914 I [OAR] DialogControllerManager: ShowDialog
05-05 12:34:21.121  1851  1914 I [OAR] DialogControllerManager: Previous pending dialog: type: 0, uri "systemux://dialog/none", return component: "", return activity component: ""
05-05 12:34:21.121  1851  1914 I [OAR] DialogControllerManager: New pending dialog: type: 2, uri "systemux://dialog/app_launch_blocked_controller_required?package_name=com.YourCompany.ToysGame&launch_immediately_after=true", return component: "", return activity component: ""
05-05 12:34:21.121  1851  1914 I [OAR] DialogControllerManager: Dialog change detected; updating dialog UI.
05-05 12:34:21.121  1851  1914 I [OAR] DialogControllerManager: Old dialog: type: 0, uri "systemux://dialog/none", return component: "", return activity component: ""
05-05 12:34:21.121  1851  1914 I [OAR] DialogControllerManager: New dialog: type: 2, uri "systemux://dialog/app_launch_blocked_controller_required?package_name=com.YourCompany.ToysGame&launch_immediately_after=true", return component: "", return activity component: ""
05-05 12:34:21.122  1851  1914 I [OAR] SystemDialogController: ShowVrShellDialog
05-05 12:34:21.122  1851  1914 I [OAR] DialogController: CloseDialogs() old: 0, pendingUri: systemux://dialog/none, pendingComponent: 
05-05 12:34:21.122  1851  1914 I [OAR] SystemTaskBarControllerBatteryLevels: Updating left controller battery level from 100 to 0.
05-05 12:34:21.122  1851  1914 I [OAR] SystemTaskBarControllerBatteryLevels: Updating right controller battery level from 100 to 0.
05-05 12:34:21.122  1851  1914 D [OAR] PanelAppConfigurationUtil: Retrieving panel configuration for com.oculus.systemux - com.oculus.panelapp.dialog.DialogPanelService
05-05 12:34:21.125  2131 11759 W TimeWarp: WarpToScreen: No completed frames to display for client 0. submittedFrameIndex = 1
05-05 12:34:21.126  1851  1914 I [OAR] ShellApp: CreatePanelApp( com.oculus.systemux/com.oculus.panelapp.dialog.DialogPanelService )
05-05 12:34:21.126  1851  1914 I [OAR] ShellApp: Environment:
05-05 12:34:21.126  1851  1914 I [OAR] PanelAppHost: PanelAppHost( com.oculus.systemux/com.oculus.panelapp.dialog.DialogPanelService ) for PanelId 15
05-05 12:34:21.126  1851  1914 I [OAR] PanelAppHost: Panel app 15 (com.oculus.systemux/com.oculus.panelapp.dialog.DialogPanelService) changing state from startup to foreground
05-05 12:34:21.129  1851  1914 I [OAR] PanelAppHost: Passing env var _oc_device_region = 0
05-05 12:34:21.129  1851  1914 I [OAR] PanelAppHost: Passing env var _oc_device_type = 259
05-05 12:34:21.129  1851  1914 I [OAR] PanelAppHost: Passing env var _oc_headset_type = 256
05-05 12:34:21.129  1851  1914 I [OAR] PanelAppHost: Passing env var _oc_analytics_session_id = bf747b81-41c6-4ef8-ac8f-97a8944dd3c1
05-05 12:34:21.129  1851  1914 I [OAR] PanelAppHost: Passing env var _oc_userid = 102449717587751
05-05 12:34:21.129  1851  1914 I [OAR] PanelAppHost: Passing env var _oc_enterprise_mode = false
05-05 12:34:21.129  1851  1914 I [OAR] PanelAppHost: Passing env var _oc_shell_version_name = 16.0.0.139.450
05-05 12:34:21.129  1851  1914 I [OAR] PanelAppHost: Passing env var _oc_shell_version_code = 210946745
05-05 12:34:21.129  1851  1914 I [OAR] PanelAppHost: Passing env var _oc_shell_permissions = permissionsGranted camera write_storage microphone
05-05 12:34:21.129  1851  1914 I [OAR] PanelAppHost: Passing env var _oc_shell_automation_enabled = false
05-05 12:34:21.129  1851  1914 I [OAR] PanelAppHost: Passing env var _oc_shell_view_id_debugging_enabled = false
05-05 12:34:21.129  1851  1914 I [OAR] PanelAppHost: Passing env var _oc_shell_pixel_density = 13
05-05 12:34:21.129  1851  1914 I [OAR] PanelAppHost: Passing env var _oc_shell_render_scale = 1.000000
05-05 12:34:21.129  1851  1914 I [OAR] PanelAppHost: Passing env var _oc_shell_feature_sets = multi-layer-v1,mirror-avatar-v1,system-ux-routes-v1,deeplink-nav-v1,clock-levels-v1,layerTranslate-v1,layerScaleDensity-v1,layerScaleDensity-v2,multiapp-alpha-v1,multiapp-v1
05-05 12:34:21.129  1851  1914 I [OAR] PanelAppHost: Passing env var _oc_launch_timestamp = 8352758
05-05 12:34:21.129  1851  1914 I [OAR] PanelAppHost: Passing env var _oc_gk:oculus_mobile_sysux_unified_dialogs_v9 = true
05-05 12:34:21.129  1851  1914 I [OAR] PanelAppHost: Passing env var _oc_gk:oculus_mobile_sysux_lightweight_releases = true
05-05 12:34:21.129  1851  1914 I [OAR] PanelAppHost: Passing env var _oc_gk:oculus_mobile_home_js_bundle = true
05-05 12:34:21.129  1851  1914 I [OAR] PanelAppHost: Passing env var _oc_shell_host = vrshell
05-05 12:34:21.129  1851  1914 I [OAR] PanelAppHost: Passing env var _oc_shell_panel_id = 15
05-05 12:34:21.129  1851  1914 I [OAR] PanelAppHost: Calling sendPanelLaunchIntent for panel app com.oculus.systemux/com.oculus.panelapp.dialog.DialogPanelService
05-05 12:34:21.130  1851  1914 D [OAR] ShellApplication: sendApkPanelLaunchIntent: packageName=com.oculus.systemux, serviceClassName=com.oculus.panelapp.dialog.DialogPanelService
05-05 12:34:21.131  1851  1914 D [OAR] PanelServiceConnection: getSystemProcessUidForCurrentUser: 'android' systemUid = 1000
05-05 12:34:21.131  1851  1914 D [OAR] ShellApplication: bindService Intent { cmp=com.oculus.systemux/com.oculus.panelapp.dialog.DialogPanelService }
05-05 12:34:21.135  2145  2191 I GuardianSystem: UpdateSystem: Responding to local space version number change.
05-05 12:34:21.139  2131 11759 W TimeWarp: WarpToScreen: No completed frames to display for client 0. submittedFrameIndex = 1
05-05 12:34:21.144  1851  1914 D [OAR] ShellApplication: notify OS to set com.oculus.systemux/com.oculus.panelapp.dialog.DialogPanelService to FOREGROUND
05-05 12:34:21.144  1934  1934 D CppPanelService: PanelService()
05-05 12:34:21.144  1934  1934 D CppPanelService: onBind()
05-05 12:34:21.144  1851  1914 I [OAR] EnvironmentReconciler: Audio state is invalid, but headset is mounted. Marking all state as changed to trigger update
05-05 12:34:21.144  1851  1914 I [OAR] EnvironmentReconciler: Using the scene audio loop
05-05 12:34:21.144  1851  1914 I [OAR] Scene: SetBackgroundLoop: default scene selected, setting audio apk:///assets/system_environment.gltf.ovrscene
05-05 12:34:21.145  1851  1914 W [OAR] PanelAppHost: ShellParse detected a sychronization hint that we were unprepared for. isSwap(true)
05-05 12:34:21.145  1851  1914 I [OAR] AudioMixer: PlayAmbisonicWavFile: 1335437 looping samples 4 channels at 8352.816669
05-05 12:34:21.145  1851  1851 D [OAR] PanelServiceConnection: onSeviceConnected - component name (ComponentInfo{com.oculus.systemux/com.oculus.panelapp.dialog.DialogPanelService}), panel app id (15)
05-05 12:34:21.145  1851  1851 D [OAR] ShellApplication: notify OS to set com.oculus.systemux/com.oculus.panelapp.dialog.DialogPanelService to FOREGROUND
05-05 12:34:21.148  1851  2416 I OVRPlatform: [CurlHttpClient] Executing HTTP request: https://graph.oculus.com//v1.20/me?fields=current_party{id,leader{id},join_policy,users{id,alias,can_viewer_message,display_name,profile_url,profile_url_small,presence,presence_status,presence_app{id,package_name},presence_deeplink_joinable,presence_deeplink_message,presence_destination_api_name,presence_scoped_user_id,avatar_v2{avatar_image{uri}}},invited_users{id,alias,can_viewer_message,display_name,profile_url,profile_url_small,presence,presence_status,presence_app{id,package_name},avatar_v2{avatar_image{uri}}}}&app_version=210946745
05-05 12:34:21.148  1851  1914 I [OAR] PanelAppAnalytics: Panel render last: 18ms avg: 14ms for com.oculus.vrshell.home/com.oculus.vrshell.home.ExploreService
05-05 12:34:21.149 11236 11265 I RCTVR   : AppState foreground
05-05 12:34:21.149  1851  1914 I [OAR] PanelAppAnalytics: Panel render last: 350893ms avg: 50818ms for com.oculus.systemux/com.oculus.panelapp.anytimeui.AnytimeUIAndroidPanelService
05-05 12:34:21.151 11236 11265 D OculusLogger: reportQuickExperimentExposure(sessionless__oculus_store_landing_disk_cache, test, 102449717587751)
05-05 12:34:21.151  2121  2142 I LibraryProvider: running queryApp(com.YourCompany.ToysGame) for com.oculus.uid:10043
05-05 12:34:21.151 11236 11265 D OculusLogger: reportQuickExperimentExposure(sessionless__oculus_feed_scroll_tray_universe, control, 102449717587751)
05-05 12:34:21.151 11236 11265 D OculusLogger: reportQuickExperimentExposure(sessionless__oculus_feed_scroll_tray_universe, control, 102449717587751)
05-05 12:34:21.151  2121  2142 W LibraryProvider: Cannot find entitlement for com.YourCompany.ToysGame
05-05 12:34:21.151 11236 11265 D OculusLogger: reportQuickExperimentExposure(sessionless__oculus_feed_scroll_tray_universe, control, 102449717587751)
05-05 12:34:21.152  1782  1782 W OVRLibrary: null cursor received for query content://com.oculus.ocms.library/apps/com.YourCompany.ToysGame
05-05 12:34:21.152  1782  1782 I PlatformPluginManager: onAppStart com.YourCompany.ToysGame false
05-05 12:34:21.152   549   606 D audio_hw_primary: adev_open_input_stream: enter: sample_rate(48000) channel_mask(0x10) devices(0x80000004)        stream_handle(0xf51bce80) io_handle(262) source(1) format 1
05-05 12:34:21.153  1782  1782 I PlatformPluginManager: onAppStart - Stopping party chat passthrough
05-05 12:34:21.153  2131 11759 W TimeWarp: WarpToScreen: No completed frames to display for client 0. submittedFrameIndex = 1
05-05 12:34:21.153  1782  1782 I PlatformPlugin: [PlatformPluginManager] SetSystemVoipPassthrough 0
05-05 12:34:21.153  1782  1782 I OVRPlatform: [PartyChatWebRTC] PartyChatSetPassthrough 0
05-05 12:34:21.153  1782 11712 I OVRPlatform: [PartyChatWebRTC] Updating playback mode to 1
05-05 12:34:21.153  1782  1782 I OVRPlatform: [PartiesAPI] ovr_Party_PluginGetSharedMemHandle: This function is deprecated, do not use
05-05 12:34:21.154   549 11819 I AudioFlinger: AudioFlinger's thread 0xf1783a40 ready to run
05-05 12:34:21.154   549 11819 D audio_hw_primary: in_standby: enter: stream (0xf51bce80) usecase(16: audio-record)
05-05 12:34:21.155   549 11819 D audio_hw_primary: in_standby: enter: stream (0xf51bce80) usecase(16: audio-record)
05-05 12:34:21.162 11236 11284 I RCTVR   : JavaScript[0xd154cce8], Avg 1453.76028100826807, Max 344622.666109999642, MaxInLast 344622.666109999642
05-05 12:34:21.162 11236 11284 I RCTVR_HERMES: Hermes Mem: numCollections 38, allocatedBytes 10098887, heapSize 13924176, va 16777216
05-05 12:34:21.162 11236 11284 I JniUtils: Using caller's JNIEnv
05-05 12:34:21.167  2131 11759 W TimeWarp: WarpToScreen: No completed frames to display for client 0. submittedFrameIndex = 1
05-05 12:34:21.169  1934  1934 I [OAR] AnytimeUIAndroidPanelAppBase: updateControllerBattery - left, 0 percent
05-05 12:34:21.170  1934  1934 I [OAR] AnytimeUIAndroidPanelAppBase: updateControllerBattery - right, 0 percent
05-05 12:34:21.170  1851  1851 I [OAR] PanelServiceConnection: verifyFirstPartyUID(Debug Signatures=false, uid=10021) => apkSignatureResult=SigCertInfo(isTrusted=true, packageNames=[com.oculus.systemux], signature=308205cf308203b7a0030201020204097e91c1300d06092a864886f70d01010b0500308197310b3009060355040613025553311330110603550408130a43616c69666f726e6961311330110603550407130a4d656e6c6f205061726b31233021060355040a131a46616365626f6f6b20546563686e6f6c6f676965732c204c4c4331233021060355040b131a46616365626f6f6b20546563686e6f6c6f676965732c204c4c43311430120603550403130b4f63756c75732041707073301e170d3139303730343131333935315a170d3436313131393131333935315a308197310b3009060355040613025553311330110603550408130a43616c69666f726e6961311330110603550407130a4d656e6c6f205061726b31233021060355040a131a46616365626f6f6b20546563686e6f6c6f676965732c204c4c4331233021060355040b131a46616365626f6f6b20546563686e6f6c6f676965732c204c4c43311430120603550403130b4f63756c7573204170707330820222300d06092a864886f70d01010105000382020f003082020a0282020100b815642a5c201c8da044905dafbb06c05fddb75449cc75a716a0434da0493a52a4d60643532c237e76cb41d2c32a5e4474f12b37f632a809b5a5ceb8c6289ecf828e736b4ec452b1c2757bd0b5ed13eff5a7a47ab2ef6cdf60a8d749e9e8603f30d12b5db8f734c57578a2a4ce5ff5737c1f02c629d2dcb4f82726674663a699de94463ff370fa9eb48158831bf0b68bd6ec84293182d52e860bdd81bb9ce9cdd6a77fea0df25004da34d3cce7a31069646aa4628fba9ccb0952163793be9a4edf49a53f83179c2f44d8c87d6c129e8d590af0f3fced26201ee43b31fccd93b497cd198c5cd1f98d64c4f7ad79ca47278c02652d5dc072a99807e22f473f7bae4da2bafcae48cd49ad55a764b8d39f329f6175eac9074307deff48b1c4a6e19b748766617768c31a17feae8478eb7f9ebfb61af2b9f5a692b636342d7ebc53d7146626b51801b5a0a102e281475decdefb8683d0ca2843dc7aaeb6759bcab0dcba38db44f5d7f797a1c9c02dd159c0e3c72b14dc882d31c24ad8abee4ce0f7f0205e05efef551e2551a61e96636ed5dfd7435d3d24f5a130a12f10452cc954aa770d5d95e3e0cb9d7b05c5506a7947f8ff3437b3d82274fdaa156d85bfb7fbcb4fa5557080fedab86520b71d3d533e7bb3e7e3ebe9712b68e755d700b0afbf7595ffa80a6b3d90bfe599769138ee6515df415e32c0abed2b8e4aea1f47351f490203010001a321301f301d0603551d0e04160414a3c939e6b71c43bc9193f773c0351be1aff311f9300d06092a864886f70d01010b050003820201004e4c865231f2a3583c6af9488ecf9aa96b1ee84e2d7bfad00581537dc70c54ecfcf360e563d018efa4cdd77bf6fc4c9f1a20ebd4215cf1538686d4089bdcc8adb6ae4497ead14b0c18efd52ce93357019973e94e16b3326c60885b1bdc5f9cad1098f16732935876d8d19bda3ceeaaa69a83c4e2231710c6735f88abdfffe3dfa2be3f18f894923441b4e4a9c9664ed6294c16d7c073547063bfdbbefad184a001f1dce2feffdc96d10eb16a3bfbcd382cd297ca3b4edb7ebacd1a9931a1368a5157ceaebbca5b39bd5db5461a340db8ec076d38a94bcdd042bfb51388158ba97a49b631c1762fa746c7bb36eaf15cae23fa993cfb052e824f2ae173ea27b50a6cca91eb955f4faf131514757e5a3ecae9df6d23771279b7742f28fb9ce394eb9e03926f550716f1312355a5efdc479d8347b516cff55cb14307c81280142cacf2fd6562a2baacbfc97869272b1c51abf79121de8bab227e001313d4115eb9b33a332ebb34e290f14b5352ef1038f7a5f3740c9d1136b3526de4331deb4fa529c36a17c04c3e64d4f6ebda73d6e6e18281e3948fd11e685eab6611be1bc62839bce5962715e7f6537e6c083bcd3538d17407b26c850cd6b3f5e2149fdef027a6cfb7ed0f93c928aca14927b10c6a3f104ba1b10413af8b1868b84a004e5ddd065fff26a7bb3c818bb5a2d69aedf9441ef9033efae3ef52282a96f66d4b4ff3f2), time=23 ms
05-05 12:34:21.170  1934  1934 I [OAR] AnytimeUIAndroidPanelAppBase: updateLocalStreamState - false
05-05 12:34:21.176 11236 11265 I RCTVRMEM: Total Allocated Space: 19339792, Total Free Space: 5301744, JavaScript Heap Size: 10098887
05-05 12:34:21.176 11236 11265 I RvrPnl  : FPS=0.0941067/81.9676/0.00285538, MSPF=10.6262/12.1999/350216, MEMALLOC=18.4439
05-05 12:34:21.178  1782  1782 E OVRMediaServiceManager: LivestreamingManager Not initialized
05-05 12:34:21.179  1782  1782 I OVRMediaService: onStartCommand Received message type: set_package_name, caller package: no_app_identity
05-05 12:34:21.179  1934  1959 I CppPanelService: verifyVrShellUID(Debug Signatures=false, uid=10028) => apkSignatureResult=SigCertInfo(isTrusted=true, packageNames=[com.oculus.vrshell], signature=3082038d30820275a00302010202041303858a300d06092a864886f70d01010b05003077310b3009060355040613025553310b3009060355040813024341311330110603550407130a4d656e6c6f205061726b31173015060355040a130e4f63756c75732056522c204c4c4331173015060355040b130e4f63756c75732056522c204c4c43311430120603550403130b4f63756c75732041707073301e170d3134313033303231343032315a170d3432303331373231343032315a3077310b3009060355040613025553310b3009060355040813024341311330110603550407130a4d656e6c6f205061726b31173015060355040a130e4f63756c75732056522c204c4c4331173015060355040b130e4f63756c75732056522c204c4c43311430120603550403130b4f63756c7573204170707330820122300d06092a864886f70d01010105000382010f003082010a0282010100a34c7fbd96dea95d811f21a0d760cabca85f2df5dbe19b62aca7a3e3e0b6e48f7e173345f2753c458d639cc2e222eeee4cfb5e89ac1c5060044414056709a43a7f1a6f1e4f2c3d708c48912634be08ad6da1fff92d9c0d4b85e4bc8a8b1c27de84c04eb1e6577c10693500af46beaf7bd2ce72a06a46f4e565859f242cecbef1a431ae8096db712cebe73840bacc64de6b99077ba1ca8c20e5d0b4870bd161f087abbf568dfef58e604068ca6f7cdea183c8681c306bc30cb223e7c5ce3a2fcf00d13e158475b3700ef62dcca46c57baecca4d91052e20b861a1a085d5fc8e99aed8c4a9cfd550d01e54ef5062133befcf7f9ea6a5a1d1575a72cd82279f34030203010001a321301f301d0603551d0e04160414ec7ccdaf8ccdc6dd1b87d4b561582ad8ec397b80300d06092a864886f70d01010b0500038201010014c557ecddc17ba8b979618036e7093b8e7307f624644532c31239f4dc83fd9424267ca7670fa9f78689cbc5bfd8a6312fdc214bd159d614a8753ceec0f2b2d9166217895b13c992e1d10ca625a3153dacfa51dbdb7fde139bd59510f5add29f88be3826b445ce7386dcf06577be72fbdf118fa81179091fad275981409e02d40422d8e86df5827a2c496a4b905b4825c3f1ba0af4cf509bf9b0d4d608cf0b4320ac60d1a8cbcc384de24f11a4c93c0fc5b887cbd6855871af1b1ef729c51a8a123efc6a627b6494e81a264587443b9156ad17772863c2f9685fae9c72a552b333f8ef2822bce5d4d178e45b3a8dd4e321924f6a5ba43f732971a9e74cbf0433), time=8 ms
05-05 12:34:21.181  2131 11759 W TimeWarp: WarpToScreen: No completed frames to display for client 0. submittedFrameIndex = 1
05-05 12:34:21.182  1782  1782 I OVRMediaService: Got package name intent (com.oculus.vrshell)
05-05 12:34:21.183   549  1689 W AudioFlinger::EffectModule: EffectModule 0xf3e7de00 destructor called with unreleased interface
05-05 12:34:21.183   549  1689 W AudioFlinger::EffectHandle: disconnect Effect handle 0xf491be40 disconnected after thread destruction
05-05 12:34:21.192   549  1689 D audio_hw_primary: adev_close_input_stream: enter:stream_handle(0xf51bce80)
05-05 12:34:21.192   549  1689 D audio_hw_primary: in_standby: enter: stream (0xf51bce80) usecase(16: audio-record)
05-05 12:34:21.194  1934  1934 D CppPanelService: BEGIN: Initializing panel application via MSG_CREATE_PANEL_APP.
05-05 12:34:21.194  1934  1934 D CppPanelService: Falling back to last known good shell api level for 16.0.0.139.450
05-05 12:34:21.194  1934  1934 D CppPanelService: Configuring service for Shell with versionName 16.0.0.139.450 and versionCode 210946745 selected API Level 2
05-05 12:34:21.194  1934  1934 D [OAR] DialogPanelApp: DialogPanelApp()
05-05 12:34:21.194  1934  1934 I DialogPanel: Created
05-05 12:34:21.195  1934  1934 I DialogUI: Creating GlInfo
05-05 12:34:21.195  2131 11759 W TimeWarp: WarpToScreen: No completed frames to display for client 0. submittedFrameIndex = 1
05-05 12:34:21.198  1934  1934 I DialogUI: Creating DialogContext
05-05 12:34:21.198  1934  1934 I DialogUI: GLES3::LoadGLFunctions()
05-05 12:34:21.198  1934  1934 I DialogUI: GL_InitExtensions()
05-05 12:34:21.198  1934  1934 I OVR_GlUtils: es3 = TRUE
05-05 12:34:21.198  1934  1934 I OVR_GlUtils: GL_MAX_TEXTURE_SIZE = 16384
05-05 12:34:21.198  1934  1934 I OVR_GlUtils: GL_MAX_VERTEX_UNIFORM_VECTORS = 256
05-05 12:34:21.198  1934  1934 I OVR_GlUtils: GL_MAX_FRAGMENT_UNIFORM_VECTORS = 256
