05-09 15:31:08.297  1905  1905 I AndroidPanelApp: measureLayerView with initial width 540, initial height 300, resize behavior NONE.
05-09 15:31:08.297  1905  1905 I AndroidPanelApp: Measured width 540 and height 300.
05-09 15:31:08.298  1905  1905 I AndroidPanelApp: Layout change has caused layer "dialog" to be resized from -1 X -1 to 540 X 300
05-09 15:31:08.298  1905  1905 I AndroidPanelLayer: Setting size of layer "dialog" to have width 540 and height 300
05-09 15:31:08.298  1905  1905 I AndroidPanelApp: layerTransform: Showing panel layer "dialog" in VrShell with width 540, height 300, position( 0.000000 , 0.000000 ), rotation (0.000000 , 0.000000 , 0.000000 )  hit-testable true, shape 2, and system-positioned true. Density: 4680.000000. Supersampled: false 
05-09 15:31:08.300   544 19677 D audio_hw_utils: audio_extn_utils_send_app_type_cfg: usecase->in_snd_device handset-mic-aec
05-09 15:31:08.300   544 19677 D msm8974_platform: platform_split_snd_device: snd_device(62) new_snd_devices (handset-mic-aec)
05-09 15:31:08.300  1905  1905 I AndroidPanelApp: Processing next frame action "layerShow" for layer "dialog"
05-09 15:31:08.300  1905  1905 I AndroidPanelApp: nextFrameAction(layerShow, dialog)
05-09 15:31:08.300  1905  1905 I AndroidPanelApp: layerShow acknowledged for dialog
05-09 15:31:08.300  1905  1905 I AndroidPanelApp: tryShowLayer(dialog)
05-09 15:31:08.300  1905  1905 I AndroidPanelApp: Layer dialog needs to be sized, deferring showing layer.
05-09 15:31:08.300  1905  1905 I AndroidPanelApp: Processing next frame action "layerResize" for layer "dialog"
05-09 15:31:08.300   544 19677 I audio_hw_utils: send_app_type_cfg_for_device CAPTURE app_type 69938, acdb_dev_id 106, sample_rate 48000, snd_device_be_idx 3
05-09 15:31:08.300  1905  1905 I AndroidPanelApp: nextFrameAction(layerResize, dialog)
05-09 15:31:08.300  1905  1905 I AndroidPanelApp: layerResize is waiting for next frame
05-09 15:31:08.300   544 19677 D msm8974_platform: platform_split_snd_device: snd_device(62) new_snd_devices (handset-mic-aec)
05-09 15:31:08.300   544 19677 D ACDB-LOADER: ACDB -> send_audio_cal, acdb_id = 106, path = 1, app id = 0x11132, sample rate = 48000
05-09 15:31:08.300   544 19677 D ACDB-LOADER: ACDB -> send_asm_topology
05-09 15:31:08.301   544 19677 D ACDB-LOADER: ACDB -> ACDB_CMD_GET_AUDPROC_STREAM_TOPOLOGY_ID
05-09 15:31:08.301   544 19677 D ACDB-LOADER: ACDB -> send_adm_topology
05-09 15:31:08.301   544 19677 D ACDB-LOADER: ACDB -> ACDB_CMD_GET_AUDPROC_COMMON_TOPOLOGY_ID
05-09 15:31:08.301   544 19677 D ACDB-LOADER: ACDB -> send_audtable
05-09 15:31:08.301   544 19677 D ACDB-LOADER: ACDB -> ACDB_CMD_GET_AUDPROC_COMMON_TABLE_SIZE
05-09 15:31:08.301   544 19677 D ACDB-LOADER: ACDB -> ACDB_CMD_GET_AUDPROC_COMMON_TABLE
05-09 15:31:08.301   544 19677 D ACDB-LOADER: ACDB -> AUDIO_SET_AUDPROC_CAL
05-09 15:31:08.301   544 19677 D ACDB-LOADER: ACDB -> send_audvoltable
05-09 15:31:08.301  1905  1905 I AndroidPanelApp: Processing pending show layer info for layer dialog with width 540 and height 300.
05-09 15:31:08.301   544 19677 D ACDB-LOADER: ACDB -> ACDB_CMD_GET_AUDPROC_GAIN_DEP_STEP_TABLE, vol index 0
05-09 15:31:08.301  1905  1905 I AndroidPanelApp: layerSupersample no changes
05-09 15:31:08.301   544 19677 D         : Failed to fetch the lookup information of the device 0000006A 
05-09 15:31:08.301   544 19677 E ACDB-LOADER: Error: ACDB AudProc vol returned = -19
05-09 15:31:08.301   544 19677 D ACDB-LOADER: ACDB -> AUDIO_SET_VOL_CAL cal type = 12
05-09 15:31:08.301   544 19677 D ACDB-LOADER: ACDB -> send_audstrmtable
05-09 15:31:08.301   544 19677 D ACDB-LOADER: ACDB -> ACDB_CMD_GET_AUDPROC_STREAM_TABLE_V2
05-09 15:31:08.301   544 19677 D ACDB-LOADER: ACDB -> audstrm_cal->cal_type.cal_data.cal_size = 16
05-09 15:31:08.301   544 19677 D ACDB-LOADER: ACDB -> send_afe_topology
05-09 15:31:08.301   544 19677 D ACDB-LOADER: ACDB -> ACDB_CMD_GET_AFE_TOPOLOGY_ID
05-09 15:31:08.301   544 19677 D ACDB-LOADER: ACDB -> GET_AFE_TOPOLOGY_ID for adcd_id 106, Topology Id 112fb
05-09 15:31:08.301   544 19677 D ACDB-LOADER: ACDB -> send_afe_cal
05-09 15:31:08.301   544 19677 D ACDB-LOADER: ACDB -> ACDB_CMD_GET_AFE_COMMON_TABLE
05-09 15:31:08.301   544 19677 D         : Failed to fetch the lookup information of the device 0000006A 
05-09 15:31:08.301   544 19677 E ACDB-LOADER: Error: ACDB AFE returned = -19
05-09 15:31:08.301   544 19677 D ACDB-LOADER: ACDB -> AUDIO_SET_AFE_CAL
05-09 15:31:08.301   544 19677 D ACDB-LOADER: ACDB -> send_hw_delay : acdb_id = 106 path = 1
05-09 15:31:08.301   544 19677 D ACDB-LOADER: ACDB -> ACDB_AVSYNC_INFO: ACDB_CMD_GET_DEVICE_PROPERTY
05-09 15:31:08.301   544 19677 D audio_hw_primary: enable_audio_route: apply mixer and update path: audio-record
05-09 15:31:08.302   544 19677 D audio_hw_primary: select_devices: done
05-09 15:31:08.310  1837  1899 I [OAR] PanelAppHost: Resize layer dialog to size 540 x 300 shape:2 stereo:0
05-09 15:31:08.310  1837  1899 I [OAR] PanelRenderLayer: ResetSurface 540 x 300 - shape:2 stereo:0
05-09 15:31:08.313  1905  1905 I AndroidPanelApp: Processing next frame action "layerShow" for layer "dialog"
05-09 15:31:08.313  1905  1905 I AndroidPanelApp: nextFrameAction(layerShow, dialog)
05-09 15:31:08.313  1905  1905 I AndroidPanelApp: layerShow acknowledged for dialog
05-09 15:31:08.313  1905  1905 I AndroidPanelApp: tryShowLayer(dialog)
05-09 15:31:08.313  1905  1905 I AndroidPanelLayer: Showing layer dialog
05-09 15:31:08.314  1905  1905 I AndroidPanelLayer: Unhiding layer dialog
05-09 15:31:08.320  1774  1774 I PlatformPluginManager: enforcePartyChatStateConsistency - got current party response: Party is null
05-09 15:31:08.321  1774  1774 I PlatformPluginManager: enforcePartyChatStateConsistency - User not in a party.
05-09 15:31:08.321  1774  1774 I PlatformPluginManager: stopPartyChat
05-09 15:31:08.321  1774  1774 I PlatformPlugin: [PlatformPluginManager] Stopping party chat
05-09 15:31:08.321  1774  1774 I OVRPlatform: [PartyChatInterchangeable] StopPartyChat
05-09 15:31:08.323   544 19677 E audio_hw_extn: audio_extn_perf_lock_release: Perf lock release error 
05-09 15:31:08.323   544 19677 D audio_hw_primary: start_input_stream: exit
05-09 15:31:08.336  1905  1905 I AndroidPanelApp: Turning on layer visibility for layer dialog.
05-09 15:31:08.336  1905  1905 D AndroidPanelApp: Queue: layerVisibility dialog 1
05-09 15:31:08.341  1905  1905 I AndroidPanelApp: Handling next frame raw command "layerVisibility dialog 1"
05-09 15:31:08.352  1837  1899 I [OAR] PanelAppHost: Setting panel layer visibility of layer "dialog" to visible
05-09 15:31:08.360  1905  1905 I AndroidPanelApp: measureLayerView with initial width 540, initial height 300, resize behavior NONE.
05-09 15:31:08.360  1905  1905 I AndroidPanelApp: Measured width 540 and height 300.
05-09 15:31:08.366 19457 19962 D UE4     : *** JavaEnvDestructor: 19962
05-09 15:31:08.679 19457 19963 D UE4     : *** JavaEnvDestructor: 19963
05-09 15:31:08.702  2110  2123 I GuardianSystem: Guardian: GuardianCmdWithParms 7, 0, 0.000000
05-09 15:31:08.731  1837  1899 I TrackingServiceClient: setting complex haptics, but not yet connected to socket, open connection...
05-09 15:31:08.731   716   812 I TrackingService: virtual android::binder::Status OVR::OS::Tracking::TrackingService::getTrackingSocketFileDescriptor(android::os::ParcelFileDescriptor *)
05-09 15:31:08.731   716   812 D TrackingService: haptic socket already exists
05-09 15:31:08.928   716 19545 I [CT]    : L:Behavior:AtRest: deactivated
05-09 15:31:08.929   716 19545 I [CT]    : AdHocPatch: [Left] t = 80.332s, behavior transition: AtRest -> None at 80.380s
05-09 15:31:08.943   716 19545 I [CT]    : L:Behavior:AtRest: activated
05-09 15:31:08.943   716 19545 I [CT]    : AdHocPatch: [Left] t = 80.346s, behavior transition: None -> AtRest at 80.394s
05-09 15:31:09.019   716 19545 I [CT]    : L:Behavior:AtRest: deactivated
05-09 15:31:09.019   716 19545 I [CT]    : AdHocPatch: [Left] t = 80.422s, behavior transition: AtRest -> None at 80.470s
05-09 15:31:09.041   544   591 I AudioFlinger: BUFFER TIMEOUT: remove(4096) from active list on thread 0xf0f03940
05-09 15:31:09.050  2110  2165 I GuardianSystem: UpdateGuardianSystemState: Flags changed: 524288, 532480
05-09 15:31:09.061   544   585 D msm8974_platform: platform_split_snd_device: snd_device(2) new_snd_devices (speaker)
05-09 15:31:09.061   544   585 D ACDB-LOADER: ACDB -> send_audvoltable
05-09 15:31:09.061   544   585 D ACDB-LOADER: ACDB -> ACDB_CMD_GET_AUDPROC_GAIN_DEP_STEP_TABLE, vol index 5
05-09 15:31:09.061   544   585 D         : Failed to fetch the lookup information of the device 0000000F 
05-09 15:31:09.061   544   585 E ACDB-LOADER: Error: ACDB AudProc vol returned = -19
05-09 15:31:09.061   544   585 D ACDB-LOADER: ACDB -> AUDIO_SET_VOL_CAL cal type = 40
05-09 15:31:09.061   544   585 W msm8974_platform: platform_send_gain_dep_cal: Usecase list is empty
05-09 15:31:09.088  2110  2330 W VrApi   : ovr_SubmitFrameInternal: FrameIndex discontinuity: Expected 127492, Received 127603
05-09 15:31:09.124 19457 19957 I VrApi   : FPS=72,Prd=45ms,Tear=0,Early=0,Stale=0,VSnc=1,Lat=1,Fov=0,CPU4/GPU=2/4,1958/670MHz,OC=FF,TA=0/3/3,SP=N/N/N,Mem=1804MHz,Free=1133MB,PSM=0,PLS=0,Temp=30.0C/0.0C,TW=1.31ms,App=10.46ms,GD=0.00ms,CPU&GPU=14.52ms,LCnt=1,GPU%=0.75,CPU%=0.27(W0.35),DSF=1.00
05-09 15:31:09.167   716 19545 I [CT]    : L:Behavior:AtRest: activated
05-09 15:31:09.167   716 19545 I [CT]    : AdHocPatch: [Left] t = 80.568s, behavior transition: None -> AtRest at 80.616s
05-09 15:31:09.176  2110  2165 I GuardianSystem: UpdateGuardianSystemState: Flags changed: 532480, 524288
05-09 15:31:09.209   716 19545 I [CT]    : L:Behavior:AtRest: deactivated
05-09 15:31:09.209   716 19545 I [CT]    : AdHocPatch: [Left] t = 80.612s, behavior transition: AtRest -> None at 80.660s
05-09 15:31:09.223  2110  2165 I GuardianSystem: UpdateGuardianSystemState: Flags changed: 524288, 532480
05-09 15:31:09.225   716 19545 I [CT]    : L:Behavior:AtRest: activated
05-09 15:31:09.225   716 19545 I [CT]    : AdHocPatch: [Left] t = 80.628s, behavior transition: None -> AtRest at 80.676s
05-09 15:31:09.255  2110  2330 W VrApi   : ovr_SubmitFrameInternal: FrameIndex discontinuity: Expected 127611, Received 127613
05-09 15:31:09.256  2110  2165 I GuardianSystem: UpdateGuardianSystemState: Flags changed: 532480, 524288
05-09 15:31:09.300  1837 20080 I Telemetry: App memory usage: PSS=335MB DalvikPSS=2 MB
05-09 15:31:09.301  1837 20080 I VrApi   : FPS=3,Prd=15ms,Tear=1,Early=6,Stale=20,VSnc=1,Lat=1,Fov=0,CPU4/GPU=3/4,1958/670MHz,OC=FF,TA=0/E0/0,SP=N/F/N,Mem=1804MHz,Free=1132MB,PSM=0,PLS=0,Temp=30.0C/0.0C,TW=1.71ms,App=4.92ms,GD=0.00ms,CPU&GPU=38.79ms,LCnt=2,GPU%=0.43,CPU%=0.11(W0.18),DSF=1.00
05-09 15:31:09.477 19457 19970 D UE4     : [2020.05.09-13.31.09:477][672]LogTcpMessaging: Lost node 'F73EFAA944B140276D6EEEBB531B91FD' on connection '127.0.0.1:53144'...
05-09 15:31:09.478 19457 19970 D UE4     : *** JavaEnvDestructor: 19970
05-09 15:31:09.579 19457 19474 D UE4     : [2020.05.09-13.31.09:579][672]LogCore: Display: AppLifetime: Application will deactivate
05-09 15:31:09.579 19457 19971 D OVRPlugin: Leaving VR mode.
05-09 15:31:09.579 19457 19971 I GoCompatibility: GoCompatibility: vrapi_LeaveVrMode_Hooked()
05-09 15:31:09.579 19457 19971 I VrApi   : ---------- vrapi_LeaveVrMode [start] ----------
05-09 15:31:09.581 19457 19971 D VrApi   : targetSDKVersion 25
05-09 15:31:09.585 19457 19971 I VrRuntimeClient: DEVICE MODEL NUMBER = Quest
05-09 15:31:09.585 19457 19971 I VrRuntimeClient: DEVICE HARDWARE = monterey
05-09 15:31:09.585 19457 19971 I VrRuntimeClient: DEVICE BUILD NAME = user-602380.24900.0
05-09 15:31:09.585 19457 19971 I VrRuntimeClient: DEVICE BUILD TYPE = user
05-09 15:31:09.585 19457 19971 I VrRuntimeClient: DEVICE OS VERSION = 7.1.1
05-09 15:31:09.585 19457 19971 I VrRuntimeClient: VRRUNTIME VERSION = VRAPI_VERSION_BEGIN { 1.1.33.0-210938873-210938873 Apr 24 2020 16:11:35 Development } RELEASE
05-09 15:31:09.585 19457 19971 I VrRuntimeClient: API LOADER VERSION = 1.1.24.0
05-09 15:31:09.585 19457 19971 I VrRuntimeClient: VRDRIVER VERSION = 16.0.0.141.450
05-09 15:31:09.585 19457 19971 I VrRuntimeClient: APP NAME = ToysGame
05-09 15:31:09.585 19457 19971 I VrRuntimeClient: APP VERSION = 1.0 versionCode 1 internalVersionName <none>
05-09 15:31:09.585 19457 19971 I VrRuntimeClient: APP VR TYPE = vr_only
05-09 15:31:09.585 19457 19971 I VrRuntimeClient: APP PACKAGE NAME = com.YourCompany.ToysGame
05-09 15:31:09.585 19457 19971 I VrRuntimeClient: APP ACTIVITY CLASS = com.epicgames.ue4.GameActivity
05-09 15:31:09.586 19457 19971 D BatteryReceiver: Unregistering battery receiver
05-09 15:31:09.599 19457 19957 D VrApi   : targetSDKVersion 25
05-09 15:31:09.611 19457 19957 I VrApi   : FPS=72,Prd=45ms,Tear=0,Early=0,Stale=0,VSnc=1,Lat=1,Fov=0,CPU4/GPU=2/4,1958/670MHz,OC=FF,TA=0/3/3,SP=N/N/N,Mem=1804MHz,Free=1132MB,PSM=0,PLS=0,Temp=30.0C/0.0C,TW=1.31ms,App=10.46ms,GD=0.00ms,CPU&GPU=14.52ms,LCnt=1,GPU%=0.75,CPU%=0.27(W0.35),DSF=1.00
05-09 15:31:09.612 19457 19971 I VrApi   : OVR::Stats thread stopped
05-09 15:31:09.612 19457 19971 I InputDeviceManager: ovrInputDeviceManager::Shutdown
05-09 15:31:09.619 19457 19956 I InputHooks_Internal: InputHooksThreadRun ShutdownRequest received
05-09 15:31:09.621 19457 19971 I InputHooks_Internal: Disabling Native Input Hooks
05-09 15:31:09.624  2096  2297 D VrRuntimeService: this client: 19457:com.YourCompany.ToysGame
05-09 15:31:09.624  2096  2297 D VrRuntimeService: enableRendering: clientWindow: null enable: false
05-09 15:31:09.624  2096  2297 I ClientMgr: ClientMgr::EnableRendering 19457:com.YourCompany.ToysGame : type 0 : disable
05-09 15:31:09.628 19457 19975 I VrRuntimeClient: FenceChecker::MainLoop - ended
05-09 15:31:09.629 19457 19971 I BufferObject: ovrBufferObjectFactory::Unimport unmapping Vulkan memory
05-09 15:31:09.629 19457 19971 I BufferObject: ovrBufferObjectFactory::Unimport destroying Vulkan buffer=546761038720
05-09 15:31:09.629 19457 19971 I BufferObject: ovrBufferObjectFactory::Unimport freeing Vulkan memory=546768291968
05-09 15:31:09.630 19457 19971 I TrackingServiceClient: OVR::TrackingService::ClientSetInterface
05-09 15:31:09.630 19457 19971 D TrackingServiceClient: onClientDisconnect
05-09 15:31:09.630 19457 19971 D TrackingServiceConnectionNative: onClientDisconnect
05-09 15:31:09.630  2096  2296 I ClientMgr: Non-overlay clients rendering status has changed: prev=60, curr=61, enabled=1
05-09 15:31:09.630   716   809 I TrackingService: Unregistering client by ITrackingService.unregisterClient
05-09 15:31:09.630   716   809 I TrackingService: TrackingServiceHost Unregistering client: pid 19457
05-09 15:31:09.631 19457 19971 D BinderConnection: Disconnecting from TrackingService service
05-09 15:31:09.631 19457 19971 D TrackingServiceConnectionNative: onDisconnected
05-09 15:31:09.631 19457 19971 D TrackingServiceClient: TrackingServiceConnection mConnectedRemotes.clear()
05-09 15:31:09.631 19457 19971 I TrackingServiceClient: OVR::TrackingService::ClientSetInterface
05-09 15:31:09.631 19457 19971 I VrApi   : ---------- vrapi_LeaveVrMode [end] ----------
05-09 15:31:09.632 19457 19474 D UE4     : [GameActivity] Unregistering volume receiver
05-09 15:31:09.633 19457 19474 D UE4     : [GameActivity] Unregistering battery receiver
05-09 15:31:09.634 19457 19474 D UE4     : [GameActivity] Unregistering headset receiver
05-09 15:31:09.636 19457 19474 D UE4     : [2020.05.09-13.31.09:635][672]LogCore: Display: AppLifetime: Application will enter background
05-09 15:31:09.636 19457 19474 D UE4     : [2020.05.09-13.31.09:636][672]LogTemp: Android pause audio
05-09 15:31:09.641 19457 19474 D UE4     : [2020.05.09-13.31.09:641][672]LogAudioMixerAndroid: Display: Suspending android audio renderer
05-09 15:31:09.644 19457 19475 D UE4     : [2020.05.09-13.31.09:644][672]LogAndroid: Blocking renderer on invalid window.
05-09 15:31:09.644 19457 19475 D UE4     : [2020.05.09-13.31.09:644][672]LogAndroid: Waiting for renderer to encounter blocking command.
05-09 15:31:09.644 19457 19971 D UE4     : [2020.05.09-13.31.09:644][672]LogAndroid: Blocking renderer
05-09 15:31:09.644 19457 19971 D UE4     : [2020.05.09-13.31.09:644][672]LogAndroid: RendererBlock release window callback
05-09 15:31:09.644 19457 19971 D UE4     : [2020.05.09-13.31.09:644][672]LogVulkanRHI: Destroy swapchain ... 
05-09 15:31:09.644 19457 19474 D UE4     : [2020.05.09-13.31.09:644][672]LogHMD: Error: ovrp_WaitToBeginFrame 3672 failed (-1003)
05-09 15:31:09.645 19457 19474 W VrApi   : vrapi_WaitFrame: ovr->Destroyed
05-09 15:31:09.645 19457 19474 W VrApi   : vrapi_GetPredictedDisplayTime: ovr->Destroyed
05-09 15:31:09.645 19457 19474 W VrApi   : vrapi_GetPredictedTracking2: ovr->Destroyed
05-09 15:31:09.645 19457 19474 W VrApi   : vrapi_GetPredictedTracking2: ovr->Destroyed
05-09 15:31:09.649 19457 19475 D UE4     : LogAndroidEvents::EnqueueAppEvent : 13, [width=-1, height=-1], tid = 19475, APP_EVENT_STATE_APP_SUSPENDED
05-09 15:31:09.650 19457 19475 D UE4     : Case APP_CMD_TERM_WINDOW, tid = 19475
05-09 15:31:09.650 19457 19475 D UE4     : [2020.05.09-13.31.09:650][672]LogAndroid: Case APP_CMD_TERM_WINDOW
05-09 15:31:09.650 19457 19475 D UE4     : LogAndroidEvents::EnqueueAppEvent : 3, [width=-1, height=-1], tid = 19475, APP_EVENT_STATE_WINDOW_DESTROYED
05-09 15:31:09.655 19457 19474 D UE4     : [2020.05.09-13.31.09:655][673]LogAndroidEvents: Display: LogAndroidEvents::DequeueAppEvent : 13, [width=-1, height=-1], APP_EVENT_STATE_APP_SUSPENDED
05-09 15:31:09.656 19457 19474 D UE4     : FAppEventManager::Tick processing, 13
05-09 15:31:09.656 19457 19474 D UE4     : Execution will be paused...
05-09 15:31:09.656 19457 19474 D UE4     : [2020.05.09-13.31.09:656][673]LogAndroidEvents: Display: LogAndroidEvents::DequeueAppEvent : 3, [width=-1, height=-1], APP_EVENT_STATE_WINDOW_DESTROYED
05-09 15:31:09.656 19457 19474 D UE4     : FAppEventManager::Tick processing, 3
05-09 15:31:09.656 19457 19474 D UE4     : APP_EVENT_STATE_WINDOW_DESTROYED, 0, 0, 0
05-09 15:31:09.656 19457 19474 D UE4     : FAppEventManager::Tick EventHandlerEvent Wait 
05-09 15:31:09.656 19457 19474 D UE4     : FAppEventManager::Tick EventHandlerEvent DONE Wait 
05-09 15:31:09.670 19457 19475 D UE4     : [2020.05.09-13.31.09:670][673]LogAndroid: Case APP_CMD_SAVE_STATE
05-09 15:31:09.671 19457 19475 D UE4     : LogAndroidEvents::EnqueueAppEvent : 12, [width=-1, height=-1], tid = 19475, APP_EVENT_STATE_SAVE_STATE
05-09 15:31:09.672 19457 19475 D UE4     : [2020.05.09-13.31.09:672][673]LogAndroid: Case APP_CMD_STOP
05-09 15:31:09.672 19457 19457 D UE4     : [GameActivity] ==============> GameActive.onStop complete!
05-09 15:31:09.672 19457 19475 D UE4     : LogAndroidEvents::EnqueueAppEvent : 8, [width=-1, height=-1], tid = 19475, APP_EVENT_STATE_ON_STOP
05-09 15:31:09.673 19457 19457 D UE4     : [GameActivity] ==============> GameActive.onTrimMemory(TRIM_MEMORY_UI_HIDDEN) called!
05-09 15:31:09.673 19457 19457 V UE4     : [GameApp] App in background
05-09 15:31:09.674  1496  1985 I UploadManager: Scheduling jobbId 2131165248 within interval (0, 1800000)
05-09 15:31:09.757 19457 19474 D UE4     : [2020.05.09-13.31.09:757][673]LogAndroidEvents: Display: LogAndroidEvents::DequeueAppEvent : 12, [width=-1, height=-1], APP_EVENT_STATE_SAVE_STATE
05-09 15:31:09.757 19457 19474 D UE4     : FAppEventManager::Tick processing, 12
05-09 15:31:09.757 19457 19474 D UE4     : [2020.05.09-13.31.09:757][673]LogAndroidEvents: Display: LogAndroidEvents::DequeueAppEvent : 8, [width=-1, height=-1], APP_EVENT_STATE_ON_STOP
05-09 15:31:09.757 19457 19474 D UE4     : FAppEventManager::Tick processing, 8
05-09 15:31:09.757 19457 19474 D UE4     : FAppEventManager::Tick EventHandlerEvent Wait 
05-09 15:31:09.757 19457 19474 D UE4     : FAppEventManager::Tick EventHandlerEvent DONE Wait 
05-09 15:31:09.858 19457 19474 D UE4     : FAppEventManager::Tick EventHandlerEvent Wait 
05-09 15:31:09.998  1905  1905 D [OAR] HomeDialog: Quit Pressed
05-09 15:31:09.998  1905  1905 I [OAR] AnytimeUIAndroidPanelAppBase: actionHideDialog - quit
05-09 15:31:09.998  1905  1905 D [OAR] HomeDialog: Releasing old screenshot, jpg_size: 47962
05-09 15:31:10.023  1837  1899 I [OAR] ShellDialogControllerHost: DialogResult: quit
05-09 15:31:10.028 19457 19457 D SystemActivitiesReceiver: SystemActivityReceiver.onReceive intent:Intent { act=com.oculus.system_activity flg=0x10 pkg=com.YourCompany.ToysGame (has extras) }
05-09 15:31:10.029  1837  1899 I [OAR] ShellApplication: Sent exit broadcast to SystemActivities for:  com.YourCompany.ToysGame
05-09 15:31:10.030  2110  2157 I GuardianSystem: GuardianSystem::GuardianCmd 14
05-09 15:31:10.031  1837  1899 I [OAR] DialogControllerManager: Hide Previous pending dialog: type: 10, uri "systemux://dialog/exit", return component: "com.YourCompany.ToysGame", return activity component: "com.YourCompany.ToysGame/com.epicgames.ue4.GameActivity" - reason quit of exittohome
05-09 15:31:10.037  1837  1899 I [OAR] DialogControllerManager: Dialog change detected; updating dialog UI.
05-09 15:31:10.037  1837  1899 I [OAR] DialogControllerManager: Old dialog: type: 10, uri "systemux://dialog/exit", return component: "com.YourCompany.ToysGame", return activity component: "com.YourCompany.ToysGame/com.epicgames.ue4.GameActivity"
05-09 15:31:10.037  1837  1899 I [OAR] DialogControllerManager: New dialog: type: 0, uri "systemux://dialog/none", return component: "", return activity component: ""
05-09 15:31:10.037  1837  1899 I [OAR] DialogController: CloseDialogs() old: 10, pendingUri: systemux://dialog/exit, pendingComponent: com.YourCompany.ToysGame
05-09 15:31:10.037  1837  1899 I [OAR] SystemDialogController: HideVrShellDialog
05-09 15:31:10.037  1837  1899 I [OAR] SystemUXController: No known System UX Route for Navigation Route: com.oculus.systemux/com.oculus.panelapp.anytimeui.AnytimeUIAndroidPanelService
05-09 15:31:10.037  1837  1899 I [OAR] PlatformManager: Checking livestreaming allowed for:  com.oculus.vrshell
05-09 15:31:10.037  1837  1899 I [OAR] DialogController: Clearing existing dialog systemux://dialog/exit to None while in transition to pending dialog systemux://dialog/none
05-09 15:31:10.042 19457 19457 D SystemActivitiesReceiver: fromPackageName: 'com.oculus.vrshell'
05-09 15:31:10.042 19457 19457 D SystemActivitiesReceiver: command: '{"Command":"exitToHome","PlatformUIVersion":4,"ToPackage":"com.YourCompany.ToysGame"}'
05-09 15:31:10.042 19457 19457 D SystemActivitiesReceiver: uri: ''
05-09 15:31:10.043  1837  2388 I OVRPlatform: [QueueAsyncResponseHandler] success: {"streaming_enabled":true}
05-09 15:31:10.043  1905  1905 I [OAR] AnytimeUIAndroidPanelApp: updateActiveComponent - com.oculus.systemux/com.oculus.panelapp.anytimeui.AnytimeUIAndroidPanelService, returnComponent = 
05-09 15:31:10.043  1905  1905 I [OAR] AnytimeUIAndroidPanelAppBase: configureDialog:  systemux://dialog/none [] ()
05-09 15:31:10.043  1905  1905 I [OAR] AnytimeUIAndroidPanelAppBase: actionSetRoute - Route:  NONE(systemux://dialog/none)
05-09 15:31:10.043  1905  1905 D [OAR] TaskBarViewV1: NUX Mode = false
05-09 15:31:10.043  1905  1905 D [OAR] TaskBarViewV1: Skipping NUX Mode for Quest
05-09 15:31:10.044  1905  1905 I AndroidPanelLayer: Hiding layer dialog
05-09 15:31:10.044  1905  1905 I AndroidPanelApp: HideLayer(dialog)
05-09 15:31:10.044 19457 19457 D TrustedSignatureVerifier: Checking app signature for com.oculus.vrshell
05-09 15:31:10.045  1905  1905 I AndroidPanelApp: Processing pending hide layer for layer dialog.
05-09 15:31:10.046 19457 19457 D SystemActivitiesReceiver: App is trusted
05-09 15:31:10.046 19457 19457 I SystemUtils_Internal: nativeSystemActivityIntent in 'com.YourCompany.ToysGame': 'com.oculus.vrshell' '{"Command":"exitToHome","PlatformUIVersion":4,"ToPackage":"com.YourCompany.ToysGame"}' ''
05-09 15:31:10.046 19457 19457 I SystemUtils_Internal: finish() - exit to Home
05-09 15:31:10.046 19457 19457 W art     : Attempt to remove non-JNI local reference, dumping thread
05-09 15:31:10.046 19457 19457 W art     : Attempt to remove non-JNI local reference, dumping thread
05-09 15:31:10.046 19457 19457 W art     : Attempt to remove non-JNI local reference, dumping thread
05-09 15:31:10.047 19457 19457 D SystemActivitiesReceiver: SystemActivityReceiver.onReceive intent:Intent { act=com.oculus.system_activity flg=0x10 pkg=com.YourCompany.ToysGame (has extras) }
05-09 15:31:10.047 19457 19457 D SystemActivitiesReceiver: fromPackageName: 'com.oculus.vrshell'
05-09 15:31:10.047 19457 19457 D SystemActivitiesReceiver: command: '{"Command":"returnToLauncher","PlatformUIVersion":4,"ToPackage":"com.YourCompany.ToysGame"}'
05-09 15:31:10.047 19457 19457 D SystemActivitiesReceiver: uri: ''
05-09 15:31:10.048 19457 19457 I SystemUtils_Internal: nativeSystemActivityIntent in 'com.YourCompany.ToysGame': 'com.oculus.vrshell' '{"Command":"returnToLauncher","PlatformUIVersion":4,"ToPackage":"com.YourCompany.ToysGame"}' ''
05-09 15:31:10.048 19457 19457 I SystemUtils_Internal: ovrSystemUtils::AddEvent: queued event '{"Command":"returnToLauncher","PlatformUIVersion":4,"ToPackage":"com.YourCompany.ToysGame"}'
05-09 15:31:10.048 19457 19457 W art     : Attempt to remove non-JNI local reference, dumping thread
05-09 15:31:10.048 19457 19457 W art     : Attempt to remove non-JNI local reference, dumping thread
05-09 15:31:10.048 19457 19457 W art     : Attempt to remove non-JNI local reference, dumping thread
05-09 15:31:10.048 19457 19457 D ContextHelper: shouldSkipFinish: activity=com.epicgames.ue4.GameActivity@338bc55
05-09 15:31:10.049 19457 19457 D ContextHelper: activity=com.epicgames.ue4.GameActivity@338bc55, resumed=false
05-09 15:31:10.049 19457 19457 D ContextHelper: Calling finish() on com.epicgames.ue4.GameActivity@338bc55
05-09 15:31:10.051  1837  1899 D [OAR] PanelAppConfigurationUtil: Retrieving panel configuration for com.oculus.vrshell.home - com.oculus.vrshell.home.ExploreService
05-09 15:31:10.053  1837  1899 I [OAR] SystemUXController: Registering pending Shell Application launch for com.oculus.vrshell.home/com.oculus.vrshell.home.ExploreService,- overwriting existing launch? false.
05-09 15:31:10.053  1837  1899 I [OAR] SystemUXController: Building launch checks for com.oculus.vrshell.home, activity: com.oculus.vrshell.home.ExploreService
05-09 15:31:10.059 19457 19457 D UE4     : [GameActivity] onDestroy: destroy memoryHandlerThread
05-09 15:31:10.060 19457 19475 D UE4     : [2020.05.09-13.31.10:060][673]LogAndroid: Case APP_CMD_INPUT_CHANGED
05-09 15:31:10.061 19457 19475 D UE4     : [2020.05.09-13.31.10:061][673]LogAndroid: Case APP_CMD_DESTROY
05-09 15:31:10.061 19457 19475 D UE4     : LogAndroidEvents::EnqueueAppEvent : 15, [width=-1, height=-1], tid = 19475, APP_EVENT_RUN_CALLBACK
05-09 15:31:10.061 19457 19475 D UE4     : LogAndroidEvents::EnqueueAppEvent : 5, [width=-1, height=-1], tid = 19475, APP_EVENT_STATE_ON_DESTROY
05-09 15:31:10.063 19457 19474 D UE4     : FAppEventManager::Tick EventHandlerEvent DONE Wait 
05-09 15:31:10.069 19457 19475 I art     : System.exit called, status: 0
05-09 15:31:10.069 19457 19475 I AndroidRuntime: VM exiting with result code 0, cleanup skipped.
05-09 15:31:10.091  2081  2175 I LibraryProvider: running queryApp(com.oculus.vrshell.home) for com.oculus.vrshell
05-09 15:31:10.091  2081  2175 W LibraryProvider: Cannot find entitlement for com.oculus.vrshell.home
05-09 15:31:10.091  1837  1899 W OVRLibrary: null cursor received for query content://com.oculus.ocms.library/apps/com.oculus.vrshell.home
05-09 15:31:10.111  2081  2174 I LibraryProvider: running queryApp(com.oculus.vrshell.home) for com.oculus.vrshell
05-09 15:31:10.111  2081  2174 W LibraryProvider: Cannot find entitlement for com.oculus.vrshell.home
05-09 15:31:10.112  1837  1899 W OVRLibrary: null cursor received for query content://com.oculus.ocms.library/apps/com.oculus.vrshell.home
05-09 15:31:10.136  1837 20080 I VrApi   : FPS=73,Prd=45ms,Tear=0,Early=72,Stale=0,VSnc=1,Lat=1,Fov=0,CPU4/GPU=3/4,1958/670MHz,OC=FF,TA=0/E0/0,SP=N/F/N,Mem=1804MHz,Free=1139MB,PSM=0,PLS=0,Temp=30.0C/0.0C,TW=1.78ms,App=5.34ms,GD=0.00ms,CPU&GPU=9.03ms,LCnt=3,GPU%=0.45,CPU%=0.08(W0.11),DSF=1.00
05-09 15:31:10.144  2081  8003 I LibraryProvider: running queryApp(com.oculus.vrshell.home) for com.oculus.vrshell
05-09 15:31:10.144  2081  8003 W LibraryProvider: Cannot find entitlement for com.oculus.vrshell.home
05-09 15:31:10.144  1837  1899 W OVRLibrary: null cursor received for query content://com.oculus.ocms.library/apps/com.oculus.vrshell.home
05-09 15:31:10.149  1837  1899 I [OAR] SystemUXController: Finished building launch checks
05-09 15:31:10.149  1837  1899 I [OAR] SystemUXController: ProcessPendingLaunch ShellApplication
05-09 15:31:10.156  2096 19591 I Clocks  : SetSchedFifo( tid=1899, pri=0 ) succeeded
05-09 15:31:10.157  2096 19591 I Clocks  : SetSchedFifo( tid=20086, pri=0 ) succeeded
05-09 15:31:10.158  2096 19591 I Clocks  : SetSchedFifo( tid=2330, pri=0 ) succeeded
05-09 15:31:10.173  2081  2094 I LibraryProvider: running queryApp(com.oculus.vrshell.home) for com.oculus.vrshell
05-09 15:31:10.173  2081  2094 W LibraryProvider: Cannot find entitlement for com.oculus.vrshell.home
05-09 15:31:10.174  1837  1899 W OVRLibrary: null cursor received for query content://com.oculus.ocms.library/apps/com.oculus.vrshell.home
05-09 15:31:10.174  1837  1899 D [OAR] PanelAppConfigurationUtil: Retrieving panel configuration for com.oculus.vrshell.home - com.oculus.vrshell.home.ExploreService
05-09 15:31:10.176  1837  1899 I [OAR] SystemUXController: Calling DesktopPanelController launch Or Restore
05-09 15:31:10.176  1837  1899 I [OAR] DesktopPanelController: LaunchOrRestore( com.oculus.vrshell.home/com.oculus.vrshell.home.ExploreService )
05-09 15:31:10.176  1837  1899 I [OAR] DesktopPanelController: Launching com.oculus.vrshell.home/com.oculus.vrshell.home.ExploreService as (new:0) in the active Desktop:Theater
05-09 15:31:10.176  1837  1899 I [OAR] LegacyDesktop: Launch Package name:com.oculus.vrshell.home
05-09 15:31:10.176  1837  1899 I [OAR] LegacyDesktop: App com.oculus.vrshell.home/com.oculus.vrshell.home.ExploreService will be launched in Legacy Desktop
05-09 15:31:10.176  1837  1899 I [OAR] ShellApp: ResetComponents
05-09 15:31:10.176  1837  1899 I [OAR] TrackedUser: Reset
05-09 15:31:10.176  1837  1899 I [OAR] LegacyDesktop: Launching:com.oculus.vrshell.home/com.oculus.vrshell.home.ExploreService
05-09 15:31:10.176  1837  1899 I [OAR] LegacyDesktop: Focus change does not affect LegacyDesktop
05-09 15:31:10.176  1837  1899 I [OAR] ShellApp: CreatePanelApp( com.oculus.vrshell.home/com.oculus.vrshell.home.ExploreService )
05-09 15:31:10.176  1837  1899 I [OAR] ShellApp: Environment:
05-09 15:31:10.176  1837  1899 I [OAR] ShellApp: uri = /prime
05-09 15:31:10.176  1837  1899 I [OAR] ShellApp: _oc_launch_timestamp = 12575445
05-09 15:31:10.176  1837  1899 I [OAR] ShellLaunchParameters: HomePanelAppIndex: 7 - com.oculus.vrshell.home.ExploreService
05-09 15:31:10.177  1837  1899 I [OAR] ShellLaunchParameters: Passing BundleConfiguration to panel
05-09 15:31:10.177  1837  1899 I [OAR] PanelAppHost: PanelAppHost( com.oculus.vrshell.home/com.oculus.vrshell.home.ExploreService ) for PanelId 16
05-09 15:31:10.177  1837  1899 I [OAR] PanelAppHost: Panel app 16 (com.oculus.vrshell.home/com.oculus.vrshell.home.ExploreService) changing state from startup to foreground
05-09 15:31:10.181  1837  1899 I [OAR] PanelAppHost: Passing env var uri = /prime
05-09 15:31:10.181  1837  1899 I [OAR] PanelAppHost: Passing env var _oc_launch_timestamp = 12575445
05-09 15:31:10.181  1837  1899 I [OAR] PanelAppHost: Passing env var _oc_device_region = 0
05-09 15:31:10.181  1837  1899 I [OAR] PanelAppHost: Passing env var _oc_device_type = 259
05-09 15:31:10.181  1837  1899 I [OAR] PanelAppHost: Passing env var _oc_headset_type = 256
05-09 15:31:10.181  1837  1899 I [OAR] PanelAppHost: Passing env var _oc_analytics_session_id = 2780a95b-ac35-462a-920e-d2584e4a8467
05-09 15:31:10.181  1837  1899 I [OAR] PanelAppHost: Passing env var _oc_userid = 102449717587751
05-09 15:31:10.181  1837  1899 I [OAR] PanelAppHost: Passing env var _oc_enterprise_mode = false
05-09 15:31:10.181  1837  1899 I [OAR] PanelAppHost: Passing env var _oc_shell_version_name = 16.0.0.139.450
05-09 15:31:10.181  1837  1899 I [OAR] PanelAppHost: Passing env var _oc_shell_version_code = 210946745
05-09 15:31:10.181  1837  1899 I [OAR] PanelAppHost: Passing env var _oc_shell_permissions = permissionsGranted camera write_storage microphone
05-09 15:31:10.181  1837  1899 I [OAR] PanelAppHost: Passing env var _oc_shell_automation_enabled = false
05-09 15:31:10.181  1837  1899 I [OAR] PanelAppHost: Passing env var _oc_shell_view_id_debugging_enabled = false
05-09 15:31:10.181  1837  1899 I [OAR] PanelAppHost: Passing env var _oc_shell_pixel_density = 13
05-09 15:31:10.181  1837  1899 I [OAR] PanelAppHost: Passing env var _oc_shell_render_scale = 1.000000
05-09 15:31:10.181  1837  1899 I [OAR] PanelAppHost: Passing env var _oc_shell_feature_sets = multi-layer-v1,mirror-avatar-v1,system-ux-routes-v1,deeplink-nav-v1,clock-levels-v1,layerTranslate-v1,layerScaleDensity-v1,layerScaleDensity-v2,multiapp-alpha-v1,multiapp-v1
05-09 15:31:10.181  1837  1899 I [OAR] PanelAppHost: Passing env var _oc_gk:oculus_mobile_sysux_unified_dialogs_v9 = true
05-09 15:31:10.181  1837  1899 I [OAR] PanelAppHost: Passing env var _oc_gk:oculus_mobile_sysux_lightweight_releases = true
05-09 15:31:10.181  1837  1899 I [OAR] PanelAppHost: Passing env var _oc_gk:oculus_mobile_home_js_bundle = true
05-09 15:31:10.181  1837  1899 I [OAR] PanelAppHost: Passing env var _oc_gk:oculus_vrshell_launch_checks = true
05-09 15:31:10.181  1837  1899 I [OAR] PanelAppHost: Passing env var _oc_shell_host = vrshell
05-09 15:31:10.181  1837  1899 I [OAR] PanelAppHost: Passing env var _oc_shell_panel_app_index = 7
05-09 15:31:10.181  1837  1899 I [OAR] PanelAppHost: Passing env var _oc_shell_panel_bundle_configuration = {"NONE":null}
05-09 15:31:10.181  1837  1899 I [OAR] PanelAppHost: Passing env var _oc_shell_panel_id = 16
05-09 15:31:10.181  1837  1899 I [OAR] PanelAppHost: Calling sendPanelLaunchIntent for panel app com.oculus.vrshell.home/com.oculus.vrshell.home.ExploreService
05-09 15:31:10.181  1774  1774 I VRLifecycleSessionManager: Stored session info.
05-09 15:31:10.181  1837  1899 D [OAR] ShellApplication: sendApkPanelLaunchIntent: packageName=com.oculus.vrshell.home, serviceClassName=com.oculus.vrshell.home.ExploreService
05-09 15:31:10.183  1837  1899 D [OAR] PanelServiceConnection: getSystemProcessUidForCurrentUser: 'android' systemUid = 1000
05-09 15:31:10.183  1837  1899 D [OAR] ShellApplication: bindService Intent { cmp=com.oculus.vrshell.home/.ExploreService }
05-09 15:31:10.208  1075  1617 I ActivityManager: Start proc 20093:com.oculus.vrshell.home:explore/u0a53 for service com.oculus.vrshell.home/.ExploreService
05-09 15:31:10.209  1837  1899 D [OAR] ShellApplication: notify OS to set com.oculus.vrshell.home/com.oculus.vrshell.home.ExploreService to FOREGROUND
05-09 15:31:10.211  1837  1899 I [OAR] LegacyDesktop: Inserting panelapp with id 16 to monitor 0
05-09 15:31:10.211  1837  1899 E PersistableBundle: Failed at frameworks/native/libs/binder/PersistableBundle.cpp:158 (size_t android::os::PersistableBundle::erase(const android::String16 &))
05-09 15:31:10.211  1837  1899 I ScreenCaptureHelper: SetScreenCaptureInhibitFlag : inhibited
05-09 15:31:10.212  2096  2297 I ScreenCaptureBase: GlobalInhibitState=0
05-09 15:31:10.212  1837  1899 I [OAR] PlatformManager: Resuming live stream
05-09 15:31:10.214  1837  1899 I [OAR] PanelAppHost: Setting panel layer visibility of layer "dialog" to invisible
05-09 15:31:10.214  1837  1899 I [OAR] PlatformManager: isLiveStreamingAllowed response:  1
05-09 15:31:10.216  1905  1905 I [OAR] AnytimeUIAndroidPanelApp: updateActiveComponent - systemux://home, returnComponent = 
05-09 15:31:10.217  2110  2124 I GuardianSystem: Guardian: GuardianCmdWithParms 7, 1, 0.000000
05-09 15:31:10.219  1837  1899 I [OAR] EnvironmentReconciler: Using the scene audio loop
05-09 15:31:10.219  1837  1899 I [OAR] Scene: SetBackgroundLoop: default scene selected, setting audio apk:///assets/system_environment.gltf.ovrscene
05-09 15:31:10.219  1837  1899 I [OAR] AudioMixer: PlayAmbisonicWavFile: 1335437 looping samples 4 channels at 12575.646549
05-09 15:31:10.219  1837  1899 I [OAR] PlatformManager: isLiveStreaming response:  0
05-09 15:31:10.220  1837  2389 I OVRPlatform: [QueueAsyncResponseHandler] success: {"livestreaming_enabled":false,"is_paused":false,"livestreaming_type":0,"comments_visible":false,"mic_enabled":true}
05-09 15:31:10.221  1905  1905 I [OAR] AnytimeUIAndroidPanelAppBase: updateLiveStreamStatus - isLiveStreaming=false, allowed=true
05-09 15:31:10.222  1837  1837 D [OAR] ShellControlBroadcastReceiver: onReceive with MainActivity native pointer 3686151536, action com.oculus.systemactivities.LOCAL_STREAM_STATE_UPDATE
05-09 15:31:10.227  2096 19591 I Clocks  : SetSchedFifo( tid=1899, pri=1 ) succeeded
05-09 15:31:10.229  2096 19591 I Clocks  : SetSchedFifo( tid=20086, pri=1 ) succeeded
05-09 15:31:10.230  2096 19591 I Clocks  : SetSchedFifo( tid=2330, pri=1 ) succeeded
05-09 15:31:10.230  2096 19591 I TimeWarp: UpdateClockLevels: Apply pending clock request change: 3,4 -> 4,4
05-09 15:31:10.230  2096 19583 I Clocks  : ReleaseClocks - start
05-09 15:31:10.230   720  1214 D         : CPU_CLUSTER_0: No client requests exists, release clocks
05-09 15:31:10.230   720  1214 D         : CPU_CLUSTER_1: No client requests exists, release clocks
05-09 15:31:10.230   720  1214 D         : GPU: No client requests exists, release clocks
05-09 15:31:10.231   720  1214 D         : CPUBW: No client requests exists, release clocks
05-09 15:31:10.232  1837  1899 I [OAR] ShellApp: 0xcb334358 msg: broadcastIntent:
05-09 15:31:10.232  1837  1899 I [OAR] ShellApp: is_capture_running = 0
05-09 15:31:10.232  1837  1899 I [OAR] ShellApp: intent_action = com.oculus.systemactivities.LOCAL_STREAM_STATE_UPDATE
05-09 15:31:10.232  2096 19583 I Clocks  : ReleaseClocks - end (1.8 ms)
05-09 15:31:10.232  1837  1899 I [OAR] SystemUXController: OnLocalStreamChanged, enabled?=0
05-09 15:31:10.232  2096 19583 I Clocks  : LockClocks( cpu=4, gpu=4 ) - start
05-09 15:31:10.233  2096 19583 I Clocks  : CPU levels [0, 4]
05-09 15:31:10.233  2096 19583 I Clocks  : GPU levels [0, 5]
05-09 15:31:10.234   720  1214 D         : CPU_CLUSTER_0: Client 2096 sends freq request [21, 21]
05-09 15:31:10.234   720  1214 D         : CPU_CLUSTER_0: Next Perf Level = (21, 21)
05-09 15:31:10.234   720  1214 D         : CPU_CLUSTER_1: Client 2096 sends freq request [26, 26]
05-09 15:31:10.234   720  1214 D         : CPU_CLUSTER_1: Next Perf Level = (26, 26)
05-09 15:31:10.234  1905  1905 I [OAR] AnytimeUIAndroidPanelAppBase: updateLocalStreamState - false
05-09 15:31:10.234   720  1214 D         : CPUBW: Client 2096 sends freq request [8, 11]
05-09 15:31:10.234   720  1214 D         : CPUBW: Next Perf Level = (8, 11)
05-09 15:31:10.236   720  1214 D         : GPU: Client 2096 sends freq request [6, 6]
05-09 15:31:10.236   720  1214 D         : GPU: Next Perf Level = (6, 6)
05-09 15:31:10.241  2096 19583 I Clocks  : LockClocks( cpu=4, gpu=4 ) - end (6.7 ms)
05-09 15:31:10.267 20093 20093 W System  : ClassLoader referenced unknown path: /system/app/VrHome/lib/arm
05-09 15:31:10.274 20093 20093 D AccessTokenForwarder: Constructed
05-09 15:31:10.277 20093 20093 I HomeApplication: process: com.oculus.vrshell.home:explore
05-09 15:31:10.277 20093 20093 I HomeApplication: endpoint: https://graph.facebook.com/logging_client_events
05-09 15:31:10.285 20093 20106 D PanelCookiesModuleImpl: Detected valid cookie 'Home:CachedAccessToken' - Added.
05-09 15:31:10.286 20093 20106 D AccessTokenForwarder: Get access token
05-09 15:31:10.290 20093 20106 D NetworkSecurityConfig: No Network Security Config specified, using platform default
05-09 15:31:10.292 20093 20093 D UnifiedTelemetryLogger: UnifiedTelemetryLogger instance created.
05-09 15:31:10.292 20093 20093 D UnifiedTelemetryLogger: UnifiedTelemetryLogger mIsStandAloneDevice = true
05-09 15:31:10.293 20093 20106 I GraphQLPrefetch: Prefetching query. docId: 3650349081704479, variables: {"alternativeSource":null,"cursor":null,"count":4,"feedSource":null,"section":"DEFAULT"}
05-09 15:31:10.293 20093 20093 D UnifiedTelemetryLogger: UnifiedTelemetryLogger instance created
05-09 15:31:10.293 20093 20093 D UnifiedTelemetryLogger: binding with UnifiedTelemetryService
05-09 15:31:10.295 20093 20106 I GraphQLPrefetch: Prefetching query. docId: 2730171627063766, variables: {}
05-09 15:31:10.295 20093 20106 I GraphQLPrefetch: Prefetching query. docId: 2886345294781084, variables: {}
05-09 15:31:10.301 20093 20106 D WifiManagerModule: Got connected SSID: BOEY
05-09 15:31:10.312 20093 20106 D UnifiedTelemetryLogger: Already initialized.
05-09 15:31:10.312 20093 20093 D SoLoader: init start
05-09 15:31:10.312 20093 20093 D SoLoader: adding system library source: /vendor/lib
05-09 15:31:10.312 20093 20093 D SoLoader: adding system library source: /system/lib
05-09 15:31:10.313 20093 20093 D SoLoader: adding backup source from : com.facebook.soloader.ApkSoSource[root = /data/data/com.oculus.vrshell.home/lib-main flags = 1]
05-09 15:31:10.313 20093 20093 D SoLoader: Preparing SO source: com.facebook.soloader.DirectorySoSource[root = /system/lib flags = 2]
05-09 15:31:10.313 20093 20093 D SoLoader: Preparing SO source: com.facebook.soloader.DirectorySoSource[root = /system/vendor/lib flags = 2]
05-09 15:31:10.313 20093 20093 D SoLoader: Preparing SO source: com.facebook.soloader.ApkSoSource[root = /data/data/com.oculus.vrshell.home/lib-main flags = 1]
05-09 15:31:10.313 20093 20093 V fb-UnpackingSoSource: locked dso store /data/user/0/com.oculus.vrshell.home/lib-main
05-09 15:31:10.314 20093 20093 I fb-UnpackingSoSource: dso store is up-to-date: /data/user/0/com.oculus.vrshell.home/lib-main
05-09 15:31:10.314 20093 20093 V fb-UnpackingSoSource: releasing dso store lock for /data/user/0/com.oculus.vrshell.home/lib-main
05-09 15:31:10.314 20093 20093 D SoLoader: init finish: 3 SO sources prepared
05-09 15:31:10.314 20093 20093 D SoLoader: init exiting
05-09 15:31:10.314 20093 20093 D SoLoader: About to load: libfbjni.so
05-09 15:31:10.315 20093 20093 D SoLoader: libfbjni.so found on /data/data/com.oculus.vrshell.home/lib-main
05-09 15:31:10.316 20093 20093 D SoLoader: Loading lib dependencies: [libmemalign16_cpp.so, liblog.so, libgnustl_shared.so, libdl.so, libc.so]
05-09 15:31:10.316 20093 20093 D SoLoader: About to load: libmemalign16_cpp.so
05-09 15:31:10.316 20093 20093 D SoLoader: libmemalign16_cpp.so found on /data/data/com.oculus.vrshell.home/lib-main
05-09 15:31:10.316 20093 20093 D SoLoader: Loading lib dependencies: [libmemalign16.so, libgnustl_shared.so, libc.so]
05-09 15:31:10.316 20093 20093 D SoLoader: About to load: libmemalign16.so
05-09 15:31:10.316 20093 20093 D SoLoader: libmemalign16.so found on /data/data/com.oculus.vrshell.home/lib-main
05-09 15:31:10.316 20093 20093 D SoLoader: Loading lib dependencies: [libc.so]
05-09 15:31:10.316 20093 20093 D SoLoader: About to load: libc.so
05-09 15:31:10.317 20093 20093 D SoLoader: libc.so not found on /data/data/com.oculus.vrshell.home/lib-main
05-09 15:31:10.317 20093 20093 D SoLoader: libc.so not found on /system/vendor/lib
05-09 15:31:10.317 20093 20093 D SoLoader: libc.so found on /system/lib
05-09 15:31:10.317 20093 20093 D SoLoader: libc.so loaded implicitly
05-09 15:31:10.317 20093 20093 D SoLoader: Loaded: libc.so
05-09 15:31:10.317 20093 20093 D SoLoader: Loaded: libmemalign16.so
05-09 15:31:10.317 20093 20093 D SoLoader: About to load: libgnustl_shared.so
05-09 15:31:10.317 20093 20093 D SoLoader: libgnustl_shared.so found on /data/data/com.oculus.vrshell.home/lib-main
05-09 15:31:10.318 20093 20093 D SoLoader: Loading lib dependencies: [libm.so, libc.so, libdl.so]
05-09 15:31:10.318 20093 20093 D SoLoader: About to load: libm.so
05-09 15:31:10.318 20093 20093 D SoLoader: libm.so not found on /data/data/com.oculus.vrshell.home/lib-main
05-09 15:31:10.318 20093 20093 D SoLoader: libm.so not found on /system/vendor/lib
05-09 15:31:10.318 20093 20093 D SoLoader: libm.so found on /system/lib
05-09 15:31:10.318 20093 20093 D SoLoader: libm.so loaded implicitly
05-09 15:31:10.318 20093 20093 D SoLoader: Loaded: libm.so
05-09 15:31:10.318 20093 20093 D SoLoader: About to load: libdl.so
05-09 15:31:10.318 20093 20093 D SoLoader: libdl.so not found on /data/data/com.oculus.vrshell.home/lib-main
05-09 15:31:10.318 20093 20093 D SoLoader: libdl.so not found on /system/vendor/lib
05-09 15:31:10.318 20093 20093 D SoLoader: libdl.so found on /system/lib
05-09 15:31:10.318 20093 20093 D SoLoader: libdl.so loaded implicitly
05-09 15:31:10.318 20093 20093 D SoLoader: Loaded: libdl.so
05-09 15:31:10.319  1075  1505 D DnsEventListenerService: Logging 100 results for netId 112
05-09 15:31:10.321 20093 20093 D SoLoader: Loaded: libgnustl_shared.so
05-09 15:31:10.321 20093 20093 D SoLoader: Loaded: libmemalign16_cpp.so
05-09 15:31:10.321 20093 20093 D SoLoader: About to load: liblog.so
05-09 15:31:10.321 20093 20093 D SoLoader: liblog.so not found on /data/data/com.oculus.vrshell.home/lib-main
05-09 15:31:10.321 20093 20093 D SoLoader: liblog.so not found on /system/vendor/lib
05-09 15:31:10.321 20093 20093 D SoLoader: liblog.so found on /system/lib
05-09 15:31:10.321 20093 20093 D SoLoader: liblog.so loaded implicitly
05-09 15:31:10.321 20093 20093 D SoLoader: Loaded: liblog.so
05-09 15:31:10.322 20093 20093 D SoLoader: Loaded: libfbjni.so
05-09 15:31:10.326 20093 20093 I PanelService: onCreate()
05-09 15:31:10.328 20093 20093 I PanelService: end of onCreate()
05-09 15:31:10.328 20093 20093 I SingletonPanelService: Loading library home
05-09 15:31:10.343 20093 20093 I BaseService: onCreate service type EXPLORE
05-09 15:31:10.343 20093 20093 D CrashReporting: Breakpad for Native crashes enabled
05-09 15:31:10.343 20093 20093 D SoLoader: About to load: libbreakpad.so
05-09 15:31:10.343 20093 20093 D SoLoader: libbreakpad.so found on /data/data/com.oculus.vrshell.home/lib-main
05-09 15:31:10.344 20093 20093 D SoLoader: Loading lib dependencies: [libmemalign16_cpp.so, liblog.so, libsigmux.so, libmemalign16.so, libgnustl_shared.so, libdl.so, libc.so]
05-09 15:31:10.344 20093 20093 D SoLoader: About to load: libsigmux.so
05-09 15:31:10.344 20093 20093 D SoLoader: libsigmux.so found on /data/data/com.oculus.vrshell.home/lib-main
05-09 15:31:10.344 20093 20093 D SoLoader: Loading lib dependencies: [libc.so]
05-09 15:31:10.345 20093 20093 D SoLoader: Loaded: libsigmux.so
05-09 15:31:10.345 20093 20093 D SoLoader: Loaded: libbreakpad.so
05-09 15:31:10.346 20093 20093 D CrashReporting: ACRA/OculusCrashReporter for Java crashes enabled
05-09 15:31:10.349 20093 20093 D CrashReporting: ACRA/Initializing with endpoint https://www.facebook.com/mobile/generic_android_crash_logs/285486028533521
05-09 15:31:10.371 20093 20093 D ExceptionHandlerManager: ExceptionHandlerManager not explicitly initialized, using default mode
05-09 15:31:10.371 20093 20093 D ExceptionHandlerManager: initializing exception handler manager, prioritized=true
05-09 15:31:10.375 20093 20093 E ACRA    : Skipping ANR Detector for process: com.oculus.vrshell.home:explore
05-09 15:31:10.377 20093 20093 D CrashReporting: JavascriptCrashReporter is enabled
05-09 15:31:10.377 20093 20093 I BaseService: Core app versions: {"com.oculus.browser":210941660,"com.oculus.govrnux":0,"com.oculus.home":210929916,"com.oculus.horizon":210902890,"com.oculus.mediaplayer":53624647,"com.oculus.systemactivities":210938879,"com.oculus.systemdriver":210938873,"com.oculus.systemutilities":210938897,"com.oculus.vrshell":210946745,"com.oculus.vrshell.home":210938855}
05-09 15:31:10.388 20093 20111 D APIInterceptor: intercept original headers:
05-09 15:31:10.388 20093 20111 D APIInterceptor: Host: graph.oculus.com
05-09 15:31:10.388 20093 20111 D APIInterceptor: Connection: Keep-Alive
05-09 15:31:10.388 20093 20111 D APIInterceptor: Accept-Encoding: gzip
05-09 15:31:10.388 20093 20111 D APIInterceptor: User-Agent: okhttp/3.6.0
05-09 15:31:10.390 20093 20110 D APIInterceptor: intercept original headers:
05-09 15:31:10.390 20093 20111 D APIInterceptor: intercept modified headers:
05-09 15:31:10.390 20093 20111 D APIInterceptor: Host: graph.oculus.com
05-09 15:31:10.390 20093 20110 D APIInterceptor: Host: graph.oculus.com
05-09 15:31:10.390 20093 20111 D APIInterceptor: Connection: Keep-Alive
05-09 15:31:10.390 20093 20110 D APIInterceptor: Connection: Keep-Alive
05-09 15:31:10.390 20093 20111 D APIInterceptor: Accept-Encoding: gzip
05-09 15:31:10.390 20093 20110 D APIInterceptor: Accept-Encoding: gzip
05-09 15:31:10.390 20093 20110 D APIInterceptor: User-Agent: okhttp/3.6.0
05-09 15:31:10.390 20093 20111 D APIInterceptor: X-Build-Model: Oculus Quest
05-09 15:31:10.390 20093 20111 D APIInterceptor: X-Build-Number: 210938855
05-09 15:31:10.390 20093 20111 D APIInterceptor: X-ANDROID-ID: 13720d2a49fddeae
05-09 15:31:10.390 20093 20111 D APIInterceptor: X-OC-Selected-Headset-Serial: 1PASH9BQ720132
05-09 15:31:10.390 20093 20111 D APIInterceptor: X-OC-VrShell-Build-Name: 16.0.0.139.450
05-09 15:31:10.391 20093 20111 D APIInterceptor: User-Agent: Dalvik/2.1.0 (Linux; U; Android 7.1.1; Quest Build/NGI77B) [FBAN/OculusHomeShell;FBAV/16.0.0.138.450;FBDV/Quest;FBCR/null;FBLC/en_GB;FBSV/7.1.1;FBBD/oculus;FBBV/210938855;FBCA/armeabi-v7a:armeabi;FBMF/Oculus;FBPN/com.oculus.vrshell.home;]
05-09 15:31:10.391 20093 20111 D APIInterceptor: Accept-Language: en_GB
05-09 15:31:10.392 20093 20113 D APIInterceptor: intercept original headers:
05-09 15:31:10.392 20093 20113 D APIInterceptor: Host: graph.oculus.com
