05-05 14:03:59.584   715  4734 I [CT]    : IMU: Total Dropped: 0.000000, Total Sample Count: 35218.721500 (0.000000%)
05-05 14:03:59.584   715  4734 I [CT]    : Controller 4212769887286730484:
05-05 14:03:59.584   715  4734 I [CT]    : I
05-05 14:04:00.320  4590  4885 I Telemetry: App memory usage: PSS=718MB DalvikPSS=2 MB
05-05 14:04:00.321  4590  4885 I VrApi   : FPS=72,Prd=44ms,Tear=0,Early=0,Stale=0,VSnc=1,Lat=1,Fov=0,CPU4/GPU=2/4,1651/670MHz,OC=FF,TA=0/E0/E0,SP=N/F/F,Mem=1804MHz,Free=1372MB,PSM=0,PLS=0,Temp=31.0C/0.0C,TW=1.23ms,App=14.73ms,GD=0.00ms,CPU&GPU=20.69ms,LCnt=1,GPU%=0.91,CPU%=0.28(W0.43),DSF=1.00
05-05 14:04:00.940  4590  4885 I VrApi   : FPS=71,Prd=44ms,Tear=0,Early=0,Stale=3,VSnc=1,Lat=1,Fov=0,CPU4/GPU=2/4,1651/670MHz,OC=FF,TA=0/E0/E0,SP=N/F/F,Mem=1804MHz,Free=1372MB,PSM=0,PLS=0,Temp=31.0C/0.0C,TW=1.21ms,App=12.96ms,GD=0.00ms,CPU&GPU=17.82ms,LCnt=1,GPU%=1.00,CPU%=0.26(W0.35),DSF=1.00
05-05 14:04:01.333  4590  4609 D UE4     : [GameActivity] Used memory: 736173
05-05 14:04:01.938  4590  4885 I VrApi   : FPS=72,Prd=44ms,Tear=0,Early=0,Stale=0,VSnc=1,Lat=1,Fov=0,CPU4/GPU=2/4,1651/670MHz,OC=FF,TA=0/E0/E0,SP=N/F/F,Mem=1804MHz,Free=1369MB,PSM=0,PLS=0,Temp=31.0C/0.0C,TW=1.25ms,App=14.00ms,GD=0.00ms,CPU&GPU=19.50ms,LCnt=1,GPU%=0.97,CPU%=0.31(W0.43),DSF=1.00
05-05 14:04:02.830   715  4733 I [CT]    : MANAGEMENT:CONSTELLATION: Status=GREEN,, Obj=7745273921483883046,6DOF=1,FusJit=0.003mm,Issues(Cam/min=  0,IMU/min=0), Obj=4212769887286730484,6DOF=1,FusJit=0.0mm,Issues(Cam/min=  0,IMU/min=0)
05-05 14:04:02.940  4590  4885 I VrApi   : FPS=70,Prd=44ms,Tear=0,Early=0,Stale=3,VSnc=1,Lat=1,Fov=0,CPU4/GPU=2/4,1651/670MHz,OC=FF,TA=0/E0/E0,SP=N/F/F,Mem=1804MHz,Free=1373MB,PSM=0,PLS=0,Temp=31.0C/0.0C,TW=1.24ms,App=14.25ms,GD=0.00ms,CPU&GPU=22.42ms,LCnt=1,GPU%=0.99,CPU%=0.23(W0.38),DSF=1.00
05-05 14:04:02.983   715  4734 I [CT]    : VIPER:MAP_MANAGER: State: TRACKING_PERSISTENT, UUID=d18585e8-d288-4997-b6ff-78495c7eed6a, Num. Persistent maps = 1,  Persistent maps:d18585e8-d288-4997-b6ff-78495c7eed6a,, Ser. Disabled = 00000000-0000-0000-0000-000000000000
05-05 14:04:03.024   715  4734 I [CT]    : VIPER: Status=6DoF,TRACKING,KF=155,Inl=441,Pts=502,Jit=0.2mm,Issues(Cam/min=0.0,IMU/min=0.0),Exp=(5.6ms,g=6.0,I=75)(4.8ms,g=4.0,I=71)(5.6ms,g=6.0,I=68)(4.7ms,g=4.0,I=67)
05-05 14:04:03.941  4590  4885 I VrApi   : FPS=72,Prd=45ms,Tear=0,Early=0,Stale=3,VSnc=1,Lat=1,Fov=0,CPU4/GPU=2/4,1651/670MHz,OC=FF,TA=0/E0/E0,SP=N/F/F,Mem=1804MHz,Free=1373MB,PSM=0,PLS=0,Temp=31.0C/0.0C,TW=1.25ms,App=12.89ms,GD=0.00ms,CPU&GPU=20.42ms,LCnt=1,GPU%=0.93,CPU%=0.32(W0.36),DSF=1.00
05-05 14:04:04.941  4590  4885 I VrApi   : FPS=72,Prd=45ms,Tear=0,Early=0,Stale=0,VSnc=1,Lat=1,Fov=0,CPU4/GPU=2/4,1651/670MHz,OC=FF,TA=0/E0/E0,SP=N/F/F,Mem=1804MHz,Free=1373MB,PSM=0,PLS=0,Temp=31.0C/0.0C,TW=1.24ms,App=13.13ms,GD=0.00ms,CPU&GPU=16.58ms,LCnt=1,GPU%=0.96,CPU%=0.37(W0.42),DSF=1.00
05-05 14:04:05.167   715  4666 I [CT]    : boltlib: DSP utilization(%): 18
05-05 14:04:05.585   715  4734 I [CT]    : HealthReport: ==================================================
05-05 14:04:05.585   715  4734 I [CT]    : Health Report
05-05 14:04:05.585   715  4734 I [CT]    : -------------
05-05 14:04:05.585   715  4734 I [CT]    : 
05-05 14:04:05.585   715  4734 I [CT]    : Reporter #1 (InsideOutHealthMonitor) summary:
05-05 14:04:05.585   715  4734 I [CT]    : Camera: Total Dropped: 0.000000, Total Frame Count: 1955 (0.000000%), Camera Reset Count: 0
05-05 14:04:05.585   715  4734 I [CT]    : Camera: Total Single Camera Frame Dropped: 0, Total Frame Count: 1955 (0.000000%)
05-05 14:04:05.585   715  4734 I [CT]    : IMU: Total Dropped: 0.000000, Total Sample Count: 78440 (0.000000%)
05-05 14:04:05.585   715  4734 I [CT]    : Magnetometer: Total Dropped: 0.000000, Total Sample Count: 2354 (0.000000%)
05-05 14:04:05.585   715  4734 I [CT]    : 
05-05 14:04:05.585   715  4734 I [CT]    : Reporter #1 (InsideOutHealthMonitor) Passed
05-05 14:04:05.585   715  4734 I [CT]    : --------------------------------------------------
05-05 14:04:05.585   715  4734 I [CT]    : Reporter #2 (ConstellationHealthMonitor) summary:
05-05 14:04:05.585   715  4734 I [CT]    : Camera: Total Dropped: 0.000000, Total Frame Count: 1956 (0.000000%), Camera Reset Count: 1
05-05 14:04:05.585   715  4734 I [CT]    : Camera: Total Single Camera Frame Dropped: 0, Total Frame Count: 1956 (0.000000%)
05-05 14:04:05.585   715  4734 I [CT]    : Controller 7745273921483883046:
05-05 14:04:05.585   715  4734 I [CT]    : IMU: Capture period exceeded threshold.  Largest period: 2.132704 sec
05-05 14:04:05.585   715  4734 I [CT]    : Controllers may have been sleeping
05-05 14:04:05.585   715  4734 I [CT]    : IMU: Total Dropped: 0.000000, Total Sample Count: 38217.983000 (0.000000%)
05-05 14:04:05.585   715  4734 I [CT]    : Controller 4212769887286730484:
05-05 14:04:05.585   715  4734 I [CT]    : I
05-05 14:04:05.895   715  4717 I [CT]    : L:Behavior:AtRest: activated
05-05 14:04:05.895   715  4717 I [CT]    : AdHocPatch: [Left] t = 78.878s, behavior transition: None -> AtRest at 78.929s
05-05 14:04:05.925   715  4717 I [CT]    : L:Behavior:AtRest: deactivated
05-05 14:04:05.925   715  4717 I [CT]    : AdHocPatch: [Left] t = 78.908s, behavior transition: AtRest -> None at 78.959s
05-05 14:04:05.944  4590  4885 I VrApi   : FPS=72,Prd=45ms,Tear=0,Early=0,Stale=0,VSnc=1,Lat=1,Fov=0,CPU4/GPU=2/4,1651/670MHz,OC=FF,TA=0/E0/E0,SP=N/F/F,Mem=1804MHz,Free=1372MB,PSM=0,PLS=0,Temp=31.0C/0.0C,TW=1.22ms,App=12.63ms,GD=0.00ms,CPU&GPU=16.72ms,LCnt=1,GPU%=0.90,CPU%=0.25(W0.40),DSF=1.00
05-05 14:04:06.171   715  4717 I [CT]    : L:Behavior:AtRest: activated
05-05 14:04:06.171   715  4717 I [CT]    : AdHocPatch: [Left] t = 79.154s, behavior transition: None -> AtRest at 79.205s
05-05 14:04:06.217   715  4717 I [CT]    : L:Behavior:AtRest: deactivated
05-05 14:04:06.217   715  4717 I [CT]    : AdHocPatch: [Left] t = 79.200s, behavior transition: AtRest -> None at 79.251s
05-05 14:04:06.346   715  4717 I [CT]    : L:Behavior:AtRest: activated
05-05 14:04:06.346   715  4717 I [CT]    : AdHocPatch: [Left] t = 79.326s, behavior transition: None -> AtRest at 79.377s
05-05 14:04:06.373   715  4717 I [CT]    : L:Behavior:AtRest: deactivated
05-05 14:04:06.373   715  4717 I [CT]    : AdHocPatch: [Left] t = 79.356s, behavior transition: AtRest -> None at 79.407s
05-05 14:04:06.431   715  4733 I [CT]    : MANAGEMENT:CONSTELLATION: Status=GREEN,, Obj=7745273921483883046,6DOF=1,FusJit=0.002mm,Issues(Cam/min=  0,IMU/min=0), Obj=4212769887286730484,6DOF=1,Issues(Cam/min=  0,IMU/min=0)
05-05 14:04:06.467   715  4717 I [CT]    : L:Behavior:AtRest: activated
05-05 14:04:06.467   715  4717 I [CT]    : AdHocPatch: [Left] t = 79.448s, behavior transition: None -> AtRest at 79.499s
05-05 14:04:06.553   715  4717 I [CT]    : L:Behavior:AtRest: deactivated
05-05 14:04:06.553   715  4717 I [CT]    : AdHocPatch: [Left] t = 79.536s, behavior transition: AtRest -> None at 79.586s
05-05 14:04:06.584   715  4734 I [CT]    : VIPER:MAP_MANAGER: State: TRACKING_PERSISTENT, UUID=d18585e8-d288-4997-b6ff-78495c7eed6a, Num. Persistent maps = 1,  Persistent maps:d18585e8-d288-4997-b6ff-78495c7eed6a,, Ser. Disabled = 00000000-0000-0000-0000-000000000000
05-05 14:04:06.624   715  4734 I [CT]    : VIPER: Status=6DoF,TRACKING,KF=155,Inl=475,Pts=502,Jit=0.1mm,Issues(Cam/min=0.0,IMU/min=0.0),Exp=(6.3ms,g=6.0,I=78)(5.4ms,g=3.0,I=69)(6.3ms,g=6.0,I=64)(5.3ms,g=4.0,I=68)
05-05 14:04:06.751   715  4717 I [CT]    : L:Behavior:AtRest: activated
05-05 14:04:06.751   715  4717 I [CT]    : AdHocPatch: [Left] t = 79.734s, behavior transition: None -> AtRest at 79.784s
05-05 14:04:06.855   715  4717 I [CT]    : L:Behavior:AtRest: deactivated
05-05 14:04:06.855   715  4717 I [CT]    : AdHocPatch: [Left] t = 79.838s, behavior transition: AtRest -> None at 79.888s
05-05 14:04:06.945  4590  4885 I VrApi   : FPS=72,Prd=45ms,Tear=0,Early=0,Stale=0,VSnc=1,Lat=1,Fov=0,CPU4/GPU=2/4,1651/670MHz,OC=FF,TA=0/E0/E0,SP=N/F/F,Mem=1804MHz,Free=1373MB,PSM=0,PLS=0,Temp=31.0C/0.0C,TW=1.21ms,App=14.74ms,GD=0.00ms,CPU&GPU=17.46ms,LCnt=1,GPU%=0.99,CPU%=0.26(W0.30),DSF=1.00
05-05 14:04:07.941  4590  4885 I VrApi   : FPS=72,Prd=45ms,Tear=0,Early=0,Stale=0,VSnc=1,Lat=1,Fov=0,CPU4/GPU=2/4,1651/670MHz,OC=FF,TA=0/E0/E0,SP=N/F/F,Mem=1804MHz,Free=1373MB,PSM=0,PLS=0,Temp=31.0C/0.0C,TW=1.24ms,App=12.95ms,GD=0.00ms,CPU&GPU=17.89ms,LCnt=1,GPU%=0.99,CPU%=0.21(W0.26),DSF=1.00
05-05 14:04:08.942  4590  4885 I VrApi   : FPS=72,Prd=44ms,Tear=0,Early=0,Stale=0,VSnc=1,Lat=1,Fov=0,CPU4/GPU=2/4,1651/670MHz,OC=FF,TA=0/E0/E0,SP=N/F/F,Mem=1804MHz,Free=1369MB,PSM=0,PLS=0,Temp=31.0C/0.0C,TW=1.22ms,App=14.35ms,GD=0.00ms,CPU&GPU=19.97ms,LCnt=1,GPU%=0.96,CPU%=0.27(W0.29),DSF=1.00
05-05 14:04:09.270  2121  4751 I TimeWarp: UpdateClockLevels: Apply pending clock request change: 2,4 -> 3,4
05-05 14:04:09.271  2121  4745 I Clocks  : ReleaseClocks - start
05-05 14:04:09.271   719  2791 D         : CPU_CLUSTER_0: No client requests exists, release clocks
05-05 14:04:09.271   719  2791 D         : CPU_CLUSTER_1: No client requests exists, release clocks
05-05 14:04:09.271   719  2791 D         : GPU: No client requests exists, release clocks
05-05 14:04:09.272   719  2791 D         : CPUBW: No client requests exists, release clocks
05-05 14:04:09.272  2121  4745 I Clocks  : ReleaseClocks - end (1.8 ms)
05-05 14:04:09.272  2121  4745 I Clocks  : LockClocks( cpu=3, gpu=4 ) - start
05-05 14:04:09.273  2121  4745 I Clocks  : CPU levels [0, 4]
05-05 14:04:09.273  2121  4745 I Clocks  : GPU levels [0, 5]
05-05 14:04:09.273   719   719 D         : CPU_CLUSTER_0: Client 2121 sends freq request [21, 21]
05-05 14:04:09.273   719   719 D         : CPU_CLUSTER_0: Next Perf Level = (21, 21)
05-05 14:04:09.273   719   719 D         : CPU_CLUSTER_1: Client 2121 sends freq request [22, 22]
05-05 14:04:09.274   719   719 D         : CPU_CLUSTER_1: Next Perf Level = (22, 22)
05-05 14:04:09.274   719   719 D         : CPUBW: Client 2121 sends freq request [8, 11]
05-05 14:04:09.274   719   719 D         : CPUBW: Next Perf Level = (8, 11)
05-05 14:04:09.274   719   719 D         : GPU: Client 2121 sends freq request [6, 6]
05-05 14:04:09.274   719   719 D         : GPU: Next Perf Level = (6, 6)
05-05 14:04:09.274  2121  4745 I Clocks  : LockClocks( cpu=3, gpu=4 ) - end (1.6 ms)
05-05 14:04:09.944  4590  4885 I VrApi   : FPS=69,Prd=44ms,Tear=0,Early=0,Stale=6,VSnc=1,Lat=1,Fov=0,CPU4/GPU=2/4,1958/670MHz,OC=FF,TA=0/E0/E0,SP=N/F/F,Mem=1804MHz,Free=1371MB,PSM=0,PLS=0,Temp=31.0C/0.0C,TW=1.26ms,App=14.89ms,GD=0.00ms,CPU&GPU=22.33ms,LCnt=1,GPU%=0.93,CPU%=0.38(W0.52),DSF=1.00
05-05 14:04:10.032   715  4733 I [CT]    : MANAGEMENT:CONSTELLATION: Status=GREEN,, Obj=7745273921483883046,6DOF=1,FusJit=0.006mm,Issues(Cam/min=  0,IMU/min=0), Obj=4212769887286730484,6DOF=1,FusJit=0.0mm,Issues(Cam/min=  0,IMU/min=0)
05-05 14:04:10.184   715  4734 I [CT]    : VIPER:MAP_MANAGER: State: TRACKING_PERSISTENT, UUID=d18585e8-d288-4997-b6ff-78495c7eed6a, Num. Persistent maps = 1,  Persistent maps:d18585e8-d288-4997-b6ff-78495c7eed6a,, Ser. Disabled = 00000000-0000-0000-0000-000000000000
05-05 14:04:10.224   715  4734 I [CT]    : VIPER: Status=6DoF,TRACKING,KF=155,Inl=470,Pts=502,Jit=0.3mm,Issues(Cam/min=0.0,IMU/min=0.0),Exp=(6.1ms,g=6.0,I=78)(4.6ms,g=3.0,I=66)(6.1ms,g=6.0,I=62)(5.3ms,g=4.0,I=68)
05-05 14:04:10.425  2129  4781 I Telemetry: App memory usage: PSS=57MB DalvikPSS=1 MB
05-05 14:04:10.559   715  4717 I [CT]    : L:Behavior:AtRest: activated
05-05 14:04:10.559   715  4717 I [CT]    : AdHocPatch: [Left] t = 83.543s, behavior transition: None -> AtRest at 83.591s
05-05 14:04:10.613   715  4717 I [CT]    : L:Behavior:AtRest: deactivated
05-05 14:04:10.613   715  4717 I [CT]    : AdHocPatch: [Left] t = 83.597s, behavior transition: AtRest -> None at 83.647s
05-05 14:04:10.944  4590  4885 I VrApi   : FPS=68,Prd=44ms,Tear=0,Early=0,Stale=12,VSnc=1,Lat=1,Fov=0,CPU4/GPU=3/4,1958/670MHz,OC=FF,TA=0/E0/E0,SP=N/F/F,Mem=1804MHz,Free=1370MB,PSM=0,PLS=0,Temp=31.0C/0.0C,TW=1.23ms,App=15.40ms,GD=0.00ms,CPU&GPU=22.93ms,LCnt=1,GPU%=0.99,CPU%=0.37(W0.45),DSF=1.00
05-05 14:04:11.167   715  4666 I [CT]    : boltlib: DSP utilization(%): 18
05-05 14:04:11.178  2121  4751 I TimeWarp: UpdateClockLevels: Apply pending clock request change: 3,4 -> 4,4
05-05 14:04:11.178  2121  4745 I Clocks  : ReleaseClocks - start
05-05 14:04:11.179   719   719 D         : CPU_CLUSTER_0: No client requests exists, release clocks
05-05 14:04:11.179   719   719 D         : CPU_CLUSTER_1: No client requests exists, release clocks
05-05 14:04:11.182   719   719 D         : GPU: No client requests exists, release clocks
05-05 14:04:11.182   719   719 D         : CPUBW: No client requests exists, release clocks
05-05 14:04:11.183  2121  4745 I Clocks  : ReleaseClocks - end (4.8 ms)
05-05 14:04:11.183  2121  4745 I Clocks  : LockClocks( cpu=4, gpu=4 ) - start
05-05 14:04:11.184  2121  4745 I Clocks  : CPU levels [0, 4]
05-05 14:04:11.184  2121  4745 I Clocks  : GPU levels [0, 5]
05-05 14:04:11.184   719  2188 D         : CPU_CLUSTER_0: Client 2121 sends freq request [21, 21]
05-05 14:04:11.184   719  2188 D         : CPU_CLUSTER_0: Next Perf Level = (21, 21)
05-05 14:04:11.185   719  2188 D         : CPU_CLUSTER_1: Client 2121 sends freq request [26, 26]
05-05 14:04:11.185   719  2188 D         : CPU_CLUSTER_1: Next Perf Level = (26, 26)
05-05 14:04:11.185   719  2188 D         : CPUBW: Client 2121 sends freq request [8, 11]
05-05 14:04:11.185   719  2188 D         : CPUBW: Next Perf Level = (8, 11)
05-05 14:04:11.185   719  2188 D         : GPU: Client 2121 sends freq request [6, 6]
05-05 14:04:11.185   719  2188 D         : GPU: Next Perf Level = (6, 6)
05-05 14:04:11.185  2121  4745 I Clocks  : LockClocks( cpu=4, gpu=4 ) - end (2.2 ms)
05-05 14:04:11.583   715  4734 I [CT]    : HealthReport: ==================================================
05-05 14:04:11.583   715  4734 I [CT]    : Health Report
05-05 14:04:11.583   715  4734 I [CT]    : -------------
05-05 14:04:11.583   715  4734 I [CT]    : 
05-05 14:04:11.583   715  4734 I [CT]    : Reporter #1 (InsideOutHealthMonitor) summary:
05-05 14:04:11.583   715  4734 I [CT]    : Camera: Total Dropped: 0.000000, Total Frame Count: 2105 (0.000000%), Camera Reset Count: 0
05-05 14:04:11.583   715  4734 I [CT]    : Camera: Total Single Camera Frame Dropped: 0, Total Frame Count: 2105 (0.000000%)
05-05 14:04:11.583   715  4734 I [CT]    : IMU: Total Dropped: 0.000000, Total Sample Count: 84438 (0.000000%)
05-05 14:04:11.583   715  4734 I [CT]    : Magnetometer: Total Dropped: 0.000000, Total Sample Count: 2533 (0.000000%)
05-05 14:04:11.583   715  4734 I [CT]    : 
05-05 14:04:11.583   715  4734 I [CT]    : Reporter #1 (InsideOutHealthMonitor) Passed
05-05 14:04:11.583   715  4734 I [CT]    : --------------------------------------------------
05-05 14:04:11.583   715  4734 I [CT]    : Reporter #2 (ConstellationHealthMonitor) summary:
05-05 14:04:11.583   715  4734 I [CT]    : Camera: Total Dropped: 0.000000, Total Frame Count: 2106 (0.000000%), Camera Reset Count: 1
05-05 14:04:11.583   715  4734 I [CT]    : Camera: Total Single Camera Frame Dropped: 0, Total Frame Count: 2106 (0.000000%)
05-05 14:04:11.583   715  4734 I [CT]    : Controller 7745273921483883046:
05-05 14:04:11.583   715  4734 I [CT]    : IMU: Capture period exceeded threshold.  Largest period: 2.132704 sec
05-05 14:04:11.583   715  4734 I [CT]    : Controllers may have been sleeping
05-05 14:04:11.583   715  4734 I [CT]    : IMU: Total Dropped: 0.000000, Total Sample Count: 41218.247500 (0.000000%)
05-05 14:04:11.583   715  4734 I [CT]    : Controller 4212769887286730484:
05-05 14:04:11.583   715  4734 I [CT]    : I
05-05 14:04:11.733  4590  4609 D UE4     : [GameActivity] Used memory: 741341
05-05 14:04:11.944  4590  4885 I VrApi   : FPS=67,Prd=44ms,Tear=0,Early=0,Stale=15,VSnc=1,Lat=1,Fov=0,CPU4/GPU=3/4,2304/670MHz,OC=FF,TA=0/E0/E0,SP=N/F/F,Mem=1804MHz,Free=1369MB,PSM=0,PLS=0,Temp=31.0C/0.0C,TW=1.25ms,App=15.37ms,GD=0.00ms,CPU&GPU=23.42ms,LCnt=1,GPU%=0.94,CPU%=0.35(W0.38),DSF=1.00
05-05 14:04:12.943  4590  4885 I VrApi   : FPS=63,Prd=44ms,Tear=0,Early=0,Stale=27,VSnc=1,Lat=1,Fov=0,CPU4/GPU=4/4,2304/670MHz,OC=FF,TA=0/E0/E0,SP=N/F/F,Mem=1804MHz,Free=1364MB,PSM=0,PLS=0,Temp=31.0C/0.0C,TW=1.19ms,App=14.43ms,GD=0.00ms,CPU&GPU=24.43ms,LCnt=1,GPU%=0.99,CPU%=0.24(W0.30),DSF=1.00
05-05 14:04:13.631   715  4733 I [CT]    : MANAGEMENT:CONSTELLATION: Status=GREEN,, Obj=7745273921483883046,6DOF=1,FusJit=0.002mm,Issues(Cam/min=  0,IMU/min=0), Obj=4212769887286730484,6DOF=1,FusJit=0.0mm,Issues(Cam/min=  0,IMU/min=0)
05-05 14:04:13.784   715  4734 I [CT]    : VIPER:MAP_MANAGER: State: TRACKING_PERSISTENT, UUID=d18585e8-d288-4997-b6ff-78495c7eed6a, Num. Persistent maps = 1,  Persistent maps:d18585e8-d288-4997-b6ff-78495c7eed6a,, Ser. Disabled = 00000000-0000-0000-0000-000000000000
05-05 14:04:13.824   715  4734 I [CT]    : VIPER: Status=6DoF,TRACKING,KF=155,Inl=444,Pts=502,Jit=0.2mm,Issues(Cam/min=0.0,IMU/min=0.0),Exp=(5.8ms,g=7.0,I=77)(5.6ms,g=3.0,I=68)(5.8ms,g=7.0,I=63)(5.5ms,g=4.0,I=67)
05-05 14:04:13.941  4590  4885 I VrApi   : FPS=69,Prd=45ms,Tear=0,Early=0,Stale=12,VSnc=1,Lat=1,Fov=0,CPU4/GPU=4/4,2304/670MHz,OC=FF,TA=0/E0/E0,SP=N/F/F,Mem=1804MHz,Free=1366MB,PSM=0,PLS=0,Temp=31.0C/0.0C,TW=1.20ms,App=13.76ms,GD=0.00ms,CPU&GPU=22.66ms,LCnt=1,GPU%=0.97,CPU%=0.24(W0.29),DSF=1.00
05-05 14:04:14.506  2121  4751 I TimeWarp: UpdateClockLevels: Apply pending clock request change: 4,4 -> 3,4
05-05 14:04:14.506  2121  4745 I Clocks  : ReleaseClocks - start
05-05 14:04:14.507   719  2188 D         : CPU_CLUSTER_0: No client requests exists, release clocks
05-05 14:04:14.507   719  2188 D         : CPU_CLUSTER_1: No client requests exists, release clocks
05-05 14:04:14.507   719  2188 D         : GPU: No client requests exists, release clocks
05-05 14:04:14.508   719  2188 D         : CPUBW: No client requests exists, release clocks
05-05 14:04:14.508  2121  4745 I Clocks  : ReleaseClocks - end (1.9 ms)
05-05 14:04:14.508  2121  4745 I Clocks  : LockClocks( cpu=3, gpu=4 ) - start
05-05 14:04:14.510  2121  4745 I Clocks  : CPU levels [0, 4]
05-05 14:04:14.510  2121  4745 I Clocks  : GPU levels [0, 5]
05-05 14:04:14.510   719  2791 D         : CPU_CLUSTER_0: Client 2121 sends freq request [21, 21]
05-05 14:04:14.510   719  2791 D         : CPU_CLUSTER_0: Next Perf Level = (21, 21)
05-05 14:04:14.510   719  2791 D         : CPU_CLUSTER_1: Client 2121 sends freq request [22, 22]
05-05 14:04:14.511   719  2791 D         : CPU_CLUSTER_1: Next Perf Level = (22, 22)
05-05 14:04:14.511   719  2791 D         : CPUBW: Client 2121 sends freq request [8, 11]
05-05 14:04:14.511   719  2791 D         : CPUBW: Next Perf Level = (8, 11)
05-05 14:04:14.511   719  2791 D         : GPU: Client 2121 sends freq request [6, 6]
05-05 14:04:14.512   719  2791 D         : GPU: Next Perf Level = (6, 6)
05-05 14:04:14.512  2121  4745 I Clocks  : LockClocks( cpu=3, gpu=4 ) - end (3.5 ms)
05-05 14:04:14.942  4590  4885 I VrApi   : FPS=72,Prd=44ms,Tear=0,Early=0,Stale=0,VSnc=1,Lat=1,Fov=0,CPU4/GPU=4/4,1958/670MHz,OC=FF,TA=0/E0/E0,SP=N/F/F,Mem=1804MHz,Free=1369MB,PSM=0,PLS=0,Temp=31.0C/0.0C,TW=1.19ms,App=13.90ms,GD=0.00ms,CPU&GPU=20.43ms,LCnt=1,GPU%=0.97,CPU%=0.26(W0.32),DSF=1.00
05-05 14:04:15.945  4590  4885 I VrApi   : FPS=72,Prd=44ms,Tear=0,Early=0,Stale=0,VSnc=1,Lat=1,Fov=0,CPU4/GPU=3/4,1958/670MHz,OC=FF,TA=0/E0/E0,SP=N/F/F,Mem=1804MHz,Free=1369MB,PSM=0,PLS=0,Temp=31.0C/0.0C,TW=1.19ms,App=13.73ms,GD=0.00ms,CPU&GPU=20.99ms,LCnt=1,GPU%=1.00,CPU%=0.26(W0.35),DSF=1.00
05-05 14:04:16.511  2121  4751 I TimeWarp: UpdateClockLevels: Apply pending clock request change: 3,4 -> 2,4
05-05 14:04:16.511  2121  4745 I Clocks  : ReleaseClocks - start
05-05 14:04:16.511   719  2791 D         : CPU_CLUSTER_0: No client requests exists, release clocks
05-05 14:04:16.512   719  2791 D         : CPU_CLUSTER_1: No client requests exists, release clocks
05-05 14:04:16.512   719  2791 D         : GPU: No client requests exists, release clocks
05-05 14:04:16.512   719  2791 D         : CPUBW: No client requests exists, release clocks
05-05 14:04:16.513  2121  4745 I Clocks  : ReleaseClocks - end (1.8 ms)
05-05 14:04:16.513  2121  4745 I Clocks  : LockClocks( cpu=2, gpu=4 ) - start
05-05 14:04:16.513  2121  4745 I Clocks  : CPU levels [0, 4]
05-05 14:04:16.513  2121  4745 I Clocks  : GPU levels [0, 5]
05-05 14:04:16.514   719  2188 D         : CPU_CLUSTER_0: Client 2121 sends freq request [21, 21]
05-05 14:04:16.514   719  2188 D         : CPU_CLUSTER_0: Next Perf Level = (21, 21)
05-05 14:04:16.514   719  2188 D         : CPU_CLUSTER_1: Client 2121 sends freq request [18, 18]
05-05 14:04:16.514   719  2188 D         : CPU_CLUSTER_1: Next Perf Level = (18, 18)
05-05 14:04:16.514   719  2188 D         : CPUBW: Client 2121 sends freq request [8, 11]
05-05 14:04:16.514   719  2188 D         : CPUBW: Next Perf Level = (8, 11)
05-05 14:04:16.514   719  2188 D         : GPU: Client 2121 sends freq request [6, 6]
05-05 14:04:16.514   719  2188 D         : GPU: Next Perf Level = (6, 6)
05-05 14:04:16.514  2121  4745 I Clocks  : LockClocks( cpu=2, gpu=4 ) - end (1.6 ms)
05-05 14:04:16.943  4590  4885 I VrApi   : FPS=72,Prd=45ms,Tear=0,Early=0,Stale=0,VSnc=1,Lat=1,Fov=0,CPU4/GPU=3/4,1651/670MHz,OC=FF,TA=0/E0/E0,SP=N/F/F,Mem=1804MHz,Free=1369MB,PSM=0,PLS=0,Temp=31.0C/0.0C,TW=1.22ms,App=14.71ms,GD=0.00ms,CPU&GPU=17.19ms,LCnt=1,GPU%=0.99,CPU%=0.25(W0.35),DSF=1.00
05-05 14:04:17.173   715  4666 I [CT]    : boltlib: DSP utilization(%): 18
05-05 14:04:17.232   715  4733 I [CT]    : MANAGEMENT:CONSTELLATION: Status=GREEN,, Obj=7745273921483883046,6DOF=1,FusJit=0.003mm,Issues(Cam/min=  0,IMU/min=0), Obj=4212769887286730484,6DOF=1,FusJit=0.0mm,Issues(Cam/min=  0,IMU/min=0)
05-05 14:04:17.384   715  4734 I [CT]    : VIPER:MAP_MANAGER: State: TRACKING_PERSISTENT, UUID=d18585e8-d288-4997-b6ff-78495c7eed6a, Num. Persistent maps = 1,  Persistent maps:d18585e8-d288-4997-b6ff-78495c7eed6a,, Ser. Disabled = 00000000-0000-0000-0000-000000000000
05-05 14:04:17.425   715  4734 I [CT]    : VIPER: Status=6DoF,TRACKING,KF=155,Inl=444,Pts=502,Jit=0.2mm,Issues(Cam/min=0.0,IMU/min=0.0),Exp=(6.7ms,g=6.0,I=78)(5.4ms,g=3.0,I=69)(6.7ms,g=6.0,I=63)(5.6ms,g=4.0,I=68)
05-05 14:04:17.584   715  4734 I [CT]    : HealthReport: ==================================================
05-05 14:04:17.584   715  4734 I [CT]    : Health Report
05-05 14:04:17.584   715  4734 I [CT]    : -------------
05-05 14:04:17.584   715  4734 I [CT]    : 
05-05 14:04:17.584   715  4734 I [CT]    : Reporter #1 (InsideOutHealthMonitor) summary:
05-05 14:04:17.584   715  4734 I [CT]    : Camera: Total Dropped: 0.000000, Total Frame Count: 2255 (0.000000%), Camera Reset Count: 0
05-05 14:04:17.584   715  4734 I [CT]    : Camera: Total Single Camera Frame Dropped: 0, Total Frame Count: 2255 (0.000000%)
05-05 14:04:17.584   715  4734 I [CT]    : IMU: Total Dropped: 0.000000, Total Sample Count: 90439 (0.000000%)
05-05 14:04:17.584   715  4734 I [CT]    : Magnetometer: Total Dropped: 0.000000, Total Sample Count: 2714 (0.000000%)
05-05 14:04:17.584   715  4734 I [CT]    : 
05-05 14:04:17.584   715  4734 I [CT]    : Reporter #1 (InsideOutHealthMonitor) Passed
05-05 14:04:17.584   715  4734 I [CT]    : --------------------------------------------------
05-05 14:04:17.584   715  4734 I [CT]    : Reporter #2 (ConstellationHealthMonitor) summary:
05-05 14:04:17.584   715  4734 I [CT]    : Camera: Total Dropped: 0.000000, Total Frame Count: 2256 (0.000000%), Camera Reset Count: 1
05-05 14:04:17.584   715  4734 I [CT]    : Camera: Total Single Camera Frame Dropped: 0, Total Frame Count: 2256 (0.000000%)
05-05 14:04:17.584   715  4734 I [CT]    : Controller 7745273921483883046:
05-05 14:04:17.584   715  4734 I [CT]    : IMU: Capture period exceeded threshold.  Largest period: 2.132704 sec
05-05 14:04:17.584   715  4734 I [CT]    : Controllers may have been sleeping
05-05 14:04:17.584   715  4734 I [CT]    : IMU: Total Dropped: 0.000000, Total Sample Count: 44218.515000 (0.000000%)
05-05 14:04:17.584   715  4734 I [CT]    : Controller 4212769887286730484:
05-05 14:04:17.584   715  4734 I [CT]    : I
05-05 14:04:17.947  4590  4885 I VrApi   : FPS=72,Prd=44ms,Tear=0,Early=0,Stale=0,VSnc=1,Lat=1,Fov=0,CPU4/GPU=2/4,1651/670MHz,OC=FF,TA=0/E0/E0,SP=N/F/F,Mem=1804MHz,Free=1365MB,PSM=0,PLS=0,Temp=31.0C/0.0C,TW=1.22ms,App=14.00ms,GD=0.00ms,CPU&GPU=18.30ms,LCnt=1,GPU%=1.00,CPU%=0.27(W0.36),DSF=1.00
05-05 14:04:18.952  4590  4885 I VrApi   : FPS=71,Prd=44ms,Tear=0,Early=0,Stale=3,VSnc=1,Lat=1,Fov=0,CPU4/GPU=2/4,1651/670MHz,OC=FF,TA=0/E0/E0,SP=N/F/F,Mem=1804MHz,Free=1368MB,PSM=0,PLS=0,Temp=31.0C/0.0C,TW=1.22ms,App=14.06ms,GD=0.00ms,CPU&GPU=22.22ms,LCnt=1,GPU%=0.98,CPU%=0.22(W0.36),DSF=1.00
05-05 14:04:20.293  4590  4885 I Telemetry: App memory usage: PSS=724MB DalvikPSS=2 MB
05-05 14:04:20.295  4590  4885 I VrApi   : FPS=71,Prd=44ms,Tear=0,Early=0,Stale=3,VSnc=1,Lat=1,Fov=0,CPU4/GPU=2/4,1651/670MHz,OC=FF,TA=0/E0/E0,SP=N/F/F,Mem=1804MHz,Free=1367MB,PSM=0,PLS=0,Temp=31.0C/0.0C,TW=1.23ms,App=13.85ms,GD=0.00ms,CPU&GPU=22.17ms,LCnt=1,GPU%=1.00,CPU%=0.32(W0.39),DSF=1.00
05-05 14:04:20.577  2121  4751 I TimeWarp: UpdateClockLevels: Apply pending clock request change: 2,4 -> 3,4
05-05 14:04:20.577  2121  4745 I Clocks  : ReleaseClocks - start
05-05 14:04:20.577   719  2043 D         : CPU_CLUSTER_0: No client requests exists, release clocks
05-05 14:04:20.577   719  2043 D         : CPU_CLUSTER_1: No client requests exists, release clocks
05-05 14:04:20.578   719  2043 D         : GPU: No client requests exists, release clocks
05-05 14:04:20.578   719  2043 D         : CPUBW: No client requests exists, release clocks
05-05 14:04:20.579  2121  4745 I Clocks  : ReleaseClocks - end (1.5 ms)
05-05 14:04:20.579  2121  4745 I Clocks  : LockClocks( cpu=3, gpu=4 ) - start
05-05 14:04:20.581  2121  4745 I Clocks  : CPU levels [0, 4]
05-05 14:04:20.582  2121  4745 I Clocks  : GPU levels [0, 5]
05-05 14:04:20.587   719   819 D         : CPU_CLUSTER_0: Client 2121 sends freq request [21, 21]
05-05 14:04:20.587   719   819 D         : CPU_CLUSTER_0: Next Perf Level = (21, 21)
05-05 14:04:20.588   719   819 D         : CPU_CLUSTER_1: Client 2121 sends freq request [22, 22]
05-05 14:04:20.588   719   819 D         : CPU_CLUSTER_1: Next Perf Level = (22, 22)
05-05 14:04:20.588   719   819 D         : CPUBW: Client 2121 sends freq request [8, 11]
05-05 14:04:20.588   719   819 D         : CPUBW: Next Perf Level = (8, 11)
05-05 14:04:20.588   719   819 D         : GPU: Client 2121 sends freq request [6, 6]
05-05 14:04:20.588   719   819 D         : GPU: Next Perf Level = (6, 6)
05-05 14:04:20.588  2121  4745 I Clocks  : LockClocks( cpu=3, gpu=4 ) - end (9.0 ms)
05-05 14:04:20.832   715  4733 I [CT]    : MANAGEMENT:CONSTELLATION: Status=GREEN,, Obj=7745273921483883046,6DOF=1,FusJit=0.004mm,Issues(Cam/min=  0,IMU/min=0), Obj=4212769887286730484,6DOF=1,FusJit=0.0mm,Issues(Cam/min=  0,IMU/min=0)
05-05 14:04:20.942  4590  4885 I VrApi   : FPS=72,Prd=44ms,Tear=0,Early=0,Stale=0,VSnc=1,Lat=1,Fov=0,CPU4/GPU=2/4,1958/670MHz,OC=FF,TA=0/E0/E0,SP=N/F/F,Mem=1804MHz,Free=1367MB,PSM=0,PLS=0,Temp=31.0C/0.0C,TW=1.22ms,App=14.05ms,GD=0.00ms,CPU&GPU=21.54ms,LCnt=1,GPU%=1.00,CPU%=0.28(W0.48),DSF=1.00
05-05 14:04:20.984   715  4734 I [CT]    : VIPER:MAP_MANAGER: State: TRACKING_PERSISTENT, UUID=d18585e8-d288-4997-b6ff-78495c7eed6a, Num. Persistent maps = 1,  Persistent maps:d18585e8-d288-4997-b6ff-78495c7eed6a,, Ser. Disabled = 00000000-0000-0000-0000-000000000000
05-05 14:04:21.024   715  4734 I [CT]    : VIPER: Status=6DoF,TRACKING,KF=155,Inl=463,Pts=502,Jit=0.2mm,Issues(Cam/min=0.0,IMU/min=0.0),Exp=(6.0ms,g=6.0,I=76)(4.8ms,g=3.0,I=69)(6.0ms,g=6.0,I=62)(5.2ms,g=4.0,I=67)
05-05 14:04:21.078  2121  4751 I TimeWarp: UpdateClockLevels: Apply pending clock request change: 3,4 -> 4,4
05-05 14:04:21.078  2121  4745 I Clocks  : ReleaseClocks - start
05-05 14:04:21.079   719  2791 D         : CPU_CLUSTER_0: No client requests exists, release clocks
05-05 14:04:21.079   719  2791 D         : CPU_CLUSTER_1: No client requests exists, release clocks
05-05 14:04:21.079   719  2791 D         : GPU: No client requests exists, release clocks
05-05 14:04:21.079   719  2791 D         : CPUBW: No client requests exists, release clocks
05-05 14:04:21.080  2121  4745 I Clocks  : ReleaseClocks - end (1.7 ms)
05-05 14:04:21.080  2121  4745 I Clocks  : LockClocks( cpu=4, gpu=4 ) - start
05-05 14:04:21.080  2121  4745 I Clocks  : CPU levels [0, 4]
05-05 14:04:21.080  2121  4745 I Clocks  : GPU levels [0, 5]
05-05 14:04:21.080   719  2188 D         : CPU_CLUSTER_0: Client 2121 sends freq request [21, 21]
05-05 14:04:21.080   719  2188 D         : CPU_CLUSTER_0: Next Perf Level = (21, 21)
05-05 14:04:21.080   719  2188 D         : CPU_CLUSTER_1: Client 2121 sends freq request [26, 26]
05-05 14:04:21.080   719  2188 D         : CPU_CLUSTER_1: Next Perf Level = (26, 26)
05-05 14:04:21.080   719  2188 D         : CPUBW: Client 2121 sends freq request [8, 11]
05-05 14:04:21.080   719  2188 D         : CPUBW: Next Perf Level = (8, 11)
05-05 14:04:21.081   719  2188 D         : GPU: Client 2121 sends freq request [6, 6]
05-05 14:04:21.081   719  2188 D         : GPU: Next Perf Level = (6, 6)
05-05 14:04:21.081  2121  4745 I Clocks  : LockClocks( cpu=4, gpu=4 ) - end (1.0 ms)
05-05 14:04:21.943  4590  4885 I VrApi   : FPS=63,Prd=44ms,Tear=0,Early=0,Stale=21,VSnc=1,Lat=1,Fov=0,CPU4/GPU=3/4,2304/670MHz,OC=FF,TA=0/E0/E0,SP=N/F/F,Mem=1804MHz,Free=1367MB,PSM=0,PLS=0,Temp=31.0C/0.0C,TW=1.21ms,App=18.02ms,GD=0.00ms,CPU&GPU=25.15ms,LCnt=1,GPU%=0.98,CPU%=0.22(W0.33),DSF=1.00
05-05 14:04:22.094  4590  4609 D UE4     : [GameActivity] Used memory: 742229
05-05 14:04:22.944  4590  4885 I VrApi   : FPS=60,Prd=44ms,Tear=0,Early=0,Stale=36,VSnc=1,Lat=1,Fov=0,CPU4/GPU=4/4,2304/670MHz,OC=FF,TA=0/E0/E0,SP=N/F/F,Mem=1804MHz,Free=1367MB,PSM=0,PLS=0,Temp=31.0C/0.0C,TW=1.21ms,App=16.10ms,GD=0.00ms,CPU&GPU=26.01ms,LCnt=1,GPU%=0.99,CPU%=0.23(W0.29),DSF=1.00
05-05 14:04:23.207   715  4666 I [CT]    : boltlib: DSP utilization(%): 18
05-05 14:04:23.375   715  4717 I [CT]    : L:Behavior:AtRest: activated
05-05 14:04:23.375   715  4717 I [CT]    : AdHocPatch: [Left] t = 96.358s, behavior transition: None -> AtRest at 96.408s
05-05 14:04:23.431   715  4717 I [CT]    : L:Behavior:AtRest: deactivated
05-05 14:04:23.431   715  4717 I [CT]    : AdHocPatch: [Left] t = 96.414s, behavior transition: AtRest -> None at 96.463s
05-05 14:04:23.584   715  4734 I [CT]    : HealthReport: ==================================================
05-05 14:04:23.584   715  4734 I [CT]    : Health Report
05-05 14:04:23.584   715  4734 I [CT]    : -------------
05-05 14:04:23.584   715  4734 I [CT]    : 
05-05 14:04:23.584   715  4734 I [CT]    : Reporter #1 (InsideOutHealthMonitor) summary:
05-05 14:04:23.584   715  4734 I [CT]    : Camera: Total Dropped: 0.000000, Total Frame Count: 2405 (0.000000%), Camera Reset Count: 0
05-05 14:04:23.584   715  4734 I [CT]    : Camera: Total Single Camera Frame Dropped: 0, Total Frame Count: 2405 (0.000000%)
05-05 14:04:23.584   715  4734 I [CT]    : IMU: Total Dropped: 0.000000, Total Sample Count: 96439 (0.000000%)
05-05 14:04:23.584   715  4734 I [CT]    : Magnetometer: Total Dropped: 0.000000, Total Sample Count: 2894 (0.000000%)
05-05 14:04:23.584   715  4734 I [CT]    : 
05-05 14:04:23.584   715  4734 I [CT]    : Reporter #1 (InsideOutHealthMonitor) Passed
05-05 14:04:23.584   715  4734 I [CT]    : --------------------------------------------------
05-05 14:04:23.584   715  4734 I [CT]    : Reporter #2 (ConstellationHealthMonitor) summary:
05-05 14:04:23.584   715  4734 I [CT]    : Camera: Total Dropped: 0.000000, Total Frame Count: 2406 (0.000000%), Camera Reset Count: 1
05-05 14:04:23.584   715  4734 I [CT]    : Camera: Total Single Camera Frame Dropped: 0, Total Frame Count: 2406 (0.000000%)
05-05 14:04:23.584   715  4734 I [CT]    : Controller 7745273921483883046:
05-05 14:04:23.584   715  4734 I [CT]    : IMU: Capture period exceeded threshold.  Largest period: 2.132704 sec
05-05 14:04:23.584   715  4734 I [CT]    : Controllers may have been sleeping
05-05 14:04:23.584   715  4734 I [CT]    : IMU: Total Dropped: 0.000000, Total Sample Count: 47218.786000 (0.000000%)
05-05 14:04:23.584   715  4734 I [CT]    : Controller 4212769887286730484:
05-05 14:04:23.584   715  4734 I [CT]    : I
05-05 14:04:23.944  4590  4885 I VrApi   : FPS=64,Prd=44ms,Tear=0,Early=0,Stale=27,VSnc=1,Lat=1,Fov=0,CPU4/GPU=4/4,2304/670MHz,OC=FF,TA=0/E0/E0,SP=N/F/F,Mem=1804MHz,Free=1367MB,PSM=0,PLS=0,Temp=31.0C/0.0C,TW=1.21ms,App=15.52ms,GD=0.00ms,CPU&GPU=23.92ms,LCnt=1,GPU%=0.98,CPU%=0.21(W0.26),DSF=1.00
05-05 14:04:24.431   715  4733 I [CT]    : MANAGEMENT:CONSTELLATION: Status=GREEN,, Obj=7745273921483883046,6DOF=1,FusJit=0.001mm,Issues(Cam/min=  0,IMU/min=0), Obj=4212769887286730484,6DOF=1,FusJit=0.0mm,Issues(Cam/min=  0,IMU/min=0)
05-05 14:04:24.583   715  4734 I [CT]    : VIPER:MAP_MANAGER: State: TRACKING_PERSISTENT, UUID=d18585e8-d288-4997-b6ff-78495c7eed6a, Num. Persistent maps = 1,  Persistent maps:d18585e8-d288-4997-b6ff-78495c7eed6a,, Ser. Disabled = 00000000-0000-0000-0000-000000000000
05-05 14:04:24.624   715  4734 I [CT]    : VIPER: Status=6DoF,TRACKING,KF=155,Inl=414,Pts=502,Jit=0.2mm,Issues(Cam/min=0.0,IMU/min=0.0),Exp=(5.7ms,g=6.0,I=77)(5.4ms,g=2.0,I=64)(5.7ms,g=6.0,I=62)(5.3ms,g=4.0,I=69)
05-05 14:04:24.941  4590  4885 I VrApi   : FPS=61,Prd=45ms,Tear=0,Early=0,Stale=32,VSnc=1,Lat=1,Fov=0,CPU4/GPU=4/4,2304/670MHz,OC=FF,TA=0/E0/E0,SP=N/F/F,Mem=1804MHz,Free=1363MB,PSM=0,PLS=0,Temp=31.0C/0.0C,TW=1.23ms,App=14.17ms,GD=0.00ms,CPU&GPU=24.75ms,LCnt=1,GPU%=0.97,CPU%=0.25(W0.33),DSF=1.00
05-05 14:04:25.943  4590  4885 I VrApi   : FPS=72,Prd=45ms,Tear=0,Early=0,Stale=4,VSnc=1,Lat=1,Fov=0,CPU4/GPU=4/4,2304/670MHz,OC=FF,TA=0/E0/E0,SP=N/F/F,Mem=1804MHz,Free=1365MB,PSM=0,PLS=0,Temp=31.0C/0.0C,TW=1.22ms,App=14.19ms,GD=0.00ms,CPU&GPU=20.43ms,LCnt=1,GPU%=0.92,CPU%=0.21(W0.25),DSF=1.00
05-05 14:04:26.160  2121  4751 I TimeWarp: UpdateClockLevels: Apply pending clock request change: 4,4 -> 3,4
05-05 14:04:26.160  2121  4745 I Clocks  : ReleaseClocks - start
05-05 14:04:26.160   719   719 D         : CPU_CLUSTER_0: No client requests exists, release clocks
05-05 14:04:26.160   719   719 D         : CPU_CLUSTER_1: No client requests exists, release clocks
05-05 14:04:26.161   719   719 D         : GPU: No client requests exists, release clocks
05-05 14:04:26.161   719   719 D         : CPUBW: No client requests exists, release clocks
05-05 14:04:26.161  2121  4745 I Clocks  : ReleaseClocks - end (1.3 ms)
05-05 14:04:26.161  2121  4745 I Clocks  : LockClocks( cpu=3, gpu=4 ) - start
05-05 14:04:26.162  2121  4745 I Clocks  : CPU levels [0, 4]
05-05 14:04:26.162  2121  4745 I Clocks  : GPU levels [0, 5]
05-05 14:04:26.162   719  2188 D         : CPU_CLUSTER_0: Client 2121 sends freq request [21, 21]
05-05 14:04:26.162   719  2188 D         : CPU_CLUSTER_0: Next Perf Level = (21, 21)
05-05 14:04:26.162   719  2188 D         : CPU_CLUSTER_1: Client 2121 sends freq request [22, 22]
05-05 14:04:26.163   719  2188 D         : CPU_CLUSTER_1: Next Perf Level = (22, 22)
05-05 14:04:26.163   719  2188 D         : CPUBW: Client 2121 sends freq request [8, 11]
05-05 14:04:26.163   719  2188 D         : CPUBW: Next Perf Level = (8, 11)
05-05 14:04:26.163   719  2188 D         : GPU: Client 2121 sends freq request [6, 6]
05-05 14:04:26.163   719  2188 D         : GPU: Next Perf Level = (6, 6)
05-05 14:04:26.163  2121  4745 I Clocks  : LockClocks( cpu=3, gpu=4 ) - end (2.1 ms)
05-05 14:04:26.489   715  4717 I [CT]    : L:Behavior:AtRest: activated
05-05 14:04:26.489   715  4717 I [CT]    : AdHocPatch: [Left] t = 99.473s, behavior transition: None -> AtRest at 99.522s
05-05 14:04:26.531   715  4717 I [CT]    : L:Behavior:AtRest: deactivated
05-05 14:04:26.531   715  4717 I [CT]    : AdHocPatch: [Left] t = 99.515s, behavior transition: AtRest -> None at 99.564s
05-05 14:04:26.943  4590  4885 I VrApi   : FPS=72,Prd=45ms,Tear=0,Early=0,Stale=0,VSnc=1,Lat=1,Fov=0,CPU4/GPU=4/4,1958/670MHz,OC=FF,TA=0/E0/E0,SP=N/F/F,Mem=1804MHz,Free=1366MB,PSM=0,PLS=0,Temp=31.0C/0.0C,TW=1.25ms,App=13.03ms,GD=0.00ms,CPU&GPU=17.82ms,LCnt=1,GPU%=0.99,CPU%=0.31(W0.35),DSF=1.00
05-05 14:04:27.817  2121  4751 I TimeWarp: UpdateClockLevels: Apply pending clock request change: 3,4 -> 4,4
05-05 14:04:27.817  2121  4745 I Clocks  : ReleaseClocks - start
05-05 14:04:27.818   719   719 D         : CPU_CLUSTER_0: No client requests exists, release clocks
05-05 14:04:27.818   719   719 D         : CPU_CLUSTER_1: No client requests exists, release clocks
05-05 14:04:27.818   719   719 D         : GPU: No client requests exists, release clocks
05-05 14:04:27.818   719   719 D         : CPUBW: No client requests exists, release clocks
05-05 14:04:27.819  2121  4745 I Clocks  : ReleaseClocks - end (2.3 ms)
05-05 14:04:27.820  2121  4745 I Clocks  : LockClocks( cpu=4, gpu=4 ) - start
05-05 14:04:27.821  2121  4745 I Clocks  : CPU levels [0, 4]
05-05 14:04:27.821  2121  4745 I Clocks  : GPU levels [0, 5]
05-05 14:04:27.822   719  2188 D         : CPU_CLUSTER_0: Client 2121 sends freq request [21, 21]
05-05 14:04:27.822   719  2188 D         : CPU_CLUSTER_0: Next Perf Level = (21, 21)
05-05 14:04:27.822   719  2188 D         : CPU_CLUSTER_1: Client 2121 sends freq request [26, 26]
05-05 14:04:27.822   719  2188 D         : CPU_CLUSTER_1: Next Perf Level = (26, 26)
05-05 14:04:27.822   719  2188 D         : CPUBW: Client 2121 sends freq request [8, 11]
05-05 14:04:27.822   719  2188 D         : CPUBW: Next Perf Level = (8, 11)
05-05 14:04:27.823   719  2188 D         : GPU: Client 2121 sends freq request [6, 6]
05-05 14:04:27.823   719  2188 D         : GPU: Next Perf Level = (6, 6)
05-05 14:04:27.824  2121  4745 I Clocks  : LockClocks( cpu=4, gpu=4 ) - end (4.7 ms)
05-05 14:04:27.947  4590  4885 I VrApi   : FPS=72,Prd=45ms,Tear=0,Early=0,Stale=0,VSnc=1,Lat=1,Fov=0,CPU4/GPU=3/4,2304/670MHz,OC=FF,TA=0/E0/E0,SP=N/F/F,Mem=1804MHz,Free=1366MB,PSM=0,PLS=0,Temp=31.0C/0.0C,TW=1.27ms,App=13.92ms,GD=0.00ms,CPU&GPU=20.68ms,LCnt=1,GPU%=0.97,CPU%=0.26(W0.32),DSF=1.00
05-05 14:04:28.032   715  4733 I [CT]    : MANAGEMENT:CONSTELLATION: Status=GREEN,, Obj=7745273921483883046,6DOF=1,FusJit=0.004mm,Issues(Cam/min=  0,IMU/min=0), Obj=4212769887286730484,6DOF=1,FusJit=0.0mm,Issues(Cam/min=  0,IMU/min=0)
05-05 14:04:28.184   715  4734 I [CT]    : VIPER:MAP_MANAGER: State: TRACKING_PERSISTENT, UUID=d18585e8-d288-4997-b6ff-78495c7eed6a, Num. Persistent maps = 1,  Persistent maps:d18585e8-d288-4997-b6ff-78495c7eed6a,, Ser. Disabled = 00000000-0000-0000-0000-000000000000
05-05 14:04:28.224   715  4734 I [CT]    : VIPER: Status=6DoF,TRACKING,KF=155,Inl=450,Pts=502,Jit=0.1mm,Issues(Cam/min=0.0,IMU/min=0.0),Exp=(5.9ms,g=6.0,I=78)(4.4ms,g=3.0,I=67)(5.9ms,g=6.0,I=65)(5.2ms,g=4.0,I=69)
05-05 14:04:28.942  4590  4885 I VrApi   : FPS=66,Prd=45ms,Tear=0,Early=0,Stale=18,VSnc=1,Lat=1,Fov=0,CPU4/GPU=4/4,2304/670MHz,OC=FF,TA=0/E0/E0,SP=N/F/F,Mem=1804MHz,Free=1364MB,PSM=0,PLS=0,Temp=31.0C/0.0C,TW=1.20ms,App=13.40ms,GD=0.00ms,CPU&GPU=22.60ms,LCnt=1,GPU%=0.99,CPU%=0.21(W0.32),DSF=1.00
05-05 14:04:29.207   715  4666 I [CT]    : boltlib: DSP utilization(%): 18
05-05 14:04:29.584   715  4734 I [CT]    : HealthReport: ==================================================
05-05 14:04:29.584   715  4734 I [CT]    : Health Report
05-05 14:04:29.584   715  4734 I [CT]    : -------------
05-05 14:04:29.584   715  4734 I [CT]    : 
05-05 14:04:29.584   715  4734 I [CT]    : Reporter #1 (InsideOutHealthMonitor) summary:
05-05 14:04:29.584   715  4734 I [CT]    : Camera: Total Dropped: 0.000000, Total Frame Count: 2555 (0.000000%), Camera Reset Count: 0
05-05 14:04:29.584   715  4734 I [CT]    : Camera: Total Single Camera Frame Dropped: 0, Total Frame Count: 2555 (0.000000%)
05-05 14:04:29.584   715  4734 I [CT]    : IMU: Total Dropped: 0.000000, Total Sample Count: 102439 (0.000000%)
05-05 14:04:29.584   715  4734 I [CT]    : Magnetometer: Total Dropped: 0.000000, Total Sample Count: 3073 (0.000000%)
05-05 14:04:29.584   715  4734 I [CT]    : 
05-05 14:04:29.584   715  4734 I [CT]    : Reporter #1 (InsideOutHealthMonitor) Passed
05-05 14:04:29.584   715  4734 I [CT]    : --------------------------------------------------
05-05 14:04:29.584   715  4734 I [CT]    : Reporter #2 (ConstellationHealthMonitor) summary:
05-05 14:04:29.584   715  4734 I [CT]    : Camera: Total Dropped: 0.000000, Total Frame Count: 2556 (0.000000%), Camera Reset Count: 1
05-05 14:04:29.584   715  4734 I [CT]    : Camera: Total Single Camera Frame Dropped: 0, Total Frame Count: 2556 (0.000000%)
05-05 14:04:29.584   715  4734 I [CT]    : Controller 7745273921483883046:
05-05 14:04:29.584   715  4734 I [CT]    : IMU: Capture period exceeded threshold.  Largest period: 2.132704 sec
05-05 14:04:29.584   715  4734 I [CT]    : Controllers may have been sleeping
05-05 14:04:29.584   715  4734 I [CT]    : IMU: Total Dropped: 0.000000, Total Sample Count: 50218.063000 (0.000000%)
05-05 14:04:29.584   715  4734 I [CT]    : Controller 4212769887286730484:
05-05 14:04:29.943  4590  4885 I VrApi   : FPS=71,Prd=44ms,Tear=0,Early=0,Stale=3,VSnc=1,Lat=1,Fov=0,CPU4/GPU=4/4,2304/670MHz,OC=FF,TA=0/E0/E0,SP=N/F/F,Mem=1804MHz,Free=1363MB,PSM=0,PLS=0,Temp=31.0C/0.0C,TW=1.21ms,App=13.91ms,GD=0.00ms,CPU&GPU=21.64ms,LCnt=1,GPU%=1.00,CPU%=0.27(W0.33),DSF=1.00
05-05 14:04:29.953   715  4717 I [CT]    : L:Behavior:AtRest: activated
05-05 14:04:29.953   715  4717 I [CT]    : AdHocPatch: [Left] t = 102.936s, behavior transition: None -> AtRest at 102.987s
05-05 14:04:29.977   715  4717 I [CT]    : L:Behavior:AtRest: deactivated
05-05 14:04:29.977   715  4717 I [CT]    : AdHocPatch: [Left] t = 102.960s, behavior transition: AtRest -> None at 103.011s
05-05 14:04:30.005   715  4717 I [CT]    : L:Behavior:AtRest: activated
05-05 14:04:30.005   715  4717 I [CT]    : AdHocPatch: [Left] t = 102.988s, behavior transition: None -> AtRest at 103.039s
05-05 14:04:30.086  2121  4751 I TimeWarp: UpdateClockLevels: Apply pending clock request change: 4,4 -> 3,4
05-05 14:04:30.087  2121  4745 I Clocks  : ReleaseClocks - start
05-05 14:04:30.087   719  2043 D         : CPU_CLUSTER_0: No client requests exists, release clocks
05-05 14:04:30.088   719  2043 D         : CPU_CLUSTER_1: No client requests exists, release clocks
05-05 14:04:30.088   719  2043 D         : GPU: No client requests exists, release clocks
05-05 14:04:30.088   719  2043 D         : CPUBW: No client requests exists, release clocks
05-05 14:04:30.089  2121  4745 I Clocks  : ReleaseClocks - end (2.4 ms)
05-05 14:04:30.089  2121  4745 I Clocks  : LockClocks( cpu=3, gpu=4 ) - start
05-05 14:04:30.090  2121  4745 I Clocks  : CPU levels [0, 4]
05-05 14:04:30.090  2121  4745 I Clocks  : GPU levels [0, 5]
05-05 14:04:30.090   719  2043 D         : CPU_CLUSTER_0: Client 2121 sends freq request [21, 21]
05-05 14:04:30.090   719  2043 D         : CPU_CLUSTER_0: Next Perf Level = (21, 21)
05-05 14:04:30.090   719  2043 D         : CPU_CLUSTER_1: Client 2121 sends freq request [22, 22]
05-05 14:04:30.090   719  2043 D         : CPU_CLUSTER_1: Next Perf Level = (22, 22)
05-05 14:04:30.091   719  2043 D         : CPUBW: Client 2121 sends freq request [8, 11]
05-05 14:04:30.091   719  2043 D         : CPUBW: Next Perf Level = (8, 11)
05-05 14:04:30.091   719  2043 D         : GPU: Client 2121 sends freq request [6, 6]
05-05 14:04:30.091   719  2043 D         : GPU: Next Perf Level = (6, 6)
05-05 14:04:30.091  2121  4745 I Clocks  : LockClocks( cpu=3, gpu=4 ) - end (2.0 ms)
05-05 14:04:30.131   715  4717 I [CT]    : L:Behavior:AtRest: deactivated
05-05 14:04:30.131   715  4717 I [CT]    : AdHocPatch: [Left] t = 103.115s, behavior transition: AtRest -> None at 103.165s
05-05 14:04:30.451  2129  4781 I Telemetry: App memory usage: PSS=57MB DalvikPSS=1 MB
05-05 14:04:30.946  4590  4885 I VrApi   : FPS=71,Prd=45ms,Tear=0,Early=0,Stale=3,VSnc=1,Lat=1,Fov=0,CPU4/GPU=4/4,1958/670MHz,OC=FF,TA=0/E0/E0,SP=N/F/F,Mem=1804MHz,Free=1368MB,PSM=0,PLS=0,Temp=31.0C/0.0C,TW=1.22ms,App=14.00ms,GD=0.00ms,CPU&GPU=21.54ms,LCnt=1,GPU%=0.98,CPU%=0.20(W0.25),DSF=1.00
05-05 14:04:31.633   715  4733 I [CT]    : MANAGEMENT:CONSTELLATION: Status=GREEN,, Obj=7745273921483883046,6DOF=1,FusJit=0.003mm,Issues(Cam/min=  0,IMU/min=0), Obj=4212769887286730484,6DOF=1,FusJit=0.0mm,Issues(Cam/min=  0,IMU/min=0)
05-05 14:04:31.783   715  4734 I [CT]    : VIPER:MAP_MANAGER: State: TRACKING_PERSISTENT, UUID=d18585e8-d288-4997-b6ff-78495c7eed6a, Num. Persistent maps = 1,  Persistent maps:d18585e8-d288-4997-b6ff-78495c7eed6a,, Ser. Disabled = 00000000-0000-0000-0000-000000000000
05-05 14:04:31.823   715  4734 I [CT]    : VIPER: Status=6DoF,TRACKING,KF=155,Inl=439,Pts=502,Jit=0.2mm,Issues(Cam/min=0.0,IMU/min=0.0),Exp=(6.0ms,g=6.0,I=75)(4.8ms,g=4.0,I=68)(6.0ms,g=6.0,I=67)(5.1ms,g=4.0,I=67)
05-05 14:04:31.949  4590  4885 I VrApi   : FPS=71,Prd=44ms,Tear=0,Early=0,Stale=3,VSnc=1,Lat=1,Fov=0,CPU4/GPU=3/4,1958/670MHz,OC=FF,TA=0/E0/E0,SP=N/F/F,Mem=1804MHz,Free=1367MB,PSM=0,PLS=0,Temp=31.0C/0.0C,TW=1.19ms,App=13.91ms,GD=0.00ms,CPU&GPU=21.72ms,LCnt=1,GPU%=1.00,CPU%=0.18(W0.26),DSF=1.00
05-05 14:04:32.091  2121  4751 I TimeWarp: UpdateClockLevels: Apply pending clock request change: 3,4 -> 2,4
05-05 14:04:32.091  2121  4745 I Clocks  : ReleaseClocks - start
05-05 14:04:32.092   719  2791 D         : CPU_CLUSTER_0: No client requests exists, release clocks
05-05 14:04:32.092   719  2791 D         : CPU_CLUSTER_1: No client requests exists, release clocks
05-05 14:04:32.092   719  2791 D         : GPU: No client requests exists, release clocks
05-05 14:04:32.092   719  2791 D         : CPUBW: No client requests exists, release clocks
05-05 14:04:32.093  2121  4745 I Clocks  : ReleaseClocks - end (1.5 ms)
05-05 14:04:32.093  2121  4745 I Clocks  : LockClocks( cpu=2, gpu=4 ) - start
05-05 14:04:32.094  2121  4745 I Clocks  : CPU levels [0, 4]
05-05 14:04:32.094  2121  4745 I Clocks  : GPU levels [0, 5]
05-05 14:04:32.094   719   719 D         : CPU_CLUSTER_0: Client 2121 sends freq request [21, 21]
05-05 14:04:32.094   719   719 D         : CPU_CLUSTER_0: Next Perf Level = (21, 21)
05-05 14:04:32.094   719   719 D         : CPU_CLUSTER_1: Client 2121 sends freq request [18, 18]
05-05 14:04:32.094   719   719 D         : CPU_CLUSTER_1: Next Perf Level = (18, 18)
05-05 14:04:32.094   719   719 D         : CPUBW: Client 2121 sends freq request [8, 11]
05-05 14:04:32.094   719   719 D         : CPUBW: Next Perf Level = (8, 11)
05-05 14:04:32.095   719   719 D         : GPU: Client 2121 sends freq request [6, 6]
05-05 14:04:32.095   719   719 D         : GPU: Next Perf Level = (6, 6)
05-05 14:04:32.095  2121  4745 I Clocks  : LockClocks( cpu=2, gpu=4 ) - end (2.0 ms)
05-05 14:04:32.492  4590  4609 D UE4     : [GameActivity] Used memory: 742305
05-05 14:04:32.952  4590  4885 I VrApi   : FPS=72,Prd=45ms,Tear=0,Early=0,Stale=0,VSnc=1,Lat=1,Fov=0,CPU4/GPU=3/4,1651/670MHz,OC=FF,TA=0/E0/E0,SP=N/F/F,Mem=1804MHz,Free=1368MB,PSM=0,PLS=0,Temp=31.0C/0.0C,TW=1.22ms,App=13.19ms,GD=0.00ms,CPU&GPU=17.29ms,LCnt=1,GPU%=0.95,CPU%=0.26(W0.35),DSF=1.00
05-05 14:04:33.948  4590  4885 I VrApi   : FPS=72,Prd=45ms,Tear=0,Early=0,Stale=0,VSnc=1,Lat=1,Fov=0,CPU4/GPU=2/4,1651/670MHz,OC=FF,TA=0/E0/E0,SP=N/F/F,Mem=1804MHz,Free=1363MB,PSM=0,PLS=0,Temp=31.0C/0.0C,TW=1.19ms,App=14.45ms,GD=0.00ms,CPU&GPU=17.61ms,LCnt=1,GPU%=0.97,CPU%=0.32(W0.41),DSF=1.00
05-05 14:04:34.950  4590  4885 I VrApi   : FPS=72,Prd=45ms,Tear=0,Early=0,Stale=0,VSnc=1,Lat=1,Fov=0,CPU4/GPU=2/4,1651/670MHz,OC=FF,TA=0/E0/E0,SP=N/F/F,Mem=1804MHz,Free=1368MB,PSM=0,PLS=0,Temp=31.0C/0.0C,TW=1.22ms,App=14.24ms,GD=0.00ms,CPU&GPU=17.00ms,LCnt=1,GPU%=0.95,CPU%=0.34(W0.37),DSF=1.00
05-05 14:04:35.207   715  4666 I [CT]    : boltlib: DSP utilization(%): 18
05-05 14:04:35.231   715  4733 I [CT]    : MANAGEMENT:CONSTELLATION: Status=GREEN,, Obj=7745273921483883046,6DOF=1,FusJit=0.006mm,Issues(Cam/min=  0,IMU/min=0), Obj=4212769887286730484,6DOF=1,FusJit=0.0mm,Issues(Cam/min=  0,IMU/min=0)
05-05 14:04:35.384   715  4734 I [CT]    : VIPER:MAP_MANAGER: State: TRACKING_PERSISTENT, UUID=d18585e8-d288-4997-b6ff-78495c7eed6a, Num. Persistent maps = 1,  Persistent maps:d18585e8-d288-4997-b6ff-78495c7eed6a,, Ser. Disabled = 00000000-0000-0000-0000-000000000000
05-05 14:04:35.425   715  4734 I [CT]    : VIPER: Status=6DoF,TRACKING,KF=155,Inl=475,Pts=502,Jit=0.1mm,Issues(Cam/min=0.0,IMU/min=0.0),Exp=(6.4ms,g=6.0,I=77)(4.4ms,g=4.0,I=69)(6.4ms,g=6.0,I=65)(5.3ms,g=4.0,I=67)
05-05 14:04:35.584   715  4734 I [CT]    : HealthReport: ==================================================
05-05 14:04:35.584   715  4734 I [CT]    : Health Report
05-05 14:04:35.584   715  4734 I [CT]    : -------------
05-05 14:04:35.584   715  4734 I [CT]    : 
05-05 14:04:35.584   715  4734 I [CT]    : Reporter #1 (InsideOutHealthMonitor) summary:
05-05 14:04:35.584   715  4734 I [CT]    : Camera: Total Dropped: 0.000000, Total Frame Count: 2705 (0.000000%), Camera Reset Count: 0
05-05 14:04:35.584   715  4734 I [CT]    : Camera: Total Single Camera Frame Dropped: 0, Total Frame Count: 2705 (0.000000%)
05-05 14:04:35.584   715  4734 I [CT]    : IMU: Total Dropped: 0.000000, Total Sample Count: 108439 (0.000000%)
05-05 14:04:35.584   715  4734 I [CT]    : Magnetometer: Total Dropped: 0.000000, Total Sample Count: 3254 (0.000000%)
05-05 14:04:35.584   715  4734 I [CT]    : 
05-05 14:04:35.584   715  4734 I [CT]    : Reporter #1 (InsideOutHealthMonitor) Passed
05-05 14:04:35.584   715  4734 I [CT]    : --------------------------------------------------
05-05 14:04:35.584   715  4734 I [CT]    : Reporter #2 (ConstellationHealthMonitor) summary:
05-05 14:04:35.584   715  4734 I [CT]    : Camera: Total Dropped: 0.000000, Total Frame Count: 2706 (0.000000%), Camera Reset Count: 1
