05-15 15:09:37.120  3308  3345 I RCTVR   : RCTEnvironment
05-15 15:09:37.124  3308  3345 I RCTVR   : Marker tti_router_app: duration=3.642552ms start=234175.559968999994 end=234179.202520999999
05-15 15:09:37.124  3308  3345 I RCTVR   : env default
05-15 15:09:37.133  3308  3345 D OculusLogger: reportQuickExperimentExposure(sessionless__oculus_feed_agency_and_personalization_v2_universe, control, 102449717587751)
05-15 15:09:37.147  3308  3345 D OculusLogger: reportQuickExperimentExposure(sessionless__oculus_explore_preference_customization, test, 102449717587751)
05-15 15:09:37.158  3308  3376 I libjingle: [000:212] [3376] (opensslidentity.cc:82): Returning key pair
05-15 15:09:37.158  3308  3376 I libjingle: [000:212] [3376] (opensslidentity.cc:89): Making certificate for WebRTC
05-15 15:09:37.159  3308  3376 I libjingle: [000:213] [3376] (opensslidentity.cc:137): Returning certificate
05-15 15:09:37.160  3308  3347 I OVRPlatform: [AndroidPlatformIntegration] Cached SystemVoipState wasn't set, explicitly requesting
05-15 15:09:37.161  3308  3347 I OVRPlatform: [RequestStopwatch] AndroidFinishInitialization took 405.4280 milliseconds
05-15 15:09:37.165  3308  3347 I OVRPlatform: [RequestStopwatch] AndroidAsyncInitRequest took 409.7230 milliseconds
05-15 15:09:37.165  1757  2361 I OVRPlatform: [PartiesAPI] ovr_Party_PluginGetSharedMemHandle: This function is deprecated, do not use
05-15 15:09:37.166  3308  3349 I OVRPlatform: [P2PNetworkTransport] SystemVoip state changed, updating mute
05-15 15:09:37.167  3308  3361 I ReactNativeExecutorHermes: Timestamp- markerPoint: 234222
05-15 15:09:37.175  3308  3345 D OculusLogger: reportQuickExperimentExposure(sessionless__oculus_mobile_explore_prefetching, test, 102449717587751)
05-15 15:09:37.176  3308  3372 I RCTVRNET: Request complete: time=188 name=unknown docid= traceid=FhQtJY81ezv code=200
05-15 15:09:37.189  3308  3345 D OculusLogger: reportQuickExperimentExposure(sessionless__oculus_feed_agency_and_personalization_v2_universe, control, 102449717587751)
05-15 15:09:37.192  3308  3372 I RCTVRNET: Request complete: time=193 name=unknown docid= traceid=GWcC+RsFiBo code=200
05-15 15:09:37.196  3308  3372 I RCTVRNET: Request complete: time=73 name=OCRelayNetwork_FBLinkActionsRefreshFBLinkedStatusQuery docid=2464161093633584 traceid=APfI3yaQtkO code=200
05-15 15:09:37.207  3308  3372 I RCTVRNET: Request complete: time=266 name=unknown docid= traceid=A/gMUIP8C1X code=200
05-15 15:09:37.215  3308  3361 I RCTVR_HERMES: [info]: Got available data for docid=2730171627063766 from native prefetch
05-15 15:09:37.216  3308  3345 D OculusLogger: reportQuickExperimentExposure(sessionless__oculus_feed_agency_and_personalization_v2_universe, control, 102449717587751)
05-15 15:09:37.216  3308  3361 I RCTVR_HERMES: [info]: Got available data for docid=2886345294781084 from native prefetch
05-15 15:09:37.231  3308  3345 D QuickPromotionModule: Signal trigger 'app_foreground'.
05-15 15:09:37.231  3308  3345 D QuickPromotionModule: Enable surface #5643.
05-15 15:09:37.231  3308  3345 D QuickPromotionModule: Enable surface #5259.
05-15 15:09:37.235  3308  3345 I RCTVRNET: Network data cache path: /data/user/0/com.oculus.vrshell.home/cache
05-15 15:09:37.237  3308  3392 I OVR_MemBuffer: Couldn't open assets/src/ocicon/assets/oc_icon_apps_filled_2_24_d2d3d4.png: No such file or directory
05-15 15:09:37.237  3308  3392 I OVR_MemBuffer: Couldn't open assets/src/ocicon/assets/oc_icon_search_outline_2_24_d2d3d4.png: No such file or directory
05-15 15:09:37.237  3308  3345 I RCTVR   : Marker tti_explore_panel_contents: duration=6.049842ms start=234287.068552000012 end=234293.11839399999
05-15 15:09:37.238  3308  3392 I OVR_MemBuffer: Couldn't open assets/src/ocicon/assets/oc_icon_home_outline_2_24_d2d3d4.png: No such file or directory
05-15 15:09:37.238  3308  3345 I RCTVR   : Marker tti_explore_panel: duration=5.290728ms start=234287.942875000008 end=234293.233603000001
05-15 15:09:37.238  3308  3391 I OVR_MemBuffer: Couldn't open assets/oculus-apps-native/VrShell/Home/assets/icons/settings_32x32.ktx: No such file or directory
05-15 15:09:37.238  3308  3345 I RCTVR   : Allocated offscreen texture 5, size 792x64
05-15 15:09:37.244  2068  2227 E Security-LocalReporter: FBPermission 'com.oculus.ocms.fbpermission.LIBRARY_PROVIDER' was not granted to UID '1000' (packages: '[com.android.providers.settings, com.oculus.vrpowermanager, com.oculus.bugreporter, com.oculus.vralertservice, com.android.wallpaperbackup, com.oculus.gatekeeperservice, com.oculus.os.settings, com.oculus.os.vrlockscreen, com.oculus.headsetsfx, com.oculus.notification_proxy, com.oculus.deviceauthserver, com.oculus.vrdesktop, com.oculus.location.geocoder, com.oculus.vrcast, com.oculus.wifiindoze, com.oculus.os.chargecontrol, com.oculus.companion.server, com.android.location.fused, com.oculus.unifiedtelemetry, com.android.settings, com.oculus.linefrequencyservice, com.qualcomm.wfd.service, com.oculus.micservice, oculus.platform, android, com.oculus.vrshell.desktop, com.oculus.inputmethod.pacific, com.android.inputdevices, com.oculus.externalstorage, com.android.keychain, com.oculus.os.clearactivity, com.oculus.preloader, com.qualcomm.timeservice, com.oculus.vraudiodatadumpmanager]')
05-15 15:09:37.245  2068  2227 E Security-LocalReporter: FBPermission 'com.oculus.ocms.fbpermission.LIBRARY_PROVIDER' was not granted to AppIdentity{uid=1000, packageNames=[com.android.providers.settings, com.oculus.vrpowermanager, com.oculus.bugreporter, com.oculus.vralertservice, com.android.wallpaperbackup, com.oculus.gatekeeperservice, com.oculus.os.settings, com.oculus.os.vrlockscreen, com.oculus.headsetsfx, com.oculus.notification_proxy, com.oculus.deviceauthserver, com.oculus.vrdesktop, com.oculus.location.geocoder, com.oculus.vrcast, com.oculus.wifiindoze, com.oculus.os.chargecontrol, com.oculus.companion.server, com.android.location.fused, com.oculus.unifiedtelemetry, com.android.settings, com.oculus.linefrequencyservice, com.qualcomm.wfd.service, com.oculus.micservice, oculus.platform, android, com.oculus.vrshell.desktop, com.oculus.inputmethod.pacific, com.android.inputdevices, com.oculus.externalstorage, com.android.keychain, com.oculus.os.clearactivity, com.oculus.preloader, com.qualcomm.timeservice, com.oculus.vraudiodatadumpmanager], sha1=2KUshwWT2olt01Y9V_BeTOrMcrg, sha2=6PDrONEnh3P7htSccijrhAA8B9sXJeGvGHy-ZuMff34, version=null, domain=null}; request is denied for fail-close
05-15 15:09:37.253   713  2956 I [CT]    : R:Behavior:NearHeadMoving: state transition: TorsoInitialized -> InRange
05-15 15:09:37.255  1848  1917 I [OAR] PanelAppHost: Setting panel layer visibility of layer "#main" to visible
05-15 15:09:37.292  2068  2227 I LibraryProvider: running queryApp(com.oculus.vrshell.home) for android.uid.system:1000
05-15 15:09:37.292  2068  2227 W LibraryProvider: Cannot find entitlement for com.oculus.vrshell.home
05-15 15:09:37.292  1475  1509 W OVRLibrary: null cursor received for query content://com.oculus.ocms.library/apps/com.oculus.vrshell.home
05-15 15:09:37.294  1757  1772 I ExternalPlatformNetwork: access token acquired for pkg 'com.oculus.vrshell.home'
05-15 15:09:37.295  3308  3348 I OVRPlatform: [RequestStopwatch] AccessTokenRequest took 135.6570 milliseconds
05-15 15:09:37.300  3308  3345 I OCPlatformModule: timestamp accessTokenRequestID
05-15 15:09:37.300  3308  3345 I RCTVR   : Marker access_token_request_start: duration=564.195005ms start=233247 end=233811.195004999987
05-15 15:09:37.300  3308  3345 I RCTVR   : Marker access_token_request_end: duration=1109.140420ms start=233247 end=234356.140420000011
05-15 15:09:37.301  3308  3345 I AccessTokenForwarderModule: Forwarding token
05-15 15:09:37.301  3308  3345 D AccessTokenForwarder: Get access token
05-15 15:09:37.302  3308  3372 I RCTVRNET: Request complete: time=74 name=OCRelayNetwork_ExploreWidgetsQueryRendererQuery docid=2777260702387851 traceid=Hxea4Dw8Rrv code=200
05-15 15:09:37.320  3308  3345 I HomeApplication: onAccessToken
05-15 15:09:37.325   713  2956 I [CT]    : R:Behavior:NearHeadMoving: state transition: InRange -> Active
05-15 15:09:37.325   713  2956 I [CT]    : R:Behavior:NearHeadMoving: activated
05-15 15:09:37.325   713  2956 I [CT]    : R:Behavior:NearHeadMoving: using reliablePoseInWorld
05-15 15:09:37.325   713  2956 I [CT]    : AdHocPatch: [Right] t = 48.976s, behavior transition: None -> NearHeadMoving at 49.026s
05-15 15:09:37.347  3308  3372 I RCTVRNET: Request complete: time=120 name=OCRelayNetwork_DiscoStoryPostConsumptionFeedbackControllerQuery docid=2505891649502893 traceid=F4oeG97ITa9 code=200
05-15 15:09:37.360  1475  1508 W art     : Suspending all threads took: 7.157ms
05-15 15:09:37.363  1475  1508 I art     : Background sticky concurrent mark sweep GC freed 11196(1095KB) AllocSpace objects, 0(0B) LOS objects, 31% free, 2MB/3MB, paused 8.182ms total 24.730ms
05-15 15:09:37.399  3308  3372 I RCTVRNET: Request complete: time=182 name=OCRelayNetwork_ExploreToolbarQuery docid=2676668749061903 traceid=ECNiXUteJpk code=200
05-15 15:09:37.429  3308  3372 I RCTVRNET: Request complete: time=70 name=OCRelayNetwork_DiscoStoryPostConsumptionFeedbackControllerRefetchQuery docid=2601879749832318 traceid=Ahu6IzCQuFv code=200
05-15 15:09:37.467  2068  2142 I LibraryProvider: running queryAllApps() for com.oculus.vrshell.home
05-15 15:09:37.555   713  2972 W [CT]    : TRACKER:CONSTELLATION: Camera is ahead of IMU by 0 ms! Sleeping vision thread for 3 ms.
05-15 15:09:37.581  1084  1154 W InputDispatcher: channel '45477bc com.YourCompany.ToysGame/com.epicgames.ue4.GameActivity (server)' ~ Consumer closed input channel or an error occurred.  events=0x9
05-15 15:09:37.581  1084  1154 E InputDispatcher: channel '45477bc com.YourCompany.ToysGame/com.epicgames.ue4.GameActivity (server)' ~ Channel is unrecoverably broken and will be disposed!
05-15 15:09:37.583  2083  3170 D VrRuntimeService: VrRuntimeService: binderDied: com.YourCompany.ToysGame
05-15 15:09:37.583  2083  3170 D VrRuntimeService: VrRuntimeService: destroyClientInternal: com.YourCompany.ToysGame, pid: 2875, window: null
05-15 15:09:37.583  2083  3170 I ClientMgr: ClientMgr::DestroyClient: 2875:com.YourCompany.ToysGame
05-15 15:09:37.583  2083  3170 I ClientMgr: ClientMgr::DestroyClient Destroying 2 swapchains for 2875:com.YourCompany.ToysGame
05-15 15:09:37.583  2083  3170 I ClientMgr: ClientMgr::DestroyClient: non-deferred ShutdownResources: 1315 == 1315 
05-15 15:09:37.583  2083  3170 I BufferObject: ovrBufferObjectFactory::Shutdown
05-15 15:09:37.583  2083  3170 I BufferObject: ovrBufferObjectFactory: closing fd=87
05-15 15:09:37.583  2083  3170 I BufferObject: ovrBufferObjectFactory: unmapping Vulkan memory
05-15 15:09:37.583  2083  3170 I BufferObject: ovrBufferObjectFactory: destroying Vulkan buffer=547668718336
05-15 15:09:37.583  2083  3170 I BufferObject: ovrBufferObjectFactory: freeing Vulkan memory=547670539008
05-15 15:09:37.584  1084  1581 I WindowManager: WIN DEATH: Window{37f57a9 u0 SurfaceView - com.YourCompany.ToysGame/com.epicgames.ue4.GameActivity}
05-15 15:09:37.584  1084  1529 I ActivityManager: Process com.YourCompany.ToysGame (pid 2875) has died
05-15 15:09:37.584  1084  1529 D ActivityManager: cleanUpApplicationRecord -- 2875
05-15 15:09:37.587  1084  1359 D ConnectivityService: ConnectivityService NetworkRequestInfo binderDied(NetworkRequest [ LISTEN id=7, [ Capabilities: NOT_RESTRICTED&TRUSTED&NOT_VPN&FOREGROUND] ], android.os.BinderProxy@fa4012e)
05-15 15:09:37.587  1084  1109 D GraphicsStats: Buffer count: 3
05-15 15:09:37.592  2096  2621 D VrGuardianService: VrGuardianService: binderDied: com.YourCompany.ToysGame
05-15 15:09:37.598   713  2972 W [CT]    : TRACKER:CONSTELLATION: Camera is ahead of IMU by 0 ms! Sleeping vision thread for 3 ms.
05-15 15:09:37.601   713  2972 W [CT]    : CONSTELLATION: R: Cam ahead of IMU: 0.698 ms. Last timestamp: 49.2393 seconds.
05-15 15:09:37.601  1084  1168 E ConnectivityService: RemoteException caught trying to send a callback msg for NetworkRequest [ LISTEN id=7, [ Capabilities: NOT_RESTRICTED&TRUSTED&NOT_VPN&FOREGROUND] ]
05-15 15:09:37.602  1084  1529 W InputDispatcher: Attempted to unregister already unregistered input channel '45477bc com.YourCompany.ToysGame/com.epicgames.ue4.GameActivity (server)'
05-15 15:09:37.614  1084  1108 W WindowManager: Failed looking up window callers=com.android.server.wm.WindowManagerService.windowForClientLocked:9473 com.android.server.wm.WindowState$DeathRecipient.binderDied:1808 android.os.BinderProxy.sendDeathNotice:744 
05-15 15:09:37.614  1084  1108 I WindowManager: WIN DEATH: null
05-15 15:09:37.795   713  2972 W [CT]    : TRACKER:CONSTELLATION: Camera is ahead of IMU by 0 ms! Sleeping vision thread for 3 ms.
05-15 15:09:37.858  1848  3289 I VrApi   : FPS=72,Prd=45ms,Tear=0,Early=69,Stale=2,VSnc=1,Lat=1,Fov=0,CPU4/GPU=2/4,2304/670MHz,OC=FF,TA=0/E0/0,SP=N/F/N,Mem=1804MHz,Free=1367MB,PSM=0,PLS=0,Temp=25.0C/0.0C,TW=1.66ms,App=4.56ms,GD=0.00ms,CPU&GPU=9.18ms,LCnt=3,GPU%=0.40,CPU%=0.43(W0.53),DSF=1.00
05-15 15:09:37.898  3308  3345 I RvrPnl  : FPS=63.9908/139.277/9.41806, MSPF=0.0156272/7.17995/106.179, MEMALLOC=9.39122
05-15 15:09:38.095   713  2956 I [CT]    : R:Behavior:NearHeadMoving: state transition: InRange -> Active
05-15 15:09:38.095   713  2956 I [CT]    : R:Behavior:NearHeadMoving: activated
05-15 15:09:38.095   713  2956 I [CT]    : R:Behavior:NearHeadMoving: using reliablePoseInWorld
05-15 15:09:38.095   713  2956 I [CT]    : AdHocPatch: [Left] t = 49.746s, behavior transition: None -> NearHeadMoving at 49.024s
05-15 15:09:38.132  1848  1917 I [OAR] PanelAppAnalytics: Response latency: 1 frames, 1 messages
05-15 15:09:38.273  1848  2292 I OVRPlatform: [CurlHttpClient] Executing HTTP request: https://graph.oculus.com//v1.20/me?fields=current_party{id,leader{id},join_policy,users{id,alias,can_viewer_message,display_name,profile_url,profile_url_small,presence,presence_status,presence_app{id,package_name},presence_deeplink_joinable,presence_deeplink_message,presence_destination_api_name,presence_scoped_user_id,avatar_v2{avatar_image{uri}}},invited_users{id,alias,can_viewer_message,display_name,profile_url,profile_url_small,presence,presence_status,presence_app{id,package_name},avatar_v2{avatar_image{uri}}}}&app_version=210946745
05-15 15:09:38.359  1848  2291 I OVRPlatform: [HttpRequest] Request `me?fields=current_party{id,leader{id},join_policy,users{id,alias,can_viewer_message,display_name,profile_url,profile_url_small,presence,presence_status,presence_app{id,package_name},presence_deeplink_joinable,presence_deeplink_message,presence_destination_api_name,presence_scoped_user_id,avatar_v2{avatar_image{uri}}},invited_users{id,alias,can_viewer_message,display_name,profile_url,profile_url_small,presence,presence_status,presence_app{id,package_name},avatar_v2{avatar_image{uri}}}}' (id: 253) succeeded: {"id":"102449717587751"}
05-15 15:09:38.359  1848  2291 I OVRPlatform: [RequestStopwatch] HttpRequestAsync (me?fields=current_party{id,leader{id},join_policy,users{id,alias,can_viewer_message,display_name,profile_url,profile_url_small,presence,presence_status,presence_app{id,package_name},presence_deeplink_joinable,presence_deeplink_message,presence_destination_api_name,presence_scoped_user_id,avatar_v2{avatar_image{uri}}},invited_users{id,alias,can_viewer_message,display_name,profile_url,profile_url_small,presence,presence_status,presence_app{id,package_name},avatar_v2{avatar_image{uri}}}}) took 86.2130 milliseconds
05-15 15:09:38.369  1848  1917 I [OAR] PartyManager: Party Response Parse Time: 0.06849ms
