05-05 14:04:35.584   715  4734 I [CT]    : Camera: Total Single Camera Frame Dropped: 0, Total Frame Count: 2706 (0.000000%)
05-05 14:04:35.584   715  4734 I [CT]    : Controller 7745273921483883046:
05-05 14:04:35.584   715  4734 I [CT]    : IMU: Capture period exceeded threshold.  Largest period: 2.132704 sec
05-05 14:04:35.584   715  4734 I [CT]    : Controllers may have been sleeping
05-05 14:04:35.584   715  4734 I [CT]    : IMU: Total Dropped: 0.000000, Total Sample Count: 53218.341500 (0.000000%)
05-05 14:04:35.584   715  4734 I [CT]    : Controller 4212769887286730484:
05-05 14:04:35.945  4590  4885 I VrApi   : FPS=72,Prd=45ms,Tear=0,Early=0,Stale=0,VSnc=1,Lat=1,Fov=0,CPU4/GPU=2/4,1651/670MHz,OC=FF,TA=0/E0/E0,SP=N/F/F,Mem=1804MHz,Free=1367MB,PSM=0,PLS=0,Temp=31.0C/0.0C,TW=1.22ms,App=13.50ms,GD=0.00ms,CPU&GPU=17.36ms,LCnt=1,GPU%=0.97,CPU%=0.30(W0.41),DSF=1.00
05-05 14:04:36.371   715  4717 I [CT]    : L:Behavior:AtRest: activated
05-05 14:04:36.371   715  4717 I [CT]    : AdHocPatch: [Left] t = 109.355s, behavior transition: None -> AtRest at 109.405s
05-05 14:04:36.401   715  4717 I [CT]    : L:Behavior:AtRest: deactivated
05-05 14:04:36.401   715  4717 I [CT]    : AdHocPatch: [Left] t = 109.385s, behavior transition: AtRest -> None at 109.435s
05-05 14:04:36.946  4590  4885 I VrApi   : FPS=72,Prd=45ms,Tear=0,Early=0,Stale=0,VSnc=1,Lat=1,Fov=0,CPU4/GPU=2/4,1651/670MHz,OC=FF,TA=0/E0/E0,SP=N/F/F,Mem=1804MHz,Free=1366MB,PSM=0,PLS=0,Temp=31.0C/0.0C,TW=1.25ms,App=13.13ms,GD=0.00ms,CPU&GPU=17.32ms,LCnt=1,GPU%=0.94,CPU%=0.26(W0.30),DSF=1.00
05-05 14:04:37.747   715  4717 I [CT]    : L:Behavior:AtRest: activated
05-05 14:04:37.747   715  4717 I [CT]    : AdHocPatch: [Left] t = 110.731s, behavior transition: None -> AtRest at 110.780s
05-05 14:04:37.856   715  4717 I [CT]    : L:Behavior:AtRest: deactivated
05-05 14:04:37.856   715  4717 I [CT]    : AdHocPatch: [Left] t = 110.837s, behavior transition: AtRest -> None at 110.888s
05-05 14:04:37.946  4590  4885 I VrApi   : FPS=72,Prd=45ms,Tear=0,Early=0,Stale=0,VSnc=1,Lat=1,Fov=0,CPU4/GPU=2/4,1651/670MHz,OC=FF,TA=0/E0/E0,SP=N/F/F,Mem=1804MHz,Free=1366MB,PSM=0,PLS=0,Temp=31.0C/0.0C,TW=1.26ms,App=13.78ms,GD=0.00ms,CPU&GPU=17.60ms,LCnt=1,GPU%=0.99,CPU%=0.33(W0.43),DSF=1.00
05-05 14:04:38.417   715  4717 I [CT]    : L:Behavior:AtRest: activated
05-05 14:04:38.417   715  4717 I [CT]    : AdHocPatch: [Left] t = 111.400s, behavior transition: None -> AtRest at 111.451s
05-05 14:04:38.469   715  4717 I [CT]    : L:Behavior:AtRest: deactivated
05-05 14:04:38.469   715  4717 I [CT]    : AdHocPatch: [Left] t = 111.452s, behavior transition: AtRest -> None at 111.503s
05-05 14:04:38.483   715  4717 I [CT]    : L:Behavior:AtRest: activated
05-05 14:04:38.484   715  4717 I [CT]    : AdHocPatch: [Left] t = 111.466s, behavior transition: None -> AtRest at 111.517s
05-05 14:04:38.540   715  4717 I [CT]    : L:Behavior:AtRest: deactivated
05-05 14:04:38.540   715  4717 I [CT]    : AdHocPatch: [Left] t = 111.522s, behavior transition: AtRest -> None at 111.573s
05-05 14:04:38.832   715  4733 I [CT]    : MANAGEMENT:CONSTELLATION: Status=GREEN,, Obj=7745273921483883046,6DOF=1,FusJit=0.002mm,Issues(Cam/min=  0,IMU/min=0), Obj=4212769887286730484,6DOF=1,FusJit=0.0mm,Issues(Cam/min=  0,IMU/min=0)
05-05 14:04:38.946  4590  4885 I VrApi   : FPS=72,Prd=44ms,Tear=0,Early=0,Stale=0,VSnc=1,Lat=1,Fov=0,CPU4/GPU=2/4,1651/670MHz,OC=FF,TA=0/E0/E0,SP=N/F/F,Mem=1804MHz,Free=1365MB,PSM=0,PLS=0,Temp=31.0C/0.0C,TW=1.25ms,App=13.12ms,GD=0.00ms,CPU&GPU=17.81ms,LCnt=1,GPU%=0.99,CPU%=0.26(W0.33),DSF=1.00
05-05 14:04:38.984   715  4734 I [CT]    : VIPER:MAP_MANAGER: State: TRACKING_PERSISTENT, UUID=d18585e8-d288-4997-b6ff-78495c7eed6a, Num. Persistent maps = 1,  Persistent maps:d18585e8-d288-4997-b6ff-78495c7eed6a,, Ser. Disabled = 00000000-0000-0000-0000-000000000000
05-05 14:04:39.025   715  4734 I [CT]    : VIPER: Status=6DoF,TRACKING,KF=155,Inl=411,Pts=502,Jit=0.1mm,Issues(Cam/min=0.0,IMU/min=0.0),Exp=(6.6ms,g=6.0,I=75)(5.2ms,g=4.0,I=69)(6.6ms,g=6.0,I=67)(5.4ms,g=4.0,I=67)
05-05 14:04:39.217   715  4717 I [CT]    : L:Behavior:AtRest: activated
05-05 14:04:39.217   715  4717 I [CT]    : AdHocPatch: [Left] t = 112.200s, behavior transition: None -> AtRest at 112.250s
05-05 14:04:39.281   715  4717 I [CT]    : L:Behavior:AtRest: deactivated
05-05 14:04:39.281   715  4717 I [CT]    : AdHocPatch: [Left] t = 112.264s, behavior transition: AtRest -> None at 112.314s
05-05 14:04:39.442   715  4717 I [CT]    : L:Behavior:AtRest: activated
05-05 14:04:39.442   715  4717 I [CT]    : AdHocPatch: [Left] t = 112.424s, behavior transition: None -> AtRest at 112.474s
05-05 14:04:39.492   715  4717 I [CT]    : L:Behavior:AtRest: deactivated
05-05 14:04:39.492   715  4717 I [CT]    : AdHocPatch: [Left] t = 112.474s, behavior transition: AtRest -> None at 112.524s
05-05 14:04:39.595   715  4717 I [CT]    : L:Behavior:AtRest: activated
05-05 14:04:39.596   715  4717 I [CT]    : AdHocPatch: [Left] t = 112.578s, behavior transition: None -> AtRest at 112.629s
05-05 14:04:39.615   715  4717 I [CT]    : L:Behavior:AtRest: deactivated
05-05 14:04:39.615   715  4717 I [CT]    : AdHocPatch: [Left] t = 112.598s, behavior transition: AtRest -> None at 112.649s
05-05 14:04:39.873   715  4717 I [CT]    : L:Behavior:AtRest: activated
05-05 14:04:39.874   715  4717 I [CT]    : AdHocPatch: [Left] t = 112.856s, behavior transition: None -> AtRest at 112.907s
05-05 14:04:39.986   715  4717 I [CT]    : L:Behavior:AtRest: deactivated
05-05 14:04:39.987   715  4717 I [CT]    : AdHocPatch: [Left] t = 112.964s, behavior transition: AtRest -> None at 113.015s
05-05 14:04:40.285  4590  4885 I Telemetry: App memory usage: PSS=726MB DalvikPSS=2 MB
05-05 14:04:40.287  4590  4885 I VrApi   : FPS=70,Prd=44ms,Tear=0,Early=0,Stale=6,VSnc=1,Lat=1,Fov=0,CPU4/GPU=2/4,1651/670MHz,OC=FF,TA=0/E0/E0,SP=N/F/F,Mem=1804MHz,Free=1366MB,PSM=0,PLS=0,Temp=31.0C/0.0C,TW=1.26ms,App=13.77ms,GD=0.00ms,CPU&GPU=20.54ms,LCnt=1,GPU%=0.99,CPU%=0.27(W0.36),DSF=1.00
05-05 14:04:40.950  4590  4885 I VrApi   : FPS=72,Prd=44ms,Tear=0,Early=0,Stale=0,VSnc=1,Lat=1,Fov=0,CPU4/GPU=2/4,1651/670MHz,OC=FF,TA=0/E0/E0,SP=N/F/F,Mem=1804MHz,Free=1362MB,PSM=0,PLS=0,Temp=31.0C/0.0C,TW=1.22ms,App=13.87ms,GD=0.00ms,CPU&GPU=18.17ms,LCnt=1,GPU%=1.00,CPU%=0.31(W0.45),DSF=1.00
05-05 14:04:41.207   715  4666 I [CT]    : boltlib: DSP utilization(%): 19
05-05 14:04:41.585   715  4734 I [CT]    : HealthReport: ==================================================
05-05 14:04:41.585   715  4734 I [CT]    : Health Report
05-05 14:04:41.585   715  4734 I [CT]    : -------------
05-05 14:04:41.585   715  4734 I [CT]    : 
05-05 14:04:41.585   715  4734 I [CT]    : Reporter #1 (InsideOutHealthMonitor) summary:
05-05 14:04:41.585   715  4734 I [CT]    : Camera: Total Dropped: 0.000000, Total Frame Count: 2855 (0.000000%), Camera Reset Count: 0
05-05 14:04:41.585   715  4734 I [CT]    : Camera: Total Single Camera Frame Dropped: 0, Total Frame Count: 2855 (0.000000%)
05-05 14:04:41.585   715  4734 I [CT]    : IMU: Total Dropped: 0.000000, Total Sample Count: 114439 (0.000000%)
05-05 14:04:41.585   715  4734 I [CT]    : Magnetometer: Total Dropped: 0.000000, Total Sample Count: 3433 (0.000000%)
05-05 14:04:41.585   715  4734 I [CT]    : 
05-05 14:04:41.585   715  4734 I [CT]    : Reporter #1 (InsideOutHealthMonitor) Passed
05-05 14:04:41.585   715  4734 I [CT]    : --------------------------------------------------
05-05 14:04:41.585   715  4734 I [CT]    : Reporter #2 (ConstellationHealthMonitor) summary:
05-05 14:04:41.585   715  4734 I [CT]    : Camera: Total Dropped: 0.000000, Total Frame Count: 2856 (0.000000%), Camera Reset Count: 1
05-05 14:04:41.585   715  4734 I [CT]    : Camera: Total Single Camera Frame Dropped: 0, Total Frame Count: 2856 (0.000000%)
05-05 14:04:41.585   715  4734 I [CT]    : Controller 7745273921483883046:
05-05 14:04:41.585   715  4734 I [CT]    : IMU: Capture period exceeded threshold.  Largest period: 2.132704 sec
05-05 14:04:41.585   715  4734 I [CT]    : Controllers may have been sleeping
05-05 14:04:41.585   715  4734 I [CT]    : IMU: Total Dropped: 0.000000, Total Sample Count: 56219.623500 (0.000000%)
05-05 14:04:41.585   715  4734 I [CT]    : Controller 4212769887286730484:
05-05 14:04:41.680   715  4717 I [CT]    : L:Behavior:AtRest: activated
05-05 14:04:41.680   715  4717 I [CT]    : AdHocPatch: [Left] t = 114.663s, behavior transition: None -> AtRest at 114.713s
05-05 14:04:41.721   715  4717 I [CT]    : L:Behavior:AtRest: deactivated
05-05 14:04:41.722   715  4717 I [CT]    : AdHocPatch: [Left] t = 114.705s, behavior transition: AtRest -> None at 114.755s
05-05 14:04:41.945  4590  4885 I VrApi   : FPS=72,Prd=44ms,Tear=0,Early=0,Stale=0,VSnc=1,Lat=1,Fov=0,CPU4/GPU=2/4,1651/670MHz,OC=FF,TA=0/E0/E0,SP=N/F/F,Mem=1804MHz,Free=1366MB,PSM=0,PLS=0,Temp=31.0C/0.0C,TW=1.25ms,App=14.74ms,GD=0.00ms,CPU&GPU=17.94ms,LCnt=1,GPU%=0.99,CPU%=0.33(W0.45),DSF=1.00
05-05 14:04:42.431   715  4733 I [CT]    : MANAGEMENT:CONSTELLATION: Status=GREEN,, Obj=7745273921483883046,6DOF=1,FusJit=0.004mm,Issues(Cam/min=  0,IMU/min=0), Obj=4212769887286730484,6DOF=1,FusJit=0.0mm,Issues(Cam/min=  0,IMU/min=0)
05-05 14:04:42.583   715  4734 I [CT]    : VIPER:MAP_MANAGER: State: TRACKING_PERSISTENT, UUID=d18585e8-d288-4997-b6ff-78495c7eed6a, Num. Persistent maps = 1,  Persistent maps:d18585e8-d288-4997-b6ff-78495c7eed6a,, Ser. Disabled = 00000000-0000-0000-0000-000000000000
05-05 14:04:42.623   715  4734 I [CT]    : VIPER: Status=6DoF,TRACKING,KF=155,Inl=408,Pts=502,Jit=0.3mm,Issues(Cam/min=0.0,IMU/min=0.0),Exp=(6.4ms,g=6.0,I=74)(5.3ms,g=4.0,I=69)(6.4ms,g=6.0,I=67)(5.3ms,g=4.0,I=68)
05-05 14:04:42.881  4590  4609 D UE4     : [GameActivity] Used memory: 744637
05-05 14:04:42.945  4590  4885 I VrApi   : FPS=72,Prd=44ms,Tear=0,Early=0,Stale=0,VSnc=1,Lat=1,Fov=0,CPU4/GPU=2/4,1651/670MHz,OC=FF,TA=0/E0/E0,SP=N/F/F,Mem=1804MHz,Free=1366MB,PSM=0,PLS=0,Temp=31.0C/0.0C,TW=1.27ms,App=13.70ms,GD=0.00ms,CPU&GPU=17.78ms,LCnt=1,GPU%=0.98,CPU%=0.35(W0.41),DSF=1.00
05-05 14:04:43.808   715  4717 I [CT]    : L:Behavior:AtRest: activated
05-05 14:04:43.808   715  4717 I [CT]    : AdHocPatch: [Left] t = 116.790s, behavior transition: None -> AtRest at 116.840s
05-05 14:04:43.941  2121  4751 I TimeWarp: UpdateClockLevels: Apply pending clock request change: 2,4 -> 3,4
05-05 14:04:43.947  2121  4745 I Clocks  : ReleaseClocks - start
05-05 14:04:43.948   719   819 D         : CPU_CLUSTER_0: No client requests exists, release clocks
05-05 14:04:43.948   719   819 D         : CPU_CLUSTER_1: No client requests exists, release clocks
05-05 14:04:43.948   719   819 D         : GPU: No client requests exists, release clocks
05-05 14:04:43.948   719   819 D         : CPUBW: No client requests exists, release clocks
05-05 14:04:43.949  2121  4745 I Clocks  : ReleaseClocks - end (1.5 ms)
05-05 14:04:43.949  2121  4745 I Clocks  : LockClocks( cpu=3, gpu=4 ) - start
05-05 14:04:43.950  2121  4745 I Clocks  : CPU levels [0, 4]
05-05 14:04:43.950  2121  4745 I Clocks  : GPU levels [0, 5]
05-05 14:04:43.951   719  2791 D         : CPU_CLUSTER_0: Client 2121 sends freq request [21, 21]
05-05 14:04:43.951   719  2791 D         : CPU_CLUSTER_0: Next Perf Level = (21, 21)
05-05 14:04:43.951   719  2791 D         : CPU_CLUSTER_1: Client 2121 sends freq request [22, 22]
05-05 14:04:43.951   719  2791 D         : CPU_CLUSTER_1: Next Perf Level = (22, 22)
05-05 14:04:43.951   719  2791 D         : CPUBW: Client 2121 sends freq request [8, 11]
05-05 14:04:43.951   719  2791 D         : CPUBW: Next Perf Level = (8, 11)
05-05 14:04:43.951   719  2791 D         : GPU: Client 2121 sends freq request [6, 6]
05-05 14:04:43.951   719  2791 D         : GPU: Next Perf Level = (6, 6)
05-05 14:04:43.952  2121  4745 I Clocks  : LockClocks( cpu=3, gpu=4 ) - end (2.8 ms)
05-05 14:04:43.953  4590  4885 I VrApi   : FPS=72,Prd=45ms,Tear=0,Early=0,Stale=0,VSnc=1,Lat=1,Fov=0,CPU4/GPU=2/4,1132/670MHz,OC=FF,TA=0/E0/E0,SP=N/F/F,Mem=300MHz,Free=1366MB,PSM=0,PLS=0,Temp=31.0C/0.0C,TW=1.23ms,App=14.82ms,GD=0.00ms,CPU&GPU=17.80ms,LCnt=1,GPU%=0.99,CPU%=0.28(W0.36),DSF=1.00
05-05 14:04:44.028   715  4717 I [CT]    : L:Behavior:AtRest: deactivated
05-05 14:04:44.028   715  4717 I [CT]    : AdHocPatch: [Left] t = 117.008s, behavior transition: AtRest -> None at 117.058s
05-05 14:04:44.945  4590  4885 I VrApi   : FPS=67,Prd=44ms,Tear=0,Early=0,Stale=12,VSnc=1,Lat=1,Fov=0,CPU4/GPU=2/4,1958/670MHz,OC=FF,TA=0/E0/E0,SP=N/F/F,Mem=1804MHz,Free=1361MB,PSM=0,PLS=0,Temp=31.0C/0.0C,TW=1.25ms,App=14.87ms,GD=0.00ms,CPU&GPU=23.37ms,LCnt=1,GPU%=0.94,CPU%=0.28(W0.32),DSF=1.00
05-05 14:04:45.035  1061  1108 E BatteryStatsService: power: Missing API
05-05 14:04:45.039  1061  1108 E BatteryStatsService: no controller energy info supplied
05-05 14:04:45.051  1061  1108 E BatteryStatsService: no controller energy info supplied
05-05 14:04:45.106  4590  4590 D UE4     : [GameActivity] Battery: status = 2, rawlevel = 94, scale = 100
05-05 14:04:45.106  4590  4590 D UE4     : nativeBatteryEvent(stat = 2, lvl = 94  temp = 31.00 C)
05-05 14:04:45.114  1439  5098 I OSUpdateService: Intent with action system_battery_changed
05-05 14:04:45.952  4590  4885 I VrApi   : FPS=71,Prd=45ms,Tear=0,Early=0,Stale=6,VSnc=1,Lat=1,Fov=0,CPU4/GPU=3/4,1958/670MHz,OC=FF,TA=0/E0/E0,SP=N/F/F,Mem=1804MHz,Free=1365MB,PSM=0,PLS=0,Temp=31.0C/0.0C,TW=1.24ms,App=13.63ms,GD=0.00ms,CPU&GPU=17.23ms,LCnt=1,GPU%=0.98,CPU%=0.27(W0.32),DSF=1.00
05-05 14:04:46.031   715  4733 I [CT]    : MANAGEMENT:CONSTELLATION: Status=GREEN,, Obj=7745273921483883046,6DOF=1,FusJit=0.001mm,Issues(Cam/min=  0,IMU/min=0), Obj=4212769887286730484,6DOF=1,FusJit=0.0mm,Issues(Cam/min=  0,IMU/min=0)
05-05 14:04:46.168  2121  4751 I TimeWarp: UpdateClockLevels: Apply pending clock request change: 3,4 -> 2,4
05-05 14:04:46.168  2121  4745 I Clocks  : ReleaseClocks - start
05-05 14:04:46.169   719  2043 D         : CPU_CLUSTER_0: No client requests exists, release clocks
05-05 14:04:46.169   719  2043 D         : CPU_CLUSTER_1: No client requests exists, release clocks
05-05 14:04:46.170   719  2043 D         : GPU: No client requests exists, release clocks
05-05 14:04:46.170   719  2043 D         : CPUBW: No client requests exists, release clocks
05-05 14:04:46.171  2121  4745 I Clocks  : ReleaseClocks - end (2.0 ms)
05-05 14:04:46.171  2121  4745 I Clocks  : LockClocks( cpu=2, gpu=4 ) - start
05-05 14:04:46.171  2121  4745 I Clocks  : CPU levels [0, 4]
05-05 14:04:46.171  2121  4745 I Clocks  : GPU levels [0, 5]
05-05 14:04:46.172   719   819 D         : CPU_CLUSTER_0: Client 2121 sends freq request [21, 21]
05-05 14:04:46.172   719   819 D         : CPU_CLUSTER_0: Next Perf Level = (21, 21)
05-05 14:04:46.172   719   819 D         : CPU_CLUSTER_1: Client 2121 sends freq request [18, 18]
05-05 14:04:46.172   719   819 D         : CPU_CLUSTER_1: Next Perf Level = (18, 18)
05-05 14:04:46.172   719   819 D         : CPUBW: Client 2121 sends freq request [8, 11]
05-05 14:04:46.172   719   819 D         : CPUBW: Next Perf Level = (8, 11)
05-05 14:04:46.173   719   819 D         : GPU: Client 2121 sends freq request [6, 6]
05-05 14:04:46.173   719   819 D         : GPU: Next Perf Level = (6, 6)
05-05 14:04:46.173  2121  4745 I Clocks  : LockClocks( cpu=2, gpu=4 ) - end (2.1 ms)
05-05 14:04:46.184   715  4734 I [CT]    : VIPER:MAP_MANAGER: State: TRACKING_PERSISTENT, UUID=d18585e8-d288-4997-b6ff-78495c7eed6a, Num. Persistent maps = 1,  Persistent maps:d18585e8-d288-4997-b6ff-78495c7eed6a,, Ser. Disabled = 00000000-0000-0000-0000-000000000000
05-05 14:04:46.223   715  4734 I [CT]    : VIPER: Status=6DoF,TRACKING,KF=155,Inl=431,Pts=502,Jit=0.2mm,Issues(Cam/min=0.0,IMU/min=0.0),Exp=(6.6ms,g=6.0,I=75)(5.4ms,g=4.0,I=70)(6.6ms,g=6.0,I=67)(5.3ms,g=4.0,I=67)
05-05 14:04:46.558  2121  4751 I TimeWarp: UpdateClockLevels: Apply pending clock request change: 2,4 -> 3,4
05-05 14:04:46.558  2121  4745 I Clocks  : ReleaseClocks - start
05-05 14:04:46.559   719  2791 D         : CPU_CLUSTER_0: No client requests exists, release clocks
05-05 14:04:46.559   719  2791 D         : CPU_CLUSTER_1: No client requests exists, release clocks
05-05 14:04:46.559   719  2791 D         : GPU: No client requests exists, release clocks
05-05 14:04:46.559   719  2791 D         : CPUBW: No client requests exists, release clocks
05-05 14:04:46.560  2121  4745 I Clocks  : ReleaseClocks - end (1.5 ms)
05-05 14:04:46.560  2121  4745 I Clocks  : LockClocks( cpu=3, gpu=4 ) - start
05-05 14:04:46.560  2121  4745 I Clocks  : CPU levels [0, 4]
05-05 14:04:46.560  2121  4745 I Clocks  : GPU levels [0, 5]
05-05 14:04:46.561   719  2043 D         : CPU_CLUSTER_0: Client 2121 sends freq request [21, 21]
05-05 14:04:46.561   719  2043 D         : CPU_CLUSTER_0: Next Perf Level = (21, 21)
05-05 14:04:46.561   719  2043 D         : CPU_CLUSTER_1: Client 2121 sends freq request [22, 22]
05-05 14:04:46.561   719  2043 D         : CPU_CLUSTER_1: Next Perf Level = (22, 22)
05-05 14:04:46.561   719  2043 D         : CPUBW: Client 2121 sends freq request [8, 11]
05-05 14:04:46.561   719  2043 D         : CPUBW: Next Perf Level = (8, 11)
05-05 14:04:46.561   719  2043 D         : GPU: Client 2121 sends freq request [6, 6]
05-05 14:04:46.561   719  2043 D         : GPU: Next Perf Level = (6, 6)
05-05 14:04:46.561  2121  4745 I Clocks  : LockClocks( cpu=3, gpu=4 ) - end (1.4 ms)
05-05 14:04:46.951  4590  4885 I VrApi   : FPS=72,Prd=45ms,Tear=0,Early=0,Stale=0,VSnc=1,Lat=1,Fov=0,CPU4/GPU=3/4,1958/670MHz,OC=FF,TA=0/E0/E0,SP=N/F/F,Mem=1804MHz,Free=1363MB,PSM=0,PLS=0,Temp=31.0C/0.0C,TW=1.27ms,App=12.91ms,GD=0.00ms,CPU&GPU=17.59ms,LCnt=1,GPU%=0.98,CPU%=0.38(W0.45),DSF=1.00
05-05 14:04:47.213   715  4666 I [CT]    : boltlib: DSP utilization(%): 19
05-05 14:04:47.284   693  4283 D GatekeeperNativeService: Using value 1 for gk arvr_gk_nimble_mfjlp, user=0
05-05 14:04:47.285   693   693 D GatekeeperNativeService: Using value 1 for gk oculus_blob_size_checker_gk, user=0
05-05 14:04:47.287   693   729 D GatekeeperNativeService: Using value 1 for gk oculus_enable_background_subtraction_gk, user=0
05-05 14:04:47.288   693  4283 D GatekeeperNativeService: Using value 0 for gk oculus_enable_ht_quest_vrsrecording, user=0
05-05 14:04:47.289   693   693 D GatekeeperNativeService: Using value 0 for gk oculus_gk_is_dogfood, user=0
05-05 14:04:47.290   693   729 D GatekeeperNativeService: Using value 0 for gk oculus_gk_is_employee, user=0
05-05 14:04:47.291   693  4283 D GatekeeperNativeService: Using value 0 for gk oculus_gk_is_qa, user=0
05-05 14:04:47.291   693   693 D GatekeeperNativeService: Using value 0 for gk oculus_gk_is_spatial_ai, user=0
05-05 14:04:47.292   693   729 D GatekeeperNativeService: Using value 1 for gk oculus_mapmerging_gk, user=0
05-05 14:04:47.293   693  4283 D GatekeeperNativeService: Using value 0 for gk oculus_telemetry_gk_generic_1, user=0
05-05 14:04:47.293   693   693 D GatekeeperNativeService: Using value 0 for gk oculus_telemetry_gk_generic_2, user=0
05-05 14:04:47.294   693   729 D GatekeeperNativeService: Using value 0 for gk oculus_telemetry_gk_generic_3, user=0
05-05 14:04:47.295   693  4283 D GatekeeperNativeService: Using value 0 for gk oculus_telemetry_gk_generic_4, user=0
05-05 14:04:47.296   693   693 D GatekeeperNativeService: Using value 0 for gk oculus_telemetry_gk_generic_5, user=0
05-05 14:04:47.300   693   729 D GatekeeperNativeService: Using value 0 for gk oculus_vr_keyboard_enabled, user=0
05-05 14:04:47.301   715  4743 I [CT]    : TELEMETRY_COLLECTOR: Sending event: constellation_periodic
05-05 14:04:47.310   715  4743 I [CT]    : TELEMETRY_COLLECTOR: Sending event: oculus_boltcv_periodic
05-05 14:04:47.312   715  4743 I [CT]    : TELEMETRY_COLLECTOR: Sending event: insideout_periodic
05-05 14:04:47.314   715  4743 I [CT]    : TELEMETRY_COLLECTOR: Sending event: constellation_periodic
05-05 14:04:47.315   715  4743 I [CT]    : TELEMETRY_COLLECTOR: Sending event: constellation_periodic
05-05 14:04:47.316   715  4743 I [CT]    : TELEMETRY_COLLECTOR: Sending event: map_periodic
05-05 14:04:47.316   715  4743 I [CT]    : NIMBLE:HLOG: NimbleTelemetryAggregator::populateTelemetry
05-05 14:04:47.320   715  4743 I [CT]    : TELEMETRY_COLLECTOR: Sending event: attitude_ekf_periodic
05-05 14:04:47.490  1439  5103 I OSUpdateService: Intent with action system_battery_changed
05-05 14:04:47.584   715  4734 I [CT]    : HealthReport: ==================================================
05-05 14:04:47.584   715  4734 I [CT]    : Health Report
05-05 14:04:47.584   715  4734 I [CT]    : -------------
05-05 14:04:47.584   715  4734 I [CT]    : 
05-05 14:04:47.584   715  4734 I [CT]    : Reporter #1 (InsideOutHealthMonitor) summary:
05-05 14:04:47.584   715  4734 I [CT]    : Camera: Total Dropped: 0.000000, Total Frame Count: 3005 (0.000000%), Camera Reset Count: 0
05-05 14:04:47.584   715  4734 I [CT]    : Camera: Total Single Camera Frame Dropped: 0, Total Frame Count: 3005 (0.000000%)
05-05 14:04:47.584   715  4734 I [CT]    : IMU: Total Dropped: 0.000000, Total Sample Count: 120439 (0.000000%)
05-05 14:04:47.584   715  4734 I [CT]    : Magnetometer: Total Dropped: 0.000000, Total Sample Count: 3614 (0.000000%)
05-05 14:04:47.584   715  4734 I [CT]    : 
05-05 14:04:47.584   715  4734 I [CT]    : Reporter #1 (InsideOutHealthMonitor) Passed
05-05 14:04:47.584   715  4734 I [CT]    : --------------------------------------------------
05-05 14:04:47.584   715  4734 I [CT]    : Reporter #2 (ConstellationHealthMonitor) summary:
05-05 14:04:47.584   715  4734 I [CT]    : Camera: Total Dropped: 0.000000, Total Frame Count: 3006 (0.000000%), Camera Reset Count: 1
05-05 14:04:47.584   715  4734 I [CT]    : Camera: Total Single Camera Frame Dropped: 0, Total Frame Count: 3006 (0.000000%)
05-05 14:04:47.584   715  4734 I [CT]    : Controller 7745273921483883046:
05-05 14:04:47.584   715  4734 I [CT]    : IMU: Capture period exceeded threshold.  Largest period: 2.132704 sec
05-05 14:04:47.584   715  4734 I [CT]    : Controllers may have been sleeping
05-05 14:04:47.584   715  4734 I [CT]    : IMU: Total Dropped: 0.000000, Total Sample Count: 59217.911500 (0.000000%)
05-05 14:04:47.584   715  4734 I [CT]    : Controller 4212769887286730484:
05-05 14:04:47.945  4590  4885 I VrApi   : FPS=68,Prd=44ms,Tear=0,Early=4,Stale=7,VSnc=1,Lat=1,Fov=0,CPU4/GPU=3/4,1958/670MHz,OC=FF,TA=0/E0/E0,SP=N/F/F,Mem=1804MHz,Free=1362MB,PSM=0,PLS=0,Temp=31.0C/0.0C,TW=1.27ms,App=9.68ms,GD=0.00ms,CPU&GPU=18.04ms,LCnt=1,GPU%=0.72,CPU%=0.27(W0.35),DSF=1.00
05-05 14:04:48.168   715  4717 I [CT]    : L:Behavior:AtRest: activated
05-05 14:04:48.168   715  4717 I [CT]    : AdHocPatch: [Left] t = 121.151s, behavior transition: None -> AtRest at 121.201s
05-05 14:04:48.201   715  4717 I [CT]    : L:Behavior:AtRest: deactivated
05-05 14:04:48.201   715  4717 I [CT]    : AdHocPatch: [Left] t = 121.185s, behavior transition: AtRest -> None at 121.235s
05-05 14:04:48.842  2121  4751 I TimeWarp: UpdateClockLevels: Apply pending clock request change: 3,4 -> 2,4
05-05 14:04:48.842  2121  4745 I Clocks  : ReleaseClocks - start
05-05 14:04:48.842   719   819 D         : CPU_CLUSTER_0: No client requests exists, release clocks
05-05 14:04:48.842   719   819 D         : CPU_CLUSTER_1: No client requests exists, release clocks
05-05 14:04:48.842   719   819 D         : GPU: No client requests exists, release clocks
05-05 14:04:48.843   719   819 D         : CPUBW: No client requests exists, release clocks
05-05 14:04:48.843  2121  4745 I Clocks  : ReleaseClocks - end (1.6 ms)
05-05 14:04:48.843  2121  4745 I Clocks  : LockClocks( cpu=2, gpu=4 ) - start
05-05 14:04:48.848  2121  4745 I Clocks  : CPU levels [0, 4]
05-05 14:04:48.848  2121  4745 I Clocks  : GPU levels [0, 5]
05-05 14:04:48.848   719  2791 D         : CPU_CLUSTER_0: Client 2121 sends freq request [21, 21]
05-05 14:04:48.848   719  2791 D         : CPU_CLUSTER_0: Next Perf Level = (21, 21)
05-05 14:04:48.848   719  2791 D         : CPU_CLUSTER_1: Client 2121 sends freq request [18, 18]
05-05 14:04:48.848   719  2791 D         : CPU_CLUSTER_1: Next Perf Level = (18, 18)
05-05 14:04:48.849   719  2791 D         : CPUBW: Client 2121 sends freq request [8, 11]
05-05 14:04:48.849   719  2791 D         : CPUBW: Next Perf Level = (8, 11)
05-05 14:04:48.850   719  2791 D         : GPU: Client 2121 sends freq request [6, 6]
05-05 14:04:48.850   719  2791 D         : GPU: Next Perf Level = (6, 6)
05-05 14:04:48.850  2121  4745 I Clocks  : LockClocks( cpu=2, gpu=4 ) - end (6.4 ms)
05-05 14:04:48.944  4590  4885 I VrApi   : FPS=72,Prd=45ms,Tear=0,Early=16,Stale=0,VSnc=1,Lat=1,Fov=0,CPU4/GPU=3/4,1651/670MHz,OC=FF,TA=0/E0/E0,SP=N/F/F,Mem=1804MHz,Free=1362MB,PSM=0,PLS=0,Temp=31.0C/0.0C,TW=1.27ms,App=9.38ms,GD=0.00ms,CPU&GPU=13.97ms,LCnt=1,GPU%=0.74,CPU%=0.30(W0.43),DSF=1.00
05-05 14:04:49.095   715  4717 I [CT]    : L:Behavior:AtRest: activated
05-05 14:04:49.095   715  4717 I [CT]    : AdHocPatch: [Left] t = 122.078s, behavior transition: None -> AtRest at 122.128s
05-05 14:04:49.127   715  4717 I [CT]    : L:Behavior:AtRest: deactivated
05-05 14:04:49.128   715  4717 I [CT]    : AdHocPatch: [Left] t = 122.110s, behavior transition: AtRest -> None at 122.160s
05-05 14:04:49.632   715  4733 I [CT]    : MANAGEMENT:CONSTELLATION: Status=GREEN,, Obj=7745273921483883046,6DOF=1,FusJit=0.01mm,Issues(Cam/min=  0,IMU/min=0), Obj=4212769887286730484,6DOF=1,FusJit=0.0mm,Issues(Cam/min=  0,IMU/min=0)
05-05 14:04:49.783   715  4734 I [CT]    : VIPER:MAP_MANAGER: State: TRACKING_PERSISTENT, UUID=d18585e8-d288-4997-b6ff-78495c7eed6a, Num. Persistent maps = 1,  Persistent maps:d18585e8-d288-4997-b6ff-78495c7eed6a,, Ser. Disabled = 00000000-0000-0000-0000-000000000000
05-05 14:04:49.824   715  4734 I [CT]    : VIPER: Status=6DoF,TRACKING,KF=155,Inl=427,Pts=502,Jit=0.1mm,Issues(Cam/min=0.0,IMU/min=0.0),Exp=(6.6ms,g=6.0,I=72)(5.4ms,g=4.0,I=68)(6.6ms,g=6.0,I=68)(5.1ms,g=4.0,I=68)
05-05 14:04:49.946  4590  4885 I VrApi   : FPS=72,Prd=45ms,Tear=0,Early=24,Stale=0,VSnc=1,Lat=1,Fov=0,CPU4/GPU=2/4,1651/670MHz,OC=FF,TA=0/E0/E0,SP=N/F/F,Mem=1804MHz,Free=1358MB,PSM=0,PLS=0,Temp=31.0C/0.0C,TW=1.32ms,App=10.80ms,GD=0.00ms,CPU&GPU=13.17ms,LCnt=1,GPU%=0.74,CPU%=0.37(W0.50),DSF=1.00
05-05 14:04:50.447  2129  4781 I Telemetry: App memory usage: PSS=58MB DalvikPSS=1 MB
05-05 14:04:50.946  4590  4885 I VrApi   : FPS=72,Prd=45ms,Tear=0,Early=21,Stale=0,VSnc=1,Lat=1,Fov=0,CPU4/GPU=2/4,1651/670MHz,OC=FF,TA=0/E0/E0,SP=N/F/F,Mem=1804MHz,Free=1362MB,PSM=0,PLS=0,Temp=31.0C/0.0C,TW=1.15ms,App=8.63ms,GD=0.00ms,CPU&GPU=12.90ms,LCnt=1,GPU%=0.65,CPU%=0.28(W0.35),DSF=1.00
05-05 14:04:51.872  1061  1103 I UsageStatsService: User[0] Flushing usage stats to disk
05-05 14:04:51.953  4590  4885 I VrApi   : FPS=72,Prd=45ms,Tear=0,Early=48,Stale=0,VSnc=1,Lat=1,Fov=0,CPU4/GPU=2/4,1651/670MHz,OC=FF,TA=0/E0/E0,SP=N/F/F,Mem=1804MHz,Free=1357MB,PSM=0,PLS=0,Temp=31.0C/0.0C,TW=1.26ms,App=9.52ms,GD=0.00ms,CPU&GPU=12.72ms,LCnt=1,GPU%=0.72,CPU%=0.24(W0.35),DSF=1.00
05-05 14:04:52.946  4590  4885 I VrApi   : FPS=72,Prd=45ms,Tear=0,Early=6,Stale=0,VSnc=1,Lat=1,Fov=0,CPU4/GPU=2/4,1651/670MHz,OC=FF,TA=0/E0/E0,SP=N/F/F,Mem=1804MHz,Free=1361MB,PSM=0,PLS=0,Temp=31.0C/0.0C,TW=1.29ms,App=13.14ms,GD=0.00ms,CPU&GPU=15.65ms,LCnt=1,GPU%=0.94,CPU%=0.29(W0.38),DSF=1.00
05-05 14:04:53.230   715  4733 I [CT]    : MANAGEMENT:CONSTELLATION: Status=GREEN,, Obj=7745273921483883046,6DOF=1,FusJit=0.02mm,Issues(Cam/min=  0,IMU/min=0), Obj=4212769887286730484,6DOF=1,FusJit=0.0mm,Issues(Cam/min=  0,IMU/min=0)
05-05 14:04:53.233  4590  4609 D UE4     : [GameActivity] Used memory: 748257
05-05 14:04:53.247   715  4666 I [CT]    : boltlib: DSP utilization(%): 18
05-05 14:04:53.382   715  4734 I [CT]    : VIPER:MAP_MANAGER: State: TRACKING_PERSISTENT, UUID=d18585e8-d288-4997-b6ff-78495c7eed6a, Num. Persistent maps = 1,  Persistent maps:d18585e8-d288-4997-b6ff-78495c7eed6a,, Ser. Disabled = 00000000-0000-0000-0000-000000000000
05-05 14:04:53.419   715  4734 I [CT]    : VIPER: Status=6DoF,TRACKING,KF=150,Inl=229,Pts=483,Jit=0.7mm,Issues(Cam/min=0.0,IMU/min=0.0),Exp=(4.6ms,g=3.0,I=84)(2.7ms,g=2.0,I=67)(4.6ms,g=3.0,I=52)(5.0ms,g=4.0,I=70)
05-05 14:04:53.549   715  4733 I [CT]    : CONSTELLATION: R:  RESET. Keep Cov and Calib States = 1. Keep velocity state and covariance = 0
05-05 14:04:53.579   715  4734 I [CT]    : HealthReport: ==================================================
05-05 14:04:53.579   715  4734 I [CT]    : Health Report
05-05 14:04:53.579   715  4734 I [CT]    : -------------
05-05 14:04:53.579   715  4734 I [CT]    : 
05-05 14:04:53.579   715  4734 I [CT]    : Reporter #1 (InsideOutHealthMonitor) summary:
05-05 14:04:53.579   715  4734 I [CT]    : Camera: Total Dropped: 0.000000, Total Frame Count: 3155 (0.000000%), Camera Reset Count: 0
05-05 14:04:53.579   715  4734 I [CT]    : Camera: Total Single Camera Frame Dropped: 0, Total Frame Count: 3155 (0.000000%)
05-05 14:04:53.579   715  4734 I [CT]    : IMU: Total Dropped: 0.000000, Total Sample Count: 126434 (0.000000%)
05-05 14:04:53.579   715  4734 I [CT]    : Magnetometer: Total Dropped: 0.000000, Total Sample Count: 3794 (0.000000%)
05-05 14:04:53.579   715  4734 I [CT]    : 
05-05 14:04:53.579   715  4734 I [CT]    : Reporter #1 (InsideOutHealthMonitor) Passed
05-05 14:04:53.579   715  4734 I [CT]    : --------------------------------------------------
05-05 14:04:53.579   715  4734 I [CT]    : Reporter #2 (ConstellationHealthMonitor) summary:
05-05 14:04:53.579   715  4734 I [CT]    : Camera: Total Dropped: 0.000000, Total Frame Count: 3155 (0.000000%), Camera Reset Count: 1
05-05 14:04:53.579   715  4734 I [CT]    : Camera: Total Single Camera Frame Dropped: 0, Total Frame Count: 3155 (0.000000%)
05-05 14:04:53.579   715  4734 I [CT]    : Controller 7745273921483883046:
05-05 14:04:53.579   715  4734 I [CT]    : IMU: Capture period exceeded threshold.  Largest period: 2.132704 sec
05-05 14:04:53.579   715  4734 I [CT]    : Controllers may have been sleeping
05-05 14:04:53.579   715  4734 I [CT]    : IMU: Total Dropped: 0.000000, Total Sample Count: 62216.204000 (0.000000%)
05-05 14:04:53.579   715  4734 I [CT]    : Controller 4212769887286730484:
05-05 14:04:53.945  4590  4885 I VrApi   : FPS=72,Prd=45ms,Tear=0,Early=0,Stale=0,VSnc=1,Lat=1,Fov=0,CPU4/GPU=2/4,1651/670MHz,OC=FF,TA=0/E0/E0,SP=N/F/F,Mem=1804MHz,Free=1360MB,PSM=0,PLS=0,Temp=31.0C/0.0C,TW=1.29ms,App=13.16ms,GD=0.00ms,CPU&GPU=17.23ms,LCnt=1,GPU%=0.95,CPU%=0.24(W0.33),DSF=1.00
05-05 14:04:54.944  4590  4885 I VrApi   : FPS=72,Prd=45ms,Tear=0,Early=0,Stale=0,VSnc=1,Lat=1,Fov=0,CPU4/GPU=2/4,1651/670MHz,OC=FF,TA=0/E0/E0,SP=N/F/F,Mem=1804MHz,Free=1360MB,PSM=0,PLS=0,Temp=31.0C/0.0C,TW=1.29ms,App=9.90ms,GD=0.00ms,CPU&GPU=16.30ms,LCnt=1,GPU%=0.73,CPU%=0.21(W0.22),DSF=1.00
05-05 14:04:55.947  4590  4885 I VrApi   : FPS=72,Prd=45ms,Tear=0,Early=4,Stale=0,VSnc=1,Lat=1,Fov=0,CPU4/GPU=2/4,1651/670MHz,OC=FF,TA=0/E0/E0,SP=N/F/F,Mem=1804MHz,Free=1359MB,PSM=0,PLS=0,Temp=31.0C/0.0C,TW=1.27ms,App=13.47ms,GD=0.00ms,CPU&GPU=16.83ms,LCnt=1,GPU%=0.91,CPU%=0.24(W0.41),DSF=1.00
05-05 14:04:56.831   715  4733 I [CT]    : MANAGEMENT:CONSTELLATION: Status=GREEN,, Obj=7745273921483883046,6DOF=1,FusJit=0.008mm,Issues(Cam/min=  0,IMU/min=0), Obj=4212769887286730484,6DOF=1,FusJit=0.0mm,Issues(Cam/min=  0,IMU/min=0)
05-05 14:04:56.946  4590  4885 I VrApi   : FPS=72,Prd=45ms,Tear=0,Early=1,Stale=0,VSnc=1,Lat=1,Fov=0,CPU4/GPU=2/4,1651/670MHz,OC=FF,TA=0/E0/E0,SP=N/F/F,Mem=1804MHz,Free=1357MB,PSM=0,PLS=0,Temp=31.0C/0.0C,TW=1.24ms,App=9.47ms,GD=0.00ms,CPU&GPU=14.54ms,LCnt=1,GPU%=0.71,CPU%=0.26(W0.36),DSF=1.00
05-05 14:04:56.980   715  4734 I [CT]    : VIPER:MAP_MANAGER: State: TRACKING_PERSISTENT, UUID=d18585e8-d288-4997-b6ff-78495c7eed6a, Num. Persistent maps = 1,  Persistent maps:d18585e8-d288-4997-b6ff-78495c7eed6a,, Ser. Disabled = 00000000-0000-0000-0000-000000000000
05-05 14:04:57.021   715  4734 I [CT]    : VIPER: Status=6DoF,TRACKING,KF=150,Inl=344,Pts=483,Jit=0.2mm,Issues(Cam/min=0.0,IMU/min=0.0),Exp=(5.9ms,g=7.0,I=70)(5.6ms,g=4.0,I=67)(5.9ms,g=7.0,I=68)(5.1ms,g=4.0,I=68)
05-05 14:04:57.947  4590  4885 I VrApi   : FPS=72,Prd=45ms,Tear=0,Early=14,Stale=0,VSnc=1,Lat=1,Fov=0,CPU4/GPU=2/4,1651/670MHz,OC=FF,TA=0/E0/E0,SP=N/F/F,Mem=1804MHz,Free=1360MB,PSM=0,PLS=0,Temp=31.0C/0.0C,TW=1.27ms,App=10.56ms,GD=0.00ms,CPU&GPU=13.46ms,LCnt=1,GPU%=0.72,CPU%=0.26(W0.38),DSF=1.00
05-05 14:04:58.946  4590  4885 I VrApi   : FPS=72,Prd=45ms,Tear=0,Early=1,Stale=0,VSnc=1,Lat=1,Fov=0,CPU4/GPU=2/4,1651/670MHz,OC=FF,TA=0/E0/E0,SP=N/F/F,Mem=1804MHz,Free=1360MB,PSM=0,PLS=0,Temp=31.0C/0.0C,TW=1.19ms,App=8.85ms,GD=0.00ms,CPU&GPU=14.85ms,LCnt=1,GPU%=0.70,CPU%=0.21(W0.25),DSF=1.00
05-05 14:04:59.247   715  4666 I [CT]    : boltlib: DSP utilization(%): 16
05-05 14:04:59.581   715  4734 I [CT]    : HealthReport: ==================================================
05-05 14:04:59.581   715  4734 I [CT]    : Health Report
05-05 14:04:59.581   715  4734 I [CT]    : -------------
05-05 14:04:59.581   715  4734 I [CT]    : 
05-05 14:04:59.581   715  4734 I [CT]    : Reporter #1 (InsideOutHealthMonitor) summary:
05-05 14:04:59.581   715  4734 I [CT]    : Camera: Total Dropped: 0.000000, Total Frame Count: 3305 (0.000000%), Camera Reset Count: 0
05-05 14:04:59.581   715  4734 I [CT]    : Camera: Total Single Camera Frame Dropped: 0, Total Frame Count: 3305 (0.000000%)
05-05 14:04:59.581   715  4734 I [CT]    : IMU: Total Dropped: 0.000000, Total Sample Count: 132436 (0.000000%)
05-05 14:04:59.581   715  4734 I [CT]    : Magnetometer: Total Dropped: 0.000000, Total Sample Count: 3973 (0.000000%)
05-05 14:04:59.581   715  4734 I [CT]    : 
05-05 14:04:59.581   715  4734 I [CT]    : Reporter #1 (InsideOutHealthMonitor) Passed
05-05 14:04:59.581   715  4734 I [CT]    : --------------------------------------------------
05-05 14:04:59.581   715  4734 I [CT]    : Reporter #2 (ConstellationHealthMonitor) summary:
05-05 14:04:59.581   715  4734 I [CT]    : Camera: Total Dropped: 0.000000, Total Frame Count: 3306 (0.000000%), Camera Reset Count: 1
05-05 14:04:59.581   715  4734 I [CT]    : Camera: Total Single Camera Frame Dropped: 0, Total Frame Count: 3306 (0.000000%)
05-05 14:04:59.581   715  4734 I [CT]    : Controller 7745273921483883046:
05-05 14:04:59.581   715  4734 I [CT]    : IMU: Capture period exceeded threshold.  Largest period: 2.132704 sec
05-05 14:04:59.581   715  4734 I [CT]    : Controllers may have been sleeping
05-05 14:04:59.581   715  4734 I [CT]    : IMU: Total Dropped: 0.000000, Total Sample Count: 65217.495500 (0.000000%)
05-05 14:04:59.581   715  4734 I [CT]    : Controller 4212769887286730484:
05-05 14:04:59.945  4590  4885 I VrApi   : FPS=72,Prd=44ms,Tear=0,Early=38,Stale=0,VSnc=1,Lat=1,Fov=0,CPU4/GPU=2/4,1651/670MHz,OC=FF,TA=0/E0/E0,SP=N/F/F,Mem=1804MHz,Free=1360MB,PSM=0,PLS=0,Temp=31.0C/0.0C,TW=1.16ms,App=8.30ms,GD=0.00ms,CPU&GPU=12.35ms,LCnt=1,GPU%=0.64,CPU%=0.28(W0.32),DSF=1.00
05-05 14:05:00.431   715  4733 I [CT]    : MANAGEMENT:CONSTELLATION: Status=GREEN,, Obj=7745273921483883046,6DOF=1,FusJit=0.005mm,Issues(Cam/min=  0,IMU/min=0), Obj=4212769887286730484,6DOF=1,FusJit=0.0mm,Issues(Cam/min=  0,IMU/min=0)
05-05 14:05:00.582   715  4734 I [CT]    : VIPER:MAP_MANAGER: State: TRACKING_PERSISTENT, UUID=d18585e8-d288-4997-b6ff-78495c7eed6a, Num. Persistent maps = 1,  Persistent maps:d18585e8-d288-4997-b6ff-78495c7eed6a,, Ser. Disabled = 00000000-0000-0000-0000-000000000000
05-05 14:05:00.622   715  4734 I [CT]    : VIPER: Status=6DoF,TRACKING,KF=150,Inl=331,Pts=483,Jit=0.2mm,Issues(Cam/min=0.0,IMU/min=0.0),Exp=(6.1ms,g=7.0,I=72)(5.7ms,g=4.0,I=68)(6.1ms,g=7.0,I=69)(5.2ms,g=4.0,I=68)
05-05 14:05:01.004  1823  1823 D [OAR] LowStorageNotificationScheduler: Storage Checks: Internal Free (110067261440)
05-05 14:05:01.276  4590  4885 I Telemetry: App memory usage: PSS=724MB DalvikPSS=2 MB
05-05 14:05:01.278  4590  4885 I VrApi   : FPS=72,Prd=45ms,Tear=0,Early=38,Stale=0,VSnc=1,Lat=1,Fov=0,CPU4/GPU=2/4,1651/670MHz,OC=FF,TA=0/E0/E0,SP=N/F/F,Mem=1804MHz,Free=1364MB,PSM=0,PLS=0,Temp=31.0C/0.0C,TW=1.24ms,App=9.27ms,GD=0.00ms,CPU&GPU=12.94ms,LCnt=1,GPU%=0.65,CPU%=0.39(W0.48),DSF=1.00
05-05 14:05:01.946  4590  4885 I VrApi   : FPS=72,Prd=44ms,Tear=0,Early=20,Stale=0,VSnc=1,Lat=1,Fov=0,CPU4/GPU=2/4,1651/670MHz,OC=FF,TA=0/E0/E0,SP=N/F/F,Mem=1804MHz,Free=1368MB,PSM=0,PLS=0,Temp=31.0C/0.0C,TW=1.24ms,App=9.66ms,GD=0.00ms,CPU&GPU=13.17ms,LCnt=1,GPU%=0.72,CPU%=0.29(W0.38),DSF=1.00
05-05 14:05:02.947  4590  4885 I VrApi   : FPS=72,Prd=45ms,Tear=0,Early=11,Stale=0,VSnc=1,Lat=1,Fov=0,CPU4/GPU=2/4,1651/670MHz,OC=FF,TA=0/E0/E0,SP=N/F/F,Mem=1804MHz,Free=1367MB,PSM=0,PLS=0,Temp=31.0C/0.0C,TW=1.28ms,App=9.71ms,GD=0.00ms,CPU&GPU=13.40ms,LCnt=1,GPU%=0.72,CPU%=0.33(W0.39),DSF=1.00
05-05 14:05:03.626  4590  4609 D UE4     : [GameActivity] Used memory: 741853
05-05 14:05:03.947  4590  4885 I VrApi   : FPS=72,Prd=45ms,Tear=0,Early=15,Stale=0,VSnc=1,Lat=1,Fov=0,CPU4/GPU=2/4,1651/670MHz,OC=FF,TA=0/E0/E0,SP=N/F/F,Mem=1804MHz,Free=1368MB,PSM=0,PLS=0,Temp=31.0C/0.0C,TW=1.20ms,App=8.96ms,GD=0.00ms,CPU&GPU=12.81ms,LCnt=1,GPU%=0.68,CPU%=0.28(W0.32),DSF=1.00
05-05 14:05:04.032   715  4733 I [CT]    : MANAGEMENT:CONSTELLATION: Status=GREEN,, Obj=7745273921483883046,6DOF=1,FusJit=0.003mm,Issues(Cam/min=  0,IMU/min=0), Obj=4212769887286730484,6DOF=1,FusJit=0.0mm,Issues(Cam/min=  0,IMU/min=0)
05-05 14:05:04.180   715  4734 I [CT]    : VIPER:MAP_MANAGER: State: TRACKING_PERSISTENT, UUID=d18585e8-d288-4997-b6ff-78495c7eed6a, Num. Persistent maps = 1,  Persistent maps:d18585e8-d288-4997-b6ff-78495c7eed6a,, Ser. Disabled = 00000000-0000-0000-0000-000000000000
05-05 14:05:04.221   715  4734 I [CT]    : VIPER: Status=6DoF,TRACKING,KF=150,Inl=316,Pts=483,Jit=0.1mm,Issues(Cam/min=0.0,IMU/min=0.0),Exp=(6.1ms,g=7.0,I=73)(5.6ms,g=4.0,I=68)(6.1ms,g=7.0,I=69)(5.3ms,g=4.0,I=68)
05-05 14:05:04.946  4590  4885 I VrApi   : FPS=72,Prd=44ms,Tear=0,Early=28,Stale=0,VSnc=1,Lat=1,Fov=0,CPU4/GPU=2/4,1651/670MHz,OC=FF,TA=0/E0/E0,SP=N/F/F,Mem=1804MHz,Free=1368MB,PSM=0,PLS=0,Temp=31.0C/0.0C,TW=1.21ms,App=8.63ms,GD=0.00ms,CPU&GPU=12.68ms,LCnt=1,GPU%=0.66,CPU%=0.32(W0.38),DSF=1.00
05-05 14:05:05.248   715  4666 I [CT]    : boltlib: DSP utilization(%): 16
05-05 14:05:05.583   715  4734 I [CT]    : HealthReport: ==================================================
05-05 14:05:05.583   715  4734 I [CT]    : Health Report
05-05 14:05:05.583   715  4734 I [CT]    : -------------
05-05 14:05:05.583   715  4734 I [CT]    : 
05-05 14:05:05.583   715  4734 I [CT]    : Reporter #1 (InsideOutHealthMonitor) summary:
05-05 14:05:05.583   715  4734 I [CT]    : Camera: Total Dropped: 0.000000, Total Frame Count: 3455 (0.000000%), Camera Reset Count: 0
05-05 14:05:05.583   715  4734 I [CT]    : Camera: Total Single Camera Frame Dropped: 0, Total Frame Count: 3455 (0.000000%)
05-05 14:05:05.583   715  4734 I [CT]    : IMU: Total Dropped: 0.000000, Total Sample Count: 138437 (0.000000%)
05-05 14:05:05.583   715  4734 I [CT]    : Magnetometer: Total Dropped: 0.000000, Total Sample Count: 4154 (0.000000%)
05-05 14:05:05.583   715  4734 I [CT]    : 
05-05 14:05:05.583   715  4734 I [CT]    : Reporter #1 (InsideOutHealthMonitor) Passed
05-05 14:05:05.583   715  4734 I [CT]    : --------------------------------------------------
05-05 14:05:05.583   715  4734 I [CT]    : Reporter #2 (ConstellationHealthMonitor) summary:
05-05 14:05:05.583   715  4734 I [CT]    : Camera: Total Dropped: 0.000000, Total Frame Count: 3456 (0.000000%), Camera Reset Count: 1
05-05 14:05:05.583   715  4734 I [CT]    : Camera: Total Single Camera Frame Dropped: 0, Total Frame Count: 3456 (0.000000%)
05-05 14:05:05.583   715  4734 I [CT]    : Controller 7745273921483883046:
05-05 14:05:05.583   715  4734 I [CT]    : IMU: Capture period exceeded threshold.  Largest period: 2.132704 sec
05-05 14:05:05.583   715  4734 I [CT]    : Controllers may have been sleeping
05-05 14:05:05.583   715  4734 I [CT]    : IMU: Total Dropped: 0.000000, Total Sample Count: 68218.791000 (0.000000%)
05-05 14:05:05.583   715  4734 I [CT]    : Controller 4212769887286730484:
05-05 14:05:05.945  4590  4885 I VrApi   : FPS=72,Prd=44ms,Tear=0,Early=44,Stale=0,VSnc=1,Lat=1,Fov=0,CPU4/GPU=2/4,1651/670MHz,OC=FF,TA=0/E0/E0,SP=N/F/F,Mem=1804MHz,Free=1364MB,PSM=0,PLS=0,Temp=31.0C/0.0C,TW=1.21ms,App=8.70ms,GD=0.00ms,CPU&GPU=12.51ms,LCnt=1,GPU%=0.67,CPU%=0.30(W0.35),DSF=1.00
05-05 14:05:06.152   715  4717 I [CT]    : L:Behavior:AtRest: activated
05-05 14:05:06.152   715  4717 I [CT]    : AdHocPatch: [Left] t = 139.134s, behavior transition: None -> AtRest at 139.185s
05-05 14:05:06.202   715  4717 I [CT]    : L:Behavior:AtRest: deactivated
05-05 14:05:06.202   715  4717 I [CT]    : AdHocPatch: [Left] t = 139.184s, behavior transition: AtRest -> None at 139.235s
05-05 14:05:06.946  4590  4885 I VrApi   : FPS=72,Prd=45ms,Tear=0,Early=26,Stale=0,VSnc=1,Lat=1,Fov=0,CPU4/GPU=2/4,1651/670MHz,OC=FF,TA=0/E0/E0,SP=N/F/F,Mem=1804MHz,Free=1368MB,PSM=0,PLS=0,Temp=31.0C/0.0C,TW=1.20ms,App=9.11ms,GD=0.00ms,CPU&GPU=12.88ms,LCnt=1,GPU%=0.69,CPU%=0.25(W0.30),DSF=1.00
05-05 14:05:07.041  1061  1476 I WifiHAL : event received NL80211_CMD_VENDOR, vendor_id = 0x1374, subcmd = 0x6a
05-05 14:05:07.101  1061  1476 I WifiHAL : event received NL80211_CMD_VENDOR, vendor_id = 0x1374, subcmd = 0x6b
05-05 14:05:07.114  1061  1159 D WifiQualifiedNetworkSelector:: ==========start qualified Network Selection==========
05-05 14:05:07.114  1061  1159 D WifiQualifiedNetworkSelector:: Current network is: "BOEY" ,ID is: 0
05-05 14:05:07.115  1061  1159 D WifiQualifiedNetworkSelector:: Current band dose not match user preference. Start Qualified Network Selection Current band = 2.4GHz bandUserPreference band = 0
05-05 14:05:07.115  1061  1159 D WifiQualifiedNetworkSelector:: Current network is not qualified
05-05 14:05:07.115  1061  1159 D WifiQualifiedNetworkSelector:: Saved Network List
05-05 14:05:07.115  1061  1159 D WifiQualifiedNetworkSelector::     "BOEY":0  User Preferred BSSID:null FQDN:null NETWORK_SELECTION_ENABLED Disable account: 0 0 0 0 0 0 0 0 0 0 Connect Choice:null set time:-1
05-05 14:05:07.116  1061  1159 D WifiQualifiedNetworkSelector::  skipped due to low signal
05-05 14:05:07.117  1061  1159 D WifiQualifiedNetworkSelector:: vodafoneAAMET6:d4:b9:2f:33:86:a0 /  skipped due to not saved
05-05 14:05:07.117  1061  1159 D WifiQualifiedNetworkSelector::  
05-05 14:05:07.117  1061  1159 D WifiQualifiedNetworkSelector::  skipped due to not valid SSID
05-05 14:05:07.117  1061  1159 D WifiQualifiedNetworkSelector::  RSSI score: 100 Same network with current associated. Bonus: 16 Same BSSID with current association. Bonus: 24 Secure network Bonus:80 Score for scanResult: SSID: BOEY, BSSID: 84:16:f9:9b:3c:d6, capabilities: [WPA-PSK-CCMP+TKIP][WPA2-PSK-CCMP+TKIP][WPS][ESS], level: -48, frequency: 2462, timestamp: 1228826454, distance: ?(cm), distanceSd: ?(cm), passpoint: no, ChannelBandwidth: 0, centerFreq0: 0, centerFreq1: 0, 80211mcResponder: is not supported and Network ID: 0 final score:220
05-05 14:05:07.117  1061  1159 D WifiQualifiedNetworkSelector:: 
05-05 14:05:07.118  1061  1159 D WifiQualifiedNetworkSelector:: After user choice adjust, the final candidate is:"BOEY":0 : 84:16:f9:9b:3c:d6
05-05 14:05:07.118  1061  1159 D WifiQualifiedNetworkSelector:: "BOEY":0 is already the best choice!
05-05 14:05:07.632   715  4733 I [CT]    : MANAGEMENT:CONSTELLATION: Status=GREEN,, Obj=7745273921483883046,6DOF=1,FusJit=0.006mm,Issues(Cam/min=  0,IMU/min=0), Obj=4212769887286730484,6DOF=1,FusJit=0.0mm,Issues(Cam/min=  0,IMU/min=0)
05-05 14:05:07.782   715  4734 I [CT]    : VIPER:MAP_MANAGER: State: TRACKING_PERSISTENT, UUID=d18585e8-d288-4997-b6ff-78495c7eed6a, Num. Persistent maps = 1,  Persistent maps:d18585e8-d288-4997-b6ff-78495c7eed6a,, Ser. Disabled = 00000000-0000-0000-0000-000000000000
05-05 14:05:07.823   715  4734 I [CT]    : VIPER: Status=6DoF,TRACKING,KF=150,Inl=399,Pts=483,Jit=0.1mm,Issues(Cam/min=0.0,IMU/min=0.0),Exp=(6.1ms,g=7.0,I=78)(5.2ms,g=4.0,I=68)(6.1ms,g=7.0,I=64)(5.7ms,g=4.0,I=68)
05-05 14:05:07.946  4590  4885 I VrApi   : FPS=72,Prd=45ms,Tear=0,Early=33,Stale=0,VSnc=1,Lat=1,Fov=0,CPU4/GPU=2/4,1651/670MHz,OC=FF,TA=0/E0/E0,SP=N/F/F,Mem=1804MHz,Free=1364MB,PSM=0,PLS=0,Temp=31.0C/0.0C,TW=1.25ms,App=9.83ms,GD=0.00ms,CPU&GPU=12.97ms,LCnt=1,GPU%=0.72,CPU%=0.34(W0.38),DSF=1.00
05-05 14:05:08.948  4590  4885 I VrApi   : FPS=72,Prd=45ms,Tear=0,Early=3,Stale=0,VSnc=1,Lat=1,Fov=0,CPU4/GPU=2/4,1651/670MHz,OC=FF,TA=0/E0/E0,SP=N/F/F,Mem=1804MHz,Free=1368MB,PSM=0,PLS=0,Temp=31.0C/0.0C,TW=1.26ms,App=11.11ms,GD=0.00ms,CPU&GPU=13.82ms,LCnt=1,GPU%=0.74,CPU%=0.25(W0.40),DSF=1.00
05-05 14:05:09.947  4590  4885 I VrApi   : FPS=72,Prd=45ms,Tear=0,Early=0,Stale=0,VSnc=1,Lat=1,Fov=0,CPU4/GPU=2/4,1651/670MHz,OC=FF,TA=0/E0/E0,SP=N/F/F,Mem=1804MHz,Free=1368MB,PSM=0,PLS=0,Temp=31.0C/0.0C,TW=1.28ms,App=12.49ms,GD=0.00ms,CPU&GPU=16.38ms,LCnt=1,GPU%=0.90,CPU%=0.26(W0.36),DSF=1.00
05-05 14:05:10.437  2129  4781 I Telemetry: App memory usage: PSS=58MB DalvikPSS=1 MB
05-05 14:05:10.950  4590  4885 I VrApi   : FPS=72,Prd=45ms,Tear=0,Early=2,Stale=0,VSnc=1,Lat=1,Fov=0,CPU4/GPU=2/4,1651/670MHz,OC=FF,TA=0/E0/E0,SP=N/F/F,Mem=1804MHz,Free=1368MB,PSM=0,PLS=0,Temp=31.0C/0.0C,TW=1.27ms,App=10.06ms,GD=0.00ms,CPU&GPU=13.85ms,LCnt=1,GPU%=0.74,CPU%=0.30(W0.35),DSF=1.00
05-05 14:05:11.233   715  4733 I [CT]    : MANAGEMENT:CONSTELLATION: Status=GREEN,, Obj=7745273921483883046,6DOF=1,FusJit=0.002mm,Issues(Cam/min=  0,IMU/min=0), Obj=4212769887286730484,6DOF=1,FusJit=0.0mm,Issues(Cam/min=  0,IMU/min=0)
05-05 14:05:11.253   715  4666 I [CT]    : boltlib: DSP utilization(%): 17
05-05 14:05:11.384   715  4734 I [CT]    : VIPER:MAP_MANAGER: State: TRACKING_PERSISTENT, UUID=d18585e8-d288-4997-b6ff-78495c7eed6a, Num. Persistent maps = 1,  Persistent maps:d18585e8-d288-4997-b6ff-78495c7eed6a,, Ser. Disabled = 00000000-0000-0000-0000-000000000000
05-05 14:05:11.422   715  4734 I [CT]    : VIPER: Status=6DoF,TRACKING,KF=150,Inl=384,Pts=483,Jit=0.2mm,Issues(Cam/min=0.0,IMU/min=0.0),Exp=(6.2ms,g=7.0,I=76)(4.9ms,g=4.0,I=68)(6.2ms,g=7.0,I=65)(5.5ms,g=4.0,I=68)
05-05 14:05:11.582   715  4734 I [CT]    : HealthReport: ==================================================
05-05 14:05:11.582   715  4734 I [CT]    : Health Report
05-05 14:05:11.582   715  4734 I [CT]    : -------------
05-05 14:05:11.582   715  4734 I [CT]    : 
05-05 14:05:11.582   715  4734 I [CT]    : Reporter #1 (InsideOutHealthMonitor) summary:
05-05 14:05:11.582   715  4734 I [CT]    : Camera: Total Dropped: 0.000000, Total Frame Count: 3605 (0.000000%), Camera Reset Count: 0
05-05 14:05:11.582   715  4734 I [CT]    : Camera: Total Single Camera Frame Dropped: 0, Total Frame Count: 3605 (0.000000%)
05-05 14:05:11.582   715  4734 I [CT]    : IMU: Total Dropped: 0.000000, Total Sample Count: 144437 (0.000000%)
05-05 14:05:11.582   715  4734 I [CT]    : Magnetometer: Total Dropped: 0.000000, Total Sample Count: 4334 (0.000000%)
05-05 14:05:11.582   715  4734 I [CT]    : 
05-05 14:05:11.582   715  4734 I [CT]    : Reporter #1 (InsideOutHealthMonitor) Passed
05-05 14:05:11.582   715  4734 I [CT]    : --------------------------------------------------
05-05 14:05:11.582   715  4734 I [CT]    : Reporter #2 (ConstellationHealthMonitor) summary:
05-05 14:05:11.582   715  4734 I [CT]    : Camera: Total Dropped: 0.000000, Total Frame Count: 3606 (0.000000%), Camera Reset Count: 1
05-05 14:05:11.582   715  4734 I [CT]    : Camera: Total Single Camera Frame Dropped: 0, Total Frame Count: 3606 (0.000000%)
05-05 14:05:11.582   715  4734 I [CT]    : Controller 7745273921483883046:
05-05 14:05:11.582   715  4734 I [CT]    : IMU: Capture period exceeded threshold.  Largest period: 2.132704 sec
05-05 14:05:11.582   715  4734 I [CT]    : Controllers may have been sleeping
05-05 14:05:11.582   715  4734 I [CT]    : IMU: Total Dropped: 0.000000, Total Sample Count: 71218.092500 (0.000000%)
05-05 14:05:11.582   715  4734 I [CT]    : Controller 4212769887286730484:
05-05 14:05:11.946  4590  4885 I VrApi   : FPS=72,Prd=45ms,Tear=0,Early=3,Stale=0,VSnc=1,Lat=1,Fov=0,CPU4/GPU=2/4,1651/670MHz,OC=FF,TA=0/E0/E0,SP=N/F/F,Mem=1804MHz,Free=1369MB,PSM=0,PLS=0,Temp=31.0C/0.0C,TW=1.29ms,App=10.33ms,GD=0.00ms,CPU&GPU=13.92ms,LCnt=1,GPU%=0.74,CPU%=0.31(W0.37),DSF=1.00
05-05 14:05:12.946  4590  4885 I VrApi   : FPS=72,Prd=45ms,Tear=0,Early=0,Stale=0,VSnc=1,Lat=1,Fov=0,CPU4/GPU=2/4,1651/670MHz,OC=FF,TA=0/E0/E0,SP=N/F/F,Mem=1804MHz,Free=1366MB,PSM=0,PLS=0,Temp=31.0C/0.0C,TW=1.26ms,App=10.10ms,GD=0.00ms,CPU&GPU=13.80ms,LCnt=1,GPU%=0.74,CPU%=0.24(W0.26),DSF=1.00
05-05 14:05:13.947  4590  4885 I VrApi   : FPS=72,Prd=45ms,Tear=0,Early=1,Stale=0,VSnc=1,Lat=1,Fov=0,CPU4/GPU=2/4,1651/670MHz,OC=FF,TA=0/E0/E0,SP=N/F/F,Mem=1804MHz,Free=1369MB,PSM=0,PLS=0,Temp=31.0C/0.0C,TW=1.27ms,App=10.12ms,GD=0.00ms,CPU&GPU=13.96ms,LCnt=1,GPU%=0.74,CPU%=0.23(W0.41),DSF=1.00
05-05 14:05:13.978  4590  4609 D UE4     : [GameActivity] Used memory: 741230
05-05 14:05:14.832   715  4733 I [CT]    : MANAGEMENT:CONSTELLATION: Status=GREEN,, Obj=7745273921483883046,6DOF=1,FusJit=0.0006mm,Issues(Cam/min=  0,IMU/min=0), Obj=4212769887286730484,6DOF=1,FusJit=0.0mm,Issues(Cam/min=  0,IMU/min=0)
05-05 14:05:14.946  4590  4885 I VrApi   : FPS=72,Prd=45ms,Tear=0,Early=2,Stale=0,VSnc=1,Lat=1,Fov=0,CPU4/GPU=2/4,1651/670MHz,OC=FF,TA=0/E0/E0,SP=N/F/F,Mem=1804MHz,Free=1368MB,PSM=0,PLS=0,Temp=31.0C/0.0C,TW=1.29ms,App=10.13ms,GD=0.00ms,CPU&GPU=13.96ms,LCnt=1,GPU%=0.74,CPU%=0.29(W0.43),DSF=1.00
05-05 14:05:14.982   715  4734 I [CT]    : VIPER:MAP_MANAGER: State: TRACKING_PERSISTENT, UUID=d18585e8-d288-4997-b6ff-78495c7eed6a, Num. Persistent maps = 1,  Persistent maps:d18585e8-d288-4997-b6ff-78495c7eed6a,, Ser. Disabled = 00000000-0000-0000-0000-000000000000
05-05 14:05:15.022   715  4734 I [CT]    : VIPER: Status=6DoF,TRACKING,KF=150,Inl=377,Pts=483,Jit=0.1mm,Issues(Cam/min=0.0,IMU/min=0.0),Exp=(6.2ms,g=7.0,I=76)(5.0ms,g=4.0,I=69)(6.2ms,g=7.0,I=63)(5.7ms,g=4.0,I=67)
