05-11 12:56:02.727  1842  1905 I [OAR] ModelFile: LoadModelFileFromMemory .gltf.ovrscene 695274
05-11 12:56:02.727  1842  1905 I [OAR] ModelFile: LoadModelFileFromMemory zfp = 0xb307fb00
05-11 12:56:02.729  2115  7506 D Appshot : broadcastImageToShell intent_pkg: com.YourCompany.ToysGame jpg_size: 43504
05-11 12:56:02.731  2115  7499 W TimeWarp: WarpToScreen: No completed frames to display for client 0. submittedFrameIndex = 3632
05-11 12:56:02.732  3227  3227 D [OAR] AnytimeUIBroadcastReceiver: action: com.oculus.vrshell.intent.action.UPDATE_APP_SCREENSHOT
05-11 12:56:02.732  3227  3227 D [OAR] HomeDialog: screenshot update package: com.YourCompany.ToysGame size: 43504
05-11 12:56:02.740  2099  2330 E Security-LocalReporter: UID '10043' is shared by multiple packages: [com.oculus.home, com.oculus.horizon]
05-11 12:56:02.745  1842  1905 I [OAR] ModelFile_glTF: LoadModelFile_glTF_Json parsing .gltf.ovrscene
05-11 12:56:02.745  2115  7499 W TimeWarp: WarpToScreen: No completed frames to display for client 0. submittedFrameIndex = 3632
05-11 12:56:02.748  1842  1905 I [OAR] InputManager: Adding controller deviceId = 536870915 type = 4
05-11 12:56:02.752  1842  1905 I [OAR] ModelFile: LoadModelFileFromMemory .gltf.ovrscene 694993
05-11 12:56:02.752  1842  1905 I [OAR] ModelFile: LoadModelFileFromMemory zfp = 0xbfaffd00
05-11 12:56:02.753  2099  2330 I LibraryProvider: running queryApp(com.YourCompany.ToysGame) for com.oculus.uid:10043
05-11 12:56:02.754  2099  2330 W LibraryProvider: Cannot find entitlement for com.YourCompany.ToysGame
05-11 12:56:02.754  1774  1774 W OVRLibrary: null cursor received for query content://com.oculus.ocms.library/apps/com.YourCompany.ToysGame
05-11 12:56:02.754  1774  1774 I PlatformPluginManager: onAppStart com.YourCompany.ToysGame false
05-11 12:56:02.755  1774  1774 I PlatformPluginManager: onAppStart - Stopping party chat passthrough
05-11 12:56:02.755  1774  1774 I PlatformPlugin: [PlatformPluginManager] SetSystemVoipPassthrough 0
05-11 12:56:02.755  1774  1774 I OVRPlatform: [PartyChatWebRTC] PartyChatSetPassthrough 0
05-11 12:56:02.755  1774  7408 I OVRPlatform: [PartyChatWebRTC] Updating playback mode to 1
05-11 12:56:02.756  1774  1774 I OVRPlatform: [PartiesAPI] ovr_Party_PluginGetSharedMemHandle: This function is deprecated, do not use
05-11 12:56:02.758  1774  1774 E OVRMediaServiceManager: LivestreamingManager Not initialized
05-11 12:56:02.759  2115  7499 W TimeWarp: WarpToScreen: No completed frames to display for client 0. submittedFrameIndex = 3632
05-11 12:56:02.761  1774  1774 I OVRMediaService: onStartCommand Received message type: set_package_name, caller package: no_app_identity
05-11 12:56:02.762  1774  1774 I OVRMediaService: Got package name intent (com.oculus.vrshell)
05-11 12:56:02.770  1842  1905 I [OAR] ModelFile_glTF: LoadModelFile_glTF_Json parsing .gltf.ovrscene
05-11 12:56:02.770  2099  2329 E Security-LocalReporter: UID '10043' is shared by multiple packages: [com.oculus.home, com.oculus.horizon]
05-11 12:56:02.772  1842  1905 I [OAR] InputManager: Switching Primary controller due to vrapi
05-11 12:56:02.773  1842  1905 I [OAR] InputManager: Secondary input source selection id=536870915
05-11 12:56:02.773  2134  2151 I GuardianSystem: Guardian: GuardianCmdWithParms 1, 0, 0.000000
05-11 12:56:02.773  2115  7499 W TimeWarp: WarpToScreen: No completed frames to display for client 0. submittedFrameIndex = 3632
05-11 12:56:02.773  1842  1905 I [OAR] RouteInput: New inputState.cursorTraceSource: 1
05-11 12:56:02.773  1842  1905 I [OAR] LocalSpace: Reset - initialRawFromLocalPose
05-11 12:56:02.773  1842  1905 I [OAR] LocalSpace: 	rotX: -0.151163
05-11 12:56:02.773  1842  1905 I [OAR] LocalSpace: 	rotY: 0.058608
05-11 12:56:02.773  1842  1905 I [OAR] LocalSpace: 	rotZ: -0.037262
05-11 12:56:02.773  1842  1905 I [OAR] LocalSpace: 	rotW: 0.986066
05-11 12:56:02.773  1842  1905 I [OAR] LocalSpace: 	traX: 0.009827
05-11 12:56:02.773  1842  1905 I [OAR] LocalSpace: 	traY: 0.055972
05-11 12:56:02.773  1842  1905 I [OAR] LocalSpace: 	traZ: -0.016846
05-11 12:56:02.773  1842  1905 I [OAR] LocalSpace: Applying VRAPI Reorient
05-11 12:56:02.773  1842  1905 I [OAR] LocalSpace: Recentering local space
05-11 12:56:02.774  2115  2327 I VrRuntimeServer: UpdateLocalSpace: Src: 2, Version: 24, VersionUser: 0, RawFloorHeightOld: -0.952886, RawFloorHeightNew: -0.952886
05-11 12:56:02.774  1842  1905 I [OAR] LocalSpace: currentLocalPose
05-11 12:56:02.774  1842  1905 I [OAR] LocalSpace: 	rotX: -0.005820
05-11 12:56:02.774  1842  1905 I [OAR] LocalSpace: 	rotY: 0.000031
05-11 12:56:02.774  1842  1905 I [OAR] LocalSpace: 	rotZ: 0.005352
05-11 12:56:02.774  1842  1905 I [OAR] LocalSpace: 	rotW: 0.999969
05-11 12:56:02.774  1842  1905 I [OAR] LocalSpace: 	traX: 0.000000
05-11 12:56:02.774  1842  1905 I [OAR] LocalSpace: 	traY: 1.050042
05-11 12:56:02.774  1842  1905 I [OAR] LocalSpace: 	traZ: 0.000000
05-11 12:56:02.774  1842  1905 I [OAR] LocalSpace: localPose
05-11 12:56:02.774  1842  1905 I [OAR] LocalSpace: 	rotX: -0.043333
05-11 12:56:02.774  1842  1905 I [OAR] LocalSpace: 	rotY: -0.000651
05-11 12:56:02.774  1842  1905 I [OAR] LocalSpace: 	rotZ: -0.014998
05-11 12:56:02.774  1842  1905 I [OAR] LocalSpace: 	rotW: 0.998948
05-11 12:56:02.774  1842  1905 I [OAR] LocalSpace: 	traX: 0.000000
05-11 12:56:02.774  1842  1905 I [OAR] LocalSpace: 	traY: 1.041274
05-11 12:56:02.774  1842  1905 I [OAR] LocalSpace: 	traZ: 0.000000
05-11 12:56:02.776  1842  1905 I [OAR] DialogControllerManager: ShowDialog
05-11 12:56:02.776  1842  1905 I [OAR] DialogControllerManager: Previous pending dialog: type: 0, uri "systemux://dialog/none", return component: "", return activity component: ""
05-11 12:56:02.776  1842  1905 I [OAR] DialogControllerManager: New pending dialog: type: 10, uri "systemux://dialog/exit", return component: "com.YourCompany.ToysGame", return activity component: "com.YourCompany.ToysGame/com.epicgames.ue4.GameActivity"
05-11 12:56:02.777  1842  1905 I [OAR] DialogControllerManager: Dialog change detected; updating dialog UI.
05-11 12:56:02.777  1842  1905 I [OAR] DialogControllerManager: Old dialog: type: 0, uri "systemux://dialog/none", return component: "", return activity component: ""
05-11 12:56:02.777  1842  1905 I [OAR] DialogControllerManager: New dialog: type: 10, uri "systemux://dialog/exit", return component: "com.YourCompany.ToysGame", return activity component: "com.YourCompany.ToysGame/com.epicgames.ue4.GameActivity"
05-11 12:56:02.777  1842  1905 I [OAR] CommonSystemDialog: Unable to find common dialog for systemux route "EXIT_TO_HOME(systemux://dialog/exit)".
05-11 12:56:02.777  1842  1905 I [OAR] SystemDialogDefinition: Unable to find system dialog definition for dialog URI "systemux://dialog/exit".
05-11 12:56:02.777  1842  1905 I [OAR] SystemDialogController: HideVrShellDialog
05-11 12:56:02.777  1842  1905 I [OAR] DialogController: SetPendingDialog old: 0 systemux://dialog/none   new: 10 systemux://dialog/exit com.YourCompany.ToysGame/com.epicgames.ue4.GameActivity
05-11 12:56:02.778  1842  1905 I [OAR] SystemUXController: No known System UX Route for Navigation Route: com.oculus.systemux/com.oculus.panelapp.anytimeui.AnytimeUIAndroidPanelService
05-11 12:56:02.778  1842  1905 I [OAR] PlatformManager: Checking livestreaming allowed for:  com.YourCompany.ToysGame
05-11 12:56:02.778  1842  1905 I [OAR] DialogController: Launching pending dialog: systemux://dialog/exit
05-11 12:56:02.778  1842  1905 I [OAR] DialogController: showDialog systemux://dialog/exit systemux://dialog/exit com.YourCompany.ToysGame
05-11 12:56:02.778  1842  1905 I [OAR] EnvironmentReconciler: Audio state is invalid, but headset is mounted. Marking all state as changed to trigger update
05-11 12:56:02.778  1842  1905 I [OAR] PanelAppHost: Setting panel layer visibility of layer "dialog" to invisible
05-11 12:56:02.778  1842  1905 I [OAR] PlatformManager: isLiveStreamingAllowed response:  1
05-11 12:56:02.779  1842  2360 I OVRPlatform: [CurlHttpClient] Executing HTTP request: https://graph.oculus.com//v1.20/me?fields=current_party{id,leader{id},join_policy,users{id,alias,can_viewer_message,display_name,profile_url,profile_url_small,presence,presence_status,presence_app{id,package_name},presence_deeplink_joinable,presence_deeplink_message,presence_destination_api_name,presence_scoped_user_id,avatar_v2{avatar_image{uri}}},invited_users{id,alias,can_viewer_message,display_name,profile_url,profile_url_small,presence,presence_status,presence_app{id,package_name},avatar_v2{avatar_image{uri}}}}&app_version=210946745
05-11 12:56:02.781  3227  3227 I [OAR] AnytimeUIAndroidPanelApp: updateActiveComponent - com.oculus.systemux/com.oculus.panelapp.anytimeui.AnytimeUIAndroidPanelService, returnComponent = com.YourCompany.ToysGame
05-11 12:56:02.782  3227  3227 I [OAR] AnytimeUIAndroidPanelAppBase: configureDialog:  systemux://dialog/exit [systemux://dialog/exit] (com.YourCompany.ToysGame)
05-11 12:56:02.782  3227  3227 I [OAR] AnytimeUIAndroidPanelAppBase: actionSetRoute - Route:  EXIT_TO_HOME(systemux://dialog/exit)
05-11 12:56:02.782   552  1175 D audio_hw_primary: adev_open_input_stream: enter: sample_rate(48000) channel_mask(0x10) devices(0x80000004)        stream_handle(0xea0bc700) io_handle(166) source(1) format 1
05-11 12:56:02.782  3227  3227 D [OAR] TaskBarViewV1: NUX Mode = false
05-11 12:56:02.782  3227  3227 D [OAR] TaskBarViewV1: Skipping NUX Mode for Quest
05-11 12:56:02.782  3227  3227 I AndroidPanelApp: Calling ensurePanelLayer on layer "dialog" with view ID 2131296310
05-11 12:56:02.782  3227  3227 I AndroidPanelLayer: Setting spec for layer "dialog"
05-11 12:56:02.782  3227  3227 I AndroidPanelLayer: Setting size of layer "dialog" to have width 540 and height 300
05-11 12:56:02.782  3227  3227 D [OAR] AnytimeUIAndroidPanelApp: Inflating view for layer: dialog, viewIdentifier = 2131296310
05-11 12:56:02.783  3227  3227 D [OAR] HomeDialog: Home Dialog constructed
05-11 12:56:02.784  2099  2329 I LibraryProvider: running queryApp(com.oculus.vrshell) for com.oculus.uid:10043
05-11 12:56:02.784  2099  2329 W LibraryProvider: Cannot find entitlement for com.oculus.vrshell
05-11 12:56:02.785  1774  1774 W OVRLibrary: null cursor received for query content://com.oculus.ocms.library/apps/com.oculus.vrshell
05-11 12:56:02.785  1774  1774 I PlatformPluginManager: onAppStart com.oculus.vrshell false
05-11 12:56:02.786   552  7787 I AudioFlinger: AudioFlinger's thread 0xe6183100 ready to run
05-11 12:56:02.786  1774  1774 I OVRPlatform: [PartiesAPI] ovr_Party_PluginGetSharedMemHandle: This function is deprecated, do not use
05-11 12:56:02.786   552  7787 D audio_hw_primary: in_standby: enter: stream (0xea0bc700) usecase(16: audio-record)
05-11 12:56:02.787  2115  7499 W TimeWarp: WarpToScreen: No completed frames to display for client 0. submittedFrameIndex = 3632
05-11 12:56:02.787   552  7787 D audio_hw_primary: in_standby: enter: stream (0xea0bc700) usecase(16: audio-record)
05-11 12:56:02.791   552  1175 W AudioFlinger::EffectModule: EffectModule 0xe8d7d680 destructor called with unreleased interface
05-11 12:56:02.791   552  1175 W AudioFlinger::EffectHandle: disconnect Effect handle 0xe981bf40 disconnected after thread destruction
05-11 12:56:02.792   700   740 D GatekeeperNativeService: Using value 0 for gk oculus_bugreporter_v2_enabled, user=0
05-11 12:56:02.793  3227  3227 I [OAR] BugReporterUtils: Setting up bug reporter on button; using None
05-11 12:56:02.793  3227  3227 I [OAR] HomeDialog: Setting target package to com.YourCompany.ToysGame
05-11 12:56:02.796   552  1175 D audio_hw_primary: adev_close_input_stream: enter:stream_handle(0xea0bc700)
05-11 12:56:02.796   552  1175 D audio_hw_primary: in_standby: enter: stream (0xea0bc700) usecase(16: audio-record)
05-11 12:56:02.796  1774  1774 E OVRMediaServiceManager: LivestreamingManager Not initialized
05-11 12:56:02.798  2134  2186 I GuardianSystem: UpdateSystem: Responding to local space version number change.
05-11 12:56:02.801  2115  7499 W TimeWarp: WarpToScreen: No completed frames to display for client 0. submittedFrameIndex = 3632
05-11 12:56:02.815  2115  7499 W TimeWarp: WarpToScreen: No completed frames to display for client 0. submittedFrameIndex = 3632
05-11 12:56:02.815  2099  2120 E Security-LocalReporter: UID '10043' is shared by multiple packages: [com.oculus.home, com.oculus.horizon]
05-11 12:56:02.824  2099  2177 I LibraryProvider: running queryApp(com.YourCompany.ToysGame) for com.oculus.systemux
05-11 12:56:02.824  2099  2177 W LibraryProvider: Cannot find entitlement for com.YourCompany.ToysGame
05-11 12:56:02.825  3227  3227 W OVRLibrary: null cursor received for query content://com.oculus.ocms.library/apps/com.YourCompany.ToysGame
05-11 12:56:02.825  1842  1905 I OVRPlatform: [AndroidPlatformIntegration] Creating shared mic
05-11 12:56:02.825  1842  1905 I [OAR] TelemetryProvider: aui_reorient system 0 0 0 com.YourCompany.ToysGame
05-11 12:56:02.827  1842  7789 I VrRuntimeClient: FenceChecker::MainLoop - started
05-11 12:56:02.829  2115  7499 W TimeWarp: WarpToScreen: No completed frames to display for client 0. submittedFrameIndex = 3632
05-11 12:56:02.834  2099  2120 I LibraryProvider: running queryApp(com.YourCompany.ToysGame) for com.oculus.uid:10043
05-11 12:56:02.834  2099  2120 W LibraryProvider: Cannot find entitlement for com.YourCompany.ToysGame
05-11 12:56:02.834  1774  1972 W OVRLibrary: null cursor received for query content://com.oculus.ocms.library/apps/com.YourCompany.ToysGame
05-11 12:56:02.834  1842  2374 I OVRPlatform: [QueueAsyncResponseHandler] success: {"streaming_enabled":false}
05-11 12:56:02.838  2115  7499 I Clocks  : SetSchedFifo( tid=1905, pri=1 ) succeeded
05-11 12:56:02.838  2115  7499 I Clocks  : SetSchedFifo( tid=7789, pri=1 ) succeeded
05-11 12:56:02.839  2115  7499 I Clocks  : SetSchedFifo( tid=2349, pri=1 ) succeeded
05-11 12:56:02.839  2115  7499 I TimeWarp: UpdateClockLevels: Apply pending clock request change: 2,4 -> 4,4
05-11 12:56:02.839  2115  7469 I Clocks  : ReleaseClocks - start
05-11 12:56:02.839   723  7608 D         : CPU_CLUSTER_0: No client requests exists, release clocks
05-11 12:56:02.840   723  7608 D         : CPU_CLUSTER_1: No client requests exists, release clocks
05-11 12:56:02.840   723  7608 D         : GPU: No client requests exists, release clocks
05-11 12:56:02.840   723  7608 D         : CPUBW: No client requests exists, release clocks
05-11 12:56:02.841  2115  7469 I Clocks  : ReleaseClocks - end (1.4 ms)
05-11 12:56:02.841  2115  7469 I Clocks  : LockClocks( cpu=4, gpu=4 ) - start
05-11 12:56:02.842  3227  3227 I AndroidPanelApp: measureLayerView with initial width 540, initial height 300, resize behavior NONE.
05-11 12:56:02.842  2115  7469 I Clocks  : CPU levels [0, 4]
05-11 12:56:02.842  2115  7469 I Clocks  : GPU levels [0, 5]
05-11 12:56:02.842  3227  3227 I AndroidPanelApp: Measured width 540 and height 300.
05-11 12:56:02.842  3227  3227 I AndroidPanelLayer: Setting size of layer "dialog" to have width 540 and height 300
05-11 12:56:02.842   723  7608 D         : CPU_CLUSTER_0: Client 2115 sends freq request [21, 21]
05-11 12:56:02.842   723  7608 D         : CPU_CLUSTER_0: Next Perf Level = (21, 21)
05-11 12:56:02.842   723  7608 D         : CPU_CLUSTER_1: Client 2115 sends freq request [26, 26]
05-11 12:56:02.842   723  7608 D         : CPU_CLUSTER_1: Next Perf Level = (26, 26)
05-11 12:56:02.843   723  7608 D         : CPUBW: Client 2115 sends freq request [8, 11]
05-11 12:56:02.843   723  7608 D         : CPUBW: Next Perf Level = (8, 11)
05-11 12:56:02.846   723  7608 D         : GPU: Client 2115 sends freq request [6, 6]
05-11 12:56:02.846   723  7608 D         : GPU: Next Perf Level = (6, 6)
05-11 12:56:02.846  2115  7469 I Clocks  : LockClocks( cpu=4, gpu=4 ) - end (5.2 ms)
05-11 12:56:02.848  1774  1907 I OVRPlatform: [MicrophoneServer] Starting mic server with client 0xc9fc2450
05-11 12:56:02.848  1774  1907 D OVRPlatform-OVRMicrophone: start - current state Initialized
05-11 12:56:02.849  3227  3227 I AndroidPanelApp: layerTransform: Showing panel layer "dialog" in VrShell with width 540, height 300, position( 0.000000 , 0.000000 ), rotation (0.000000 , 0.000000 , 0.000000 )  hit-testable true, shape 2, and system-positioned true. Density: 4680.000000. Supersampled: false 
05-11 12:56:02.850  1774  1774 I PlatformPluginManager: enforcePartyChatStateConsistency - got current party response: Party is null
05-11 12:56:02.850  1774  1774 I PlatformPluginManager: enforcePartyChatStateConsistency - User not in a party.
05-11 12:56:02.850  1774  1774 I PlatformPluginManager: stopPartyChat
05-11 12:56:02.851  1774  1907 I OVRPlatform-OVRMicrophone: AcousticEchoCanceler available
05-11 12:56:02.853  1842  2362 I OVRPlatform: [HttpRequest] Request `me?fields=current_party{id,leader{id},join_policy,users{id,alias,can_viewer_message,display_name,profile_url,profile_url_small,presence,presence_status,presence_app{id,package_name},presence_deeplink_joinable,presence_deeplink_message,presence_destination_api_name,presence_scoped_user_id,avatar_v2{avatar_image{uri}}},invited_users{id,alias,can_viewer_message,display_name,profile_url,profile_url_small,presence,presence_status,presence_app{id,package_name},avatar_v2{avatar_image{uri}}}}' (id: 7194) succeeded: {"id":"102449717587751"}
05-11 12:56:02.853  1842  2362 I OVRPlatform: [RequestStopwatch] HttpRequestAsync (me?fields=current_party{id,leader{id},join_policy,users{id,alias,can_viewer_message,display_name,profile_url,profile_url_small,presence,presence_status,presence_app{id,package_name},presence_deeplink_joinable,presence_deeplink_message,presence_destination_api_name,presence_scoped_user_id,avatar_v2{avatar_image{uri}}},invited_users{id,alias,can_viewer_message,display_name,profile_url,profile_url_small,presence,presence_status,presence_app{id,package_name},avatar_v2{avatar_image{uri}}}}) took 74.2700 milliseconds
05-11 12:56:02.853  1774  1907 I OVRPlatform-OVRMicrophone: AcousticEchoCanceler created, enabling
05-11 12:56:02.853  1774  1907 I OVRPlatform-OVRMicrophone: AcousticEchoCanceler enable: 0
05-11 12:56:02.855  2115  2326 I VrRuntimeServer: SetCompositorClientEnabled client(2): enabled(0) 0x0
05-11 12:56:02.856  3227  3227 I AndroidPanelApp: Processing pending show layer info for layer dialog with width 540 and height 300.
05-11 12:56:02.856  3227  3227 I AndroidPanelApp: layerSupersample no changes
05-11 12:56:02.857  1774  1907 I OVRPlatform-OVRMicrophone: NoiseSuppressor available
05-11 12:56:02.858  1842  1905 I [OAR] PanelAppHost: Resize layer dialog to size 540 x 300 shape:2 stereo:0
05-11 12:56:02.858  1842  1905 I [OAR] PanelRenderLayer: ResetSurface 540 x 300 - shape:2 stereo:0
05-11 12:56:02.858  1842  1905 I [OAR] PlatformManager: isLiveStreamingAllowed response:  0
05-11 12:56:02.858  1774  1907 I OVRPlatform-OVRMicrophone: NoiseSuppressor created, enabling
05-11 12:56:02.858  1774  1907 I OVRPlatform-OVRMicrophone: NoiseSuppressor enable: 0
05-11 12:56:02.858  1842  1905 I [OAR] PartyManager: Party Response Parse Time: 0.050521ms
05-11 12:56:02.859  3227  3227 I AndroidPanelApp: measureLayerView with initial width 540, initial height 300, resize behavior NONE.
05-11 12:56:02.859  3227  3227 I AndroidPanelApp: Measured width 540 and height 300.
05-11 12:56:02.859  3227  3227 I AndroidPanelApp: Layout change has caused layer "dialog" to be resized from -1 X -1 to 540 X 300
05-11 12:56:02.859  3227  3227 I AndroidPanelLayer: Setting size of layer "dialog" to have width 540 and height 300
05-11 12:56:02.859  3227  3227 I AndroidPanelApp: layerTransform: Showing panel layer "dialog" in VrShell with width 540, height 300, position( 0.000000 , 0.000000 ), rotation (0.000000 , 0.000000 , 0.000000 )  hit-testable true, shape 2, and system-positioned true. Density: 4680.000000. Supersampled: false 
05-11 12:56:02.864   552   604 I SoundTriggerHwService::Module: void android::SoundTriggerHwService::Module::onCallbackEvent(const sp<android::SoundTriggerHwService::CallbackEvent> &) no clients
05-11 12:56:02.864   552  7589 D audio_hw_primary: in_set_parameters: enter: kvpairs=input_source=1;routing=-2147483644
05-11 12:56:02.866  2134  2186 I GuardianSystem: rsapi_PollEvent: rsEventForceShowGuardian. ForceIndefinitely: 0, ForceTimeInSeconds: 0.00, ForceCamera: 0
05-11 12:56:02.866  2134  2186 I GuardianSystem: ForceShowGuardian: false, 0.00
05-11 12:56:02.867   552  7589 D audio_hw_primary: start_input_stream: enter: stream(0xea0bcfc0)usecase(16: audio-record)
05-11 12:56:02.867   552  7589 E audio_hw_extn: audio_extn_perf_lock_acquire: Incorrect params, Failed to acquire perf lock, err 
05-11 12:56:02.867   552  7589 D audio_hw_primary: select_devices for use case (audio-record)
05-11 12:56:02.868   552  7589 D audio_hw_primary: select_devices: out_snd_device(0: ) in_snd_device(62: handset-mic-aec)
05-11 12:56:02.868   552  7589 I msm8974_platform: platform_check_and_set_capture_codec_backend_cfg:txbecf: afe: bitwidth 16, samplerate 48000, channel 1, backend_idx 7 usecase = 16 device (handset-mic-aec)
05-11 12:56:02.868   552  7589 I msm8974_platform: platform_check_capture_codec_backend_cfg:txbecf: afe: Codec selected backend: 7 current bit width: 16 and sample rate: 48000, channels 1
05-11 12:56:02.868   552  7589 W msm8974_platform: platform_get_backend_index:napb: Invalid device - 0 
05-11 12:56:02.868   552  7589 I msm8974_platform: platform_check_capture_codec_backend_cfg:txbecf: afe: Codec selected backend: 7 updated bit width: 16 and sample rate: 48000
05-11 12:56:02.868   552  7589 D audio_hw_primary: check_usecases_capture_codec_backend:becf: force routing 0
05-11 12:56:02.868   552  7589 D hardware_info: hw_info_append_hw_type : device_name = handset-mic-aec
05-11 12:56:02.868   552  7589 D msm8974_platform: platform_split_snd_device: snd_device(62) new_snd_devices (handset-mic-aec)
05-11 12:56:02.868   552  7589 D audio_hw_primary: enable_snd_device: snd_device(62: handset-mic-aec)
05-11 12:56:02.869  1774  1907 I OVRPlatform-OVRMicrophone: start - recorder.startRecording 9.053437ms
05-11 12:56:02.870  1774  1907 I OVRPlatform-OVRMicrophone: start - AudioThread startup 0.564271ms
05-11 12:56:02.870  1774  1907 D OVRPlatform-OVRMicrophone: State changed to Recording
05-11 12:56:02.870  1774  1907 I OVRPlatform: [MicrophoneServer] Adding connection 0xc9fc2450, has local client: no
05-11 12:56:02.870  1774  1907 I OVRPlatform: [PCMTransfer] Created socket pair, sender: 106, receiver: 107
05-11 12:56:02.873  1774  1774 I PlatformPlugin: [PlatformPluginManager] Stopping party chat
05-11 12:56:02.873  1774  1774 I OVRPlatform: [PartyChatInterchangeable] StopPartyChat
05-11 12:56:02.873  1774  1774 I PlatformPluginManager: enforcePartyChatStateConsistency - got current party response: Party is null
05-11 12:56:02.873  1774  1774 I PlatformPluginManager: enforcePartyChatStateConsistency - User not in a party.
05-11 12:56:02.873  1774  1774 I PlatformPluginManager: stopPartyChat
05-11 12:56:02.874  1774  1774 I PlatformPlugin: [PlatformPluginManager] Stopping party chat
05-11 12:56:02.874  1774  1774 I OVRPlatform: [PartyChatInterchangeable] StopPartyChat
05-11 12:56:02.875  3227  3227 I AndroidPanelApp: Processing next frame action "layerShow" for layer "dialog"
05-11 12:56:02.875  3227  3227 I AndroidPanelApp: nextFrameAction(layerShow, dialog)
05-11 12:56:02.875  3227  3227 I AndroidPanelApp: layerShow acknowledged for dialog
05-11 12:56:02.875  3227  3227 I AndroidPanelApp: tryShowLayer(dialog)
05-11 12:56:02.875  3227  3227 I AndroidPanelApp: Layer dialog needs to be sized, deferring showing layer.
05-11 12:56:02.875  3227  3227 I AndroidPanelApp: Processing next frame action "layerResize" for layer "dialog"
05-11 12:56:02.875  3227  3227 I AndroidPanelApp: nextFrameAction(layerResize, dialog)
05-11 12:56:02.875  3227  3227 I AndroidPanelApp: layerResize is waiting for next frame
05-11 12:56:02.875  3227  3227 I [OAR] AnytimeUIAndroidPanelAppBase: updateLiveStreamStatus - isLiveStreaming=false, allowed=true
05-11 12:56:02.876  3227  3227 I AndroidPanelApp: Processing pending show layer info for layer dialog with width 540 and height 300.
05-11 12:56:02.876  3227  3227 I AndroidPanelApp: layerSupersample no changes
05-11 12:56:02.876  1842  1905 I [OAR] PanelAppHost: Resize layer dialog to size 540 x 300 shape:2 stereo:0
05-11 12:56:02.876  1842  1905 I [OAR] PanelRenderLayer: ResetSurface 540 x 300 - shape:2 stereo:0
05-11 12:56:02.877  3227  3227 I AndroidPanelApp: Processing next frame action "layerShow" for layer "dialog"
05-11 12:56:02.877  3227  3227 I AndroidPanelApp: nextFrameAction(layerShow, dialog)
05-11 12:56:02.877  3227  3227 I AndroidPanelApp: layerShow acknowledged for dialog
05-11 12:56:02.877  3227  3227 I AndroidPanelApp: tryShowLayer(dialog)
05-11 12:56:02.877  3227  3227 I AndroidPanelLayer: Showing layer dialog
05-11 12:56:02.878  3227  3227 I AndroidPanelLayer: Unhiding layer dialog
05-11 12:56:02.878  3227  3227 I [OAR] AnytimeUIAndroidPanelAppBase: updateLiveStreamStatus - isLiveStreaming=false, allowed=false
05-11 12:56:02.883   552  7589 D audio_hw_utils: audio_extn_utils_send_app_type_cfg: usecase->in_snd_device handset-mic-aec
05-11 12:56:02.883   552  7589 D msm8974_platform: platform_split_snd_device: snd_device(62) new_snd_devices (handset-mic-aec)
05-11 12:56:02.883   552  7589 I audio_hw_utils: send_app_type_cfg_for_device CAPTURE app_type 69938, acdb_dev_id 106, sample_rate 48000, snd_device_be_idx 3
05-11 12:56:02.884   552  7589 D msm8974_platform: platform_split_snd_device: snd_device(62) new_snd_devices (handset-mic-aec)
05-11 12:56:02.884   552  7589 D ACDB-LOADER: ACDB -> send_audio_cal, acdb_id = 106, path = 1, app id = 0x11132, sample rate = 48000
05-11 12:56:02.884   552  7589 D ACDB-LOADER: ACDB -> send_asm_topology
05-11 12:56:02.884   552  7589 D ACDB-LOADER: ACDB -> ACDB_CMD_GET_AUDPROC_STREAM_TOPOLOGY_ID
05-11 12:56:02.884   552  7589 D ACDB-LOADER: ACDB -> send_adm_topology
05-11 12:56:02.884   552  7589 D ACDB-LOADER: ACDB -> ACDB_CMD_GET_AUDPROC_COMMON_TOPOLOGY_ID
05-11 12:56:02.884   552  7589 D ACDB-LOADER: ACDB -> send_audtable
05-11 12:56:02.884   552  7589 D ACDB-LOADER: ACDB -> ACDB_CMD_GET_AUDPROC_COMMON_TABLE_SIZE
05-11 12:56:02.884   552  7589 D ACDB-LOADER: ACDB -> ACDB_CMD_GET_AUDPROC_COMMON_TABLE
05-11 12:56:02.884   552  7589 D ACDB-LOADER: ACDB -> AUDIO_SET_AUDPROC_CAL
05-11 12:56:02.884   552  7589 D ACDB-LOADER: ACDB -> send_audvoltable
05-11 12:56:02.884   552  7589 D ACDB-LOADER: ACDB -> ACDB_CMD_GET_AUDPROC_GAIN_DEP_STEP_TABLE, vol index 0
05-11 12:56:02.884   552  7589 D         : Failed to fetch the lookup information of the device 0000006A 
05-11 12:56:02.884   552  7589 E ACDB-LOADER: Error: ACDB AudProc vol returned = -19
05-11 12:56:02.884   552  7589 D ACDB-LOADER: ACDB -> AUDIO_SET_VOL_CAL cal type = 12
05-11 12:56:02.884   552  7589 D ACDB-LOADER: ACDB -> send_audstrmtable
05-11 12:56:02.884   552  7589 D ACDB-LOADER: ACDB -> ACDB_CMD_GET_AUDPROC_STREAM_TABLE_V2
05-11 12:56:02.884   552  7589 D ACDB-LOADER: ACDB -> audstrm_cal->cal_type.cal_data.cal_size = 16
05-11 12:56:02.884   552  7589 D ACDB-LOADER: ACDB -> send_afe_topology
05-11 12:56:02.884   552  7589 D ACDB-LOADER: ACDB -> ACDB_CMD_GET_AFE_TOPOLOGY_ID
05-11 12:56:02.884   552  7589 D ACDB-LOADER: ACDB -> GET_AFE_TOPOLOGY_ID for adcd_id 106, Topology Id 112fb
05-11 12:56:02.884   552  7589 D ACDB-LOADER: ACDB -> send_afe_cal
05-11 12:56:02.884   552  7589 D ACDB-LOADER: ACDB -> ACDB_CMD_GET_AFE_COMMON_TABLE
05-11 12:56:02.884   552  7589 D         : Failed to fetch the lookup information of the device 0000006A 
05-11 12:56:02.884   552  7589 E ACDB-LOADER: Error: ACDB AFE returned = -19
05-11 12:56:02.884   552  7589 D ACDB-LOADER: ACDB -> AUDIO_SET_AFE_CAL
05-11 12:56:02.885   552  7589 D ACDB-LOADER: ACDB -> send_hw_delay : acdb_id = 106 path = 1
05-11 12:56:02.885   552  7589 D ACDB-LOADER: ACDB -> ACDB_AVSYNC_INFO: ACDB_CMD_GET_DEVICE_PROPERTY
05-11 12:56:02.885   552  7589 D audio_hw_primary: enable_audio_route: apply mixer and update path: audio-record
05-11 12:56:02.886   552  7589 D audio_hw_primary: select_devices: done
05-11 12:56:02.889  3227  3227 I AndroidPanelApp: Turning on layer visibility for layer dialog.
05-11 12:56:02.889  3227  3227 D AndroidPanelApp: Queue: layerVisibility dialog 1
05-11 12:56:02.899   552  7589 E audio_hw_extn: audio_extn_perf_lock_release: Perf lock release error 
05-11 12:56:02.899   552  7589 D audio_hw_primary: start_input_stream: exit
05-11 12:56:02.902  3227  3227 I AndroidPanelApp: Handling next frame raw command "layerVisibility dialog 1"
05-11 12:56:02.913  1842  1905 I [OAR] PanelAppHost: Setting panel layer visibility of layer "dialog" to visible
05-11 12:56:03.081  7328  7736 I VrApi   : FPS=72,Prd=45ms,Tear=0,Early=45,Stale=0,VSnc=1,Lat=1,Fov=0,CPU4/GPU=3/4,2304/670MHz,OC=FF,TA=0/3/3,SP=N/N/N,Mem=1804MHz,Free=1158MB,PSM=0,PLS=0,Temp=29.0C/0.0C,TW=1.36ms,App=10.75ms,GD=0.00ms,CPU&GPU=13.24ms,LCnt=1,GPU%=0.79,CPU%=0.26(W0.30),DSF=1.00
05-11 12:56:03.113  7328  7738 D UE4     : *** JavaEnvDestructor: 7738
05-11 12:56:03.114  7328  7739 D UE4     : *** JavaEnvDestructor: 7739
05-11 12:56:03.115  7328  7737 D UE4     : *** JavaEnvDestructor: 7737
05-11 12:56:03.225  7328  7741 D UE4     : *** JavaEnvDestructor: 7741
05-11 12:56:03.475   720  7458 I [CT]    : VIPER:MAP_MANAGER: State: TRACKING_PERSISTENT, UUID=ed2bde7a-0e1d-413c-9ec5-b40bd0ba40f4, Num. Persistent maps = 3,  Persistent maps:f7929d7a-d62f-4cab-ba07-8335c6f7b640,022994f1-0c1e-4a65-9817-b24e9f537401,ed2bde7a-0e1d-413c-9ec5-b40bd0ba40f4,, Ser. Disabled = 00000000-0000-0000-0000-000000000000
05-11 12:56:03.515   720  7458 I [CT]    : VIPER: Status=6DoF,TRACKING,KF=61,Inl=248,Pts=180,Jit=0.2mm,Issues(Cam/min=0.0,IMU/min=0.0),Exp=(9.4ms,g=11.0,I=74)(6.1ms,g=5.0,I=68)(9.4ms,g=11.0,I=65)(7.4ms,g=9.0,I=68)
05-11 12:56:03.616   552   598 I AudioFlinger: BUFFER TIMEOUT: remove(4096) from active list on thread 0xe9203e00
05-11 12:56:03.636   552   593 D msm8974_platform: platform_split_snd_device: snd_device(2) new_snd_devices (speaker)
05-11 12:56:03.636   552   593 D ACDB-LOADER: ACDB -> send_audvoltable
05-11 12:56:03.636   552   593 D ACDB-LOADER: ACDB -> ACDB_CMD_GET_AUDPROC_GAIN_DEP_STEP_TABLE, vol index 5
05-11 12:56:03.636   552   593 D         : Failed to fetch the lookup information of the device 0000000F 
05-11 12:56:03.636   552   593 E ACDB-LOADER: Error: ACDB AudProc vol returned = -19
05-11 12:56:03.636   552   593 D ACDB-LOADER: ACDB -> AUDIO_SET_VOL_CAL cal type = 40
05-11 12:56:03.636   552   593 W msm8974_platform: platform_send_gain_dep_cal: Usecase list is empty
05-11 12:56:03.812  7328  7742 D UE4     : *** JavaEnvDestructor: 7742
05-11 12:56:03.832  1842  1905 I [OAR] InputManager: Switching Primary controller due to vrapi
05-11 12:56:03.832  1842  1905 I [OAR] InputManager: Secondary input source selection id=536870914
05-11 12:56:03.834  2134  2181 I GuardianSystem: Guardian: GuardianCmdWithParms 1, 1, 0.000000
05-11 12:56:03.843  1842  7784 I Telemetry: App memory usage: PSS=295MB DalvikPSS=1 MB
05-11 12:56:03.846  1842  7784 I VrApi   : FPS=73,Prd=45ms,Tear=0,Early=36,Stale=24,VSnc=1,Lat=1,Fov=0,CPU4/GPU=4/4,2304/670MHz,OC=FF,TA=0/0/0,SP=N/N/N,Mem=1804MHz,Free=1159MB,PSM=0,PLS=0,Temp=29.0C/0.0C,TW=1.87ms,App=4.11ms,GD=0.00ms,CPU&GPU=8.38ms,LCnt=3,GPU%=0.40,CPU%=0.08(W0.14),DSF=1.00
05-11 12:56:03.846  2134  2152 I GuardianSystem: Guardian: GuardianCmdWithParms 7, 0, 0.000000
05-11 12:56:03.851  1842  1905 I TrackingServiceClient: setting complex haptics, but not yet connected to socket, open connection...
05-11 12:56:03.851   720   822 I TrackingService: virtual android::binder::Status OVR::OS::Tracking::TrackingService::getTrackingSocketFileDescriptor(android::os::ParcelFileDescriptor *)
05-11 12:56:03.851   720   822 D TrackingService: haptic socket already exists
05-11 12:56:03.853  7328  7750 D UE4     : [2020.05.11-10.56.03:853][385]LogTcpMessaging: Lost node '999459CD4B99EA393939AA9E03F5D913' on connection '127.0.0.1:57324'...
05-11 12:56:03.854  7328  7750 D UE4     : *** JavaEnvDestructor: 7750
05-11 12:56:03.925   720  7457 I [CT]    : MANAGEMENT:CONSTELLATION: Status=GREEN,, Obj=4212769887286730484,6DOF=1,FusJit=0.002mm,Issues(Cam/min=  0,IMU/min=0), Obj=7745273921483883046,6DOF=1,FusJit=0.0mm,Issues(Cam/min=  0,IMU/min=0)
05-11 12:56:03.955  7328  7345 D UE4     : [2020.05.11-10.56.03:955][385]LogCore: Display: AppLifetime: Application will deactivate
05-11 12:56:03.956  7328  7743 D OVRPlugin: Leaving VR mode.
05-11 12:56:03.956  7328  7743 I GoCompatibility: GoCompatibility: vrapi_LeaveVrMode_Hooked()
05-11 12:56:03.956  7328  7743 I VrApi   : ---------- vrapi_LeaveVrMode [start] ----------
05-11 12:56:03.958  7328  7743 D VrApi   : targetSDKVersion 25
05-11 12:56:03.966  7328  7743 I VrRuntimeClient: DEVICE MODEL NUMBER = Quest
05-11 12:56:03.966  7328  7743 I VrRuntimeClient: DEVICE HARDWARE = monterey
05-11 12:56:03.966  7328  7743 I VrRuntimeClient: DEVICE BUILD NAME = user-602380.24900.0
05-11 12:56:03.966  7328  7743 I VrRuntimeClient: DEVICE BUILD TYPE = user
05-11 12:56:03.966  7328  7743 I VrRuntimeClient: DEVICE OS VERSION = 7.1.1
05-11 12:56:03.966  7328  7743 I VrRuntimeClient: VRRUNTIME VERSION = VRAPI_VERSION_BEGIN { 1.1.33.0-210938873-210938873 Apr 24 2020 16:11:35 Development } RELEASE
05-11 12:56:03.966  7328  7743 I VrRuntimeClient: API LOADER VERSION = 1.1.24.0
05-11 12:56:03.966  7328  7743 I VrRuntimeClient: VRDRIVER VERSION = 16.0.0.141.450
05-11 12:56:03.966  7328  7743 I VrRuntimeClient: APP NAME = ToysGame
05-11 12:56:03.966  7328  7743 I VrRuntimeClient: APP VERSION = 1.0 versionCode 1 internalVersionName <none>
05-11 12:56:03.966  7328  7743 I VrRuntimeClient: APP VR TYPE = vr_only
05-11 12:56:03.966  7328  7743 I VrRuntimeClient: APP PACKAGE NAME = com.YourCompany.ToysGame
05-11 12:56:03.966  7328  7743 I VrRuntimeClient: APP ACTIVITY CLASS = com.epicgames.ue4.GameActivity
05-11 12:56:03.967  7328  7743 D BatteryReceiver: Unregistering battery receiver
05-11 12:56:03.973  7328  7736 I VrApi   : FPS=72,Prd=45ms,Tear=0,Early=45,Stale=0,VSnc=1,Lat=1,Fov=0,CPU4/GPU=3/4,2304/670MHz,OC=FF,TA=0/3/3,SP=N/N/N,Mem=1804MHz,Free=1159MB,PSM=0,PLS=0,Temp=29.0C/0.0C,TW=1.36ms,App=10.75ms,GD=0.00ms,CPU&GPU=13.24ms,LCnt=1,GPU%=0.79,CPU%=0.26(W0.30),DSF=1.00
05-11 12:56:03.974  7328  7743 I VrApi   : OVR::Stats thread stopped
05-11 12:56:03.974  7328  7743 I InputDeviceManager: ovrInputDeviceManager::Shutdown
05-11 12:56:03.975  7328  7735 I InputHooks_Internal: InputHooksThreadRun ShutdownRequest received
05-11 12:56:03.982  7328  7743 I InputHooks_Internal: Disabling Native Input Hooks
05-11 12:56:03.984  2115  2328 D VrRuntimeService: this client: 7328:com.YourCompany.ToysGame
05-11 12:56:03.984  2115  2328 D VrRuntimeService: enableRendering: clientWindow: null enable: false
05-11 12:56:03.984  2115  2328 I ClientMgr: ClientMgr::EnableRendering 7328:com.YourCompany.ToysGame : type 0 : disable
05-11 12:56:03.985  7328  7745 I VrRuntimeClient: FenceChecker::MainLoop - ended
05-11 12:56:03.986  7328  7743 I BufferObject: ovrBufferObjectFactory::Unimport unmapping Vulkan memory
05-11 12:56:03.986  7328  7743 I BufferObject: ovrBufferObjectFactory::Unimport destroying Vulkan buffer=547169853184
05-11 12:56:03.986  7328  7743 I BufferObject: ovrBufferObjectFactory::Unimport freeing Vulkan memory=547056167040
05-11 12:56:03.986  7328  7743 I TrackingServiceClient: OVR::TrackingService::ClientSetInterface
05-11 12:56:03.986  7328  7743 D TrackingServiceClient: onClientDisconnect
05-11 12:56:03.986  7328  7743 D TrackingServiceConnectionNative: onClientDisconnect
05-11 12:56:03.987   720   822 I TrackingService: Unregistering client by ITrackingService.unregisterClient
05-11 12:56:03.987   720   822 I TrackingService: TrackingServiceHost Unregistering client: pid 7328
05-11 12:56:03.987  7328  7743 D BinderConnection: Disconnecting from TrackingService service
05-11 12:56:03.987  7328  7743 D TrackingServiceConnectionNative: onDisconnected
05-11 12:56:03.987  7328  7743 D TrackingServiceClient: TrackingServiceConnection mConnectedRemotes.clear()
05-11 12:56:03.987  7328  7743 I TrackingServiceClient: OVR::TrackingService::ClientSetInterface
05-11 12:56:03.987  7328  7743 I VrApi   : ---------- vrapi_LeaveVrMode [end] ----------
05-11 12:56:03.988  7328  7345 D UE4     : [GameActivity] Unregistering volume receiver
05-11 12:56:03.990  7328  7345 D UE4     : [GameActivity] Unregistering battery receiver
05-11 12:56:03.990  7328  7345 D UE4     : [GameActivity] Unregistering headset receiver
05-11 12:56:03.991  7328  7345 D UE4     : [2020.05.11-10.56.03:991][385]LogCore: Display: AppLifetime: Application will enter background
05-11 12:56:03.991  7328  7345 D UE4     : [2020.05.11-10.56.03:991][385]LogTemp: Android pause audio
05-11 12:56:03.992  7328  7345 D UE4     : [2020.05.11-10.56.03:992][385]LogAudioMixerAndroid: Display: Suspending android audio renderer
05-11 12:56:03.994  7328  7346 D UE4     : [2020.05.11-10.56.03:994][385]LogAndroid: Blocking renderer on invalid window.
05-11 12:56:03.994  7328  7346 D UE4     : [2020.05.11-10.56.03:994][385]LogAndroid: Waiting for renderer to encounter blocking command.
05-11 12:56:03.994  7328  7743 D UE4     : [2020.05.11-10.56.03:994][385]LogAndroid: Blocking renderer
05-11 12:56:03.994  7328  7743 D UE4     : [2020.05.11-10.56.03:994][385]LogAndroid: RendererBlock release window callback
05-11 12:56:03.994  7328  7743 D UE4     : [2020.05.11-10.56.03:994][385]LogVulkanRHI: Destroy swapchain ... 
05-11 12:56:03.995   720  7442 I [CT]    : L:Behavior:AtRest: activated
05-11 12:56:03.995   720  7442 I [CT]    : AdHocPatch: [Left] t = 62.083s, behavior transition: None -> AtRest at 62.132s
05-11 12:56:03.996  7328  7345 D UE4     : [2020.05.11-10.56.03:996][385]LogHMD: Error: ovrp_WaitToBeginFrame 1277 failed (-1003)
05-11 12:56:03.996  2115  2326 I ClientMgr: Non-overlay clients rendering status has changed: prev=50, curr=51, enabled=3
05-11 12:56:03.996  7328  7345 W VrApi   : vrapi_WaitFrame: ovr->Destroyed
05-11 12:56:03.996  7328  7345 W VrApi   : vrapi_GetPredictedDisplayTime: ovr->Destroyed
05-11 12:56:03.996  7328  7345 W VrApi   : vrapi_GetPredictedTracking2: ovr->Destroyed
05-11 12:56:03.997  7328  7345 W VrApi   : vrapi_GetPredictedTracking2: ovr->Destroyed
05-11 12:56:03.998  7328  7346 D UE4     : LogAndroidEvents::EnqueueAppEvent : 13, [width=-1, height=-1], tid = 7346, APP_EVENT_STATE_APP_SUSPENDED
05-11 12:56:03.998  7328  7346 D UE4     : Case APP_CMD_TERM_WINDOW, tid = 7346
05-11 12:56:03.998  7328  7346 D UE4     : [2020.05.11-10.56.03:998][385]LogAndroid: Case APP_CMD_TERM_WINDOW
05-11 12:56:03.998  7328  7346 D UE4     : LogAndroidEvents::EnqueueAppEvent : 3, [width=-1, height=-1], tid = 7346, APP_EVENT_STATE_WINDOW_DESTROYED
05-11 12:56:04.006  3227  3227 D [OAR] HomeDialog: Quit Pressed
05-11 12:56:04.006  3227  3227 I [OAR] AnytimeUIAndroidPanelAppBase: actionHideDialog - quit
05-11 12:56:04.006  3227  3227 D [OAR] HomeDialog: Releasing old screenshot, jpg_size: 43504
05-11 12:56:04.008  7328  7345 D UE4     : [2020.05.11-10.56.04:008][386]LogAndroidEvents: Display: LogAndroidEvents::DequeueAppEvent : 13, [width=-1, height=-1], APP_EVENT_STATE_APP_SUSPENDED
05-11 12:56:04.008  7328  7345 D UE4     : FAppEventManager::Tick processing, 13
05-11 12:56:04.008  7328  7345 D UE4     : Execution will be paused...
05-11 12:56:04.008  7328  7345 D UE4     : [2020.05.11-10.56.04:008][386]LogAndroidEvents: Display: LogAndroidEvents::DequeueAppEvent : 3, [width=-1, height=-1], APP_EVENT_STATE_WINDOW_DESTROYED
05-11 12:56:04.008  7328  7345 D UE4     : FAppEventManager::Tick processing, 3
05-11 12:56:04.008  7328  7345 D UE4     : APP_EVENT_STATE_WINDOW_DESTROYED, 0, 0, 0
05-11 12:56:04.008  7328  7345 D UE4     : FAppEventManager::Tick EventHandlerEvent Wait 
05-11 12:56:04.008  7328  7345 D UE4     : FAppEventManager::Tick EventHandlerEvent DONE Wait 
05-11 12:56:04.010  7328  7346 D UE4     : [2020.05.11-10.56.04:010][386]LogAndroid: Case APP_CMD_SAVE_STATE
05-11 12:56:04.010  7328  7346 D UE4     : LogAndroidEvents::EnqueueAppEvent : 12, [width=-1, height=-1], tid = 7346, APP_EVENT_STATE_SAVE_STATE
05-11 12:56:04.012  7328  7328 D UE4     : [GameActivity] ==============> GameActive.onStop complete!
05-11 12:56:04.012  7328  7346 D UE4     : [2020.05.11-10.56.04:012][386]LogAndroid: Case APP_CMD_STOP
05-11 12:56:04.012  7328  7346 D UE4     : LogAndroidEvents::EnqueueAppEvent : 8, [width=-1, height=-1], tid = 7346, APP_EVENT_STATE_ON_STOP
05-11 12:56:04.012  7328  7328 D UE4     : [GameActivity] ==============> GameActive.onTrimMemory(TRIM_MEMORY_UI_HIDDEN) called!
05-11 12:56:04.013  7328  7328 V UE4     : [GameApp] App in background
05-11 12:56:04.014   720  7442 I [CT]    : L:Behavior:AtRest: deactivated
05-11 12:56:04.014   720  7442 I [CT]    : AdHocPatch: [Left] t = 62.103s, behavior transition: AtRest -> None at 62.152s
05-11 12:56:04.027  1842  1905 I [OAR] ShellDialogControllerHost: DialogResult: quit
05-11 12:56:04.034  7328  7328 D SystemActivitiesReceiver: SystemActivityReceiver.onReceive intent:Intent { act=com.oculus.system_activity flg=0x10 pkg=com.YourCompany.ToysGame (has extras) }
05-11 12:56:04.037  7328  7328 D SystemActivitiesReceiver: fromPackageName: 'com.oculus.vrshell'
05-11 12:56:04.037  7328  7328 D SystemActivitiesReceiver: command: '{"Command":"exitToHome","PlatformUIVersion":4,"ToPackage":"com.YourCompany.ToysGame"}'
05-11 12:56:04.038  7328  7328 D SystemActivitiesReceiver: uri: ''
05-11 12:56:04.042  1842  1905 I [OAR] ShellApplication: Sent exit broadcast to SystemActivities for:  com.YourCompany.ToysGame
05-11 12:56:04.043  2134  2181 I GuardianSystem: GuardianSystem::GuardianCmd 14
05-11 12:56:04.044  1842  1905 I [OAR] DialogControllerManager: Hide Previous pending dialog: type: 10, uri "systemux://dialog/exit", return component: "com.YourCompany.ToysGame", return activity component: "com.YourCompany.ToysGame/com.epicgames.ue4.GameActivity" - reason quit of exittohome
05-11 12:56:04.045  7328  7328 D TrustedSignatureVerifier: Checking app signature for com.oculus.vrshell
05-11 12:56:04.047  7328  7328 D SystemActivitiesReceiver: App is trusted
05-11 12:56:04.047  7328  7328 I SystemUtils_Internal: nativeSystemActivityIntent in 'com.YourCompany.ToysGame': 'com.oculus.vrshell' '{"Command":"exitToHome","PlatformUIVersion":4,"ToPackage":"com.YourCompany.ToysGame"}' ''
05-11 12:56:04.047  7328  7328 I SystemUtils_Internal: finish() - exit to Home
05-11 12:56:04.048  7328  7328 W art     : Attempt to remove non-JNI local reference, dumping thread
05-11 12:56:04.048  7328  7328 W art     : Attempt to remove non-JNI local reference, dumping thread
05-11 12:56:04.048  7328  7328 W art     : Attempt to remove non-JNI local reference, dumping thread
05-11 12:56:04.048  7328  7328 D SystemActivitiesReceiver: SystemActivityReceiver.onReceive intent:Intent { act=com.oculus.system_activity flg=0x10 pkg=com.YourCompany.ToysGame (has extras) }
05-11 12:56:04.049  7328  7328 D SystemActivitiesReceiver: fromPackageName: 'com.oculus.vrshell'
05-11 12:56:04.049  7328  7328 D SystemActivitiesReceiver: command: '{"Command":"returnToLauncher","PlatformUIVersion":4,"ToPackage":"com.YourCompany.ToysGame"}'
05-11 12:56:04.049  7328  7328 D SystemActivitiesReceiver: uri: ''
05-11 12:56:04.049  7328  7328 I SystemUtils_Internal: nativeSystemActivityIntent in 'com.YourCompany.ToysGame': 'com.oculus.vrshell' '{"Command":"returnToLauncher","PlatformUIVersion":4,"ToPackage":"com.YourCompany.ToysGame"}' ''
05-11 12:56:04.049  7328  7328 I SystemUtils_Internal: ovrSystemUtils::AddEvent: queued event '{"Command":"returnToLauncher","PlatformUIVersion":4,"ToPackage":"com.YourCompany.ToysGame"}'
05-11 12:56:04.049  7328  7328 W art     : Attempt to remove non-JNI local reference, dumping thread
05-11 12:56:04.049  7328  7328 W art     : Attempt to remove non-JNI local reference, dumping thread
05-11 12:56:04.049  7328  7328 W art     : Attempt to remove non-JNI local reference, dumping thread
05-11 12:56:04.050  1842  1905 I [OAR] DialogControllerManager: Dialog change detected; updating dialog UI.
05-11 12:56:04.050  7328  7328 D ContextHelper: shouldSkipFinish: activity=com.epicgames.ue4.GameActivity@61fecc1
05-11 12:56:04.050  1842  1905 I [OAR] DialogControllerManager: Old dialog: type: 10, uri "systemux://dialog/exit", return component: "com.YourCompany.ToysGame", return activity component: "com.YourCompany.ToysGame/com.epicgames.ue4.GameActivity"
05-11 12:56:04.050  1842  1905 I [OAR] DialogControllerManager: New dialog: type: 0, uri "systemux://dialog/none", return component: "", return activity component: ""
05-11 12:56:04.050  1842  1905 I [OAR] DialogController: CloseDialogs() old: 10, pendingUri: systemux://dialog/exit, pendingComponent: com.YourCompany.ToysGame
05-11 12:56:04.050  1842  1905 I [OAR] SystemDialogController: HideVrShellDialog
05-11 12:56:04.050  1842  1905 I [OAR] SystemUXController: No known System UX Route for Navigation Route: com.oculus.systemux/com.oculus.panelapp.anytimeui.AnytimeUIAndroidPanelService
05-11 12:56:04.050  1842  1905 I [OAR] PlatformManager: Checking livestreaming allowed for:  com.oculus.vrshell
05-11 12:56:04.050  1842  1905 I [OAR] DialogController: Clearing existing dialog systemux://dialog/exit to None while in transition to pending dialog systemux://dialog/none
05-11 12:56:04.050  1842  1905 I [OAR] SystemTaskBarV1: Repositioning toast layer: isShowingTaskBar = 0
05-11 12:56:04.051  7328  7328 D ContextHelper: activity=com.epicgames.ue4.GameActivity@61fecc1, resumed=false
05-11 12:56:04.051  7328  7328 D ContextHelper: Calling finish() on com.epicgames.ue4.GameActivity@61fecc1
05-11 12:56:04.054  1842  2397 I OVRPlatform: [QueueAsyncResponseHandler] success: {"streaming_enabled":true}
05-11 12:56:04.056  1842  1905 D [OAR] PanelAppConfigurationUtil: Retrieving panel configuration for com.oculus.vrshell.home - com.oculus.vrshell.home.ExploreService
05-11 12:56:04.058  7328  7328 D UE4     : [GameActivity] onDestroy: destroy memoryHandlerThread
05-11 12:56:04.058  7328  7346 D UE4     : [2020.05.11-10.56.04:058][386]LogAndroid: Case APP_CMD_INPUT_CHANGED
05-11 12:56:04.059  7328  7346 D UE4     : [2020.05.11-10.56.04:059][386]LogAndroid: Case APP_CMD_DESTROY
05-11 12:56:04.059  7328  7346 D UE4     : LogAndroidEvents::EnqueueAppEvent : 15, [width=-1, height=-1], tid = 7346, APP_EVENT_RUN_CALLBACK
05-11 12:56:04.059  7328  7346 D UE4     : LogAndroidEvents::EnqueueAppEvent : 5, [width=-1, height=-1], tid = 7346, APP_EVENT_STATE_ON_DESTROY
05-11 12:56:04.064  1842  1905 I [OAR] SystemUXController: Registering pending Shell Application launch for com.oculus.vrshell.home/com.oculus.vrshell.home.ExploreService,- overwriting existing launch? false.
05-11 12:56:04.064  1842  1905 I [OAR] SystemUXController: Building launch checks for com.oculus.vrshell.home, activity: com.oculus.vrshell.home.ExploreService
05-11 12:56:04.064  7328  7346 I art     : System.exit called, status: 0
05-11 12:56:04.064  7328  7346 I AndroidRuntime: VM exiting with result code 0, cleanup skipped.
05-11 12:56:04.100  2099  2176 I LibraryProvider: running queryApp(com.oculus.vrshell.home) for com.oculus.vrshell
05-11 12:56:04.100  2099  2176 W LibraryProvider: Cannot find entitlement for com.oculus.vrshell.home
05-11 12:56:04.101  1842  1905 W OVRLibrary: null cursor received for query content://com.oculus.ocms.library/apps/com.oculus.vrshell.home
05-11 12:56:04.131  2099  2177 I LibraryProvider: running queryApp(com.oculus.vrshell.home) for com.oculus.vrshell
05-11 12:56:04.131  2099  2177 W LibraryProvider: Cannot find entitlement for com.oculus.vrshell.home
05-11 12:56:04.132  1842  1905 W OVRLibrary: null cursor received for query content://com.oculus.ocms.library/apps/com.oculus.vrshell.home
05-11 12:56:04.167  2099  2214 I LibraryProvider: running queryApp(com.oculus.vrshell.home) for com.oculus.vrshell
05-11 12:56:04.167  2099  2214 W LibraryProvider: Cannot find entitlement for com.oculus.vrshell.home
05-11 12:56:04.167  1842  1905 W OVRLibrary: null cursor received for query content://com.oculus.ocms.library/apps/com.oculus.vrshell.home
05-11 12:56:04.173  1842  1905 I [OAR] SystemUXController: Finished building launch checks
05-11 12:56:04.173  1842  1905 I [OAR] SystemUXController: ProcessPendingLaunch ShellApplication
05-11 12:56:04.174  2115  7499 I Clocks  : SetSchedFifo( tid=1905, pri=0 ) succeeded
05-11 12:56:04.175  2115  7499 I Clocks  : SetSchedFifo( tid=7789, pri=0 ) succeeded
05-11 12:56:04.176  2115  7499 I Clocks  : SetSchedFifo( tid=2349, pri=0 ) succeeded
05-11 12:56:04.202  2099  2329 I LibraryProvider: running queryApp(com.oculus.vrshell.home) for com.oculus.vrshell
05-11 12:56:04.202  2099  2329 W LibraryProvider: Cannot find entitlement for com.oculus.vrshell.home
05-11 12:56:04.208  1842  1905 W OVRLibrary: null cursor received for query content://com.oculus.ocms.library/apps/com.oculus.vrshell.home
05-11 12:56:04.208  1842  1905 D [OAR] PanelAppConfigurationUtil: Retrieving panel configuration for com.oculus.vrshell.home - com.oculus.vrshell.home.ExploreService
05-11 12:56:04.213  1842  1905 I [OAR] SystemUXController: Calling DesktopPanelController launch Or Restore
05-11 12:56:04.213  1842  1905 I [OAR] DesktopPanelController: LaunchOrRestore( com.oculus.vrshell.home/com.oculus.vrshell.home.ExploreService )
05-11 12:56:04.213  1842  1905 I [OAR] DesktopPanelController: Launching com.oculus.vrshell.home/com.oculus.vrshell.home.ExploreService as (new:0) in the active Desktop:Theater
05-11 12:56:04.213  1842  1905 I [OAR] LegacyDesktop: Launch Package name:com.oculus.vrshell.home
