05-05 14:03:06.935  4590  4885 I VrApi   : FPS=72,Prd=45ms,Tear=0,Early=0,Stale=0,VSnc=1,Lat=1,Fov=0,CPU4/GPU=2/4,1651/670MHz,OC=FF,TA=0/E0/E0,SP=N/F/F,Mem=1804MHz,Free=1365MB,PSM=0,PLS=0,Temp=30.0C/0.0C,TW=1.26ms,App=13.13ms,GD=0.00ms,CPU&GPU=16.67ms,LCnt=1,GPU%=0.94,CPU%=0.31(W0.43),DSF=1.00
05-05 14:03:07.039  1061  1476 I WifiHAL : event received NL80211_CMD_VENDOR, vendor_id = 0x1374, subcmd = 0x6a
05-05 14:03:07.086  1061  1476 I WifiHAL : event received NL80211_CMD_VENDOR, vendor_id = 0x1374, subcmd = 0x6b
05-05 14:03:07.097  1061  1159 D WifiQualifiedNetworkSelector:: ==========start qualified Network Selection==========
05-05 14:03:07.097  1061  1159 D WifiQualifiedNetworkSelector:: Current network is: "BOEY" ,ID is: 0
05-05 14:03:07.097  1061  1159 D WifiQualifiedNetworkSelector:: Current band dose not match user preference. Start Qualified Network Selection Current band = 2.4GHz bandUserPreference band = 0
05-05 14:03:07.100  1061  1159 D WifiQualifiedNetworkSelector:: Current network is not qualified
05-05 14:03:07.101  1061  1159 D WifiQualifiedNetworkSelector:: Saved Network List
05-05 14:03:07.101  1061  1159 D WifiQualifiedNetworkSelector::     "BOEY":0  User Preferred BSSID:null FQDN:null NETWORK_SELECTION_ENABLED Disable account: 0 0 0 0 0 0 0 0 0 0 Connect Choice:null set time:-1
05-05 14:03:07.103  1061  1159 D WifiQualifiedNetworkSelector::  skipped due to low signal
05-05 14:03:07.103  1061  1159 D WifiQualifiedNetworkSelector:: vodafone17C0:d0:57:94:71:17:c6 / vodafoneAAMET6:d4:b9:2f:33:86:a0 /  skipped due to not saved
05-05 14:03:07.103  1061  1159 D WifiQualifiedNetworkSelector::  
05-05 14:03:07.104  1061  1159 D WifiQualifiedNetworkSelector::  skipped due to not valid SSID
05-05 14:03:07.104  1061  1159 D WifiQualifiedNetworkSelector::  RSSI score: 100 Same network with current associated. Bonus: 16 Same BSSID with current association. Bonus: 24 Secure network Bonus:80 Score for scanResult: SSID: BOEY, BSSID: 84:16:f9:9b:3c:d6, capabilities: [WPA-PSK-CCMP+TKIP][WPA2-PSK-CCMP+TKIP][WPS][ESS], level: -47, frequency: 2462, timestamp: 1108808759, distance: ?(cm), distanceSd: ?(cm), passpoint: no, ChannelBandwidth: 0, centerFreq0: 0, centerFreq1: 0, 80211mcResponder: is not supported and Network ID: 0 final score:220
05-05 14:03:07.104  1061  1159 D WifiQualifiedNetworkSelector:: 
05-05 14:03:07.104  1061  1159 D WifiQualifiedNetworkSelector:: After user choice adjust, the final candidate is:"BOEY":0 : 84:16:f9:9b:3c:d6
05-05 14:03:07.104  1061  1159 D WifiQualifiedNetworkSelector:: "BOEY":0 is already the best choice!
05-05 14:03:07.935  4590  4885 I VrApi   : FPS=72,Prd=45ms,Tear=0,Early=0,Stale=0,VSnc=1,Lat=1,Fov=0,CPU4/GPU=2/4,1651/670MHz,OC=FF,TA=0/E0/E0,SP=N/F/F,Mem=1804MHz,Free=1361MB,PSM=0,PLS=0,Temp=30.0C/0.0C,TW=1.27ms,App=13.99ms,GD=0.00ms,CPU&GPU=17.82ms,LCnt=1,GPU%=0.94,CPU%=0.27(W0.32),DSF=1.00
05-05 14:03:08.830   715  4733 I [CT]    : MANAGEMENT:CONSTELLATION: Status=GREEN,, Obj=7745273921483883046,6DOF=1,FusJit=0.005mm,Issues(Cam/min=  0,IMU/min=0), Obj=4212769887286730484,6DOF=1 (estimated),Issues(Cam/min=  0,IMU/min=0)
05-05 14:03:08.950  4590  4885 I VrApi   : FPS=72,Prd=44ms,Tear=0,Early=0,Stale=0,VSnc=1,Lat=1,Fov=0,CPU4/GPU=2/4,1651/670MHz,OC=FF,TA=0/E0/E0,SP=N/F/F,Mem=1804MHz,Free=1363MB,PSM=0,PLS=0,Temp=30.0C/0.0C,TW=1.23ms,App=14.68ms,GD=0.00ms,CPU&GPU=19.84ms,LCnt=1,GPU%=0.95,CPU%=0.26(W0.38),DSF=1.00
05-05 14:03:08.980   715  4734 I [CT]    : VIPER:MAP_MANAGER: State: TRACKING_PERSISTENT, UUID=d18585e8-d288-4997-b6ff-78495c7eed6a, Num. Persistent maps = 1,  Persistent maps:d18585e8-d288-4997-b6ff-78495c7eed6a,, Ser. Disabled = 00000000-0000-0000-0000-000000000000
05-05 14:03:09.020   715  4734 I [CT]    : VIPER: Status=6DoF,TRACKING,KF=147,Inl=371,Pts=434,Jit=0.2mm,Issues(Cam/min=0.0,IMU/min=0.0),Exp=(5.7ms,g=6.0,I=78)(3.9ms,g=3.0,I=67)(5.7ms,g=6.0,I=62)(5.3ms,g=4.0,I=68)
05-05 14:03:09.414  2129  4781 I Telemetry: App memory usage: PSS=57MB DalvikPSS=1 MB
05-05 14:03:09.453  4590  4609 D UE4     : [GameActivity] Used memory: 744125
05-05 14:03:09.866   715  4717 I [CT]    : L:Behavior:AtRest: deactivated
05-05 14:03:09.866   715  4717 I [CT]    : AdHocPatch: [Left] t = 22.851s, behavior transition: AtRest -> None at 22.899s
05-05 14:03:09.887  2129  2185 I GuardianSystem: UpdateGuardianSystemState: Flags changed: 524288, 532480
05-05 14:03:09.919  2129  2375 W VrApi   : ovr_SubmitFrameInternal: FrameIndex discontinuity: Expected 8626, Received 9069
05-05 14:03:09.934  4590  4885 I VrApi   : FPS=72,Prd=45ms,Tear=0,Early=0,Stale=0,VSnc=1,Lat=1,Fov=0,CPU4/GPU=2/4,1651/670MHz,OC=FF,TA=0/E0/E0,SP=N/F/F,Mem=1804MHz,Free=1364MB,PSM=0,PLS=0,Temp=30.0C/0.0C,TW=1.27ms,App=12.88ms,GD=0.00ms,CPU&GPU=18.03ms,LCnt=1,GPU%=0.99,CPU%=0.34(W0.43),DSF=1.00
05-05 14:03:10.095  2121  4751 I TimeWarp: UpdateClockLevels: Apply pending clock request change: 2,4 -> 3,4
05-05 14:03:10.096  2121  4745 I Clocks  : ReleaseClocks - start
05-05 14:03:10.096   719   719 D         : CPU_CLUSTER_0: No client requests exists, release clocks
05-05 14:03:10.096   719   719 D         : CPU_CLUSTER_1: No client requests exists, release clocks
05-05 14:03:10.096   719   719 D         : GPU: No client requests exists, release clocks
05-05 14:03:10.096   719   719 D         : CPUBW: No client requests exists, release clocks
05-05 14:03:10.097  2121  4745 I Clocks  : ReleaseClocks - end (1.4 ms)
05-05 14:03:10.097  2121  4745 I Clocks  : LockClocks( cpu=3, gpu=4 ) - start
05-05 14:03:10.098  2121  4745 I Clocks  : CPU levels [0, 4]
05-05 14:03:10.098  2121  4745 I Clocks  : GPU levels [0, 5]
05-05 14:03:10.098   719  2791 D         : CPU_CLUSTER_0: Client 2121 sends freq request [21, 21]
05-05 14:03:10.098   719  2791 D         : CPU_CLUSTER_0: Next Perf Level = (21, 21)
05-05 14:03:10.099   719  2791 D         : CPU_CLUSTER_1: Client 2121 sends freq request [22, 22]
05-05 14:03:10.099   719  2791 D         : CPU_CLUSTER_1: Next Perf Level = (22, 22)
05-05 14:03:10.099   719  2791 D         : CPUBW: Client 2121 sends freq request [8, 11]
05-05 14:03:10.099   719  2791 D         : CPUBW: Next Perf Level = (8, 11)
05-05 14:03:10.101   719  2791 D         : GPU: Client 2121 sends freq request [6, 6]
05-05 14:03:10.101   719  2791 D         : GPU: Next Perf Level = (6, 6)
05-05 14:03:10.102  2121  4745 I Clocks  : LockClocks( cpu=3, gpu=4 ) - end (4.9 ms)
05-05 14:03:10.185   715  4717 D TrackingService: [HANDTRACKING] Controller 3a76c3e46c301ef4 in hand: Y, valid: Y
05-05 14:03:10.541  2121  4751 I TimeWarp: UpdateClockLevels: Apply pending clock request change: 3,4 -> 3,5
05-05 14:03:10.541  2121  4745 I Clocks  : ReleaseClocks - start
05-05 14:03:10.542   719  2043 D         : CPU_CLUSTER_0: No client requests exists, release clocks
05-05 14:03:10.542   719  2043 D         : CPU_CLUSTER_1: No client requests exists, release clocks
05-05 14:03:10.542   719  2043 D         : GPU: No client requests exists, release clocks
05-05 14:03:10.542   719  2043 D         : CPUBW: No client requests exists, release clocks
05-05 14:03:10.543  2121  4745 I Clocks  : ReleaseClocks - end (1.8 ms)
05-05 14:03:10.543  2121  4745 I Clocks  : LockClocks( cpu=3, gpu=5 ) - start
05-05 14:03:10.544  2121  4745 I Clocks  : CPU levels [0, 4]
05-05 14:03:10.544  2121  4745 I Clocks  : GPU levels [0, 5]
05-05 14:03:10.544   719  2791 D         : CPU_CLUSTER_0: Client 2121 sends freq request [21, 21]
05-05 14:03:10.544   719  2791 D         : CPU_CLUSTER_0: Next Perf Level = (21, 21)
05-05 14:03:10.544   719  2791 D         : CPU_CLUSTER_1: Client 2121 sends freq request [22, 22]
05-05 14:03:10.544   719  2791 D         : CPU_CLUSTER_1: Next Perf Level = (22, 22)
05-05 14:03:10.544   719  2791 D         : CPUBW: Client 2121 sends freq request [8, 11]
05-05 14:03:10.544   719  2791 D         : CPUBW: Next Perf Level = (8, 11)
05-05 14:03:10.545   719  2791 D         : GPU: Client 2121 sends freq request [7, 7]
05-05 14:03:10.545   719  2791 D         : GPU: Next Perf Level = (7, 7)
05-05 14:03:10.546  2121  4745 I Clocks  : LockClocks( cpu=3, gpu=5 ) - end (2.7 ms)
05-05 14:03:10.610  2121  4751 I TimeWarp: UpdateClockLevels: Apply pending clock request change: 3,5 -> 4,5
05-05 14:03:10.610  2121  4745 I Clocks  : ReleaseClocks - start
05-05 14:03:10.611   719   719 D         : CPU_CLUSTER_0: No client requests exists, release clocks
05-05 14:03:10.611   719   719 D         : CPU_CLUSTER_1: No client requests exists, release clocks
05-05 14:03:10.611   719   719 D         : GPU: No client requests exists, release clocks
05-05 14:03:10.611   719   719 D         : CPUBW: No client requests exists, release clocks
05-05 14:03:10.612  2121  4745 I Clocks  : ReleaseClocks - end (1.5 ms)
05-05 14:03:10.612  2121  4745 I Clocks  : LockClocks( cpu=4, gpu=5 ) - start
05-05 14:03:10.613  2121  4745 I Clocks  : CPU levels [0, 4]
05-05 14:03:10.613  2121  4745 I Clocks  : GPU levels [0, 5]
05-05 14:03:10.613   719  2188 D         : CPU_CLUSTER_0: Client 2121 sends freq request [21, 21]
05-05 14:03:10.614   719  2188 D         : CPU_CLUSTER_0: Next Perf Level = (21, 21)
05-05 14:03:10.614   719  2188 D         : CPU_CLUSTER_1: Client 2121 sends freq request [26, 26]
05-05 14:03:10.614   719  2188 D         : CPU_CLUSTER_1: Next Perf Level = (26, 26)
05-05 14:03:10.614   719  2188 D         : CPUBW: Client 2121 sends freq request [8, 11]
05-05 14:03:10.614   719  2188 D         : CPUBW: Next Perf Level = (8, 11)
05-05 14:03:10.615   719  2188 D         : GPU: Client 2121 sends freq request [7, 7]
05-05 14:03:10.615   719  2188 D         : GPU: Next Perf Level = (7, 7)
05-05 14:03:10.615  2121  4745 I Clocks  : LockClocks( cpu=4, gpu=5 ) - end (2.8 ms)
05-05 14:03:10.790   715  4733 I [CT]    : CONSTELLATION: L: Detected static motion, applying constant pose priors.
05-05 14:03:10.805   715  4717 I [CT]    : L:Behavior:AtRest: activated
05-05 14:03:10.805   715  4717 I [CT]    : AdHocPatch: [Left] t = 23.787s, behavior transition: None -> AtRest at 23.838s
05-05 14:03:10.814  2129  2185 I GuardianSystem: UpdateGuardianSystemState: Flags changed: 532480, 524288
05-05 14:03:10.933  4590  4885 I VrApi   : FPS=70,Prd=44ms,Tear=0,Early=0,Stale=3,VSnc=1,Lat=1,Fov=0,CPU4/GPU=2/4,2304/710MHz,OC=FF,TA=0/E0/E0,SP=N/F/F,Mem=1804MHz,Free=1364MB,PSM=0,PLS=0,Temp=30.0C/0.0C,TW=1.74ms,App=19.40ms,GD=3.54ms,CPU&GPU=20.10ms,LCnt=1,GPU%=0.94,CPU%=0.35(W0.40),DSF=1.00
05-05 14:03:11.090   715  4666 I [CT]    : boltlib: DSP utilization(%): 16
05-05 14:03:11.194  2121  4751 I TimeWarp: UpdateClockLevels: Apply pending clock request change: 4,5 -> 4,4
05-05 14:03:11.195  2121  4745 I Clocks  : ReleaseClocks - start
05-05 14:03:11.195   719   719 D         : CPU_CLUSTER_0: No client requests exists, release clocks
05-05 14:03:11.195   719   719 D         : CPU_CLUSTER_1: No client requests exists, release clocks
05-05 14:03:11.195   719   719 D         : GPU: No client requests exists, release clocks
05-05 14:03:11.196   719   719 D         : CPUBW: No client requests exists, release clocks
05-05 14:03:11.196  2121  4745 I Clocks  : ReleaseClocks - end (1.4 ms)
05-05 14:03:11.196  2121  4745 I Clocks  : LockClocks( cpu=4, gpu=4 ) - start
05-05 14:03:11.197  2121  4745 I Clocks  : CPU levels [0, 4]
05-05 14:03:11.197  2121  4745 I Clocks  : GPU levels [0, 5]
05-05 14:03:11.197   719  2043 D         : CPU_CLUSTER_0: Client 2121 sends freq request [21, 21]
05-05 14:03:11.197   719  2043 D         : CPU_CLUSTER_0: Next Perf Level = (21, 21)
05-05 14:03:11.197   719  2043 D         : CPU_CLUSTER_1: Client 2121 sends freq request [26, 26]
05-05 14:03:11.197   719  2043 D         : CPU_CLUSTER_1: Next Perf Level = (26, 26)
05-05 14:03:11.197   719  2043 D         : CPUBW: Client 2121 sends freq request [8, 11]
05-05 14:03:11.197   719  2043 D         : CPUBW: Next Perf Level = (8, 11)
05-05 14:03:11.198   719  2043 D         : GPU: Client 2121 sends freq request [6, 6]
05-05 14:03:11.198   719  2043 D         : GPU: Next Perf Level = (6, 6)
05-05 14:03:11.198  2121  4745 I Clocks  : LockClocks( cpu=4, gpu=4 ) - end (2.1 ms)
05-05 14:03:11.286   715  4717 D TrackingService: [HANDTRACKING] Controller 3a76c3e46c301ef4 in hand: N, valid: Y
05-05 14:03:11.577   715  4734 I [CT]    : HealthReport: ==================================================
05-05 14:03:11.577   715  4734 I [CT]    : Health Report
05-05 14:03:11.577   715  4734 I [CT]    : -------------
05-05 14:03:11.577   715  4734 I [CT]    : 
05-05 14:03:11.577   715  4734 I [CT]    : Reporter #1 (InsideOutHealthMonitor) summary:
05-05 14:03:11.577   715  4734 I [CT]    : Camera: Total Dropped: 0.000000, Total Frame Count: 605 (0.000000%), Camera Reset Count: 0
05-05 14:03:11.577   715  4734 I [CT]    : Camera: Total Single Camera Frame Dropped: 0, Total Frame Count: 605 (0.000000%)
05-05 14:03:11.577   715  4734 I [CT]    : IMU: Total Dropped: 0.000000, Total Sample Count: 24433 (0.000000%)
05-05 14:03:11.577   715  4734 I [CT]    : Magnetometer: Total Dropped: 0.000000, Total Sample Count: 734 (0.000000%)
05-05 14:03:11.577   715  4734 I [CT]    : 
05-05 14:03:11.577   715  4734 I [CT]    : Reporter #1 (InsideOutHealthMonitor) Passed
05-05 14:03:11.577   715  4734 I [CT]    : --------------------------------------------------
05-05 14:03:11.577   715  4734 I [CT]    : Reporter #2 (ConstellationHealthMonitor) summary:
05-05 14:03:11.577   715  4734 I [CT]    : Camera: Total Dropped: 0.000000, Total Frame Count: 605 (0.000000%), Camera Reset Count: 1
05-05 14:03:11.577   715  4734 I [CT]    : Camera: Total Single Camera Frame Dropped: 0, Total Frame Count: 605 (0.000000%)
05-05 14:03:11.577   715  4734 I [CT]    : Controller 7745273921483883046:
05-05 14:03:11.577   715  4734 I [CT]    : IMU: Capture period exceeded threshold.  Largest period: 2.132704 sec
05-05 14:03:11.577   715  4734 I [CT]    : Controllers may have been sleeping
05-05 14:03:11.577   715  4734 I [CT]    : IMU: Total Dropped: 0.000000, Total Sample Count: 11216.800500 (0.000000%)
05-05 14:03:11.577   715  4734 I [CT]    : Controller 4212769887286730484:
05-05 14:03:11.577   715  4734 I [CT]    : IMU: C
05-05 14:03:11.940  4590  4885 I VrApi   : FPS=55,Prd=44ms,Tear=0,Early=0,Stale=47,VSnc=1,Lat=1,Fov=0,CPU4/GPU=4/5,2304/670MHz,OC=FF,TA=0/E0/E0,SP=N/F/F,Mem=1804MHz,Free=1364MB,PSM=0,PLS=0,Temp=30.0C/0.0C,TW=1.23ms,App=13.66ms,GD=0.00ms,CPU&GPU=27.94ms,LCnt=1,GPU%=0.91,CPU%=0.23(W0.30),DSF=1.00
05-05 14:03:12.429   715  4733 I [CT]    : MANAGEMENT:CONSTELLATION: Status=GREEN,, Obj=7745273921483883046,6DOF=1,FusJit=0.001mm,Issues(Cam/min=  0,IMU/min=0), Obj=4212769887286730484,6DOF=1 (estimated),Issues(Cam/min=  0,IMU/min=0)
05-05 14:03:12.579   715  4734 I [CT]    : VIPER:MAP_MANAGER: State: TRACKING_PERSISTENT, UUID=d18585e8-d288-4997-b6ff-78495c7eed6a, Num. Persistent maps = 1,  Persistent maps:d18585e8-d288-4997-b6ff-78495c7eed6a,, Ser. Disabled = 00000000-0000-0000-0000-000000000000
05-05 14:03:12.619   715  4734 I [CT]    : VIPER: Status=6DoF,TRACKING,KF=147,Inl=359,Pts=434,Jit=0.2mm,Issues(Cam/min=0.0,IMU/min=0.0),Exp=(5.9ms,g=5.0,I=71)(5.5ms,g=3.0,I=68)(5.9ms,g=5.0,I=66)(5.7ms,g=3.0,I=69)
05-05 14:03:12.941  4590  4885 I VrApi   : FPS=71,Prd=45ms,Tear=0,Early=0,Stale=10,VSnc=1,Lat=1,Fov=0,CPU4/GPU=4/4,2304/670MHz,OC=FF,TA=0/E0/E0,SP=N/F/F,Mem=1804MHz,Free=1364MB,PSM=0,PLS=0,Temp=30.0C/0.0C,TW=1.25ms,App=13.29ms,GD=0.00ms,CPU&GPU=16.43ms,LCnt=1,GPU%=0.97,CPU%=0.26(W0.35),DSF=1.00
05-05 14:03:13.102  2121  4751 I TimeWarp: UpdateClockLevels: Apply pending clock request change: 4,4 -> 3,4
05-05 14:03:13.102  2121  4745 I Clocks  : ReleaseClocks - start
05-05 14:03:13.103   719  2791 D         : CPU_CLUSTER_0: No client requests exists, release clocks
05-05 14:03:13.103   719  2791 D         : CPU_CLUSTER_1: No client requests exists, release clocks
05-05 14:03:13.103   719  2791 D         : GPU: No client requests exists, release clocks
05-05 14:03:13.103   719  2791 D         : CPUBW: No client requests exists, release clocks
05-05 14:03:13.104  2121  4745 I Clocks  : ReleaseClocks - end (1.8 ms)
05-05 14:03:13.104  2121  4745 I Clocks  : LockClocks( cpu=3, gpu=4 ) - start
05-05 14:03:13.104  2121  4745 I Clocks  : CPU levels [0, 4]
05-05 14:03:13.105  2121  4745 I Clocks  : GPU levels [0, 5]
05-05 14:03:13.105   719   719 D         : CPU_CLUSTER_0: Client 2121 sends freq request [21, 21]
05-05 14:03:13.105   719   719 D         : CPU_CLUSTER_0: Next Perf Level = (21, 21)
05-05 14:03:13.105   719   719 D         : CPU_CLUSTER_1: Client 2121 sends freq request [22, 22]
05-05 14:03:13.105   719   719 D         : CPU_CLUSTER_1: Next Perf Level = (22, 22)
05-05 14:03:13.105   719   719 D         : CPUBW: Client 2121 sends freq request [8, 11]
05-05 14:03:13.105   719   719 D         : CPUBW: Next Perf Level = (8, 11)
05-05 14:03:13.106   719   719 D         : GPU: Client 2121 sends freq request [6, 6]
05-05 14:03:13.106   719   719 D         : GPU: Next Perf Level = (6, 6)
05-05 14:03:13.106  2121  4745 I Clocks  : LockClocks( cpu=3, gpu=4 ) - end (1.6 ms)
05-05 14:03:13.935  4590  4885 I VrApi   : FPS=72,Prd=45ms,Tear=0,Early=0,Stale=0,VSnc=1,Lat=1,Fov=0,CPU4/GPU=4/4,1958/670MHz,OC=FF,TA=0/E0/E0,SP=N/F/F,Mem=1804MHz,Free=1364MB,PSM=0,PLS=0,Temp=30.0C/0.0C,TW=1.28ms,App=13.32ms,GD=0.00ms,CPU&GPU=16.57ms,LCnt=1,GPU%=0.93,CPU%=0.28(W0.35),DSF=1.00
05-05 14:03:14.939  4590  4885 I VrApi   : FPS=72,Prd=45ms,Tear=0,Early=0,Stale=0,VSnc=1,Lat=1,Fov=0,CPU4/GPU=3/4,1958/670MHz,OC=FF,TA=0/E0/E0,SP=N/F/F,Mem=1804MHz,Free=1365MB,PSM=0,PLS=0,Temp=30.0C/0.0C,TW=1.26ms,App=14.07ms,GD=0.00ms,CPU&GPU=17.20ms,LCnt=1,GPU%=0.99,CPU%=0.26(W0.37),DSF=1.00
05-05 14:03:15.107  2121  4751 I TimeWarp: UpdateClockLevels: Apply pending clock request change: 3,4 -> 2,4
05-05 14:03:15.107  2121  4745 I Clocks  : ReleaseClocks - start
05-05 14:03:15.108   719  2188 D         : CPU_CLUSTER_0: No client requests exists, release clocks
05-05 14:03:15.108   719  2188 D         : CPU_CLUSTER_1: No client requests exists, release clocks
05-05 14:03:15.108   719  2188 D         : GPU: No client requests exists, release clocks
05-05 14:03:15.108   719  2188 D         : CPUBW: No client requests exists, release clocks
05-05 14:03:15.109  2121  4745 I Clocks  : ReleaseClocks - end (2.1 ms)
05-05 14:03:15.109  2121  4745 I Clocks  : LockClocks( cpu=2, gpu=4 ) - start
05-05 14:03:15.111  2121  4745 I Clocks  : CPU levels [0, 4]
05-05 14:03:15.111  2121  4745 I Clocks  : GPU levels [0, 5]
05-05 14:03:15.111   719   819 D         : CPU_CLUSTER_0: Client 2121 sends freq request [21, 21]
05-05 14:03:15.111   719   819 D         : CPU_CLUSTER_0: Next Perf Level = (21, 21)
05-05 14:03:15.111   719   819 D         : CPU_CLUSTER_1: Client 2121 sends freq request [18, 18]
05-05 14:03:15.111   719   819 D         : CPU_CLUSTER_1: Next Perf Level = (18, 18)
05-05 14:03:15.111   719   819 D         : CPUBW: Client 2121 sends freq request [8, 11]
05-05 14:03:15.111   719   819 D         : CPUBW: Next Perf Level = (8, 11)
05-05 14:03:15.111   719   819 D         : GPU: Client 2121 sends freq request [6, 6]
05-05 14:03:15.111   719   819 D         : GPU: Next Perf Level = (6, 6)
05-05 14:03:15.112  2121  4745 I Clocks  : LockClocks( cpu=2, gpu=4 ) - end (2.1 ms)
05-05 14:03:15.938  4590  4885 I VrApi   : FPS=70,Prd=44ms,Tear=0,Early=0,Stale=6,VSnc=1,Lat=1,Fov=0,CPU4/GPU=3/4,1651/670MHz,OC=FF,TA=0/E0/E0,SP=N/F/F,Mem=1804MHz,Free=1364MB,PSM=0,PLS=0,Temp=30.0C/0.0C,TW=1.26ms,App=14.10ms,GD=0.00ms,CPU&GPU=22.28ms,LCnt=1,GPU%=0.99,CPU%=0.25(W0.35),DSF=1.00
05-05 14:03:16.030   715  4733 I [CT]    : MANAGEMENT:CONSTELLATION: Status=GREEN,, Obj=7745273921483883046,6DOF=1,FusJit=0.01mm,Issues(Cam/min=  0,IMU/min=0), Obj=4212769887286730484,6DOF=1 (estimated),Issues(Cam/min=  0,IMU/min=0)
05-05 14:03:16.177   715  4734 I [CT]    : VIPER:MAP_MANAGER: State: TRACKING_PERSISTENT, UUID=d18585e8-d288-4997-b6ff-78495c7eed6a, Num. Persistent maps = 1,  Persistent maps:d18585e8-d288-4997-b6ff-78495c7eed6a,, Ser. Disabled = 00000000-0000-0000-0000-000000000000
05-05 14:03:16.218   715  4734 I [CT]    : VIPER: Status=6DoF,TRACKING,KF=146,Inl=283,Pts=434,Jit=0.2mm,Issues(Cam/min=0.0,IMU/min=0.0),Exp=(6.0ms,g=7.0,I=70)(5.6ms,g=4.0,I=68)(6.0ms,g=7.0,I=72)(4.5ms,g=4.0,I=69)
05-05 14:03:16.935  4590  4885 I VrApi   : FPS=71,Prd=44ms,Tear=0,Early=0,Stale=3,VSnc=1,Lat=1,Fov=0,CPU4/GPU=2/4,1651/670MHz,OC=FF,TA=0/E0/E0,SP=N/F/F,Mem=1804MHz,Free=1364MB,PSM=0,PLS=0,Temp=30.0C/0.0C,TW=1.23ms,App=14.05ms,GD=0.00ms,CPU&GPU=22.44ms,LCnt=1,GPU%=0.98,CPU%=0.22(W0.39),DSF=1.00
05-05 14:03:17.091   715  4666 I [CT]    : boltlib: DSP utilization(%): 15
05-05 14:03:17.581   715  4734 I [CT]    : HealthReport: ==================================================
05-05 14:03:17.581   715  4734 I [CT]    : Health Report
05-05 14:03:17.581   715  4734 I [CT]    : -------------
05-05 14:03:17.581   715  4734 I [CT]    : 
05-05 14:03:17.581   715  4734 I [CT]    : Reporter #1 (InsideOutHealthMonitor) summary:
05-05 14:03:17.581   715  4734 I [CT]    : Camera: Total Dropped: 0.000000, Total Frame Count: 755 (0.000000%), Camera Reset Count: 0
05-05 14:03:17.581   715  4734 I [CT]    : Camera: Total Single Camera Frame Dropped: 0, Total Frame Count: 755 (0.000000%)
05-05 14:03:17.581   715  4734 I [CT]    : IMU: Total Dropped: 0.000000, Total Sample Count: 30438 (0.000000%)
05-05 14:03:17.581   715  4734 I [CT]    : Magnetometer: Total Dropped: 0.000000, Total Sample Count: 914 (0.000000%)
05-05 14:03:17.581   715  4734 I [CT]    : 
05-05 14:03:17.581   715  4734 I [CT]    : Reporter #1 (InsideOutHealthMonitor) Passed
05-05 14:03:17.581   715  4734 I [CT]    : --------------------------------------------------
05-05 14:03:17.581   715  4734 I [CT]    : Reporter #2 (ConstellationHealthMonitor) summary:
05-05 14:03:17.581   715  4734 I [CT]    : Camera: Total Dropped: 0.000000, Total Frame Count: 756 (0.000000%), Camera Reset Count: 1
05-05 14:03:17.581   715  4734 I [CT]    : Camera: Total Single Camera Frame Dropped: 0, Total Frame Count: 756 (0.000000%)
05-05 14:03:17.581   715  4734 I [CT]    : Controller 7745273921483883046:
05-05 14:03:17.581   715  4734 I [CT]    : IMU: Capture period exceeded threshold.  Largest period: 2.132704 sec
05-05 14:03:17.581   715  4734 I [CT]    : Controllers may have been sleeping
05-05 14:03:17.581   715  4734 I [CT]    : IMU: Total Dropped: 0.000000, Total Sample Count: 14218.021500 (0.000000%)
05-05 14:03:17.581   715  4734 I [CT]    : Controller 4212769887286730484:
05-05 14:03:17.581   715  4734 I [CT]    : IMU: C
05-05 14:03:17.937  4590  4885 I VrApi   : FPS=71,Prd=44ms,Tear=0,Early=0,Stale=3,VSnc=1,Lat=1,Fov=0,CPU4/GPU=2/4,1651/670MHz,OC=FF,TA=0/E0/E0,SP=N/F/F,Mem=1804MHz,Free=1364MB,PSM=0,PLS=0,Temp=30.0C/0.0C,TW=1.23ms,App=13.51ms,GD=0.00ms,CPU&GPU=20.16ms,LCnt=1,GPU%=0.96,CPU%=0.27(W0.33),DSF=1.00
05-05 14:03:19.259  4590  4885 I Telemetry: App memory usage: PSS=727MB DalvikPSS=2 MB
05-05 14:03:19.260  4590  4885 I VrApi   : FPS=72,Prd=45ms,Tear=0,Early=0,Stale=0,VSnc=1,Lat=1,Fov=0,CPU4/GPU=2/4,1651/670MHz,OC=FF,TA=0/E0/E0,SP=N/F/F,Mem=1804MHz,Free=1364MB,PSM=0,PLS=0,Temp=30.0C/0.0C,TW=1.26ms,App=14.50ms,GD=0.00ms,CPU&GPU=17.04ms,LCnt=1,GPU%=0.93,CPU%=0.29(W0.36),DSF=1.00
05-05 14:03:19.630   715  4733 I [CT]    : MANAGEMENT:CONSTELLATION: Status=GREEN,, Obj=7745273921483883046,6DOF=1,FusJit=0.005mm,Issues(Cam/min=  0,IMU/min=0), Obj=4212769887286730484,6DOF=1 (estimated),Issues(Cam/min=  0,IMU/min=0)
05-05 14:03:19.776   715  4734 I [CT]    : VIPER:MAP_MANAGER: State: TRACKING_PERSISTENT, UUID=d18585e8-d288-4997-b6ff-78495c7eed6a, Num. Persistent maps = 1,  Persistent maps:d18585e8-d288-4997-b6ff-78495c7eed6a,, Ser. Disabled = 00000000-0000-0000-0000-000000000000
05-05 14:03:19.807  4590  4609 D UE4     : [GameActivity] Used memory: 745202
05-05 14:03:19.817   715  4734 I [CT]    : VIPER: Status=6DoF,TRACKING,KF=146,Inl=249,Pts=434,Jit=0.2mm,Issues(Cam/min=0.0,IMU/min=0.0),Exp=(5.7ms,g=6.0,I=66)(5.2ms,g=4.0,I=68)(5.7ms,g=6.0,I=77)(4.3ms,g=3.0,I=70)
05-05 14:03:19.938  4590  4885 I VrApi   : FPS=72,Prd=45ms,Tear=0,Early=0,Stale=0,VSnc=1,Lat=1,Fov=0,CPU4/GPU=2/4,1651/670MHz,OC=FF,TA=0/E0/E0,SP=N/F/F,Mem=1804MHz,Free=1362MB,PSM=0,PLS=0,Temp=30.0C/0.0C,TW=1.28ms,App=13.35ms,GD=0.00ms,CPU&GPU=17.48ms,LCnt=1,GPU%=0.96,CPU%=0.33(W0.40),DSF=1.00
05-05 14:03:20.935  4590  4885 I VrApi   : FPS=72,Prd=44ms,Tear=0,Early=0,Stale=0,VSnc=1,Lat=1,Fov=0,CPU4/GPU=2/4,1651/670MHz,OC=FF,TA=0/E0/E0,SP=N/F/F,Mem=1804MHz,Free=1364MB,PSM=0,PLS=0,Temp=30.0C/0.0C,TW=1.26ms,App=13.94ms,GD=0.00ms,CPU&GPU=18.18ms,LCnt=1,GPU%=0.97,CPU%=0.33(W0.43),DSF=1.00
05-05 14:03:21.075  1765  4943 I FbnsPushNotificationHandler: {"persisted_id":"","ndid":"5e4948e7-2380-41d0-a996-162f7d536fdfG5a4e5257072adG5d2d6f062f27G1fc0","extra_data":"{\"user_with_updated_status\":\"102449717587751\",\"presence\":\"Home | Quest\",\"app_id\":1481000308606657,\"friend_display_name\":\"Pau Fenollosa\"}","PushNotifID":"5e4948e7-2380-41d0-a996-162f7d536fdf"}
05-05 14:03:21.075  1765  4943 I NotificationReceiver: oculus_user_status
05-05 14:03:21.080  1765  4943 I NotificationReceiver: Notification cannot be toasted without a message. Hiding notif
05-05 14:03:21.939  4590  4885 I VrApi   : FPS=72,Prd=44ms,Tear=0,Early=0,Stale=0,VSnc=1,Lat=1,Fov=0,CPU4/GPU=2/4,1651/670MHz,OC=FF,TA=0/E0/E0,SP=N/F/F,Mem=1804MHz,Free=1362MB,PSM=0,PLS=0,Temp=30.0C/0.0C,TW=1.24ms,App=13.06ms,GD=0.00ms,CPU&GPU=18.14ms,LCnt=1,GPU%=0.98,CPU%=0.32(W0.35),DSF=1.00
05-05 14:03:22.936  4590  4885 I VrApi   : FPS=72,Prd=44ms,Tear=0,Early=0,Stale=0,VSnc=1,Lat=1,Fov=0,CPU4/GPU=2/4,1651/670MHz,OC=FF,TA=0/E0/E0,SP=N/F/F,Mem=1804MHz,Free=1363MB,PSM=0,PLS=0,Temp=30.0C/0.0C,TW=1.22ms,App=13.13ms,GD=0.00ms,CPU&GPU=21.30ms,LCnt=1,GPU%=0.95,CPU%=0.27(W0.45),DSF=1.00
05-05 14:03:23.091   715  4666 I [CT]    : boltlib: DSP utilization(%): 15
05-05 14:03:23.230   715  4733 I [CT]    : MANAGEMENT:CONSTELLATION: Status=GREEN,, Obj=7745273921483883046,6DOF=1,FusJit=0.004mm,Issues(Cam/min=  0,IMU/min=0), Obj=4212769887286730484,6DOF=1 (estimated),Issues(Cam/min=  0,IMU/min=0)
05-05 14:03:23.378   715  4734 I [CT]    : VIPER:MAP_MANAGER: State: TRACKING_PERSISTENT, UUID=d18585e8-d288-4997-b6ff-78495c7eed6a, Num. Persistent maps = 1,  Persistent maps:d18585e8-d288-4997-b6ff-78495c7eed6a,, Ser. Disabled = 00000000-0000-0000-0000-000000000000
05-05 14:03:23.419   715  4734 I [CT]    : VIPER: Status=6DoF,TRACKING,KF=146,Inl=313,Pts=434,Jit=0.4mm,Issues(Cam/min=0.0,IMU/min=0.0),Exp=(6.3ms,g=6.0,I=81)(5.3ms,g=2.0,I=67)(6.3ms,g=6.0,I=62)(5.9ms,g=4.0,I=70)
05-05 14:03:23.579   715  4734 I [CT]    : HealthReport: ==================================================
05-05 14:03:23.579   715  4734 I [CT]    : Health Report
05-05 14:03:23.579   715  4734 I [CT]    : -------------
05-05 14:03:23.579   715  4734 I [CT]    : 
05-05 14:03:23.579   715  4734 I [CT]    : Reporter #1 (InsideOutHealthMonitor) summary:
05-05 14:03:23.579   715  4734 I [CT]    : Camera: Total Dropped: 0.000000, Total Frame Count: 905 (0.000000%), Camera Reset Count: 0
05-05 14:03:23.579   715  4734 I [CT]    : Camera: Total Single Camera Frame Dropped: 0, Total Frame Count: 905 (0.000000%)
05-05 14:03:23.579   715  4734 I [CT]    : IMU: Total Dropped: 0.000000, Total Sample Count: 36435 (0.000000%)
05-05 14:03:23.579   715  4734 I [CT]    : Magnetometer: Total Dropped: 0.000000, Total Sample Count: 1094 (0.000000%)
05-05 14:03:23.579   715  4734 I [CT]    : 
05-05 14:03:23.579   715  4734 I [CT]    : Reporter #1 (InsideOutHealthMonitor) Passed
05-05 14:03:23.579   715  4734 I [CT]    : --------------------------------------------------
05-05 14:03:23.579   715  4734 I [CT]    : Reporter #2 (ConstellationHealthMonitor) summary:
05-05 14:03:23.579   715  4734 I [CT]    : Camera: Total Dropped: 0.000000, Total Frame Count: 905 (0.000000%), Camera Reset Count: 1
05-05 14:03:23.579   715  4734 I [CT]    : Camera: Total Single Camera Frame Dropped: 0, Total Frame Count: 905 (0.000000%)
05-05 14:03:23.579   715  4734 I [CT]    : Controller 7745273921483883046:
05-05 14:03:23.579   715  4734 I [CT]    : IMU: Capture period exceeded threshold.  Largest period: 2.132704 sec
05-05 14:03:23.579   715  4734 I [CT]    : Controllers may have been sleeping
05-05 14:03:23.579   715  4734 I [CT]    : IMU: Total Dropped: 0.000000, Total Sample Count: 17217.251000 (0.000000%)
05-05 14:03:23.579   715  4734 I [CT]    : Controller 4212769887286730484:
05-05 14:03:23.579   715  4734 I [CT]    : IMU: 
05-05 14:03:23.938  4590  4885 I VrApi   : FPS=67,Prd=45ms,Tear=0,Early=0,Stale=6,VSnc=1,Lat=1,Fov=0,CPU4/GPU=2/4,1651/670MHz,OC=FF,TA=0/E0/E0,SP=N/F/F,Mem=1804MHz,Free=1360MB,PSM=0,PLS=0,Temp=30.0C/0.0C,TW=1.24ms,App=13.27ms,GD=0.00ms,CPU&GPU=20.68ms,LCnt=1,GPU%=0.97,CPU%=0.27(W0.33),DSF=1.00
05-05 14:03:24.091  2644  2706 I RCTVRNET: Request complete: time=3003 name=OCRelayNetwork_ExploreWidgetsQueryRendererRefetchQuery docid=3281481848536696 traceid=AEOPXyFsXob code=200
05-05 14:03:24.091  2644  2692 I RCTVR   : JavaScript[0xd0b237e0], Avg 427.766617490498618, Max 571352.412602999946, MaxInLast 304110.85901600006
05-05 14:03:24.091  2644  2692 I RCTVR_HERMES: Hermes Mem: numCollections 52, allocatedBytes 9377219, heapSize 18460240, va 16777216
05-05 14:03:24.937  4590  4885 I VrApi   : FPS=71,Prd=44ms,Tear=0,Early=0,Stale=6,VSnc=1,Lat=1,Fov=0,CPU4/GPU=2/4,1651/670MHz,OC=FF,TA=0/E0/E0,SP=N/F/F,Mem=1804MHz,Free=1362MB,PSM=0,PLS=0,Temp=30.0C/0.0C,TW=1.27ms,App=13.01ms,GD=0.00ms,CPU&GPU=20.27ms,LCnt=1,GPU%=0.94,CPU%=0.34(W0.40),DSF=1.00
05-05 14:03:25.936  4590  4885 I VrApi   : FPS=72,Prd=45ms,Tear=0,Early=0,Stale=0,VSnc=1,Lat=1,Fov=0,CPU4/GPU=2/4,1651/670MHz,OC=FF,TA=0/E0/E0,SP=N/F/F,Mem=1804MHz,Free=1359MB,PSM=0,PLS=0,Temp=30.0C/0.0C,TW=1.28ms,App=13.12ms,GD=0.00ms,CPU&GPU=17.05ms,LCnt=1,GPU%=0.94,CPU%=0.36(W0.41),DSF=1.00
05-05 14:03:26.831   715  4733 I [CT]    : MANAGEMENT:CONSTELLATION: Status=GREEN,, Obj=7745273921483883046,6DOF=1,FusJit=0.004mm,Issues(Cam/min=  0,IMU/min=0), Obj=4212769887286730484,6DOF=1 (estimated),Issues(Cam/min=  0,IMU/min=0)
05-05 14:03:26.937  4590  4885 I VrApi   : FPS=72,Prd=45ms,Tear=0,Early=0,Stale=0,VSnc=1,Lat=1,Fov=0,CPU4/GPU=2/4,1651/670MHz,OC=FF,TA=0/E0/E0,SP=N/F/F,Mem=1804MHz,Free=1363MB,PSM=0,PLS=0,Temp=30.0C/0.0C,TW=1.26ms,App=12.92ms,GD=0.00ms,CPU&GPU=17.27ms,LCnt=1,GPU%=0.99,CPU%=0.29(W0.38),DSF=1.00
05-05 14:03:26.980   715  4734 I [CT]    : VIPER:MAP_MANAGER: State: TRACKING_PERSISTENT, UUID=d18585e8-d288-4997-b6ff-78495c7eed6a, Num. Persistent maps = 1,  Persistent maps:d18585e8-d288-4997-b6ff-78495c7eed6a,, Ser. Disabled = 00000000-0000-0000-0000-000000000000
05-05 14:03:27.020   715  4734 I [CT]    : VIPER: Status=6DoF,TRACKING,KF=146,Inl=341,Pts=434,Jit=0.4mm,Issues(Cam/min=0.0,IMU/min=0.0),Exp=(5.9ms,g=6.0,I=79)(5.4ms,g=2.0,I=68)(5.9ms,g=6.0,I=60)(5.6ms,g=4.0,I=67)
05-05 14:03:27.597  2129  2185 I GuardianSystem: UpdateGuardianSystemState: Flags changed: 524288, 532480
05-05 14:03:27.630  2129  2375 W VrApi   : ovr_SubmitFrameInternal: FrameIndex discontinuity: Expected 9134, Received 9637
05-05 14:03:27.833  2121  4751 I TimeWarp: UpdateClockLevels: Apply pending clock request change: 2,4 -> 2,5
05-05 14:03:27.834  2121  4745 I Clocks  : ReleaseClocks - start
05-05 14:03:27.834   719  2188 D         : CPU_CLUSTER_0: No client requests exists, release clocks
05-05 14:03:27.834   719  2188 D         : CPU_CLUSTER_1: No client requests exists, release clocks
05-05 14:03:27.834   719  2188 D         : GPU: No client requests exists, release clocks
05-05 14:03:27.834   719  2188 D         : CPUBW: No client requests exists, release clocks
05-05 14:03:27.835  2121  4745 I Clocks  : ReleaseClocks - end (1.3 ms)
05-05 14:03:27.835  2121  4745 I Clocks  : LockClocks( cpu=2, gpu=5 ) - start
05-05 14:03:27.836  2121  4745 I Clocks  : CPU levels [0, 4]
05-05 14:03:27.836  2121  4745 I Clocks  : GPU levels [0, 5]
05-05 14:03:27.836   719  2043 D         : CPU_CLUSTER_0: Client 2121 sends freq request [21, 21]
05-05 14:03:27.836   719  2043 D         : CPU_CLUSTER_0: Next Perf Level = (21, 21)
05-05 14:03:27.836   719  2043 D         : CPU_CLUSTER_1: Client 2121 sends freq request [18, 18]
05-05 14:03:27.836   719  2043 D         : CPU_CLUSTER_1: Next Perf Level = (18, 18)
05-05 14:03:27.836   719  2043 D         : CPUBW: Client 2121 sends freq request [8, 11]
05-05 14:03:27.836   719  2043 D         : CPUBW: Next Perf Level = (8, 11)
05-05 14:03:27.836   719  2043 D         : GPU: Client 2121 sends freq request [7, 7]
05-05 14:03:27.836   719  2043 D         : GPU: Next Perf Level = (7, 7)
05-05 14:03:27.837  2121  4745 I Clocks  : LockClocks( cpu=2, gpu=5 ) - end (1.7 ms)
05-05 14:03:27.847  2121  4751 I TimeWarp: UpdateClockLevels: Apply pending clock request change: 2,5 -> 3,5
05-05 14:03:27.847  2121  4745 I Clocks  : ReleaseClocks - start
05-05 14:03:27.848   719  2791 D         : CPU_CLUSTER_0: No client requests exists, release clocks
05-05 14:03:27.848   719  2791 D         : CPU_CLUSTER_1: No client requests exists, release clocks
05-05 14:03:27.848   719  2791 D         : GPU: No client requests exists, release clocks
05-05 14:03:27.848   719  2791 D         : CPUBW: No client requests exists, release clocks
05-05 14:03:27.849  2121  4745 I Clocks  : ReleaseClocks - end (1.3 ms)
05-05 14:03:27.849  2121  4745 I Clocks  : LockClocks( cpu=3, gpu=5 ) - start
05-05 14:03:27.849  2121  4745 I Clocks  : CPU levels [0, 4]
05-05 14:03:27.849  2121  4745 I Clocks  : GPU levels [0, 5]
05-05 14:03:27.850   719   819 D         : CPU_CLUSTER_0: Client 2121 sends freq request [21, 21]
05-05 14:03:27.850   719   819 D         : CPU_CLUSTER_0: Next Perf Level = (21, 21)
05-05 14:03:27.850   719   819 D         : CPU_CLUSTER_1: Client 2121 sends freq request [22, 22]
05-05 14:03:27.850   719   819 D         : CPU_CLUSTER_1: Next Perf Level = (22, 22)
05-05 14:03:27.850   719   819 D         : CPUBW: Client 2121 sends freq request [8, 11]
05-05 14:03:27.850   719   819 D         : CPUBW: Next Perf Level = (8, 11)
05-05 14:03:27.850   719   819 D         : GPU: Client 2121 sends freq request [7, 7]
05-05 14:03:27.850   719   819 D         : GPU: Next Perf Level = (7, 7)
05-05 14:03:27.851  2121  4745 I Clocks  : LockClocks( cpu=3, gpu=5 ) - end (1.8 ms)
05-05 14:03:27.935  4590  4885 I VrApi   : FPS=72,Prd=44ms,Tear=0,Early=0,Stale=0,VSnc=1,Lat=1,Fov=0,CPU4/GPU=2/4,1958/710MHz,OC=FF,TA=0/E0/E0,SP=N/F/F,Mem=1804MHz,Free=1363MB,PSM=0,PLS=0,Temp=30.0C/0.0C,TW=1.25ms,App=14.54ms,GD=0.00ms,CPU&GPU=20.26ms,LCnt=1,GPU%=0.97,CPU%=0.33(W0.38),DSF=1.00
05-05 14:03:28.229  2129  2185 I GuardianSystem: UpdateGuardianSystemState: Flags changed: 532480, 524288
05-05 14:03:28.349  2121  4751 I TimeWarp: UpdateClockLevels: Apply pending clock request change: 3,5 -> 4,5
05-05 14:03:28.349  2121  4745 I Clocks  : ReleaseClocks - start
05-05 14:03:28.349   719   819 D         : CPU_CLUSTER_0: No client requests exists, release clocks
05-05 14:03:28.349   719   819 D         : CPU_CLUSTER_1: No client requests exists, release clocks
05-05 14:03:28.350   719   819 D         : GPU: No client requests exists, release clocks
05-05 14:03:28.350   719   819 D         : CPUBW: No client requests exists, release clocks
05-05 14:03:28.351  2121  4745 I Clocks  : ReleaseClocks - end (1.8 ms)
05-05 14:03:28.351  2121  4745 I Clocks  : LockClocks( cpu=4, gpu=5 ) - start
05-05 14:03:28.351  2121  4745 I Clocks  : CPU levels [0, 4]
05-05 14:03:28.351  2121  4745 I Clocks  : GPU levels [0, 5]
05-05 14:03:28.351   719  2043 D         : CPU_CLUSTER_0: Client 2121 sends freq request [21, 21]
05-05 14:03:28.351   719  2043 D         : CPU_CLUSTER_0: Next Perf Level = (21, 21)
05-05 14:03:28.351   719  2043 D         : CPU_CLUSTER_1: Client 2121 sends freq request [26, 26]
05-05 14:03:28.351   719  2043 D         : CPU_CLUSTER_1: Next Perf Level = (26, 26)
05-05 14:03:28.352   719  2043 D         : CPUBW: Client 2121 sends freq request [8, 11]
05-05 14:03:28.352   719  2043 D         : CPUBW: Next Perf Level = (8, 11)
05-05 14:03:28.352   719  2043 D         : GPU: Client 2121 sends freq request [7, 7]
05-05 14:03:28.352   719  2043 D         : GPU: Next Perf Level = (7, 7)
05-05 14:03:28.352  2121  4745 I Clocks  : LockClocks( cpu=4, gpu=5 ) - end (1.4 ms)
05-05 14:03:28.529  2121  4751 I TimeWarp: UpdateClockLevels: Apply pending clock request change: 4,5 -> 4,4
05-05 14:03:28.530  2121  4745 I Clocks  : ReleaseClocks - start
05-05 14:03:28.531   719  2791 D         : CPU_CLUSTER_0: No client requests exists, release clocks
05-05 14:03:28.531   719  2791 D         : CPU_CLUSTER_1: No client requests exists, release clocks
05-05 14:03:28.531   719  2791 D         : GPU: No client requests exists, release clocks
05-05 14:03:28.531   719  2791 D         : CPUBW: No client requests exists, release clocks
05-05 14:03:28.531  2121  4745 I Clocks  : ReleaseClocks - end (1.5 ms)
05-05 14:03:28.531  2121  4745 I Clocks  : LockClocks( cpu=4, gpu=4 ) - start
05-05 14:03:28.532  2121  4745 I Clocks  : CPU levels [0, 4]
05-05 14:03:28.532  2121  4745 I Clocks  : GPU levels [0, 5]
05-05 14:03:28.532   719  2188 D         : CPU_CLUSTER_0: Client 2121 sends freq request [21, 21]
05-05 14:03:28.532   719  2188 D         : CPU_CLUSTER_0: Next Perf Level = (21, 21)
05-05 14:03:28.533   719  2188 D         : CPU_CLUSTER_1: Client 2121 sends freq request [26, 26]
05-05 14:03:28.533   719  2188 D         : CPU_CLUSTER_1: Next Perf Level = (26, 26)
05-05 14:03:28.533   719  2188 D         : CPUBW: Client 2121 sends freq request [8, 11]
05-05 14:03:28.533   719  2188 D         : CPUBW: Next Perf Level = (8, 11)
05-05 14:03:28.535   719  2188 D         : GPU: Client 2121 sends freq request [6, 6]
05-05 14:03:28.535   719  2188 D         : GPU: Next Perf Level = (6, 6)
05-05 14:03:28.536  2121  4745 I Clocks  : LockClocks( cpu=4, gpu=4 ) - end (4.7 ms)
05-05 14:03:28.937  4590  4885 I VrApi   : FPS=66,Prd=44ms,Tear=0,Early=0,Stale=8,VSnc=1,Lat=1,Fov=0,CPU4/GPU=2/4,2304/670MHz,OC=FF,TA=0/E0/E0,SP=N/F/F,Mem=1804MHz,Free=1363MB,PSM=0,PLS=0,Temp=30.0C/0.0C,TW=1.81ms,App=19.97ms,GD=3.20ms,CPU&GPU=24.35ms,LCnt=1,GPU%=0.96,CPU%=0.19(W0.21),DSF=1.00
05-05 14:03:29.126   715  4666 I [CT]    : boltlib: DSP utilization(%): 17
05-05 14:03:29.423  2129  4781 I Telemetry: App memory usage: PSS=57MB DalvikPSS=1 MB
05-05 14:03:29.581   715  4734 I [CT]    : HealthReport: ==================================================
05-05 14:03:29.581   715  4734 I [CT]    : Health Report
05-05 14:03:29.581   715  4734 I [CT]    : -------------
05-05 14:03:29.581   715  4734 I [CT]    : 
05-05 14:03:29.581   715  4734 I [CT]    : Reporter #1 (InsideOutHealthMonitor) summary:
05-05 14:03:29.581   715  4734 I [CT]    : Camera: Total Dropped: 0.000000, Total Frame Count: 1055 (0.000000%), Camera Reset Count: 0
05-05 14:03:29.581   715  4734 I [CT]    : Camera: Total Single Camera Frame Dropped: 0, Total Frame Count: 1055 (0.000000%)
05-05 14:03:29.581   715  4734 I [CT]    : IMU: Total Dropped: 0.000000, Total Sample Count: 42437 (0.000000%)
05-05 14:03:29.581   715  4734 I [CT]    : Magnetometer: Total Dropped: 0.000000, Total Sample Count: 1273 (0.000000%)
05-05 14:03:29.581   715  4734 I [CT]    : 
05-05 14:03:29.581   715  4734 I [CT]    : Reporter #1 (InsideOutHealthMonitor) Passed
05-05 14:03:29.581   715  4734 I [CT]    : --------------------------------------------------
05-05 14:03:29.581   715  4734 I [CT]    : Reporter #2 (ConstellationHealthMonitor) summary:
05-05 14:03:29.581   715  4734 I [CT]    : Camera: Total Dropped: 0.000000, Total Frame Count: 1056 (0.000000%), Camera Reset Count: 1
05-05 14:03:29.581   715  4734 I [CT]    : Camera: Total Single Camera Frame Dropped: 0, Total Frame Count: 1056 (0.000000%)
05-05 14:03:29.581   715  4734 I [CT]    : Controller 7745273921483883046:
05-05 14:03:29.581   715  4734 I [CT]    : IMU: Capture period exceeded threshold.  Largest period: 2.132704 sec
05-05 14:03:29.581   715  4734 I [CT]    : Controllers may have been sleeping
05-05 14:03:29.581   715  4734 I [CT]    : IMU: Total Dropped: 0.000000, Total Sample Count: 20218.484000 (0.000000%)
05-05 14:03:29.581   715  4734 I [CT]    : Controller 4212769887286730484:
05-05 14:03:29.581   715  4734 I [CT]    : I
05-05 14:03:29.732   715  4717 I [CT]    : L:Behavior:AtRest: deactivated
05-05 14:03:29.732   715  4717 I [CT]    : AdHocPatch: [Left] t = 42.716s, behavior transition: AtRest -> None at 42.766s
05-05 14:03:29.749  2129  2185 I GuardianSystem: UpdateGuardianSystemState: Flags changed: 524288, 532480
05-05 14:03:29.776  2129  2375 W VrApi   : ovr_SubmitFrameInternal: FrameIndex discontinuity: Expected 9681, Received 9727
05-05 14:03:29.936  4590  4885 I VrApi   : FPS=63,Prd=45ms,Tear=0,Early=0,Stale=39,VSnc=1,Lat=1,Fov=0,CPU4/GPU=4/4,2304/670MHz,OC=FF,TA=0/E0/E0,SP=N/F/F,Mem=1804MHz,Free=1362MB,PSM=0,PLS=0,Temp=30.0C/0.0C,TW=1.25ms,App=15.90ms,GD=0.00ms,CPU&GPU=23.14ms,LCnt=1,GPU%=0.97,CPU%=0.22(W0.29),DSF=1.00
05-05 14:03:30.026   715  4717 D TrackingService: [HANDTRACKING] Controller 3a76c3e46c301ef4 in hand: Y, valid: Y
05-05 14:03:30.180  4590  4609 D UE4     : [GameActivity] Used memory: 747650
05-05 14:03:30.339  2121  4751 I TimeWarp: UpdateClockLevels: Apply pending clock request change: 4,4 -> 4,5
05-05 14:03:30.340  2121  4745 I Clocks  : ReleaseClocks - start
05-05 14:03:30.340   719  2043 D         : CPU_CLUSTER_0: No client requests exists, release clocks
05-05 14:03:30.341   719  2043 D         : CPU_CLUSTER_1: No client requests exists, release clocks
05-05 14:03:30.341   719  2043 D         : GPU: No client requests exists, release clocks
05-05 14:03:30.342   719  2043 D         : CPUBW: No client requests exists, release clocks
05-05 14:03:30.342  2121  4745 I Clocks  : ReleaseClocks - end (2.7 ms)
05-05 14:03:30.343  2121  4745 I Clocks  : LockClocks( cpu=4, gpu=5 ) - start
05-05 14:03:30.343  2121  4745 I Clocks  : CPU levels [0, 4]
05-05 14:03:30.343  2121  4745 I Clocks  : GPU levels [0, 5]
05-05 14:03:30.344   719   719 D         : CPU_CLUSTER_0: Client 2121 sends freq request [21, 21]
05-05 14:03:30.344   719   719 D         : CPU_CLUSTER_0: Next Perf Level = (21, 21)
05-05 14:03:30.344   719   719 D         : CPU_CLUSTER_1: Client 2121 sends freq request [26, 26]
05-05 14:03:30.344   719   719 D         : CPU_CLUSTER_1: Next Perf Level = (26, 26)
05-05 14:03:30.344   719   719 D         : CPUBW: Client 2121 sends freq request [8, 11]
05-05 14:03:30.344   719   719 D         : CPUBW: Next Perf Level = (8, 11)
05-05 14:03:30.345   719   719 D         : GPU: Client 2121 sends freq request [7, 7]
05-05 14:03:30.345   719   719 D         : GPU: Next Perf Level = (7, 7)
05-05 14:03:30.345  2121  4745 I Clocks  : LockClocks( cpu=4, gpu=5 ) - end (2.2 ms)
05-05 14:03:30.431   715  4733 I [CT]    : MANAGEMENT:CONSTELLATION: Status=GREEN,, Obj=7745273921483883046,6DOF=1,FusJit=0.008mm,Issues(Cam/min=  0,IMU/min=0), Obj=4212769887286730484,6DOF=1,FusJit=0.0mm,Issues(Cam/min=  0,IMU/min=0)
05-05 14:03:30.580   715  4734 I [CT]    : VIPER:MAP_MANAGER: State: TRACKING_PERSISTENT, UUID=d18585e8-d288-4997-b6ff-78495c7eed6a, Num. Persistent maps = 1,  Persistent maps:d18585e8-d288-4997-b6ff-78495c7eed6a,, Ser. Disabled = 00000000-0000-0000-0000-000000000000
05-05 14:03:30.621   715  4734 I [CT]    : VIPER: Status=6DoF,TRACKING,KF=146,Inl=375,Pts=434,Jit=0.1mm,Issues(Cam/min=0.0,IMU/min=0.0),Exp=(6.5ms,g=6.0,I=77)(5.5ms,g=3.0,I=69)(6.5ms,g=6.0,I=64)(5.5ms,g=4.0,I=68)
05-05 14:03:30.630   715  4733 I [CT]    : CONSTELLATION: L: Detected static motion, applying constant pose priors.
05-05 14:03:30.688   715  4717 I [CT]    : L:Behavior:AtRest: activated
05-05 14:03:30.688   715  4717 I [CT]    : AdHocPatch: [Left] t = 43.673s, behavior transition: None -> AtRest at 43.723s
05-05 14:03:30.697  2129  2185 I GuardianSystem: UpdateGuardianSystemState: Flags changed: 532480, 524288
05-05 14:03:30.939  4590  4885 I VrApi   : FPS=62,Prd=45ms,Tear=0,Early=0,Stale=27,VSnc=1,Lat=1,Fov=0,CPU4/GPU=4/4,2304/710MHz,OC=FF,TA=0/E0/E0,SP=N/F/F,Mem=1804MHz,Free=1362MB,PSM=0,PLS=0,Temp=30.0C/0.0C,TW=1.82ms,App=21.48ms,GD=3.19ms,CPU&GPU=24.07ms,LCnt=1,GPU%=0.96,CPU%=0.16(W0.25),DSF=1.00
05-05 14:03:31.036  2121  4751 I TimeWarp: UpdateClockLevels: Apply pending clock request change: 4,5 -> 4,4
05-05 14:03:31.036  2121  4745 I Clocks  : ReleaseClocks - start
05-05 14:03:31.036   719  2791 D         : CPU_CLUSTER_0: No client requests exists, release clocks
05-05 14:03:31.036   719  2791 D         : CPU_CLUSTER_1: No client requests exists, release clocks
05-05 14:03:31.037   719  2791 D         : GPU: No client requests exists, release clocks
05-05 14:03:31.037   719  2791 D         : CPUBW: No client requests exists, release clocks
05-05 14:03:31.037  2121  4745 I Clocks  : ReleaseClocks - end (1.4 ms)
05-05 14:03:31.037  2121  4745 I Clocks  : LockClocks( cpu=4, gpu=4 ) - start
05-05 14:03:31.038  2121  4745 I Clocks  : CPU levels [0, 4]
05-05 14:03:31.038  2121  4745 I Clocks  : GPU levels [0, 5]
05-05 14:03:31.038   719  2043 D         : CPU_CLUSTER_0: Client 2121 sends freq request [21, 21]
05-05 14:03:31.038   719  2043 D         : CPU_CLUSTER_0: Next Perf Level = (21, 21)
05-05 14:03:31.039   719  2043 D         : CPU_CLUSTER_1: Client 2121 sends freq request [26, 26]
05-05 14:03:31.039   719  2043 D         : CPU_CLUSTER_1: Next Perf Level = (26, 26)
05-05 14:03:31.039   719  2043 D         : CPUBW: Client 2121 sends freq request [8, 11]
05-05 14:03:31.039   719  2043 D         : CPUBW: Next Perf Level = (8, 11)
05-05 14:03:31.039   719  2043 D         : GPU: Client 2121 sends freq request [6, 6]
05-05 14:03:31.039   719  2043 D         : GPU: Next Perf Level = (6, 6)
05-05 14:03:31.039  2121  4745 I Clocks  : LockClocks( cpu=4, gpu=4 ) - end (1.8 ms)
05-05 14:03:31.126   715  4717 D TrackingService: [HANDTRACKING] Controller 3a76c3e46c301ef4 in hand: N, valid: Y
05-05 14:03:31.939  4590  4885 I VrApi   : FPS=54,Prd=45ms,Tear=0,Early=0,Stale=54,VSnc=1,Lat=1,Fov=0,CPU4/GPU=4/5,2304/670MHz,OC=FF,TA=0/E0/E0,SP=N/F/F,Mem=1804MHz,Free=1362MB,PSM=0,PLS=0,Temp=30.0C/0.0C,TW=1.23ms,App=13.28ms,GD=0.00ms,CPU&GPU=28.35ms,LCnt=1,GPU%=0.94,CPU%=0.26(W0.33),DSF=1.00
05-05 14:03:32.936  4590  4885 I VrApi   : FPS=72,Prd=45ms,Tear=0,Early=0,Stale=3,VSnc=1,Lat=1,Fov=0,CPU4/GPU=4/4,2304/670MHz,OC=FF,TA=0/E0/E0,SP=N/F/F,Mem=1804MHz,Free=1362MB,PSM=0,PLS=0,Temp=30.0C/0.0C,TW=1.23ms,App=13.52ms,GD=0.00ms,CPU&GPU=16.95ms,LCnt=1,GPU%=0.97,CPU%=0.31(W0.41),DSF=1.00
05-05 14:03:33.041  2121  4751 I TimeWarp: UpdateClockLevels: Apply pending clock request change: 4,4 -> 3,4
05-05 14:03:33.041  2121  4745 I Clocks  : ReleaseClocks - start
05-05 14:03:33.042   719   719 D         : CPU_CLUSTER_0: No client requests exists, release clocks
05-05 14:03:33.042   719   719 D         : CPU_CLUSTER_1: No client requests exists, release clocks
05-05 14:03:33.043   719   719 D         : GPU: No client requests exists, release clocks
05-05 14:03:33.043   719   719 D         : CPUBW: No client requests exists, release clocks
05-05 14:03:33.044  2121  4745 I Clocks  : ReleaseClocks - end (3.2 ms)
05-05 14:03:33.044  2121  4745 I Clocks  : LockClocks( cpu=3, gpu=4 ) - start
05-05 14:03:33.046  2121  4745 I Clocks  : CPU levels [0, 4]
05-05 14:03:33.046  2121  4745 I Clocks  : GPU levels [0, 5]
05-05 14:03:33.046   719  2188 D         : CPU_CLUSTER_0: Client 2121 sends freq request [21, 21]
05-05 14:03:33.046   719  2188 D         : CPU_CLUSTER_0: Next Perf Level = (21, 21)
05-05 14:03:33.047   719  2188 D         : CPU_CLUSTER_1: Client 2121 sends freq request [22, 22]
05-05 14:03:33.047   719  2188 D         : CPU_CLUSTER_1: Next Perf Level = (22, 22)
05-05 14:03:33.047   719  2188 D         : CPUBW: Client 2121 sends freq request [8, 11]
05-05 14:03:33.047   719  2188 D         : CPUBW: Next Perf Level = (8, 11)
05-05 14:03:33.048   719  2188 D         : GPU: Client 2121 sends freq request [6, 6]
05-05 14:03:33.048   719  2188 D         : GPU: Next Perf Level = (6, 6)
05-05 14:03:33.050  2121  4745 I Clocks  : LockClocks( cpu=3, gpu=4 ) - end (6.1 ms)
05-05 14:03:33.936  4590  4885 I VrApi   : FPS=72,Prd=45ms,Tear=0,Early=0,Stale=0,VSnc=1,Lat=1,Fov=0,CPU4/GPU=4/4,1958/670MHz,OC=FF,TA=0/E0/E0,SP=N/F/F,Mem=1804MHz,Free=1362MB,PSM=0,PLS=0,Temp=30.0C/0.0C,TW=1.24ms,App=13.07ms,GD=0.00ms,CPU&GPU=17.00ms,LCnt=1,GPU%=0.93,CPU%=0.28(W0.38),DSF=1.00
05-05 14:03:34.030   715  4733 I [CT]    : MANAGEMENT:CONSTELLATION: Status=GREEN,, Obj=7745273921483883046,6DOF=1,FusJit=0.006mm,Issues(Cam/min=  0,IMU/min=0), Obj=4212769887286730484,6DOF=1 (estimated),Issues(Cam/min=  0,IMU/min=0)
05-05 14:03:34.183   715  4734 I [CT]    : VIPER:MAP_MANAGER: State: TRACKING_PERSISTENT, UUID=d18585e8-d288-4997-b6ff-78495c7eed6a, Num. Persistent maps = 1,  Persistent maps:d18585e8-d288-4997-b6ff-78495c7eed6a,, Ser. Disabled = 00000000-0000-0000-0000-000000000000
05-05 14:03:34.223   715  4734 I [CT]    : VIPER: Status=6DoF,TRACKING,KF=146,Inl=411,Pts=434,Jit=0.3mm,Issues(Cam/min=0.0,IMU/min=0.0),Exp=(6.2ms,g=5.0,I=77)(4.0ms,g=3.0,I=70)(6.2ms,g=5.0,I=66)(4.9ms,g=4.0,I=69)
05-05 14:03:34.360   715  4717 I [CT]    : L:Behavior:AtRest: deactivated
05-05 14:03:34.360   715  4717 I [CT]    : AdHocPatch: [Left] t = 47.344s, behavior transition: AtRest -> None at 47.395s
05-05 14:03:34.387  2129  2185 I GuardianSystem: UpdateGuardianSystemState: Flags changed: 524288, 532480
05-05 14:03:34.419  2129  2375 W VrApi   : ovr_SubmitFrameInternal: FrameIndex discontinuity: Expected 9794, Received 9905
05-05 14:03:34.430   715  4717 I [CT]    : L:Behavior:AtRest: activated
05-05 14:03:34.430   715  4717 I [CT]    : AdHocPatch: [Left] t = 47.414s, behavior transition: None -> AtRest at 47.465s
05-05 14:03:34.434  2129  2185 I GuardianSystem: UpdateGuardianSystemState: Flags changed: 532480, 524288
