05-06 14:25:10.662   709  3926 I [CT]    : Controller 4212769887286730484:
05-06 14:25:10.682  3739  4289 D UE4     : *** JavaEnvDestructor: 4289
05-06 14:25:10.918  1842  4501 I Telemetry: App memory usage: PSS=282MB DalvikPSS=2 MB
05-06 14:25:10.920  1842  4501 I VrApi   : FPS=2,Prd=0ms,Tear=1,Early=29,Stale=19,VSnc=1,Lat=1,Fov=0,CPU4/GPU=4/4,2304/670MHz,OC=FF,TA=0/E0/0,SP=N/F/N,Mem=1804MHz,Free=1426MB,PSM=0,PLS=0,Temp=29.0C/0.0C,TW=1.84ms,App=4.57ms,GD=0.00ms,CPU&GPU=38.81ms,LCnt=3,GPU%=0.43,CPU%=0.06(W0.17),DSF=1.00
05-06 14:25:10.928  1842  1917 I [OAR] InputManager: Switching Primary controller due to vrapi
05-06 14:25:10.928  1842  1917 I [OAR] InputManager: Secondary input source selection id=536870915
05-06 14:25:10.929  2161  2186 I GuardianSystem: Guardian: GuardianCmdWithParms 1, 1, 0.000000
05-06 14:25:10.931  2161  2212 I GuardianSystem: Guardian: GuardianCmdWithParms 7, 0, 0.000000
05-06 14:25:10.945  1842  1917 I TrackingServiceClient: setting complex haptics, but not yet connected to socket, open connection...
05-06 14:25:10.945   709   795 I TrackingService: virtual android::binder::Status OVR::OS::Tracking::TrackingService::getTrackingSocketFileDescriptor(android::os::ParcelFileDescriptor *)
05-06 14:25:10.945   709   795 D TrackingService: haptic socket already exists
05-06 14:25:10.960   709  3911 I [CT]    : L:Behavior:AtRest: activated
05-06 14:25:10.960   709  3911 I [CT]    : AdHocPatch: [Left] t = 142.663s, behavior transition: None -> AtRest at 142.713s
05-06 14:25:10.981   709  3911 I [CT]    : L:Behavior:AtRest: deactivated
05-06 14:25:10.981   709  3911 I [CT]    : AdHocPatch: [Left] t = 142.681s, behavior transition: AtRest -> None at 142.733s
05-06 14:25:11.085  3019  3019 D [OAR] HomeDialog: Quit Pressed
05-06 14:25:11.086  3019  3019 I [OAR] AnytimeUIAndroidPanelAppBase: actionHideDialog - quit
05-06 14:25:11.086  3019  3019 D [OAR] HomeDialog: Releasing old screenshot, jpg_size: 38758
05-06 14:25:11.110  1842  1917 I [OAR] ShellDialogControllerHost: DialogResult: quit
05-06 14:25:11.115  1842  1917 I [OAR] ShellApplication: Sent exit broadcast to SystemActivities for:  com.YourCompany.ToysGame
05-06 14:25:11.116  2161  2186 I GuardianSystem: GuardianSystem::GuardianCmd 14
05-06 14:25:11.116  1842  1917 I [OAR] DialogControllerManager: Hide Previous pending dialog: type: 10, uri "systemux://dialog/exit", return component: "com.YourCompany.ToysGame", return activity component: "com.YourCompany.ToysGame/com.epicgames.ue4.GameActivity" - reason quit of exittohome
05-06 14:25:11.124  1842  1917 I [OAR] DialogControllerManager: Dialog change detected; updating dialog UI.
05-06 14:25:11.124  1842  1917 I [OAR] DialogControllerManager: Old dialog: type: 10, uri "systemux://dialog/exit", return component: "com.YourCompany.ToysGame", return activity component: "com.YourCompany.ToysGame/com.epicgames.ue4.GameActivity"
05-06 14:25:11.124  1842  1917 I [OAR] DialogControllerManager: New dialog: type: 0, uri "systemux://dialog/none", return component: "", return activity component: ""
05-06 14:25:11.124  1842  1917 I [OAR] DialogController: CloseDialogs() old: 10, pendingUri: systemux://dialog/exit, pendingComponent: com.YourCompany.ToysGame
05-06 14:25:11.124  1842  1917 I [OAR] SystemDialogController: HideVrShellDialog
05-06 14:25:11.124  1842  1917 I [OAR] SystemUXController: No known System UX Route for Navigation Route: com.oculus.systemux/com.oculus.panelapp.anytimeui.AnytimeUIAndroidPanelService
05-06 14:25:11.124  1842  1917 I [OAR] PlatformManager: Checking livestreaming allowed for:  com.oculus.vrshell
05-06 14:25:11.124  1842  1917 I [OAR] DialogController: Clearing existing dialog systemux://dialog/exit to None while in transition to pending dialog systemux://dialog/none
05-06 14:25:11.125  3019  3019 I [OAR] AnytimeUIAndroidPanelApp: updateActiveComponent - com.oculus.systemux/com.oculus.panelapp.anytimeui.AnytimeUIAndroidPanelService, returnComponent = 
05-06 14:25:11.125  3019  3019 I [OAR] AnytimeUIAndroidPanelAppBase: configureDialog:  systemux://dialog/none [] ()
05-06 14:25:11.126  3019  3019 I [OAR] AnytimeUIAndroidPanelAppBase: actionSetRoute - Route:  NONE(systemux://dialog/none)
05-06 14:25:11.126  3019  3019 D [OAR] TaskBarViewV1: NUX Mode = false
05-06 14:25:11.126  3019  3019 D [OAR] TaskBarViewV1: Skipping NUX Mode for Quest
05-06 14:25:11.126  3019  3019 I AndroidPanelLayer: Hiding layer dialog
05-06 14:25:11.126  3019  3019 I AndroidPanelApp: HideLayer(dialog)
05-06 14:25:11.127  1842  2413 I OVRPlatform: [QueueAsyncResponseHandler] success: {"streaming_enabled":true}
05-06 14:25:11.128  3019  3019 I AndroidPanelApp: Processing pending hide layer for layer dialog.
05-06 14:25:11.137  1842  1917 D [OAR] PanelAppConfigurationUtil: Retrieving panel configuration for com.oculus.vrshell.home - com.oculus.vrshell.home.ExploreService
05-06 14:25:11.150  1842  1917 I [OAR] SystemUXController: Registering pending Shell Application launch for com.oculus.vrshell.home/com.oculus.vrshell.home.ExploreService,- overwriting existing launch? false.
05-06 14:25:11.150  1842  1917 I [OAR] SystemUXController: Building launch checks for com.oculus.vrshell.home, activity: com.oculus.vrshell.home.ExploreService
05-06 14:25:11.157  3739  4290 D UE4     : *** JavaEnvDestructor: 4290
05-06 14:25:11.175  2119  2343 I LibraryProvider: running queryApp(com.oculus.vrshell.home) for com.oculus.vrshell
05-06 14:25:11.175  2119  2343 W LibraryProvider: Cannot find entitlement for com.oculus.vrshell.home
05-06 14:25:11.176  1842  1917 W OVRLibrary: null cursor received for query content://com.oculus.ocms.library/apps/com.oculus.vrshell.home
05-06 14:25:11.203  2119  2342 I LibraryProvider: running queryApp(com.oculus.vrshell.home) for com.oculus.vrshell
05-06 14:25:11.203  2119  2342 W LibraryProvider: Cannot find entitlement for com.oculus.vrshell.home
05-06 14:25:11.203  1842  1917 W OVRLibrary: null cursor received for query content://com.oculus.ocms.library/apps/com.oculus.vrshell.home
05-06 14:25:11.219  3739  4300 D UE4     : [2020.05.06-12.25.11:219][112]LogTcpMessaging: Lost node '4CEFBA9745FC0FA4B11566A41797B9E4' on connection '127.0.0.1:33218'...
05-06 14:25:11.219  3739  4300 D UE4     : *** JavaEnvDestructor: 4300
05-06 14:25:11.236  2119  2224 I LibraryProvider: running queryApp(com.oculus.vrshell.home) for com.oculus.vrshell
05-06 14:25:11.236  2119  2224 W LibraryProvider: Cannot find entitlement for com.oculus.vrshell.home
05-06 14:25:11.237  1842  1917 W OVRLibrary: null cursor received for query content://com.oculus.ocms.library/apps/com.oculus.vrshell.home
05-06 14:25:11.241  1842  1917 I [OAR] SystemUXController: Finished building launch checks
05-06 14:25:11.241  1842  1917 I [OAR] SystemUXController: ProcessPendingLaunch ShellApplication
05-06 14:25:11.242  2150  3955 I Clocks  : SetSchedFifo( tid=1917, pri=0 ) succeeded
05-06 14:25:11.244  2150  3955 I Clocks  : SetSchedFifo( tid=4508, pri=0 ) succeeded
05-06 14:25:11.245  2150  3955 I Clocks  : SetSchedFifo( tid=2365, pri=0 ) succeeded
05-06 14:25:11.269  1059  1069 I art     : Background sticky concurrent mark sweep GC freed 43706(1969KB) AllocSpace objects, 5(116KB) LOS objects, 24% free, 7MB/10MB, paused 8.247ms total 31.555ms
05-06 14:25:11.276  2119  2213 I LibraryProvider: running queryApp(com.oculus.vrshell.home) for com.oculus.vrshell
05-06 14:25:11.276  2119  2213 W LibraryProvider: Cannot find entitlement for com.oculus.vrshell.home
05-06 14:25:11.276  1842  1917 W OVRLibrary: null cursor received for query content://com.oculus.ocms.library/apps/com.oculus.vrshell.home
05-06 14:25:11.276  1842  1917 D [OAR] PanelAppConfigurationUtil: Retrieving panel configuration for com.oculus.vrshell.home - com.oculus.vrshell.home.ExploreService
05-06 14:25:11.279  1842  1917 I [OAR] SystemUXController: Calling DesktopPanelController launch Or Restore
05-06 14:25:11.279  1842  1917 I [OAR] DesktopPanelController: LaunchOrRestore( com.oculus.vrshell.home/com.oculus.vrshell.home.ExploreService )
05-06 14:25:11.279  1842  1917 I [OAR] DesktopPanelController: Launching com.oculus.vrshell.home/com.oculus.vrshell.home.ExploreService as (new:0) in the active Desktop:Theater
05-06 14:25:11.279  1842  1917 I [OAR] LegacyDesktop: Launch Package name:com.oculus.vrshell.home
05-06 14:25:11.279  1842  1917 I [OAR] LegacyDesktop: App com.oculus.vrshell.home/com.oculus.vrshell.home.ExploreService will be launched in Legacy Desktop
05-06 14:25:11.279  1842  1917 I [OAR] ShellApp: ResetComponents
05-06 14:25:11.279  1842  1917 I [OAR] TrackedUser: Reset
05-06 14:25:11.279  1842  1917 I [OAR] LegacyDesktop: Launching:com.oculus.vrshell.home/com.oculus.vrshell.home.ExploreService
05-06 14:25:11.279  1842  1917 I [OAR] LegacyDesktop: Focus change does not affect LegacyDesktop
05-06 14:25:11.279  1842  1917 I [OAR] ShellApp: CreatePanelApp( com.oculus.vrshell.home/com.oculus.vrshell.home.ExploreService )
05-06 14:25:11.279  1842  1917 I [OAR] ShellApp: Environment:
05-06 14:25:11.279  1842  1917 I [OAR] ShellApp: uri = /prime
05-06 14:25:11.279  1842  1917 I [OAR] ShellApp: _oc_launch_timestamp = 640699
05-06 14:25:11.279  1842  1917 I [OAR] ShellLaunchParameters: HomePanelAppIndex: 2 - com.oculus.vrshell.home.ExploreService
05-06 14:25:11.279  1842  1917 I [OAR] ShellLaunchParameters: Passing BundleConfiguration to panel
05-06 14:25:11.279  1842  1917 I [OAR] PanelAppHost: PanelAppHost( com.oculus.vrshell.home/com.oculus.vrshell.home.ExploreService ) for PanelId 9
05-06 14:25:11.279  1842  1917 I [OAR] PanelAppHost: Panel app 9 (com.oculus.vrshell.home/com.oculus.vrshell.home.ExploreService) changing state from startup to foreground
05-06 14:25:11.283  1842  1917 I [OAR] PanelAppHost: Passing env var uri = /prime
05-06 14:25:11.283  1842  1917 I [OAR] PanelAppHost: Passing env var _oc_launch_timestamp = 640699
05-06 14:25:11.283  1842  1917 I [OAR] PanelAppHost: Passing env var _oc_device_region = 0
05-06 14:25:11.283  1842  1917 I [OAR] PanelAppHost: Passing env var _oc_device_type = 259
05-06 14:25:11.283  1842  1917 I [OAR] PanelAppHost: Passing env var _oc_headset_type = 256
05-06 14:25:11.283  1789  1789 I VRLifecycleSessionManager: Stored session info.
05-06 14:25:11.283  1842  1917 I [OAR] PanelAppHost: Passing env var _oc_analytics_session_id = 4cc36eb3-d167-454f-861b-969daa93a77c
05-06 14:25:11.283  1842  1917 I [OAR] PanelAppHost: Passing env var _oc_userid = 102449717587751
05-06 14:25:11.283  1842  1917 I [OAR] PanelAppHost: Passing env var _oc_enterprise_mode = false
05-06 14:25:11.283  1842  1917 I [OAR] PanelAppHost: Passing env var _oc_shell_version_name = 16.0.0.139.450
05-06 14:25:11.283  1842  1917 I [OAR] PanelAppHost: Passing env var _oc_shell_version_code = 210946745
05-06 14:25:11.283  1842  1917 I [OAR] PanelAppHost: Passing env var _oc_shell_permissions = permissionsGranted camera write_storage microphone
05-06 14:25:11.283  1842  1917 I [OAR] PanelAppHost: Passing env var _oc_shell_automation_enabled = false
05-06 14:25:11.283  1842  1917 I [OAR] PanelAppHost: Passing env var _oc_shell_view_id_debugging_enabled = false
05-06 14:25:11.283  1842  1917 I [OAR] PanelAppHost: Passing env var _oc_shell_pixel_density = 13
05-06 14:25:11.283  1842  1917 I [OAR] PanelAppHost: Passing env var _oc_shell_render_scale = 1.000000
05-06 14:25:11.283  1842  1917 I [OAR] PanelAppHost: Passing env var _oc_shell_feature_sets = multi-layer-v1,mirror-avatar-v1,system-ux-routes-v1,deeplink-nav-v1,clock-levels-v1,layerTranslate-v1,layerScaleDensity-v1,layerScaleDensity-v2,multiapp-alpha-v1,multiapp-v1
05-06 14:25:11.283  1842  1917 I [OAR] PanelAppHost: Passing env var _oc_gk:oculus_mobile_sysux_unified_dialogs_v9 = true
05-06 14:25:11.283  1842  1917 I [OAR] PanelAppHost: Passing env var _oc_gk:oculus_mobile_sysux_lightweight_releases = true
05-06 14:25:11.283  1842  1917 I [OAR] PanelAppHost: Passing env var _oc_gk:oculus_mobile_home_js_bundle = true
05-06 14:25:11.283  1842  1917 I [OAR] PanelAppHost: Passing env var _oc_gk:oculus_vrshell_launch_checks = true
05-06 14:25:11.283  1842  1917 I [OAR] PanelAppHost: Passing env var _oc_shell_host = vrshell
05-06 14:25:11.283  1842  1917 I [OAR] PanelAppHost: Passing env var _oc_shell_panel_app_index = 2
05-06 14:25:11.283  1842  1917 I [OAR] PanelAppHost: Passing env var _oc_shell_panel_bundle_configuration = {"NONE":null}
05-06 14:25:11.283  1842  1917 I [OAR] PanelAppHost: Passing env var _oc_shell_panel_id = 9
05-06 14:25:11.283  1842  1917 I [OAR] PanelAppHost: Calling sendPanelLaunchIntent for panel app com.oculus.vrshell.home/com.oculus.vrshell.home.ExploreService
05-06 14:25:11.284  1842  1917 D [OAR] ShellApplication: sendApkPanelLaunchIntent: packageName=com.oculus.vrshell.home, serviceClassName=com.oculus.vrshell.home.ExploreService
05-06 14:25:11.284  1842  1917 D [OAR] PanelServiceConnection: getSystemProcessUidForCurrentUser: 'android' systemUid = 1000
05-06 14:25:11.284  1842  1917 D [OAR] ShellApplication: bindService Intent { cmp=com.oculus.vrshell.home/.ExploreService }
05-06 14:25:11.307  1059  1506 I ActivityManager: Start proc 4512:com.oculus.vrshell.home:explore/u0a53 for service com.oculus.vrshell.home/.ExploreService
05-06 14:25:11.307  1842  1917 D [OAR] ShellApplication: notify OS to set com.oculus.vrshell.home/com.oculus.vrshell.home.ExploreService to FOREGROUND
05-06 14:25:11.308  1842  1917 I [OAR] LegacyDesktop: Inserting panelapp with id 9 to monitor 0
05-06 14:25:11.308  1842  1917 E PersistableBundle: Failed at frameworks/native/libs/binder/PersistableBundle.cpp:158 (size_t android::os::PersistableBundle::erase(const android::String16 &))
05-06 14:25:11.308  1842  1917 I ScreenCaptureHelper: SetScreenCaptureInhibitFlag : inhibited
05-06 14:25:11.309  2150  2455 I ScreenCaptureBase: GlobalInhibitState=0
05-06 14:25:11.309  1842  1917 I [OAR] PlatformManager: Resuming live stream
05-06 14:25:11.312  1842  1917 I [OAR] PanelAppHost: Setting panel layer visibility of layer "dialog" to invisible
05-06 14:25:11.312  1842  1917 I [OAR] PlatformManager: isLiveStreamingAllowed response:  1
05-06 14:25:11.315  3019  3019 I [OAR] AnytimeUIAndroidPanelApp: updateActiveComponent - systemux://home, returnComponent = 
05-06 14:25:11.315  2161  2212 I GuardianSystem: Guardian: GuardianCmdWithParms 7, 1, 0.000000
05-06 14:25:11.317  1842  1917 I [OAR] EnvironmentReconciler: Using the scene audio loop
05-06 14:25:11.317  1842  1917 I [OAR] Scene: SetBackgroundLoop: default scene selected, setting audio apk:///assets/system_environment.gltf.ovrscene
05-06 14:25:11.317  1842  1917 I [OAR] AudioMixer: PlayAmbisonicWavFile: 1335437 looping samples 4 channels at 640.899175
05-06 14:25:11.324  1842  2416 I OVRPlatform: [QueueAsyncResponseHandler] success: {"livestreaming_enabled":false,"is_paused":false,"livestreaming_type":0,"comments_visible":false,"mic_enabled":true}
05-06 14:25:11.327  2150  3955 I Clocks  : SetSchedFifo( tid=1917, pri=1 ) succeeded
05-06 14:25:11.328  2150  3955 I Clocks  : SetSchedFifo( tid=4508, pri=1 ) succeeded
05-06 14:25:11.329  1842  1842 D [OAR] ShellControlBroadcastReceiver: onReceive with MainActivity native pointer 3688772976, action com.oculus.systemactivities.LOCAL_STREAM_STATE_UPDATE
05-06 14:25:11.330  3739  3756 D UE4     : [2020.05.06-12.25.11:330][112]LogCore: Display: AppLifetime: Application will deactivate
05-06 14:25:11.330  2150  3955 I Clocks  : SetSchedFifo( tid=2365, pri=1 ) succeeded
05-06 14:25:11.332  3739  4297 D OVRPlugin: Leaving VR mode.
05-06 14:25:11.332  1842  1917 I [OAR] ShellApp: 0xcb53e358 msg: broadcastIntent:
05-06 14:25:11.332  1842  1917 I [OAR] ShellApp: is_capture_running = 0
05-06 14:25:11.332  1842  1917 I [OAR] ShellApp: intent_action = com.oculus.systemactivities.LOCAL_STREAM_STATE_UPDATE
05-06 14:25:11.332  3739  4297 I GoCompatibility: GoCompatibility: vrapi_LeaveVrMode_Hooked()
05-06 14:25:11.332  1842  1917 I [OAR] SystemUXController: OnLocalStreamChanged, enabled?=0
05-06 14:25:11.332  3739  4297 I VrApi   : ---------- vrapi_LeaveVrMode [start] ----------
05-06 14:25:11.333  1842  1917 I [OAR] PlatformManager: isLiveStreaming response:  0
05-06 14:25:11.334  3019  3019 I [OAR] AnytimeUIAndroidPanelAppBase: updateLiveStreamStatus - isLiveStreaming=false, allowed=true
05-06 14:25:11.334  3019  3019 I [OAR] AnytimeUIAndroidPanelAppBase: updateLocalStreamState - false
05-06 14:25:11.344  3739  4297 D VrApi   : targetSDKVersion 25
05-06 14:25:11.350  3739  4297 I VrRuntimeClient: DEVICE MODEL NUMBER = Quest
05-06 14:25:11.350  3739  4297 I VrRuntimeClient: DEVICE HARDWARE = monterey
05-06 14:25:11.351  3739  4297 I VrRuntimeClient: DEVICE BUILD NAME = user-602380.24900.0
05-06 14:25:11.351  3739  4297 I VrRuntimeClient: DEVICE BUILD TYPE = user
05-06 14:25:11.351  3739  4297 I VrRuntimeClient: DEVICE OS VERSION = 7.1.1
05-06 14:25:11.351  3739  4297 I VrRuntimeClient: VRRUNTIME VERSION = VRAPI_VERSION_BEGIN { 1.1.33.0-210938873-210938873 Apr 24 2020 16:11:35 Development } RELEASE
05-06 14:25:11.351  3739  4297 I VrRuntimeClient: API LOADER VERSION = 1.1.24.0
05-06 14:25:11.351  3739  4297 I VrRuntimeClient: VRDRIVER VERSION = 16.0.0.141.450
05-06 14:25:11.351  3739  4297 I VrRuntimeClient: APP NAME = ToysGame
05-06 14:25:11.351  3739  4297 I VrRuntimeClient: APP VERSION = 1.0 versionCode 1 internalVersionName <none>
05-06 14:25:11.351  3739  4297 I VrRuntimeClient: APP VR TYPE = vr_only
05-06 14:25:11.351  3739  4297 I VrRuntimeClient: APP PACKAGE NAME = com.YourCompany.ToysGame
05-06 14:25:11.351  3739  4297 I VrRuntimeClient: APP ACTIVITY CLASS = com.epicgames.ue4.GameActivity
05-06 14:25:11.358  3739  4297 D BatteryReceiver: Unregistering battery receiver
05-06 14:25:11.365  4512  4512 W System  : ClassLoader referenced unknown path: /system/app/VrHome/lib/arm
05-06 14:25:11.368  3739  4284 D VrApi   : targetSDKVersion 25
05-06 14:25:11.370  3739  4284 I VrApi   : FPS=72,Prd=45ms,Tear=0,Early=26,Stale=0,VSnc=1,Lat=1,Fov=0,CPU4/GPU=2/4,2304/670MHz,OC=FF,TA=0/3/3,SP=N/N/N,Mem=1804MHz,Free=1425MB,PSM=0,PLS=0,Temp=29.0C/0.0C,TW=1.31ms,App=9.74ms,GD=0.00ms,CPU&GPU=12.94ms,LCnt=1,GPU%=0.70,CPU%=0.24(W0.38),DSF=1.00
05-06 14:25:11.371  3739  4297 I VrApi   : OVR::Stats thread stopped
05-06 14:25:11.371  3739  4297 I InputDeviceManager: ovrInputDeviceManager::Shutdown
05-06 14:25:11.373  4512  4512 D AccessTokenForwarder: Constructed
05-06 14:25:11.378  4512  4512 I HomeApplication: process: com.oculus.vrshell.home:explore
05-06 14:25:11.378  4512  4512 I HomeApplication: endpoint: https://graph.facebook.com/logging_client_events
05-06 14:25:11.381  3739  4283 I InputHooks_Internal: InputHooksThreadRun ShutdownRequest received
05-06 14:25:11.382  3739  4297 I InputHooks_Internal: Disabling Native Input Hooks
05-06 14:25:11.386  4512  4512 D UnifiedTelemetryLogger: UnifiedTelemetryLogger instance created.
05-06 14:25:11.387  4512  4512 D UnifiedTelemetryLogger: UnifiedTelemetryLogger mIsStandAloneDevice = true
05-06 14:25:11.388  4512  4512 D UnifiedTelemetryLogger: UnifiedTelemetryLogger instance created
05-06 14:25:11.390  4512  4526 D PanelCookiesModuleImpl: Detected valid cookie 'Home:CachedAccessToken' - Added.
05-06 14:25:11.390  2150  2178 D VrRuntimeService: this client: 3739:com.YourCompany.ToysGame
05-06 14:25:11.390  2150  2178 D VrRuntimeService: enableRendering: clientWindow: null enable: false
05-06 14:25:11.390  4512  4512 D UnifiedTelemetryLogger: binding with UnifiedTelemetryService
05-06 14:25:11.390  2150  2178 I ClientMgr: ClientMgr::EnableRendering 3739:com.YourCompany.ToysGame : type 0 : disable
05-06 14:25:11.390  4512  4526 D AccessTokenForwarder: Get access token
05-06 14:25:11.392  3739  4299 I VrRuntimeClient: FenceChecker::MainLoop - ended
05-06 14:25:11.392  3739  4297 I BufferObject: ovrBufferObjectFactory::Unimport unmapping Vulkan memory
05-06 14:25:11.392  3739  4297 I BufferObject: ovrBufferObjectFactory::Unimport destroying Vulkan buffer=546878516864
05-06 14:25:11.392  3739  4297 I BufferObject: ovrBufferObjectFactory::Unimport freeing Vulkan memory=546777907584
05-06 14:25:11.393  3739  4297 I TrackingServiceClient: OVR::TrackingService::ClientSetInterface
05-06 14:25:11.393  3739  4297 D TrackingServiceClient: onClientDisconnect
05-06 14:25:11.393  3739  4297 D TrackingServiceConnectionNative: onClientDisconnect
05-06 14:25:11.393   709   795 I TrackingService: Unregistering client by ITrackingService.unregisterClient
05-06 14:25:11.393   709   795 I TrackingService: TrackingServiceHost Unregistering client: pid 3739
05-06 14:25:11.395  3739  4297 D BinderConnection: Disconnecting from TrackingService service
05-06 14:25:11.395  3739  4297 D TrackingServiceConnectionNative: onDisconnected
05-06 14:25:11.395  3739  4297 D TrackingServiceClient: TrackingServiceConnection mConnectedRemotes.clear()
05-06 14:25:11.395  3739  4297 I TrackingServiceClient: OVR::TrackingService::ClientSetInterface
05-06 14:25:11.395  3739  4297 I VrApi   : ---------- vrapi_LeaveVrMode [end] ----------
05-06 14:25:11.396  4512  4526 D NetworkSecurityConfig: No Network Security Config specified, using platform default
05-06 14:25:11.396  3739  3756 D UE4     : [GameActivity] Unregistering volume receiver
05-06 14:25:11.397  3739  3756 D UE4     : [GameActivity] Unregistering battery receiver
05-06 14:25:11.398  4512  4526 I GraphQLPrefetch: Prefetching query. docId: 3650349081704479, variables: {"alternativeSource":null,"cursor":null,"count":4,"feedSource":null,"section":"DEFAULT"}
05-06 14:25:11.399  3739  3756 D UE4     : [GameActivity] Unregistering headset receiver
05-06 14:25:11.399  2150  2334 I ClientMgr: Non-overlay clients rendering status has changed: prev=24, curr=25, enabled=1
05-06 14:25:11.399  3739  3756 D UE4     : [2020.05.06-12.25.11:399][112]LogCore: Display: AppLifetime: Application will enter background
05-06 14:25:11.400  3739  3756 D UE4     : [2020.05.06-12.25.11:400][112]LogTemp: Android pause audio
05-06 14:25:11.400  4512  4526 I GraphQLPrefetch: Prefetching query. docId: 2730171627063766, variables: {}
05-06 14:25:11.400  3739  3756 D UE4     : [2020.05.06-12.25.11:400][112]LogAudioMixerAndroid: Display: Suspending android audio renderer
05-06 14:25:11.400  3739  3757 D UE4     : [2020.05.06-12.25.11:400][112]LogAndroid: Blocking renderer on invalid window.
05-06 14:25:11.400  3739  3757 D UE4     : [2020.05.06-12.25.11:400][112]LogAndroid: Waiting for renderer to encounter blocking command.
05-06 14:25:11.401  3739  4297 D UE4     : [2020.05.06-12.25.11:401][112]LogAndroid: Blocking renderer
05-06 14:25:11.401  3739  4297 D UE4     : [2020.05.06-12.25.11:401][112]LogAndroid: RendererBlock release window callback
05-06 14:25:11.401  4512  4526 I GraphQLPrefetch: Prefetching query. docId: 2886345294781084, variables: {}
05-06 14:25:11.401  3739  4297 D UE4     : [2020.05.06-12.25.11:401][112]LogVulkanRHI: Destroy swapchain ... 
05-06 14:25:11.401  4512  4512 D SoLoader: init start
05-06 14:25:11.401  3739  3756 D UE4     : [2020.05.06-12.25.11:401][112]LogHMD: Error: ovrp_WaitToBeginFrame 7112 failed (-1003)
05-06 14:25:11.401  4512  4512 D SoLoader: adding system library source: /vendor/lib
05-06 14:25:11.401  4512  4512 D SoLoader: adding system library source: /system/lib
05-06 14:25:11.401  3739  3756 W VrApi   : vrapi_WaitFrame: ovr->Destroyed
05-06 14:25:11.401  3739  3756 W VrApi   : vrapi_GetPredictedDisplayTime: ovr->Destroyed
05-06 14:25:11.401  3739  3756 W VrApi   : vrapi_GetPredictedTracking2: ovr->Destroyed
05-06 14:25:11.401  3739  3756 W VrApi   : vrapi_GetPredictedTracking2: ovr->Destroyed
05-06 14:25:11.402  4512  4512 D SoLoader: adding backup source from : com.facebook.soloader.ApkSoSource[root = /data/data/com.oculus.vrshell.home/lib-main flags = 1]
05-06 14:25:11.402  4512  4512 D SoLoader: Preparing SO source: com.facebook.soloader.DirectorySoSource[root = /system/lib flags = 2]
05-06 14:25:11.402  4512  4512 D SoLoader: Preparing SO source: com.facebook.soloader.DirectorySoSource[root = /system/vendor/lib flags = 2]
05-06 14:25:11.402  4512  4512 D SoLoader: Preparing SO source: com.facebook.soloader.ApkSoSource[root = /data/data/com.oculus.vrshell.home/lib-main flags = 1]
05-06 14:25:11.402  4512  4512 V fb-UnpackingSoSource: locked dso store /data/user/0/com.oculus.vrshell.home/lib-main
05-06 14:25:11.404  4512  4512 I fb-UnpackingSoSource: dso store is up-to-date: /data/user/0/com.oculus.vrshell.home/lib-main
05-06 14:25:11.404  4512  4512 V fb-UnpackingSoSource: releasing dso store lock for /data/user/0/com.oculus.vrshell.home/lib-main
05-06 14:25:11.404  4512  4512 D SoLoader: init finish: 3 SO sources prepared
05-06 14:25:11.404  4512  4512 D SoLoader: init exiting
05-06 14:25:11.404  4512  4512 D SoLoader: About to load: libfbjni.so
05-06 14:25:11.405  4512  4512 D SoLoader: libfbjni.so found on /data/data/com.oculus.vrshell.home/lib-main
05-06 14:25:11.406  4512  4512 D SoLoader: Loading lib dependencies: [libmemalign16_cpp.so, liblog.so, libgnustl_shared.so, libdl.so, libc.so]
05-06 14:25:11.406  4512  4512 D SoLoader: About to load: libmemalign16_cpp.so
05-06 14:25:11.406  4512  4512 D SoLoader: libmemalign16_cpp.so found on /data/data/com.oculus.vrshell.home/lib-main
05-06 14:25:11.406  4512  4512 D SoLoader: Loading lib dependencies: [libmemalign16.so, libgnustl_shared.so, libc.so]
05-06 14:25:11.406  4512  4512 D SoLoader: About to load: libmemalign16.so
05-06 14:25:11.406  4512  4512 D SoLoader: libmemalign16.so found on /data/data/com.oculus.vrshell.home/lib-main
05-06 14:25:11.406  4512  4512 D SoLoader: Loading lib dependencies: [libc.so]
05-06 14:25:11.406  4512  4512 D SoLoader: About to load: libc.so
05-06 14:25:11.406  4512  4512 D SoLoader: libc.so not found on /data/data/com.oculus.vrshell.home/lib-main
05-06 14:25:11.406  4512  4512 D SoLoader: libc.so not found on /system/vendor/lib
05-06 14:25:11.406  4512  4512 D SoLoader: libc.so found on /system/lib
05-06 14:25:11.407  4512  4512 D SoLoader: libc.so loaded implicitly
05-06 14:25:11.407  4512  4512 D SoLoader: Loaded: libc.so
05-06 14:25:11.407  4512  4512 D SoLoader: Loaded: libmemalign16.so
05-06 14:25:11.407  4512  4512 D SoLoader: About to load: libgnustl_shared.so
05-06 14:25:11.407  4512  4512 D SoLoader: libgnustl_shared.so found on /data/data/com.oculus.vrshell.home/lib-main
05-06 14:25:11.408  4512  4512 D SoLoader: Loading lib dependencies: [libm.so, libc.so, libdl.so]
05-06 14:25:11.408  4512  4512 D SoLoader: About to load: libm.so
05-06 14:25:11.408  4512  4512 D SoLoader: libm.so not found on /data/data/com.oculus.vrshell.home/lib-main
05-06 14:25:11.408  4512  4512 D SoLoader: libm.so not found on /system/vendor/lib
05-06 14:25:11.408  4512  4512 D SoLoader: libm.so found on /system/lib
05-06 14:25:11.408  4512  4512 D SoLoader: libm.so loaded implicitly
05-06 14:25:11.408  4512  4512 D SoLoader: Loaded: libm.so
05-06 14:25:11.408  4512  4512 D SoLoader: About to load: libdl.so
05-06 14:25:11.408  4512  4512 D SoLoader: libdl.so not found on /data/data/com.oculus.vrshell.home/lib-main
05-06 14:25:11.408  4512  4512 D SoLoader: libdl.so not found on /system/vendor/lib
05-06 14:25:11.408  4512  4512 D SoLoader: libdl.so found on /system/lib
05-06 14:25:11.408  4512  4512 D SoLoader: libdl.so loaded implicitly
05-06 14:25:11.408  4512  4512 D SoLoader: Loaded: libdl.so
05-06 14:25:11.409  4512  4512 D SoLoader: Loaded: libgnustl_shared.so
05-06 14:25:11.409  4512  4512 D SoLoader: Loaded: libmemalign16_cpp.so
05-06 14:25:11.409  4512  4512 D SoLoader: About to load: liblog.so
05-06 14:25:11.409  4512  4512 D SoLoader: liblog.so not found on /data/data/com.oculus.vrshell.home/lib-main
05-06 14:25:11.409  4512  4512 D SoLoader: liblog.so not found on /system/vendor/lib
05-06 14:25:11.409  4512  4512 D SoLoader: liblog.so found on /system/lib
05-06 14:25:11.409  4512  4512 D SoLoader: liblog.so loaded implicitly
05-06 14:25:11.409  4512  4512 D SoLoader: Loaded: liblog.so
05-06 14:25:11.410  4512  4512 D SoLoader: Loaded: libfbjni.so
05-06 14:25:11.411  4512  4526 D WifiManagerModule: Got connected SSID: BOEY
05-06 14:25:11.411  3739  3757 D UE4     : LogAndroidEvents::EnqueueAppEvent : 13, [width=-1, height=-1], tid = 3757, APP_EVENT_STATE_APP_SUSPENDED
05-06 14:25:11.412  3739  3757 D UE4     : Case APP_CMD_TERM_WINDOW, tid = 3757
05-06 14:25:11.412  3739  3757 D UE4     : [2020.05.06-12.25.11:412][112]LogAndroid: Case APP_CMD_TERM_WINDOW
05-06 14:25:11.412  3739  3757 D UE4     : LogAndroidEvents::EnqueueAppEvent : 3, [width=-1, height=-1], tid = 3757, APP_EVENT_STATE_WINDOW_DESTROYED
05-06 14:25:11.414  4512  4512 I PanelService: onCreate()
05-06 14:25:11.416  4512  4512 I PanelService: end of onCreate()
05-06 14:25:11.417  4512  4512 I SingletonPanelService: Loading library home
05-06 14:25:11.425  4512  4526 D UnifiedTelemetryLogger: Already initialized.
05-06 14:25:11.431  4512  4512 I BaseService: onCreate service type EXPLORE
05-06 14:25:11.431  4512  4512 D CrashReporting: Breakpad for Native crashes enabled
05-06 14:25:11.431  3739  3756 D UE4     : [2020.05.06-12.25.11:431][113]LogAndroidEvents: Display: LogAndroidEvents::DequeueAppEvent : 13, [width=-1, height=-1], APP_EVENT_STATE_APP_SUSPENDED
05-06 14:25:11.431  4512  4512 D SoLoader: About to load: libbreakpad.so
05-06 14:25:11.431  3739  3756 D UE4     : FAppEventManager::Tick processing, 13
05-06 14:25:11.431  3739  3756 D UE4     : Execution will be paused...
05-06 14:25:11.431  3739  3756 D UE4     : [2020.05.06-12.25.11:431][113]LogAndroidEvents: Display: LogAndroidEvents::DequeueAppEvent : 3, [width=-1, height=-1], APP_EVENT_STATE_WINDOW_DESTROYED
05-06 14:25:11.431  4512  4512 D SoLoader: libbreakpad.so found on /data/data/com.oculus.vrshell.home/lib-main
05-06 14:25:11.431  3739  3756 D UE4     : FAppEventManager::Tick processing, 3
05-06 14:25:11.431  3739  3756 D UE4     : APP_EVENT_STATE_WINDOW_DESTROYED, 0, 0, 0
05-06 14:25:11.431  3739  3756 D UE4     : FAppEventManager::Tick EventHandlerEvent Wait 
05-06 14:25:11.432  3739  3756 D UE4     : FAppEventManager::Tick EventHandlerEvent DONE Wait 
05-06 14:25:11.432  4512  4512 D SoLoader: Loading lib dependencies: [libmemalign16_cpp.so, liblog.so, libsigmux.so, libmemalign16.so, libgnustl_shared.so, libdl.so, libc.so]
05-06 14:25:11.432  4512  4512 D SoLoader: About to load: libsigmux.so
05-06 14:25:11.432  4512  4512 D SoLoader: libsigmux.so found on /data/data/com.oculus.vrshell.home/lib-main
05-06 14:25:11.432  4512  4512 D SoLoader: Loading lib dependencies: [libc.so]
05-06 14:25:11.436  3739  3757 D UE4     : [2020.05.06-12.25.11:436][113]LogAndroid: Case APP_CMD_SAVE_STATE
05-06 14:25:11.437  3739  3757 D UE4     : LogAndroidEvents::EnqueueAppEvent : 12, [width=-1, height=-1], tid = 3757, APP_EVENT_STATE_SAVE_STATE
05-06 14:25:11.437  4512  4512 D SoLoader: Loaded: libsigmux.so
05-06 14:25:11.443  3739  3757 D UE4     : [2020.05.06-12.25.11:443][113]LogAndroid: Case APP_CMD_STOP
05-06 14:25:11.443  3739  3739 D UE4     : [GameActivity] ==============> GameActive.onStop complete!
05-06 14:25:11.443  3739  3757 D UE4     : LogAndroidEvents::EnqueueAppEvent : 8, [width=-1, height=-1], tid = 3757, APP_EVENT_STATE_ON_STOP
05-06 14:25:11.444  3739  3739 D UE4     : [GameActivity] ==============> GameActive.onTrimMemory(TRIM_MEMORY_UI_HIDDEN) called!
05-06 14:25:11.444  4512  4512 D SoLoader: Loaded: libbreakpad.so
05-06 14:25:11.444  3739  3739 V UE4     : [GameApp] App in background
05-06 14:25:11.445  3739  3739 D SystemActivitiesReceiver: SystemActivityReceiver.onReceive intent:Intent { act=com.oculus.system_activity flg=0x10 pkg=com.YourCompany.ToysGame (has extras) }
05-06 14:25:11.445  3739  3739 D SystemActivitiesReceiver: fromPackageName: 'com.oculus.vrshell'
05-06 14:25:11.445  4512  4512 D CrashReporting: ACRA/OculusCrashReporter for Java crashes enabled
05-06 14:25:11.445  3739  3739 D SystemActivitiesReceiver: command: '{"Command":"exitToHome","PlatformUIVersion":4,"ToPackage":"com.YourCompany.ToysGame"}'
05-06 14:25:11.445  3739  3739 D SystemActivitiesReceiver: uri: ''
05-06 14:25:11.446  4512  4512 D CrashReporting: ACRA/Initializing with endpoint https://www.facebook.com/mobile/generic_android_crash_logs/285486028533521
05-06 14:25:11.451  3739  3739 D TrustedSignatureVerifier: Checking app signature for com.oculus.vrshell
05-06 14:25:11.453  4512  4512 D ExceptionHandlerManager: ExceptionHandlerManager not explicitly initialized, using default mode
05-06 14:25:11.453  4512  4512 D ExceptionHandlerManager: initializing exception handler manager, prioritized=true
05-06 14:25:11.454  4512  4512 E ACRA    : Skipping ANR Detector for process: com.oculus.vrshell.home:explore
05-06 14:25:11.455  3739  3739 D SystemActivitiesReceiver: App is trusted
05-06 14:25:11.455  4512  4512 D CrashReporting: JavascriptCrashReporter is enabled
05-06 14:25:11.455  3739  3739 I SystemUtils_Internal: nativeSystemActivityIntent in 'com.YourCompany.ToysGame': 'com.oculus.vrshell' '{"Command":"exitToHome","PlatformUIVersion":4,"ToPackage":"com.YourCompany.ToysGame"}' ''
05-06 14:25:11.455  4512  4512 I BaseService: Core app versions: {"com.oculus.browser":210941660,"com.oculus.govrnux":0,"com.oculus.home":210929916,"com.oculus.horizon":210902890,"com.oculus.mediaplayer":53624647,"com.oculus.systemactivities":210938879,"com.oculus.systemdriver":210938873,"com.oculus.systemutilities":210938897,"com.oculus.vrshell":210946745,"com.oculus.vrshell.home":210938855}
05-06 14:25:11.455  3739  3739 I SystemUtils_Internal: finish() - exit to Home
05-06 14:25:11.456  3739  3739 W art     : Attempt to remove non-JNI local reference, dumping thread
05-06 14:25:11.456  3739  3739 W art     : Attempt to remove non-JNI local reference, dumping thread
05-06 14:25:11.456  3739  3739 W art     : Attempt to remove non-JNI local reference, dumping thread
05-06 14:25:11.457  3739  3739 D SystemActivitiesReceiver: SystemActivityReceiver.onReceive intent:Intent { act=com.oculus.system_activity flg=0x10 pkg=com.YourCompany.ToysGame (has extras) }
05-06 14:25:11.458  3739  3739 D SystemActivitiesReceiver: fromPackageName: 'com.oculus.vrshell'
05-06 14:25:11.458  3739  3739 D SystemActivitiesReceiver: command: '{"Command":"returnToLauncher","PlatformUIVersion":4,"ToPackage":"com.YourCompany.ToysGame"}'
05-06 14:25:11.458  3739  3739 D SystemActivitiesReceiver: uri: ''
05-06 14:25:11.458  3739  3739 I SystemUtils_Internal: nativeSystemActivityIntent in 'com.YourCompany.ToysGame': 'com.oculus.vrshell' '{"Command":"returnToLauncher","PlatformUIVersion":4,"ToPackage":"com.YourCompany.ToysGame"}' ''
05-06 14:25:11.458  3739  3739 I SystemUtils_Internal: ovrSystemUtils::AddEvent: queued event '{"Command":"returnToLauncher","PlatformUIVersion":4,"ToPackage":"com.YourCompany.ToysGame"}'
05-06 14:25:11.458  3739  3739 W art     : Attempt to remove non-JNI local reference, dumping thread
05-06 14:25:11.458  3739  3739 W art     : Attempt to remove non-JNI local reference, dumping thread
05-06 14:25:11.458  3739  3739 W art     : Attempt to remove non-JNI local reference, dumping thread
05-06 14:25:11.467  3739  3739 D ContextHelper: shouldSkipFinish: activity=com.epicgames.ue4.GameActivity@e18f781
05-06 14:25:11.468  3739  3739 D ContextHelper: activity=com.epicgames.ue4.GameActivity@e18f781, resumed=false
05-06 14:25:11.468  3739  3739 D ContextHelper: Calling finish() on com.epicgames.ue4.GameActivity@e18f781
05-06 14:25:11.477  3739  3739 D UE4     : [GameActivity] onDestroy: destroy memoryHandlerThread
05-06 14:25:11.478  3739  3757 D UE4     : [2020.05.06-12.25.11:478][113]LogAndroid: Case APP_CMD_INPUT_CHANGED
05-06 14:25:11.478  3739  3757 D UE4     : [2020.05.06-12.25.11:478][113]LogAndroid: Case APP_CMD_DESTROY
05-06 14:25:11.478  3739  3757 D UE4     : LogAndroidEvents::EnqueueAppEvent : 15, [width=-1, height=-1], tid = 3757, APP_EVENT_RUN_CALLBACK
05-06 14:25:11.478  3739  3757 D UE4     : LogAndroidEvents::EnqueueAppEvent : 5, [width=-1, height=-1], tid = 3757, APP_EVENT_STATE_ON_DESTROY
05-06 14:25:11.482  4512  4512 I PanelService: onBind()
05-06 14:25:11.483  3739  3757 I art     : System.exit called, status: 0
05-06 14:25:11.483  3739  3757 I AndroidRuntime: VM exiting with result code 0, cleanup skipped.
05-06 14:25:11.490  1842  1842 D [OAR] PanelServiceConnection: onSeviceConnected - component name (ComponentInfo{com.oculus.vrshell.home/com.oculus.vrshell.home.ExploreService}), panel app id (9)
05-06 14:25:11.490  1842  1842 D [OAR] ShellApplication: notify OS to set com.oculus.vrshell.home/com.oculus.vrshell.home.ExploreService to FOREGROUND
05-06 14:25:11.493   709  3911 I [CT]    : L:Behavior:AtRest: activated
05-06 14:25:11.493   709  3911 I [CT]    : AdHocPatch: [Left] t = 143.195s, behavior transition: None -> AtRest at 143.244s
05-06 14:25:11.495  1842  1842 I [OAR] PanelServiceConnection: verifyFirstPartyUID(Debug Signatures=false, uid=10053) => apkSignatureResult=SigCertInfo(isTrusted=true, packageNames=[com.oculus.vrshell.home], signature=3082038d30820275a00302010202041303858a300d06092a864886f70d01010b05003077310b3009060355040613025553310b3009060355040813024341311330110603550407130a4d656e6c6f205061726b31173015060355040a130e4f63756c75732056522c204c4c4331173015060355040b130e4f63756c75732056522c204c4c43311430120603550403130b4f63756c75732041707073301e170d3134313033303231343032315a170d3432303331373231343032315a3077310b3009060355040613025553310b3009060355040813024341311330110603550407130a4d656e6c6f205061726b31173015060355040a130e4f63756c75732056522c204c4c4331173015060355040b130e4f63756c75732056522c204c4c43311430120603550403130b4f63756c7573204170707330820122300d06092a864886f70d01010105000382010f003082010a0282010100a34c7fbd96dea95d811f21a0d760cabca85f2df5dbe19b62aca7a3e3e0b6e48f7e173345f2753c458d639cc2e222eeee4cfb5e89ac1c5060044414056709a43a7f1a6f1e4f2c3d708c48912634be08ad6da1fff92d9c0d4b85e4bc8a8b1c27de84c04eb1e6577c10693500af46beaf7bd2ce72a06a46f4e565859f242cecbef1a431ae8096db712cebe73840bacc64de6b99077ba1ca8c20e5d0b4870bd161f087abbf568dfef58e604068ca6f7cdea183c8681c306bc30cb223e7c5ce3a2fcf00d13e158475b3700ef62dcca46c57baecca4d91052e20b861a1a085d5fc8e99aed8c4a9cfd550d01e54ef5062133befcf7f9ea6a5a1d1575a72cd82279f34030203010001a321301f301d0603551d0e04160414ec7ccdaf8ccdc6dd1b87d4b561582ad8ec397b80300d06092a864886f70d01010b0500038201010014c557ecddc17ba8b979618036e7093b8e7307f624644532c31239f4dc83fd9424267ca7670fa9f78689cbc5bfd8a6312fdc214bd159d614a8753ceec0f2b2d9166217895b13c992e1d10ca625a3153dacfa51dbdb7fde139bd59510f5add29f88be3826b445ce7386dcf06577be72fbdf118fa81179091fad275981409e02d40422d8e86df5827a2c496a4b905b4825c3f1ba0af4cf509bf9b0d4d608cf0b4320ac60d1a8cbcc384de24f11a4c93c0fc5b887cbd6855871af1b1ef729c51a8a123efc6a627b6494e81a264587443b9156ad17772863c2f9685fae9c72a552b333f8ef2822bce5d4d178e45b3a8dd4e321924f6a5ba43f732971a9e74cbf0433), time=2 ms
05-06 14:25:11.496  4512  4531 D APIInterceptor: intercept original headers:
05-06 14:25:11.496  4512  4531 D APIInterceptor: Host: graph.oculus.com
05-06 14:25:11.496  4512  4531 D APIInterceptor: Connection: Keep-Alive
05-06 14:25:11.496  4512  4531 D APIInterceptor: Accept-Encoding: gzip
05-06 14:25:11.496  4512  4531 D APIInterceptor: User-Agent: okhttp/3.6.0
05-06 14:25:11.496  4512  4529 D APIInterceptor: intercept original headers:
05-06 14:25:11.496  4512  4529 D APIInterceptor: Host: graph.oculus.com
05-06 14:25:11.496  4512  4529 D APIInterceptor: Connection: Keep-Alive
05-06 14:25:11.496  4512  4529 D APIInterceptor: Accept-Encoding: gzip
05-06 14:25:11.496  4512  4529 D APIInterceptor: User-Agent: okhttp/3.6.0
05-06 14:25:11.497  4512  4530 D APIInterceptor: intercept original headers:
05-06 14:25:11.497  4512  4530 D APIInterceptor: Host: graph.oculus.com
05-06 14:25:11.497  4512  4530 D APIInterceptor: Connection: Keep-Alive
05-06 14:25:11.497  4512  4530 D APIInterceptor: Accept-Encoding: gzip
05-06 14:25:11.497  4512  4530 D APIInterceptor: User-Agent: okhttp/3.6.0
05-06 14:25:11.499  4512  4531 D APIInterceptor: intercept modified headers:
05-06 14:25:11.499  4512  4531 D APIInterceptor: Host: graph.oculus.com
05-06 14:25:11.499  4512  4531 D APIInterceptor: Connection: Keep-Alive
05-06 14:25:11.499  4512  4531 D APIInterceptor: Accept-Encoding: gzip
05-06 14:25:11.499  4512  4531 D APIInterceptor: X-Build-Model: Oculus Quest
05-06 14:25:11.499  4512  4531 D APIInterceptor: X-Build-Number: 210938855
05-06 14:25:11.499  4512  4531 D APIInterceptor: X-ANDROID-ID: 13720d2a49fddeae
05-06 14:25:11.499  4512  4531 D APIInterceptor: X-OC-Selected-Headset-Serial: 1PASH9BQ720132
05-06 14:25:11.499  4512  4531 D APIInterceptor: X-OC-VrShell-Build-Name: 16.0.0.139.450
05-06 14:25:11.499  4512  4531 D APIInterceptor: User-Agent: Dalvik/2.1.0 (Linux; U; Android 7.1.1; Quest Build/NGI77B) [FBAN/OculusHomeShell;FBAV/16.0.0.138.450;FBDV/Quest;FBCR/null;FBLC/en_GB;FBSV/7.1.1;FBBD/oculus;FBBV/210938855;FBCA/armeabi-v7a:armeabi;FBMF/Oculus;FBPN/com.oculus.vrshell.home;]
05-06 14:25:11.499  4512  4531 D APIInterceptor: Accept-Language: en_GB
05-06 14:25:11.500  4512  4529 D APIInterceptor: intercept modified headers:
05-06 14:25:11.500  4512  4529 D APIInterceptor: Host: graph.oculus.com
05-06 14:25:11.500  4512  4529 D APIInterceptor: Connection: Keep-Alive
05-06 14:25:11.500  4512  4529 D APIInterceptor: Accept-Encoding: gzip
05-06 14:25:11.500  4512  4529 D APIInterceptor: X-Build-Model: Oculus Quest
05-06 14:25:11.500  4512  4529 D APIInterceptor: X-Build-Number: 210938855
05-06 14:25:11.500  4512  4529 D APIInterceptor: X-ANDROID-ID: 13720d2a49fddeae
05-06 14:25:11.500  4512  4529 D APIInterceptor: X-OC-Selected-Headset-Serial: 1PASH9BQ720132
05-06 14:25:11.500  4512  4529 D APIInterceptor: X-OC-VrShell-Build-Name: 16.0.0.139.450
05-06 14:25:11.500  4512  4529 D APIInterceptor: User-Agent: Dalvik/2.1.0 (Linux; U; Android 7.1.1; Quest Build/NGI77B) [FBAN/OculusHomeShell;FBAV/16.0.0.138.450;FBDV/Quest;FBCR/null;FBLC/en_GB;FBSV/7.1.1;FBBD/oculus;FBBV/210938855;FBCA/armeabi-v7a:armeabi;FBMF/Oculus;FBPN/com.oculus.vrshell.home;]
05-06 14:25:11.500  4512  4529 D APIInterceptor: Accept-Language: en_GB
05-06 14:25:11.512  4512  4530 D APIInterceptor: intercept modified headers:
05-06 14:25:11.512  4512  4530 D APIInterceptor: Host: graph.oculus.com
05-06 14:25:11.512  4512  4530 D APIInterceptor: Connection: Keep-Alive
05-06 14:25:11.512  4512  4530 D APIInterceptor: Accept-Encoding: gzip
05-06 14:25:11.512  4512  4530 D APIInterceptor: X-Build-Model: Oculus Quest
05-06 14:25:11.512  4512  4530 D APIInterceptor: X-Build-Number: 210938855
05-06 14:25:11.512  4512  4530 D APIInterceptor: X-ANDROID-ID: 13720d2a49fddeae
05-06 14:25:11.512  4512  4530 D APIInterceptor: X-OC-Selected-Headset-Serial: 1PASH9BQ720132
05-06 14:25:11.512  4512  4530 D APIInterceptor: X-OC-VrShell-Build-Name: 16.0.0.139.450
05-06 14:25:11.512  4512  4530 D APIInterceptor: User-Agent: Dalvik/2.1.0 (Linux; U; Android 7.1.1; Quest Build/NGI77B) [FBAN/OculusHomeShell;FBAV/16.0.0.138.450;FBDV/Quest;FBCR/null;FBLC/en_GB;FBSV/7.1.1;FBBD/oculus;FBBV/210938855;FBCA/armeabi-v7a:armeabi;FBMF/Oculus;FBPN/com.oculus.vrshell.home;]
05-06 14:25:11.512  4512  4530 D APIInterceptor: Accept-Language: en_GB
05-06 14:25:11.513  4512  4524 I PanelService: verifyVrShellUID(Debug Signatures=false, uid=10028) => apkSignatureResult=SigCertInfo(isTrusted=true, packageNames=[com.oculus.vrshell], signature=3082038d30820275a00302010202041303858a300d06092a864886f70d01010b05003077310b3009060355040613025553310b3009060355040813024341311330110603550407130a4d656e6c6f205061726b31173015060355040a130e4f63756c75732056522c204c4c4331173015060355040b130e4f63756c75732056522c204c4c43311430120603550403130b4f63756c75732041707073301e170d3134313033303231343032315a170d3432303331373231343032315a3077310b3009060355040613025553310b3009060355040813024341311330110603550407130a4d656e6c6f205061726b31173015060355040a130e4f63756c75732056522c204c4c4331173015060355040b130e4f63756c75732056522c204c4c43311430120603550403130b4f63756c7573204170707330820122300d06092a864886f70d01010105000382010f003082010a0282010100a34c7fbd96dea95d811f21a0d760cabca85f2df5dbe19b62aca7a3e3e0b6e48f7e173345f2753c458d639cc2e222eeee4cfb5e89ac1c5060044414056709a43a7f1a6f1e4f2c3d708c48912634be08ad6da1fff92d9c0d4b85e4bc8a8b1c27de84c04eb1e6577c10693500af46beaf7bd2ce72a06a46f4e565859f242cecbef1a431ae8096db712cebe73840bacc64de6b99077ba1ca8c20e5d0b4870bd161f087abbf568dfef58e604068ca6f7cdea183c8681c306bc30cb223e7c5ce3a2fcf00d13e158475b3700ef62dcca46c57baecca4d91052e20b861a1a085d5fc8e99aed8c4a9cfd550d01e54ef5062133befcf7f9ea6a5a1d1575a72cd82279f34030203010001a321301f301d0603551d0e04160414ec7ccdaf8ccdc6dd1b87d4b561582ad8ec397b80300d06092a864886f70d01010b0500038201010014c557ecddc17ba8b979618036e7093b8e7307f624644532c31239f4dc83fd9424267ca7670fa9f78689cbc5bfd8a6312fdc214bd159d614a8753ceec0f2b2d9166217895b13c992e1d10ca625a3153dacfa51dbdb7fde139bd59510f5add29f88be3826b445ce7386dcf06577be72fbdf118fa81179091fad275981409e02d40422d8e86df5827a2c496a4b905b4825c3f1ba0af4cf509bf9b0d4d608cf0b4320ac60d1a8cbcc384de24f11a4c93c0fc5b887cbd6855871af1b1ef729c51a8a123efc6a627b6494e81a264587443b9156ad17772863c2f9685fae9c72a552b333f8ef2822bce5d4d178e45b3a8dd4e321924f6a5ba43f732971a9e74cbf0433), time=13 ms
05-06 14:25:11.516  4512  4512 I PanelService: Creating panel app with environment {_oc_userid="102449717587751", _oc_shell_panel_bundle_configuration="{"NONE":null}", _oc_gk:oculus_mobile_sysux_unified_dialogs_v9="true", _oc_shell_pixel_density="13", _oc_shell_panel_app_index="2", _oc_gk:oculus_vrshell_launch_checks="true", _oc_shell_permissions="permissionsGranted camera write_storage microphone", uri="/prime", _oc_device_type="259", _oc_shell_version_code="210946745", _oc_shell_version_name="16.0.0.139.450", _oc_shell_panel_id="9", _oc_device_region="0", _oc_launch_timestamp="640699", _oc_shell_automation_enabled="false", _oc_headset_type="256", _oc_gk:oculus_mobile_home_js_bundle="true", _oc_shell_render_scale="1.000000", _oc_shell_feature_sets="multi-layer-v1,mirror-avatar-v1,system-ux-routes-v1,deeplink-nav-v1,clock-levels-v1,layerTranslate-v1,layerScaleDensity-v1,layerScaleDensity-v2,multiapp-alpha-v1,multiapp-v1", _oc_enterprise_mode="false", _oc_analytics_session_id="4cc36eb3-d167-454f-861b-969daa93a77c", _oc_shell_view_id_debugging_enabled="false", _oc_gk:oculus_mobile_sysux_lightweight_releases="true", _oc_shell_host="vrshell", _oc_gearvr_developer_mode="true"}
05-06 14:25:11.516  4512  4512 I HomeApplication: onUserId
05-06 14:25:11.517  4512  4551 I panelapp: timestamp Panel_Create numWindows 5
05-06 14:25:11.517  4512  4551 I panelapp: Successfully parsed shell version name 16.0.0.139.450 with release 16, hotfix 0, experimentation 0, beta 139, and alpha 450.
05-06 14:25:11.520  4512  4551 W System  : ClassLoader referenced unknown path: /system/app/Horizon/lib/arm
05-06 14:25:11.521  4512  4551 D ApplicationLoaders: ignored Vulkan layer search path /system/app/Horizon/lib/arm:/system/fake-libs:/system/app/Horizon/Horizon.apk!/lib/armeabi-v7a:/system/lib:/vendor/lib for namespace 0xe9098090
05-06 14:25:11.533  4512  4551 I OVRPlatform: [LoaderUtils] PlatformSDK check API compatibility (requested api = 1.1.44.0, implementation = 1.1.48.0)
05-06 14:25:11.535  4512  4551 I OVRPlatform: [Context] ConfigOption DisableFbns =>  1
05-06 14:25:11.535  4512  4551 I OVRPlatform: [Context] ConfigOption DisableP2pNetworking =>  0
05-06 14:25:11.535  4512  4551 I OVRPlatform: [RequestStopwatch] ovr_PlatformInitializeAndroidAsynchronous took 0.5110 milliseconds
05-06 14:25:11.535  4512  4551 I OCPlatformModule: timestamp request accesstoken
05-06 14:25:11.536  4512  4551 I AnalyticsLogger: Got HashMapClass
05-06 14:25:11.536  4512  4551 I AnalyticsLogger: Got OculusLoggerClass
05-06 14:25:11.536  4512  4551 I AnalyticsLogger: Got reportEventMethod
05-06 14:25:11.536  4512  4551 I AnalyticsLogger: Got reportVersionedEventMethod
05-06 14:25:11.536  4512  4551 I AnalyticsLogger: Got reportQuickExperimentExposureMethod
05-06 14:25:11.536  4512  4551 I panelapp: PanelSize 1328 528
05-06 14:25:11.541  4512  4564 D JVM     : JVM::Initialize@[tid=4564]
05-06 14:25:11.541  4512  4564 D JVM     : JVM::JVM@[tid=4564]
05-06 14:25:11.544  4512  4562 D OVRServiceSynchronous: isServiceAvailable matched: 1
05-06 14:25:11.546  2119  2229 I LibraryProvider: running queryAllApps() for com.oculus.vrshell.home
05-06 14:25:11.547  4512  4553 D OVR     : Registered OVRPlatformBroadcastReceiver
05-06 14:25:11.547  4512  4553 I OVR     : Initialized OVRPlatform with returnComponent com.oculus.vrshell.home/com.oculus.vrshell.home.ExploreService
05-06 14:25:11.550  4512  4512 D OVRServiceSynchronous: Service connected.
05-06 14:25:11.575  4512  4551 I RCTVR   : language 'en-rGB'
05-06 14:25:11.576  4512  4551 I BundleHelper: Retrieve override bundle from allowed bundles in the BundleConfiguration
05-06 14:25:11.576  4512  4551 I BundleHelper:   And if installed locally
05-06 14:25:11.576  4512  4551 I BundleHelper: Bundle configuration - No service 'EXPLORE' found. Skipping.
05-06 14:25:11.576  4512  4551 I BundleHelper: No JS Bundles are allowed.
05-06 14:25:11.576  4512  4551 I RCTVR   : [TIMESTAMP] : ReactPlayerCommon : 641.126006931000006
05-06 14:25:11.576  4512  4551 I RCTVR   : ReactPlayer: config shell version 16.0.0.139.450
05-06 14:25:11.576  4512  4551 I RCTVR   : ReactPlayer: config automation enabled false
05-06 14:25:11.576  4512  4551 I RCTVR   : ReactPlayerCommon: Init
05-06 14:25:11.578  4512  4551 I RCTVR   : [TIMESTAMP] : ReactPlayer_InitReactNativeContext_Start : 641.127751879000016
05-06 14:25:11.580  4512  4567 I RCTVR   : JavaScript[0xde943c68], Avg 0.0141670000739395618, Max 0.0141670000739395618, MaxInLast 0.0141670000739395618
05-06 14:25:11.580  4512  4567 I RCTVR_HERMES: Hermes Mem: numCollections 0, allocatedBytes 108848, heapSize 9265152, va 8388608
05-06 14:25:11.582  4512  4551 I RCTVR   : AsyncLocalStorage '/data/user/0/com.oculus.vrshell.home/files'
