05-04 16:21:03.285   721  4583 I [CT]    : Magnetometer: Total Dropped: 0.000000, Total Sample Count: 711 (0.000000%)
05-04 16:21:03.285   721  4583 I [CT]    : 
05-04 16:21:03.285   721  4583 I [CT]    : Reporter #1 (InsideOutHealthMonitor) Passed
05-04 16:21:03.285   721  4583 I [CT]    : --------------------------------------------------
05-04 16:21:03.285   721  4583 I [CT]    : Reporter #2 (ConstellationHealthMonitor) summary:
05-04 16:21:03.285   721  4583 I [CT]    : Camera: Total Dropped: 0.000000, Total Frame Count: 587 (0.000000%), Camera Reset Count: 1
05-04 16:21:03.285   721  4583 I [CT]    : Camera: Total Single Camera Frame Dropped: 0, Total Frame Count: 587 (0.000000%)
05-04 16:21:03.285   721  4583 I [CT]    : Controller 7745273921483883046:
05-04 16:21:03.285   721  4583 I [CT]    : IMU: Capture period exceeded threshold.  Largest period: 2.906575 sec
05-04 16:21:03.285   721  4583 I [CT]    : Controllers may have been sleeping
05-04 16:21:03.285   721  4583 I [CT]    : IMU: Total Dropped: 0.000000, Total Sample Count: 10451.463000 (0.000000%)
05-04 16:21:03.285   721  4583 I [CT]    : Controller 0:
05-04 16:21:03.285   721  4583 I [CT]    : No samples have been rec
05-04 16:21:03.291  4448  4759 I Telemetry: App memory usage: PSS=927MB DalvikPSS=2 MB
05-04 16:21:03.292  4448  4759 I VrApi   : FPS=1,Prd=0ms,Tear=0,Early=0,Stale=72,VSnc=0,Lat=1,Fov=0,CPU4/GPU=0/0,1958/670MHz,OC=FF,TA=0/0/0,SP=N/N/N,Mem=1804MHz,Free=1416MB,PSM=0,PLS=0,Temp=31.0C/0.0C,TW=3.05ms,App=14.73ms,GD=8.13ms,CPU&GPU=0.00ms,LCnt=1,GPU%=0.84,CPU%=0.33(W0.48),DSF=1.00
05-04 16:21:03.550   721  4516 I [CT]    : boltlib: DSP utilization(%): 36
05-04 16:21:03.967  4448  4759 I VrApi   : FPS=1,Prd=4ms,Tear=0,Early=0,Stale=64,VSnc=0,Lat=1,Fov=0,CPU4/GPU=3/4,1958/670MHz,OC=FF,TA=0/E0/E0,SP=N/F/F,Mem=1804MHz,Free=1415MB,PSM=0,PLS=0,Temp=31.0C/0.0C,TW=1.25ms,App=12.24ms,GD=0.00ms,CPU&GPU=14.03ms,LCnt=1,GPU%=0.84,CPU%=0.27(W0.35),DSF=1.00
05-04 16:21:04.050   721  4582 I [CT]    : MANAGEMENT:CONSTELLATION: Status=GREEN,, Obj=7745273921483883046,6DOF=1,FusJit=0.004mm,Issues(Cam/min=  0,IMU/min=0)
05-04 16:21:04.726  1079  1226 E TaskPersister: File error accessing recents directory (directory doesn't exist?).
05-04 16:21:04.968  4448  4759 I VrApi   : FPS=67,Prd=41ms,Tear=0,Early=0,Stale=8,VSnc=1,Lat=1,Fov=0,CPU4/GPU=3/4,1958/670MHz,OC=FF,TA=0/E0/E0,SP=N/F/F,Mem=1804MHz,Free=1416MB,PSM=0,PLS=0,Temp=31.0C/0.0C,TW=1.27ms,App=14.04ms,GD=0.00ms,CPU&GPU=18.25ms,LCnt=1,GPU%=0.98,CPU%=0.26(W0.41),DSF=1.00
05-04 16:21:05.045   721  4583 I [CT]    : VIPER:MAP_MANAGER: State: TRACKING_PERSISTENT, UUID=d18585e8-d288-4997-b6ff-78495c7eed6a, Num. Persistent maps = 1,  Persistent maps:d18585e8-d288-4997-b6ff-78495c7eed6a,, Ser. Disabled = 00000000-0000-0000-0000-000000000000
05-04 16:21:05.084   721  4583 I [CT]    : VIPER: Status=6DoF,TRACKING,KF=178,Inl=394,Pts=593,Jit=0.2mm,Issues(Cam/min=0.0,IMU/min=0.0),Exp=(6.3ms,g=8.0,I=77)(5.8ms,g=5.0,I=69)(6.3ms,g=8.0,I=62)(6.2ms,g=5.0,I=68)
05-04 16:21:05.510  2128  4607 I Clocks  : SetSchedFifo( tid=4465, pri=0 ) succeeded
05-04 16:21:05.511  2128  4607 I Clocks  : SetSchedFifo( tid=4772, pri=0 ) succeeded
05-04 16:21:05.511  2128  4607 I Clocks  : SetSchedFifo( tid=4774, pri=0 ) succeeded
05-04 16:21:05.512  2128  4607 I Clocks  : SetSchedFifo( tid=2393, pri=0 ) succeeded
05-04 16:21:05.538  2128  4607 I Clocks  : SetSchedFifo( tid=4465, pri=1 ) succeeded
05-04 16:21:05.538  2128  4607 I Clocks  : SetSchedFifo( tid=4772, pri=1 ) succeeded
05-04 16:21:05.539  2128  4607 I Clocks  : SetSchedFifo( tid=4774, pri=1 ) succeeded
05-04 16:21:05.539  2128  4607 I Clocks  : SetSchedFifo( tid=2393, pri=1 ) succeeded
05-04 16:21:05.539  2128  4607 I TimeWarp: UpdateClockLevels: Apply pending clock request change: 3,4 -> 4,4
05-04 16:21:05.539  2128  4601 I Clocks  : ReleaseClocks - start
05-04 16:21:05.539   727   727 D         : CPU_CLUSTER_0: No client requests exists, release clocks
05-04 16:21:05.540   727   727 D         : CPU_CLUSTER_1: No client requests exists, release clocks
05-04 16:21:05.540   727   727 D         : GPU: No client requests exists, release clocks
05-04 16:21:05.540   727   727 D         : CPUBW: No client requests exists, release clocks
05-04 16:21:05.541  2128  4601 I Clocks  : ReleaseClocks - end (1.4 ms)
05-04 16:21:05.541  2128  4601 I Clocks  : LockClocks( cpu=4, gpu=4 ) - start
05-04 16:21:05.541  2128  4601 I Clocks  : CPU levels [0, 4]
05-04 16:21:05.541  2128  4601 I Clocks  : GPU levels [0, 5]
05-04 16:21:05.541   727  1317 D         : CPU_CLUSTER_0: Client 2128 sends freq request [21, 21]
05-04 16:21:05.542   727  1317 D         : CPU_CLUSTER_0: Next Perf Level = (21, 21)
05-04 16:21:05.542   727  1317 D         : CPU_CLUSTER_1: Client 2128 sends freq request [26, 26]
05-04 16:21:05.542   727  1317 D         : CPU_CLUSTER_1: Next Perf Level = (26, 26)
05-04 16:21:05.542   727  1317 D         : CPUBW: Client 2128 sends freq request [8, 11]
05-04 16:21:05.542   727  1317 D         : CPUBW: Next Perf Level = (8, 11)
05-04 16:21:05.542   727  1317 D         : GPU: Client 2128 sends freq request [6, 6]
05-04 16:21:05.542   727  1317 D         : GPU: Next Perf Level = (6, 6)
05-04 16:21:05.542  2128  4601 I Clocks  : LockClocks( cpu=4, gpu=4 ) - end (1.3 ms)
05-04 16:21:05.971  4448  4759 I VrApi   : FPS=71,Prd=44ms,Tear=0,Early=0,Stale=9,VSnc=1,Lat=1,Fov=0,CPU4/GPU=3/4,2304/670MHz,OC=FF,TA=0/E0/E0,SP=N/F/F,Mem=1804MHz,Free=1413MB,PSM=0,PLS=0,Temp=31.0C/0.0C,TW=1.29ms,App=15.27ms,GD=0.00ms,CPU&GPU=19.82ms,LCnt=1,GPU%=0.63,CPU%=0.26(W0.53),DSF=1.00
05-04 16:21:06.963  4448  4759 I VrApi   : FPS=55,Prd=44ms,Tear=0,Early=0,Stale=31,VSnc=1,Lat=1,Fov=0,CPU4/GPU=4/4,2304/670MHz,OC=FF,TA=0/E0/E0,SP=N/F/F,Mem=1804MHz,Free=1420MB,PSM=0,PLS=0,Temp=31.0C/0.0C,TW=1.30ms,App=13.77ms,GD=0.00ms,CPU&GPU=26.35ms,LCnt=1,GPU%=0.97,CPU%=0.26(W0.32),DSF=1.00
05-04 16:21:07.650   721  4582 I [CT]    : MANAGEMENT:CONSTELLATION: Status=GREEN,, Obj=7745273921483883046,6DOF=1,FusJit=0.007mm,Issues(Cam/min=  0,IMU/min=0)
05-04 16:21:07.963  4448  4759 I VrApi   : FPS=68,Prd=44ms,Tear=0,Early=0,Stale=9,VSnc=1,Lat=1,Fov=0,CPU4/GPU=4/4,2304/670MHz,OC=FF,TA=0/E0/E0,SP=N/F/F,Mem=1804MHz,Free=1423MB,PSM=0,PLS=0,Temp=31.0C/0.0C,TW=1.25ms,App=13.90ms,GD=0.00ms,CPU&GPU=23.21ms,LCnt=1,GPU%=0.94,CPU%=0.28(W0.32),DSF=1.00
05-04 16:21:08.461  2128  4607 I TimeWarp: UpdateClockLevels: Apply pending clock request change: 4,4 -> 3,4
05-04 16:21:08.461  2128  4601 I Clocks  : ReleaseClocks - start
05-04 16:21:08.461   727  1317 D         : CPU_CLUSTER_0: No client requests exists, release clocks
05-04 16:21:08.462   727  1317 D         : CPU_CLUSTER_1: No client requests exists, release clocks
05-04 16:21:08.462   727  1317 D         : GPU: No client requests exists, release clocks
05-04 16:21:08.462   727  1317 D         : CPUBW: No client requests exists, release clocks
05-04 16:21:08.463  2128  4601 I Clocks  : ReleaseClocks - end (1.6 ms)
05-04 16:21:08.463  2128  4601 I Clocks  : LockClocks( cpu=3, gpu=4 ) - start
05-04 16:21:08.463  2128  4601 I Clocks  : CPU levels [0, 4]
05-04 16:21:08.463  2128  4601 I Clocks  : GPU levels [0, 5]
05-04 16:21:08.464   727  2687 D         : CPU_CLUSTER_0: Client 2128 sends freq request [21, 21]
05-04 16:21:08.464   727  2687 D         : CPU_CLUSTER_0: Next Perf Level = (21, 21)
05-04 16:21:08.464   727  2687 D         : CPU_CLUSTER_1: Client 2128 sends freq request [22, 22]
05-04 16:21:08.464   727  2687 D         : CPU_CLUSTER_1: Next Perf Level = (22, 22)
05-04 16:21:08.464   727  2687 D         : CPUBW: Client 2128 sends freq request [8, 11]
05-04 16:21:08.464   727  2687 D         : CPUBW: Next Perf Level = (8, 11)
05-04 16:21:08.464   727  2687 D         : GPU: Client 2128 sends freq request [6, 6]
05-04 16:21:08.464   727  2687 D         : GPU: Next Perf Level = (6, 6)
05-04 16:21:08.464  2128  4601 I Clocks  : LockClocks( cpu=3, gpu=4 ) - end (1.4 ms)
05-04 16:21:08.645   721  4583 I [CT]    : VIPER:MAP_MANAGER: State: TRACKING_PERSISTENT, UUID=d18585e8-d288-4997-b6ff-78495c7eed6a, Num. Persistent maps = 1,  Persistent maps:d18585e8-d288-4997-b6ff-78495c7eed6a,, Ser. Disabled = 00000000-0000-0000-0000-000000000000
05-04 16:21:08.685   721  4583 I [CT]    : VIPER: Status=6DoF,TRACKING,KF=177,Inl=355,Pts=614,Jit=0.4mm,Issues(Cam/min=0.0,IMU/min=0.0),Exp=(6.1ms,g=7.0,I=71)(5.4ms,g=5.0,I=66)(6.1ms,g=7.0,I=70)(5.4ms,g=4.0,I=64)
05-04 16:21:08.968  4448  4759 I VrApi   : FPS=72,Prd=44ms,Tear=0,Early=0,Stale=0,VSnc=1,Lat=1,Fov=0,CPU4/GPU=4/4,1958/670MHz,OC=FF,TA=0/E0/E0,SP=N/F/F,Mem=1554MHz,Free=1421MB,PSM=0,PLS=0,Temp=31.0C/0.0C,TW=1.28ms,App=12.79ms,GD=0.00ms,CPU&GPU=20.01ms,LCnt=1,GPU%=0.92,CPU%=0.30(W0.36),DSF=1.00
05-04 16:21:09.285   721  4583 I [CT]    : HealthReport: ==================================================
05-04 16:21:09.285   721  4583 I [CT]    : Health Report
05-04 16:21:09.285   721  4583 I [CT]    : -------------
05-04 16:21:09.285   721  4583 I [CT]    : 
05-04 16:21:09.285   721  4583 I [CT]    : Reporter #1 (InsideOutHealthMonitor) summary:
05-04 16:21:09.285   721  4583 I [CT]    : Camera: Total Dropped: 0.000000, Total Frame Count: 736 (0.000000%), Camera Reset Count: 0
05-04 16:21:09.285   721  4583 I [CT]    : Camera: Total Single Camera Frame Dropped: 0, Total Frame Count: 736 (0.000000%)
05-04 16:21:09.285   721  4583 I [CT]    : IMU: Total Dropped: 0.000000, Total Sample Count: 29687 (0.000000%)
05-04 16:21:09.285   721  4583 I [CT]    : Magnetometer: Total Dropped: 0.000000, Total Sample Count: 891 (0.000000%)
05-04 16:21:09.285   721  4583 I [CT]    : 
05-04 16:21:09.285   721  4583 I [CT]    : Reporter #1 (InsideOutHealthMonitor) Passed
05-04 16:21:09.285   721  4583 I [CT]    : --------------------------------------------------
05-04 16:21:09.285   721  4583 I [CT]    : Reporter #2 (ConstellationHealthMonitor) summary:
05-04 16:21:09.285   721  4583 I [CT]    : Camera: Total Dropped: 0.000000, Total Frame Count: 737 (0.000000%), Camera Reset Count: 1
05-04 16:21:09.285   721  4583 I [CT]    : Camera: Total Single Camera Frame Dropped: 0, Total Frame Count: 737 (0.000000%)
05-04 16:21:09.285   721  4583 I [CT]    : Controller 7745273921483883046:
05-04 16:21:09.285   721  4583 I [CT]    : IMU: Capture period exceeded threshold.  Largest period: 2.906575 sec
05-04 16:21:09.285   721  4583 I [CT]    : Controllers may have been sleeping
05-04 16:21:09.285   721  4583 I [CT]    : IMU: Total Dropped: 0.000000, Total Sample Count: 13451.600500 (0.000000%)
05-04 16:21:09.285   721  4583 I [CT]    : Controller 0:
05-04 16:21:09.285   721  4583 I [CT]    : No samples have been rec
05-04 16:21:09.551   721  4516 I [CT]    : boltlib: DSP utilization(%): 17
05-04 16:21:09.700  2128  4607 I TimeWarp: UpdateClockLevels: Apply pending clock request change: 3,4 -> 4,4
05-04 16:21:09.700  2128  4601 I Clocks  : ReleaseClocks - start
05-04 16:21:09.701   727   727 D         : CPU_CLUSTER_0: No client requests exists, release clocks
05-04 16:21:09.701   727   727 D         : CPU_CLUSTER_1: No client requests exists, release clocks
05-04 16:21:09.701   727   727 D         : GPU: No client requests exists, release clocks
05-04 16:21:09.701   727   727 D         : CPUBW: No client requests exists, release clocks
05-04 16:21:09.702  2128  4601 I Clocks  : ReleaseClocks - end (1.6 ms)
05-04 16:21:09.702  2128  4601 I Clocks  : LockClocks( cpu=4, gpu=4 ) - start
05-04 16:21:09.702  2128  4601 I Clocks  : CPU levels [0, 4]
05-04 16:21:09.702  2128  4601 I Clocks  : GPU levels [0, 5]
05-04 16:21:09.703   727  1317 D         : CPU_CLUSTER_0: Client 2128 sends freq request [21, 21]
05-04 16:21:09.703   727  1317 D         : CPU_CLUSTER_0: Next Perf Level = (21, 21)
05-04 16:21:09.703   727  1317 D         : CPU_CLUSTER_1: Client 2128 sends freq request [26, 26]
05-04 16:21:09.703   727  1317 D         : CPU_CLUSTER_1: Next Perf Level = (26, 26)
05-04 16:21:09.703   727  1317 D         : CPUBW: Client 2128 sends freq request [8, 11]
05-04 16:21:09.703   727  1317 D         : CPUBW: Next Perf Level = (8, 11)
05-04 16:21:09.703   727  1317 D         : GPU: Client 2128 sends freq request [6, 6]
05-04 16:21:09.703   727  1317 D         : GPU: Next Perf Level = (6, 6)
05-04 16:21:09.703  2128  4601 I Clocks  : LockClocks( cpu=4, gpu=4 ) - end (1.6 ms)
05-04 16:21:09.966  4448  4759 I VrApi   : FPS=71,Prd=45ms,Tear=0,Early=0,Stale=4,VSnc=1,Lat=1,Fov=0,CPU4/GPU=3/4,2304/670MHz,OC=FF,TA=0/E0/E0,SP=N/F/F,Mem=1804MHz,Free=1420MB,PSM=0,PLS=0,Temp=31.0C/0.0C,TW=1.28ms,App=14.26ms,GD=0.00ms,CPU&GPU=16.83ms,LCnt=1,GPU%=1.00,CPU%=0.26(W0.32),DSF=1.00
05-04 16:21:10.962  4448  4759 I VrApi   : FPS=67,Prd=44ms,Tear=0,Early=13,Stale=7,VSnc=1,Lat=1,Fov=0,CPU4/GPU=4/4,2304/670MHz,OC=FF,TA=0/E0/E0,SP=N/F/F,Mem=1804MHz,Free=1417MB,PSM=0,PLS=0,Temp=31.0C/0.0C,TW=1.25ms,App=9.36ms,GD=0.00ms,CPU&GPU=19.49ms,LCnt=1,GPU%=0.72,CPU%=0.33(W0.38),DSF=1.00
05-04 16:21:11.250   721  4582 I [CT]    : MANAGEMENT:CONSTELLATION: Status=GREEN,, Obj=7745273921483883046,6DOF=1,FusJit=0.007mm,Issues(Cam/min=  0,IMU/min=0)
05-04 16:21:11.900  2128  4607 I TimeWarp: UpdateClockLevels: Apply pending clock request change: 4,4 -> 3,4
05-04 16:21:11.900  2128  4601 I Clocks  : ReleaseClocks - start
05-04 16:21:11.901   727  2687 D         : CPU_CLUSTER_0: No client requests exists, release clocks
05-04 16:21:11.901   727  2687 D         : CPU_CLUSTER_1: No client requests exists, release clocks
05-04 16:21:11.901   727  2687 D         : GPU: No client requests exists, release clocks
05-04 16:21:11.901   727  2687 D         : CPUBW: No client requests exists, release clocks
05-04 16:21:11.902  2128  4601 I Clocks  : ReleaseClocks - end (1.6 ms)
05-04 16:21:11.902  2128  4601 I Clocks  : LockClocks( cpu=3, gpu=4 ) - start
05-04 16:21:11.902  2128  4601 I Clocks  : CPU levels [0, 4]
05-04 16:21:11.902  2128  4601 I Clocks  : GPU levels [0, 5]
05-04 16:21:11.902   727  1317 D         : CPU_CLUSTER_0: Client 2128 sends freq request [21, 21]
05-04 16:21:11.902   727  1317 D         : CPU_CLUSTER_0: Next Perf Level = (21, 21)
05-04 16:21:11.903   727  1317 D         : CPU_CLUSTER_1: Client 2128 sends freq request [22, 22]
05-04 16:21:11.903   727  1317 D         : CPU_CLUSTER_1: Next Perf Level = (22, 22)
05-04 16:21:11.903   727  1317 D         : CPUBW: Client 2128 sends freq request [8, 11]
05-04 16:21:11.903   727  1317 D         : CPUBW: Next Perf Level = (8, 11)
05-04 16:21:11.903   727  1317 D         : GPU: Client 2128 sends freq request [6, 6]
05-04 16:21:11.903   727  1317 D         : GPU: Next Perf Level = (6, 6)
05-04 16:21:11.903  2128  4601 I Clocks  : LockClocks( cpu=3, gpu=4 ) - end (1.2 ms)
05-04 16:21:11.962  4448  4759 I VrApi   : FPS=72,Prd=45ms,Tear=0,Early=17,Stale=0,VSnc=1,Lat=1,Fov=0,CPU4/GPU=4/4,1958/670MHz,OC=FF,TA=0/E0/E0,SP=N/F/F,Mem=1804MHz,Free=1415MB,PSM=0,PLS=0,Temp=31.0C/0.0C,TW=1.26ms,App=12.42ms,GD=0.00ms,CPU&GPU=13.69ms,LCnt=1,GPU%=0.97,CPU%=0.31(W0.37),DSF=1.00
05-04 16:21:12.245   721  4583 I [CT]    : VIPER:MAP_MANAGER: State: TRACKING_PERSISTENT, UUID=d18585e8-d288-4997-b6ff-78495c7eed6a, Num. Persistent maps = 1,  Persistent maps:d18585e8-d288-4997-b6ff-78495c7eed6a,, Ser. Disabled = 00000000-0000-0000-0000-000000000000
05-04 16:21:12.284   721  4583 I [CT]    : VIPER: Status=6DoF,TRACKING,KF=179,Inl=342,Pts=615,Jit=0.7mm,Issues(Cam/min=0.0,IMU/min=0.0),Exp=(5.8ms,g=7.0,I=72)(5.9ms,g=4.0,I=68)(5.8ms,g=7.0,I=68)(5.0ms,g=5.0,I=69)
05-04 16:21:12.388   721  4574 I [CT]    : AdHocPatch: not initialized: waiting for reliable pose
05-04 16:21:12.963  4448  4759 I VrApi   : FPS=72,Prd=45ms,Tear=0,Early=0,Stale=0,VSnc=1,Lat=1,Fov=0,CPU4/GPU=3/4,1958/670MHz,OC=FF,TA=0/E0/E0,SP=N/F/F,Mem=1804MHz,Free=1412MB,PSM=0,PLS=0,Temp=31.0C/0.0C,TW=1.26ms,App=12.20ms,GD=0.00ms,CPU&GPU=16.35ms,LCnt=1,GPU%=0.90,CPU%=0.28(W0.43),DSF=1.00
05-04 16:21:13.471  4448  4467 D UE4     : [GameActivity] Used memory: 763013
05-04 16:21:13.544  1764  4796 I FbnsPushNotificationHandler: {"persisted_id":"","ndid":"42667c17-fe6c-4337-9b69-218cab0cf16dG5a4d2f4af4614G5d2d6f062f27G1fc0","extra_data":"{\"user_with_updated_status\":\"102449717587751\",\"presence\":\"Home | Quest\",\"app_id\":1031607236937163,\"friend_display_name\":\"Pau Fenollosa\"}","PushNotifID":"42667c17-fe6c-4337-9b69-218cab0cf16d"}
05-04 16:21:13.544  1764  4796 I NotificationReceiver: oculus_user_status
05-04 16:21:13.553  1764  4796 I NotificationReceiver: Notification cannot be toasted without a message. Hiding notif
05-04 16:21:13.780  2128  4607 I TimeWarp: UpdateClockLevels: Apply pending clock request change: 3,4 -> 4,4
05-04 16:21:13.780  2128  4601 I Clocks  : ReleaseClocks - start
05-04 16:21:13.780   727   727 D         : CPU_CLUSTER_0: No client requests exists, release clocks
05-04 16:21:13.781   727   727 D         : CPU_CLUSTER_1: No client requests exists, release clocks
05-04 16:21:13.781   727   727 D         : GPU: No client requests exists, release clocks
05-04 16:21:13.781   727   727 D         : CPUBW: No client requests exists, release clocks
05-04 16:21:13.781  2128  4601 I Clocks  : ReleaseClocks - end (1.6 ms)
05-04 16:21:13.782  2128  4601 I Clocks  : LockClocks( cpu=4, gpu=4 ) - start
05-04 16:21:13.782  2128  4601 I Clocks  : CPU levels [0, 4]
05-04 16:21:13.782  2128  4601 I Clocks  : GPU levels [0, 5]
05-04 16:21:13.782   727  1317 D         : CPU_CLUSTER_0: Client 2128 sends freq request [21, 21]
05-04 16:21:13.782   727  1317 D         : CPU_CLUSTER_0: Next Perf Level = (21, 21)
05-04 16:21:13.782   727  1317 D         : CPU_CLUSTER_1: Client 2128 sends freq request [26, 26]
05-04 16:21:13.783   727  1317 D         : CPU_CLUSTER_1: Next Perf Level = (26, 26)
05-04 16:21:13.783   727  1317 D         : CPUBW: Client 2128 sends freq request [8, 11]
05-04 16:21:13.783   727  1317 D         : CPUBW: Next Perf Level = (8, 11)
05-04 16:21:13.783   727  1317 D         : GPU: Client 2128 sends freq request [6, 6]
05-04 16:21:13.783   727  1317 D         : GPU: Next Perf Level = (6, 6)
05-04 16:21:13.783  2128  4601 I Clocks  : LockClocks( cpu=4, gpu=4 ) - end (1.9 ms)
05-04 16:21:13.964  4448  4759 I VrApi   : FPS=72,Prd=45ms,Tear=0,Early=0,Stale=0,VSnc=1,Lat=1,Fov=0,CPU4/GPU=3/4,2304/670MHz,OC=FF,TA=0/E0/E0,SP=N/F/F,Mem=1804MHz,Free=1404MB,PSM=0,PLS=0,Temp=31.0C/0.0C,TW=1.23ms,App=8.17ms,GD=0.00ms,CPU&GPU=16.60ms,LCnt=1,GPU%=0.66,CPU%=0.59(W0.90),DSF=1.00
05-04 16:21:14.495  3012  3080 I RCTVRNET: Request complete: time=938 name=OCRelayNetwork_ExploreWidgetsQueryRendererRefetchQuery docid=3281481848536696 traceid=G8jeFdxPAkX code=200
05-04 16:21:14.496  3012  3066 I RCTVR   : JavaScript[0xcc2af9d0], Avg 3061.08404894360638, Max 3537102.33931199973, MaxInLast 3537102.33931199973
05-04 16:21:14.496  3012  3066 I RCTVR_HERMES: Hermes Mem: numCollections 62, allocatedBytes 14083686, heapSize 23000352, va 20971520
05-04 16:21:14.850   721  4582 I [CT]    : MANAGEMENT:CONSTELLATION: Status=GREEN,, Obj=7745273921483883046,6DOF=1,FusJit=0.009mm,Issues(Cam/min=  0,IMU/min=0)
05-04 16:21:14.964  4448  4759 I VrApi   : FPS=68,Prd=40ms,Tear=0,Early=0,Stale=8,VSnc=1,Lat=1,Fov=0,CPU4/GPU=4/4,2304/670MHz,OC=FF,TA=0/E0/E0,SP=N/F/F,Mem=1804MHz,Free=1393MB,PSM=0,PLS=0,Temp=31.0C/0.0C,TW=1.20ms,App=8.22ms,GD=0.00ms,CPU&GPU=14.67ms,LCnt=1,GPU%=0.58,CPU%=0.52(W0.68),DSF=1.00
05-04 16:21:15.285   721  4583 I [CT]    : HealthReport: ==================================================
05-04 16:21:15.285   721  4583 I [CT]    : Health Report
05-04 16:21:15.285   721  4583 I [CT]    : -------------
05-04 16:21:15.285   721  4583 I [CT]    : 
05-04 16:21:15.285   721  4583 I [CT]    : Reporter #1 (InsideOutHealthMonitor) summary:
05-04 16:21:15.285   721  4583 I [CT]    : Camera: Total Dropped: 0.000000, Total Frame Count: 886 (0.000000%), Camera Reset Count: 0
05-04 16:21:15.285   721  4583 I [CT]    : Camera: Total Single Camera Frame Dropped: 0, Total Frame Count: 886 (0.000000%)
05-04 16:21:15.285   721  4583 I [CT]    : IMU: Total Dropped: 0.000000, Total Sample Count: 35689 (0.000000%)
05-04 16:21:15.285   721  4583 I [CT]    : Magnetometer: Total Dropped: 0.000000, Total Sample Count: 1071 (0.000000%)
05-04 16:21:15.285   721  4583 I [CT]    : 
05-04 16:21:15.285   721  4583 I [CT]    : Reporter #1 (InsideOutHealthMonitor) Passed
05-04 16:21:15.285   721  4583 I [CT]    : --------------------------------------------------
05-04 16:21:15.285   721  4583 I [CT]    : Reporter #2 (ConstellationHealthMonitor) summary:
05-04 16:21:15.285   721  4583 I [CT]    : Camera: Total Dropped: 0.000000, Total Frame Count: 887 (0.000000%), Camera Reset Count: 1
05-04 16:21:15.285   721  4583 I [CT]    : Camera: Total Single Camera Frame Dropped: 0, Total Frame Count: 887 (0.000000%)
05-04 16:21:15.285   721  4583 I [CT]    : Controller 7745273921483883046:
05-04 16:21:15.285   721  4583 I [CT]    : IMU: Capture period exceeded threshold.  Largest period: 2.906575 sec
05-04 16:21:15.285   721  4583 I [CT]    : Controllers may have been sleeping
05-04 16:21:15.285   721  4583 I [CT]    : IMU: Total Dropped: 0.000000, Total Sample Count: 16451.746000 (0.000000%)
05-04 16:21:15.285   721  4583 I [CT]    : Controller 0:
05-04 16:21:15.285   721  4583 I [CT]    : No samples have been re
05-04 16:21:15.551   721  4516 I [CT]    : boltlib: DSP utilization(%): 16
05-04 16:21:15.845   721  4583 I [CT]    : VIPER:MAP_MANAGER: State: TRACKING_PERSISTENT, UUID=d18585e8-d288-4997-b6ff-78495c7eed6a, Num. Persistent maps = 1,  Persistent maps:d18585e8-d288-4997-b6ff-78495c7eed6a,, Ser. Disabled = 00000000-0000-0000-0000-000000000000
05-04 16:21:15.885   721  4583 I [CT]    : VIPER: Status=6DoF,TRACKING,KF=176,Inl=320,Pts=622,Jit=0.5mm,Issues(Cam/min=0.0,IMU/min=0.0),Exp=(6.3ms,g=6.0,I=72)(4.0ms,g=3.0,I=67)(6.3ms,g=6.0,I=67)(5.5ms,g=4.0,I=68)
05-04 16:21:15.966  4448  4759 I VrApi   : FPS=71,Prd=42ms,Tear=0,Early=1,Stale=2,VSnc=1,Lat=1,Fov=0,CPU4/GPU=4/4,2304/670MHz,OC=FF,TA=0/E0/E0,SP=N/F/F,Mem=1804MHz,Free=1390MB,PSM=0,PLS=0,Temp=31.0C/0.0C,TW=1.23ms,App=13.81ms,GD=0.00ms,CPU&GPU=14.47ms,LCnt=1,GPU%=0.98,CPU%=0.51(W0.79),DSF=1.00
05-04 16:21:16.964  4448  4759 I VrApi   : FPS=72,Prd=44ms,Tear=0,Early=0,Stale=0,VSnc=1,Lat=1,Fov=0,CPU4/GPU=4/4,2304/670MHz,OC=FF,TA=0/E0/E0,SP=N/F/F,Mem=1804MHz,Free=1385MB,PSM=0,PLS=0,Temp=31.0C/0.0C,TW=1.22ms,App=14.76ms,GD=0.00ms,CPU&GPU=20.34ms,LCnt=1,GPU%=0.95,CPU%=0.54(W0.70),DSF=1.00
05-04 16:21:17.966  4448  4759 I VrApi   : FPS=72,Prd=44ms,Tear=0,Early=0,Stale=0,VSnc=1,Lat=1,Fov=0,CPU4/GPU=4/4,2304/670MHz,OC=FF,TA=0/E0/E0,SP=N/F/F,Mem=1804MHz,Free=1376MB,PSM=0,PLS=0,Temp=31.0C/0.0C,TW=1.29ms,App=13.61ms,GD=0.00ms,CPU&GPU=19.86ms,LCnt=1,GPU%=0.97,CPU%=0.57(W0.90),DSF=1.00
05-04 16:21:18.180  2128  4607 I TimeWarp: UpdateClockLevels: Apply pending clock request change: 4,4 -> 3,4
05-04 16:21:18.180  2128  4601 I Clocks  : ReleaseClocks - start
05-04 16:21:18.180   727   727 D         : CPU_CLUSTER_0: No client requests exists, release clocks
05-04 16:21:18.180   727   727 D         : CPU_CLUSTER_1: No client requests exists, release clocks
05-04 16:21:18.180   727   727 D         : GPU: No client requests exists, release clocks
05-04 16:21:18.181   727   727 D         : CPUBW: No client requests exists, release clocks
05-04 16:21:18.181  2128  4601 I Clocks  : ReleaseClocks - end (1.4 ms)
05-04 16:21:18.181  2128  4601 I Clocks  : LockClocks( cpu=3, gpu=4 ) - start
05-04 16:21:18.182  2128  4601 I Clocks  : CPU levels [0, 4]
05-04 16:21:18.182  2128  4601 I Clocks  : GPU levels [0, 5]
05-04 16:21:18.182   727  2687 D         : CPU_CLUSTER_0: Client 2128 sends freq request [21, 21]
05-04 16:21:18.182   727  2687 D         : CPU_CLUSTER_0: Next Perf Level = (21, 21)
05-04 16:21:18.182   727  2687 D         : CPU_CLUSTER_1: Client 2128 sends freq request [22, 22]
05-04 16:21:18.182   727  2687 D         : CPU_CLUSTER_1: Next Perf Level = (22, 22)
05-04 16:21:18.182   727  2687 D         : CPUBW: Client 2128 sends freq request [8, 11]
05-04 16:21:18.182   727  2687 D         : CPUBW: Next Perf Level = (8, 11)
05-04 16:21:18.183   727  2687 D         : GPU: Client 2128 sends freq request [6, 6]
05-04 16:21:18.183   727  2687 D         : GPU: Next Perf Level = (6, 6)
05-04 16:21:18.183  2128  4601 I Clocks  : LockClocks( cpu=3, gpu=4 ) - end (1.9 ms)
05-04 16:21:18.450   721  4582 I [CT]    : MANAGEMENT:CONSTELLATION: Status=GREEN,, Obj=7745273921483883046,6DOF=1,FusJit=0.001mm,Issues(Cam/min=  0,IMU/min=0)
05-04 16:21:18.598  2128  4607 I TimeWarp: UpdateClockLevels: Apply pending clock request change: 3,4 -> 4,4
05-04 16:21:18.598  2128  4601 I Clocks  : ReleaseClocks - start
05-04 16:21:18.599   727   727 D         : CPU_CLUSTER_0: No client requests exists, release clocks
05-04 16:21:18.599   727   727 D         : CPU_CLUSTER_1: No client requests exists, release clocks
05-04 16:21:18.599   727   727 D         : GPU: No client requests exists, release clocks
05-04 16:21:18.599   727   727 D         : CPUBW: No client requests exists, release clocks
05-04 16:21:18.600  2128  4601 I Clocks  : ReleaseClocks - end (1.5 ms)
05-04 16:21:18.600  2128  4601 I Clocks  : LockClocks( cpu=4, gpu=4 ) - start
05-04 16:21:18.600  2128  4601 I Clocks  : CPU levels [0, 4]
05-04 16:21:18.600  2128  4601 I Clocks  : GPU levels [0, 5]
05-04 16:21:18.601   727  1317 D         : CPU_CLUSTER_0: Client 2128 sends freq request [21, 21]
05-04 16:21:18.601   727  1317 D         : CPU_CLUSTER_0: Next Perf Level = (21, 21)
05-04 16:21:18.601   727  1317 D         : CPU_CLUSTER_1: Client 2128 sends freq request [26, 26]
05-04 16:21:18.601   727  1317 D         : CPU_CLUSTER_1: Next Perf Level = (26, 26)
05-04 16:21:18.601   727  1317 D         : CPUBW: Client 2128 sends freq request [8, 11]
05-04 16:21:18.601   727  1317 D         : CPUBW: Next Perf Level = (8, 11)
05-04 16:21:18.601   727  1317 D         : GPU: Client 2128 sends freq request [6, 6]
05-04 16:21:18.601   727  1317 D         : GPU: Next Perf Level = (6, 6)
05-04 16:21:18.602  2128  4601 I Clocks  : LockClocks( cpu=4, gpu=4 ) - end (1.9 ms)
05-04 16:21:18.966  4448  4759 I VrApi   : FPS=72,Prd=44ms,Tear=0,Early=0,Stale=0,VSnc=1,Lat=1,Fov=0,CPU4/GPU=4/4,2304/670MHz,OC=FF,TA=0/E0/E0,SP=N/F/F,Mem=1804MHz,Free=1375MB,PSM=0,PLS=0,Temp=31.0C/0.0C,TW=1.27ms,App=14.00ms,GD=0.00ms,CPU&GPU=20.61ms,LCnt=1,GPU%=0.93,CPU%=0.56(W0.76),DSF=1.00
05-04 16:21:19.444   721  4583 I [CT]    : VIPER:MAP_MANAGER: State: TRACKING_PERSISTENT, UUID=d18585e8-d288-4997-b6ff-78495c7eed6a, Num. Persistent maps = 1,  Persistent maps:d18585e8-d288-4997-b6ff-78495c7eed6a,, Ser. Disabled = 00000000-0000-0000-0000-000000000000
05-04 16:21:19.484   721  4583 I [CT]    : VIPER: Status=6DoF,TRACKING,KF=176,Inl=308,Pts=622,Jit=0.1mm,Issues(Cam/min=0.0,IMU/min=0.0),Exp=(6.3ms,g=6.0,I=73)(5.4ms,g=2.0,I=68)(6.3ms,g=6.0,I=64)(5.9ms,g=4.0,I=68)
05-04 16:21:19.964  4448  4759 I VrApi   : FPS=70,Prd=43ms,Tear=0,Early=0,Stale=6,VSnc=1,Lat=1,Fov=0,CPU4/GPU=4/4,2304/670MHz,OC=FF,TA=0/E0/E0,SP=N/F/F,Mem=1804MHz,Free=1374MB,PSM=0,PLS=0,Temp=31.0C/0.0C,TW=1.23ms,App=14.49ms,GD=0.00ms,CPU&GPU=20.37ms,LCnt=1,GPU%=0.97,CPU%=0.34(W0.45),DSF=1.00
05-04 16:21:20.968  4448  4759 I VrApi   : FPS=72,Prd=44ms,Tear=0,Early=0,Stale=0,VSnc=1,Lat=1,Fov=0,CPU4/GPU=4/4,2304/670MHz,OC=FF,TA=0/E0/E0,SP=N/F/F,Mem=1804MHz,Free=1374MB,PSM=0,PLS=0,Temp=31.0C/0.0C,TW=1.26ms,App=15.63ms,GD=0.00ms,CPU&GPU=18.20ms,LCnt=1,GPU%=0.97,CPU%=0.27(W0.33),DSF=1.00
05-04 16:21:21.285   721  4583 I [CT]    : HealthReport: ==================================================
05-04 16:21:21.285   721  4583 I [CT]    : Health Report
05-04 16:21:21.285   721  4583 I [CT]    : -------------
05-04 16:21:21.285   721  4583 I [CT]    : 
05-04 16:21:21.285   721  4583 I [CT]    : Reporter #1 (InsideOutHealthMonitor) summary:
05-04 16:21:21.285   721  4583 I [CT]    : Camera: Total Dropped: 0.000000, Total Frame Count: 1036 (0.000000%), Camera Reset Count: 0
05-04 16:21:21.285   721  4583 I [CT]    : Camera: Total Single Camera Frame Dropped: 0, Total Frame Count: 1036 (0.000000%)
05-04 16:21:21.285   721  4583 I [CT]    : IMU: Total Dropped: 0.000000, Total Sample Count: 41688 (0.000000%)
05-04 16:21:21.285   721  4583 I [CT]    : Magnetometer: Total Dropped: 0.000000, Total Sample Count: 1251 (0.000000%)
05-04 16:21:21.285   721  4583 I [CT]    : 
05-04 16:21:21.285   721  4583 I [CT]    : Reporter #1 (InsideOutHealthMonitor) Passed
05-04 16:21:21.285   721  4583 I [CT]    : --------------------------------------------------
05-04 16:21:21.285   721  4583 I [CT]    : Reporter #2 (ConstellationHealthMonitor) summary:
05-04 16:21:21.285   721  4583 I [CT]    : Camera: Total Dropped: 0.000000, Total Frame Count: 1037 (0.000000%), Camera Reset Count: 1
05-04 16:21:21.285   721  4583 I [CT]    : Camera: Total Single Camera Frame Dropped: 0, Total Frame Count: 1037 (0.000000%)
05-04 16:21:21.285   721  4583 I [CT]    : Controller 7745273921483883046:
05-04 16:21:21.285   721  4583 I [CT]    : IMU: Capture period exceeded threshold.  Largest period: 2.906575 sec
05-04 16:21:21.285   721  4583 I [CT]    : Controllers may have been sleeping
05-04 16:21:21.285   721  4583 I [CT]    : IMU: Total Dropped: 0.000000, Total Sample Count: 19450.898000 (0.000000%)
05-04 16:21:21.285   721  4583 I [CT]    : Controller 0:
05-04 16:21:21.285   721  4583 I [CT]    : No samples have bee
05-04 16:21:21.556   721  4516 I [CT]    : boltlib: DSP utilization(%): 17
05-04 16:21:21.859  2137  4641 I Telemetry: App memory usage: PSS=57MB DalvikPSS=1 MB
05-04 16:21:21.973  4448  4759 I VrApi   : FPS=69,Prd=44ms,Tear=0,Early=0,Stale=12,VSnc=1,Lat=1,Fov=0,CPU4/GPU=4/4,2304/670MHz,OC=FF,TA=0/E0/E0,SP=N/F/F,Mem=1804MHz,Free=1371MB,PSM=0,PLS=0,Temp=31.0C/0.0C,TW=1.26ms,App=14.05ms,GD=0.00ms,CPU&GPU=21.44ms,LCnt=1,GPU%=0.97,CPU%=0.22(W0.38),DSF=1.00
05-04 16:21:22.051   721  4582 I [CT]    : MANAGEMENT:CONSTELLATION: Status=GREEN,, Obj=7745273921483883046,6DOF=1,FusJit=0.003mm,Issues(Cam/min=  0,IMU/min=0)
05-04 16:21:23.045   721  4583 I [CT]    : VIPER:MAP_MANAGER: State: TRACKING_PERSISTENT, UUID=d18585e8-d288-4997-b6ff-78495c7eed6a, Num. Persistent maps = 1,  Persistent maps:d18585e8-d288-4997-b6ff-78495c7eed6a,, Ser. Disabled = 00000000-0000-0000-0000-000000000000
05-04 16:21:23.086   721  4583 I [CT]    : VIPER: Status=6DoF,TRACKING,KF=176,Inl=336,Pts=622,Jit=0.2mm,Issues(Cam/min=0.0,IMU/min=0.0),Exp=(7.1ms,g=7.0,I=79)(6.1ms,g=5.0,I=69)(7.1ms,g=7.0,I=63)(5.4ms,g=6.0,I=67)
05-04 16:21:23.277  4448  4759 I Telemetry: App memory usage: PSS=804MB DalvikPSS=2 MB
05-04 16:21:23.279  4448  4759 I VrApi   : FPS=65,Prd=44ms,Tear=0,Early=0,Stale=24,VSnc=1,Lat=1,Fov=0,CPU4/GPU=4/4,2304/670MHz,OC=FF,TA=0/E0/E0,SP=N/F/F,Mem=1804MHz,Free=1371MB,PSM=0,PLS=0,Temp=31.0C/0.0C,TW=1.29ms,App=15.25ms,GD=0.00ms,CPU&GPU=23.25ms,LCnt=1,GPU%=0.96,CPU%=0.20(W0.30),DSF=1.00
05-04 16:21:23.826  4448  4467 D UE4     : [GameActivity] Used memory: 823397
05-04 16:21:23.964  4448  4759 I VrApi   : FPS=64,Prd=44ms,Tear=0,Early=0,Stale=23,VSnc=1,Lat=1,Fov=0,CPU4/GPU=4/4,2304/670MHz,OC=FF,TA=0/E0/E0,SP=N/F/F,Mem=1804MHz,Free=1377MB,PSM=0,PLS=0,Temp=31.0C/0.0C,TW=1.31ms,App=15.56ms,GD=0.00ms,CPU&GPU=23.81ms,LCnt=1,GPU%=0.96,CPU%=0.18(W0.26),DSF=1.00
05-04 16:21:24.968  4448  4759 I VrApi   : FPS=64,Prd=44ms,Tear=0,Early=0,Stale=25,VSnc=1,Lat=1,Fov=0,CPU4/GPU=4/4,2304/670MHz,OC=FF,TA=0/E0/E0,SP=N/F/F,Mem=1804MHz,Free=1376MB,PSM=0,PLS=0,Temp=31.0C/0.0C,TW=1.30ms,App=15.37ms,GD=0.00ms,CPU&GPU=24.23ms,LCnt=1,GPU%=0.96,CPU%=0.26(W0.38),DSF=1.00
05-04 16:21:25.652   721  4582 I [CT]    : MANAGEMENT:CONSTELLATION: Status=GREEN,, Obj=7745273921483883046,6DOF=1,FusJit=0.001mm,Issues(Cam/min=  0,IMU/min=0)
05-04 16:21:25.965  4448  4759 I VrApi   : FPS=65,Prd=44ms,Tear=0,Early=0,Stale=24,VSnc=1,Lat=1,Fov=0,CPU4/GPU=4/4,2304/670MHz,OC=FF,TA=0/E0/E0,SP=N/F/F,Mem=1804MHz,Free=1387MB,PSM=0,PLS=0,Temp=31.0C/0.0C,TW=1.35ms,App=14.65ms,GD=0.00ms,CPU&GPU=24.02ms,LCnt=1,GPU%=0.96,CPU%=0.22(W0.30),DSF=1.00
05-04 16:21:26.646   721  4583 I [CT]    : VIPER:MAP_MANAGER: State: TRACKING_PERSISTENT, UUID=d18585e8-d288-4997-b6ff-78495c7eed6a, Num. Persistent maps = 1,  Persistent maps:d18585e8-d288-4997-b6ff-78495c7eed6a,, Ser. Disabled = 00000000-0000-0000-0000-000000000000
05-04 16:21:26.686   721  4583 I [CT]    : VIPER: Status=6DoF,TRACKING,KF=176,Inl=370,Pts=622,Jit=0.3mm,Issues(Cam/min=0.0,IMU/min=0.0),Exp=(6.4ms,g=8.0,I=77)(5.0ms,g=5.0,I=69)(6.4ms,g=8.0,I=66)(6.3ms,g=5.0,I=71)
05-04 16:21:26.966  4448  4759 I VrApi   : FPS=62,Prd=44ms,Tear=0,Early=0,Stale=27,VSnc=1,Lat=1,Fov=0,CPU4/GPU=4/4,2304/670MHz,OC=FF,TA=0/E0/E0,SP=N/F/F,Mem=1804MHz,Free=1387MB,PSM=0,PLS=0,Temp=31.0C/0.0C,TW=1.28ms,App=14.73ms,GD=0.00ms,CPU&GPU=24.68ms,LCnt=1,GPU%=0.96,CPU%=0.26(W0.32),DSF=1.00
05-04 16:21:27.024  1079  1866 I SyncBossHAL: syncboss_hal_prox.c(41): INFO: Reporting prox event: prox_off
05-04 16:21:27.024  1079  1146 D SensorsHAL: returning 1 events to client
05-04 16:21:27.025  1541  1541 D VrPowerManagerService: processing message: sensor changed
05-04 16:21:27.025  1541  1541 I VrPowerManagerService: transition from HEADSET_MOUNTED to HEADSET_UNMOUNTED
05-04 16:21:27.028   721   721 D TrackingService: Received transition request to STANDBY current is RUNNING
05-04 16:21:27.028   721   721 D TrackingService: Executing transition from RUNNING to STANDBY
05-04 16:21:27.028  1495  1528 D VrPowerManagerClient: Headset state: 3
05-04 16:21:27.029  1495  1528 V ControllerNotifications: Handling unmount notification
05-04 16:21:27.030  2128  2128 D VrRuntimeService: Received broadcast: com.oculus.intent.action.MOUNT_STATE_CHANGED
05-04 16:21:27.031  2128  2128 D VrRuntimeService: mounted state: false
05-04 16:21:27.033  4448  4772 I VrApi   : ovr_HandleHmdEvents: HMT was UNmounted
05-04 16:21:27.034  1764  1764 I VRLifecycleSessionManager: Stored session info.
05-04 16:21:27.034  1079  1079 W TelecomManager: Telecom Service not found.
05-04 16:21:27.039  1764  1764 W VRLifecycleManager: onHeadsetUnmounted
05-04 16:21:27.040  2128  2296 I ClientMgr: Headset was unmounted
05-04 16:21:27.040  2128  2296 I VrRuntimeServer: SetCompositorClientEnabled client(2): enabled(1) 0x7f8614f0e8
05-04 16:21:27.041  1764  1764 I PlatformPluginManager: setHeadsetMountState: false
05-04 16:21:27.041   550  2421 D audio_hw_primary: adev_set_mic_mute state 0
05-04 16:21:27.043  1764  1764 I OVRPlatform: [AudioManager] SetHeadsetMounted: false
05-04 16:21:27.043  1764  1764 I OVRPlatform: [AudioManager] Current headsetMounted_ false
05-04 16:21:27.043  1764  1764 I OVRPlatform: [AudioManager] Current headphoneStatus_: DISCONNECTED
05-04 16:21:27.043  1764  1764 I OVRPlatform: [PartyChatWebRTC] Setting connection MicrophoneMutedState MUTED
05-04 16:21:27.043  1764  4554 I OVRPlatform: [PartyChatWebRTC] Updating playback mode to 0
05-04 16:21:27.044  4448  4465 D OVRPlugin: User present: 0
05-04 16:21:27.044  1495  1495 D OculusNotificationListenerService: Notification removed: 0|com.oculus.notification_proxy|4098|null|1000
05-04 16:21:27.047  1918  1918 I [OAR] VrNotificationListenerService: onNotificationRemoved(): key = 0|com.oculus.notification_proxy|4098|null|1000, type = invalid
05-04 16:21:27.048  1918  1918 I [OAR] VrNotificationListenerService: onNotificationRemoved(): user|package|tag|id = UserHandle{0}|com.oculus.notification_proxy|null|4098
05-04 16:21:27.049  2137  2184 I GuardianSystem: rsapi_PollEvent: rsEventRelocDurationUpdate: 0
05-04 16:21:27.049  2137  2184 I GuardianSystem: rsapi_PollEvent: rsEventSetClientMgrState. IsHeadsetMounted: 0, SuppressErrors: 1, ResetErrorState: 0
05-04 16:21:27.054  1906  1906 D [OAR] NotificationBroadcastReceiver: action: com.oculus.intent.action.NOTIF_CHANGE
05-04 16:21:27.054  1906  1906 D [OAR] AnytimeUINotifsBarView: onNotificationsChanged - skipped, detils bar not visible
05-04 16:21:27.055  2128  2128 W StatusBarNotifier: Asked to dismiss notification -377788311, current -1
05-04 16:21:27.055  1918  1918 D VrNotificationAnalytics: logNotificationRemoved(invalid)
05-04 16:21:27.063  1906  1906 D [OAR] ToastController: onReceiveNotificationToDismiss()
05-04 16:21:27.063  1906  1906 D [OAR] ToastLayerView: hideNotificationIfDisplaying(0|com.oculus.notification_proxy|4098|null|1000)
05-04 16:21:27.063  1906  1906 D [OAR] ToastLayerView: No current notification being displayed.
05-04 16:21:27.285   721  4583 I [CT]    : HealthReport: ==================================================
05-04 16:21:27.285   721  4583 I [CT]    : Health Report
05-04 16:21:27.285   721  4583 I [CT]    : -------------
05-04 16:21:27.285   721  4583 I [CT]    : 
05-04 16:21:27.285   721  4583 I [CT]    : Reporter #1 (InsideOutHealthMonitor) summary:
05-04 16:21:27.285   721  4583 I [CT]    : Camera: Total Dropped: 0.000000, Total Frame Count: 1186 (0.000000%), Camera Reset Count: 0
05-04 16:21:27.285   721  4583 I [CT]    : Camera: Total Single Camera Frame Dropped: 0, Total Frame Count: 1186 (0.000000%)
05-04 16:21:27.285   721  4583 I [CT]    : IMU: Total Dropped: 0.000000, Total Sample Count: 47688 (0.000000%)
05-04 16:21:27.285   721  4583 I [CT]    : Magnetometer: Total Dropped: 0.000000, Total Sample Count: 1431 (0.000000%)
05-04 16:21:27.285   721  4583 I [CT]    : 
05-04 16:21:27.285   721  4583 I [CT]    : Reporter #1 (InsideOutHealthMonitor) Passed
05-04 16:21:27.285   721  4583 I [CT]    : --------------------------------------------------
05-04 16:21:27.285   721  4583 I [CT]    : Reporter #2 (ConstellationHealthMonitor) summary:
05-04 16:21:27.285   721  4583 I [CT]    : Camera: Total Dropped: 0.000000, Total Frame Count: 1187 (0.000000%), Camera Reset Count: 1
05-04 16:21:27.285   721  4583 I [CT]    : Camera: Total Single Camera Frame Dropped: 0, Total Frame Count: 1187 (0.000000%)
05-04 16:21:27.285   721  4583 I [CT]    : Controller 7745273921483883046:
05-04 16:21:27.285   721  4583 I [CT]    : IMU: Capture period exceeded threshold.  Largest period: 2.906575 sec
05-04 16:21:27.285   721  4583 I [CT]    : Controllers may have been sleeping
05-04 16:21:27.285   721  4583 I [CT]    : IMU: Total Dropped: 0.000000, Total Sample Count: 22451.055500 (0.000000%)
05-04 16:21:27.285   721  4583 I [CT]    : Controller 0:
05-04 16:21:27.285   721  4583 I [CT]    : No samples have bee
05-04 16:21:27.406   721  4583 W [CT]    : VIPER: StereoEpipolarSearch: No search points in epipolar search.
05-04 16:21:27.556   721  4516 I [CT]    : boltlib: DSP utilization(%): 16
05-04 16:21:27.626  1432  4825 I OSUpdateService: Intent with action system_battery_changed
05-04 16:21:27.964  4448  4759 I VrApi   : FPS=68,Prd=44ms,Tear=0,Early=0,Stale=9,VSnc=1,Lat=1,Fov=0,CPU4/GPU=4/4,2304/670MHz,OC=FF,TA=0/E0/E0,SP=N/F/F,Mem=1804MHz,Free=1386MB,PSM=0,PLS=0,Temp=31.0C/0.0C,TW=2.07ms,App=13.59ms,GD=0.00ms,CPU&GPU=22.28ms,LCnt=1,GPU%=0.97,CPU%=0.25(W0.38),DSF=1.00
05-04 16:21:28.664  2128  4607 I TimeWarp: UpdateClockLevels: Apply pending clock request change: 4,4 -> 3,4
05-04 16:21:28.664  2128  4601 I Clocks  : ReleaseClocks - start
05-04 16:21:28.665   727  1317 D         : CPU_CLUSTER_0: No client requests exists, release clocks
05-04 16:21:28.665   727  1317 D         : CPU_CLUSTER_1: No client requests exists, release clocks
05-04 16:21:28.665   727  1317 D         : GPU: No client requests exists, release clocks
05-04 16:21:28.665   727  1317 D         : CPUBW: No client requests exists, release clocks
05-04 16:21:28.666  2128  4601 I Clocks  : ReleaseClocks - end (1.6 ms)
05-04 16:21:28.666  2128  4601 I Clocks  : LockClocks( cpu=3, gpu=4 ) - start
05-04 16:21:28.666  2128  4601 I Clocks  : CPU levels [0, 4]
05-04 16:21:28.667  2128  4601 I Clocks  : GPU levels [0, 5]
05-04 16:21:28.667   727   727 D         : CPU_CLUSTER_0: Client 2128 sends freq request [21, 21]
05-04 16:21:28.667   727   727 D         : CPU_CLUSTER_0: Next Perf Level = (21, 21)
05-04 16:21:28.667   727   727 D         : CPU_CLUSTER_1: Client 2128 sends freq request [22, 22]
05-04 16:21:28.667   727   727 D         : CPU_CLUSTER_1: Next Perf Level = (22, 22)
05-04 16:21:28.667   727   727 D         : CPUBW: Client 2128 sends freq request [8, 11]
05-04 16:21:28.667   727   727 D         : CPUBW: Next Perf Level = (8, 11)
05-04 16:21:28.668   727   727 D         : GPU: Client 2128 sends freq request [6, 6]
05-04 16:21:28.668   727   727 D         : GPU: Next Perf Level = (6, 6)
05-04 16:21:28.668  2128  4601 I Clocks  : LockClocks( cpu=3, gpu=4 ) - end (1.8 ms)
05-04 16:21:28.749   721  4583 W [CT]    : VIPER: Closest keyframe is not in both maps. We can't recover the srcFromTgtMap transform.
05-04 16:21:28.807   721  4637 I [CT]    : floorplane: Floor height has been updated to 1.532 meters.
05-04 16:21:28.964  4448  4759 I VrApi   : FPS=71,Prd=45ms,Tear=0,Early=0,Stale=4,VSnc=1,Lat=1,Fov=0,CPU4/GPU=4/4,1958/670MHz,OC=FF,TA=0/E0/E0,SP=N/F/F,Mem=1804MHz,Free=1384MB,PSM=0,PLS=0,Temp=31.0C/0.0C,TW=2.01ms,App=13.98ms,GD=0.00ms,CPU&GPU=18.69ms,LCnt=1,GPU%=0.91,CPU%=0.23(W0.29),DSF=1.00
05-04 16:21:29.004   721  4583 W [CT]    : VIPER: StereoEpipolarSearch: No search points in epipolar search.
05-04 16:21:29.029   721  4583 W [CT]    : VIPER: Closest keyframe is not in both maps. We can't recover the srcFromTgtMap transform.
05-04 16:21:29.248   721  4582 I [CT]    : MANAGEMENT:CONSTELLATION: Status=GREEN,, Obj=7745273921483883046,6DOF=0,3DOF=1,Issues(Cam/min=  0,IMU/min=0)
05-04 16:21:29.866   721  4574 D TrackingService: [HANDTRACKING] Controller 6b7cbd986a24c226 in hand: N, valid: Y
05-04 16:21:29.963  4448  4759 I VrApi   : FPS=71,Prd=44ms,Tear=0,Early=15,Stale=2,VSnc=1,Lat=1,Fov=0,CPU4/GPU=3/4,1958/670MHz,OC=FF,TA=0/E0/E0,SP=N/F/F,Mem=1804MHz,Free=1388MB,PSM=0,PLS=0,Temp=31.0C/0.0C,TW=1.97ms,App=9.16ms,GD=0.00ms,CPU&GPU=17.62ms,LCnt=1,GPU%=0.73,CPU%=0.19(W0.25),DSF=1.00
05-04 16:21:30.240   721  4583 I [CT]    : VIPER:MAP_MANAGER: State: TRACKING_PERSISTENT, UUID=d18585e8-d288-4997-b6ff-78495c7eed6a, Num. Persistent maps = 1,  Persistent maps:d18585e8-d288-4997-b6ff-78495c7eed6a,, Ser. Disabled = 00000000-0000-0000-0000-000000000000
05-04 16:21:30.280   721  4583 I [CT]    : VIPER: Status=6DoF,TRACKING,KF=173,Inl=27,Pts=602,Jit=0.7mm,Issues(Cam/min=0.0,IMU/min=0.0),Exp=(8.2ms,g=11.0,I=88)(6.1ms,g=5.0,I=70)(8.2ms,g=11.0,I=74)(7.4ms,g=8.0,I=73)
05-04 16:21:30.390   721  4583 W [CT]    : VIPER: Closest keyframe is not in both maps. We can't recover the srcFromTgtMap transform.
05-04 16:21:30.609   721  4582 I [CT]    : CONSTELLATION: R:  RESET. Keep Cov and Calib States = 1. Keep velocity state and covariance = 0
05-04 16:21:30.656   721  4582 I [CT]    : CONSTELLATION: R: Detected static motion, applying constant pose priors.
05-04 16:21:30.669  2128  4607 I TimeWarp: UpdateClockLevels: Apply pending clock request change: 3,4 -> 2,4
05-04 16:21:30.670  2128  4601 I Clocks  : ReleaseClocks - start
05-04 16:21:30.671   727   839 D         : CPU_CLUSTER_0: No client requests exists, release clocks
05-04 16:21:30.671   727   839 D         : CPU_CLUSTER_1: No client requests exists, release clocks
05-04 16:21:30.672   727   839 D         : GPU: No client requests exists, release clocks
05-04 16:21:30.672   727   839 D         : CPUBW: No client requests exists, release clocks
05-04 16:21:30.673  2128  4601 I Clocks  : ReleaseClocks - end (3.6 ms)
05-04 16:21:30.673  2128  4601 I Clocks  : LockClocks( cpu=2, gpu=4 ) - start
05-04 16:21:30.674  2128  4601 I Clocks  : CPU levels [0, 4]
05-04 16:21:30.674  2128  4601 I Clocks  : GPU levels [0, 5]
05-04 16:21:30.674   727   727 D         : CPU_CLUSTER_0: Client 2128 sends freq request [21, 21]
05-04 16:21:30.674   727   727 D         : CPU_CLUSTER_0: Next Perf Level = (21, 21)
05-04 16:21:30.674   727   727 D         : CPU_CLUSTER_1: Client 2128 sends freq request [18, 18]
05-04 16:21:30.674   727   727 D         : CPU_CLUSTER_1: Next Perf Level = (18, 18)
05-04 16:21:30.675   727   727 D         : CPUBW: Client 2128 sends freq request [8, 11]
05-04 16:21:30.675   727   727 D         : CPUBW: Next Perf Level = (8, 11)
05-04 16:21:30.675   727   727 D         : GPU: Client 2128 sends freq request [6, 6]
05-04 16:21:30.675   727   727 D         : GPU: Next Perf Level = (6, 6)
05-04 16:21:30.675  2128  4601 I Clocks  : LockClocks( cpu=2, gpu=4 ) - end (1.9 ms)
05-04 16:21:30.965  4448  4759 I VrApi   : FPS=72,Prd=44ms,Tear=0,Early=43,Stale=0,VSnc=1,Lat=1,Fov=0,CPU4/GPU=3/4,1651/670MHz,OC=FF,TA=0/E0/E0,SP=N/F/F,Mem=1804MHz,Free=1387MB,PSM=0,PLS=0,Temp=31.0C/0.0C,TW=2.04ms,App=12.42ms,GD=0.00ms,CPU&GPU=12.59ms,LCnt=1,GPU%=0.92,CPU%=0.25(W0.32),DSF=1.00
05-04 16:21:31.966  4448  4759 I VrApi   : FPS=70,Prd=44ms,Tear=0,Early=8,Stale=6,VSnc=1,Lat=1,Fov=0,CPU4/GPU=2/4,1651/670MHz,OC=FF,TA=0/E0/E0,SP=N/F/F,Mem=1804MHz,Free=1390MB,PSM=0,PLS=0,Temp=31.0C/0.0C,TW=2.00ms,App=12.08ms,GD=0.00ms,CPU&GPU=18.18ms,LCnt=1,GPU%=0.87,CPU%=0.25(W0.40),DSF=1.00
05-04 16:21:32.116  1079  1866 I SyncBossHAL: syncboss_hal_prox.c(41): INFO: Reporting prox event: prox_on
05-04 16:21:32.116  1079  1146 D SensorsHAL: returning 1 events to client
05-04 16:21:32.117  1541  1541 D VrPowerManagerService: processing message: sensor changed
05-04 16:21:32.117  1541  1541 I VrPowerManagerService: transition from HEADSET_UNMOUNTED to HEADSET_MOUNTED
05-04 16:21:32.118   721   828 D TrackingService: Received transition request to RUNNING current is STANDBY
05-04 16:21:32.118   721   828 D TrackingService: Executing transition from STANDBY to RUNNING
05-04 16:21:32.118  1495  1528 D VrPowerManagerClient: Headset state: 2
05-04 16:21:32.119  1495  1528 V ControllerNotifications: Headset was mounted, requesting that notifications are enabled
05-04 16:21:32.120  1495  1528 V ControllerNotifications: Queueing enable of notifications in 5000ms
05-04 16:21:32.122  2128  2296 I ClientMgr: Headset was mounted
05-04 16:21:32.122  2128  2296 I ClientMgr: Start pushing black after mount.
05-04 16:21:32.122  2128  2128 D VrRuntimeService: Received broadcast: com.oculus.intent.action.MOUNT_STATE_CHANGED
05-04 16:21:32.122  2128  2128 D VrRuntimeService: mounted state: true
05-04 16:21:32.122  2128  2128 I VrRuntimeService: nativeScreenStateChanged to on
05-04 16:21:32.122  2128  2128 I VrRuntimeService: Previous running state: RUNNING
05-04 16:21:32.123   550  1191 D audio_hw_primary: adev_set_mic_mute state 0
05-04 16:21:32.123  2137  2184 I GuardianSystem: rsapi_PollEvent: rsEventRelocDurationUpdate: 1
05-04 16:21:32.124  2137  2184 I GuardianSystem: rsapi_PollEvent: rsEventSetClientMgrState. IsHeadsetMounted: 1, SuppressErrors: 1, ResetErrorState: 0
05-04 16:21:32.129  1764  1764 W VRLifecycleManager: onHeadsetMounted
05-04 16:21:32.130  4448  4772 I VrApi   : ovr_HandleHmdEvents: HMT was mounted
05-04 16:21:32.131  1764  1764 I PlatformPluginManager: setHeadsetMountState: true
05-04 16:21:32.133  1764  1764 I OVRPlatform: [AudioManager] SetHeadsetMounted: true
05-04 16:21:32.133  1764  1764 I OVRPlatform: [AudioManager] Current headsetMounted_ true
05-04 16:21:32.133  1764  1764 I OVRPlatform: [AudioManager] Current headphoneStatus_: DISCONNECTED
05-04 16:21:32.133  1764  1764 I OVRPlatform: [PartyChatWebRTC] Setting connection MicrophoneMutedState UNMUTED
05-04 16:21:32.133  1764  4554 I OVRPlatform: [PartyChatWebRTC] Updating playback mode to 1
05-04 16:21:32.140  4448  4465 D OVRPlugin: User present: 1
05-04 16:21:32.623  2128  2296 I ClientMgr: Stop pushing black after mount. Show Guardian.
05-04 16:21:32.623  2128  2296 I ClientMgr: Stop showing dots after not pushing black.
05-04 16:21:32.623  2128  2296 I VrRuntimeServer: SetCompositorClientEnabled client(2): enabled(0) 0x0
05-04 16:21:32.623  2137  2184 I GuardianSystem: rsapi_PollEvent: rsEventForceShowGuardian. ForceIndefinitely: 0, ForceTimeInSeconds: 3.00, ForceCamera: 0
05-04 16:21:32.623  2137  2184 I GuardianSystem: ForceShowGuardian: false, 3.00
05-04 16:21:32.624  2137  2184 I GuardianSystem: ForceShowGuardian: Soft fade out: 1.00
05-04 16:21:32.624  2137  2184 I GuardianSystem: rsapi_PollEvent: rsEventRelocDurationUpdate: 0
05-04 16:21:32.624  2137  2184 I GuardianSystem: rsapi_PollEvent: rsEventSetClientMgrState. IsHeadsetMounted: 1, SuppressErrors: 0, ResetErrorState: 1
05-04 16:21:32.657  2137  2184 I GuardianSystem: UpdateGuardianSystemState: Flags changed: 524288, 532480
05-04 16:21:32.690  2137  2393 W VrApi   : ovr_SubmitFrameInternal: FrameIndex discontinuity: Expected 10130, Received 11327
05-04 16:21:32.827  2128  4607 I TimeWarp: UpdateClockLevels: Apply pending clock request change: 2,4 -> 3,4
05-04 16:21:32.827  2128  4601 I Clocks  : ReleaseClocks - start
05-04 16:21:32.828   727  1317 D         : CPU_CLUSTER_0: No client requests exists, release clocks
05-04 16:21:32.828   727  1317 D         : CPU_CLUSTER_1: No client requests exists, release clocks
05-04 16:21:32.828   727  1317 D         : GPU: No client requests exists, release clocks
05-04 16:21:32.828   727  1317 D         : CPUBW: No client requests exists, release clocks
05-04 16:21:32.831  2128  4601 I Clocks  : ReleaseClocks - end (3.9 ms)
05-04 16:21:32.832  2128  4601 I Clocks  : LockClocks( cpu=3, gpu=4 ) - start
05-04 16:21:32.833  2128  4601 I Clocks  : CPU levels [0, 4]
05-04 16:21:32.833  2128  4601 I Clocks  : GPU levels [0, 5]
05-04 16:21:32.833   727  2687 D         : CPU_CLUSTER_0: Client 2128 sends freq request [21, 21]
05-04 16:21:32.833   727  2687 D         : CPU_CLUSTER_0: Next Perf Level = (21, 21)
05-04 16:21:32.833   727  2687 D         : CPU_CLUSTER_1: Client 2128 sends freq request [22, 22]
05-04 16:21:32.833   727  2687 D         : CPU_CLUSTER_1: Next Perf Level = (22, 22)
05-04 16:21:32.833   727  2687 D         : CPUBW: Client 2128 sends freq request [8, 11]
05-04 16:21:32.833   727  2687 D         : CPUBW: Next Perf Level = (8, 11)
05-04 16:21:32.834   727  2687 D         : GPU: Client 2128 sends freq request [6, 6]
05-04 16:21:32.834   727  2687 D         : GPU: Next Perf Level = (6, 6)
05-04 16:21:32.834  2128  4601 I Clocks  : LockClocks( cpu=3, gpu=4 ) - end (2.1 ms)
