05-05 15:24:38.422   549  9323 I audio_hw_utils: send_app_type_cfg_for_device CAPTURE app_type 69938, acdb_dev_id 106, sample_rate 48000, snd_device_be_idx 3
05-05 15:24:38.422   549  9323 D msm8974_platform: platform_split_snd_device: snd_device(62) new_snd_devices (handset-mic-aec)
05-05 15:24:38.422   549  9323 D ACDB-LOADER: ACDB -> send_audio_cal, acdb_id = 106, path = 1, app id = 0x11132, sample rate = 48000
05-05 15:24:38.422   549  9323 D ACDB-LOADER: ACDB -> send_asm_topology
05-05 15:24:38.422   549  9323 D ACDB-LOADER: ACDB -> ACDB_CMD_GET_AUDPROC_STREAM_TOPOLOGY_ID
05-05 15:24:38.422   549  9323 D ACDB-LOADER: ACDB -> send_adm_topology
05-05 15:24:38.422   549  9323 D ACDB-LOADER: ACDB -> ACDB_CMD_GET_AUDPROC_COMMON_TOPOLOGY_ID
05-05 15:24:38.422   549  9323 D ACDB-LOADER: ACDB -> send_audtable
05-05 15:24:38.422   549  9323 D ACDB-LOADER: ACDB -> ACDB_CMD_GET_AUDPROC_COMMON_TABLE_SIZE
05-05 15:24:38.422   549  9323 D ACDB-LOADER: ACDB -> ACDB_CMD_GET_AUDPROC_COMMON_TABLE
05-05 15:24:38.422   549  9323 D ACDB-LOADER: ACDB -> AUDIO_SET_AUDPROC_CAL
05-05 15:24:38.422   549  9323 D ACDB-LOADER: ACDB -> send_audvoltable
05-05 15:24:38.422   549  9323 D ACDB-LOADER: ACDB -> ACDB_CMD_GET_AUDPROC_GAIN_DEP_STEP_TABLE, vol index 0
05-05 15:24:38.422   549  9323 D         : Failed to fetch the lookup information of the device 0000006A 
05-05 15:24:38.422   549  9323 E ACDB-LOADER: Error: ACDB AudProc vol returned = -19
05-05 15:24:38.422   549  9323 D ACDB-LOADER: ACDB -> AUDIO_SET_VOL_CAL cal type = 12
05-05 15:24:38.423   549  9323 D ACDB-LOADER: ACDB -> send_audstrmtable
05-05 15:24:38.423   549  9323 D ACDB-LOADER: ACDB -> ACDB_CMD_GET_AUDPROC_STREAM_TABLE_V2
05-05 15:24:38.423   549  9323 D ACDB-LOADER: ACDB -> audstrm_cal->cal_type.cal_data.cal_size = 16
05-05 15:24:38.423   549  9323 D ACDB-LOADER: ACDB -> send_afe_topology
05-05 15:24:38.423   549  9323 D ACDB-LOADER: ACDB -> ACDB_CMD_GET_AFE_TOPOLOGY_ID
05-05 15:24:38.423   549  9323 D ACDB-LOADER: ACDB -> GET_AFE_TOPOLOGY_ID for adcd_id 106, Topology Id 112fb
05-05 15:24:38.423   549  9323 D ACDB-LOADER: ACDB -> send_afe_cal
05-05 15:24:38.423   549  9323 D ACDB-LOADER: ACDB -> ACDB_CMD_GET_AFE_COMMON_TABLE
05-05 15:24:38.423   549  9323 D         : Failed to fetch the lookup information of the device 0000006A 
05-05 15:24:38.423   549  9323 E ACDB-LOADER: Error: ACDB AFE returned = -19
05-05 15:24:38.423   549  9323 D ACDB-LOADER: ACDB -> AUDIO_SET_AFE_CAL
05-05 15:24:38.423   549  9323 D ACDB-LOADER: ACDB -> send_hw_delay : acdb_id = 106 path = 1
05-05 15:24:38.423   549  9323 D ACDB-LOADER: ACDB -> ACDB_AVSYNC_INFO: ACDB_CMD_GET_DEVICE_PROPERTY
05-05 15:24:38.423   549  9323 D audio_hw_primary: enable_audio_route: apply mixer and update path: audio-record
05-05 15:24:38.423  1907  1907 I AndroidPanelApp: measureLayerView with initial width 540, initial height 300, resize behavior NONE.
05-05 15:24:38.423  1907  1907 I AndroidPanelApp: Measured width 540 and height 300.
05-05 15:24:38.423  1907  1907 I AndroidPanelApp: Layout change has caused layer "dialog" to be resized from -1 X -1 to 540 X 300
05-05 15:24:38.423  1907  1907 I AndroidPanelLayer: Setting size of layer "dialog" to have width 540 and height 300
05-05 15:24:38.424  1907  1907 I AndroidPanelApp: layerTransform: Showing panel layer "dialog" in VrShell with width 540, height 300, position( 0.000000 , 0.000000 ), rotation (0.000000 , 0.000000 , 0.000000 )  hit-testable true, shape 2, and system-positioned true. Density: 4680.000000. Supersampled: false 
05-05 15:24:38.424  1907  1907 I AndroidPanelApp: Processing next frame action "layerShow" for layer "dialog"
05-05 15:24:38.424  1907  1907 I AndroidPanelApp: nextFrameAction(layerShow, dialog)
05-05 15:24:38.424  1907  1907 I AndroidPanelApp: layerShow acknowledged for dialog
05-05 15:24:38.424  1907  1907 I AndroidPanelApp: tryShowLayer(dialog)
05-05 15:24:38.424  1907  1907 I AndroidPanelApp: Layer dialog needs to be sized, deferring showing layer.
05-05 15:24:38.424  1907  1907 I AndroidPanelApp: Processing next frame action "layerResize" for layer "dialog"
05-05 15:24:38.424  1907  1907 I AndroidPanelApp: nextFrameAction(layerResize, dialog)
05-05 15:24:38.424  1907  1907 I AndroidPanelApp: layerResize is waiting for next frame
05-05 15:24:38.425   549  9323 D audio_hw_primary: select_devices: done
05-05 15:24:38.425  1907  1907 I AndroidPanelApp: Processing pending show layer info for layer dialog with width 540 and height 300.
05-05 15:24:38.425  1907  1907 I AndroidPanelApp: layerSupersample no changes
05-05 15:24:38.425  1907  1907 D CppPanelService: onDestroy()
05-05 15:24:38.428  1823  1901 I [OAR] PanelAppHost: Resize layer dialog to size 540 x 300 shape:2 stereo:0
05-05 15:24:38.428  1823  1901 I [OAR] PanelRenderLayer: ResetSurface 540 x 300 - shape:2 stereo:0
05-05 15:24:38.432  1907  1907 I AndroidPanelApp: Processing next frame action "layerShow" for layer "dialog"
05-05 15:24:38.432  1907  1907 I AndroidPanelApp: nextFrameAction(layerShow, dialog)
05-05 15:24:38.432  1907  1907 I AndroidPanelApp: layerShow acknowledged for dialog
05-05 15:24:38.432  1907  1907 I AndroidPanelApp: tryShowLayer(dialog)
05-05 15:24:38.432  1907  1907 I AndroidPanelLayer: Showing layer dialog
05-05 15:24:38.433  1907  1907 I AndroidPanelLayer: Unhiding layer dialog
05-05 15:24:38.441   549  9323 E audio_hw_extn: audio_extn_perf_lock_release: Perf lock release error 
05-05 15:24:38.441   549  9323 D audio_hw_primary: start_input_stream: exit
05-05 15:24:38.442  1907  1907 I AndroidPanelApp: Turning on layer visibility for layer dialog.
05-05 15:24:38.442  1907  1907 D AndroidPanelApp: Queue: layerVisibility dialog 1
05-05 15:24:38.443  1907  1907 I AndroidPanelApp: Handling next frame raw command "layerVisibility dialog 1"
05-05 15:24:38.456  1823  1901 I [OAR] PanelAppHost: Setting panel layer visibility of layer "dialog" to visible
05-05 15:24:38.564  1765  1765 I PlatformPluginManager: enforcePartyChatStateConsistency - got current party response: Party is null
05-05 15:24:38.564  1765  1765 I PlatformPluginManager: enforcePartyChatStateConsistency - User not in a party.
05-05 15:24:38.564  1765  1765 I PlatformPluginManager: stopPartyChat
05-05 15:24:38.564  1765  1765 I PlatformPlugin: [PlatformPluginManager] Stopping party chat
05-05 15:24:38.564  1765  1765 I OVRPlatform: [PartyChatInterchangeable] StopPartyChat
05-05 15:24:38.624  2129  2154 I GuardianSystem: Guardian: GuardianCmdWithParms 7, 0, 0.000000
05-05 15:24:38.860  9037  9358 I VrApi   : FPS=66,Prd=45ms,Tear=0,Early=0,Stale=13,VSnc=1,Lat=1,Fov=0,CPU4/GPU=4/4,2304/670MHz,OC=FF,TA=0/3/3,SP=N/N/N,Mem=1804MHz,Free=1295MB,PSM=0,PLS=0,Temp=33.0C/0.0C,TW=1.27ms,App=12.40ms,GD=3.70ms,CPU&GPU=20.20ms,LCnt=1,GPU%=0.86,CPU%=0.26(W0.30),DSF=1.00
05-05 15:24:38.931  1823  1901 I TrackingServiceClient: setting complex haptics, but not yet connected to socket, open connection...
05-05 15:24:38.931   715   715 I TrackingService: virtual android::binder::Status OVR::OS::Tracking::TrackingService::getTrackingSocketFileDescriptor(android::os::ParcelFileDescriptor *)
05-05 15:24:38.931   715   715 D TrackingService: haptic socket already exists
05-05 15:24:38.977  9037  9360 D UE4     : *** JavaEnvDestructor: 9360
05-05 15:24:38.979  9037  9361 D UE4     : *** JavaEnvDestructor: 9361
05-05 15:24:38.980  9037  9359 D UE4     : *** JavaEnvDestructor: 9359
05-05 15:24:39.066   715  9200 I [CT]    : L:Behavior:AtRest: deactivated
05-05 15:24:39.066   715  9200 I [CT]    : AdHocPatch: [Left] t = 66.880s, behavior transition: AtRest -> None at 66.929s
05-05 15:24:39.078   715  9200 I [CT]    : L:Behavior:AtRest: activated
05-05 15:24:39.078   715  9200 I [CT]    : AdHocPatch: [Left] t = 66.892s, behavior transition: None -> AtRest at 66.941s
05-05 15:24:39.083   549   594 I AudioFlinger: BUFFER TIMEOUT: remove(4096) from active list on thread 0xef483ac0
05-05 15:24:39.087  9037  9363 D UE4     : *** JavaEnvDestructor: 9363
05-05 15:24:39.103   549   588 D msm8974_platform: platform_split_snd_device: snd_device(2) new_snd_devices (speaker)
05-05 15:24:39.103   549   588 D ACDB-LOADER: ACDB -> send_audvoltable
05-05 15:24:39.103   549   588 D ACDB-LOADER: ACDB -> ACDB_CMD_GET_AUDPROC_GAIN_DEP_STEP_TABLE, vol index 5
05-05 15:24:39.103   549   588 D         : Failed to fetch the lookup information of the device 0000000F 
05-05 15:24:39.103   549   588 E ACDB-LOADER: Error: ACDB AudProc vol returned = -19
05-05 15:24:39.103   549   588 D ACDB-LOADER: ACDB -> AUDIO_SET_VOL_CAL cal type = 40
05-05 15:24:39.103   549   588 W msm8974_platform: platform_send_gain_dep_cal: Usecase list is empty
05-05 15:24:39.156   715  9200 I [CT]    : L:Behavior:AtRest: deactivated
05-05 15:24:39.156   715  9200 I [CT]    : AdHocPatch: [Left] t = 66.968s, behavior transition: AtRest -> None at 67.017s
05-05 15:24:39.180  2129  2185 I GuardianSystem: UpdateGuardianSystemState: Flags changed: 524288, 532480
05-05 15:24:39.213  2129  2375 W VrApi   : ovr_SubmitFrameInternal: FrameIndex discontinuity: Expected 33900, Received 33925
05-05 15:24:39.405  1823  9491 I Telemetry: App memory usage: PSS=317MB DalvikPSS=1 MB
05-05 15:24:39.406  1823  9491 I VrApi   : FPS=24,Prd=45ms,Tear=0,Early=19,Stale=3,VSnc=1,Lat=1,Fov=0,CPU4/GPU=4/5,2304/670MHz,OC=FF,TA=0/0/0,SP=N/N/N,Mem=1804MHz,Free=1295MB,PSM=0,PLS=0,Temp=33.0C/0.0C,TW=2.31ms,App=6.92ms,GD=0.00ms,CPU&GPU=12.65ms,LCnt=1,GPU%=0.55,CPU%=0.21(W0.27),DSF=1.00
05-05 15:24:39.488  1907  1907 D [OAR] HomeDialog: Quit Pressed
05-05 15:24:39.488  1907  1907 I [OAR] AnytimeUIAndroidPanelAppBase: actionHideDialog - quit
05-05 15:24:39.488  1907  1907 D [OAR] HomeDialog: Releasing old screenshot, jpg_size: 36567
05-05 15:24:39.513  1823  1901 I [OAR] ShellDialogControllerHost: DialogResult: quit
05-05 15:24:39.524  1823  1901 I [OAR] ShellApplication: Sent exit broadcast to SystemActivities for:  com.YourCompany.ToysGame
05-05 15:24:39.524  2129  2170 I GuardianSystem: GuardianSystem::GuardianCmd 14
05-05 15:24:39.524  1823  1901 I [OAR] DialogControllerManager: Hide Previous pending dialog: type: 10, uri "systemux://dialog/exit", return component: "com.YourCompany.ToysGame", return activity component: "com.YourCompany.ToysGame/com.epicgames.ue4.GameActivity" - reason quit of exittohome
05-05 15:24:39.527  1823  1901 I [OAR] DialogControllerManager: Dialog change detected; updating dialog UI.
05-05 15:24:39.527  1823  1901 I [OAR] DialogControllerManager: Old dialog: type: 10, uri "systemux://dialog/exit", return component: "com.YourCompany.ToysGame", return activity component: "com.YourCompany.ToysGame/com.epicgames.ue4.GameActivity"
05-05 15:24:39.527  1823  1901 I [OAR] DialogControllerManager: New dialog: type: 0, uri "systemux://dialog/none", return component: "", return activity component: ""
05-05 15:24:39.527  1823  1901 I [OAR] DialogController: CloseDialogs() old: 10, pendingUri: systemux://dialog/exit, pendingComponent: com.YourCompany.ToysGame
05-05 15:24:39.527  1823  1901 I [OAR] SystemDialogController: HideVrShellDialog
05-05 15:24:39.527  1823  1901 I [OAR] PlatformManager: Checking livestreaming allowed for:  com.oculus.vrshell
05-05 15:24:39.528  1823  1901 I [OAR] DialogController: Clearing existing dialog systemux://dialog/exit to None while in transition to pending dialog systemux://dialog/none
05-05 15:24:39.529  1907  1907 I [OAR] AnytimeUIAndroidPanelApp: updateActiveComponent - systemux://library, returnComponent = 
05-05 15:24:39.529  1907  1907 I [OAR] AnytimeUIAndroidPanelAppBase: configureDialog:  systemux://dialog/none [] ()
05-05 15:24:39.529  1907  1907 I [OAR] AnytimeUIAndroidPanelAppBase: actionSetRoute - Route:  NONE(systemux://dialog/none)
05-05 15:24:39.529  1907  1907 D [OAR] TaskBarViewV1: NUX Mode = false
05-05 15:24:39.529  1907  1907 D [OAR] TaskBarViewV1: Skipping NUX Mode for Quest
05-05 15:24:39.530  1907  1907 I AndroidPanelLayer: Hiding layer dialog
05-05 15:24:39.530  1907  1907 I AndroidPanelApp: HideLayer(dialog)
05-05 15:24:39.531  1823  2449 I OVRPlatform: [QueueAsyncResponseHandler] success: {"streaming_enabled":true}
05-05 15:24:39.531  1907  1907 I AndroidPanelApp: Processing pending hide layer for layer dialog.
05-05 15:24:39.542  1823  1901 I [OAR] ShellApp: com.oculus.vrshell.home/com.oculus.vrshell.home.LibraryService:4 is now foregrounded
05-05 15:24:39.542  1823  1901 I [OAR] PanelAppHost: Panel app 4 (com.oculus.vrshell.home/com.oculus.vrshell.home.LibraryService) changing state from background to foreground
05-05 15:24:39.543  1823  1901 D [OAR] ShellApplication: notify OS to set com.oculus.vrshell.home/com.oculus.vrshell.home.LibraryService to FOREGROUND
05-05 15:24:39.544  9037  9364 D UE4     : *** JavaEnvDestructor: 9364
05-05 15:24:39.547  1823  1901 I ScreenCaptureHelper: SetScreenCaptureInhibitFlag : inhibited
05-05 15:24:39.548  2121  7469 I ScreenCaptureBase: GlobalInhibitState=0
05-05 15:24:39.548  1823  1901 I [OAR] PlatformManager: Resuming live stream
05-05 15:24:39.551  1823  1901 I [OAR] PanelAppHost: Setting panel layer visibility of layer "dialog" to invisible
05-05 15:24:39.551  1823  1901 I [OAR] PlatformManager: isLiveStreamingAllowed response:  1
05-05 15:24:39.552  1765  1765 I VRLifecycleSessionManager: Stored session info.
05-05 15:24:39.556  3507  3531 I RCTVR   : AppState foreground
05-05 15:24:39.556  1823  1901 I [OAR] PanelRenderLayer: New SurfaceLayer 1328 x 528 (shape: 2)
05-05 15:24:39.560  1485  2015 I UploadManager: Scheduling jobbId 2131165248 within interval (0, 1800000)
05-05 15:24:39.561  2121  2143 I VrRuntimeService: nativeCreateTextureSwapChain api:gles 0 0x8c43 1328 528 11 3 1 0 0
05-05 15:24:39.562  3507  3547 I RCTVR   : JavaScript[0xe6f3c728], Avg 617.068275735108045, Max 2542241.64838000014, MaxInLast 33230.2581869997084
05-05 15:24:39.563  3507  3547 I RCTVR_HERMES: Hermes Mem: numCollections 90, allocatedBytes 4083362, heapSize 9249976, va 8388608
05-05 15:24:39.572  3507  3531 I RCTVRMEM: Total Allocated Space: 16414792, Total Free Space: 7178168, JavaScript Heap Size: 4083362
05-05 15:24:39.572  3507  3531 I RvrPnl  : FPS=0.45504/84.8244/0.0163546, MSPF=2.19761/11.7891/61144.9, MEMALLOC=15.6544
05-05 15:24:39.575  3507  3547 I RCTVR   : JavaScript[0xe6f3c728], Avg 617.003786874812249, Max 2542241.64838000014, MaxInLast 11.7758329994976521
05-05 15:24:39.575  3507  3547 I RCTVR_HERMES: Hermes Mem: numCollections 90, allocatedBytes 4207603, heapSize 9249976, va 8388608
05-05 15:24:39.576  2121  2143 I VrRuntimeServer: CreateTextureSwapChain: result importswapchaingles 1
05-05 15:24:39.580  2129  2156 I GuardianSystem: Guardian: GuardianCmdWithParms 7, 1, 0.000000
05-05 15:24:39.589  1907  1907 I [OAR] AnytimeUIAndroidPanelAppBase: updateLiveStreamStatus - isLiveStreaming=false, allowed=true
05-05 15:24:39.591  3507  9502 D APIInterceptor: intercept original headers:
05-05 15:24:39.591  3507  9502 D APIInterceptor: Host: graph.oculus.com
05-05 15:24:39.591  3507  9502 D APIInterceptor: Connection: Keep-Alive
05-05 15:24:39.591  3507  9502 D APIInterceptor: Accept-Encoding: gzip
05-05 15:24:39.591  3507  9502 D APIInterceptor: User-Agent: okhttp/3.6.0
05-05 15:24:39.593  3507  9503 D APIInterceptor: intercept original headers:
05-05 15:24:39.593  3507  9503 D APIInterceptor: Host: graph.oculus.com
05-05 15:24:39.593  3507  9503 D APIInterceptor: Connection: Keep-Alive
05-05 15:24:39.593  3507  9503 D APIInterceptor: Accept-Encoding: gzip
05-05 15:24:39.593  3507  9503 D APIInterceptor: User-Agent: okhttp/3.6.0
05-05 15:24:39.596  3507  9504 D APIInterceptor: intercept original headers:
05-05 15:24:39.596  3507  9504 D APIInterceptor: Host: graph.oculus.com
05-05 15:24:39.596  3507  9504 D APIInterceptor: Connection: Keep-Alive
05-05 15:24:39.596  3507  9504 D APIInterceptor: Accept-Encoding: gzip
05-05 15:24:39.596  3507  9504 D APIInterceptor: User-Agent: okhttp/3.6.0
05-05 15:24:39.597  3507  9502 D APIInterceptor: intercept modified headers:
05-05 15:24:39.597  3507  9502 D APIInterceptor: Host: graph.oculus.com
05-05 15:24:39.597  3507  9502 D APIInterceptor: Connection: Keep-Alive
05-05 15:24:39.597  3507  9502 D APIInterceptor: Accept-Encoding: gzip
05-05 15:24:39.597  3507  9502 D APIInterceptor: X-Build-Model: Oculus Quest
05-05 15:24:39.597  3507  9502 D APIInterceptor: X-Build-Number: 210938855
05-05 15:24:39.597  3507  9502 D APIInterceptor: X-ANDROID-ID: 13720d2a49fddeae
05-05 15:24:39.597  3507  9502 D APIInterceptor: X-OC-Selected-Headset-Serial: 1PASH9BQ720132
05-05 15:24:39.597  3507  9502 D APIInterceptor: X-OC-VrShell-Build-Name: 16.0.0.139.450
05-05 15:24:39.597  3507  9502 D APIInterceptor: User-Agent: Dalvik/2.1.0 (Linux; U; Android 7.1.1; Quest Build/NGI77B) [FBAN/OculusHomeShell;FBAV/16.0.0.138.450;FBDV/Quest;FBCR/null;FBLC/en_GB;FBSV/7.1.1;FBBD/oculus;FBBV/210938855;FBCA/armeabi-v7a:armeabi;FBMF/Oculus;FBPN/com.oculus.vrshell.home;]
05-05 15:24:39.597  3507  9502 D APIInterceptor: Accept-Language: en_GB
05-05 15:24:39.597  3507  3531 I ReactPlayerCommon: getPerformanceStats: {}
05-05 15:24:39.597  1823  1901 I [OAR] PlatformManager: isLiveStreaming response:  0
05-05 15:24:39.598   715  9200 I [CT]    : L:Behavior:AtRest: activated
05-05 15:24:39.598   715  9200 I [CT]    : AdHocPatch: [Left] t = 67.412s, behavior transition: None -> AtRest at 67.462s
05-05 15:24:39.598  3507  9505 D APIInterceptor: intercept original headers:
05-05 15:24:39.598  3507  9505 D APIInterceptor: Host: graph.oculus.com
05-05 15:24:39.598  3507  9505 D APIInterceptor: Connection: Keep-Alive
05-05 15:24:39.598  3507  9505 D APIInterceptor: Accept-Encoding: gzip
05-05 15:24:39.598  3507  9505 D APIInterceptor: User-Agent: okhttp/3.6.0
05-05 15:24:39.599  3507  9503 D APIInterceptor: intercept modified headers:
05-05 15:24:39.599  3507  9503 D APIInterceptor: Host: graph.oculus.com
05-05 15:24:39.599  3507  9503 D APIInterceptor: Connection: Keep-Alive
05-05 15:24:39.599  3507  9503 D APIInterceptor: Accept-Encoding: gzip
05-05 15:24:39.599  3507  9503 D APIInterceptor: X-Build-Model: Oculus Quest
05-05 15:24:39.599  3507  9503 D APIInterceptor: X-Build-Number: 210938855
05-05 15:24:39.599  3507  9503 D APIInterceptor: X-ANDROID-ID: 13720d2a49fddeae
05-05 15:24:39.599  3507  9503 D APIInterceptor: X-OC-Selected-Headset-Serial: 1PASH9BQ720132
05-05 15:24:39.599  3507  9503 D APIInterceptor: X-OC-VrShell-Build-Name: 16.0.0.139.450
05-05 15:24:39.599  3507  9503 D APIInterceptor: User-Agent: Dalvik/2.1.0 (Linux; U; Android 7.1.1; Quest Build/NGI77B) [FBAN/OculusHomeShell;FBAV/16.0.0.138.450;FBDV/Quest;FBCR/null;FBLC/en_GB;FBSV/7.1.1;FBBD/oculus;FBBV/210938855;FBCA/armeabi-v7a:armeabi;FBMF/Oculus;FBPN/com.oculus.vrshell.home;]
05-05 15:24:39.599  3507  9503 D APIInterceptor: Accept-Language: en_GB
05-05 15:24:39.599  1823  2450 I OVRPlatform: [QueueAsyncResponseHandler] success: {"livestreaming_enabled":false,"is_paused":false,"livestreaming_type":0,"comments_visible":false,"mic_enabled":true}
05-05 15:24:39.600  3507  9504 D APIInterceptor: intercept modified headers:
05-05 15:24:39.600  3507  9504 D APIInterceptor: Host: graph.oculus.com
05-05 15:24:39.600  3507  9504 D APIInterceptor: Connection: Keep-Alive
05-05 15:24:39.600  3507  9504 D APIInterceptor: Accept-Encoding: gzip
05-05 15:24:39.600  3507  9504 D APIInterceptor: X-Build-Model: Oculus Quest
05-05 15:24:39.600  3507  9504 D APIInterceptor: X-Build-Number: 210938855
05-05 15:24:39.600  3507  9504 D APIInterceptor: X-ANDROID-ID: 13720d2a49fddeae
05-05 15:24:39.600  3507  9504 D APIInterceptor: X-OC-Selected-Headset-Serial: 1PASH9BQ720132
05-05 15:24:39.600  3507  9504 D APIInterceptor: X-OC-VrShell-Build-Name: 16.0.0.139.450
05-05 15:24:39.600  3507  9504 D APIInterceptor: User-Agent: Dalvik/2.1.0 (Linux; U; Android 7.1.1; Quest Build/NGI77B) [FBAN/OculusHomeShell;FBAV/16.0.0.138.450;FBDV/Quest;FBCR/null;FBLC/en_GB;FBSV/7.1.1;FBBD/oculus;FBBV/210938855;FBCA/armeabi-v7a:armeabi;FBMF/Oculus;FBPN/com.oculus.vrshell.home;]
05-05 15:24:39.600  3507  9504 D APIInterceptor: Accept-Language: en_GB
05-05 15:24:39.601  3507  9505 D APIInterceptor: intercept modified headers:
05-05 15:24:39.601  3507  9505 D APIInterceptor: Host: graph.oculus.com
05-05 15:24:39.601  3507  9505 D APIInterceptor: Connection: Keep-Alive
05-05 15:24:39.601  3507  9505 D APIInterceptor: Accept-Encoding: gzip
05-05 15:24:39.601  3507  9505 D APIInterceptor: X-Build-Model: Oculus Quest
05-05 15:24:39.601  3507  9505 D APIInterceptor: X-Build-Number: 210938855
05-05 15:24:39.601  3507  9505 D APIInterceptor: X-ANDROID-ID: 13720d2a49fddeae
05-05 15:24:39.601  3507  9505 D APIInterceptor: X-OC-Selected-Headset-Serial: 1PASH9BQ720132
05-05 15:24:39.601  3507  9505 D APIInterceptor: X-OC-VrShell-Build-Name: 16.0.0.139.450
05-05 15:24:39.601  3507  9505 D APIInterceptor: User-Agent: Dalvik/2.1.0 (Linux; U; Android 7.1.1; Quest Build/NGI77B) [FBAN/OculusHomeShell;FBAV/16.0.0.138.450;FBDV/Quest;FBCR/null;FBLC/en_GB;FBSV/7.1.1;FBBD/oculus;FBBV/210938855;FBCA/armeabi-v7a:armeabi;FBMF/Oculus;FBPN/com.oculus.vrshell.home;]
05-05 15:24:39.601  3507  9505 D APIInterceptor: Accept-Language: en_GB
05-05 15:24:39.606  1823  1823 D [OAR] ShellControlBroadcastReceiver: onReceive with MainActivity native pointer 3829282040, action com.oculus.systemactivities.LOCAL_STREAM_STATE_UPDATE
05-05 15:24:39.610  2129  2185 I GuardianSystem: UpdateGuardianSystemState: Flags changed: 532480, 524288
05-05 15:24:39.610  1823  1901 I [OAR] ShellApp: 0xd3b8e358 msg: broadcastIntent:
05-05 15:24:39.610  1823  1901 I [OAR] ShellApp: is_capture_running = 0
05-05 15:24:39.610  1823  1901 I [OAR] ShellApp: intent_action = com.oculus.systemactivities.LOCAL_STREAM_STATE_UPDATE
05-05 15:24:39.611  1823  1901 I [OAR] SystemUXController: OnLocalStreamChanged, enabled?=0
05-05 15:24:39.613  1907  1907 I [OAR] AnytimeUIAndroidPanelAppBase: updateLocalStreamState - false
05-05 15:24:39.638   715  9200 I [CT]    : L:Behavior:AtRest: deactivated
05-05 15:24:39.638   715  9200 I [CT]    : AdHocPatch: [Left] t = 67.452s, behavior transition: AtRest -> None at 67.502s
05-05 15:24:39.640  2129  2185 I GuardianSystem: UpdateGuardianSystemState: Flags changed: 524288, 532480
05-05 15:24:39.642  3507  3507 I HomeApplication: onUserId
05-05 15:24:39.654   715  9200 I [CT]    : L:Behavior:AtRest: activated
05-05 15:24:39.654   715  9200 I [CT]    : AdHocPatch: [Left] t = 67.468s, behavior transition: None -> AtRest at 67.518s
05-05 15:24:39.659  2129  2375 W VrApi   : ovr_SubmitFrameInternal: FrameIndex discontinuity: Expected 33955, Received 33956
05-05 15:24:39.667  2129  2185 I GuardianSystem: UpdateGuardianSystemState: Flags changed: 532480, 524288
05-05 15:24:39.685  2100  2173 I LibraryProvider: running refetch() for com.oculus.vrshell.home
05-05 15:24:39.685  2100  2322 I LibraryProvider: running queryAllApps() for com.oculus.vrshell.home
05-05 15:24:39.722  3507  3562 I RCTVRNET: Request complete: time=151 name=unknown docid= traceid=Gps1WDWxyGr code=200
05-05 15:24:39.738   715  9200 I [CT]    : L:Behavior:AtRest: deactivated
05-05 15:24:39.738   715  9200 I [CT]    : AdHocPatch: [Left] t = 67.552s, behavior transition: AtRest -> None at 67.602s
05-05 15:24:39.750  2129  2185 I GuardianSystem: UpdateGuardianSystemState: Flags changed: 524288, 532480
05-05 15:24:39.752  3507  3531 D QuickPromotionModule: Signal trigger 'app_foreground'.
05-05 15:24:39.766  1823  1901 I [OAR] PanelAppAnalytics: Panel render last: 64476ms avg: 177844ms for com.oculus.vrshell.home/com.oculus.vrshell.home.LibraryService
05-05 15:24:39.774   715  9200 I [CT]    : L:Behavior:AtRest: activated
05-05 15:24:39.774  2129  2375 W VrApi   : ovr_SubmitFrameInternal: FrameIndex discontinuity: Expected 33958, Received 33961
05-05 15:24:39.774   715  9200 I [CT]    : AdHocPatch: [Left] t = 67.588s, behavior transition: None -> AtRest at 67.638s
05-05 15:24:39.777  2129  2185 I GuardianSystem: UpdateGuardianSystemState: Flags changed: 532480, 524288
05-05 15:24:39.799   715  9212 I [CT]    : MANAGEMENT:CONSTELLATION: Status=GREEN,, Obj=7745273921483883046,6DOF=1,FusJit=0.004mm,Issues(Cam/min=  0,IMU/min=0), Obj=4212769887286730484,6DOF=1 (estimated),Issues(Cam/min=  0,IMU/min=0)
05-05 15:24:39.850  2129  2154 I GuardianSystem: Guardian: GuardianCmdWithParms 7, 0, 0.000000
05-05 15:24:39.982  9037  9374 D UE4     : [2020.05.05-13.24.39:982][957]LogTcpMessaging: Lost node '15CE8C10432F4D5DF739A7A89F2600E0' on connection '127.0.0.1:44694'...
05-05 15:24:39.982  9037  9374 D UE4     : *** JavaEnvDestructor: 9374
05-05 15:24:40.060  3507  3531 D OculusLogger: reportQuickExperimentExposure(sessionless__oculus_gaming_activity_universe, control, 102449717587751)
05-05 15:24:40.062  3507  3569 I OVR_MemBuffer: Couldn't open assets/oculus-apps-native/VrShell/Home/assets/icons/ellipsis_vertical_24x24.ktx: No such file or directory
05-05 15:24:40.066   715  9200 I [CT]    : L:Behavior:AtRest: deactivated
05-05 15:24:40.066   715  9200 I [CT]    : AdHocPatch: [Left] t = 67.879s, behavior transition: AtRest -> None at 67.930s
05-05 15:24:40.078   715  9200 I [CT]    : L:Behavior:AtRest: activated
05-05 15:24:40.078   715  9200 I [CT]    : AdHocPatch: [Left] t = 67.891s, behavior transition: None -> AtRest at 67.942s
05-05 15:24:40.084  9037  9054 D UE4     : [2020.05.05-13.24.40:083][957]LogCore: Display: AppLifetime: Application will deactivate
05-05 15:24:40.084  9037  9369 D OVRPlugin: Leaving VR mode.
05-05 15:24:40.084  9037  9369 I GoCompatibility: GoCompatibility: vrapi_LeaveVrMode_Hooked()
05-05 15:24:40.084  9037  9369 I VrApi   : ---------- vrapi_LeaveVrMode [start] ----------
05-05 15:24:40.087  9037  9369 D VrApi   : targetSDKVersion 25
05-05 15:24:40.087  3507  3531 D OculusLogger: reportQuickExperimentExposure(sessionless__oculus_gaming_activity_universe, control, 102449717587751)
05-05 15:24:40.091  9037  9369 I VrRuntimeClient: DEVICE MODEL NUMBER = Quest
05-05 15:24:40.091  9037  9369 I VrRuntimeClient: DEVICE HARDWARE = monterey
05-05 15:24:40.091  9037  9369 I VrRuntimeClient: DEVICE BUILD NAME = user-602380.24900.0
05-05 15:24:40.091  9037  9369 I VrRuntimeClient: DEVICE BUILD TYPE = user
05-05 15:24:40.091  9037  9369 I VrRuntimeClient: DEVICE OS VERSION = 7.1.1
05-05 15:24:40.091  9037  9369 I VrRuntimeClient: VRRUNTIME VERSION = VRAPI_VERSION_BEGIN { 1.1.33.0-210938873-210938873 Apr 24 2020 16:11:35 Development } RELEASE
05-05 15:24:40.091  9037  9369 I VrRuntimeClient: API LOADER VERSION = 1.1.24.0
05-05 15:24:40.091  9037  9369 I VrRuntimeClient: VRDRIVER VERSION = 16.0.0.141.450
05-05 15:24:40.091  9037  9369 I VrRuntimeClient: APP NAME = ToysGame
05-05 15:24:40.091  9037  9369 I VrRuntimeClient: APP VERSION = 1.0 versionCode 1 internalVersionName <none>
05-05 15:24:40.091  9037  9369 I VrRuntimeClient: APP VR TYPE = vr_only
05-05 15:24:40.091  9037  9369 I VrRuntimeClient: APP PACKAGE NAME = com.YourCompany.ToysGame
05-05 15:24:40.095  9037  9369 I VrRuntimeClient: APP ACTIVITY CLASS = com.epicgames.ue4.GameActivity
05-05 15:24:40.098  9037  9369 D BatteryReceiver: Unregistering battery receiver
05-05 15:24:40.107  3507  3562 I RCTVRNET: Request complete: time=65 name=OCRelayNetwork_LibraryAppListingContextMenuContainerQuery docid=2265761633528945 traceid=AE4gQI5xsj+ code=200
05-05 15:24:40.116  3507  3531 D OculusLogger: reportQuickExperimentExposure(sessionless__oculus_gaming_activity_universe, control, 102449717587751)
05-05 15:24:40.128  2100  9511 I LibraryStorage: Successfully saved 14 entitlements. Total entitlements: 14. Notifying: 0
05-05 15:24:40.188   715  9200 I [CT]    : L:Behavior:AtRest: deactivated
05-05 15:24:40.188   715  9200 I [CT]    : AdHocPatch: [Left] t = 68.001s, behavior transition: AtRest -> None at 68.052s
05-05 15:24:40.195  2129  2185 I GuardianSystem: UpdateGuardianSystemState: Flags changed: 524288, 532480
05-05 15:24:40.204   715  9200 I [CT]    : L:Behavior:AtRest: activated
05-05 15:24:40.204   715  9200 I [CT]    : AdHocPatch: [Left] t = 68.017s, behavior transition: None -> AtRest at 68.068s
05-05 15:24:40.208  9037  9358 I Telemetry: App memory usage: PSS=739MB DalvikPSS=3 MB
05-05 15:24:40.212  9037  9358 D VrApi   : targetSDKVersion 25
05-05 15:24:40.215  9037  9358 I VrApi   : FPS=66,Prd=45ms,Tear=0,Early=0,Stale=13,VSnc=1,Lat=1,Fov=0,CPU4/GPU=4/4,2304/670MHz,OC=FF,TA=0/3/3,SP=N/N/N,Mem=1804MHz,Free=1293MB,PSM=0,PLS=0,Temp=33.0C/0.0C,TW=1.27ms,App=12.40ms,GD=3.70ms,CPU&GPU=20.20ms,LCnt=1,GPU%=0.86,CPU%=0.26(W0.30),DSF=1.00
05-05 15:24:40.216  9037  9369 I VrApi   : OVR::Stats thread stopped
05-05 15:24:40.216  9037  9369 I InputDeviceManager: ovrInputDeviceManager::Shutdown
05-05 15:24:40.219  9037  9357 I InputHooks_Internal: InputHooksThreadRun ShutdownRequest received
05-05 15:24:40.219  9037  9369 I InputHooks_Internal: Disabling Native Input Hooks
05-05 15:24:40.221  2121  2141 D VrRuntimeService: this client: 9037:com.YourCompany.ToysGame
05-05 15:24:40.221  2121  2141 D VrRuntimeService: enableRendering: clientWindow: null enable: false
05-05 15:24:40.221  2121  2141 I ClientMgr: ClientMgr::EnableRendering 9037:com.YourCompany.ToysGame : type 0 : disable
05-05 15:24:40.221  9037  9373 I VrRuntimeClient: FenceChecker::MainLoop - ended
05-05 15:24:40.222  9037  9369 I BufferObject: ovrBufferObjectFactory::Unimport unmapping Vulkan memory
05-05 15:24:40.222  9037  9369 I BufferObject: ovrBufferObjectFactory::Unimport destroying Vulkan buffer=546584864512
05-05 15:24:40.222  9037  9369 I BufferObject: ovrBufferObjectFactory::Unimport freeing Vulkan memory=546478286912
05-05 15:24:40.223  9037  9369 I TrackingServiceClient: OVR::TrackingService::ClientSetInterface
05-05 15:24:40.223  9037  9369 D TrackingServiceClient: onClientDisconnect
05-05 15:24:40.223  9037  9369 D TrackingServiceConnectionNative: onClientDisconnect
05-05 15:24:40.223   715   715 I TrackingService: Unregistering client by ITrackingService.unregisterClient
05-05 15:24:40.223   715   715 I TrackingService: TrackingServiceHost Unregistering client: pid 9037
05-05 15:24:40.224  9037  9369 D BinderConnection: Disconnecting from TrackingService service
05-05 15:24:40.224  9037  9369 D TrackingServiceConnectionNative: onDisconnected
05-05 15:24:40.224  9037  9369 D TrackingServiceClient: TrackingServiceConnection mConnectedRemotes.clear()
05-05 15:24:40.224  9037  9369 I TrackingServiceClient: OVR::TrackingService::ClientSetInterface
05-05 15:24:40.224  9037  9369 I VrApi   : ---------- vrapi_LeaveVrMode [end] ----------
05-05 15:24:40.225  9037  9054 D UE4     : [GameActivity] Unregistering volume receiver
05-05 15:24:40.227  2129  2375 W VrApi   : ovr_SubmitFrameInternal: FrameIndex discontinuity: Expected 33963, Received 33976
05-05 15:24:40.229  2129  2185 I GuardianSystem: UpdateGuardianSystemState: Flags changed: 532480, 524288
05-05 15:24:40.232  9037  9054 D UE4     : [GameActivity] Unregistering battery receiver
05-05 15:24:40.234  9037  9054 D UE4     : [GameActivity] Unregistering headset receiver
05-05 15:24:40.234  2121  2305 I ClientMgr: Non-overlay clients rendering status has changed: prev=64, curr=65, enabled=5
05-05 15:24:40.238  9037  9054 D UE4     : [2020.05.05-13.24.40:238][957]LogCore: Display: AppLifetime: Application will enter background
05-05 15:24:40.238  9037  9054 D UE4     : [2020.05.05-13.24.40:238][957]LogTemp: Android pause audio
05-05 15:24:40.239  9037  9054 D UE4     : [2020.05.05-13.24.40:239][957]LogAudioMixerAndroid: Display: Suspending android audio renderer
05-05 15:24:40.242  9037  9055 D UE4     : [2020.05.05-13.24.40:241][957]LogAndroid: Blocking renderer on invalid window.
05-05 15:24:40.242  9037  9055 D UE4     : [2020.05.05-13.24.40:242][957]LogAndroid: Waiting for renderer to encounter blocking command.
05-05 15:24:40.242  9037  9054 D UE4     : [2020.05.05-13.24.40:242][957]LogHMD: Error: ovrp_WaitToBeginFrame 3957 failed (-1003)
05-05 15:24:40.242  9037  9054 W VrApi   : vrapi_WaitFrame: ovr->Destroyed
05-05 15:24:40.242  9037  9054 W VrApi   : vrapi_GetPredictedDisplayTime: ovr->Destroyed
05-05 15:24:40.242  9037  9054 W VrApi   : vrapi_GetPredictedTracking2: ovr->Destroyed
05-05 15:24:40.242  9037  9054 W VrApi   : vrapi_GetPredictedTracking2: ovr->Destroyed
05-05 15:24:40.243  9037  9369 D UE4     : [2020.05.05-13.24.40:242][957]LogAndroid: Blocking renderer
05-05 15:24:40.243  9037  9369 D UE4     : [2020.05.05-13.24.40:243][957]LogAndroid: RendererBlock release window callback
05-05 15:24:40.243  9037  9369 D UE4     : [2020.05.05-13.24.40:243][957]LogVulkanRHI: Destroy swapchain ... 
05-05 15:24:40.245  1823  9491 I VrApi   : FPS=1,Prd=0ms,Tear=0,Early=39,Stale=21,VSnc=1,Lat=1,Fov=0,CPU4/GPU=4/4,2304/670MHz,OC=FF,TA=0/E0/0,SP=N/F/N,Mem=1804MHz,Free=1293MB,PSM=0,PLS=0,Temp=33.0C/0.0C,TW=1.84ms,App=4.55ms,GD=0.00ms,CPU&GPU=37.56ms,LCnt=3,GPU%=0.43,CPU%=0.09(W0.13),DSF=1.00
05-05 15:24:40.250  9037  9054 D UE4     : [2020.05.05-13.24.40:250][958]LogHMD: Error: ovrp_WaitToBeginFrame 3958 failed (-1003)
05-05 15:24:40.251  9037  9054 W VrApi   : vrapi_WaitFrame: ovr->Destroyed
05-05 15:24:40.251  9037  9054 W VrApi   : vrapi_GetPredictedDisplayTime: ovr->Destroyed
05-05 15:24:40.251  9037  9054 W VrApi   : vrapi_GetPredictedTracking2: ovr->Destroyed
05-05 15:24:40.251  9037  9054 W VrApi   : vrapi_GetPredictedTracking2: ovr->Destroyed
05-05 15:24:40.251  9037  9055 D UE4     : LogAndroidEvents::EnqueueAppEvent : 13, [width=-1, height=-1], tid = 9055, APP_EVENT_STATE_APP_SUSPENDED
05-05 15:24:40.251  9037  9055 D UE4     : Case APP_CMD_TERM_WINDOW, tid = 9055
05-05 15:24:40.251  9037  9055 D UE4     : [2020.05.05-13.24.40:251][958]LogAndroid: Case APP_CMD_TERM_WINDOW
05-05 15:24:40.251  9037  9055 D UE4     : LogAndroidEvents::EnqueueAppEvent : 3, [width=-1, height=-1], tid = 9055, APP_EVENT_STATE_WINDOW_DESTROYED
05-05 15:24:40.298  9037  9055 D UE4     : [2020.05.05-13.24.40:298][959]LogAndroid: Case APP_CMD_SAVE_STATE
05-05 15:24:40.298  9037  9055 D UE4     : LogAndroidEvents::EnqueueAppEvent : 12, [width=-1, height=-1], tid = 9055, APP_EVENT_STATE_SAVE_STATE
05-05 15:24:40.300  9037  9055 D UE4     : [2020.05.05-13.24.40:300][959]LogAndroid: Case APP_CMD_STOP
05-05 15:24:40.300  9037  9055 D UE4     : LogAndroidEvents::EnqueueAppEvent : 8, [width=-1, height=-1], tid = 9055, APP_EVENT_STATE_ON_STOP
05-05 15:24:40.301  9037  9037 D UE4     : [GameActivity] ==============> GameActive.onStop complete!
05-05 15:24:40.304  9037  9037 D UE4     : [GameActivity] ==============> GameActive.onTrimMemory(TRIM_MEMORY_UI_HIDDEN) called!
05-05 15:24:40.305  9037  9037 V UE4     : [GameApp] App in background
05-05 15:24:40.306  9037  9037 D SystemActivitiesReceiver: SystemActivityReceiver.onReceive intent:Intent { act=com.oculus.system_activity flg=0x10 pkg=com.YourCompany.ToysGame (has extras) }
05-05 15:24:40.307  9037  9037 D SystemActivitiesReceiver: fromPackageName: 'com.oculus.vrshell'
05-05 15:24:40.307  9037  9037 D SystemActivitiesReceiver: command: '{"Command":"exitToHome","PlatformUIVersion":4,"ToPackage":"com.YourCompany.ToysGame"}'
05-05 15:24:40.307  9037  9037 D SystemActivitiesReceiver: uri: ''
05-05 15:24:40.309  9037  9037 D TrustedSignatureVerifier: Checking app signature for com.oculus.vrshell
05-05 15:24:40.311  9037  9037 D SystemActivitiesReceiver: App is trusted
05-05 15:24:40.320  9037  9037 I SystemUtils_Internal: nativeSystemActivityIntent in 'com.YourCompany.ToysGame': 'com.oculus.vrshell' '{"Command":"exitToHome","PlatformUIVersion":4,"ToPackage":"com.YourCompany.ToysGame"}' ''
05-05 15:24:40.320  9037  9037 I SystemUtils_Internal: finish() - exit to Home
05-05 15:24:40.320  9037  9037 W art     : Attempt to remove non-JNI local reference, dumping thread
05-05 15:24:40.320  9037  9037 W art     : Attempt to remove non-JNI local reference, dumping thread
05-05 15:24:40.320  9037  9037 W art     : Attempt to remove non-JNI local reference, dumping thread
05-05 15:24:40.321  9037  9037 D SystemActivitiesReceiver: SystemActivityReceiver.onReceive intent:Intent { act=com.oculus.system_activity flg=0x10 pkg=com.YourCompany.ToysGame (has extras) }
05-05 15:24:40.321  9037  9037 D SystemActivitiesReceiver: fromPackageName: 'com.oculus.vrshell'
05-05 15:24:40.321  9037  9037 D SystemActivitiesReceiver: command: '{"Command":"returnToLauncher","PlatformUIVersion":4,"ToPackage":"com.YourCompany.ToysGame"}'
05-05 15:24:40.321  9037  9037 D SystemActivitiesReceiver: uri: ''
05-05 15:24:40.322  9037  9037 I SystemUtils_Internal: nativeSystemActivityIntent in 'com.YourCompany.ToysGame': 'com.oculus.vrshell' '{"Command":"returnToLauncher","PlatformUIVersion":4,"ToPackage":"com.YourCompany.ToysGame"}' ''
05-05 15:24:40.322  9037  9037 I SystemUtils_Internal: ovrSystemUtils::AddEvent: queued event '{"Command":"returnToLauncher","PlatformUIVersion":4,"ToPackage":"com.YourCompany.ToysGame"}'
05-05 15:24:40.322  9037  9037 W art     : Attempt to remove non-JNI local reference, dumping thread
05-05 15:24:40.322  9037  9037 W art     : Attempt to remove non-JNI local reference, dumping thread
05-05 15:24:40.322  9037  9037 W art     : Attempt to remove non-JNI local reference, dumping thread
05-05 15:24:40.324  9037  9037 D ContextHelper: shouldSkipFinish: activity=com.epicgames.ue4.GameActivity@856ebe3
05-05 15:24:40.326  9037  9037 D ContextHelper: activity=com.epicgames.ue4.GameActivity@856ebe3, resumed=false
05-05 15:24:40.326  9037  9037 D ContextHelper: Calling finish() on com.epicgames.ue4.GameActivity@856ebe3
05-05 15:24:40.331  9037  9037 D UE4     : [GameActivity] onDestroy: destroy memoryHandlerThread
05-05 15:24:40.332  9037  9055 D UE4     : [2020.05.05-13.24.40:332][959]LogAndroid: Case APP_CMD_INPUT_CHANGED
05-05 15:24:40.332  9037  9055 D UE4     : [2020.05.05-13.24.40:332][959]LogAndroid: Case APP_CMD_DESTROY
05-05 15:24:40.332  9037  9055 D UE4     : LogAndroidEvents::EnqueueAppEvent : 15, [width=-1, height=-1], tid = 9055, APP_EVENT_RUN_CALLBACK
05-05 15:24:40.332  9037  9055 D UE4     : LogAndroidEvents::EnqueueAppEvent : 5, [width=-1, height=-1], tid = 9055, APP_EVENT_STATE_ON_DESTROY
05-05 15:24:40.337  9037  9055 I art     : System.exit called, status: 0
05-05 15:24:40.337  9037  9055 I AndroidRuntime: VM exiting with result code 0, cleanup skipped.
05-05 15:24:40.537  2121  9237 I TimeWarp: UpdateClockLevels: Apply pending clock request change: 4,4 -> 3,4
05-05 15:24:40.537  2121  9227 I Clocks  : ReleaseClocks - start
05-05 15:24:40.538   719   719 D         : CPU_CLUSTER_0: No client requests exists, release clocks
05-05 15:24:40.538   719   719 D         : CPU_CLUSTER_1: No client requests exists, release clocks
05-05 15:24:40.538   719   719 D         : GPU: No client requests exists, release clocks
05-05 15:24:40.538   719   719 D         : CPUBW: No client requests exists, release clocks
05-05 15:24:40.539  2121  9227 I Clocks  : ReleaseClocks - end (2.0 ms)
05-05 15:24:40.539  2121  9227 I Clocks  : LockClocks( cpu=3, gpu=4 ) - start
05-05 15:24:40.539  2121  9227 I Clocks  : CPU levels [0, 4]
05-05 15:24:40.539  2121  9227 I Clocks  : GPU levels [0, 5]
05-05 15:24:40.540   719  2791 D         : CPU_CLUSTER_0: Client 2121 sends freq request [21, 21]
05-05 15:24:40.540   719  2791 D         : CPU_CLUSTER_0: Next Perf Level = (21, 21)
05-05 15:24:40.540   719  2791 D         : CPU_CLUSTER_1: Client 2121 sends freq request [22, 22]
05-05 15:24:40.540   719  2791 D         : CPU_CLUSTER_1: Next Perf Level = (22, 22)
05-05 15:24:40.540   719  2791 D         : CPUBW: Client 2121 sends freq request [8, 11]
05-05 15:24:40.540   719  2791 D         : CPUBW: Next Perf Level = (8, 11)
05-05 15:24:40.540   719  2791 D         : GPU: Client 2121 sends freq request [6, 6]
05-05 15:24:40.540   719  2791 D         : GPU: Next Perf Level = (6, 6)
05-05 15:24:40.540  2121  9227 I Clocks  : LockClocks( cpu=3, gpu=4 ) - end (1.6 ms)
05-05 15:24:40.572  1765  9516 I FbnsPushNotificationHandler: {"persisted_id":"","ndid":"421627e6-3920-48e3-9056-35025613ddd1G5a4e64846e36fG5d2d6f062f27G1fc0","extra_data":"{\"user_with_updated_status\":\"102449717587751\",\"presence\":\"Home | Quest\",\"app_id\":1481000308606657,\"friend_display_name\":\"Pau Fenollosa\"}","PushNotifID":"421627e6-3920-48e3-9056-35025613ddd1"}
05-05 15:24:40.573  1765  9516 I NotificationReceiver: oculus_user_status
05-05 15:24:40.576  3507  3531 I RvrPnl  : FPS=69.072/92.6699/33.8398, MSPF=0.0144776/10.791/29.551, MEMALLOC=15.6544
05-05 15:24:40.588  1765  9516 I NotificationReceiver: Notification cannot be toasted without a message. Hiding notif
05-05 15:24:40.614   715  9200 I [CT]    : L:Behavior:AtRest: deactivated
05-05 15:24:40.614   715  9200 I [CT]    : AdHocPatch: [Left] t = 68.427s, behavior transition: AtRest -> None at 68.477s
05-05 15:24:40.628   715  9200 I [CT]    : L:Behavior:AtRest: activated
05-05 15:24:40.628   715  9200 I [CT]    : AdHocPatch: [Left] t = 68.441s, behavior transition: None -> AtRest at 68.491s
05-05 15:24:40.662  2644  2706 I RCTVRNET: Request complete: time=79 name=OCRelayNetwork_ExploreWidgetsQueryRendererRefetchQuery docid=3281481848536696 traceid=AnOzQynAM9s code=200
05-05 15:24:40.663  2644  2692 I RCTVR   : JavaScript[0xd0b237e0], Avg 2285.91473385226391, Max 2543211.97505399957, MaxInLast 34057.631958999671
05-05 15:24:40.663  2644  2692 I RCTVR_HERMES: Hermes Mem: numCollections 53, allocatedBytes 9899603, heapSize 18460240, va 16777216
05-05 15:24:40.676   715  9200 I [CT]    : L:Behavior:AtRest: deactivated
05-05 15:24:40.676   715  9200 I [CT]    : AdHocPatch: [Left] t = 68.485s, behavior transition: AtRest -> None at 68.535s
05-05 15:24:40.678  2129  2185 I GuardianSystem: UpdateGuardianSystemState: Flags changed: 524288, 532480
05-05 15:24:40.709  2129  2375 W VrApi   : ovr_SubmitFrameInternal: FrameIndex discontinuity: Expected 33978, Received 33992
05-05 15:24:40.878   715  9200 I [CT]    : L:Behavior:AtRest: activated
05-05 15:24:40.878   715  9200 I [CT]    : AdHocPatch: [Left] t = 68.691s, behavior transition: None -> AtRest at 68.741s
05-05 15:24:40.880  2129  2185 I GuardianSystem: UpdateGuardianSystemState: Flags changed: 532480, 524288
05-05 15:24:40.887   715  9200 I [CT]    : L:Behavior:AtRest: deactivated
05-05 15:24:40.888   715  9200 I [CT]    : AdHocPatch: [Left] t = 68.701s, behavior transition: AtRest -> None at 68.751s
05-05 15:24:40.894  2129  2185 I GuardianSystem: UpdateGuardianSystemState: Flags changed: 524288, 532480
05-05 15:24:40.901   715  9200 I [CT]    : L:Behavior:AtRest: activated
05-05 15:24:40.901   715  9200 I [CT]    : AdHocPatch: [Left] t = 68.715s, behavior transition: None -> AtRest at 68.765s
05-05 15:24:40.907  2129  2185 I GuardianSystem: UpdateGuardianSystemState: Flags changed: 532480, 524288
05-05 15:24:40.909   715  9213 I [CT]    : VIPER:MAP_MANAGER: State: TRACKING_PERSISTENT, UUID=d18585e8-d288-4997-b6ff-78495c7eed6a, Num. Persistent maps = 1,  Persistent maps:d18585e8-d288-4997-b6ff-78495c7eed6a,, Ser. Disabled = 00000000-0000-0000-0000-000000000000
05-05 15:24:40.950   715  9213 I [CT]    : VIPER: Status=6DoF,TRACKING,KF=133,Inl=316,Pts=456,Jit=0.2mm,Issues(Cam/min=0.0,IMU/min=0.0),Exp=(6.4ms,g=6.0,I=71)(5.4ms,g=2.0,I=65)(6.4ms,g=6.0,I=67)(5.1ms,g=5.0,I=68)
05-05 15:24:40.962  1061  1148 W InputDispatcher: channel 'e4284f7 com.YourCompany.ToysGame/com.epicgames.ue4.GameActivity (server)' ~ Consumer closed input channel or an error occurred.  events=0x9
05-05 15:24:40.962  1061  1148 E InputDispatcher: channel 'e4284f7 com.YourCompany.ToysGame/com.epicgames.ue4.GameActivity (server)' ~ Channel is unrecoverably broken and will be disposed!
05-05 15:24:40.963  2129  2170 D VrGuardianService: VrGuardianService: binderDied: com.YourCompany.ToysGame
05-05 15:24:40.963  2121  2141 D VrRuntimeService: VrRuntimeService: binderDied: com.YourCompany.ToysGame
05-05 15:24:40.963  2121  2141 D VrRuntimeService: VrRuntimeService: destroyClientInternal: com.YourCompany.ToysGame, pid: 9037, window: null
05-05 15:24:40.963  2121  2141 I ClientMgr: ClientMgr::DestroyClient: 9037:com.YourCompany.ToysGame
05-05 15:24:40.963  2121  2141 I ClientMgr: ClientMgr::DestroyClient Destroying 2 swapchains for 9037:com.YourCompany.ToysGame
05-05 15:24:40.963  2121  2141 I ClientMgr: ClientMgr::DestroyClient: non-deferred ShutdownResources: 3951 == 3951 
05-05 15:24:40.963  2121  2141 I BufferObject: ovrBufferObjectFactory::Shutdown
05-05 15:24:40.963  2121  2141 I BufferObject: ovrBufferObjectFactory: closing fd=89
05-05 15:24:40.963  2121  2141 I BufferObject: ovrBufferObjectFactory: unmapping Vulkan memory
05-05 15:24:40.963  2121  2141 I BufferObject: ovrBufferObjectFactory: destroying Vulkan buffer=547335459712
05-05 15:24:40.963  2121  2141 I BufferObject: ovrBufferObjectFactory: freeing Vulkan memory=547331039872
05-05 15:24:40.963  1061  1558 I WindowManager: WIN DEATH: Window{e4284f7 u0 com.YourCompany.ToysGame/com.epicgames.ue4.GameActivity}
05-05 15:24:40.963  1061  1558 W InputDispatcher: Attempted to unregister already unregistered input channel 'e4284f7 com.YourCompany.ToysGame/com.epicgames.ue4.GameActivity (server)'
05-05 15:24:40.963  1061  1520 D ConnectivityService: ConnectivityService NetworkRequestInfo binderDied(NetworkRequest [ LISTEN id=15, [ Capabilities: NOT_RESTRICTED&TRUSTED&NOT_VPN&FOREGROUND] ], android.os.BinderProxy@a542913)
05-05 15:24:40.964  1061  1558 W WindowManager: Force-removing child win Window{20b7750 u0 SurfaceView - com.YourCompany.ToysGame/com.epicgames.ue4.GameActivity} from container Window{e4284f7 u0 com.YourCompany.ToysGame/com.epicgames.ue4.GameActivity}
05-05 15:24:40.965  1061  1164 E ConnectivityService: RemoteException caught trying to send a callback msg for NetworkRequest [ LISTEN id=15, [ Capabilities: NOT_RESTRICTED&TRUSTED&NOT_VPN&FOREGROUND] ]
05-05 15:24:40.965  1061  1559 D GraphicsStats: Buffer count: 3
05-05 15:24:40.965  1061  1087 I ActivityManager: Process com.YourCompany.ToysGame (pid 9037) has died
05-05 15:24:40.965  1061  1087 D ActivityManager: cleanUpApplicationRecord -- 9037
05-05 15:24:40.977  1061  1484 W WindowManager: Failed looking up window callers=com.android.server.wm.WindowManagerService.windowForClientLocked:9473 com.android.server.wm.WindowState$DeathRecipient.binderDied:1808 android.os.BinderProxy.sendDeathNotice:744 
05-05 15:24:40.977  1061  1484 I WindowManager: WIN DEATH: null
05-05 15:24:41.054  1485  9517 W ContextImpl: Calling a method in the system process without a qualified user: android.app.ContextImpl.sendBroadcast:877 android.content.ContextWrapper.sendBroadcast:421 com.facebook.analytics2.logger.UploadServiceBus.signalJobRan:60 com.facebook.analytics2.logger.UploadJobHandler.exitStateMachine:267 com.facebook.analytics2.logger.UploadJobHandler.handleMessage:97 
05-05 15:24:41.242  1823  9491 I VrApi   : FPS=73,Prd=45ms,Tear=0,Early=60,Stale=3,VSnc=1,Lat=1,Fov=0,CPU4/GPU=4/4,1958/670MHz,OC=FF,TA=0/E0/0,SP=N/F/N,Mem=1804MHz,Free=1433MB,PSM=0,PLS=0,Temp=33.0C/0.0C,TW=2.01ms,App=6.33ms,GD=0.00ms,CPU&GPU=8.81ms,LCnt=4,GPU%=0.53,CPU%=0.19(W0.26),DSF=1.00
05-05 15:24:41.577  3507  3531 I RvrPnl  : FPS=71.9033/84.6307/62.5462, MSPF=0.0139076/11.816/15.9882, MEMALLOC=15.6544
05-05 15:24:41.645  1823  2391 I OVRPlatform: [CurlHttpClient] Executing HTTP request: https://graph.oculus.com//v1.20/me?fields=current_party{id,leader{id},join_policy,users{id,alias,can_viewer_message,display_name,profile_url,profile_url_small,presence,presence_status,presence_app{id,package_name},presence_deeplink_joinable,presence_deeplink_message,presence_destination_api_name,presence_scoped_user_id,avatar_v2{avatar_image{uri}}},invited_users{id,alias,can_viewer_message,display_name,profile_url,profile_url_small,presence,presence_status,presence_app{id,package_name},avatar_v2{avatar_image{uri}}}}&app_version=210946745
05-05 15:24:41.727   715  9200 I [CT]    : L:Behavior:AtRest: deactivated
05-05 15:24:41.727   715  9200 I [CT]    : AdHocPatch: [Left] t = 69.541s, behavior transition: AtRest -> None at 69.592s
05-05 15:24:41.734  1823  2394 I OVRPlatform: [HttpRequest] Request `me?fields=current_party{id,leader{id},join_policy,users{id,alias,can_viewer_message,display_name,profile_url,profile_url_small,presence,presence_status,presence_app{id,package_name},presence_deeplink_joinable,presence_deeplink_message,presence_destination_api_name,presence_scoped_user_id,avatar_v2{avatar_image{uri}}},invited_users{id,alias,can_viewer_message,display_name,profile_url,profile_url_small,presence,presence_status,presence_app{id,package_name},avatar_v2{avatar_image{uri}}}}' (id: 6138) succeeded: {"id":"102449717587751"}
05-05 15:24:41.734  1823  2394 I OVRPlatform: [RequestStopwatch] HttpRequestAsync (me?fields=current_party{id,leader{id},join_policy,users{id,alias,can_viewer_message,display_name,profile_url,profile_url_small,presence,presence_status,presence_app{id,package_name},presence_deeplink_joinable,presence_deeplink_message,presence_destination_api_name,presence_scoped_user_id,avatar_v2{avatar_image{uri}}},invited_users{id,alias,can_viewer_message,display_name,profile_url,profile_url_small,presence,presence_status,presence_app{id,package_name},avatar_v2{avatar_image{uri}}}}) took 88.9970 milliseconds
05-05 15:24:41.740   715  9200 I [CT]    : L:Behavior:AtRest: activated
05-05 15:24:41.740   715  9200 I [CT]    : AdHocPatch: [Left] t = 69.553s, behavior transition: None -> AtRest at 69.604s
05-05 15:24:41.742  1823  1901 I [OAR] PartyManager: Party Response Parse Time: 0.059114ms
05-05 15:24:41.752  1485  2015 I UploadManager: Scheduling jobbId 2131165248 within interval (900000, 2700000)
05-05 15:24:41.788   715  9200 I [CT]    : L:Behavior:AtRest: deactivated
05-05 15:24:41.788   715  9200 I [CT]    : AdHocPatch: [Left] t = 69.601s, behavior transition: AtRest -> None at 69.652s
05-05 15:24:41.791  2129  2185 I GuardianSystem: UpdateGuardianSystemState: Flags changed: 524288, 532480
