05-11 12:55:42.234  1842  1905 I [OAR] RouteInput: New inputState.cursorTraceSource: 1
05-11 12:55:42.234  1842  1905 I [OAR] LocalSpace: Reset - initialRawFromLocalPose
05-11 12:55:42.234  1842  1905 I [OAR] LocalSpace: 	rotX: -0.151163
05-11 12:55:42.234  1842  1905 I [OAR] LocalSpace: 	rotY: 0.058608
05-11 12:55:42.234  1842  1905 I [OAR] LocalSpace: 	rotZ: -0.037262
05-11 12:55:42.234  1842  1905 I [OAR] LocalSpace: 	rotW: 0.986066
05-11 12:55:42.234  1842  1905 I [OAR] LocalSpace: 	traX: 0.009827
05-11 12:55:42.234  1842  1905 I [OAR] LocalSpace: 	traY: 0.055972
05-11 12:55:42.234  1842  1905 I [OAR] LocalSpace: 	traZ: -0.016846
05-11 12:55:42.234  1842  1905 I [OAR] LocalSpace: Applying VRAPI Reorient
05-11 12:55:42.234  1842  1905 I [OAR] LocalSpace: Recentering local space
05-11 12:55:42.235  2115  2133 I VrRuntimeServer: UpdateLocalSpace: Src: 2, Version: 22, VersionUser: 0, RawFloorHeightOld: -0.952886, RawFloorHeightNew: -0.952886
05-11 12:55:42.235  1842  1905 I [OAR] LocalSpace: currentLocalPose
05-11 12:55:42.235  1842  1905 I [OAR] LocalSpace: 	rotX: -0.043333
05-11 12:55:42.235  1842  1905 I [OAR] LocalSpace: 	rotY: -0.000651
05-11 12:55:42.235  1842  1905 I [OAR] LocalSpace: 	rotZ: -0.014998
05-11 12:55:42.235  1842  1905 I [OAR] LocalSpace: 	rotW: 0.998948
05-11 12:55:42.235  1842  1905 I [OAR] LocalSpace: 	traX: 0.000000
05-11 12:55:42.235  1842  1905 I [OAR] LocalSpace: 	traY: 1.041274
05-11 12:55:42.235  1842  1905 I [OAR] LocalSpace: 	traZ: 0.000000
05-11 12:55:42.235  1842  1905 I [OAR] LocalSpace: localPose
05-11 12:55:42.235  1842  1905 I [OAR] LocalSpace: 	rotX: -0.050719
05-11 12:55:42.235  1842  1905 I [OAR] LocalSpace: 	rotY: -0.000157
05-11 12:55:42.235  1842  1905 I [OAR] LocalSpace: 	rotZ: -0.003082
05-11 12:55:42.235  1842  1905 I [OAR] LocalSpace: 	rotW: 0.998708
05-11 12:55:42.235  1842  1905 I [OAR] LocalSpace: 	traX: 0.000000
05-11 12:55:42.235  1842  1905 I [OAR] LocalSpace: 	traY: 1.032059
05-11 12:55:42.235  1842  1905 I [OAR] LocalSpace: 	traZ: 0.000000
05-11 12:55:42.235  1842  1905 I [OAR] DialogControllerManager: Hide Previous pending dialog: type: 0, uri "systemux://dialog/none", return component: "", return activity component: "" - reason process pending launch. launchType: SystemDialog
05-11 12:55:42.236  2115  7499 W TimeWarp: WarpToScreen: No completed frames to display for client 0. submittedFrameIndex = 2277
05-11 12:55:42.236  1842  1905 I [OAR] DialogControllerManager: ShowDialog
05-11 12:55:42.236  1842  1905 I [OAR] DialogControllerManager: Previous pending dialog: type: 0, uri "systemux://dialog/none", return component: "", return activity component: ""
05-11 12:55:42.237  1842  1905 I [OAR] DialogControllerManager: New pending dialog: type: 10, uri "systemux://dialog/exit", return component: "com.YourCompany.ToysGame", return activity component: "com.YourCompany.ToysGame/com.epicgames.ue4.GameActivity"
05-11 12:55:42.237  1842  1905 I [OAR] DialogControllerManager: Dialog change detected; updating dialog UI.
05-11 12:55:42.237  1842  1905 I [OAR] DialogControllerManager: Old dialog: type: 2, uri "systemux://dialog/app_launch_blocked_controller_required?package_name=com.YourCompany.ToysGame&launch_immediately_after=true", return component: "", return activity component: ""
05-11 12:55:42.237  1842  1905 I [OAR] DialogControllerManager: New dialog: type: 10, uri "systemux://dialog/exit", return component: "com.YourCompany.ToysGame", return activity component: "com.YourCompany.ToysGame/com.epicgames.ue4.GameActivity"
05-11 12:55:42.237  1842  1905 I [OAR] CommonSystemDialog: Unable to find common dialog for systemux route "EXIT_TO_HOME(systemux://dialog/exit)".
05-11 12:55:42.237  1842  1905 I [OAR] SystemDialogDefinition: Unable to find system dialog definition for dialog URI "systemux://dialog/exit".
05-11 12:55:42.237  1842  1905 I [OAR] SystemDialogController: HideVrShellDialog
05-11 12:55:42.237  1842  1905 I [OAR] DialogController: SetPendingDialog old: 0 systemux://dialog/none   new: 10 systemux://dialog/exit com.YourCompany.ToysGame/com.epicgames.ue4.GameActivity
05-11 12:55:42.238  1842  1905 I [OAR] SystemUXController: No known System UX Route for Navigation Route: systemux://notifications/prime
05-11 12:55:42.238  1842  1905 I [OAR] PlatformManager: Checking livestreaming allowed for:  com.YourCompany.ToysGame
05-11 12:55:42.238  1842  1905 I [OAR] DialogController: Launching pending dialog: systemux://dialog/exit
05-11 12:55:42.238  1842  1905 I [OAR] DialogController: showDialog systemux://dialog/exit systemux://dialog/exit com.YourCompany.ToysGame
05-11 12:55:42.238  1842  1905 I [OAR] PanelAppHost: Exiting panel application 8 on next frame with reason System Defined Closure.
05-11 12:55:42.238  2099  2120 E Security-LocalReporter: UID '10043' is shared by multiple packages: [com.oculus.home, com.oculus.horizon]
05-11 12:55:42.238  3227  3227 I DialogPanel: Dialog panel foregrounded.
05-11 12:55:42.238  1842  1905 I [OAR] EnvironmentReconciler: Audio state is invalid, but headset is mounted. Marking all state as changed to trigger update
05-11 12:55:42.238  1842  1905 I [OAR] EnvironmentReconciler: Using the scene audio loop
05-11 12:55:42.238  1842  1905 I [OAR] Scene: SetBackgroundLoop: default scene selected, setting audio apk:///assets/system_environment.gltf.ovrscene
05-11 12:55:42.238  1842  1905 I [OAR] AudioMixer: PlayAmbisonicWavFile: 1335437 looping samples 4 channels at 7113.541159
05-11 12:55:42.239  1842  2363 I OVRPlatform: [CurlHttpClient] Executing HTTP request: https://graph.oculus.com//v1.20/me?fields=current_party{id,leader{id},join_policy,users{id,alias,can_viewer_message,display_name,profile_url,profile_url_small,presence,presence_status,presence_app{id,package_name},presence_deeplink_joinable,presence_deeplink_message,presence_destination_api_name,presence_scoped_user_id,avatar_v2{avatar_image{uri}}},invited_users{id,alias,can_viewer_message,display_name,profile_url,profile_url_small,presence,presence_status,presence_app{id,package_name},avatar_v2{avatar_image{uri}}}}&app_version=210946745
05-11 12:55:42.240  3227  3227 I [OAR] AnytimeUIAndroidPanelApp: updateActiveComponent - systemux://notifications, returnComponent = com.YourCompany.ToysGame
05-11 12:55:42.241   552  1174 D audio_hw_primary: adev_open_input_stream: enter: sample_rate(48000) channel_mask(0x10) devices(0x80000004)        stream_handle(0xea0bce80) io_handle(158) source(1) format 1
05-11 12:55:42.241  3227  3227 D [OAR] AnytimeUINotifsBarView: postponed onNotificationsChanged - updating
05-11 12:55:42.241   552  7725 I AudioFlinger: AudioFlinger's thread 0xe5d830c0 ready to run
05-11 12:55:42.241   552  7725 D audio_hw_primary: in_standby: enter: stream (0xea0bce80) usecase(16: audio-record)
05-11 12:55:42.247  2134  2186 I GuardianSystem: UpdateSystem: Responding to local space version number change.
05-11 12:55:42.248   552  7725 D audio_hw_primary: in_standby: enter: stream (0xea0bce80) usecase(16: audio-record)
05-11 12:55:42.250  2115  7499 W TimeWarp: WarpToScreen: No completed frames to display for client 0. submittedFrameIndex = 2277
05-11 12:55:42.254   552   552 W AudioFlinger::EffectModule: EffectModule 0xe8f3b800 destructor called with unreleased interface
05-11 12:55:42.254   552   552 W AudioFlinger::EffectHandle: disconnect Effect handle 0xe981be80 disconnected after thread destruction
05-11 12:55:42.255   552   552 D audio_hw_primary: adev_close_input_stream: enter:stream_handle(0xea0bce80)
05-11 12:55:42.255   552   552 D audio_hw_primary: in_standby: enter: stream (0xea0bce80) usecase(16: audio-record)
05-11 12:55:42.260  2099  2120 I LibraryProvider: running queryApp(com.oculus.vrshell) for com.oculus.uid:10043
05-11 12:55:42.261  2099  2120 W LibraryProvider: Cannot find entitlement for com.oculus.vrshell
05-11 12:55:42.261  1774  1774 W OVRLibrary: null cursor received for query content://com.oculus.ocms.library/apps/com.oculus.vrshell
05-11 12:55:42.261  1774  1774 I PlatformPluginManager: onAppStart com.oculus.vrshell false
05-11 12:55:42.263  2099  2329 E Security-LocalReporter: UID '10043' is shared by multiple packages: [com.oculus.home, com.oculus.horizon]
05-11 12:55:42.263  2115  7499 W TimeWarp: WarpToScreen: No completed frames to display for client 0. submittedFrameIndex = 2277
05-11 12:55:42.264  1774  1774 I OVRPlatform: [PartiesAPI] ovr_Party_PluginGetSharedMemHandle: This function is deprecated, do not use
05-11 12:55:42.267  1774  1774 E OVRMediaServiceManager: LivestreamingManager Not initialized
05-11 12:55:42.277  2115  7499 W TimeWarp: WarpToScreen: No completed frames to display for client 0. submittedFrameIndex = 2277
05-11 12:55:42.278  1842  1905 I OVRPlatform: [AndroidPlatformIntegration] Creating shared mic
05-11 12:55:42.279  2134  2181 I GuardianSystem: Guardian: GuardianCmdWithParms 7, 1, 0.000000
05-11 12:55:42.279  1842  1905 I [OAR] PanelAppHost: PanelAppHost destructor: id 8 com.oculus.systemux/com.oculus.panelapp.dialog.DialogPanelService
05-11 12:55:42.279  1842  1905 I [OAR] PanelAppHost: Panel app 8 (com.oculus.systemux/com.oculus.panelapp.dialog.DialogPanelService) changing state from foreground to shutdown
05-11 12:55:42.279  1842  1905 D [OAR] ShellApplication: notify OS to set com.oculus.systemux/com.oculus.panelapp.dialog.DialogPanelService to BACKGROUND
05-11 12:55:42.280  1842  1905 D [OAR] ShellApplication: Unbinding service for panel app id 8
05-11 12:55:42.280  2099  2329 I LibraryProvider: running queryApp(com.YourCompany.ToysGame) for com.oculus.uid:10043
05-11 12:55:42.280  2099  2329 W LibraryProvider: Cannot find entitlement for com.YourCompany.ToysGame
05-11 12:55:42.281  1774  2401 W OVRLibrary: null cursor received for query content://com.oculus.ocms.library/apps/com.YourCompany.ToysGame
05-11 12:55:42.281  1842  2403 I OVRPlatform: [QueueAsyncResponseHandler] success: {"streaming_enabled":false}
05-11 12:55:42.282  1842  1905 I [OAR] TelemetryProvider: aui_reorient system 0 0 0 com.YourCompany.ToysGame
05-11 12:55:42.283  1842  7728 I VrRuntimeClient: FenceChecker::MainLoop - started
05-11 12:55:42.287  1842  1905 I [OAR] PlatformManager: isLiveStreamingAllowed response:  0
05-11 12:55:42.301  2115  7499 I Clocks  : SetSchedFifo( tid=1905, pri=1 ) succeeded
05-11 12:55:42.302  2115  7499 I Clocks  : SetSchedFifo( tid=7728, pri=1 ) succeeded
05-11 12:55:42.303  2115  7499 I Clocks  : SetSchedFifo( tid=2349, pri=1 ) succeeded
05-11 12:55:42.303  2115  7499 I TimeWarp: UpdateClockLevels: Apply pending clock request change: 2,4 -> 4,4
05-11 12:55:42.303  2115  7469 I Clocks  : ReleaseClocks - start
05-11 12:55:42.303  2115  2326 I VrRuntimeServer: SetCompositorClientEnabled client(2): enabled(0) 0x0
05-11 12:55:42.304   723   723 D         : CPU_CLUSTER_0: No client requests exists, release clocks
05-11 12:55:42.304  1842  2362 I OVRPlatform: [HttpRequest] Request `me?fields=current_party{id,leader{id},join_policy,users{id,alias,can_viewer_message,display_name,profile_url,profile_url_small,presence,presence_status,presence_app{id,package_name},presence_deeplink_joinable,presence_deeplink_message,presence_destination_api_name,presence_scoped_user_id,avatar_v2{avatar_image{uri}}},invited_users{id,alias,can_viewer_message,display_name,profile_url,profile_url_small,presence,presence_status,presence_app{id,package_name},avatar_v2{avatar_image{uri}}}}' (id: 7169) succeeded: {"id":"102449717587751"}
05-11 12:55:42.304  1842  2362 I OVRPlatform: [RequestStopwatch] HttpRequestAsync (me?fields=current_party{id,leader{id},join_policy,users{id,alias,can_viewer_message,display_name,profile_url,profile_url_small,presence,presence_status,presence_app{id,package_name},presence_deeplink_joinable,presence_deeplink_message,presence_destination_api_name,presence_scoped_user_id,avatar_v2{avatar_image{uri}}},invited_users{id,alias,can_viewer_message,display_name,profile_url,profile_url_small,presence,presence_status,presence_app{id,package_name},avatar_v2{avatar_image{uri}}}}) took 65.9170 milliseconds
05-11 12:55:42.305   723   723 D         : CPU_CLUSTER_1: No client requests exists, release clocks
05-11 12:55:42.305   723   723 D         : GPU: No client requests exists, release clocks
05-11 12:55:42.306   723   723 D         : CPUBW: No client requests exists, release clocks
05-11 12:55:42.309  2115  7469 I Clocks  : ReleaseClocks - end (5.5 ms)
05-11 12:55:42.310  2115  7469 I Clocks  : LockClocks( cpu=4, gpu=4 ) - start
05-11 12:55:42.311  2134  2186 I GuardianSystem: rsapi_PollEvent: rsEventForceShowGuardian. ForceIndefinitely: 0, ForceTimeInSeconds: 0.00, ForceCamera: 0
05-11 12:55:42.311  2134  2186 I GuardianSystem: ForceShowGuardian: false, 0.00
05-11 12:55:42.312  2115  7469 I Clocks  : CPU levels [0, 4]
05-11 12:55:42.313  2115  7469 I Clocks  : GPU levels [0, 5]
05-11 12:55:42.314   723   723 D         : CPU_CLUSTER_0: Client 2115 sends freq request [21, 21]
05-11 12:55:42.314   723   723 D         : CPU_CLUSTER_0: Next Perf Level = (21, 21)
05-11 12:55:42.314   723   723 D         : CPU_CLUSTER_1: Client 2115 sends freq request [26, 26]
05-11 12:55:42.314   723   723 D         : CPU_CLUSTER_1: Next Perf Level = (26, 26)
05-11 12:55:42.317   723   723 D         : CPUBW: Client 2115 sends freq request [8, 11]
05-11 12:55:42.317   723   723 D         : CPUBW: Next Perf Level = (8, 11)
05-11 12:55:42.317  1774  1788 I OVRPlatform: [MicrophoneServer] Starting mic server with client 0xb9883620
05-11 12:55:42.317  1774  1788 D OVRPlatform-OVRMicrophone: start - current state Initialized
05-11 12:55:42.318   723   723 D         : GPU: Client 2115 sends freq request [6, 6]
05-11 12:55:42.318   723   723 D         : GPU: Next Perf Level = (6, 6)
05-11 12:55:42.319  2115  7469 I Clocks  : LockClocks( cpu=4, gpu=4 ) - end (8.8 ms)
05-11 12:55:42.320  1774  1774 I PlatformPluginManager: enforcePartyChatStateConsistency - got current party response: Party is null
05-11 12:55:42.320  1774  1774 I PlatformPluginManager: enforcePartyChatStateConsistency - User not in a party.
05-11 12:55:42.320  1774  1774 I PlatformPluginManager: stopPartyChat
05-11 12:55:42.322  1842  1905 I [OAR] PartyManager: Party Response Parse Time: 0.111667ms
05-11 12:55:42.324  1774  1788 I OVRPlatform-OVRMicrophone: AcousticEchoCanceler available
05-11 12:55:42.325   720  7457 I [CT]    : MANAGEMENT:CONSTELLATION: Status=GREEN,, Obj=4212769887286730484,6DOF=1,FusJit=0.005mm,Issues(Cam/min=  0,IMU/min=0), Obj=7745273921483883046,6DOF=1,FusJit=0.0mm,Issues(Cam/min=  0,IMU/min=0)
05-11 12:55:42.326  1774  1788 I OVRPlatform-OVRMicrophone: AcousticEchoCanceler created, enabling
05-11 12:55:42.327  1774  1788 I OVRPlatform-OVRMicrophone: AcousticEchoCanceler enable: 0
05-11 12:55:42.329  1774  1788 I OVRPlatform-OVRMicrophone: NoiseSuppressor available
05-11 12:55:42.331  1774  1788 I OVRPlatform-OVRMicrophone: NoiseSuppressor created, enabling
05-11 12:55:42.331  1774  1788 I OVRPlatform-OVRMicrophone: NoiseSuppressor enable: 0
05-11 12:55:42.332   552   604 I SoundTriggerHwService::Module: void android::SoundTriggerHwService::Module::onCallbackEvent(const sp<android::SoundTriggerHwService::CallbackEvent> &) no clients
05-11 12:55:42.333   552  7589 D audio_hw_primary: in_set_parameters: enter: kvpairs=input_source=1;routing=-2147483644
05-11 12:55:42.333   552  7589 D audio_hw_primary: start_input_stream: enter: stream(0xea0bcfc0)usecase(16: audio-record)
05-11 12:55:42.333   552  7589 E audio_hw_extn: audio_extn_perf_lock_acquire: Incorrect params, Failed to acquire perf lock, err 
05-11 12:55:42.333   552  7589 D audio_hw_primary: select_devices for use case (audio-record)
05-11 12:55:42.333   552  7589 D audio_hw_primary: select_devices: out_snd_device(0: ) in_snd_device(62: handset-mic-aec)
05-11 12:55:42.333   552  7589 I msm8974_platform: platform_check_and_set_capture_codec_backend_cfg:txbecf: afe: bitwidth 16, samplerate 48000, channel 1, backend_idx 7 usecase = 16 device (handset-mic-aec)
05-11 12:55:42.333   552  7589 I msm8974_platform: platform_check_capture_codec_backend_cfg:txbecf: afe: Codec selected backend: 7 current bit width: 16 and sample rate: 48000, channels 1
05-11 12:55:42.333   552  7589 W msm8974_platform: platform_get_backend_index:napb: Invalid device - 0 
05-11 12:55:42.333   552  7589 I msm8974_platform: platform_check_capture_codec_backend_cfg:txbecf: afe: Codec selected backend: 7 updated bit width: 16 and sample rate: 48000
05-11 12:55:42.333   552  7589 D audio_hw_primary: check_usecases_capture_codec_backend:becf: force routing 0
05-11 12:55:42.333   552  7589 D hardware_info: hw_info_append_hw_type : device_name = handset-mic-aec
05-11 12:55:42.333   552  7589 D msm8974_platform: platform_split_snd_device: snd_device(62) new_snd_devices (handset-mic-aec)
05-11 12:55:42.333   552  7589 D audio_hw_primary: enable_snd_device: snd_device(62: handset-mic-aec)
05-11 12:55:42.334  1774  1788 I OVRPlatform-OVRMicrophone: start - recorder.startRecording 2.836667ms
05-11 12:55:42.335  1774  1788 I OVRPlatform-OVRMicrophone: start - AudioThread startup 0.468645ms
05-11 12:55:42.335  1774  1788 D OVRPlatform-OVRMicrophone: State changed to Recording
05-11 12:55:42.335  1774  1788 I OVRPlatform: [MicrophoneServer] Adding connection 0xb9883620, has local client: no
05-11 12:55:42.335  1774  1788 I OVRPlatform: [PCMTransfer] Created socket pair, sender: 103, receiver: 104
05-11 12:55:42.335  1774  1774 I PlatformPlugin: [PlatformPluginManager] Stopping party chat
05-11 12:55:42.335  1774  1774 I OVRPlatform: [PartyChatInterchangeable] StopPartyChat
05-11 12:55:42.345  1774  1774 I PlatformPluginManager: enforcePartyChatStateConsistency - got current party response: Party is null
05-11 12:55:42.345  1774  1774 I PlatformPluginManager: enforcePartyChatStateConsistency - User not in a party.
05-11 12:55:42.345  1774  1774 I PlatformPluginManager: stopPartyChat
05-11 12:55:42.345  1774  1774 I PlatformPlugin: [PlatformPluginManager] Stopping party chat
05-11 12:55:42.345  1774  1774 I OVRPlatform: [PartyChatInterchangeable] StopPartyChat
05-11 12:55:42.346   552  7589 D audio_hw_utils: audio_extn_utils_send_app_type_cfg: usecase->in_snd_device handset-mic-aec
05-11 12:55:42.346   552  7589 D msm8974_platform: platform_split_snd_device: snd_device(62) new_snd_devices (handset-mic-aec)
05-11 12:55:42.347   552  7589 I audio_hw_utils: send_app_type_cfg_for_device CAPTURE app_type 69938, acdb_dev_id 106, sample_rate 48000, snd_device_be_idx 3
05-11 12:55:42.347   552  7589 D msm8974_platform: platform_split_snd_device: snd_device(62) new_snd_devices (handset-mic-aec)
05-11 12:55:42.347   552  7589 D ACDB-LOADER: ACDB -> send_audio_cal, acdb_id = 106, path = 1, app id = 0x11132, sample rate = 48000
05-11 12:55:42.347   552  7589 D ACDB-LOADER: ACDB -> send_asm_topology
05-11 12:55:42.347   552  7589 D ACDB-LOADER: ACDB -> ACDB_CMD_GET_AUDPROC_STREAM_TOPOLOGY_ID
05-11 12:55:42.347  3227  3227 D [OAR] TelemetryManager: logEvent(oculus_hmd_notification_feed_item_impression) extras{"android.title":"Friend in VR","oculus_notification_fbid":"","oculus_notification_ndid":"5a55ce633c7fcG5d2d6f062f27G5a55d2fc9caceGf7d","oculus_notification_type":"oc_vr_friends_online","android.subText":null,"android.template":"android.app.Notification$BigTextStyle","vrshell_aui_persist":true,"android.showChronometer":false,"android.icon":2131230877,"android.text":"Aupuma is online.","android.progress":0,"android.progressMax":0,"android.showWhen":true,"android.bigText":"Aupuma is online.","android.infoText":null,"android.originatingUserId":0,"android.progressIndeterminate":false,"android.remoteInputHistory":null}
05-11 12:55:42.347   552  7589 D ACDB-LOADER: ACDB -> send_adm_topology
05-11 12:55:42.347   552  7589 D ACDB-LOADER: ACDB -> ACDB_CMD_GET_AUDPROC_COMMON_TOPOLOGY_ID
05-11 12:55:42.347   552  7589 D ACDB-LOADER: ACDB -> send_audtable
05-11 12:55:42.347   552  7589 D ACDB-LOADER: ACDB -> ACDB_CMD_GET_AUDPROC_COMMON_TABLE_SIZE
05-11 12:55:42.347   552  7589 D ACDB-LOADER: ACDB -> ACDB_CMD_GET_AUDPROC_COMMON_TABLE
05-11 12:55:42.347   552  7589 D ACDB-LOADER: ACDB -> AUDIO_SET_AUDPROC_CAL
05-11 12:55:42.347  3227  3227 D [OAR] TelemetryManager: logEvent(section_exit) extras[section_name, AnytimeUINotifsBarView, sub_section_name, AnytimeUI Notifs Bar View, active_duration_ms, 1]
05-11 12:55:42.347   552  7589 D ACDB-LOADER: ACDB -> send_audvoltable
05-11 12:55:42.347   552  7589 D ACDB-LOADER: ACDB -> ACDB_CMD_GET_AUDPROC_GAIN_DEP_STEP_TABLE, vol index 0
05-11 12:55:42.347   552  7589 D         : Failed to fetch the lookup information of the device 0000006A 
05-11 12:55:42.347   552  7589 E ACDB-LOADER: Error: ACDB AudProc vol returned = -19
05-11 12:55:42.347   552  7589 D ACDB-LOADER: ACDB -> AUDIO_SET_VOL_CAL cal type = 12
05-11 12:55:42.347   552  7589 D ACDB-LOADER: ACDB -> send_audstrmtable
05-11 12:55:42.347   552  7589 D ACDB-LOADER: ACDB -> ACDB_CMD_GET_AUDPROC_STREAM_TABLE_V2
05-11 12:55:42.347   552  7589 D ACDB-LOADER: ACDB -> audstrm_cal->cal_type.cal_data.cal_size = 16
05-11 12:55:42.347   552  7589 D ACDB-LOADER: ACDB -> send_afe_topology
05-11 12:55:42.347   552  7589 D ACDB-LOADER: ACDB -> ACDB_CMD_GET_AFE_TOPOLOGY_ID
05-11 12:55:42.348   552  7589 D ACDB-LOADER: ACDB -> GET_AFE_TOPOLOGY_ID for adcd_id 106, Topology Id 112fb
05-11 12:55:42.348   552  7589 D ACDB-LOADER: ACDB -> send_afe_cal
05-11 12:55:42.348   552  7589 D ACDB-LOADER: ACDB -> ACDB_CMD_GET_AFE_COMMON_TABLE
05-11 12:55:42.348   552  7589 D         : Failed to fetch the lookup information of the device 0000006A 
05-11 12:55:42.348   552  7589 E ACDB-LOADER: Error: ACDB AFE returned = -19
05-11 12:55:42.348   552  7589 D ACDB-LOADER: ACDB -> AUDIO_SET_AFE_CAL
05-11 12:55:42.348   552  7589 D ACDB-LOADER: ACDB -> send_hw_delay : acdb_id = 106 path = 1
05-11 12:55:42.348   552  7589 D ACDB-LOADER: ACDB -> ACDB_AVSYNC_INFO: ACDB_CMD_GET_DEVICE_PROPERTY
05-11 12:55:42.348   552  7589 D audio_hw_primary: enable_audio_route: apply mixer and update path: audio-record
05-11 12:55:42.349   552  7589 D audio_hw_primary: select_devices: done
05-11 12:55:42.352  3227  3227 I [OAR] AnytimeUIAndroidPanelAppBase: updateLiveStreamStatus - isLiveStreaming=false, allowed=false
05-11 12:55:42.352  3227  3227 I [OAR] AnytimeUIAndroidPanelAppBase: updateLocalStreamState - false
05-11 12:55:42.352  3227  3227 I [OAR] AnytimeUIAndroidPanelAppBase: configureDialog:  systemux://dialog/exit [systemux://dialog/exit] (com.YourCompany.ToysGame)
05-11 12:55:42.352  3227  3227 I [OAR] AnytimeUIAndroidPanelAppBase: actionSetRoute - Route:  EXIT_TO_HOME(systemux://dialog/exit)
05-11 12:55:42.352  3227  3227 D [OAR] TaskBarViewV1: NUX Mode = false
05-11 12:55:42.352  3227  3227 D [OAR] TaskBarViewV1: Skipping NUX Mode for Quest
05-11 12:55:42.352  3227  3227 I AndroidPanelApp: Calling ensurePanelLayer on layer "dialog" with view ID 2131296310
05-11 12:55:42.352  3227  3227 I AndroidPanelLayer: Setting spec for layer "dialog"
05-11 12:55:42.352  3227  3227 I AndroidPanelLayer: Setting size of layer "dialog" to have width 540 and height 300
05-11 12:55:42.352  3227  3227 D [OAR] AnytimeUIAndroidPanelApp: Inflating view for layer: dialog, viewIdentifier = 2131296310
05-11 12:55:42.353  3227  3227 D [OAR] HomeDialog: Home Dialog constructed
05-11 12:55:42.361   700   700 D GatekeeperNativeService: Using value 0 for gk oculus_bugreporter_v2_enabled, user=0
05-11 12:55:42.361  3227  3227 I [OAR] BugReporterUtils: Setting up bug reporter on button; using None
05-11 12:55:42.361  3227  3227 I [OAR] HomeDialog: Setting target package to com.YourCompany.ToysGame
05-11 12:55:42.372   552  7589 E audio_hw_extn: audio_extn_perf_lock_release: Perf lock release error 
05-11 12:55:42.372   552  7589 D audio_hw_primary: start_input_stream: exit
05-11 12:55:42.404  2099  2176 I LibraryProvider: running queryApp(com.YourCompany.ToysGame) for com.oculus.systemux
05-11 12:55:42.405  2099  2176 W LibraryProvider: Cannot find entitlement for com.YourCompany.ToysGame
05-11 12:55:42.405  3227  3227 W OVRLibrary: null cursor received for query content://com.oculus.ocms.library/apps/com.YourCompany.ToysGame
05-11 12:55:42.418  3227  3227 I AndroidPanelApp: measureLayerView with initial width 540, initial height 300, resize behavior NONE.
05-11 12:55:42.419  3227  3227 I AndroidPanelApp: Measured width 540 and height 300.
05-11 12:55:42.419  3227  3227 I AndroidPanelLayer: Setting size of layer "dialog" to have width 540 and height 300
05-11 12:55:42.419  3227  3227 I AndroidPanelApp: layerTransform: Showing panel layer "dialog" in VrShell with width 540, height 300, position( 0.000000 , 0.000000 ), rotation (0.000000 , 0.000000 , 0.000000 )  hit-testable true, shape 2, and system-positioned true. Density: 4680.000000. Supersampled: false 
05-11 12:55:42.428  3227  3227 I AndroidPanelApp: Processing pending show layer info for layer dialog with width 540 and height 300.
05-11 12:55:42.428  3227  3227 I AndroidPanelApp: layerSupersample no changes
05-11 12:55:42.428  3227  3227 I AndroidPanelApp: Handling next frame raw command "telemetry section_entry 1 0 section_name AnytimeUINotifsBarView sub_section_name AnytimeUI Notifs Bar View active_duration_ms 0"
05-11 12:55:42.428  3227  3227 I AndroidPanelApp: Handling next frame raw command "telemetry oculus_hmd_notification_feed_item_impression 1 1 {"android.title":"Friend in VR","oculus_notification_fbid":"","oculus_notification_ndid":"5a55ce633c7fcG5d2d6f062f27G5a55d2fc9caceGf7d","oculus_notification_type":"oc_vr_friends_online","android.subText":null,"android.template":"android.app.Notification$BigTextStyle","vrshell_aui_persist":true,"android.showChronometer":false,"android.icon":2131230877,"android.text":"Aupuma is online.","android.progress":0,"android.progressMax":0,"android.showWhen":true,"android.bigText":"Aupuma is online.","android.infoText":null,"android.originatingUserId":0,"android.progressIndeterminate":false,"android.remoteInputHistory":null}"
05-11 12:55:42.428  3227  3227 I AndroidPanelApp: Handling next frame raw command "telemetry section_exit 1 0 section_name AnytimeUINotifsBarView sub_section_name AnytimeUI Notifs Bar View active_duration_ms 1"
05-11 12:55:42.428  3227  3227 I CppPanelService: VR Shell socket closed(ECONNRESET); shutting down fd: 39
05-11 12:55:42.428  3227  3227 I CppPanelService: Quitting application via hardExit flag due to unexpected socket closure on fd 39.
05-11 12:55:42.428  3227  3227 I DialogPanel: Destroyed
05-11 12:55:42.428  3227  3227 I DialogUI: Destroying dialog
05-11 12:55:42.429  3227  3227 I RequestManager: RequestManager::Shutdown start
05-11 12:55:42.429  3227  3227 I RequestManager: RequestManager::Shutdown done
05-11 12:55:42.432  1842  1905 I [OAR] PanelAppHost: Resize layer dialog to size 540 x 300 shape:2 stereo:0
05-11 12:55:42.432  1842  1905 I [OAR] PanelRenderLayer: ResetSurface 540 x 300 - shape:2 stereo:0
05-11 12:55:42.445  7328  7634 I VrApi   : FPS=72,Prd=44ms,Tear=0,Early=0,Stale=6,VSnc=1,Lat=1,Fov=0,CPU4/GPU=2/4,2304/670MHz,OC=FF,TA=0/3/3,SP=N/N/N,Mem=1804MHz,Free=1130MB,PSM=0,PLS=0,Temp=29.0C/0.0C,TW=1.38ms,App=13.08ms,GD=0.00ms,CPU&GPU=17.45ms,LCnt=1,GPU%=0.95,CPU%=0.27(W0.30),DSF=1.00
05-11 12:55:42.461  3227  3227 I AndroidPanelApp: measureLayerView with initial width 540, initial height 300, resize behavior NONE.
05-11 12:55:42.461  3227  3227 I AndroidPanelApp: Measured width 540 and height 300.
05-11 12:55:42.461  3227  3227 I AndroidPanelApp: Layout change has caused layer "dialog" to be resized from -1 X -1 to 540 X 300
05-11 12:55:42.461  3227  3227 I AndroidPanelLayer: Setting size of layer "dialog" to have width 540 and height 300
05-11 12:55:42.461  3227  3227 I AndroidPanelApp: layerTransform: Showing panel layer "dialog" in VrShell with width 540, height 300, position( 0.000000 , 0.000000 ), rotation (0.000000 , 0.000000 , 0.000000 )  hit-testable true, shape 2, and system-positioned true. Density: 4680.000000. Supersampled: false 
05-11 12:55:42.462  3227  3227 I AndroidPanelApp: Processing next frame action "layerShow" for layer "dialog"
05-11 12:55:42.462  3227  3227 I AndroidPanelApp: nextFrameAction(layerShow, dialog)
05-11 12:55:42.462  3227  3227 I AndroidPanelApp: layerShow acknowledged for dialog
05-11 12:55:42.462  3227  3227 I AndroidPanelApp: tryShowLayer(dialog)
05-11 12:55:42.462  3227  3227 I AndroidPanelApp: Layer dialog needs to be sized, deferring showing layer.
05-11 12:55:42.462  3227  3227 I AndroidPanelApp: Processing next frame action "layerResize" for layer "dialog"
05-11 12:55:42.462  3227  3227 I AndroidPanelApp: nextFrameAction(layerResize, dialog)
05-11 12:55:42.462  3227  3227 I AndroidPanelApp: layerResize is waiting for next frame
05-11 12:55:42.463  3227  3227 I AndroidPanelApp: Processing pending show layer info for layer dialog with width 540 and height 300.
05-11 12:55:42.463  3227  3227 I AndroidPanelApp: layerSupersample no changes
05-11 12:55:42.463  3227  3227 D CppPanelService: onDestroy()
05-11 12:55:42.473  1842  1905 I [OAR] PanelAppHost: Resize layer dialog to size 540 x 300 shape:2 stereo:0
05-11 12:55:42.473  1842  1905 I [OAR] PanelRenderLayer: ResetSurface 540 x 300 - shape:2 stereo:0
05-11 12:55:42.477  3227  3227 I AndroidPanelApp: Processing next frame action "layerShow" for layer "dialog"
05-11 12:55:42.477  3227  3227 I AndroidPanelApp: nextFrameAction(layerShow, dialog)
05-11 12:55:42.477  3227  3227 I AndroidPanelApp: layerShow acknowledged for dialog
05-11 12:55:42.477  3227  3227 I AndroidPanelApp: tryShowLayer(dialog)
05-11 12:55:42.477  3227  3227 I AndroidPanelLayer: Showing layer dialog
05-11 12:55:42.478  3227  3227 I AndroidPanelLayer: Unhiding layer dialog
05-11 12:55:42.490  3227  3227 I AndroidPanelApp: Turning on layer visibility for layer dialog.
05-11 12:55:42.490  3227  3227 D AndroidPanelApp: Queue: layerVisibility dialog 1
05-11 12:55:42.504  3227  3227 I AndroidPanelApp: Handling next frame raw command "layerVisibility dialog 1"
05-11 12:55:42.515  1842  1905 I [OAR] PanelAppHost: Setting panel layer visibility of layer "dialog" to visible
05-11 12:55:42.518  7328  7636 D UE4     : *** JavaEnvDestructor: 7636
05-11 12:55:42.518  7328  7637 D UE4     : *** JavaEnvDestructor: 7637
05-11 12:55:42.519  7328  7635 D UE4     : *** JavaEnvDestructor: 7635
05-11 12:55:42.623  7328  7639 D UE4     : *** JavaEnvDestructor: 7639
05-11 12:55:42.935   552   598 I AudioFlinger: BUFFER TIMEOUT: remove(4096) from active list on thread 0xe9203e00
05-11 12:55:42.955   552   593 D msm8974_platform: platform_split_snd_device: snd_device(2) new_snd_devices (speaker)
05-11 12:55:42.955   552   593 D ACDB-LOADER: ACDB -> send_audvoltable
05-11 12:55:42.956   552   593 D ACDB-LOADER: ACDB -> ACDB_CMD_GET_AUDPROC_GAIN_DEP_STEP_TABLE, vol index 5
05-11 12:55:42.956   552   593 D         : Failed to fetch the lookup information of the device 0000000F 
05-11 12:55:42.956   552   593 E ACDB-LOADER: Error: ACDB AudProc vol returned = -19
05-11 12:55:42.956   552   593 D ACDB-LOADER: ACDB -> AUDIO_SET_VOL_CAL cal type = 40
05-11 12:55:42.956   552   593 W msm8974_platform: platform_send_gain_dep_cal: Usecase list is empty
05-11 12:55:42.985  2115  2326 I InputManager: HOME BUTTON shared state changed:  hardwar ID 7745273921483883046  UpdateCount: 3 
05-11 12:55:42.995  1842  7721 I InputHooks_Internal: SetHomeButtonDownState hw:  6b7cbd986a24c226 source: 1698898178 time 7114.26
05-11 12:55:42.996  2115  4398 I RecenterTimer: (7114.2636) StartTimer(1.00 0.50)
05-11 12:55:43.139  2115  2326 I InputManager: HOME BUTTON shared state changed:  hardwar ID 7745273921483883046  UpdateCount: 4 
05-11 12:55:43.152  1842  7721 I InputHooks_Internal: SetHomeButtonUpState hw:  6b7cbd986a24c226 source: 1698898178 time 7114.42
05-11 12:55:43.186  7328  7640 D UE4     : *** JavaEnvDestructor: 7640
05-11 12:55:43.314  1842  7722 I Telemetry: App memory usage: PSS=293MB DalvikPSS=1 MB
05-11 12:55:43.316  1842  7722 I VrApi   : FPS=1,Prd=0ms,Tear=0,Early=0,Stale=0,VSnc=1,Lat=1,Fov=0,CPU4/GPU=2/4,2304/670MHz,OC=FF,TA=0/E0/0,SP=N/F/N,Mem=1804MHz,Free=1129MB,PSM=0,PLS=0,Temp=29.0C/0.0C,TW=1.74ms,App=4.17ms,GD=0.00ms,CPU&GPU=44.84ms,LCnt=2,GPU%=0.39,CPU%=0.09(W0.11),DSF=1.00
05-11 12:55:43.434  1842  1905 I [OAR] SystemUXController: Registering pending External App launch for com.YourCompany.ToysGame - overwriting existing launch? false.
05-11 12:55:43.434  1842  1905 I [OAR] SystemUXController: Building launch checks for com.YourCompany.ToysGame, activity: 
05-11 12:55:43.447  7328  7634 I VrApi   : FPS=72,Prd=44ms,Tear=0,Early=0,Stale=6,VSnc=1,Lat=1,Fov=0,CPU4/GPU=2/4,2304/670MHz,OC=FF,TA=0/3/3,SP=N/N/N,Mem=1804MHz,Free=1129MB,PSM=0,PLS=0,Temp=29.0C/0.0C,TW=1.38ms,App=13.08ms,GD=0.00ms,CPU&GPU=17.45ms,LCnt=1,GPU%=0.95,CPU%=0.27(W0.30),DSF=1.00
05-11 12:55:43.461  2099  2120 I LibraryProvider: running queryApp(com.YourCompany.ToysGame) for com.oculus.vrshell
05-11 12:55:43.461  2099  2120 W LibraryProvider: Cannot find entitlement for com.YourCompany.ToysGame
05-11 12:55:43.461  1842  1905 W OVRLibrary: null cursor received for query content://com.oculus.ocms.library/apps/com.YourCompany.ToysGame
05-11 12:55:43.488  2099  2114 I LibraryProvider: running queryApp(com.YourCompany.ToysGame) for com.oculus.vrshell
05-11 12:55:43.488  2099  2114 W LibraryProvider: Cannot find entitlement for com.YourCompany.ToysGame
05-11 12:55:43.488  1842  1905 W OVRLibrary: null cursor received for query content://com.oculus.ocms.library/apps/com.YourCompany.ToysGame
05-11 12:55:43.512  2099  2330 I LibraryProvider: running queryApp(com.YourCompany.ToysGame) for com.oculus.vrshell
05-11 12:55:43.512  2099  2330 W LibraryProvider: Cannot find entitlement for com.YourCompany.ToysGame
05-11 12:55:43.514  1842  1905 W OVRLibrary: null cursor received for query content://com.oculus.ocms.library/apps/com.YourCompany.ToysGame
05-11 12:55:43.519  1842  1905 I [OAR] SystemUXController: Finished building launch checks
05-11 12:55:43.519  1842  1905 I [OAR] SystemUXController: ProcessPendingLaunch Intent
05-11 12:55:43.519  1842  1905 I [OAR] DialogControllerManager: Hide Previous pending dialog: type: 10, uri "systemux://dialog/exit", return component: "com.YourCompany.ToysGame", return activity component: "com.YourCompany.ToysGame/com.epicgames.ue4.GameActivity" - reason process pending launch. launchType: Intent
05-11 12:55:43.535  2099  2177 I LibraryProvider: running queryApp(com.YourCompany.ToysGame) for com.oculus.vrshell
05-11 12:55:43.535  2099  2177 W LibraryProvider: Cannot find entitlement for com.YourCompany.ToysGame
05-11 12:55:43.536  1842  1905 W OVRLibrary: null cursor received for query content://com.oculus.ocms.library/apps/com.YourCompany.ToysGame
05-11 12:55:43.536  1842  1905 I [OAR] ShellApp: ShellApp::SendLaunchIntent('com.YourCompany.ToysGame' '')
05-11 12:55:43.536  1842  1905 D [OAR] ShellApplication: sendLaunchIntent: 'com.YourCompany.ToysGame' command: ''
05-11 12:55:43.542  1842  1905 D [OAR] ShellApplication: startActivityFromRecents: Intent { act=android.intent.action.MAIN cat=[android.intent.category.LAUNCHER] flg=0x10010000 pkg=com.YourCompany.ToysGame cmp=com.YourCompany.ToysGame/com.epicgames.ue4.GameActivity (has extras) }
05-11 12:55:43.543  2115  7499 I Clocks  : SetSchedFifo( tid=1905, pri=0 ) succeeded
05-11 12:55:43.544  2115  7499 I Clocks  : SetSchedFifo( tid=7728, pri=0 ) succeeded
05-11 12:55:43.546  2115  7499 I Clocks  : SetSchedFifo( tid=2349, pri=0 ) succeeded
05-11 12:55:43.561  1842  1842 D [OAR] MainActivity: onPause()
05-11 12:55:43.562  1842  1905 I Activity: Starting activity from recents: Intent { act=android.intent.action.MAIN cat=[android.intent.category.LAUNCHER] flg=0x10010000 pkg=com.YourCompany.ToysGame cmp=com.YourCompany.ToysGame/com.epicgames.ue4.GameActivity (has extras) }
05-11 12:55:43.562  1842  1905 W [OAR] LegacyDesktop: LegacyDesktop::FlushAnalytics does not do anything
05-11 12:55:43.562  1842  1905 I [OAR] PanelAppHost: PanelAppHost destructor: id 6 com.oculus.vrshell.home/com.oculus.vrshell.home.ExploreService
05-11 12:55:43.562  1842  1905 I [OAR] PanelAppHost: Panel app 6 (com.oculus.vrshell.home/com.oculus.vrshell.home.ExploreService) changing state from background to shutdown
05-11 12:55:43.562  1842  1905 D [OAR] ShellApplication: notify OS to set com.oculus.vrshell.home/com.oculus.vrshell.home.ExploreService to BACKGROUND
05-11 12:55:43.565  1842  1905 D [OAR] ShellApplication: Unbinding service for panel app id 6
05-11 12:55:43.579  7328  7341 E Parcel  : Reading a NULL string not supported here.
05-11 12:55:43.580  1842  2631 E Parcel  : Reading a NULL string not supported here.
05-11 12:55:43.583  7328  7341 D AudioTrack: updateAppOpsPlayAudio: checkOp OP_PLAY_AUDIO for com.YourCompany.ToysGame returns: 0 (ALLOWED)
05-11 12:55:43.583  7328  7341 I AudioTrack: updateAppOpsPlayAudio: resuming audio thread
05-11 12:55:43.583  7328  7540 W AudioTrack: releaseBuffer() track 0x7f69dc9200 disabled due to previous underrun, restarting
05-11 12:55:43.583  7328  7341 E Parcel  : Reading a NULL string not supported here.
05-11 12:55:43.583  1774  1788 E Parcel  : Reading a NULL string not supported here.
05-11 12:55:43.583  1774  1907 E Parcel  : Reading a NULL string not supported here.
05-11 12:55:43.583  1774  1907 E Parcel  : Reading a NULL string not supported here.
05-11 12:55:43.583  1774  1907 E Parcel  : Reading a NULL string not supported here.
05-11 12:55:43.583  1774  1909 E Parcel  : Reading a NULL string not supported here.
05-11 12:55:43.583  1774  1907 E Parcel  : Reading a NULL string not supported here.
05-11 12:55:43.585  1774  1907 D AudioRecord: updateAppOpsRecordAudio: checkOp OP_RECORD_AUDIO for com.oculus.horizon returns: 0 (ALLOWED)
05-11 12:55:43.585  7328  7341 D AudioTrack: updateAppOpsPlayAudio: checkOp OP_PLAY_AUDIO for com.YourCompany.ToysGame returns: 0 (ALLOWED)
05-11 12:55:43.585  7328  7341 E Parcel  : Reading a NULL string not supported here.
05-11 12:55:43.586  1842  2631 D AudioTrack: updateAppOpsPlayAudio: checkOp OP_PLAY_AUDIO for com.oculus.vrshell returns: 0 (ALLOWED)
05-11 12:55:43.597  1774  1787 E Parcel  : Reading a NULL string not supported here.
05-11 12:55:43.597  1774  1972 E Parcel  : Reading a NULL string not supported here.
05-11 12:55:43.598  1774  1972 E Parcel  : Reading a NULL string not supported here.
05-11 12:55:43.598  1774  5372 E Parcel  : Reading a NULL string not supported here.
05-11 12:55:43.598  1774  1788 E Parcel  : Reading a NULL string not supported here.
05-11 12:55:43.598  1774  1907 E Parcel  : Reading a NULL string not supported here.
05-11 12:55:43.598  1774  1972 D AudioRecord: updateAppOpsRecordAudio: checkOp OP_RECORD_AUDIO for com.oculus.horizon returns: 0 (ALLOWED)
05-11 12:55:43.603  1842  5383 E Parcel  : Reading a NULL string not supported here.
05-11 12:55:43.611  1842  1842 D [OAR] MainActivity: com.oculus.vrshell.MainActivity@54fd4ad surfaceDestroyed()
05-11 12:55:43.611  1842  1842 I [OAR] ShellMain:     looperMessageQueue->SendPrintf("surfaceDestroyed 0xe1141008")
05-11 12:55:43.612  6034  6034 I PanelService: onUnbind()
05-11 12:55:43.612  6034  6034 I CPanelService: DestroyPanelApp waking up watchdog
05-11 12:55:43.613  6034  6034 I PanelService: onDestroy()
05-11 12:55:43.613  6034  6034 D OculusLogger: AnalyticsLogger.flush()
05-11 12:55:43.613  1842  1905 I [OAR] DialogControllerManager: Dialog change detected; updating dialog UI.
05-11 12:55:43.613  1842  1905 I [OAR] DialogControllerManager: Old dialog: type: 10, uri "systemux://dialog/exit", return component: "com.YourCompany.ToysGame", return activity component: "com.YourCompany.ToysGame/com.epicgames.ue4.GameActivity"
05-11 12:55:43.613  1842  1905 I [OAR] DialogControllerManager: New dialog: type: 0, uri "systemux://dialog/none", return component: "", return activity component: ""
05-11 12:55:43.613  1842  1905 I [OAR] DialogController: CloseDialogs() old: 10, pendingUri: systemux://dialog/exit, pendingComponent: com.YourCompany.ToysGame
05-11 12:55:43.613  1842  1905 I [OAR] SystemDialogController: HideVrShellDialog
05-11 12:55:43.613  1842  1905 I [OAR] SystemUXController: No known System UX Route for Navigation Route: com.oculus.systemux/com.oculus.panelapp.anytimeui.AnytimeUIAndroidPanelService
05-11 12:55:43.613  1842  1905 I [OAR] PlatformManager: Checking livestreaming allowed for:  com.oculus.vrshell
05-11 12:55:43.614  1842  1905 I [OAR] DialogController: Clearing existing dialog systemux://dialog/exit to None while in transition to pending dialog systemux://dialog/none
05-11 12:55:43.614  6034  6073 I CPanelService: OVR Shell closed socket; exiting
05-11 12:55:43.615  6034  6074 I CPanelService: Watchdog woke up; starting 5 second watchdog timer
05-11 12:55:43.615  6034  6073 I CPanelService: Cleaning up panel app; IsAttached? true, PanelDestroy? true, IsMultiInstance? false
05-11 12:55:43.615   552   598 D msm8974_platform: platform_split_snd_device: snd_device(2) new_snd_devices (speaker)
05-11 12:55:43.615   552   598 D ACDB-LOADER: ACDB -> send_audvoltable
05-11 12:55:43.616   552   598 D ACDB-LOADER: ACDB -> ACDB_CMD_GET_AUDPROC_GAIN_DEP_STEP_TABLE, vol index 3
05-11 12:55:43.616   552   598 D         : Failed to fetch the lookup information of the device 0000000F 
05-11 12:55:43.616   552   598 E ACDB-LOADER: Error: ACDB AudProc vol returned = -19
05-11 12:55:43.616   552   598 D ACDB-LOADER: ACDB -> AUDIO_SET_VOL_CAL cal type = 40
05-11 12:55:43.616   552   598 W msm8974_platform: platform_send_gain_dep_cal: Usecase list is empty
05-11 12:55:43.618  3227  3227 I [OAR] AnytimeUIAndroidPanelApp: updateActiveComponent - com.oculus.systemux/com.oculus.panelapp.anytimeui.AnytimeUIAndroidPanelService, returnComponent = 
05-11 12:55:43.621  1842  1905 I [OAR] SystemUXController: Home button release detected.
05-11 12:55:43.621  1842  1905 I [OAR] SystemTaskBarV1: HandleHomePressed(exclusive, 0)
05-11 12:55:43.622  1842  2370 I OVRPlatform: [QueueAsyncResponseHandler] success: {"streaming_enabled":true}
05-11 12:55:43.624  6034  6073 I RCTVR_Shutdown: Initiated webserver shutdown
05-11 12:55:43.624  6034  6073 I RCTVR_Shutdown: StreamingManagerService shutdown
05-11 12:55:43.624  6034  6073 I RCTVR_Shutdown: Webby shutdown
05-11 12:55:43.624  3227  3227 I [OAR] AnytimeUIAndroidPanelAppBase: configureDialog:  systemux://dialog/none [] ()
05-11 12:55:43.625  3227  3227 I [OAR] AnytimeUIAndroidPanelAppBase: actionSetRoute - Route:  NONE(systemux://dialog/none)
05-11 12:55:43.625  3227  3227 D [OAR] TaskBarViewV1: NUX Mode = false
05-11 12:55:43.625  3227  3227 D [OAR] TaskBarViewV1: Skipping NUX Mode for Quest
05-11 12:55:43.625  3227  3227 I AndroidPanelLayer: Hiding layer dialog
05-11 12:55:43.625  3227  3227 I AndroidPanelApp: HideLayer(dialog)
05-11 12:55:43.632  3227  3227 I AndroidPanelApp: Processing pending hide layer for layer dialog.
05-11 12:55:43.633  6034  6073 I ReactNativeExecutorHermes: Hermes Stopping
05-11 12:55:43.633  6034  6073 I ReactNativeExecutorHermes: Hermes Stopped
05-11 12:55:43.633  1842  1905 I [OAR] ShellApp: 0xd2510358 msg: pause
05-11 12:55:43.634  1842  1905 I [OAR] ShellApp: ShellApp::LeaveVrMode()
05-11 12:55:43.634  6034  6073 I RequestManager: RequestManager::Shutdown start
05-11 12:55:43.634  1842  1905 W [OAR] LegacyDesktop: LegacyDesktop::FlushAnalytics does not do anything
05-11 12:55:43.634  1842  1905 I [OAR] LocalSpace: Applying Initial Pose
05-11 12:55:43.644  1842  1905 I VrRuntimeClient: VrRuntimeClient: UpdateLocalSpace: 2 (-0.151163, 0.058608, -0.037262, 0.986066), (0.009827, 0.055972, -0.016846)
05-11 12:55:43.644  2115  4398 I VrRuntimeServer: UpdateLocalSpace: Src: 2, Version: 23, VersionUser: 0, RawFloorHeightOld: -0.952886, RawFloorHeightNew: -0.952886
05-11 12:55:43.649  6034  6073 I RequestManager: RequestManager::Shutdown done
05-11 12:55:43.649  6034  6073 I ReactNativeExecutorHermes: Hermes Stopping
05-11 12:55:43.649  6034  6073 I ReactNativeExecutorHermes: Hermes Stopped
05-11 12:55:43.649  2115  7499 I Clocks  : SetSchedFifo( tid=1905, pri=1 ) succeeded
05-11 12:55:43.649  2134  2186 I GuardianSystem: UpdateSystem: Responding to local space version number change.
05-11 12:55:43.651  2115  7499 I Clocks  : SetSchedFifo( tid=7728, pri=1 ) succeeded
05-11 12:55:43.651  2115  7499 I Clocks  : SetSchedFifo( tid=2349, pri=1 ) succeeded
05-11 12:55:43.651  2115  7499 I TimeWarp: Will tear: 0.009666
05-11 12:55:43.655  1842  1905 D [OAR] ShellApplication: Broadcast intent com.oculus.assistant.ASSISTANT_PANEL_AVAILABILITY status: 2, mode: 1
05-11 12:55:43.660  2115  7499 I TimeWarpProgs: loaded binary layerProgram 0:0x202e5:0x0 in 3.7 ms
05-11 12:55:43.662  2115  2115 D VrRuntimeService: onFocusedWindowChanged: focusedWindowToken=android.os.BinderProxy@d1e198c, focusedWindowUid=10130
05-11 12:55:43.662  2115  2115 D VrRuntimeService: onFocusedWindowChanged: top window's client already enabled
05-11 12:55:43.662  2115  2115 I ClientMgr: FocusedClient ID changed
05-11 12:55:43.662  2115  2115 I ClientMgr: Primary Client ID changed
05-11 12:55:43.662  2115  2115 W ClientMgr: ClientMgr::GetClientPermissionFlagsById: Client missing proper permissions: com.YourCompany.ToysGame, 2
05-11 12:55:43.662  2115  2115 I ClientMgr: ClientMgr::SetPrimaryCompositorClient: com.YourCompany.ToysGame
05-11 12:55:43.662  2115  2115 I VrRuntimeServer: SetCompositorClientEnabled client(0): enabled(1) 0x7f8fa06010
05-11 12:55:43.662  2115  2115 I ClientMgr: ClientMgr::SetFocusedClient: com.YourCompany.ToysGame type 0
05-11 12:55:43.668   720  7442 I [CT]    : L:Behavior:AtRest: activated
05-11 12:55:43.668   720  7442 I [CT]    : AdHocPatch: [Left] t = 41.757s, behavior transition: None -> AtRest at 41.805s
05-11 12:55:43.680  2134  2186 I GuardianSystem: rsapi_PollEvent: rsEventForceShowGuardian. ForceIndefinitely: 0, ForceTimeInSeconds: 0.00, ForceCamera: 0
05-11 12:55:43.680  2134  2186 I GuardianSystem: ForceShowGuardian: false, 0.00
05-11 12:55:43.680  2134  2186 I GuardianSystem: rsapi_PollEvent: rsEventPackageNameChange: com.YourCompany.ToysGame
05-11 12:55:43.680  2134  2186 I GuardianSystem: SetCurrentPackageName: com.YourCompany.ToysGame, previous PackageName: com.oculus.vrshell
05-11 12:55:43.684   720  7442 I [CT]    : L:Behavior:AtRest: deactivated
05-11 12:55:43.684   720  7442 I [CT]    : AdHocPatch: [Left] t = 41.773s, behavior transition: AtRest -> None at 41.821s
05-11 12:55:43.688  1774  1909 I PlatformPluginManager: sharedMicrophoneStop for userID: 3112711712
05-11 12:55:43.688  1774  1909 I OVRPlatform: [MicrophoneServer] MicrophoneServer::removeSharedClient 0xb9883620
05-11 12:55:43.688  1774  1909 I OVRPlatform: [MicrophoneServer]   removed 1, 0 remaining
05-11 12:55:43.688  1774  1909 I OVRPlatform: [MicrophoneServer] No connections left, stopping
05-11 12:55:43.688  1774  1909 I OVRPlatform-OVRMicrophone: Stopping microphone recording.  Current state: Recording
05-11 12:55:43.688  1774  1909 D OVRPlatform-OVRMicrophone: State changed to Stopping
05-11 12:55:43.689  1842  1905 I [OAR] AudioEngine: Setting FadeNextBuffer
05-11 12:55:43.690  2099  2176 E Security-LocalReporter: UID '10043' is shared by multiple packages: [com.oculus.home, com.oculus.horizon]
05-11 12:55:43.692  1774  7731 I OVRPlatform-OVRMicrophone: Exiting audio capture thread, about to call AudioRecord.stop(). Current state: Stopping
05-11 12:55:43.694  1842  7723 I [OAR] AudioEngine: Fading final buffer
05-11 12:55:43.711   552  7589 D audio_hw_primary: in_standby: enter: stream (0xea0bcfc0) usecase(16: audio-record)
05-11 12:55:43.713  2099  2176 I LibraryProvider: running queryApp(com.oculus.vrshell) for com.oculus.uid:10043
05-11 12:55:43.713  2099  2176 W LibraryProvider: Cannot find entitlement for com.oculus.vrshell
05-11 12:55:43.714  1774  1774 W OVRLibrary: null cursor received for query content://com.oculus.ocms.library/apps/com.oculus.vrshell
05-11 12:55:43.714  1774  1774 I PlatformPluginManager: onAppStart com.oculus.vrshell false
05-11 12:55:43.722  1774  1774 I OVRPlatform: [PartiesAPI] ovr_Party_PluginGetSharedMemHandle: This function is deprecated, do not use
05-11 12:55:43.724  1774  1774 E OVRMediaServiceManager: LivestreamingManager Not initialized
05-11 12:55:43.728   552  7589 D audio_hw_primary: disable_audio_route: reset and update mixer path: audio-record
05-11 12:55:43.728   552  7589 D hardware_info: hw_info_append_hw_type : device_name = handset-mic-aec
05-11 12:55:43.728   552  7589 D audio_hw_primary: disable_snd_device: snd_device(62: handset-mic-aec)
05-11 12:55:43.728   552  7589 D msm8974_platform: platform_split_snd_device: snd_device(62) new_snd_devices (handset-mic-aec)
05-11 12:55:43.731   552  7589 D audio_hw_primary: in_set_parameters: enter: kvpairs=routing=0
05-11 12:55:43.732   552   604 I SoundTriggerHwService::Module: void android::SoundTriggerHwService::Module::onCallbackEvent(const sp<android::SoundTriggerHwService::CallbackEvent> &) no clients
05-11 12:55:43.732  1774  7731 I OVRPlatform-OVRMicrophone: Disabling AcousticEchoCanceler
05-11 12:55:43.733  1774  7731 I OVRPlatform-OVRMicrophone: Disabling NoiseSuppressor
05-11 12:55:43.733  1774  7731 D OVRPlatform-OVRMicrophone: State changed to Initialized
05-11 12:55:43.733  1774  7731 I OVRPlatform-OVRMicrophone: Exit AudioRecordThread
05-11 12:55:43.747  2115  7499 I Clocks  : SetSchedFifo( tid=1905, pri=0 ) succeeded
05-11 12:55:43.748  2115  7499 I Clocks  : SetSchedFifo( tid=7728, pri=0 ) succeeded
05-11 12:55:43.748  2115  7499 I Clocks  : SetSchedFifo( tid=2349, pri=0 ) succeeded
05-11 12:55:43.786  7328  7651 D UE4     : [2020.05.11-10.55.43:786][107]LogTcpMessaging: Lost node '999459CD4B99EA393939AA9E03F5D913' on connection '127.0.0.1:57320'...
05-11 12:55:43.786  7328  7651 D UE4     : *** JavaEnvDestructor: 7651
05-11 12:55:43.789  1842  1905 I [OAR] AudioEngine: Stopping player
