05-15 15:09:12.121  1848  1848 D VideoPlayerAnalytics: de\":\"2D\",\"Projection\":\"RECT\",\"Pose\":{\"Yaw\":0,\"Pitch\":0,\"Roll\":0},\"FovX\":360,\"FovY\":180,\"Meridian\":0,\"Horizon\":0},\"selected\":{\"ProjectionMetadataSource\":\"API\",\"StereoMode\":\"2D\",\"Projection\":\"RECT\",\"Pose\":{\"Yaw\":0,\"Pitch\":0,\"Roll\":0},\"FovX\":360,\"FovY\":180,\"Meridian\":0,\"Horizon\":0}}","load_duration_ms":267,"session_duration_ms":1635,"paused_duration_ms":0,"seek_duration_ms_count":0,"seek_duration_ms_avg":0,"seek_duration_ms_min":0,"seek_duration_ms_max":0,"seek_duration_ms_sample":0,"seek_duration_ms_p_50":0,"seek_duration_ms_sum":0,"resume_duration_ms_count":0,"resume_duration_ms_avg":0,"resume_duration_ms_min":0,"resume_duration_ms_max":0,"resume_duration_ms_sample":0,"resume_duration_ms_p_50":0,"resume_duration_ms_sum":0,"stall_duration_ms_count":0,"stall_duration_ms_avg":0,"stall_duration_ms_min":0,"stall_duration_ms_max":0,"stall_duration_ms_sample":0,"stall_duration_ms_p_50":0,"stall_duration_ms_sum":0,"playback_duration_ms":1368,
05-15 15:09:12.121  1848  1848 D VideoPlayerAnalytics: "hvq_percentage":0,"dropped_delayed_frames_count":0,"dropped_unconsumed_frames_count":5,"dropped_frames_count":5,"decoded_frames_count":44,"streamed_bytes_count":2796750,"streaming_bitrate_bps_count":1,"streaming_bitrate_bps_avg":260162784,"streaming_bitrate_bps_min":260162784,"streaming_bitrate_bps_max":260162784,"streaming_bitrate_bps_sample":260162784,"streaming_bitrate_bps_p_50":260162784,"buffer_ahead_duration_ms_count":1,"buffer_ahead_duration_ms_avg":9466,"buffer_ahead_duration_ms_min":9466,"buffer_ahead_duration_ms_max":9466,"buffer_ahead_duration_ms_sample":9466,"buffer_ahead_duration_ms_p_50":9466,"buffering_duration_ms_count":1,"buffering_duration_ms_avg":224,"buffering_duration_ms_min":224,"buffering_duration_ms_max":224,"buffering_duration_ms_sample":224,"buffering_duration_ms_p_50":224,"buffering_duration_ms_sum":224,"video_size_count":1,"video_size_avg":158720,"video_size_min":158720,"video_size_max":158720,"video_size_sample":158720,"video_size_p_50":158720,"app_render_
05-15 15:09:12.121  1848  1848 D VideoPlayerAnalytics: time_error_ms_count":91,"app_render_time_error_ms_avg":-2.436754,"app_render_time_error_ms_std_dev":3.177962,"incl_display_time_error_ms_count":0,"incl_display_time_error_ms_avg":0,"incl_display_time_error_ms_std_dev":0,"excl_display_time_error_ms_count":38,"excl_display_time_error_ms_avg":-208487500000000,"excl_display_time_error_ms_std_dev":208487800000000,"incl_display_interval_error_ms_count":0,"incl_display_interval_error_ms_avg":0,"incl_display_interval_error_ms_std_dev":0,"excl_display_interval_error_ms_count":0,"excl_display_interval_error_ms_avg":0,"excl_display_interval_error_ms_std_dev":0,"dropped_frame_cluster_size_count":0,"dropped_frame_cluster_size_avg":0,"dropped_frame_cluster_size_std_dev":0,"theater_rendering_percentage":100,"power_consumed_mAh":0,"max_position_ms":1316,"playback_percentage":13.116714841024619}}
05-15 15:09:12.121  1848  1848 I VideoPlayerAnalytics: Completed session. ID=11401dec-294f-4d5f-81b5-53b1e2c828b1
05-15 15:09:12.121  1848  1848 D VideoPlayerAnalytics: state transition: ('init','start_session')->'loading' at 209174
05-15 15:09:12.121  1848  1848 I VideoPlayerAnalytics: Starting session. ID=09f0d17e-6190-45aa-8426-7bab750e4f00
05-15 15:09:12.122  1848  1848 D VideoPlayerAnalytics: Event : {"name":"oculus_video_sdk_playback_event","extra":{"event_type":"on_start_session","time_from_launch_ms":185251,"ovr_user_id":"102449717587751","board":"monterey","gatekeepers":"{\"disableDataCache\":0,\"enableABR4VBR\":0,\"enableAudioVirtualization\":0,\"enableChromiumDebugLog\":0,\"enableEarlyFrameRelease\":1,\"enablePlayerResourceCache\":0,\"useExoPlayerFastSeek\":1,\"useExperimentalABR\":0}","session_ID":"09f0d17e-6190-45aa-8426-7bab750e4f00","url":"REDACTED","content_type":"APK","file_extension":"mp4","projection":"RECT","FOV_X":360,"FOV_Y":180,"video_id":"0","provider":"Unknown","channel":"com.oculus.systemux","did_extract_video":0,"did_extract_audio":0,"did_start_playback":0,"audio_track_count":0}}
05-15 15:09:12.122  1848  1848 D PowerMonitor: startMeasure
05-15 15:09:12.126  2083  3171 I ScreenCaptureBase: GlobalInhibitState=0
05-15 15:09:12.126  1848  1917 D VideoSession: 1589548152118580000 - created
05-15 15:09:12.127  1848  1917 D VideoSession: 1589548152118580000 - prepareVideo: url=apk://com.oculus.guardianresources/assets/animatics/05_STATIONARY.mp4
05-15 15:09:12.127  1848  1917 W OculusVideoPlayerImpl: FlushTaskQueue timed out
05-15 15:09:12.127  1848  2309 I ExoPlayerImpl: Init 380073d [ExoPlayerLib/2.7.3] [monterey, Quest, Oculus, 25]
05-15 15:09:12.139  1848  2309 I ExoPlayerImpl: Release 380073d [ExoPlayerLib/2.7.3] [monterey, Quest, Oculus, 25] [goog.exo.core]
05-15 15:09:12.140  1848  2309 D VideoSession: 1589548152118580000 - video prepared: {"Aes128Iv":"","Aes128Key":"","AudioChannelLayout":"unknown","AudioMimeType":"","AudioRendererName":"","AudioTracks":{},"Channel":"com.oculus.systemux","ClientAnalyticsData":"","DashManifestXml":"","DidUpdate":false,"DrmProxyUrl":"","DrmSecurityLevel":"NONE","Duration":0,"EnableFocus":false,"FocusWidthDegrees":0,"FovX":360,"FovY":180,"FrameAspectRatio":1.6516128778457642,"FrameRate":0,"FrameRotation":0,"HasCameraMotionData":false,"Horizon":0,"HttpRequestHeaders":{},"InitialHeight":310,"InitialWidth":512,"IsLiveMedia":false,"IsSeekable":true,"Meridian":0,"OffFocusLevel":1,"OverrideProjectionMetadata":true,"Pose":{"Pitch":0,"Roll":0,"Yaw":0},"Projection":"RECT","ProjectionMetadataSource":"API","Provider":"Unknown","StereoMode":"2D","SubtitleMimeTypes":[],"SubtitleTracks":{},"SyncMode":"none","VideoId":"","VideoMimeType":"video\/hevc","VideoRendererName":"","VideoTracks":{"0":"{\"Id\":\"1\",\"width\":512,\"height\":310,\"framerate\":-1,\"bitrate\":-1}"},"VideoUrl":"apk:\/\/com.oculus.guardianresources\/assets\/animatics\/05_STATIONARY.mp4","CanUseExoPlayer":true}
05-15 15:09:12.167  1848  1917 I VideoSession: 1589548152118580000 - StartVideo: player=VideoPlayer_Android, playWhenReady=1
05-15 15:09:12.167  1848  1917 D VideoPlayer_Android: Using OculusExoPlayer
05-15 15:09:12.168  1848  1917 I VideoSession: 1589548152118580000 - State Changed: initializing --> ready
05-15 15:09:12.168  1848  2309 D VideoSession: 1589548152118580000 - startVideo: player=OculusExoPlayer, playWhenReady=true
05-15 15:09:12.168  1848  2309 I VideoDirectDecoder: VideoDirectDecoder
05-15 15:09:12.168  1848  2309 I ExoPlayerImpl: Init 6eada39 [ExoPlayerLib/2.7.3] [monterey, Quest, Oculus, 25]
05-15 15:09:12.169  1848  2309 D OculusExoPlayer: UserAgent = oculus_video_sdk
05-15 15:09:12.169  1848  2309 D OculusExoPlayer: UserAgent = oculus_video_sdk
05-15 15:09:12.169  1848  2309 D VideoSession: 1589548152118580000 - onBuffering
05-15 15:09:12.169  1848  2309 D VideoSession: 1589548152118580000 - onBuffering
05-15 15:09:12.169  1848  2309 D VideoSession: 1589548152118580000 - onTimelineChanged: duration=-9223372036854775807, position=0, isSeekable=false
05-15 15:09:12.172  1848  2309 D VideoSession: 1589548152118580000 - onTimelineChanged: duration=8133, position=0, isSeekable=true
05-15 15:09:12.180  1848  2309 D VideoSession: 1589548152118580000 - onVideoFormatChanged: width=512, height=310, pixelWidthHeightRatio=1.0, rotationDegrees=0, frameRate=0.0, bitrate=-1, videoMimeType=video/hevc, videoRendererName=com.oculus.video.renderer.OculusMediaCodecVideoRenderer, VQM=0.0
05-15 15:09:12.180  1848  1917 I VideoSession: 1589548152118580000 - OnTimelineInfo: duration=0, isSeekable=0
05-15 15:09:12.181  1848  3221 I VideoDirectDecoder: Allocating new video codec
05-15 15:09:12.181  1848  1917 I VideoSession: 1589548152118580000 - OnTimelineInfo: duration=8133, isSeekable=1
05-15 15:09:12.182  1848  1848 D VideoPlayerAnalytics: Event : {"name":"oculus_video_sdk_playback_event","extra":{"event_type":"on_extract_video","time_from_launch_ms":185314,"ovr_user_id":"102449717587751","board":"monterey","session_ID":"09f0d17e-6190-45aa-8426-7bab750e4f00","url":"REDACTED","content_type":"APK","file_extension":"mp4","projection":"RECT","FOV_X":360,"FOV_Y":180,"video_id":"0","provider":"Unknown","channel":"com.oculus.systemux","did_extract_video":1,"did_extract_audio":0,"did_start_playback":0,"width":512,"height":310,"duration_ms":8133,"is_3D":0,"is_seekable":1,"is_sync_media":0,"video_mime_type":"video\/hevc","video_renderer_name":"com.oculus.video.renderer.OculusMediaCodecVideoRenderer","audio_track_count":0,"spherical_metadata":"{\"API\":{\"ProjectionMetadataSource\":\"API\",\"StereoMode\":\"2D\",\"Projection\":\"RECT\",\"Pose\":{\"Yaw\":0,\"Pitch\":0,\"Roll\":0},\"FovX\":360,\"FovY\":180,\"Meridian\":0,\"Horizon\":0},\"selected\":{\"ProjectionMetadataSource\":\"API\",\"StereoMode\":\"2D\",\"Projection\":\"RECT\",\"P
05-15 15:09:12.182  1848  1848 D VideoPlayerAnalytics: ose\":{\"Yaw\":0,\"Pitch\":0,\"Roll\":0},\"FovX\":360,\"FovY\":180,\"Meridian\":0,\"Horizon\":0}}"}}
05-15 15:09:12.184   701  1294 I MediaPlayerService: MediaPlayerService::getOMX
05-15 15:09:12.186  1848  3225 I OMXClient: MuxOMX ctor
05-15 15:09:12.192   698  1327 I OMXMaster: makeComponentInstance(OMX.qcom.video.decoder.hevc) in mediacodec process
05-15 15:09:12.205  1848  2309 V OculusExoPlayer: onBandwidthSample 2.313MB 35ms = 528.717ms, buffered 6000ms
05-15 15:09:12.205  1848  2309 V VideoSession: 1589548152118580000 - onDroppedFrames: elapsedTimeMs=33, delayedCount=0, unconsumedCount=0, decodedFrameCount=0
05-15 15:09:12.205  1848  2309 V VideoSession: 1589548152118580000 - onStreamingSample: bytesStreamed=2425502, bitrate=554400448, bufferLengthMs=6000, elapsedMs=35
05-15 15:09:12.207   698  1327 I OMX-VDEC-1080P: component_init: OMX.qcom.video.decoder.hevc : fd=8
05-15 15:09:12.213   698  1327 I OMX-VDEC-1080P: omx_vdec::component_init() success : fd=8
05-15 15:09:12.215  1848  1856 I VideoDirectDecoder: ~VideoDirectDecoder()
05-15 15:09:12.216  1848  3224 I MediaCodec: [OMX.qcom.video.decoder.hevc] setting surface generation to 1892355
05-15 15:09:12.217   698   860 E OMX-VDEC-1080P: Extension: OMX.google.android.index.storeANWBufferInMetadata not implemented
05-15 15:09:12.218  1848  3225 I ExtendedACodec: setupVideoDecoder()
05-15 15:09:12.218  1848  3225 I ExtendedACodec: vpp-enable search is 0 and value is 0
05-15 15:09:12.235   698  1520 E OMX-VDEC-1080P: Extension: OMX.google.android.index.storeANWBufferInMetadata not implemented
05-15 15:09:12.235   698  1520 E OMX-VDEC-1080P: Extension: OMX.google.android.index.configureVideoTunnelMode not implemented
05-15 15:09:12.235   698  1520 E OMX-VDEC-1080P: Extension: OMX.google.android.index.useAndroidNativeBuffer is supported
05-15 15:09:12.237  1848  3225 I ExtendedACodec: Decoder will be in frame by frame mode
05-15 15:09:12.244   698  1520 E OMX-VDEC-1080P: Does not handle dataspace request
05-15 15:09:12.245   698  1520 E OMXNodeInstance: getConfig(2ba003e:qcom.decoder.hevc, ??(0x7f000062)) ERROR: UnsupportedSetting(0x80001019)
05-15 15:09:12.253  1848  3225 D SurfaceUtils: set up nativeWindow 0xca71a808 for 512x310, color 0x7fa30c06, rotation 0, usage 0x2002900
05-15 15:09:12.270  1848  3221 I VideoDirectDecoder: Video codec initialization time = 88 ms
05-15 15:09:12.293   698  1327 E OMX-VDEC-1080P: Does not handle dataspace request
05-15 15:09:12.293   698  1327 E OMXNodeInstance: getConfig(2ba003e:qcom.decoder.hevc, ??(0x7f000062)) ERROR: UnsupportedSetting(0x80001019)
05-15 15:09:12.309  1848  3225 D SurfaceUtils: set up nativeWindow 0xca71a808 for 512x320, color 0x7fa30c06, rotation 0, usage 0x2002900
05-15 15:09:12.334   698  1520 E OMX-VDEC-1080P: Does not handle dataspace request
05-15 15:09:12.334   698  1520 E OMXNodeInstance: getConfig(2ba003e:qcom.decoder.hevc, ??(0x7f000062)) ERROR: UnsupportedSetting(0x80001019)
05-15 15:09:12.336   698   860 E OMX-VDEC-1080P: Does not handle dataspace request
05-15 15:09:12.336   698   860 E OMXNodeInstance: getConfig(2ba003e:qcom.decoder.hevc, ??(0x7f000062)) ERROR: UnsupportedSetting(0x80001019)
05-15 15:09:12.351  1848  2309 D VideoSession: 1589548152118580000 - onVideoSizeChanged: width=512, height=310
05-15 15:09:12.351  1848  2309 I VideoPlayer_Android: nativeSetVideoSize: width=512 height=310 pixelWidthHeightRatio=1.0000 topcrop=0 leftCrop=0 bottomCrop=10 rightCrop=0
05-15 15:09:12.361  1848  1917 I VideoSession: 1589548152118580000 - SetVideoInfo: width=512, height=310
05-15 15:09:12.362  1848  1917 I VideoSession: 1589548152118580000 - State Changed: ready --> playing
05-15 15:09:12.362  1848  1917 I VideoSession: 1589548152118580000 - SelectSubtitle: language=
05-15 15:09:12.362  1848  1917 D VideoSession: 1589548152118580000 - selectSubtitle: language=
05-15 15:09:12.362  1848  1917 I VideoSession: 1589548152118580000 - SelectVideoTrack: -1
05-15 15:09:12.362  1848  1917 D VideoSession: 1589548152118580000 - select video track: 
05-15 15:09:12.362  1848  1848 D VideoPlayerAnalytics: Event : {"name":"oculus_video_sdk_playback_event","extra":{"event_type":"on_video_size_changed","time_from_launch_ms":185494,"ovr_user_id":"102449717587751","board":"monterey","session_ID":"09f0d17e-6190-45aa-8426-7bab750e4f00","url":"REDACTED","content_type":"APK","file_extension":"mp4","projection":"RECT","FOV_X":360,"FOV_Y":180,"video_id":"0","provider":"Unknown","channel":"com.oculus.systemux","did_extract_video":1,"did_extract_audio":0,"did_start_playback":0,"width":512,"height":310,"duration_ms":8133,"is_3D":0,"is_seekable":1,"is_sync_media":0,"video_mime_type":"video\/hevc","video_renderer_name":"com.oculus.video.renderer.OculusMediaCodecVideoRenderer","audio_track_count":0,"spherical_metadata":"{\"API\":{\"ProjectionMetadataSource\":\"API\",\"StereoMode\":\"2D\",\"Projection\":\"RECT\",\"Pose\":{\"Yaw\":0,\"Pitch\":0,\"Roll\":0},\"FovX\":360,\"FovY\":180,\"Meridian\":0,\"Horizon\":0},\"selected\":{\"ProjectionMetadataSource\":\"API\",\"StereoMode\":\"2D\",\"Projection\":\"RECT\
05-15 15:09:12.362  1848  1848 D VideoPlayerAnalytics: ",\"Pose\":{\"Yaw\":0,\"Pitch\":0,\"Roll\":0},\"FovX\":360,\"FovY\":180,\"Meridian\":0,\"Horizon\":0}}"}}
05-15 15:09:12.371  1848  2309 D VideoSession: 1589548152118580000 - onReady
05-15 15:09:12.371  1848  2309 D VideoSession: 1589548152118580000 - onStopBuffering
05-15 15:09:12.392  1848  1848 D VideoPlayerAnalytics: Event : {"name":"oculus_video_sdk_playback_event","extra":{"event_type":"on_start_playback","time_from_launch_ms":185524,"ovr_user_id":"102449717587751","board":"monterey","session_ID":"09f0d17e-6190-45aa-8426-7bab750e4f00","url":"REDACTED","content_type":"APK","file_extension":"mp4","projection":"RECT","FOV_X":360,"FOV_Y":180,"video_id":"0","provider":"Unknown","channel":"com.oculus.systemux","did_extract_video":1,"did_extract_audio":0,"did_start_playback":1,"width":512,"height":310,"duration_ms":8133,"is_3D":0,"is_seekable":1,"is_sync_media":0,"video_mime_type":"video\/hevc","video_renderer_name":"com.oculus.video.renderer.OculusMediaCodecVideoRenderer","audio_track_count":0,"spherical_metadata":"{\"API\":{\"ProjectionMetadataSource\":\"API\",\"StereoMode\":\"2D\",\"Projection\":\"RECT\",\"Pose\":{\"Yaw\":0,\"Pitch\":0,\"Roll\":0},\"FovX\":360,\"FovY\":180,\"Meridian\":0,\"Horizon\":0},\"selected\":{\"ProjectionMetadataSource\":\"API\",\"StereoMode\":\"2D\",\"Projection\":\"RECT\",\"
05-15 15:09:12.392  1848  1848 D VideoPlayerAnalytics: Pose\":{\"Yaw\":0,\"Pitch\":0,\"Roll\":0},\"FovX\":360,\"FovY\":180,\"Meridian\":0,\"Horizon\":0}}","load_duration_ms":273}}
05-15 15:09:12.393  1848  1848 D VideoPlayerAnalytics: state transition: ('loading','render_restart')->'playing' at 209447
05-15 15:09:12.460   713  2924 I [CT]    : boltlib: DSP utilization(%): 19
05-15 15:09:12.910  1848  2288 I OVRPlatform: [CurlHttpClient] Executing HTTP request: https://graph.oculus.com//v1.20/me?fields=current_party{id,leader{id},join_policy,users{id,alias,can_viewer_message,display_name,profile_url,profile_url_small,presence,presence_status,presence_app{id,package_name},presence_deeplink_joinable,presence_deeplink_message,presence_destination_api_name,presence_scoped_user_id,avatar_v2{avatar_image{uri}}},invited_users{id,alias,can_viewer_message,display_name,profile_url,profile_url_small,presence,presence_status,presence_app{id,package_name},avatar_v2{avatar_image{uri}}}}&app_version=210946745
05-15 15:09:12.998   713  2973 I [CT]    : HealthReport: ==================================================
05-15 15:09:12.998   713  2973 I [CT]    : Health Report
05-15 15:09:12.998   713  2973 I [CT]    : -------------
05-15 15:09:12.998   713  2973 I [CT]    : 
05-15 15:09:12.998   713  2973 I [CT]    : Reporter #1 (InsideOutHealthMonitor) summary:
05-15 15:09:12.998   713  2973 I [CT]    : Camera: Total Dropped: 1.000000, Total Frame Count: 600 (0.166667%), Camera Reset Count: 0
05-15 15:09:12.998   713  2973 I [CT]    : Camera: Total Single Camera Frame Dropped: 0, Total Frame Count: 600 (0.000000%)
05-15 15:09:12.998   713  2973 I [CT]    : IMU: Total Dropped: 0.000000, Total Sample Count: 24503 (0.000000%)
05-15 15:09:12.998   713  2973 I [CT]    : Magnetometer: Total Dropped: 0.000000, Total Sample Count: 735 (0.000000%)
05-15 15:09:12.998   713  2973 I [CT]    : 
05-15 15:09:12.998   713  2973 I [CT]    : Reporter #1 (InsideOutHealthMonitor) Passed
05-15 15:09:12.998   713  2973 I [CT]    : --------------------------------------------------
05-15 15:09:12.998   713  2973 I [CT]    : Reporter #2 (ConstellationHealthMonitor) summary:
05-15 15:09:12.998   713  2973 I [CT]    : Camera: Total Dropped: 0.000000, Total Frame Count: 602 (0.000000%), Camera Reset Count: 1
05-15 15:09:12.998   713  2973 I [CT]    : Camera: Total Single Camera Frame Dropped: 0, Total Frame Count: 602 (0.000000%)
05-15 15:09:12.998   713  2973 I [CT]    : Controller 4212769887286730484:
05-15 15:09:12.998   713  2973 I [CT]    : IMU: Capture period exceeded threshold.  Largest period: 0.828477 sec
05-15 15:09:12.998   713  2973 I [CT]    : Controllers may have been sleeping
05-15 15:09:12.998   713  2973 I [CT]    : IMU: Total Dropped: 0.000000, Total Sample Count: 11911.430000 (0.000000%)
05-15 15:09:12.998   713  2973 I [CT]    : Controller 7745273921483883046:
05-15 15:09:12.998   713  2973 I [CT]    : IMU: C
05-15 15:09:13.020   713  2973 I [CT]    : VIPER:RelocalizationManager: [Throttled count=5] Relocalization step failed, trying again.
05-15 15:09:13.096  1848  3111 I VrApi   : FPS=70,Prd=45ms,Tear=0,Early=71,Stale=1,VSnc=1,Lat=1,Fov=0,CPU4/GPU=2/4,1651/670MHz,OC=FF,TA=0/E0/0,SP=N/F/N,Mem=1804MHz,Free=1418MB,PSM=0,PLS=0,Temp=25.0C/0.0C,TW=2.74ms,App=4.66ms,GD=4.51ms,CPU&GPU=8.76ms,LCnt=5,GPU%=0.66,CPU%=0.17(W0.20),DSF=1.00
05-15 15:09:13.101  1848  1917 I [OAR] ShellSurfaceRender: Averages: drawCalls 4.4 progBinds 2.5 paramUpdates 14.1 textureBinds 3.4 bufferBinds 1.0
05-15 15:09:13.225  1848  1917 I [OAR] SystemDialogController: Dialog result received: {"dialogHost": "vrshell", "dialogId": "GUARDIAN_STATIONARY_COMPLETE", "action": "stationaryComplete", "autoClose": true, "listSelection": []}
05-15 15:09:13.236  1848  1917 I [OAR] ShellDialogControllerHost: DialogResult: stationaryComplete
05-15 15:09:13.236  1848  1917 I [OAR] GuardianController: HandleResult: stationaryComplete
05-15 15:09:13.237  2096  2111 I GuardianSystem: GuardianSystem::GuardianCmd 1
05-15 15:09:13.243  2096  2111 I GuardianSystem: GuardianSystem::SetActiveGuardianValid mapId = deaca19c-90c2-48cc-a549-fce80e792872 (1)
05-15 15:09:13.244   713   826 D TrackingCore: TrackingEnvironment::keepMap(deaca19c-90c2-48cc-a549-fce80e792872)
05-15 15:09:13.245   713   826 I [CT]    : VIPER:MAP_MANAGER: keepMap() on UUID: deaca19c-90c2-48cc-a549-fce80e792872 successful
05-15 15:09:13.246  2096  2111 I GuardianJSONHelper: WriteJSONFile()
05-15 15:09:13.246  2096  2111 I GuardianSystem: SyncUpMapData
05-15 15:09:13.250  2096  2111 I GuardianSystem: SyncUpMapData: Removing map: 90230666-7495-4987-83d6-6bebf6d0495b
05-15 15:09:13.250  2096  2111 I GuardianSystem: SyncUpMapData finished
05-15 15:09:13.254  2096  2111 D VrGuardianService: VrGuardianService: writeUserJSONFile() guardian_info.json
05-15 15:09:13.254  2096  2111 D VrGuardianUserService: getGuardianFilesDir() /data/user/0/com.oculus.systemdriver/files/guardian/
05-15 15:09:13.254  2096  2111 D VrGuardianUserService: VrGuardianService: saveUserFile() /data/user/0/com.oculus.systemdriver/files/guardian/guardian_info.json
05-15 15:09:13.259  2096  2111 I GuardianSystem: ForceShowGuardian: false, 2.00
05-15 15:09:13.259  2096  2111 I GuardianSystem: ForceShowGuardian: Soft fade out: 1.00
05-15 15:09:13.259  2096  2111 I GuardianSystem: UpdateLocalSpaceToCurrentPose
05-15 15:09:13.260  2096  2111 I GuardianSystem: UpdateGuardianSystemState: Flags changed: 8192, 532480
05-15 15:09:13.260  2096  2111 I VrRuntimeClient: VrRuntimeClient: UpdateLocalSpace: 3 (-0.115228, -0.065987, -0.007082, 0.991120), (0.134028, 0.084937, 0.031700)
05-15 15:09:13.261  2083  3178 I VrRuntimeServer: UpdateLocalSpace: Src: 3, Version: 4, VersionUser: 0, RawFloorHeightOld: -1.674640, RawFloorHeightNew: -1.674640
05-15 15:09:13.262  2096  2111 I GuardianSystem: SetConfigState: 4 to 0
05-15 15:09:13.266  1848  1917 I [OAR] GuardianController: SetPendingDialog: 8, -1
05-15 15:09:13.268  1848  1917 I [OAR] GuardianController: currentDrawFlags != desiredDrawFlags: 7, 3
05-15 15:09:13.268  2096  2138 I GuardianSystem: UpdateSystem: Responding to local space version number change.
05-15 15:09:13.269  2096  2275 I GuardianRender: EnableCamera: stopStream camera 0 SUCCESS
05-15 15:09:13.270  2096  2275 I GuardianRender: EnableCamera: stopStream camera 2 SUCCESS
05-15 15:09:13.270  2096  2275 I MrGuardianRuntime: onPause: Paused.
05-15 15:09:13.270  2096  2275 I PassthroughTypes: Passthrough telemetry over 17.032700 seconds:
05-15 15:09:13.270  2096  2275 I PassthroughTypes: - using online cal: yes, calibration age: 210.116669 minutes
05-15 15:09:13.270  2096  2275 I PassthroughTypes: - time to first render: 103.855833 ms
05-15 15:09:13.270  2096  2275 I PassthroughTypes: - time to first depth map: 401.059806 ms
05-15 15:09:13.270  2096  2275 I PassthroughTypes: - rates: rendering: 69.865608, images: 25.010715, geometry: 24.599741, texture: 25.010715, tex coord: 45.265873 fps
05-15 15:09:13.270  2096  2275 I PassthroughTypes: - processing: image count: 426.000000, dropped: 7.000000, dequeued: 0.000000, uninitialized depth: 8.000000, stale depth: 0.000000
05-15 15:09:13.270  2096  2275 I PassthroughTypes: - geometry (min/avg/max): primary 0.000000,1088.262573,1904.000000, secondary: 91.000000,675.673035,1414.000000, solver: 1.000000,29.930788,30.000000
05-15 15:09:13.270  2096  2275 I PassthroughTypes: - latencies (min/avg/max): images: 15.138250,23.040952,36.214646, photon-to-geometry: 42.308133,65.889359,338.747650, photon-to-texture: 25.315875,40.716987,54.612920 ms
05-15 15:09:13.270  2096  2275 I PassthroughTypes: - frames : 419.000000
05-15 15:09:13.270  2096  2275 I PassthroughTypes: - mvs: possible: 1731308.000000, actual: 1167758.000000, intra frame: 1123051.000000
05-15 15:09:13.270  2096  2275 I PassthroughTypes: - checks: left-right: 580347.000000, mvs filter: 567342.000000, epipolar: 434350.000000, refine: 409717.000000, temporal hist: 745038.000000
05-15 15:09:13.270  2096  2275 I PassthroughTypes: - points new: 409717.000000, prior: 730290.000000, primary: 455982.000000, secondary: 283107.000000
05-15 15:09:13.270  2096  2275 I GuardianRender: SendMrGuardianRuntimeTelemetry: Logging telemetry.
05-15 15:09:13.271  2096  2275 I GuardianRender: Passthrough state changed to hidden in render loop.
05-15 15:09:13.273  2096  2110 I GuardianSystem: Guardian: GuardianCmdWithParms 2, 3, 0.000000
05-15 15:09:13.274  1848  1917 I [OAR] EnvironmentReconciler: Stopping background audio loop. No audio to play. (AudioState::None)
05-15 15:09:13.289  1848  1917 I [OAR] LocalSpace: currentLocalPose
05-15 15:09:13.289  1848  1917 I [OAR] LocalSpace: 	rotX: -0.115444
05-15 15:09:13.289  1848  1917 I [OAR] LocalSpace: 	rotY: 0.000069
05-15 15:09:13.289  1848  1917 I [OAR] LocalSpace: 	rotZ: 0.000596
05-15 15:09:13.289  1848  1917 I [OAR] LocalSpace: 	rotW: 0.993314
05-15 15:09:13.289  1848  1917 I [OAR] LocalSpace: 	traX: 0.000000
05-15 15:09:13.289  1848  1917 I [OAR] LocalSpace: 	traY: 1.759577
05-15 15:09:13.289  1848  1917 I [OAR] LocalSpace: 	traZ: 0.000000
05-15 15:09:13.289  1848  1917 I [OAR] LocalSpace: localPose
05-15 15:09:13.289  1848  1917 I [OAR] LocalSpace: 	rotX: -0.111594
05-15 15:09:13.289  1848  1917 I [OAR] LocalSpace: 	rotY: -0.000331
05-15 15:09:13.289  1848  1917 I [OAR] LocalSpace: 	rotZ: -0.002950
05-15 15:09:13.289  1848  1917 I [OAR] LocalSpace: 	rotW: 0.993749
05-15 15:09:13.289  1848  1917 I [OAR] LocalSpace: 	traX: 0.000000
05-15 15:09:13.289  1848  1917 I [OAR] LocalSpace: 	traY: 1.761012
05-15 15:09:13.289  1848  1917 I [OAR] LocalSpace: 	traZ: 0.000000
05-15 15:09:13.296  1848  1917 I [OAR] TelemetryProvider: aui_reorient system 0 0 0 
05-15 15:09:13.301   713  2973 I [CT]    : VIPER:RELOC: Relocalization failed!
05-15 15:09:13.313  2083  2967 I TimeWarp: SetClientSurfaceSecureFlag: secure=0
05-15 15:09:13.348  1848  1917 I [OAR] GuardianController: UpdatePendingDialog: Closing dialogs
05-15 15:09:13.348  1848  1917 I [OAR] DialogControllerManager: Hide Previous pending dialog: type: 11, uri "systemux://guardian/setup?dialogName=STATIONARY_COMPLETE", return component: "", return activity component: "" - reason end guardian setup
05-15 15:09:13.368  2083  2967 I Vsync   : Vsync 1775:  2 x 13.92 ms (71.82 Hz, at 210.424)
05-15 15:09:13.369  1848  2889 I [OAR] SystemSettings: Setting first_time_nux_guardian_setup_complete changed
05-15 15:09:13.369  1848  1917 I [OAR] GuardianController: UpdatePendingDialog: Calling SetIntentPendingLaunch: com.YourCompany.ToysGame
05-15 15:09:13.369  1848  1917 I [OAR] SystemUXController: Registering pending External App launch for com.YourCompany.ToysGame - overwriting existing launch? false.
05-15 15:09:13.369  1848  1917 I [OAR] SystemUXController: Building launch checks for com.YourCompany.ToysGame, activity: 
05-15 15:09:13.398  2068  2140 I LibraryProvider: running queryApp(com.YourCompany.ToysGame) for com.oculus.vrshell
05-15 15:09:13.398  2068  2140 W LibraryProvider: Cannot find entitlement for com.YourCompany.ToysGame
05-15 15:09:13.399  1848  1917 W OVRLibrary: null cursor received for query content://com.oculus.ocms.library/apps/com.YourCompany.ToysGame
05-15 15:09:13.423  2068  2081 I LibraryProvider: running queryApp(com.YourCompany.ToysGame) for com.oculus.vrshell
05-15 15:09:13.423  2068  2081 W LibraryProvider: Cannot find entitlement for com.YourCompany.ToysGame
05-15 15:09:13.424  1848  1917 W OVRLibrary: null cursor received for query content://com.oculus.ocms.library/apps/com.YourCompany.ToysGame
05-15 15:09:13.453  2083  2967 I Clocks  : SetSchedFifo( tid=1917, pri=0 ) succeeded
05-15 15:09:13.454  2083  2967 I Clocks  : SetSchedFifo( tid=3121, pri=0 ) succeeded
05-15 15:09:13.454  2083  2967 I Clocks  : SetSchedFifo( tid=2275, pri=0 ) succeeded
05-15 15:09:13.455  2068  2142 I LibraryProvider: running queryApp(com.YourCompany.ToysGame) for com.oculus.vrshell
05-15 15:09:13.455  2068  2142 W LibraryProvider: Cannot find entitlement for com.YourCompany.ToysGame
05-15 15:09:13.460  1848  1917 W OVRLibrary: null cursor received for query content://com.oculus.ocms.library/apps/com.YourCompany.ToysGame
05-15 15:09:13.496  2068  2227 I LibraryProvider: running queryApp(com.YourCompany.ToysGame) for com.oculus.vrshell
05-15 15:09:13.496  2068  2227 W LibraryProvider: Cannot find entitlement for com.YourCompany.ToysGame
05-15 15:09:13.497  1848  1917 W OVRLibrary: null cursor received for query content://com.oculus.ocms.library/apps/com.YourCompany.ToysGame
05-15 15:09:13.502  1848  1917 I [OAR] SystemUXController: Finished building launch checks
05-15 15:09:13.502  1848  1917 I [OAR] GuardianController: UpdatePendingDialog: Switching activeGuardianDialog: 8, -1
05-15 15:09:13.506  1848  1917 I [OAR] SystemUXController: ProcessPendingLaunch Intent
05-15 15:09:13.506  1848  1917 I [OAR] DialogControllerManager: Hide Previous pending dialog: type: 0, uri "systemux://dialog/none", return component: "", return activity component: "" - reason process pending launch. launchType: Intent
05-15 15:09:13.509  2083  2967 I Clocks  : SetSchedFifo( tid=1917, pri=1 ) succeeded
05-15 15:09:13.510  2083  2967 I Clocks  : SetSchedFifo( tid=3121, pri=1 ) succeeded
05-15 15:09:13.513  2083  2967 I Clocks  : SetSchedFifo( tid=2275, pri=1 ) succeeded
05-15 15:09:13.532  2068  2229 I LibraryProvider: running queryApp(com.YourCompany.ToysGame) for com.oculus.vrshell
05-15 15:09:13.532  2068  2229 W LibraryProvider: Cannot find entitlement for com.YourCompany.ToysGame
05-15 15:09:13.533  1848  1917 W OVRLibrary: null cursor received for query content://com.oculus.ocms.library/apps/com.YourCompany.ToysGame
05-15 15:09:13.533  1848  1917 I [OAR] ShellApp: ShellApp::SendLaunchIntent('com.YourCompany.ToysGame' '')
05-15 15:09:13.533  1848  1917 D [OAR] ShellApplication: sendLaunchIntent: 'com.YourCompany.ToysGame' command: ''
05-15 15:09:13.538  1848  1917 D [OAR] ShellApplication: startActivityFromRecents: Intent { act=android.intent.action.MAIN cat=[android.intent.category.LAUNCHER] flg=0x10010000 pkg=com.YourCompany.ToysGame cmp=com.YourCompany.ToysGame/com.epicgames.ue4.GameActivity (has extras) }
05-15 15:09:13.549  1848  1848 D [OAR] MainActivity: onPause()
05-15 15:09:13.553  1848  1917 I Activity: Starting activity from recents: Intent { act=android.intent.action.MAIN cat=[android.intent.category.LAUNCHER] flg=0x10010000 pkg=com.YourCompany.ToysGame cmp=com.YourCompany.ToysGame/com.epicgames.ue4.GameActivity (has extras) }
05-15 15:09:13.553  1848  1917 I [OAR] DialogControllerManager: Dialog change detected; updating dialog UI.
05-15 15:09:13.553  1848  1917 I [OAR] DialogControllerManager: Old dialog: type: 11, uri "systemux://guardian/setup?dialogName=STATIONARY_COMPLETE", return component: "", return activity component: ""
05-15 15:09:13.553  1848  1917 I [OAR] DialogControllerManager: New dialog: type: 0, uri "systemux://dialog/none", return component: "", return activity component: ""
05-15 15:09:13.554  1848  1917 I [OAR] DialogController: CloseDialogs() old: 0, pendingUri: systemux://dialog/none, pendingComponent: 
05-15 15:09:13.554  1848  1917 I [OAR] SystemDialogController: HideVrShellDialog
05-15 15:09:13.554  1848  1917 I [OAR] TelemetryProvider: AUI visibility true, TaskBar visibility true, forced true
05-15 15:09:13.554  1848  1917 I [OAR] SystemUXController: No known System UX Route for Navigation Route: com.oculus.systemux/com.oculus.panelapp.anytimeui.AnytimeUIAndroidPanelService
05-15 15:09:13.554  1848  1917 I [OAR] SystemTaskBarV1: Repositioning toast layer: isShowingTaskBar = 1
05-15 15:09:13.554  1848  1917 I [OAR] PanelAppHost: Exiting panel application 2 on next frame with reason System Defined Closure.
05-15 15:09:13.570  1848  1917 I [OAR] PanelAppHost: ExitNextFrame triggered for reason System Defined Closure
05-15 15:09:13.570  1922  1922 I [OAR] AnytimeUIAndroidPanelAppBase: configureHandLayer: []
05-15 15:09:13.570  1922  1922 I AndroidPanelLayer: Hiding layer hand1
05-15 15:09:13.570  1922  1922 I AndroidPanelApp: HideLayer(hand1)
05-15 15:09:13.570  1922  1922 I AndroidPanelLayer: Hiding layer hand2
05-15 15:09:13.570  1922  1922 I AndroidPanelApp: HideLayer(hand2)
05-15 15:09:13.570  1922  1922 W AnytimeUIAndroidPanelApp: Command parsing failure: Failure to parse parameter dialog name
05-15 15:09:13.570  1922  1922 W AnytimeUIAndroidPanelApp: Original Command: updateHandDialog 
05-15 15:09:13.570  1922  1922 I [OAR] AnytimeUIAndroidPanelAppBase: configureHandLayer: []
05-15 15:09:13.570  1922  1922 I AndroidPanelLayer: Hiding layer hand1
05-15 15:09:13.570  1922  1922 I AndroidPanelApp: HideLayer(hand1)
05-15 15:09:13.570  1922  1922 I AndroidPanelLayer: Hiding layer hand2
05-15 15:09:13.570  1922  1922 I AndroidPanelApp: HideLayer(hand2)
05-15 15:09:13.570  1922  1922 W AnytimeUIAndroidPanelApp: Command parsing failure: Failure to parse parameter dialog name
05-15 15:09:13.570  1922  1922 W AnytimeUIAndroidPanelApp: Original Command: updateHandDialog 
05-15 15:09:13.570  1922  1922 I [OAR] AnytimeUIAndroidPanelApp: updateActiveComponent - com.oculus.systemux/com.oculus.panelapp.anytimeui.AnytimeUIAndroidPanelService, returnComponent = 
05-15 15:09:13.571  1922  1922 I [OAR] AnytimeUIAndroidPanelAppBase: setTaskBarState - 3
05-15 15:09:13.571  1848  1917 I [OAR] PanelRenderLayer: New SurfaceLayer 770 x 241 (shape: 1)
05-15 15:09:13.572  1475  2019 I UploadManager: Scheduling jobbId 2131165248 within interval (0, 1800000)
05-15 15:09:13.573  2083  3178 I VrRuntimeService: nativeCreateTextureSwapChain api:gles 0 0x8c43 770 241 10 3 1 0 0
05-15 15:09:13.580  2083  3178 I VrRuntimeServer: CreateTextureSwapChain: result importswapchaingles 1
05-15 15:09:13.581  1922  1922 I AndroidPanelApp: Processing pending hide layer for layer hand1.
05-15 15:09:13.581  1922  1922 I AndroidPanelApp: Processing pending hide layer for layer hand2.
05-15 15:09:13.581  1922  1922 I AndroidPanelApp: Processing pending hide layer for layer hand1.
05-15 15:09:13.581  1922  1922 I AndroidPanelApp: Processing pending hide layer for layer hand2.
05-15 15:09:13.582  1848  1917 I VideoSession: 1589548152118580000 - StopVideo
05-15 15:09:13.582  1848  1917 I VideoSession: 1589548152118580000 - State Changed: playing --> stopped
05-15 15:09:13.582  1848  1917 I ScreenCaptureHelper: SetScreenCaptureInhibitFlag : inhibited
05-15 15:09:13.583  2083  2095 I ScreenCaptureBase: GlobalInhibitState=0
05-15 15:09:13.583  1848  1917 I [OAR] PanelAppHost: PanelAppHost destructor: id 2 com.oculus.systemux/com.oculus.panelapp.dialog.DialogPanelService
05-15 15:09:13.583  1848  1917 I [OAR] PanelAppHost: Panel app 2 (com.oculus.systemux/com.oculus.panelapp.dialog.DialogPanelService) changing state from foreground to shutdown
05-15 15:09:13.583  1848  1917 D [OAR] ShellApplication: notify OS to set com.oculus.systemux/com.oculus.panelapp.dialog.DialogPanelService to BACKGROUND
05-15 15:09:13.583  1848  2309 D VideoSession: 1589548152118580000 - stopVideo
05-15 15:09:13.584  1848  2309 D VideoSession: 1589548152118580000 - onStopBuffering
05-15 15:09:13.584  1848  2309 I ExoPlayerImpl: Release 6eada39 [ExoPlayerLib/2.7.3] [monterey, Quest, Oculus, 25] [goog.exo.core]
05-15 15:09:13.614  2875  2901 E Parcel  : Reading a NULL string not supported here.
05-15 15:09:13.614  1848  1860 E Parcel  : Reading a NULL string not supported here.
05-15 15:09:13.614  2875  2901 D AudioTrack: updateAppOpsPlayAudio: checkOp OP_PLAY_AUDIO for com.YourCompany.ToysGame returns: 0 (ALLOWED)
05-15 15:09:13.614  2875  2901 E Parcel  : Reading a NULL string not supported here.
05-15 15:09:13.615  2875  2901 D AudioTrack: updateAppOpsPlayAudio: checkOp OP_PLAY_AUDIO for com.YourCompany.ToysGame returns: 0 (ALLOWED)
05-15 15:09:13.615  1757  1920 E Parcel  : Reading a NULL string not supported here.
05-15 15:09:13.615  2875  2901 E Parcel  : Reading a NULL string not supported here.
05-15 15:09:13.615  1757  1920 D AudioRecord: updateAppOpsRecordAudio: checkOp OP_RECORD_AUDIO for com.oculus.horizon returns: 0 (ALLOWED)
05-15 15:09:13.615  1848  1860 D AudioTrack: updateAppOpsPlayAudio: checkOp OP_PLAY_AUDIO for com.oculus.vrshell returns: 0 (ALLOWED)
05-15 15:09:13.625  2083  2967 I Clocks  : SetSchedFifo( tid=1917, pri=0 ) succeeded
05-15 15:09:13.629  2083  2967 I Clocks  : SetSchedFifo( tid=3121, pri=0 ) succeeded
05-15 15:09:13.631  2083  2967 I Clocks  : SetSchedFifo( tid=2275, pri=0 ) succeeded
05-15 15:09:13.631  2083  2967 I TimeWarp: Will tear: 0.006202
05-15 15:09:13.642   713  2972 I [CT]    : MANAGEMENT:CONSTELLATION: Status=GREEN,, Obj=4212769887286730484,6DOF=1,FusJit=0.002mm,Issues(Cam/min=  0,IMU/min=0), Obj=7745273921483883046,6DOF=1,FusJit=0.0mm,Issues(Cam/min=  0,IMU/min=0)
05-15 15:09:13.643  1757  1919 E Parcel  : Reading a NULL string not supported here.
05-15 15:09:13.643  1757  1919 D AudioRecord: updateAppOpsRecordAudio: checkOp OP_RECORD_AUDIO for com.oculus.horizon returns: 0 (ALLOWED)
05-15 15:09:13.645  1848  2551 E Parcel  : Reading a NULL string not supported here.
05-15 15:09:13.647  2083  2967 I Vsync   : Vsync 1795:  2 x 13.92 ms (71.82 Hz, at 210.703)
05-15 15:09:13.649  1848  2295 I OVRPlatform: [HttpRequest] Request `me?fields=current_party{id,leader{id},join_policy,users{id,alias,can_viewer_message,display_name,profile_url,profile_url_small,presence,presence_status,presence_app{id,package_name},presence_deeplink_joinable,presence_deeplink_message,presence_destination_api_name,presence_scoped_user_id,avatar_v2{avatar_image{uri}}},invited_users{id,alias,can_viewer_message,display_name,profile_url,profile_url_small,presence,presence_status,presence_app{id,package_name},avatar_v2{avatar_image{uri}}}}' (id: 212) succeeded: {"id":"102449717587751"}
05-15 15:09:13.649  1848  2295 I OVRPlatform: [RequestStopwatch] HttpRequestAsync (me?fields=current_party{id,leader{id},join_policy,users{id,alias,can_viewer_message,display_name,profile_url,profile_url_small,presence,presence_status,presence_app{id,package_name},presence_deeplink_joinable,presence_deeplink_message,presence_destination_api_name,presence_scoped_user_id,avatar_v2{avatar_image{uri}}},invited_users{id,alias,can_viewer_message,display_name,profile_url,profile_url_small,presence,presence_status,presence_app{id,package_name},avatar_v2{avatar_image{uri}}}}) took 739.2130 milliseconds
05-15 15:09:13.653  2875  2894 D UE4     : [2020.05.15-13.09.13:653][  0]LogAndroid: Case APP_CMD_START
05-15 15:09:13.653  2875  2894 D UE4     : LogAndroidEvents::EnqueueAppEvent : 9, [width=-1, height=-1], tid = 2894, APP_EVENT_STATE_ON_START
05-15 15:09:13.654  2875  2875 D UE4     : [GameActivity] Creating console command broadcast listener
05-15 15:09:13.656  1848  1917 D [OAR] ShellApplication: Unbinding service for panel app id 2
05-15 15:09:13.661   698  3213 I OMX-VDEC-1080P: omx_vdec::component_deinit() complete
05-15 15:09:13.663  2875  2875 D UE4     : [GameActivity] ==================================> Inside onStart function in GameActivity
05-15 15:09:13.663  2875  2875 V UE4     : [GameApp] App in foreground
05-15 15:09:13.667  2875  2894 D UE4     : Case APP_CMD_RESUME
05-15 15:09:13.667  2875  2875 D UE4     : [GameActivity] onResume: start memory reporter runnable
05-15 15:09:13.667  2875  2894 D UE4     : [2020.05.15-13.09.13:667][  0]LogAndroid: Case APP_CMD_RESUME
05-15 15:09:13.667  2875  2894 D UE4     : LogAndroidEvents::EnqueueAppEvent : 7, [width=-1, height=-1], tid = 2894, APP_EVENT_STATE_ON_RESUME
05-15 15:09:13.667  2875  2875 D UE4     : [GameActivity] === Restoring Transparent Bars ===
05-15 15:09:13.667  2875  2875 D UE4     : [GameActivity] ==============> [JAVA] AndroidThunkJava_KeepScreenOn(false) - Enabled screen saver
05-15 15:09:13.668  2875  2875 D UE4     : [GameActivity] Registering sensor listeners
05-15 15:09:13.668  2875  2875 D UE4     : App is running in Landscape
05-15 15:09:13.668  2875  2875 D UE4     : [GameActivity] === Restoring Transparent Bars ===
05-15 15:09:13.668  2875  2875 D UE4     : [GameActivity] ==============> Resuming main init
05-15 15:09:13.668  2875  2875 D UE4     : [GameActivity] ==============> GameActive.onResume complete!
05-15 15:09:13.670  1848  2359 I OVRPlatform: [QueueAsyncResponseHandler] success: {"livestreaming_enabled":false,"is_paused":false,"livestreaming_type":0,"comments_visible":false,"mic_enabled":true}
05-15 15:09:13.675   698  3213 I OMX-VDEC-1080P: Exit OMX vdec Destructor: fd=8
05-15 15:09:13.680  2875  2894 D UE4     : Case APP_CMD_INIT_WINDOW
05-15 15:09:13.680  2875  2894 D UE4     : [2020.05.15-13.09.13:680][  0]LogAndroid: Case APP_CMD_INIT_WINDOW
05-15 15:09:13.680  2875  2894 D UE4     : LogAndroidEvents::EnqueueAppEvent : 0, [width=2880, height=1600], tid = 2894, APP_EVENT_STATE_WINDOW_CREATED
05-15 15:09:13.687  1848  1848 D [OAR] MainActivity: com.oculus.vrshell.MainActivity@b31bdb2 surfaceDestroyed()
05-15 15:09:13.687  1848  1848 I [OAR] ShellMain:     looperMessageQueue->SendPrintf("surfaceDestroyed 0xe14c0008")
05-15 15:09:13.695  1848  2309 V VideoSession: 1589548152118580000 - onDroppedFrames: elapsedTimeMs=1490, delayedCount=0, unconsumedCount=9, decodedFrameCount=39
05-15 15:09:13.695  1848  2309 D VideoSession: 1589548152118580000 - onRelease
05-15 15:09:13.695  1848  2309 I VideoPlayer_Android: nativePlayerReleased
05-15 15:09:13.699  1922  1922 D CppPanelService: onDestroy()
05-15 15:09:13.701  1922  1922 I CppPanelService: VR Shell socket closed(0); shutting down fd: 38
05-15 15:09:13.701  1922  1922 I CppPanelService: Quitting application via hardExit flag due to unexpected socket closure on fd 38.
05-15 15:09:13.701  1922  1922 I DialogPanel: Destroyed
05-15 15:09:13.701  1922  1922 I DialogUI: Destroying dialog
05-15 15:09:13.702  1922  1922 I RequestManager: RequestManager::Shutdown start
05-15 15:09:13.703  1922  1922 I RequestManager: RequestManager::Shutdown done
05-15 15:09:13.704  2083  2083 D VrRuntimeService: onFocusedWindowChanged: focusedWindowToken=android.os.BinderProxy@300cd75, focusedWindowUid=10146
05-15 15:09:13.704  2083  2083 W ClientMgr: ClientMgr::SetPrimaryCompositorClient: No active client
05-15 15:09:13.704  2083  2083 I VrRuntimeServer: SetCompositorClientEnabled client(0): enabled(0) 0x0
05-15 15:09:13.716  2875  2894 D UE4     : [2020.05.15-13.09.13:716][  0]LogAndroid: Case APP_CMD_GAINED_FOCUS
05-15 15:09:13.717  2875  2894 D UE4     : LogAndroidEvents::EnqueueAppEvent : 11, [width=-1, height=-1], tid = 2894, APP_EVENT_STATE_WINDOW_GAINED_FOCUS
05-15 15:09:13.717  2875  2894 D UE4     : [2020.05.15-13.09.13:717][  0]LogAndroid: event thread, activate app, unlocking HW window
05-15 15:09:13.717  2875  2894 D UE4     : LogAndroidEvents::EnqueueAppEvent : 14, [width=-1, height=-1], tid = 2894, APP_EVENT_STATE_APP_ACTIVATED
05-15 15:09:13.717  2875  2894 D UE4     : LogAndroidEvents::EnqueueAppEvent : 15, [width=-1, height=-1], tid = 2894, APP_EVENT_RUN_CALLBACK
05-15 15:09:13.717  2875  3101 D UE4     : [2020.05.15-13.09.13:717][  0]LogAndroid: RendererBlock acquired window lock
05-15 15:09:13.717  2875  3101 D UE4     : [2020.05.15-13.09.13:717][  0]LogVulkanRHI: Recreate swapchain ... 
05-15 15:09:13.721  2083  2083 W ClientMgr: ClientMgr::SetFocusedClient: No focused client
05-15 15:09:13.721  2083  2083 I TimeWarp: ReleaseClockLevels
05-15 15:09:13.721  2083  2222 I VrRuntimeServer: SetCompositorClientEnabled client(2): enabled(1) 0x7f9e0300e8
05-15 15:09:13.721  2083  3170 I VrRuntimeService: nativeDestroyTextureSwapChain 117
05-15 15:09:13.725  1848  1917 I [OAR] ShellApp: 0xd2767358 msg: pause
05-15 15:09:13.725  1848  1917 I [OAR] ShellApp: ShellApp::LeaveVrMode()
05-15 15:09:13.725  1848  1917 W [OAR] LegacyDesktop: LegacyDesktop::FlushAnalytics does not do anything
05-15 15:09:13.730  1848  1917 D [OAR] ShellApplication: Broadcast intent com.oculus.assistant.ASSISTANT_PANEL_AVAILABILITY status: 2, mode: 1
05-15 15:09:13.731  2083  2967 I TimeWarp: UpdateClockLevels: Force releasing clocks
05-15 15:09:13.731  2083  2967 I TimeWarp: UpdateClockLevels: Apply pending clock request change: 2,4 -> -1,-1
05-15 15:09:13.731  2083  2962 I Clocks  : ReleaseClocks - start
05-15 15:09:13.733   716  1960 D         : CPU_CLUSTER_0: No client requests exists, release clocks
05-15 15:09:13.733   716  1960 D         : CPU_CLUSTER_1: No client requests exists, release clocks
05-15 15:09:13.733   716  1960 D         : GPU: No client requests exists, release clocks
05-15 15:09:13.733   716  1960 D         : CPUBW: No client requests exists, release clocks
05-15 15:09:13.736  2083  2962 I Clocks  : ReleaseClocks - end (4.5 ms)
05-15 15:09:13.742  2875  3101 D UE4     : [2020.05.15-13.09.13:741][  0]LogAndroid: RendererBlock updating window
05-15 15:09:13.742  2875  3101 D UE4     : [2020.05.15-13.09.13:742][  0]LogAndroid: RendererBlock released window lock
05-15 15:09:13.742  2875  2893 D UE4     : [2020.05.15-13.09.13:742][  0]LogHMD: Error: ovrp_WaitToBeginFrame 1 failed (-1003)
05-15 15:09:13.742  2875  2893 W VrApi   : vrapi_WaitFrame: ovr->Destroyed
05-15 15:09:13.742  2875  2893 W VrApi   : vrapi_GetPredictedDisplayTime: ovr->Destroyed
05-15 15:09:13.742  2875  2893 W VrApi   : vrapi_GetPredictedTracking2: ovr->Destroyed
05-15 15:09:13.742  2875  2893 W VrApi   : vrapi_GetPredictedTracking2: ovr->Destroyed
05-15 15:09:13.742  2875  2893 D UE4     : [2020.05.15-13.09.13:742][  0]LogAndroid: Mobile HDR: no
05-15 15:09:13.745  2083  2967 I TimeWarp: UpdateClockLevels: Apply pending clock request change: -1,-1 -> 2,4
05-15 15:09:13.745  2083  2962 I Clocks  : LockClocks( cpu=2, gpu=4 ) - start
05-15 15:09:13.747  1757  1920 I PlatformPluginManager: sharedMicrophoneStop for userID: 3379247552
05-15 15:09:13.747  1757  1920 I OVRPlatform: [MicrophoneServer] MicrophoneServer::removeSharedClient 0xc96b39c0
05-15 15:09:13.747  1757  1920 I OVRPlatform: [MicrophoneServer]   removed 1, 0 remaining
05-15 15:09:13.747  1757  1920 I OVRPlatform: [MicrophoneServer] No connections left, stopping
05-15 15:09:13.747  1757  1920 I OVRPlatform-OVRMicrophone: Stopping microphone recording.  Current state: Recording
05-15 15:09:13.747  1757  1920 D OVRPlatform-OVRMicrophone: State changed to Stopping
05-15 15:09:13.751  2875  3102 D UE4     : *** JavaEnvDestructor: 3102
05-15 15:09:13.751  1848  1917 I [OAR] AudioMixer: Waiting for sound effect to complete
05-15 15:09:13.753  2875  3101 D UE4     : *** JavaEnvDestructor: 3101
05-15 15:09:13.754  2875  2893 D UE4     : [2020.05.15-13.09.13:754][  0]LogAndroid: Display: Low Power Mode Changed: 0
05-15 15:09:13.759  1757  3127 I OVRPlatform-OVRMicrophone: Exiting audio capture thread, about to call AudioRecord.stop(). Current state: Stopping
05-15 15:09:13.763  2875  3232 D UE4     : *** JavaEnvDestructor: 3232
05-15 15:09:13.764  2875  3231 D UE4     : *** JavaEnvDestructor: 3231
05-15 15:09:13.766  2875  3233 W VrApi   : vrapi_GetPredictedDisplayTime: ovr->Destroyed
05-15 15:09:13.766  2875  3233 W VrApi   : vrapi_GetPredictedTracking2: ovr->Destroyed
05-15 15:09:13.766  2875  2893 D UE4     : [2020.05.15-13.09.13:766][  0]LogHMD: Setting user focus to game viewport since session status is visible...
05-15 15:09:13.766  2875  2893 D OVRPlugin: User present: 1
05-15 15:09:13.766  2875  3233 D UE4     : [2020.05.15-13.09.13:766][  0]LogRenderer: Reallocating scene render targets to support 1216x1344 Format 2 NumSamples 2 (Frame:2).
05-15 15:09:13.766  2875  3233 D UE4     : [2020.05.15-13.09.13:766][  0]LogHMD: Allocating Oculus 38 x 42 variable resolution swapchain
05-15 15:09:13.767  2083  2962 I Clocks  : CPU levels [0, 4]
05-15 15:09:13.767  2083  2962 I Clocks  : GPU levels [0, 5]
05-15 15:09:13.769   716   716 D         : CPU_CLUSTER_0: Client 2083 sends freq request [21, 21]
05-15 15:09:13.769   716   716 D         : CPU_CLUSTER_0: Next Perf Level = (21, 21)
05-15 15:09:13.769   716   716 D         : CPU_CLUSTER_1: Client 2083 sends freq request [18, 18]
05-15 15:09:13.769   716   716 D         : CPU_CLUSTER_1: Next Perf Level = (18, 18)
05-15 15:09:13.770   716   716 D         : CPUBW: Client 2083 sends freq request [8, 11]
05-15 15:09:13.770   716   716 D         : CPUBW: Next Perf Level = (8, 11)
05-15 15:09:13.770  2875  2893 D UE4     : [2020.05.15-13.09.13:770][  0]LogSlate: InvalidateAllWidgets triggered.  All widgets were invalidated
05-15 15:09:13.771   716   716 D         : GPU: Client 2083 sends freq request [6, 6]
05-15 15:09:13.771   716   716 D         : GPU: Next Perf Level = (6, 6)
05-15 15:09:13.773  2083  2962 I Clocks  : LockClocks( cpu=2, gpu=4 ) - end (27.3 ms)
05-15 15:09:13.776  2068  2080 E Security-LocalReporter: UID '10043' is shared by multiple packages: [com.oculus.horizon, com.oculus.home]
05-15 15:09:13.779   550  3063 D audio_hw_primary: in_standby: enter: stream (0xefdec500) usecase(16: audio-record)
05-15 15:09:13.790   550  3063 D audio_hw_primary: disable_audio_route: reset and update mixer path: audio-record
05-15 15:09:13.796   550  3063 D hardware_info: hw_info_append_hw_type : device_name = handset-mic-aec
05-15 15:09:13.797   550  3063 D audio_hw_primary: disable_snd_device: snd_device(62: handset-mic-aec)
05-15 15:09:13.797   550  3063 D msm8974_platform: platform_split_snd_device: snd_device(62) new_snd_devices (handset-mic-aec)
05-15 15:09:13.802   550  3063 D audio_hw_primary: in_set_parameters: enter: kvpairs=routing=0
05-15 15:09:13.803  1757  3127 I OVRPlatform-OVRMicrophone: Disabling AcousticEchoCanceler
05-15 15:09:13.803   550   600 I SoundTriggerHwService::Module: void android::SoundTriggerHwService::Module::onCallbackEvent(const sp<android::SoundTriggerHwService::CallbackEvent> &) no clients
05-15 15:09:13.804  1757  3127 I OVRPlatform-OVRMicrophone: Disabling NoiseSuppressor
05-15 15:09:13.805  1757  3127 D OVRPlatform-OVRMicrophone: State changed to Initialized
05-15 15:09:13.805  1757  3127 I OVRPlatform-OVRMicrophone: Exit AudioRecordThread
05-15 15:09:13.844  2068  2080 I LibraryProvider: running queryApp(com.YourCompany.ToysGame) for com.oculus.uid:10043
05-15 15:09:13.844  2068  2080 W LibraryProvider: Cannot find entitlement for com.YourCompany.ToysGame
05-15 15:09:13.844  1757  1757 W OVRLibrary: null cursor received for query content://com.oculus.ocms.library/apps/com.YourCompany.ToysGame
05-15 15:09:13.854  2068  2081 E Security-LocalReporter: UID '10043' is shared by multiple packages: [com.oculus.horizon, com.oculus.home]
05-15 15:09:13.875  1848  1917 I [OAR] AudioEngine: Setting FadeNextBuffer
