05-08 14:15:55.482 13654 13654 D UE4     : [GameActivity] ==============> Resuming main init
05-08 14:15:55.483 13654 13654 D UE4     : [GameActivity] ==============> GameActive.onResume complete!
05-08 14:15:55.488  2146  2191 I GuardianSystem: UpdateSystem: Responding to local space version number change.
05-08 14:15:55.494  1830  1830 D [OAR] MainActivity: com.oculus.vrshell.MainActivity@704def surfaceDestroyed()
05-08 14:15:55.494  1830  1830 I [OAR] ShellMain:     looperMessageQueue->SendPrintf("surfaceDestroyed 0xda5bd008")
05-08 14:15:55.502 13654 13673 D UE4     : Case APP_CMD_INIT_WINDOW
05-08 14:15:55.502 13654 13673 D UE4     : [2020.05.08-12.15.55:502][  0]LogAndroid: Case APP_CMD_INIT_WINDOW
05-08 14:15:55.502 13654 13673 D UE4     : LogAndroidEvents::EnqueueAppEvent : 0, [width=2880, height=1600], tid = 13673, APP_EVENT_STATE_WINDOW_CREATED
05-08 14:15:55.519  2139 13867 I Clocks  : SetSchedFifo( tid=1904, pri=0 ) succeeded
05-08 14:15:55.520  2139 13867 I Clocks  : SetSchedFifo( tid=13950, pri=0 ) succeeded
05-08 14:15:55.525  2139 13867 I Clocks  : SetSchedFifo( tid=2368, pri=0 ) succeeded
05-08 14:15:55.528  2139  2139 D VrRuntimeService: onFocusedWindowChanged: focusedWindowToken=android.os.BinderProxy@7e644d5, focusedWindowUid=10115
05-08 14:15:55.528 13654 13673 D UE4     : [2020.05.08-12.15.55:528][  0]LogAndroid: Case APP_CMD_GAINED_FOCUS
05-08 14:15:55.528 13654 13673 D UE4     : LogAndroidEvents::EnqueueAppEvent : 11, [width=-1, height=-1], tid = 13673, APP_EVENT_STATE_WINDOW_GAINED_FOCUS
05-08 14:15:55.528 13654 13673 D UE4     : [2020.05.08-12.15.55:528][  0]LogAndroid: event thread, activate app, unlocking HW window
05-08 14:15:55.528 13654 13673 D UE4     : LogAndroidEvents::EnqueueAppEvent : 14, [width=-1, height=-1], tid = 13673, APP_EVENT_STATE_APP_ACTIVATED
05-08 14:15:55.528 13654 13673 D UE4     : LogAndroidEvents::EnqueueAppEvent : 15, [width=-1, height=-1], tid = 13673, APP_EVENT_RUN_CALLBACK
05-08 14:15:55.528 13654 13987 D UE4     : [2020.05.08-12.15.55:528][  0]LogAndroid: RendererBlock acquired window lock
05-08 14:15:55.529 13654 13987 D UE4     : [2020.05.08-12.15.55:528][  0]LogVulkanRHI: Recreate swapchain ... 
05-08 14:15:55.529  2139  2139 D VrRuntimeService: onFocusedWindowChanged: top window's client already enabled
05-08 14:15:55.529  2139  2139 I ClientMgr: FocusedClient ID changed
05-08 14:15:55.529  2139  2139 I ClientMgr: Primary Client ID changed
05-08 14:15:55.529  2139  2139 W ClientMgr: ClientMgr::GetClientPermissionFlagsById: Client missing proper permissions: com.YourCompany.ToysGame, 2
05-08 14:15:55.529  2139  2139 I ClientMgr: ClientMgr::SetPrimaryCompositorClient: com.YourCompany.ToysGame
05-08 14:15:55.529  2139  2139 I VrRuntimeServer: SetCompositorClientEnabled client(0): enabled(1) 0x7f8ce4f010
05-08 14:15:55.529  2139  2139 I ClientMgr: ClientMgr::SetFocusedClient: com.YourCompany.ToysGame type 0
05-08 14:15:55.531 13654 13987 D UE4     : [2020.05.08-12.15.55:531][  0]LogAndroid: RendererBlock updating window
05-08 14:15:55.531 13654 13987 D UE4     : [2020.05.08-12.15.55:531][  0]LogAndroid: RendererBlock released window lock
05-08 14:15:55.531 13654 13987 D OVRPlugin: Leaving VR mode.
05-08 14:15:55.531 13654 13987 I GoCompatibility: GoCompatibility: vrapi_LeaveVrMode_Hooked()
05-08 14:15:55.531 13654 13987 I VrApi   : ---------- vrapi_LeaveVrMode [start] ----------
05-08 14:15:55.534 13654 13987 D VrApi   : targetSDKVersion 25
05-08 14:15:55.536  2139  2317 I VrRuntimeServer: SetCompositorClientEnabled client(2): enabled(1) 0x7fa8ad20e8
05-08 14:15:55.537  1787 11719 I PlatformPluginManager: sharedMicrophoneStop for userID: 3001897712
05-08 14:15:55.537  1787 11719 I OVRPlatform: [MicrophoneServer] MicrophoneServer::removeSharedClient 0xb2ed52f0
05-08 14:15:55.537  1787 11719 I OVRPlatform: [MicrophoneServer]   removed 1, 0 remaining
05-08 14:15:55.537  1787 11719 I OVRPlatform: [MicrophoneServer] No connections left, stopping
05-08 14:15:55.538  1787 11719 I OVRPlatform-OVRMicrophone: Stopping microphone recording.  Current state: Recording
05-08 14:15:55.538  1787 11719 D OVRPlatform-OVRMicrophone: State changed to Stopping
05-08 14:15:55.538 13654 13987 I VrRuntimeClient: DEVICE MODEL NUMBER = Quest
05-08 14:15:55.539 13654 13987 I VrRuntimeClient: DEVICE HARDWARE = monterey
05-08 14:15:55.539 13654 13987 I VrRuntimeClient: DEVICE BUILD NAME = user-602380.24900.0
05-08 14:15:55.539 13654 13987 I VrRuntimeClient: DEVICE BUILD TYPE = user
05-08 14:15:55.539 13654 13987 I VrRuntimeClient: DEVICE OS VERSION = 7.1.1
05-08 14:15:55.539 13654 13987 I VrRuntimeClient: VRRUNTIME VERSION = VRAPI_VERSION_BEGIN { 1.1.33.0-210938873-210938873 Apr 24 2020 16:11:35 Development } RELEASE
05-08 14:15:55.539 13654 13987 I VrRuntimeClient: API LOADER VERSION = 1.1.24.0
05-08 14:15:55.539 13654 13987 I VrRuntimeClient: VRDRIVER VERSION = 16.0.0.141.450
05-08 14:15:55.539 13654 13987 I VrRuntimeClient: APP NAME = ToysGame
05-08 14:15:55.539 13654 13987 I VrRuntimeClient: APP VERSION = 1.0 versionCode 1 internalVersionName <none>
05-08 14:15:55.539 13654 13987 I VrRuntimeClient: APP VR TYPE = vr_only
05-08 14:15:55.539 13654 13987 I VrRuntimeClient: APP PACKAGE NAME = com.YourCompany.ToysGame
05-08 14:15:55.539 13654 13987 I VrRuntimeClient: APP ACTIVITY CLASS = com.epicgames.ue4.GameActivity
05-08 14:15:55.540 13654 13987 D BatteryReceiver: Unregistering battery receiver
05-08 14:15:55.543  1830  1904 I [OAR] AudioMixer: Waiting for sound effect to complete
05-08 14:15:55.555  1787 13964 I OVRPlatform-OVRMicrophone: Exiting audio capture thread, about to call AudioRecord.stop(). Current state: Stopping
05-08 14:15:55.555  2146  2191 I GuardianSystem: rsapi_PollEvent: rsEventForceShowGuardian. ForceIndefinitely: 0, ForceTimeInSeconds: 0.00, ForceCamera: 0
05-08 14:15:55.555  2146  2191 I GuardianSystem: ForceShowGuardian: false, 0.00
05-08 14:15:55.555  2146  2191 I GuardianSystem: rsapi_PollEvent: rsEventPackageNameChange: com.YourCompany.ToysGame
05-08 14:15:55.555  2146  2191 I GuardianSystem: SetCurrentPackageName: com.YourCompany.ToysGame, previous PackageName: com.oculus.vrshell
05-08 14:15:55.575   547 13959 D audio_hw_primary: in_standby: enter: stream (0xe89bc980) usecase(16: audio-record)
05-08 14:15:55.595 13654 13931 I VrApi   : FPS=0,Prd=0ms,Tear=0,Early=0,Stale=72,VSnc=1,Lat=0,Fov=0,CPU4/GPU=0/0,1651/670MHz,OC=FF,TA=0/0/0,SP=N/N/N,Mem=1804MHz,Free=1198MB,PSM=0,PLS=0,Temp=30.0C/0.0C,TW=2.95ms,App=0.00ms,GD=8.37ms,CPU&GPU=0.00ms,LCnt=0,GPU%=0.86,CPU%=0.34(W0.48),DSF=1.00
05-08 14:15:55.597   547 13959 D audio_hw_primary: disable_audio_route: reset and update mixer path: audio-record
05-08 14:15:55.598   547 13959 D hardware_info: hw_info_append_hw_type : device_name = handset-mic-aec
05-08 14:15:55.598   547 13959 D audio_hw_primary: disable_snd_device: snd_device(62: handset-mic-aec)
05-08 14:15:55.598   547 13959 D msm8974_platform: platform_split_snd_device: snd_device(62) new_snd_devices (handset-mic-aec)
05-08 14:15:55.601   547 13959 D audio_hw_primary: in_set_parameters: enter: kvpairs=routing=0
05-08 14:15:55.602   547   599 I SoundTriggerHwService::Module: void android::SoundTriggerHwService::Module::onCallbackEvent(const sp<android::SoundTriggerHwService::CallbackEvent> &) no clients
05-08 14:15:55.602  1787 13964 I OVRPlatform-OVRMicrophone: Disabling AcousticEchoCanceler
05-08 14:15:55.606 13654 13987 I VrApi   : OVR::Stats thread stopped
05-08 14:15:55.606 13654 13987 I InputDeviceManager: ovrInputDeviceManager::Shutdown
05-08 14:15:55.612 13654 13930 I InputHooks_Internal: InputHooksThreadRun ShutdownRequest received
05-08 14:15:55.612 13654 13987 I InputHooks_Internal: Disabling Native Input Hooks
05-08 14:15:55.613  1787 13964 I OVRPlatform-OVRMicrophone: Disabling NoiseSuppressor
05-08 14:15:55.614  2139  3288 D VrRuntimeService: this client: 13654:com.YourCompany.ToysGame
05-08 14:15:55.614  2139  3288 D VrRuntimeService: enableRendering: clientWindow: null enable: false
05-08 14:15:55.614  2139  3288 I ClientMgr: ClientMgr::EnableRendering 13654:com.YourCompany.ToysGame : type 0 : disable
05-08 14:15:55.614  1787 13964 D OVRPlatform-OVRMicrophone: State changed to Initialized
05-08 14:15:55.614  2139  3288 I VrRuntimeServer: SetCompositorClientEnabled client(0): enabled(0) 0x0
05-08 14:15:55.614  1787 13964 I OVRPlatform-OVRMicrophone: Exit AudioRecordThread
05-08 14:15:55.614  2116  2197 E Security-LocalReporter: UID '10043' is shared by multiple packages: [com.oculus.home, com.oculus.horizon]
05-08 14:15:55.619  2139  2317 I ClientMgr: Non-overlay clients rendering status has changed: prev=108, curr=109, enabled=1
05-08 14:15:55.631 13654 13932 I VrRuntimeClient: FenceChecker::MainLoop - ended
05-08 14:15:55.631 13654 13987 I BufferObject: ovrBufferObjectFactory::Unimport unmapping Vulkan memory
05-08 14:15:55.631 13654 13987 I BufferObject: ovrBufferObjectFactory::Unimport destroying Vulkan buffer=547106305664
05-08 14:15:55.631 13654 13987 I BufferObject: ovrBufferObjectFactory::Unimport freeing Vulkan memory=546994110208
05-08 14:15:55.631 13654 13987 I TrackingServiceClient: OVR::TrackingService::ClientSetInterface
05-08 14:15:55.631 13654 13987 D TrackingServiceClient: onClientDisconnect
05-08 14:15:55.631 13654 13987 D TrackingServiceConnectionNative: onClientDisconnect
05-08 14:15:55.632  2685  2747 I TrackingService: Unregistering client by ITrackingService.unregisterClient
05-08 14:15:55.632  2685  2747 I TrackingService: TrackingServiceHost Unregistering client: pid 13654
05-08 14:15:55.632 13654 13987 D BinderConnection: Disconnecting from TrackingService service
05-08 14:15:55.632 13654 13987 D TrackingServiceConnectionNative: onDisconnected
05-08 14:15:55.632 13654 13987 D TrackingServiceClient: TrackingServiceConnection mConnectedRemotes.clear()
05-08 14:15:55.632 13654 13987 I TrackingServiceClient: OVR::TrackingService::ClientSetInterface
05-08 14:15:55.632 13654 13987 I VrApi   : ---------- vrapi_LeaveVrMode [end] ----------
05-08 14:15:55.633 13654 13672 D UE4     : [GameActivity] Unregistering volume receiver
05-08 14:15:55.633 13654 13672 D UE4     : [GameActivity] Unregistering battery receiver
05-08 14:15:55.634 13654 13672 D UE4     : [GameActivity] Unregistering headset receiver
05-08 14:15:55.635 13654 13672 D UE4     : [2020.05.08-12.15.55:635][  0]LogCore: Display: AppLifetime: Application will enter background
05-08 14:15:55.635 13654 13672 D UE4     : [2020.05.08-12.15.55:635][  0]LogTemp: Android pause audio
05-08 14:15:55.636 13654 13672 D UE4     : [2020.05.08-12.15.55:636][  0]LogAudioMixerAndroid: Display: Suspending android audio renderer
05-08 14:15:55.636 13654 13672 D UE4     : [2020.05.08-12.15.55:636][  0]LogAndroidEvents: Display: LogAndroidEvents::DequeueAppEvent : 13, [width=-1, height=-1], APP_EVENT_STATE_APP_SUSPENDED
05-08 14:15:55.636 13654 13672 D UE4     : FAppEventManager::Tick processing, 13
05-08 14:15:55.636 13654 13672 D UE4     : Execution will be paused...
05-08 14:15:55.636 13654 13672 D UE4     : [2020.05.08-12.15.55:636][  0]LogAndroidEvents: Display: LogAndroidEvents::DequeueAppEvent : 3, [width=-1, height=-1], APP_EVENT_STATE_WINDOW_DESTROYED
05-08 14:15:55.636 13654 13672 D UE4     : FAppEventManager::Tick processing, 3
05-08 14:15:55.636 13654 13672 D UE4     : APP_EVENT_STATE_WINDOW_DESTROYED, 0, 0, 0
05-08 14:15:55.636 13654 13672 D UE4     : [2020.05.08-12.15.55:636][  0]LogAndroidEvents: Display: LogAndroidEvents::DequeueAppEvent : 12, [width=-1, height=-1], APP_EVENT_STATE_SAVE_STATE
05-08 14:15:55.636 13654 13672 D UE4     : FAppEventManager::Tick processing, 12
05-08 14:15:55.636 13654 13672 D UE4     : [2020.05.08-12.15.55:636][  0]LogAndroidEvents: Display: LogAndroidEvents::DequeueAppEvent : 8, [width=-1, height=-1], APP_EVENT_STATE_ON_STOP
05-08 14:15:55.636 13654 13672 D UE4     : FAppEventManager::Tick processing, 8
05-08 14:15:55.636 13654 13672 D UE4     : [2020.05.08-12.15.55:636][  0]LogAndroidEvents: Display: LogAndroidEvents::DequeueAppEvent : 9, [width=-1, height=-1], APP_EVENT_STATE_ON_START
05-08 14:15:55.636 13654 13672 D UE4     : FAppEventManager::Tick processing, 9
05-08 14:15:55.637 13654 13672 D UE4     : [2020.05.08-12.15.55:636][  0]LogAndroidEvents: Display: LogAndroidEvents::DequeueAppEvent : 7, [width=-1, height=-1], APP_EVENT_STATE_ON_RESUME
05-08 14:15:55.637 13654 13672 D UE4     : FAppEventManager::Tick processing, 7
05-08 14:15:55.637 13654 13672 D UE4     : [2020.05.08-12.15.55:637][  0]LogAndroidEvents: Display: LogAndroidEvents::DequeueAppEvent : 0, [width=2880, height=1600], APP_EVENT_STATE_WINDOW_CREATED
05-08 14:15:55.637 13654 13672 D UE4     : FAppEventManager::Tick processing, 0
05-08 14:15:55.637 13654 13672 D UE4     : [2020.05.08-12.15.55:637][  0]LogAndroidEvents: Display: LogAndroidEvents::DequeueAppEvent : 11, [width=-1, height=-1], APP_EVENT_STATE_WINDOW_GAINED_FOCUS
05-08 14:15:55.637 13654 13672 D UE4     : FAppEventManager::Tick processing, 11
05-08 14:15:55.637 13654 13672 D UE4     : [2020.05.08-12.15.55:637][  0]LogAndroidEvents: Display: ExecWindowCreated
05-08 14:15:55.637 13654 13672 D UE4     : [2020.05.08-12.15.55:637][  0]LogAndroid: Mobile HDR: no
05-08 14:15:55.637 13654 13672 D UE4     : AndroidEGL::ReInitWindow()
05-08 14:15:55.637 13654 13672 D UE4     : ExecWindowCreated, 0, 1, 1
05-08 14:15:55.637 13654 13672 D UE4     : [2020.05.08-12.15.55:637][  0]LogAndroidEvents: Display: LogAndroidEvents::DequeueAppEvent : 14, [width=-1, height=-1], APP_EVENT_STATE_APP_ACTIVATED
05-08 14:15:55.637 13654 13672 D UE4     : FAppEventManager::Tick processing, 14
05-08 14:15:55.637 13654 13672 D UE4     : Execution will be resumed!
05-08 14:15:55.637 13654 13672 D UE4     : [2020.05.08-12.15.55:637][  0]LogAndroidEvents: Display: LogAndroidEvents::DequeueAppEvent : 15, [width=-1, height=-1], APP_EVENT_RUN_CALLBACK
05-08 14:15:55.637 13654 13672 D UE4     : FAppEventManager::Tick processing, 15
05-08 14:15:55.637 13654 13672 D UE4     : [2020.05.08-12.15.55:637][  0]LogAndroidEvents: Display: Event thread callback running.
05-08 14:15:55.637 13654 13672 D UE4     : [2020.05.08-12.15.55:637][  0]LogAndroid: performing app foregrounding callback.
05-08 14:15:55.637 13654 13672 D UE4     : [2020.05.08-12.15.55:637][  0]LogHMD: Initializing OVRPlugin session
05-08 14:15:55.637 13654 13672 D UE4     : [2020.05.08-12.15.55:637][  0]LogHMD: OculusHMD plugin supports multiview!
05-08 14:15:55.637 13654 13672 D OVRPlugin: Finished setting up render thread.
05-08 14:15:55.637 13654 13672 D OVRPlugin: Entering VR mode.
05-08 14:15:55.637 13654 13672 I VrApi   : ---------- vrapi_EnterVrMode [start] ----------
05-08 14:15:55.637 13654 13672 I VrRuntimeClient: Tracing is disabled
05-08 14:15:55.639 13654 13672 D VrApi   : targetSDKVersion 25
05-08 14:15:55.640 13654 13672 I VrRuntimeClient: DEVICE MODEL NUMBER = Quest
05-08 14:15:55.640 13654 13672 I VrRuntimeClient: DEVICE HARDWARE = monterey
05-08 14:15:55.640 13654 13672 I VrRuntimeClient: DEVICE BUILD NAME = user-602380.24900.0
05-08 14:15:55.640 13654 13672 I VrRuntimeClient: DEVICE BUILD TYPE = user
05-08 14:15:55.640 13654 13672 I VrRuntimeClient: DEVICE OS VERSION = 7.1.1
05-08 14:15:55.640 13654 13672 I VrRuntimeClient: VRRUNTIME VERSION = VRAPI_VERSION_BEGIN { 1.1.33.0-210938873-210938873 Apr 24 2020 16:11:35 Development } RELEASE
05-08 14:15:55.640 13654 13672 I VrRuntimeClient: API LOADER VERSION = 1.1.24.0
05-08 14:15:55.640 13654 13672 I VrRuntimeClient: VRDRIVER VERSION = 16.0.0.141.450
05-08 14:15:55.640 13654 13672 I VrRuntimeClient: APP NAME = ToysGame
05-08 14:15:55.640 13654 13672 I VrRuntimeClient: APP VERSION = 1.0 versionCode 1 internalVersionName <none>
05-08 14:15:55.640 13654 13672 I VrRuntimeClient: APP VR TYPE = vr_only
05-08 14:15:55.640 13654 13672 I VrRuntimeClient: APP PACKAGE NAME = com.YourCompany.ToysGame
05-08 14:15:55.640 13654 13672 I VrRuntimeClient: APP ACTIVITY CLASS = com.epicgames.ue4.GameActivity
05-08 14:15:55.640 13654 13672 D BatteryReceiver: Registering battery receiver
05-08 14:15:55.642 13654 13672 D HeadsetReceiver: getCurrentHeadsetState: false
05-08 14:15:55.642 13654 13672 I DeviceStatus_Android: nativeHeadsetEvent(0)
05-08 14:15:55.644   547   594 D msm8974_platform: platform_split_snd_device: snd_device(2) new_snd_devices (speaker)
05-08 14:15:55.644   547   594 D ACDB-LOADER: ACDB -> send_audvoltable
05-08 14:15:55.644   547   594 D ACDB-LOADER: ACDB -> ACDB_CMD_GET_AUDPROC_GAIN_DEP_STEP_TABLE, vol index 5
05-08 14:15:55.644   547   594 D         : Failed to fetch the lookup information of the device 0000000F 
05-08 14:15:55.644   547   594 E ACDB-LOADER: Error: ACDB AudProc vol returned = -19
05-08 14:15:55.645   547   594 D ACDB-LOADER: ACDB -> AUDIO_SET_VOL_CAL cal type = 40
05-08 14:15:55.645  1830  1904 I [OAR] AudioMixer: Waiting for sound effect to complete
05-08 14:15:55.646 13654 13672 I VrRuntimeClient: DEADRECKONING SetControllerTrackingExtendedDeadreckoning 0
05-08 14:15:55.646  2116  2197 I LibraryProvider: running queryApp(com.oculus.vrshell) for com.oculus.uid:10043
05-08 14:15:55.646 13654 13672 I InputHooks_Internal: Enabling Native Input Hooks
05-08 14:15:55.646  2116  2197 W LibraryProvider: Cannot find entitlement for com.oculus.vrshell
05-08 14:15:55.646  1787  1787 W OVRLibrary: null cursor received for query content://com.oculus.ocms.library/apps/com.oculus.vrshell
05-08 14:15:55.646  1787  1787 I PlatformPluginManager: onAppStart com.oculus.vrshell false
05-08 14:15:55.646 13654 13672 I InputDeviceManager: ovrInputDeviceManager::Initialize
05-08 14:15:55.646 13654 13672 I InputDeviceManager: HANDTRACKING packagename is com.YourCompany.ToysGame
05-08 14:15:55.646  1787  1787 I OVRPlatform: [PartiesAPI] ovr_Party_PluginGetSharedMemHandle: This function is deprecated, do not use
05-08 14:15:55.648  1787  1787 E OVRMediaServiceManager: LivestreamingManager Not initialized
05-08 14:15:55.650 13654 13672 I InputDeviceManager: HANDTRACKING: feature flag set to 0
05-08 14:15:55.650 13654 13672 I VrRuntimeClient: HANDTRACKING sethandmanifest 0
05-08 14:15:55.653  2139  2160 I ScreenCaptureBase: GlobalInhibitState=0
05-08 14:15:55.653 13654 13672 D TrackingServiceConnectionNative: onClientConnect
05-08 14:15:55.653 13654 13672 D BinderConnection: Connecting to TrackingService
05-08 14:15:55.654 13654 13672 D TrackingServiceConnectionNative: onConnected
05-08 14:15:55.654  2685  2687 I TrackingService: TrackingService::getSharedMemoryFileDescriptor
05-08 14:15:55.656 13654 13672 I TrackingServiceClient: OVR::TrackingService::ClientSetInterface
05-08 14:15:55.656 13654 13672 I TrackingServiceClient: TrackingService client: roFd(70)
05-08 14:15:55.656 13654 13672 I TrackingServiceClient: TrackingService client: connected to interface version 11.
05-08 14:15:55.656 13654 13672 I TrackingServiceClient: TrackingService client: last prediction time is 0.004838 seconds old
05-08 14:15:55.656 13654 13672 I TrackingServiceClient: TrackingService client: provided by pid=2685
05-08 14:15:55.658  2685  2688 I TrackingService: TrackingService::registerClient
05-08 14:15:55.658  2685  2688 I TrackingService: Registering client with TrackingServiceHost
05-08 14:15:55.658  2685  2688 I TrackingService: Notifying client pid 13654 of new remote 6b7cbd986a24c226
05-08 14:15:55.658 13654 13672 D TrackingServiceClient: TrackingServiceClient onRemoteConnected 6b7cbd986a24c226
05-08 14:15:55.659  2685  2688 I TrackingService: Notifying client pid 13654 of new remote 3a76c3e46c301ef4
05-08 14:15:55.659 13654 13672 D TrackingServiceClient: TrackingServiceClient onRemoteConnected 3a76c3e46c301ef4
05-08 14:15:55.659  2685  2688 I TrackingService: TrackingServiceHost GetSharedMemoryFileDescriptor for client pid 13654
05-08 14:15:55.659  2685  2688 I TrackingService: TrackingServiceHost registered common client; there are 0 secure clients
05-08 14:15:55.660 13654 13672 I TrackingServiceClient: ClientConnectComplete
05-08 14:15:55.660 13654 13672 I VrApi   : ovrModeParms::VRAPI_MODE_FLAG_RESET_WINDOW_FULLSCREEN = 1
05-08 14:15:55.660 13654 13672 I VrApi   : ovrModeParms::VRAPI_MODE_FLAG_NATIVE_WINDOW = 1
05-08 14:15:55.660 13654 13672 I VrApi   : ovrModeParms::VRAPI_MODE_FLAG_FRONT_BUFFER_PROTECTED = 0
05-08 14:15:55.660 13654 13672 I VrApi   : ovrModeParms::VRAPI_MODE_FLAG_FRONT_BUFFER_565 = 0
05-08 14:15:55.660 13654 13672 I VrApi   : ovrModeParms::VRAPI_MODE_FLAG_FRONT_BUFFER_SRGB = 1
05-08 14:15:55.660 13654 13672 I VrApi   : ovrModeParms::VRAPI_MODE_FLAG_CREATE_CONTEXT_NO_ERROR = 0
05-08 14:15:55.660 13654 13672 I VrApi   : HMD sensor attached.
05-08 14:15:55.660 13654 13672 I VrApi   : Client side frame sync enabled
05-08 14:15:55.661  2139  2317 I ClientMgr: DEADRECKONING deadReckoning mode on ClientMgr from server is 0
05-08 14:15:55.662 13654 13672 I DynamicClocks: cpu-freq(0): 979200Hz
05-08 14:15:55.662 13654 13672 I DynamicClocks: cpu-freq(1): 1344000Hz
05-08 14:15:55.662 13654 13672 I DynamicClocks: cpu-freq(2): 1651200Hz
05-08 14:15:55.662 13654 13672 I DynamicClocks: cpu-freq(3): 1958400Hz
05-08 14:15:55.662 13654 13672 I DynamicClocks: cpu-freq(4): 2304000Hz
05-08 14:15:55.663 13654 13672 I DynamicClocks: gpu-freq(0): 257000000Hz
05-08 14:15:55.663 13654 13672 I DynamicClocks: gpu-freq(1): 342000000Hz
05-08 14:15:55.663 13654 13672 I DynamicClocks: gpu-freq(2): 414000000Hz
05-08 14:15:55.663 13654 13672 I DynamicClocks: gpu-freq(3): 515000000Hz
05-08 14:15:55.663 13654 13672 I DynamicClocks: gpu-freq(4): 670000000Hz
05-08 14:15:55.663 13654 13672 I DynamicClocks: gpu-freq(5): 710000000Hz
05-08 14:15:55.663 13654 13672 D VrRuntimeClient: pokeGuardianUserServiceForThisClient: com.YourCompany.ToysGame:10115
05-08 14:15:55.665 13654 13672 D VrRuntimeClient: VrRuntimeClient: enableRendering: activity client
05-08 14:15:55.665 13654 13672 D VrRuntimeClient: VrRuntimeClient: enableRendering: Using clientWindow=android.os.BinderProxy@81a89ec
05-08 14:15:55.665  2139  2158 I ClientMgr: ClientMgr::SetPrimaryCompositorClient: com.YourCompany.ToysGame
05-08 14:15:55.665  2139  2158 I VrRuntimeServer: SetCompositorClientEnabled client(0): enabled(1) 0x7f8ce4f010
05-08 14:15:55.665  2139  2158 I ClientMgr: ClientMgr::SetFocusedClient: com.YourCompany.ToysGame type 0
05-08 14:15:55.665  2146  2146 D VrGuardianUserService: onStartCommandIntent { act=FOREGROUND_CLIENT cmp=com.oculus.systemdriver/com.oculus.vrguardianservice.VrGuardianUserService (has extras) }
05-08 14:15:55.665  2139  2158 D VrRuntimeService: this client: 13654:com.YourCompany.ToysGame
05-08 14:15:55.665  2139  2158 D VrRuntimeService: enableRendering: clientWindow: android.os.BinderProxy@7e644d5 enable: true
05-08 14:15:55.665  2139  2158 I ClientMgr: ClientMgr::EnableRendering 13654:com.YourCompany.ToysGame : type 0 : enable
05-08 14:15:55.665  2139  2158 I VrRuntimeServer: SetCompositorClientEnabled client(0): enabled(1) 0x7f8ce4f010
05-08 14:15:55.665  2139  2158 I TimeWarp: CheckDebuggerConnected: debugger 0
05-08 14:15:55.666 13654 13672 I VrRuntimeClient: CreateWarp: ImportVulkan: Fd=84, BufferSize=4096
05-08 14:15:55.666 13654 13672 I VrRuntimeClient: CreateWarp: ImportVulkan: bo.Vk.Buffer=547106271616, bo.Vk.Memory=546994106368, bo.Vk.Mapping=548175396864
05-08 14:15:55.667 13654 13672 I ScreenCaptureHelper: Advertising com.YourCompany.ToysGame as streamable
05-08 14:15:55.668 13654 13672 I VrApi   : OVR::Stats thread started
05-08 14:15:55.668 13654 13672 I VrApi   : ---------- vrapi_EnterVrMode [end] ----------
05-08 14:15:55.668 13654 13672 I ClientInputSettings: LatchBackButtonEntireFrame = false
05-08 14:15:55.668 13654 13672 I ClientInputSettings: BlockRemoteButtonsWhenNotEmulatingHMT = true
05-08 14:15:55.668 13654 13672 I ClientInputSettings: EatNativeGamepadEvents = false
05-08 14:15:55.668 13654 13672 D OVRPlugin: Registering utility receivers.
05-08 14:15:55.668 13654 13672 I ClientInputSettings: ReorientHMDOnControllerRecenter = true
05-08 14:15:55.668 13654 13672 D UE4     : [GameActivity] Registering volume receiver
05-08 14:15:55.669  1787  1787 I OVRMediaService: onStartCommand Received message type: set_package_name, caller package: no_app_identity
05-08 14:15:55.670  1787  1787 I OVRMediaService: Got package name intent (com.YourCompany.ToysGame)
05-08 14:15:55.672 13654 13672 D UE4     : [GameActivity] startVolumeReceiver: 10
05-08 14:15:55.672 13654 13672 D UE4     : nativeVolumeEvent(10)
05-08 14:15:55.672 13654 13672 D UE4     : [GameActivity] Registering battery receiver
05-08 14:15:55.672 13654 13987 D UE4     : [2020.05.08-12.15.55:672][  0]LogHMD: Error: Splash ovrp_BeginFrame4 0 failed (-1003)
05-08 14:15:55.674 13654 13672 D UE4     : [GameActivity] Registering headset receiver
05-08 14:15:55.675  9318  9373 I RCTVR_HERMES: Hermes Mem: numCollections 110, allocatedBytes 9048174, heapSize 18478440, va 16777216
05-08 14:15:55.675  9318  9357 I RCTVR_Shutdown: JS synced
05-08 14:15:55.675  2139  2317 I ClientMgr: Non-overlay clients rendering status has changed: prev=109, curr=110, enabled=2
05-08 14:15:55.675  9318  9357 I RCTVR_Shutdown: Native modules flushed
05-08 14:15:55.675  9318  9357 I RCTVR_Shutdown: OnBackground complete
05-08 14:15:55.677  2139 13867 W TimeWarp: WarpToScreen: No completed frames to display for client 0. submittedFrameIndex = 666
05-08 14:15:55.679 13654 14014 D VrApi   : targetSDKVersion 25
05-08 14:15:55.681 13654 14014 I JniUtils: ovr_GetCurrentPackageSignature 
05-08 14:15:55.682 13654 14014 I Metrics : device name = Oculus Quest
05-08 14:15:55.687 13654 13672 D UE4     : [GameActivity] startHeadsetReceiver: 0
05-08 14:15:55.687 13654 13672 D UE4     : nativeHeadsetEvent(0)
05-08 14:15:55.687 13654 13672 D UE4     : [2020.05.08-12.15.55:687][  0]LogCore: Display: AppLifetime: Application has entered foreground
05-08 14:15:55.687 13654 13672 D UE4     : [2020.05.08-12.15.55:687][  0]LogUdpMessaging: Initializing bridge on interface 0.0.0.0:0 to multicast group 230.0.0.1:6666.
05-08 14:15:55.688  2146  2191 I GuardianSystem: rsapi_PollEvent: rsEventPackageNameChange: com.YourCompany.ToysGame
05-08 14:15:55.689 13654 13672 D UE4     : [2020.05.08-12.15.55:689][  0]LogTcpMessaging: Initializing TcpMessaging bridge, listening on 127.0.0.1:6666
05-08 14:15:55.690 13654 13672 D UE4     : [2020.05.08-12.15.55:690][  0]LogCore: Display: AppLifetime: Application has reactivated
05-08 14:15:55.690 13654 13672 D UE4     : [2020.05.08-12.15.55:690][  0]LogTemp: Android resume audio
05-08 14:15:55.690 13654 13672 D UE4     : [2020.05.08-12.15.55:690][  0]LogAudioMixerAndroid: Display: Resuming android audio renderer
05-08 14:15:55.691  2139 13867 W TimeWarp: WarpToScreen: No completed frames to display for client 0. submittedFrameIndex = 666
05-08 14:15:55.693 13654 13672 D UE4     : [2020.05.08-12.15.55:692][  0]LogOcInput: OculusInput is initialized
05-08 14:15:55.693 13654 13672 D UE4     : [2020.05.08-12.15.55:693][  0]LogHMD: FSplash::OnHide
05-08 14:15:55.696  2116  2335 E Security-LocalReporter: UID '10043' is shared by multiple packages: [com.oculus.home, com.oculus.horizon]
05-08 14:15:55.698 13654 13988 D UE4     : *** JavaEnvDestructor: 13988
05-08 14:15:55.699 13654 13987 D UE4     : *** JavaEnvDestructor: 13987
05-08 14:15:55.699 13654 13672 D UE4     : [2020.05.08-12.15.55:699][  0]LogAndroid: Display: Low Power Mode Changed: 0
05-08 14:15:55.704   547   594 D msm8974_platform: platform_split_snd_device: snd_device(2) new_snd_devices (speaker)
05-08 14:15:55.704   547   594 D ACDB-LOADER: ACDB -> send_audvoltable
05-08 14:15:55.704   547   594 D ACDB-LOADER: ACDB -> ACDB_CMD_GET_AUDPROC_GAIN_DEP_STEP_TABLE, vol index 3
05-08 14:15:55.704   547   594 D         : Failed to fetch the lookup information of the device 0000000F 
05-08 14:15:55.705  2139 13867 W TimeWarp: WarpToScreen: No completed frames to display for client 0. submittedFrameIndex = 666
05-08 14:15:55.705   547   594 E ACDB-LOADER: Error: ACDB AudProc vol returned = -19
05-08 14:15:55.705   547   594 D ACDB-LOADER: ACDB -> AUDIO_SET_VOL_CAL cal type = 40
05-08 14:15:55.708 13654 14022 D UE4     : *** JavaEnvDestructor: 14022
05-08 14:15:55.709 13654 14021 D UE4     : *** JavaEnvDestructor: 14021
05-08 14:15:55.711 13654 13672 D UE4     : [2020.05.08-12.15.55:711][  0]LogHMD: Setting user focus to game viewport since session status is visible...
05-08 14:15:55.711 13654 13672 D OVRPlugin: User present: 1
05-08 14:15:55.711 13654 14023 D UE4     : [2020.05.08-12.15.55:711][  0]LogRenderer: Reallocating scene render targets to support 1216x1344 Format 2 NumSamples 2 (Frame:2).
05-08 14:15:55.712 13654 14023 D UE4     : [2020.05.08-12.15.55:712][  0]LogHMD: Allocating Oculus 38 x 42 variable resolution swapchain
05-08 14:15:55.713  2116  2335 I LibraryProvider: running queryApp(com.YourCompany.ToysGame) for com.oculus.uid:10043
05-08 14:15:55.713  2116  2335 W LibraryProvider: Cannot find entitlement for com.YourCompany.ToysGame
05-08 14:15:55.714  1787  1787 W OVRLibrary: null cursor received for query content://com.oculus.ocms.library/apps/com.YourCompany.ToysGame
05-08 14:15:55.716 13654 13672 D UE4     : [2020.05.08-12.15.55:716][  0]LogSlate: InvalidateAllWidgets triggered.  All widgets were invalidated
05-08 14:15:55.719  2139 13867 W TimeWarp: WarpToScreen: No completed frames to display for client 0. submittedFrameIndex = 666
05-08 14:15:55.729  2685 13847 I [CT]    : MANAGEMENT:CONSTELLATION: Status=GREEN,, Obj=4212769887286730484,6DOF=1,FusJit=0.0008mm,Issues(Cam/min=  0,IMU/min=0), Obj=7745273921483883046,6DOF=1,FusJit=0.0mm,Issues(Cam/min=  0,IMU/min=0)
05-08 14:15:55.733  2139 13867 W TimeWarp: WarpToScreen: No completed frames to display for client 0. submittedFrameIndex = 666
05-08 14:15:55.734  2116  2193 E Security-LocalReporter: UID '10043' is shared by multiple packages: [com.oculus.home, com.oculus.horizon]
05-08 14:15:55.744  2116  2193 I LibraryProvider: running queryApp(com.YourCompany.ToysGame) for com.oculus.uid:10043
05-08 14:15:55.744  2116  2193 W LibraryProvider: Cannot find entitlement for com.YourCompany.ToysGame
05-08 14:15:55.744  1787  1787 W OVRLibrary: null cursor received for query content://com.oculus.ocms.library/apps/com.YourCompany.ToysGame
05-08 14:15:55.744  1787  1787 I PlatformPluginManager: onAppStart com.YourCompany.ToysGame false
05-08 14:15:55.745  1787  1787 I PlatformPluginManager: onAppStart - Stopping party chat passthrough
05-08 14:15:55.745  1787  1787 I PlatformPlugin: [PlatformPluginManager] SetSystemVoipPassthrough 0
05-08 14:15:55.745  1787  1787 I OVRPlatform: [PartyChatWebRTC] PartyChatSetPassthrough 0
05-08 14:15:55.745  1787 13814 I OVRPlatform: [PartyChatWebRTC] Updating playback mode to 1
05-08 14:15:55.745  1787  1787 I OVRPlatform: [PartiesAPI] ovr_Party_PluginGetSharedMemHandle: This function is deprecated, do not use
05-08 14:15:55.747  2139 13867 W TimeWarp: WarpToScreen: No completed frames to display for client 0. submittedFrameIndex = 666
05-08 14:15:55.747  1787  1787 E OVRMediaServiceManager: LivestreamingManager Not initialized
05-08 14:15:55.748  1830  1904 I [OAR] AudioMixer: Waiting for sound effect to complete
05-08 14:15:55.761  2139 13867 W TimeWarp: WarpToScreen: No completed frames to display for client 0. submittedFrameIndex = 666
05-08 14:15:55.774  2139 13867 W TimeWarp: WarpToScreen: No completed frames to display for client 0. submittedFrameIndex = 666
05-08 14:15:55.788  2139 13867 W TimeWarp: WarpToScreen: No completed frames to display for client 0. submittedFrameIndex = 666
05-08 14:15:55.802  2139 13867 W TimeWarp: WarpToScreen: No completed frames to display for client 0. submittedFrameIndex = 666
05-08 14:15:55.816  2139 13867 W TimeWarp: WarpToScreen: No completed frames to display for client 0. submittedFrameIndex = 666
05-08 14:15:55.830  2139 13867 W TimeWarp: WarpToScreen: No completed frames to display for client 0. submittedFrameIndex = 666
05-08 14:15:55.844  2139 13867 W TimeWarp: WarpToScreen: No completed frames to display for client 0. submittedFrameIndex = 666
05-08 14:15:55.848  1830  1904 I [OAR] AudioMixer: Waiting for sound effect to complete
05-08 14:15:55.850  1787  1787 I PlatformPluginManager: enforcePartyChatStateConsistency - got current party response: Party is null
05-08 14:15:55.850  1787  1787 I PlatformPluginManager: enforcePartyChatStateConsistency - User not in a party.
05-08 14:15:55.850  1787  1787 I PlatformPluginManager: stopPartyChat
05-08 14:15:55.850  1787  1787 I PlatformPlugin: [PlatformPluginManager] Stopping party chat
05-08 14:15:55.850  1787  1787 I OVRPlatform: [PartyChatInterchangeable] StopPartyChat
05-08 14:15:55.858  2139 13867 W TimeWarp: WarpToScreen: No completed frames to display for client 0. submittedFrameIndex = 666
05-08 14:15:55.863  1787  1787 I PlatformPluginManager: enforcePartyChatStateConsistency - got current party response: Party is null
05-08 14:15:55.863  1787  1787 I PlatformPluginManager: enforcePartyChatStateConsistency - User not in a party.
05-08 14:15:55.863  1787  1787 I PlatformPluginManager: stopPartyChat
05-08 14:15:55.864  1787  1787 I PlatformPlugin: [PlatformPluginManager] Stopping party chat
05-08 14:15:55.864  1787  1787 I OVRPlatform: [PartyChatInterchangeable] StopPartyChat
05-08 14:15:55.872  2139 13867 W TimeWarp: WarpToScreen: No completed frames to display for client 0. submittedFrameIndex = 666
05-08 14:15:55.886  2139 13867 W TimeWarp: WarpToScreen: No completed frames to display for client 0. submittedFrameIndex = 666
05-08 14:15:55.900  2139 13867 W TimeWarp: WarpToScreen: No completed frames to display for client 0. submittedFrameIndex = 666
05-08 14:15:55.914  2139 13867 W TimeWarp: WarpToScreen: No completed frames to display for client 0. submittedFrameIndex = 666
05-08 14:15:55.928  2139 13867 W TimeWarp: WarpToScreen: No completed frames to display for client 0. submittedFrameIndex = 666
05-08 14:15:55.941  2139 13867 W TimeWarp: WarpToScreen: No completed frames to display for client 0. submittedFrameIndex = 666
05-08 14:15:55.948  1830  1904 I [OAR] AudioEngine: Setting FadeNextBuffer
05-08 14:15:55.955  2139 13867 W TimeWarp: WarpToScreen: No completed frames to display for client 0. submittedFrameIndex = 666
05-08 14:15:55.961  1830 13938 I [OAR] AudioEngine: Fading final buffer
05-08 14:15:55.965  1830 13937 I VrApi   : FPS=72,Prd=45ms,Tear=0,Early=45,Stale=4,VSnc=1,Lat=1,Fov=0,CPU4/GPU=3/4,1651/670MHz,OC=FF,TA=0/3/0,SP=N/N/N,Mem=1804MHz,Free=1197MB,PSM=0,PLS=0,Temp=30.0C/0.0C,TW=2.30ms,App=6.74ms,GD=0.00ms,CPU&GPU=11.47ms,LCnt=4,GPU%=0.56,CPU%=0.21(W0.30),DSF=1.00
05-08 14:15:55.969  2139 13867 W TimeWarp: WarpToScreen: No completed frames to display for client 0. submittedFrameIndex = 666
05-08 14:15:55.983  2139 13867 W TimeWarp: WarpToScreen: No completed frames to display for client 0. submittedFrameIndex = 666
05-08 14:15:55.997  2139 13867 W TimeWarp: WarpToScreen: No completed frames to display for client 0. submittedFrameIndex = 666
05-08 14:15:56.011  2139 13867 W TimeWarp: WarpToScreen: No completed frames to display for client 0. submittedFrameIndex = 666
05-08 14:15:56.025  2139 13867 W TimeWarp: WarpToScreen: No completed frames to display for client 0. submittedFrameIndex = 666
05-08 14:15:56.039  2139 13867 W TimeWarp: WarpToScreen: No completed frames to display for client 0. submittedFrameIndex = 666
05-08 14:15:56.048  1830  1904 I [OAR] AudioEngine: Stopping player
05-08 14:15:56.050  1830  1904 W VrApi   : ovr_SubmitFrameInternal: FrameIndex discontinuity: Expected 30134, Received 30133
05-08 14:15:56.051  1830  1904 I [OAR] ModelDef: Destroying ModelFileModel .gltf.ovrscene
05-08 14:15:56.052  1830  1904 W [OAR] AudioMixer: StopWavFile: Couldn't find attached sound for clientId controllerp0xb01a8000
05-08 14:15:56.052  1830  1904 I [OAR] ModelDef: Destroying ModelFileModel .gltf.ovrscene
05-08 14:15:56.052  1830  1904 W [OAR] AudioMixer: StopWavFile: Couldn't find attached sound for clientId controllerp0xafe2b000
05-08 14:15:56.053  2139 13867 W TimeWarp: WarpToScreen: No completed frames to display for client 0. submittedFrameIndex = 666
05-08 14:15:56.053  2139  2160 I VrRuntimeService: nativeDestroyTextureSwapChain 244
05-08 14:15:56.055  2139  2158 I VrRuntimeService: nativeDestroyTextureSwapChain 243
05-08 14:15:56.056  1830  1904 I GoCompatibility: GoCompatibility: vrapi_LeaveVrMode_Hooked()
05-08 14:15:56.056  1830  1904 I VrApi   : ---------- vrapi_LeaveVrMode [start] ----------
05-08 14:15:56.057  1830  1904 D VrApi   : targetSDKVersion 27
05-08 14:15:56.060  1830  1904 I VrRuntimeClient: DEVICE MODEL NUMBER = Quest
05-08 14:15:56.060  1830  1904 I VrRuntimeClient: DEVICE HARDWARE = monterey
05-08 14:15:56.060  1830  1904 I VrRuntimeClient: DEVICE BUILD NAME = user-602380.24900.0
05-08 14:15:56.060  1830  1904 I VrRuntimeClient: DEVICE BUILD TYPE = user
05-08 14:15:56.060  1830  1904 I VrRuntimeClient: DEVICE OS VERSION = 7.1.1
05-08 14:15:56.060  1830  1904 I VrRuntimeClient: VRRUNTIME VERSION = VRAPI_VERSION_BEGIN { 1.1.33.0-210938873-210938873 Apr 24 2020 16:11:35 Development } RELEASE
05-08 14:15:56.060  1830  1904 I VrRuntimeClient: API LOADER VERSION = 1.1.30.0
05-08 14:15:56.060  1830  1904 I VrRuntimeClient: VRDRIVER VERSION = 16.0.0.141.450
05-08 14:15:56.060  1830  1904 I VrRuntimeClient: APP NAME = Oculus App Runtime
05-08 14:15:56.060  1830  1904 I VrRuntimeClient: APP VERSION = 16.0.0.139.450 versionCode 210946745 internalVersionName 16.0.0.139.450.670c400f6e52 2020_04_24_17_36
05-08 14:15:56.060  1830  1904 I VrRuntimeClient: APP VR TYPE = vr_only
05-08 14:15:56.060  1830  1904 I VrRuntimeClient: APP PACKAGE NAME = com.oculus.vrshell
05-08 14:15:56.060  1830  1904 I VrRuntimeClient: APP ACTIVITY CLASS = com.oculus.vrshell.MainActivity
05-08 14:15:56.062  1830  1904 D BatteryReceiver: Unregistering battery receiver
05-08 14:15:56.065  2139  2317 I ClientMgr: ClientMgr: Flushing frame 30154 from non-current client: com.oculus.vrshell(enabled), current client: com.YourCompany.ToysGame.
05-08 14:15:56.067  2139 13867 W TimeWarp: WarpToScreen: No completed frames to display for client 0. submittedFrameIndex = 666
05-08 14:15:56.074  1830 13937 I VrApi   : FPS=72,Prd=45ms,Tear=0,Early=71,Stale=0,VSnc=1,Lat=1,Fov=0,CPU4/GPU=2/4,1651/670MHz,OC=FF,TA=0/3/0,SP=N/N/N,Mem=1804MHz,Free=1197MB,PSM=0,PLS=0,Temp=30.0C/0.0C,TW=2.34ms,App=6.77ms,GD=0.00ms,CPU&GPU=10.99ms,LCnt=4,GPU%=0.55,CPU%=0.31(W0.38),DSF=1.00
05-08 14:15:56.075  1830  1904 I VrApi   : OVR::Stats thread stopped
05-08 14:15:56.075  1830  1904 I InputDeviceManager: ovrInputDeviceManager::Shutdown
05-08 14:15:56.081  2139 13867 W TimeWarp: WarpToScreen: No completed frames to display for client 0. submittedFrameIndex = 666
05-08 14:15:56.084  1830 13936 I InputHooks_Internal: InputHooksThreadRun ShutdownRequest received
05-08 14:15:56.085  1830  1904 D InputHooksJava: Disabling Java Input Hooks
05-08 14:15:56.086  2139  2158 D VrRuntimeService: this client: 1830:com.oculus.vrshell
05-08 14:15:56.086  2139  2158 D VrRuntimeService: enableRendering: clientWindow: null enable: false
05-08 14:15:56.086  2139  2158 I ClientMgr: ClientMgr::EnableRendering 1830:com.oculus.vrshell : type 0 : disable
05-08 14:15:56.086  1830 13950 I VrRuntimeClient: FenceChecker::MainLoop - ended
05-08 14:15:56.087  1830  1904 I BufferObject: ovrBufferObjectFactory::Unimport deleting GL buffer=280
05-08 14:15:56.087  1830  1904 I BufferObject: ovrBufferObjectFactory::Unimport deleting GL memory object=24
05-08 14:15:56.088  1830  1904 I TrackingServiceClient: OVR::TrackingService::ClientSetInterface
05-08 14:15:56.088  1830  1904 D TrackingServiceClient: onClientDisconnect
05-08 14:15:56.088  1830  1904 D TrackingServiceConnectionNative: onClientDisconnect
05-08 14:15:56.088  2685  2746 I TrackingService: Unregistering client by ITrackingService.unregisterClient
05-08 14:15:56.088  2685  2746 I TrackingService: TrackingServiceHost Unregistering client: pid 1830
05-08 14:15:56.088  1830  1904 D BinderConnection: Disconnecting from TrackingService service
05-08 14:15:56.088  1830  1904 D TrackingServiceConnectionNative: onDisconnected
05-08 14:15:56.089  1830  1904 D TrackingServiceClient: TrackingServiceConnection mConnectedRemotes.clear()
05-08 14:15:56.089  1830  1904 I TrackingServiceClient: OVR::TrackingService::ClientSetInterface
05-08 14:15:56.089  1830  1904 I VrApi   : ---------- vrapi_LeaveVrMode [end] ----------
05-08 14:15:56.089  1830  1904 I [OAR] ShellFrameAnalytics: ShellFrame frameFunction: 13944us/56372354us, trace: 0us/2us, process commands: 122us/418us, system update: 1854us/58477us, render 306us/6227us, post render 0us/1us
05-08 14:15:56.091  1830  1904 I [OAR] ShellApp: 0xcb8e8358 msg: surfaceDestroyed 0xda5bd008
05-08 14:15:56.093  2139  2317 I ClientMgr: Non-overlay clients rendering status has changed: prev=110, curr=111, enabled=1
05-08 14:15:56.095  2139 13867 W TimeWarp: WarpToScreen: No completed frames to display for client 0. submittedFrameIndex = 666
05-08 14:15:56.109  2139 13867 W TimeWarp: WarpToScreen: No completed frames to display for client 0. submittedFrameIndex = 666
05-08 14:15:56.122  2139 13867 W TimeWarp: WarpToScreen: No completed frames to display for client 0. submittedFrameIndex = 666
05-08 14:15:56.126  1787  1806 I art     : Background sticky concurrent mark sweep GC freed 10104(2MB) AllocSpace objects, 5(120KB) LOS objects, 35% free, 4MB/6MB, paused 5.624ms total 35.139ms
05-08 14:15:56.136  2139 13867 W TimeWarp: WarpToScreen: No completed frames to display for client 0. submittedFrameIndex = 666
05-08 14:15:56.150  2139 13867 W TimeWarp: WarpToScreen: No completed frames to display for client 0. submittedFrameIndex = 666
05-08 14:15:56.164  2139 13867 W TimeWarp: WarpToScreen: No completed frames to display for client 0. submittedFrameIndex = 666
05-08 14:15:56.178  2139 13867 W TimeWarp: WarpToScreen: No completed frames to display for client 0. submittedFrameIndex = 666
05-08 14:15:56.184 13654 14023 D UE4     : [2020.05.08-12.15.56:184][  0]LogRenderer: Reallocating scene render targets to support 128x128 Format 2 NumSamples 4 (Frame:2).
05-08 14:15:56.192  2139 13867 W TimeWarp: WarpToScreen: No completed frames to display for client 0. submittedFrameIndex = 666
05-08 14:15:56.206  2139 13867 W TimeWarp: WarpToScreen: No completed frames to display for client 0. submittedFrameIndex = 666
05-08 14:15:56.209 13654 14023 D UE4     : Ensure condition failed: Layout == VK_IMAGE_LAYOUT_SHARED_PRESENT_KHR || Layout == VK_IMAGE_LAYOUT_DEPTH_READ_ONLY_STENCIL_ATTACHMENT_OPTIMAL || Layout == VK_IMAGE_LAYOUT_DEPTH_ATTACHMENT_STENCIL_READ_ONLY_OPTIMAL || Layout == VK_IMAGE_LAYOUT_DEPTH_STENCIL_READ_ONLY_OPTIMAL || Layout == VK_IMAGE_LAYOUT_SHADER_READ_ONLY_OPTIMAL || Layout == VK_IMAGE_LAYOUT_GENERAL [File:D:/Build/++UE4/Sync/Engine/Source/Runtime/VulkanRHI/Private/VulkanDescriptorSets.h] [Line: 1103] 
05-08 14:15:56.209 13654 14023 D UE4     : Invalid Layout 0, Index 2, Type 1
05-08 14:15:56.209 13654 14023 D UE4     : 
05-08 14:15:56.220  2139 13867 W TimeWarp: WarpToScreen: No completed frames to display for client 0. submittedFrameIndex = 666
05-08 14:15:56.221 13654 14023 D UE4     : [2020.05.08-12.15.56:220][  0]LogStats: FPlatformStackWalk::StackWalkAndDump -  0.011 s
05-08 14:15:56.221 13654 14023 D UE4     : [2020.05.08-12.15.56:221][  0]LogOutputDevice: Error: === Handled ensure: ===
05-08 14:15:56.221 13654 14023 D UE4     : [2020.05.08-12.15.56:221][  0]LogOutputDevice: Error: 
05-08 14:15:56.221 13654 14023 D UE4     : [2020.05.08-12.15.56:221][  0]LogOutputDevice: Error: Ensure condition failed: Layout == VK_IMAGE_LAYOUT_SHARED_PRESENT_KHR || Layout == VK_IMAGE_LAYOUT_DEPTH_READ_ONLY_STENCIL_ATTACHMENT_OPTIMAL || Layout == VK_IMAGE_LAYOUT_DEPTH_ATTACHMENT_STENCIL_READ_ONLY_OPTIMAL || Layout == VK_IMAGE_LAYOUT_DEPTH_STENCIL_READ_ONLY_OPTIMAL || Layout == VK_IMAGE_LAYOUT_SHADER_READ_ONLY_OPTIMAL || Layout == VK_IMAGE_LAYOUT_GENERAL [File:D:/Build/++UE4/Sync/Engine/Source/Runtime/VulkanRHI/Private/VulkanDescriptorSets.h] [Line: 1103]
05-08 14:15:56.221 13654 14023 D UE4     : [2020.05.08-12.15.56:221][  0]LogOutputDevice: Error: Invalid Layout 0, Index 2, Type 1
05-08 14:15:56.221 13654 14023 D UE4     : [2020.05.08-12.15.56:221][  0]LogOutputDevice: Error: 
05-08 14:15:56.221 13654 14023 D UE4     : [2020.05.08-12.15.56:221][  0]LogOutputDevice: Error: Stack: 
05-08 14:15:56.221 13654 14023 D UE4     : [2020.05.08-12.15.56:221][  0]LogOutputDevice: Error: [Callstack] 0x0000007F8A374528 libUE4.so(0x0000000008C14528)!bool FVulkanDescriptorSetWriter::WriteTextureView<(VkDescriptorType)2>(unsigned int, FVulkanTextureView const&, VkImageLayout)::{lambda()#1}::operator()() const  []
05-08 14:15:56.221 13654 14023 D UE4     : [2020.05.08-12.15.56:221][  0]LogOutputDevice: Error: [Callstack] 0x0000007F86078214 libUE4.so(0x0000000004918214)!bool FVulkanDescriptorSetWriter::WriteTextureView<(VkDescriptorType)2>(unsigned int, FVulkanTextureView const&, VkImageLayout)  []
05-08 14:15:56.221 13654 14023 D UE4     : [2020.05.08-12.15.56:221][  0]LogOutputDevice: Error: [Callstack] 0x0000007F8605B8E4 libUE4.so(0x00000000048FB8E4)!FVulkanCommandListContext::RHISetShaderTexture(FRHIPixelShader*, unsigned int, FRHITexture*)  []
05-08 14:15:56.221 13654 14023 D UE4     : [2020.05.08-12.15.56:221][  0]LogOutputDevice: Error: [Callstack] 0x0000007F8784716C libUE4.so(0x00000000060E716C)!FCopySceneColorToCubeFacePS::SetParameters(FRHICommandList&, FViewInfo const&, bool, bool, FLinearColor const&)  []
05-08 14:15:56.221 13654 14023 D UE4     : [2020.05.08-12.15.56:221][  0]LogOutputDevice: Error: [Callstack] 0x0000007F87846EA0 libUE4.so(0x00000000060E6EA0)!CaptureSceneToScratchCubemap(FRHICommandListImmediate&, FSceneRenderer*, ECubeFace, int, bool, bool, FLinearColor const&)  []
05-08 14:15:56.221 13654 14023 D UE4     : [2020.05.08-12.15.56:221][  0]LogOutputDevice: Error: [Callstack] 0x0000007F8789C628 libUE4.so(0x000000000613C628)![Unknown]()  []
05-08 14:15:56.221 13654 14023 D UE4     : [2020.05.08-12.15.56:221][  0]LogOutputDevice: Error: [Callstack] 0x0000007F86132F6C libUE4.so(0x00000000049D2F6C)!FNamedTaskThread::ProcessTasksNamedThread(int, bool)  []
05-08 14:15:56.221 13654 14023 D UE4     : [2020.05.08-12.15.56:221][  0]LogOutputDevice: Error: [Callstack] 0x0000007F86131EC0 libUE4.so(0x00000000049D1EC0)!FNamedTaskThread::ProcessTasksUntilQuit(int)  []
05-08 14:15:56.221 13654 14023 D UE4     : [2020.05.08-12.15.56:221][  0]LogOutputDevice: Error: [Callstack] 0x0000007F8715AC94 libUE4.so(0x00000000059FAC94)!RenderingThreadMain(FEvent*)  []
05-08 14:15:56.221 13654 14023 D UE4     : [2020.05.08-12.15.56:221][  0]LogOutputDevice: Error: [Callstack] 0x0000007F871A9D14 libUE4.so(0x0000000005A49D14)!FRenderingThread::Run()  []
05-08 14:15:56.221 13654 14023 D UE4     : [2020.05.08-12.15.56:221][  0]LogOutputDevice: Error: [Callstack] 0x0000007F861CAD34 libUE4.so(0x0000000004A6AD34)!FRunnableThreadPThread::Run()  []
05-08 14:15:56.221 13654 14023 D UE4     : [2020.05.08-12.15.56:221][  0]LogOutputDevice: Error: [Callstack] 0x0000007F8612E154 libUE4.so(0x00000000049CE154)!FRunnableThreadPThread::_ThreadProc(void*)  []
05-08 14:15:56.221 13654 14023 D UE4     : [2020.05.08-12.15.56:221][  0]LogOutputDevice: Error: [Callstack] 0x0000007FACA9E458 libc.so(0x0000000000076458)![Unknown]()  []
05-08 14:15:56.221 13654 14023 D UE4     : [2020.05.08-12.15.56:221][  0]LogOutputDevice: Error: [Callstack] 0x0000007FACA46208 libc.so(0x000000000001E208)![Unknown]()  []
05-08 14:15:56.221 13654 14023 D UE4     : [2020.05.08-12.15.56:221][  0]LogOutputDevice: Error: 
05-08 14:15:56.222 13654 14023 D UE4     : [2020.05.08-12.15.56:222][  0]LogStats:                SubmitErrorReport -  0.000 s
05-08 14:15:56.222 13654 14023 D UE4     : [2020.05.08-12.15.56:222][  0]LogStats:                    SendNewReport -  0.000 s
05-08 14:15:56.222 13654 14023 D UE4     : [2020.05.08-12.15.56:222][  0]LogStats:             FDebug::EnsureFailed -  0.013 s
05-08 14:15:56.234  2139 13867 W TimeWarp: WarpToScreen: No completed frames to display for client 0. submittedFrameIndex = 666
05-08 14:15:56.248  2139 13867 W TimeWarp: WarpToScreen: No completed frames to display for client 0. submittedFrameIndex = 666
05-08 14:15:56.262  2139 13867 W TimeWarp: WarpToScreen: No completed frames to display for client 0. submittedFrameIndex = 666
05-08 14:15:56.276  2139 13867 W TimeWarp: WarpToScreen: No completed frames to display for client 0. submittedFrameIndex = 666
05-08 14:15:56.290  2139 13867 W TimeWarp: WarpToScreen: No completed frames to display for client 0. submittedFrameIndex = 666
05-08 14:15:56.304  2139 13867 W TimeWarp: WarpToScreen: No completed frames to display for client 0. submittedFrameIndex = 666
05-08 14:15:56.317  2139 13867 W TimeWarp: WarpToScreen: No completed frames to display for client 0. submittedFrameIndex = 666
05-08 14:15:56.331  2139 13867 W TimeWarp: WarpToScreen: No completed frames to display for client 0. submittedFrameIndex = 666
05-08 14:15:56.345  2139 13867 W TimeWarp: WarpToScreen: No completed frames to display for client 0. submittedFrameIndex = 666
05-08 14:15:56.359  2139 13867 W TimeWarp: WarpToScreen: No completed frames to display for client 0. submittedFrameIndex = 666
05-08 14:15:56.373  2139 13867 W TimeWarp: WarpToScreen: No completed frames to display for client 0. submittedFrameIndex = 666
05-08 14:15:56.387  2139 13867 W TimeWarp: WarpToScreen: No completed frames to display for client 0. submittedFrameIndex = 666
05-08 14:15:56.393 13654 14023 D UE4     : [2020.05.08-12.15.56:393][  0]LogRenderer: Reallocating scene render targets to support 1216x1344 Format 2 NumSamples 4 (Frame:3).
05-08 14:15:56.401  2139 13867 W TimeWarp: WarpToScreen: No completed frames to display for client 0. submittedFrameIndex = 666
05-08 14:15:56.415  2139 13867 W TimeWarp: WarpToScreen: No completed frames to display for client 0. submittedFrameIndex = 666
