05-05 16:56:51.742 12756 13035 I VrApi   : FPS=72,Prd=44ms,Tear=0,Early=0,Stale=6,VSnc=1,Lat=1,Fov=0,CPU4/GPU=2/4,1651/670MHz,OC=FF,TA=0/E0/E0,SP=N/F/F,Mem=1804MHz,Free=1242MB,PSM=0,PLS=0,Temp=32.0C/0.0C,TW=1.22ms,App=13.97ms,GD=0.00ms,CPU&GPU=20.04ms,LCnt=1,GPU%=1.00,CPU%=0.34(W0.40),DSF=1.00
05-05 16:56:52.743 12756 13035 I VrApi   : FPS=69,Prd=44ms,Tear=0,Early=0,Stale=3,VSnc=1,Lat=1,Fov=0,CPU4/GPU=2/4,1651/670MHz,OC=FF,TA=0/E0/E0,SP=N/F/F,Mem=1804MHz,Free=1243MB,PSM=0,PLS=0,Temp=32.0C/0.0C,TW=1.24ms,App=14.09ms,GD=0.00ms,CPU&GPU=21.47ms,LCnt=1,GPU%=0.98,CPU%=0.25(W0.38),DSF=1.00
05-05 16:56:52.897   715 12852 I [CT]    : L:Behavior:AtRest: deactivated
05-05 16:56:52.897   715 12852 I [CT]    : AdHocPatch: [Left] t = 81.444s, behavior transition: AtRest -> None at 81.491s
05-05 16:56:52.905   715 12852 I [CT]    : L:Behavior:AtRest: activated
05-05 16:56:52.906   715 12852 I [CT]    : AdHocPatch: [Left] t = 81.452s, behavior transition: None -> AtRest at 81.499s
05-05 16:56:52.922   715 12852 I [CT]    : L:Behavior:AtRest: deactivated
05-05 16:56:52.922   715 12852 I [CT]    : AdHocPatch: [Left] t = 81.468s, behavior transition: AtRest -> None at 81.515s
05-05 16:56:52.931   715 12852 I [CT]    : L:Behavior:AtRest: activated
05-05 16:56:52.931   715 12852 I [CT]    : AdHocPatch: [Left] t = 81.478s, behavior transition: None -> AtRest at 81.525s
05-05 16:56:52.945   715 12852 I [CT]    : L:Behavior:AtRest: deactivated
05-05 16:56:52.945   715 12852 I [CT]    : AdHocPatch: [Left] t = 81.488s, behavior transition: AtRest -> None at 81.535s
05-05 16:56:52.949  2129  2185 I GuardianSystem: UpdateGuardianSystemState: Flags changed: 524288, 532480
05-05 16:56:52.979  2129  2375 W VrApi   : ovr_SubmitFrameInternal: FrameIndex discontinuity: Expected 51821, Received 51873
05-05 16:56:53.024   715 12852 I [CT]    : L:Behavior:AtRest: activated
05-05 16:56:53.025   715 12852 I [CT]    : AdHocPatch: [Left] t = 81.570s, behavior transition: None -> AtRest at 81.617s
05-05 16:56:53.036  2129  2185 I GuardianSystem: UpdateGuardianSystemState: Flags changed: 532480, 524288
05-05 16:56:53.147   715 12852 I [CT]    : L:Behavior:AtRest: deactivated
05-05 16:56:53.147   715 12852 I [CT]    : AdHocPatch: [Left] t = 81.694s, behavior transition: AtRest -> None at 81.740s
05-05 16:56:53.153  2129  2185 I GuardianSystem: UpdateGuardianSystemState: Flags changed: 524288, 532480
05-05 16:56:53.158   715 12852 I [CT]    : L:Behavior:AtRest: activated
05-05 16:56:53.158   715 12852 I [CT]    : AdHocPatch: [Left] t = 81.704s, behavior transition: None -> AtRest at 81.750s
05-05 16:56:53.187  2129  2375 W VrApi   : ovr_SubmitFrameInternal: FrameIndex discontinuity: Expected 51879, Received 51883
05-05 16:56:53.189  2129  2185 I GuardianSystem: UpdateGuardianSystemState: Flags changed: 532480, 524288
05-05 16:56:53.212  2121 12884 I TimeWarp: UpdateClockLevels: Apply pending clock request change: 2,4 -> 2,5
05-05 16:56:53.212  2121 12872 I Clocks  : ReleaseClocks - start
05-05 16:56:53.214   719  2043 D         : CPU_CLUSTER_0: No client requests exists, release clocks
05-05 16:56:53.214   719  2043 D         : CPU_CLUSTER_1: No client requests exists, release clocks
05-05 16:56:53.214   719  2043 D         : GPU: No client requests exists, release clocks
05-05 16:56:53.214   719  2043 D         : CPUBW: No client requests exists, release clocks
05-05 16:56:53.215  2121 12872 I Clocks  : ReleaseClocks - end (3.4 ms)
05-05 16:56:53.215  2121 12872 I Clocks  : LockClocks( cpu=2, gpu=5 ) - start
05-05 16:56:53.217  2121 12872 I Clocks  : CPU levels [0, 4]
05-05 16:56:53.217  2121 12872 I Clocks  : GPU levels [0, 5]
05-05 16:56:53.217   719  2043 D         : CPU_CLUSTER_0: Client 2121 sends freq request [21, 21]
05-05 16:56:53.217   719  2043 D         : CPU_CLUSTER_0: Next Perf Level = (21, 21)
05-05 16:56:53.217   719  2043 D         : CPU_CLUSTER_1: Client 2121 sends freq request [18, 18]
05-05 16:56:53.217   719  2043 D         : CPU_CLUSTER_1: Next Perf Level = (18, 18)
05-05 16:56:53.217   719  2043 D         : CPUBW: Client 2121 sends freq request [8, 11]
05-05 16:56:53.217   719  2043 D         : CPUBW: Next Perf Level = (8, 11)
05-05 16:56:53.218   719  2043 D         : GPU: Client 2121 sends freq request [7, 7]
05-05 16:56:53.218   719  2043 D         : GPU: Next Perf Level = (7, 7)
05-05 16:56:53.219  2121 12872 I Clocks  : LockClocks( cpu=2, gpu=5 ) - end (3.9 ms)
05-05 16:56:53.428   715 12860 I [CT]    : MANAGEMENT:CONSTELLATION: Status=GREEN,, Obj=4212769887286730484,6DOF=1 (estimated),Issues(Cam/min=  0,IMU/min=0), Obj=7745273921483883046,6DOF=1,FusJit=0.0mm,Issues(Cam/min=  0,IMU/min=0)
05-05 16:56:53.462  2121 12884 I TimeWarp: UpdateClockLevels: Apply pending clock request change: 2,5 -> 2,4
05-05 16:56:53.463  2121 12872 I Clocks  : ReleaseClocks - start
05-05 16:56:53.463   719   719 D         : CPU_CLUSTER_0: No client requests exists, release clocks
05-05 16:56:53.463   719   719 D         : CPU_CLUSTER_1: No client requests exists, release clocks
05-05 16:56:53.463   719   719 D         : GPU: No client requests exists, release clocks
05-05 16:56:53.463   719   719 D         : CPUBW: No client requests exists, release clocks
05-05 16:56:53.464  2121 12872 I Clocks  : ReleaseClocks - end (1.4 ms)
05-05 16:56:53.464  2121 12872 I Clocks  : LockClocks( cpu=2, gpu=4 ) - start
05-05 16:56:53.466  2121 12872 I Clocks  : CPU levels [0, 4]
05-05 16:56:53.466  2121 12872 I Clocks  : GPU levels [0, 5]
05-05 16:56:53.466   719   819 D         : CPU_CLUSTER_0: Client 2121 sends freq request [21, 21]
05-05 16:56:53.466   719   819 D         : CPU_CLUSTER_0: Next Perf Level = (21, 21)
05-05 16:56:53.466   719   819 D         : CPU_CLUSTER_1: Client 2121 sends freq request [18, 18]
05-05 16:56:53.466   719   819 D         : CPU_CLUSTER_1: Next Perf Level = (18, 18)
05-05 16:56:53.466   719   819 D         : CPUBW: Client 2121 sends freq request [8, 11]
05-05 16:56:53.466   719   819 D         : CPUBW: Next Perf Level = (8, 11)
05-05 16:56:53.467   719   819 D         : GPU: Client 2121 sends freq request [6, 6]
05-05 16:56:53.467   719   819 D         : GPU: Next Perf Level = (6, 6)
05-05 16:56:53.469  2121 12872 I Clocks  : LockClocks( cpu=2, gpu=4 ) - end (4.4 ms)
05-05 16:56:53.543 12756 12775 D UE4     : [GameActivity] Used memory: 741701
05-05 16:56:53.752 12756 13035 I VrApi   : FPS=71,Prd=44ms,Tear=0,Early=0,Stale=6,VSnc=1,Lat=1,Fov=0,CPU4/GPU=2/4,1651/670MHz,OC=FF,TA=0/E0/E0,SP=N/F/F,Mem=1804MHz,Free=1241MB,PSM=0,PLS=0,Temp=32.0C/0.0C,TW=1.30ms,App=14.10ms,GD=3.53ms,CPU&GPU=21.72ms,LCnt=1,GPU%=0.99,CPU%=0.30(W0.33),DSF=1.00
05-05 16:56:54.011  2129 12917 I Telemetry: App memory usage: PSS=60MB DalvikPSS=1 MB
05-05 16:56:54.581   715 12861 I [CT]    : VIPER:MAP_MANAGER: State: TRACKING_PERSISTENT, UUID=d18585e8-d288-4997-b6ff-78495c7eed6a, Num. Persistent maps = 1,  Persistent maps:d18585e8-d288-4997-b6ff-78495c7eed6a,, Ser. Disabled = 00000000-0000-0000-0000-000000000000
05-05 16:56:54.620   715 12861 I [CT]    : VIPER: Status=6DoF,TRACKING,KF=132,Inl=287,Pts=372,Jit=0.4mm,Issues(Cam/min=0.0,IMU/min=0.0),Exp=(9.9ms,g=13.0,I=71)(8.1ms,g=9.0,I=67)(9.9ms,g=13.0,I=70)(7.5ms,g=9.0,I=72)
05-05 16:56:54.743 12756 13035 I VrApi   : FPS=70,Prd=44ms,Tear=0,Early=0,Stale=9,VSnc=1,Lat=1,Fov=0,CPU4/GPU=2/4,1651/670MHz,OC=FF,TA=0/E0/E0,SP=N/F/F,Mem=1804MHz,Free=1241MB,PSM=0,PLS=0,Temp=32.0C/0.0C,TW=1.20ms,App=13.00ms,GD=0.00ms,CPU&GPU=21.07ms,LCnt=1,GPU%=0.99,CPU%=0.25(W0.30),DSF=1.00
05-05 16:56:54.947   715 12852 I [CT]    : L:Behavior:AtRest: deactivated
05-05 16:56:54.947   715 12852 I [CT]    : AdHocPatch: [Left] t = 83.492s, behavior transition: AtRest -> None at 83.540s
05-05 16:56:54.961   715 12852 I [CT]    : L:Behavior:AtRest: activated
05-05 16:56:54.961   715 12852 I [CT]    : AdHocPatch: [Left] t = 83.507s, behavior transition: None -> AtRest at 83.554s
05-05 16:56:54.969   715 12852 I [CT]    : L:Behavior:AtRest: deactivated
05-05 16:56:54.969   715 12852 I [CT]    : AdHocPatch: [Left] t = 83.515s, behavior transition: AtRest -> None at 83.562s
05-05 16:56:54.978  2129  2185 I GuardianSystem: UpdateGuardianSystemState: Flags changed: 524288, 532480
05-05 16:56:55.010  2129  2375 W VrApi   : ovr_SubmitFrameInternal: FrameIndex discontinuity: Expected 51885, Received 51939
05-05 16:56:55.097   715 12852 I [CT]    : L:Behavior:AtRest: activated
05-05 16:56:55.097   715 12852 I [CT]    : AdHocPatch: [Left] t = 83.643s, behavior transition: None -> AtRest at 83.690s
05-05 16:56:55.100  2129  2185 I GuardianSystem: UpdateGuardianSystemState: Flags changed: 532480, 524288
05-05 16:56:55.133  2121 12884 I TimeWarp: UpdateClockLevels: Apply pending clock request change: 2,4 -> 3,4
05-05 16:56:55.133  2121 12872 I Clocks  : ReleaseClocks - start
05-05 16:56:55.134   719  2188 D         : CPU_CLUSTER_0: No client requests exists, release clocks
05-05 16:56:55.134   719  2188 D         : CPU_CLUSTER_1: No client requests exists, release clocks
05-05 16:56:55.134   719  2188 D         : GPU: No client requests exists, release clocks
05-05 16:56:55.134   719  2188 D         : CPUBW: No client requests exists, release clocks
05-05 16:56:55.135  2121 12872 I Clocks  : ReleaseClocks - end (1.5 ms)
05-05 16:56:55.135  2121 12872 I Clocks  : LockClocks( cpu=3, gpu=4 ) - start
05-05 16:56:55.135  2121 12872 I Clocks  : CPU levels [0, 4]
05-05 16:56:55.135  2121 12872 I Clocks  : GPU levels [0, 5]
05-05 16:56:55.136   719  2188 D         : CPU_CLUSTER_0: Client 2121 sends freq request [21, 21]
05-05 16:56:55.136   719  2188 D         : CPU_CLUSTER_0: Next Perf Level = (21, 21)
05-05 16:56:55.136   719  2188 D         : CPU_CLUSTER_1: Client 2121 sends freq request [22, 22]
05-05 16:56:55.136   719  2188 D         : CPU_CLUSTER_1: Next Perf Level = (22, 22)
05-05 16:56:55.136   719  2188 D         : CPUBW: Client 2121 sends freq request [8, 11]
05-05 16:56:55.136   719  2188 D         : CPUBW: Next Perf Level = (8, 11)
05-05 16:56:55.136   719  2188 D         : GPU: Client 2121 sends freq request [6, 6]
05-05 16:56:55.136   719  2188 D         : GPU: Next Perf Level = (6, 6)
05-05 16:56:55.138  2121 12872 I Clocks  : LockClocks( cpu=3, gpu=4 ) - end (3.7 ms)
05-05 16:56:55.139   715 12861 I [CT]    : HealthReport: ==================================================
05-05 16:56:55.139   715 12861 I [CT]    : Health Report
05-05 16:56:55.139   715 12861 I [CT]    : -------------
05-05 16:56:55.139   715 12861 I [CT]    : 
05-05 16:56:55.139   715 12861 I [CT]    : Reporter #1 (InsideOutHealthMonitor) summary:
05-05 16:56:55.139   715 12861 I [CT]    : Camera: Total Dropped: 0.000000, Total Frame Count: 2084 (0.000000%), Camera Reset Count: 0
05-05 16:56:55.139   715 12861 I [CT]    : Camera: Total Single Camera Frame Dropped: 0, Total Frame Count: 2084 (0.000000%)
05-05 16:56:55.139   715 12861 I [CT]    : IMU: Total Dropped: 0.000000, Total Sample Count: 83581 (0.000000%)
05-05 16:56:55.139   715 12861 I [CT]    : Magnetometer: Total Dropped: 0.000000, Total Sample Count: 2508 (0.000000%)
05-05 16:56:55.139   715 12861 I [CT]    : 
05-05 16:56:55.139   715 12861 I [CT]    : Reporter #1 (InsideOutHealthMonitor) Passed
05-05 16:56:55.139   715 12861 I [CT]    : --------------------------------------------------
05-05 16:56:55.139   715 12861 I [CT]    : Reporter #2 (ConstellationHealthMonitor) summary:
05-05 16:56:55.139   715 12861 I [CT]    : Camera: Total Dropped: 0.000000, Total Frame Count: 2085 (0.000000%), Camera Reset Count: 1
05-05 16:56:55.139   715 12861 I [CT]    : Camera: Total Single Camera Frame Dropped: 0, Total Frame Count: 2085 (0.000000%)
05-05 16:56:55.139   715 12861 I [CT]    : Controller 4212769887286730484:
05-05 16:56:55.139   715 12861 I [CT]    : IMU: Capture period exceeded threshold.  Largest period: 1.097438 sec
05-05 16:56:55.139   715 12861 I [CT]    : Controllers may have been sleeping
05-05 16:56:55.139   715 12861 I [CT]    : IMU: Total Dropped: 0.000000, Total Sample Count: 41295.064000 (0.000000%)
05-05 16:56:55.139   715 12861 I [CT]    : Controller 7745273921483883046:
05-05 16:56:55.139   715 12861 I [CT]    : I
05-05 16:56:55.216  2121 12884 I TimeWarp: UpdateClockLevels: Apply pending clock request change: 3,4 -> 3,5
05-05 16:56:55.217  2121 12872 I Clocks  : ReleaseClocks - start
05-05 16:56:55.217   719  2791 D         : CPU_CLUSTER_0: No client requests exists, release clocks
05-05 16:56:55.217   719  2791 D         : CPU_CLUSTER_1: No client requests exists, release clocks
05-05 16:56:55.217   719  2791 D         : GPU: No client requests exists, release clocks
05-05 16:56:55.218   719  2791 D         : CPUBW: No client requests exists, release clocks
05-05 16:56:55.218  2121 12872 I Clocks  : ReleaseClocks - end (1.6 ms)
05-05 16:56:55.218  2121 12872 I Clocks  : LockClocks( cpu=3, gpu=5 ) - start
05-05 16:56:55.222  2121 12872 I Clocks  : CPU levels [0, 4]
05-05 16:56:55.222  2121 12872 I Clocks  : GPU levels [0, 5]
05-05 16:56:55.222   719  2791 D         : CPU_CLUSTER_0: Client 2121 sends freq request [21, 21]
05-05 16:56:55.222   719  2791 D         : CPU_CLUSTER_0: Next Perf Level = (21, 21)
05-05 16:56:55.222   719  2791 D         : CPU_CLUSTER_1: Client 2121 sends freq request [22, 22]
05-05 16:56:55.222   719  2791 D         : CPU_CLUSTER_1: Next Perf Level = (22, 22)
05-05 16:56:55.223   719  2791 D         : CPUBW: Client 2121 sends freq request [8, 11]
05-05 16:56:55.223   719  2791 D         : CPUBW: Next Perf Level = (8, 11)
05-05 16:56:55.223   719  2791 D         : GPU: Client 2121 sends freq request [7, 7]
05-05 16:56:55.223   719  2791 D         : GPU: Next Perf Level = (7, 7)
05-05 16:56:55.224  2121 12872 I Clocks  : LockClocks( cpu=3, gpu=5 ) - end (5.3 ms)
05-05 16:56:55.275   715 12852 I [CT]    : L:Behavior:AtRest: deactivated
05-05 16:56:55.275   715 12852 I [CT]    : AdHocPatch: [Left] t = 83.821s, behavior transition: AtRest -> None at 83.870s
05-05 16:56:55.281  2129  2185 I GuardianSystem: UpdateGuardianSystemState: Flags changed: 524288, 532480
05-05 16:56:55.286   715 12852 I [CT]    : L:Behavior:AtRest: activated
05-05 16:56:55.286   715 12852 I [CT]    : AdHocPatch: [Left] t = 83.831s, behavior transition: None -> AtRest at 83.880s
05-05 16:56:55.306   715 12852 I [CT]    : L:Behavior:AtRest: deactivated
05-05 16:56:55.306   715 12852 I [CT]    : AdHocPatch: [Left] t = 83.851s, behavior transition: AtRest -> None at 83.900s
05-05 16:56:55.313  2129  2375 W VrApi   : ovr_SubmitFrameInternal: FrameIndex discontinuity: Expected 51947, Received 51953
05-05 16:56:55.342  2121 12884 I TimeWarp: UpdateClockLevels: Apply pending clock request change: 3,5 -> 3,4
05-05 16:56:55.342  2121 12872 I Clocks  : ReleaseClocks - start
05-05 16:56:55.342   719 12880 D         : CPU_CLUSTER_0: No client requests exists, release clocks
05-05 16:56:55.342   719 12880 D         : CPU_CLUSTER_1: No client requests exists, release clocks
05-05 16:56:55.343   719 12880 D         : GPU: No client requests exists, release clocks
05-05 16:56:55.343   719 12880 D         : CPUBW: No client requests exists, release clocks
05-05 16:56:55.343  2121 12872 I Clocks  : ReleaseClocks - end (1.2 ms)
05-05 16:56:55.343  2121 12872 I Clocks  : LockClocks( cpu=3, gpu=4 ) - start
05-05 16:56:55.344  2121 12872 I Clocks  : CPU levels [0, 4]
05-05 16:56:55.344  2121 12872 I Clocks  : GPU levels [0, 5]
05-05 16:56:55.344   719 12880 D         : CPU_CLUSTER_0: Client 2121 sends freq request [21, 21]
05-05 16:56:55.344   719 12880 D         : CPU_CLUSTER_0: Next Perf Level = (21, 21)
05-05 16:56:55.344   719 12880 D         : CPU_CLUSTER_1: Client 2121 sends freq request [22, 22]
05-05 16:56:55.344   719 12880 D         : CPU_CLUSTER_1: Next Perf Level = (22, 22)
05-05 16:56:55.344   719 12880 D         : CPUBW: Client 2121 sends freq request [8, 11]
05-05 16:56:55.345   719 12880 D         : CPUBW: Next Perf Level = (8, 11)
05-05 16:56:55.345   719 12880 D         : GPU: Client 2121 sends freq request [6, 6]
05-05 16:56:55.345   719 12880 D         : GPU: Next Perf Level = (6, 6)
05-05 16:56:55.346  2121 12872 I Clocks  : LockClocks( cpu=3, gpu=4 ) - end (2.3 ms)
05-05 16:56:55.378   715 12852 I [CT]    : L:Behavior:AtRest: activated
05-05 16:56:55.378   715 12852 I [CT]    : AdHocPatch: [Left] t = 83.923s, behavior transition: None -> AtRest at 83.972s
05-05 16:56:55.384  2129  2185 I GuardianSystem: UpdateGuardianSystemState: Flags changed: 532480, 524288
05-05 16:56:55.571   715 12798 I [CT]    : boltlib: DSP utilization(%): 15
05-05 16:56:55.692   715 12852 I [CT]    : L:Behavior:AtRest: deactivated
05-05 16:56:55.692   715 12852 I [CT]    : AdHocPatch: [Left] t = 84.237s, behavior transition: AtRest -> None at 84.285s
05-05 16:56:55.700  2129  2185 I GuardianSystem: UpdateGuardianSystemState: Flags changed: 524288, 532480
05-05 16:56:55.705   715 12852 I [CT]    : L:Behavior:AtRest: activated
05-05 16:56:55.705   715 12852 I [CT]    : AdHocPatch: [Left] t = 84.249s, behavior transition: None -> AtRest at 84.297s
05-05 16:56:55.718  2121 12884 I TimeWarp: UpdateClockLevels: Apply pending clock request change: 3,4 -> 3,5
05-05 16:56:55.718  2121 12872 I Clocks  : ReleaseClocks - start
05-05 16:56:55.719   719  2188 D         : CPU_CLUSTER_0: No client requests exists, release clocks
05-05 16:56:55.719   719  2188 D         : CPU_CLUSTER_1: No client requests exists, release clocks
05-05 16:56:55.719   719  2188 D         : GPU: No client requests exists, release clocks
05-05 16:56:55.719   719  2188 D         : CPUBW: No client requests exists, release clocks
05-05 16:56:55.720  2121 12872 I Clocks  : ReleaseClocks - end (1.6 ms)
05-05 16:56:55.720  2121 12872 I Clocks  : LockClocks( cpu=3, gpu=5 ) - start
05-05 16:56:55.721  2121 12872 I Clocks  : CPU levels [0, 4]
05-05 16:56:55.721  2121 12872 I Clocks  : GPU levels [0, 5]
05-05 16:56:55.721   719  2188 D         : CPU_CLUSTER_0: Client 2121 sends freq request [21, 21]
05-05 16:56:55.721   719  2188 D         : CPU_CLUSTER_0: Next Perf Level = (21, 21)
05-05 16:56:55.721   719  2188 D         : CPU_CLUSTER_1: Client 2121 sends freq request [22, 22]
05-05 16:56:55.721   719  2188 D         : CPU_CLUSTER_1: Next Perf Level = (22, 22)
05-05 16:56:55.721   719  2188 D         : CPUBW: Client 2121 sends freq request [8, 11]
05-05 16:56:55.721   719  2188 D         : CPUBW: Next Perf Level = (8, 11)
05-05 16:56:55.722   719  2188 D         : GPU: Client 2121 sends freq request [7, 7]
05-05 16:56:55.722   719  2188 D         : GPU: Next Perf Level = (7, 7)
05-05 16:56:55.722  2121 12872 I Clocks  : LockClocks( cpu=3, gpu=5 ) - end (2.3 ms)
05-05 16:56:55.732  2129  2375 W VrApi   : ovr_SubmitFrameInternal: FrameIndex discontinuity: Expected 51960, Received 51970
05-05 16:56:55.734  2129  2185 I GuardianSystem: UpdateGuardianSystemState: Flags changed: 532480, 524288
05-05 16:56:55.743 12756 13035 I VrApi   : FPS=69,Prd=44ms,Tear=0,Early=0,Stale=1,VSnc=1,Lat=1,Fov=0,CPU4/GPU=2/4,1958/710MHz,OC=FF,TA=0/E0/E0,SP=N/F/F,Mem=1804MHz,Free=1245MB,PSM=0,PLS=0,Temp=32.0C/0.0C,TW=1.49ms,App=14.92ms,GD=3.64ms,CPU&GPU=21.82ms,LCnt=1,GPU%=0.94,CPU%=0.29(W0.38),DSF=1.00
05-05 16:56:55.760  2121 12884 I TimeWarp: UpdateClockLevels: Apply pending clock request change: 3,5 -> 3,4
05-05 16:56:55.760  2121 12872 I Clocks  : ReleaseClocks - start
05-05 16:56:55.760   719  2188 D         : CPU_CLUSTER_0: No client requests exists, release clocks
05-05 16:56:55.760   719  2188 D         : CPU_CLUSTER_1: No client requests exists, release clocks
05-05 16:56:55.760   719  2188 D         : GPU: No client requests exists, release clocks
05-05 16:56:55.761   719  2188 D         : CPUBW: No client requests exists, release clocks
05-05 16:56:55.761  2121 12872 I Clocks  : ReleaseClocks - end (1.1 ms)
05-05 16:56:55.761  2121 12872 I Clocks  : LockClocks( cpu=3, gpu=4 ) - start
05-05 16:56:55.762  2121 12872 I Clocks  : CPU levels [0, 4]
05-05 16:56:55.762  2121 12872 I Clocks  : GPU levels [0, 5]
05-05 16:56:55.762   719   819 D         : CPU_CLUSTER_0: Client 2121 sends freq request [21, 21]
05-05 16:56:55.762   719   819 D         : CPU_CLUSTER_0: Next Perf Level = (21, 21)
05-05 16:56:55.762   719   819 D         : CPU_CLUSTER_1: Client 2121 sends freq request [22, 22]
05-05 16:56:55.762   719   819 D         : CPU_CLUSTER_1: Next Perf Level = (22, 22)
05-05 16:56:55.762   719   819 D         : CPUBW: Client 2121 sends freq request [8, 11]
05-05 16:56:55.762   719   819 D         : CPUBW: Next Perf Level = (8, 11)
05-05 16:56:55.763   719   819 D         : GPU: Client 2121 sends freq request [6, 6]
05-05 16:56:55.763   719   819 D         : GPU: Next Perf Level = (6, 6)
05-05 16:56:55.767  2121 12872 I Clocks  : LockClocks( cpu=3, gpu=4 ) - end (5.8 ms)
05-05 16:56:56.743 12756 13035 I VrApi   : FPS=66,Prd=44ms,Tear=0,Early=0,Stale=20,VSnc=1,Lat=1,Fov=0,CPU4/GPU=3/4,1958/670MHz,OC=FF,TA=0/E0/E0,SP=N/F/F,Mem=1804MHz,Free=1245MB,PSM=0,PLS=0,Temp=32.0C/0.0C,TW=1.27ms,App=13.64ms,GD=1.60ms,CPU&GPU=22.54ms,LCnt=1,GPU%=0.92,CPU%=0.19(W0.28),DSF=1.00
05-05 16:56:56.817   715 12852 I [CT]    : L:Behavior:AtRest: deactivated
05-05 16:56:56.818   715 12852 I [CT]    : AdHocPatch: [Left] t = 85.363s, behavior transition: AtRest -> None at 85.412s
05-05 16:56:56.848  2129  2185 I GuardianSystem: UpdateGuardianSystemState: Flags changed: 524288, 532480
05-05 16:56:56.882  2129  2375 W VrApi   : ovr_SubmitFrameInternal: FrameIndex discontinuity: Expected 51972, Received 52006
05-05 16:56:56.893   715 12852 I [CT]    : L:Behavior:AtRest: activated
05-05 16:56:56.894   715 12852 I [CT]    : AdHocPatch: [Left] t = 85.439s, behavior transition: None -> AtRest at 85.488s
05-05 16:56:56.896  2129  2185 I GuardianSystem: UpdateGuardianSystemState: Flags changed: 532480, 524288
05-05 16:56:57.028   715 12860 I [CT]    : MANAGEMENT:CONSTELLATION: Status=GREEN,, Obj=4212769887286730484,6DOF=1 (estimated),Issues(Cam/min=  0,IMU/min=0), Obj=7745273921483883046,6DOF=1,FusJit=0.0mm,Issues(Cam/min=  0,IMU/min=0)
05-05 16:56:57.045   715 12852 I [CT]    : L:Behavior:AtRest: deactivated
05-05 16:56:57.046   715 12852 I [CT]    : AdHocPatch: [Left] t = 85.591s, behavior transition: AtRest -> None at 85.640s
05-05 16:56:57.056   715 12852 I [CT]    : L:Behavior:AtRest: activated
05-05 16:56:57.056   715 12852 I [CT]    : AdHocPatch: [Left] t = 85.601s, behavior transition: None -> AtRest at 85.650s
05-05 16:56:57.075   715 12852 I [CT]    : L:Behavior:AtRest: deactivated
05-05 16:56:57.076   715 12852 I [CT]    : AdHocPatch: [Left] t = 85.621s, behavior transition: AtRest -> None at 85.670s
05-05 16:56:57.078  2129  2185 I GuardianSystem: UpdateGuardianSystemState: Flags changed: 524288, 532480
05-05 16:56:57.111  2129  2375 W VrApi   : ovr_SubmitFrameInternal: FrameIndex discontinuity: Expected 52009, Received 52015
05-05 16:56:57.194   715 12852 I [CT]    : L:Behavior:AtRest: activated
05-05 16:56:57.194   715 12852 I [CT]    : AdHocPatch: [Left] t = 85.739s, behavior transition: None -> AtRest at 85.787s
05-05 16:56:57.196  2129  2185 I GuardianSystem: UpdateGuardianSystemState: Flags changed: 532480, 524288
05-05 16:56:57.221  2121 12884 I TimeWarp: UpdateClockLevels: Apply pending clock request change: 3,4 -> 3,5
05-05 16:56:57.221  2121 12872 I Clocks  : ReleaseClocks - start
05-05 16:56:57.225   719  2043 D         : CPU_CLUSTER_0: No client requests exists, release clocks
05-05 16:56:57.225   719  2043 D         : CPU_CLUSTER_1: No client requests exists, release clocks
05-05 16:56:57.225   719  2043 D         : GPU: No client requests exists, release clocks
05-05 16:56:57.226   719  2043 D         : CPUBW: No client requests exists, release clocks
05-05 16:56:57.226  2121 12872 I Clocks  : ReleaseClocks - end (4.9 ms)
05-05 16:56:57.226  2121 12872 I Clocks  : LockClocks( cpu=3, gpu=5 ) - start
05-05 16:56:57.227  2121 12872 I Clocks  : CPU levels [0, 4]
05-05 16:56:57.227  2121 12872 I Clocks  : GPU levels [0, 5]
05-05 16:56:57.229   719  2043 D         : CPU_CLUSTER_0: Client 2121 sends freq request [21, 21]
05-05 16:56:57.229   719  2043 D         : CPU_CLUSTER_0: Next Perf Level = (21, 21)
05-05 16:56:57.230   719  2043 D         : CPU_CLUSTER_1: Client 2121 sends freq request [22, 22]
05-05 16:56:57.230   719  2043 D         : CPU_CLUSTER_1: Next Perf Level = (22, 22)
05-05 16:56:57.230   719  2043 D         : CPUBW: Client 2121 sends freq request [8, 11]
05-05 16:56:57.230   719  2043 D         : CPUBW: Next Perf Level = (8, 11)
05-05 16:56:57.230   719  2043 D         : GPU: Client 2121 sends freq request [7, 7]
05-05 16:56:57.230   719  2043 D         : GPU: Next Perf Level = (7, 7)
05-05 16:56:57.231  2121 12872 I Clocks  : LockClocks( cpu=3, gpu=5 ) - end (4.5 ms)
05-05 16:56:57.486   715 12852 I [CT]    : L:Behavior:AtRest: deactivated
05-05 16:56:57.486   715 12852 I [CT]    : AdHocPatch: [Left] t = 86.031s, behavior transition: AtRest -> None at 86.079s
05-05 16:56:57.505   715 12852 I [CT]    : L:Behavior:AtRest: activated
05-05 16:56:57.505   715 12852 I [CT]    : AdHocPatch: [Left] t = 86.049s, behavior transition: None -> AtRest at 86.097s
05-05 16:56:57.512   715 12852 I [CT]    : L:Behavior:AtRest: deactivated
05-05 16:56:57.512   715 12852 I [CT]    : AdHocPatch: [Left] t = 86.057s, behavior transition: AtRest -> None at 86.105s
05-05 16:56:57.544  2129  2185 I GuardianSystem: UpdateGuardianSystemState: Flags changed: 524288, 532480
05-05 16:56:57.574   715 12852 I [CT]    : L:Behavior:AtRest: activated
05-05 16:56:57.574   715 12852 I [CT]    : AdHocPatch: [Left] t = 86.119s, behavior transition: None -> AtRest at 86.167s
05-05 16:56:57.579  2129  2375 W VrApi   : ovr_SubmitFrameInternal: FrameIndex discontinuity: Expected 52023, Received 52034
05-05 16:56:57.581  2129  2185 I GuardianSystem: UpdateGuardianSystemState: Flags changed: 532480, 524288
05-05 16:56:57.751 12756 13035 I VrApi   : FPS=71,Prd=44ms,Tear=0,Early=0,Stale=8,VSnc=1,Lat=1,Fov=0,CPU4/GPU=3/4,1958/710MHz,OC=FF,TA=0/E0/E0,SP=N/F/F,Mem=1804MHz,Free=1245MB,PSM=0,PLS=0,Temp=32.0C/0.0C,TW=1.32ms,App=14.68ms,GD=2.19ms,CPU&GPU=18.17ms,LCnt=1,GPU%=0.98,CPU%=0.20(W0.29),DSF=1.00
05-05 16:56:57.848  2121 12884 I TimeWarp: UpdateClockLevels: Apply pending clock request change: 3,5 -> 3,4
05-05 16:56:57.848  2121 12872 I Clocks  : ReleaseClocks - start
05-05 16:56:57.849   719  2043 D         : CPU_CLUSTER_0: No client requests exists, release clocks
05-05 16:56:57.849   719  2043 D         : CPU_CLUSTER_1: No client requests exists, release clocks
05-05 16:56:57.849   719  2043 D         : GPU: No client requests exists, release clocks
05-05 16:56:57.850   719  2043 D         : CPUBW: No client requests exists, release clocks
05-05 16:56:57.850  2121 12872 I Clocks  : ReleaseClocks - end (1.5 ms)
05-05 16:56:57.850  2121 12872 I Clocks  : LockClocks( cpu=3, gpu=4 ) - start
05-05 16:56:57.851  2121 12872 I Clocks  : CPU levels [0, 4]
05-05 16:56:57.851  2121 12872 I Clocks  : GPU levels [0, 5]
05-05 16:56:57.851   719  2043 D         : CPU_CLUSTER_0: Client 2121 sends freq request [21, 21]
05-05 16:56:57.851   719  2043 D         : CPU_CLUSTER_0: Next Perf Level = (21, 21)
05-05 16:56:57.851   719  2043 D         : CPU_CLUSTER_1: Client 2121 sends freq request [22, 22]
05-05 16:56:57.851   719  2043 D         : CPU_CLUSTER_1: Next Perf Level = (22, 22)
05-05 16:56:57.851   719  2043 D         : CPUBW: Client 2121 sends freq request [8, 11]
05-05 16:56:57.851   719  2043 D         : CPUBW: Next Perf Level = (8, 11)
05-05 16:56:57.852   719  2043 D         : GPU: Client 2121 sends freq request [6, 6]
05-05 16:56:57.852   719  2043 D         : GPU: Next Perf Level = (6, 6)
05-05 16:56:57.852  2121 12872 I Clocks  : LockClocks( cpu=3, gpu=4 ) - end (2.1 ms)
05-05 16:56:58.178   715 12861 I [CT]    : VIPER:MAP_MANAGER: State: TRACKING_PERSISTENT, UUID=d18585e8-d288-4997-b6ff-78495c7eed6a, Num. Persistent maps = 1,  Persistent maps:d18585e8-d288-4997-b6ff-78495c7eed6a,, Ser. Disabled = 00000000-0000-0000-0000-000000000000
05-05 16:56:58.218   715 12861 I [CT]    : VIPER: Status=6DoF,TRACKING,KF=132,Inl=218,Pts=372,Jit=0.1mm,Issues(Cam/min=0.0,IMU/min=0.0),Exp=(9.9ms,g=13.0,I=68)(8.1ms,g=9.0,I=69)(9.9ms,g=13.0,I=75)(6.9ms,g=7.0,I=69)
05-05 16:56:58.742 12756 13035 I VrApi   : FPS=68,Prd=44ms,Tear=0,Early=0,Stale=11,VSnc=1,Lat=1,Fov=0,CPU4/GPU=3/4,1958/670MHz,OC=FF,TA=0/E0/E0,SP=N/F/F,Mem=1804MHz,Free=1243MB,PSM=0,PLS=0,Temp=32.0C/0.0C,TW=1.23ms,App=13.67ms,GD=0.00ms,CPU&GPU=22.23ms,LCnt=1,GPU%=0.98,CPU%=0.31(W0.38),DSF=1.00
05-05 16:56:59.408  2121 12884 I TimeWarp: UpdateClockLevels: Apply pending clock request change: 3,4 -> 2,4
05-05 16:56:59.408  2121 12872 I Clocks  : ReleaseClocks - start
05-05 16:56:59.408   719   819 D         : CPU_CLUSTER_0: No client requests exists, release clocks
05-05 16:56:59.408   719   819 D         : CPU_CLUSTER_1: No client requests exists, release clocks
05-05 16:56:59.408   719   819 D         : GPU: No client requests exists, release clocks
05-05 16:56:59.409   719   819 D         : CPUBW: No client requests exists, release clocks
05-05 16:56:59.409  2121 12872 I Clocks  : ReleaseClocks - end (1.7 ms)
05-05 16:56:59.409  2121 12872 I Clocks  : LockClocks( cpu=2, gpu=4 ) - start
05-05 16:56:59.410  2121 12872 I Clocks  : CPU levels [0, 4]
05-05 16:56:59.410  2121 12872 I Clocks  : GPU levels [0, 5]
05-05 16:56:59.410   719   819 D         : CPU_CLUSTER_0: Client 2121 sends freq request [21, 21]
05-05 16:56:59.410   719   819 D         : CPU_CLUSTER_0: Next Perf Level = (21, 21)
05-05 16:56:59.410   719   819 D         : CPU_CLUSTER_1: Client 2121 sends freq request [18, 18]
05-05 16:56:59.410   719   819 D         : CPU_CLUSTER_1: Next Perf Level = (18, 18)
05-05 16:56:59.410   719   819 D         : CPUBW: Client 2121 sends freq request [8, 11]
05-05 16:56:59.411   719   819 D         : CPUBW: Next Perf Level = (8, 11)
05-05 16:56:59.411   719   819 D         : GPU: Client 2121 sends freq request [6, 6]
05-05 16:56:59.411   719   819 D         : GPU: Next Perf Level = (6, 6)
05-05 16:56:59.411  2121 12872 I Clocks  : LockClocks( cpu=2, gpu=4 ) - end (1.8 ms)
05-05 16:56:59.545   715 12852 I [CT]    : L:Behavior:AtRest: deactivated
05-05 16:56:59.545   715 12852 I [CT]    : AdHocPatch: [Left] t = 88.086s, behavior transition: AtRest -> None at 88.134s
05-05 16:56:59.551   715 12852 I [CT]    : L:Behavior:AtRest: activated
05-05 16:56:59.552   715 12852 I [CT]    : AdHocPatch: [Left] t = 88.096s, behavior transition: None -> AtRest at 88.144s
05-05 16:56:59.565   715 12852 I [CT]    : L:Behavior:AtRest: deactivated
05-05 16:56:59.566   715 12852 I [CT]    : AdHocPatch: [Left] t = 88.110s, behavior transition: AtRest -> None at 88.158s
05-05 16:56:59.569  2129  2185 I GuardianSystem: UpdateGuardianSystemState: Flags changed: 524288, 532480
05-05 16:56:59.597  2129  2375 W VrApi   : ovr_SubmitFrameInternal: FrameIndex discontinuity: Expected 52036, Received 52096
05-05 16:56:59.662   715 12852 I [CT]    : L:Behavior:AtRest: activated
05-05 16:56:59.662   715 12852 I [CT]    : AdHocPatch: [Left] t = 88.204s, behavior transition: None -> AtRest at 88.252s
05-05 16:56:59.668  2129  2185 I GuardianSystem: UpdateGuardianSystemState: Flags changed: 532480, 524288
05-05 16:56:59.728  2121 12884 I TimeWarp: UpdateClockLevels: Apply pending clock request change: 2,4 -> 2,5
05-05 16:56:59.728  2121 12872 I Clocks  : ReleaseClocks - start
05-05 16:56:59.729   719   719 D         : CPU_CLUSTER_0: No client requests exists, release clocks
05-05 16:56:59.729   719   719 D         : CPU_CLUSTER_1: No client requests exists, release clocks
05-05 16:56:59.729   719   719 D         : GPU: No client requests exists, release clocks
05-05 16:56:59.729   719   719 D         : CPUBW: No client requests exists, release clocks
05-05 16:56:59.730  2121 12872 I Clocks  : ReleaseClocks - end (1.8 ms)
05-05 16:56:59.730  2121 12872 I Clocks  : LockClocks( cpu=2, gpu=5 ) - start
05-05 16:56:59.731  2121 12872 I Clocks  : CPU levels [0, 4]
05-05 16:56:59.731  2121 12872 I Clocks  : GPU levels [0, 5]
05-05 16:56:59.731   719   719 D         : CPU_CLUSTER_0: Client 2121 sends freq request [21, 21]
05-05 16:56:59.731   719   719 D         : CPU_CLUSTER_0: Next Perf Level = (21, 21)
05-05 16:56:59.731   719   719 D         : CPU_CLUSTER_1: Client 2121 sends freq request [18, 18]
05-05 16:56:59.731   719   719 D         : CPU_CLUSTER_1: Next Perf Level = (18, 18)
05-05 16:56:59.731   719   719 D         : CPUBW: Client 2121 sends freq request [8, 11]
05-05 16:56:59.731   719   719 D         : CPUBW: Next Perf Level = (8, 11)
05-05 16:56:59.731   719   719 D         : GPU: Client 2121 sends freq request [7, 7]
05-05 16:56:59.732   719   719 D         : GPU: Next Perf Level = (7, 7)
05-05 16:56:59.732  2121 12872 I Clocks  : LockClocks( cpu=2, gpu=5 ) - end (2.1 ms)
05-05 16:56:59.746 12756 13035 I VrApi   : FPS=72,Prd=45ms,Tear=0,Early=0,Stale=1,VSnc=1,Lat=1,Fov=0,CPU4/GPU=3/4,1651/710MHz,OC=FF,TA=0/E0/E0,SP=N/F/F,Mem=1017MHz,Free=1242MB,PSM=0,PLS=0,Temp=32.0C/0.0C,TW=1.24ms,App=13.49ms,GD=0.00ms,CPU&GPU=17.40ms,LCnt=1,GPU%=0.97,CPU%=0.32(W0.35),DSF=1.00
05-05 16:56:59.851   715 12852 I [CT]    : L:Behavior:AtRest: deactivated
05-05 16:56:59.852   715 12852 I [CT]    : AdHocPatch: [Left] t = 88.396s, behavior transition: AtRest -> None at 88.444s
05-05 16:56:59.857  2121  2305 I InputManager: HOME BUTTON shared state changed:  hardwar ID 7745273921483883046  UpdateCount: 1 
05-05 16:56:59.858 12756 12774 I InputHooks_Internal: Home Button
05-05 16:56:59.858 12756 12774 I InputHooks_Internal: source is remote, so not setting home key, letting that come from tracking service
05-05 16:56:59.865   715 12852 I [CT]    : L:Behavior:AtRest: activated
05-05 16:56:59.865   715 12852 I [CT]    : AdHocPatch: [Left] t = 88.408s, behavior transition: None -> AtRest at 88.456s
05-05 16:56:59.869 12756 13034 I InputHooks_Internal: SetHomeButtonDownState hw:  6b7cbd986a24c226 source: 1698898178 time 11541.7
05-05 16:56:59.870  2121  2311 I RecenterTimer: (11541.7313) StartTimer(1.00 0.50)
05-05 16:56:59.873   715 12852 I [CT]    : L:Behavior:AtRest: deactivated
05-05 16:56:59.873   715 12852 I [CT]    : AdHocPatch: [Left] t = 88.418s, behavior transition: AtRest -> None at 88.466s
05-05 16:56:59.883  2129  2185 I GuardianSystem: UpdateGuardianSystemState: Flags changed: 524288, 532480
05-05 16:56:59.887   715 12852 I [CT]    : L:Behavior:AtRest: activated
05-05 16:56:59.887   715 12852 I [CT]    : AdHocPatch: [Left] t = 88.432s, behavior transition: None -> AtRest at 88.480s
05-05 16:56:59.915  2129  2375 W VrApi   : ovr_SubmitFrameInternal: FrameIndex discontinuity: Expected 52103, Received 52110
05-05 16:56:59.917  2129  2185 I GuardianSystem: UpdateGuardianSystemState: Flags changed: 532480, 524288
05-05 16:56:59.937  2121 12884 I TimeWarp: UpdateClockLevels: Apply pending clock request change: 2,5 -> 2,4
05-05 16:56:59.937  2121 12872 I Clocks  : ReleaseClocks - start
05-05 16:56:59.938   719  2791 D         : CPU_CLUSTER_0: No client requests exists, release clocks
05-05 16:56:59.939   719  2791 D         : CPU_CLUSTER_1: No client requests exists, release clocks
05-05 16:56:59.949   719  2791 D         : GPU: No client requests exists, release clocks
05-05 16:56:59.950   719  2791 D         : CPUBW: No client requests exists, release clocks
05-05 16:56:59.950  2121 12872 I Clocks  : ReleaseClocks - end (12.9 ms)
05-05 16:56:59.950  2121 12872 I Clocks  : LockClocks( cpu=2, gpu=4 ) - start
05-05 16:56:59.951  2121 12872 I Clocks  : CPU levels [0, 4]
05-05 16:56:59.951  2121 12872 I Clocks  : GPU levels [0, 5]
05-05 16:56:59.951   719  2791 D         : CPU_CLUSTER_0: Client 2121 sends freq request [21, 21]
05-05 16:56:59.951   719  2791 D         : CPU_CLUSTER_0: Next Perf Level = (21, 21)
05-05 16:56:59.952   719  2791 D         : CPU_CLUSTER_1: Client 2121 sends freq request [18, 18]
05-05 16:56:59.952   719  2791 D         : CPU_CLUSTER_1: Next Perf Level = (18, 18)
05-05 16:56:59.952   719  2791 D         : CPUBW: Client 2121 sends freq request [8, 11]
05-05 16:56:59.952   719  2791 D         : CPUBW: Next Perf Level = (8, 11)
05-05 16:56:59.952   719  2791 D         : GPU: Client 2121 sends freq request [6, 6]
05-05 16:56:59.952   719  2791 D         : GPU: Next Perf Level = (6, 6)
05-05 16:56:59.952  2121 12872 I Clocks  : LockClocks( cpu=2, gpu=4 ) - end (2.2 ms)
05-05 16:56:59.956   715 12852 I [CT]    : L:Behavior:AtRest: deactivated
05-05 16:56:59.956   715 12852 I [CT]    : AdHocPatch: [Left] t = 88.500s, behavior transition: AtRest -> None at 88.550s
05-05 16:56:59.966  2129  2185 I GuardianSystem: UpdateGuardianSystemState: Flags changed: 524288, 532480
05-05 16:56:59.998  2129  2375 W VrApi   : ovr_SubmitFrameInternal: FrameIndex discontinuity: Expected 52112, Received 52114
05-05 16:57:00.027 12756 12774 I InputHooks_Internal: Home Button
05-05 16:57:00.027 12756 12774 I InputHooks_Internal: source is remote, so not setting home key, letting that come from tracking service
05-05 16:57:00.038  2121  2305 I InputManager: HOME BUTTON shared state changed:  hardwar ID 7745273921483883046  UpdateCount: 2 
05-05 16:57:00.067 12756 13034 I InputHooks_Internal: SetHomeButtonUpState hw:  6b7cbd986a24c226 source: 1698898178 time 11541.9
05-05 16:57:00.098   715 12852 I [CT]    : L:Behavior:AtRest: activated
05-05 16:57:00.098   715 12852 I [CT]    : AdHocPatch: [Left] t = 88.642s, behavior transition: None -> AtRest at 88.692s
05-05 16:57:00.111  2129  2185 I GuardianSystem: UpdateGuardianSystemState: Flags changed: 532480, 524288
05-05 16:57:00.145  2121 12884 I TimeWarp: UpdateClockLevels: Apply pending clock request change: 2,4 -> 3,4
05-05 16:57:00.146  2121 12872 I Clocks  : ReleaseClocks - start
05-05 16:57:00.146   719  2188 D         : CPU_CLUSTER_0: No client requests exists, release clocks
05-05 16:57:00.146   719  2188 D         : CPU_CLUSTER_1: No client requests exists, release clocks
05-05 16:57:00.147   719  2188 D         : GPU: No client requests exists, release clocks
05-05 16:57:00.147   719  2188 D         : CPUBW: No client requests exists, release clocks
05-05 16:57:00.147  2121 12872 I Clocks  : ReleaseClocks - end (1.2 ms)
05-05 16:57:00.147  2121 12872 I Clocks  : LockClocks( cpu=3, gpu=4 ) - start
05-05 16:57:00.149  2121 12872 I Clocks  : CPU levels [0, 4]
05-05 16:57:00.149  2121 12872 I Clocks  : GPU levels [0, 5]
05-05 16:57:00.149   719  2188 D         : CPU_CLUSTER_0: Client 2121 sends freq request [21, 21]
05-05 16:57:00.149   719  2188 D         : CPU_CLUSTER_0: Next Perf Level = (21, 21)
05-05 16:57:00.149   719  2188 D         : CPU_CLUSTER_1: Client 2121 sends freq request [22, 22]
05-05 16:57:00.150   719  2188 D         : CPU_CLUSTER_1: Next Perf Level = (22, 22)
05-05 16:57:00.150   719  2188 D         : CPUBW: Client 2121 sends freq request [8, 11]
05-05 16:57:00.150   719  2188 D         : CPUBW: Next Perf Level = (8, 11)
05-05 16:57:00.150   719  2188 D         : GPU: Client 2121 sends freq request [6, 6]
05-05 16:57:00.150   719  2188 D         : GPU: Next Perf Level = (6, 6)
05-05 16:57:00.150  2121 12872 I Clocks  : LockClocks( cpu=3, gpu=4 ) - end (3.2 ms)
05-05 16:57:00.212   715 12852 I [CT]    : L:Behavior:AtRest: deactivated
05-05 16:57:00.212   715 12852 I [CT]    : AdHocPatch: [Left] t = 88.756s, behavior transition: AtRest -> None at 88.806s
05-05 16:57:00.225   715 12852 I [CT]    : L:Behavior:AtRest: activated
05-05 16:57:00.225   715 12852 I [CT]    : AdHocPatch: [Left] t = 88.768s, behavior transition: None -> AtRest at 88.818s
05-05 16:57:00.229  2121 12884 I TimeWarp: UpdateClockLevels: Apply pending clock request change: 3,4 -> 3,5
05-05 16:57:00.229  2121 12872 I Clocks  : ReleaseClocks - start
05-05 16:57:00.230   719  2043 D         : CPU_CLUSTER_0: No client requests exists, release clocks
05-05 16:57:00.230   719  2043 D         : CPU_CLUSTER_1: No client requests exists, release clocks
05-05 16:57:00.230   719  2043 D         : GPU: No client requests exists, release clocks
05-05 16:57:00.231   719  2043 D         : CPUBW: No client requests exists, release clocks
05-05 16:57:00.231  2121 12872 I Clocks  : ReleaseClocks - end (1.8 ms)
05-05 16:57:00.231  2121 12872 I Clocks  : LockClocks( cpu=3, gpu=5 ) - start
05-05 16:57:00.232  2121 12872 I Clocks  : CPU levels [0, 4]
05-05 16:57:00.232  2121 12872 I Clocks  : GPU levels [0, 5]
05-05 16:57:00.232   719  2043 D         : CPU_CLUSTER_0: Client 2121 sends freq request [21, 21]
05-05 16:57:00.232   719  2043 D         : CPU_CLUSTER_0: Next Perf Level = (21, 21)
05-05 16:57:00.232   719  2043 D         : CPU_CLUSTER_1: Client 2121 sends freq request [22, 22]
05-05 16:57:00.232   719  2043 D         : CPU_CLUSTER_1: Next Perf Level = (22, 22)
05-05 16:57:00.232   719  2043 D         : CPUBW: Client 2121 sends freq request [8, 11]
05-05 16:57:00.232   719  2043 D         : CPUBW: Next Perf Level = (8, 11)
05-05 16:57:00.233   719  2043 D         : GPU: Client 2121 sends freq request [7, 7]
05-05 16:57:00.233   719  2043 D         : GPU: Next Perf Level = (7, 7)
05-05 16:57:00.233  2121 12872 I Clocks  : LockClocks( cpu=3, gpu=5 ) - end (1.9 ms)
05-05 16:57:00.239   715 12852 I [CT]    : L:Behavior:AtRest: deactivated
05-05 16:57:00.240   715 12852 I [CT]    : AdHocPatch: [Left] t = 88.784s, behavior transition: AtRest -> None at 88.834s
05-05 16:57:00.260  2129  2185 I GuardianSystem: UpdateGuardianSystemState: Flags changed: 524288, 532480
05-05 16:57:00.293  2129  2375 W VrApi   : ovr_SubmitFrameInternal: FrameIndex discontinuity: Expected 52124, Received 52129
05-05 16:57:00.322 12756 13034 I SystemUtils_Internal: ovrSystemUtils::StartSystemActivity: confirmQuit (null)
05-05 16:57:00.323 12756 13034 D SystemUtils: Package com.oculus.systemactivities exists on device
05-05 16:57:00.323 12756 13034 I SystemUtils_Internal: Package com.oculus.systemactivities : INSTALLED
05-05 16:57:00.323 12756 13034 I SystemUtils_Internal: Using Anytime UI for cmd: confirmQuit
05-05 16:57:00.323 12756 13034 D SystemUtils: sendBroadcastIntent - action: 'com.oculus.vrshell.intent.action.LAUNCH' data: 'systemux://dialog/exit'intent_pkg: com.YourCompany.ToysGame
05-05 16:57:00.324 12756 13034 D SystemUtils: VR Shell isn't running.
05-05 16:57:00.328  2121  2141 I ScreenCaptureBase: Screen Capture Command:2
05-05 16:57:00.352   715 12852 I [CT]    : L:Behavior:AtRest: activated
05-05 16:57:00.352  1823  1823 D [OAR] ShellControlBroadcastReceiver: onReceive with MainActivity native pointer 3829282040, action com.oculus.vrshell.intent.action.LAUNCH
05-05 16:57:00.352   715 12852 I [CT]    : AdHocPatch: [Left] t = 88.897s, behavior transition: None -> AtRest at 88.945s
05-05 16:57:00.353  1823  1823 D [OAR] ShellApplication: ShellEnv is backgrounded or not running.
05-05 16:57:00.353  1823  1823 D [OAR] BroadcastReceiverHelpers: Data URI is systemux://dialog/exit
05-05 16:57:00.356  1061  1606 I ActivityManager: START u0 {act=com.oculus.vrshell.intent.action.LAUNCH flg=0x10000000 pkg=com.oculus.vrshell cmp=com.oculus.vrshell/.MainActivity (has extras)} from uid 10028 on display 0
05-05 16:57:00.359 12756 12756 D UE4     : [GameActivity] onPause: stop memory reporter runnable
05-05 16:57:00.359 12756 12756 D UE4     : [GameActivity] Unregistering sensor listeners
05-05 16:57:00.360 12756 12774 D UE4     : [2020.05.05-14.57.00:359][ 40]LogAndroid: Case APP_CMD_LOST_FOCUS
05-05 16:57:00.360 12756 12774 D UE4     : LogAndroidEvents::EnqueueAppEvent : 10, [width=-1, height=-1], tid = 12774, APP_EVENT_STATE_WINDOW_LOST_FOCUS
05-05 16:57:00.360 12756 12774 D UE4     : Case APP_CMD_PAUSE
05-05 16:57:00.360 12756 12774 D UE4     : [2020.05.05-14.57.00:360][ 40]LogAndroid: Case APP_CMD_PAUSE
05-05 16:57:00.360 12756 12774 D UE4     : LogAndroidEvents::EnqueueAppEvent : 6, [width=-1, height=-1], tid = 12774, APP_EVENT_STATE_ON_PAUSE
05-05 16:57:00.360 12756 12774 D UE4     : [2020.05.05-14.57.00:360][ 40]LogAndroid: event thread, suspending app, acquiring HW window lock.
05-05 16:57:00.360 12756 12774 D UE4     : LogAndroidEvents::EnqueueAppEvent : 15, [width=-1, height=-1], tid = 12774, APP_EVENT_RUN_CALLBACK
05-05 16:57:00.360 12756 12774 D UE4     : [2020.05.05-14.57.00:360][ 40]LogAndroid: AndroidEGL::  SuspendApp_EventThread, waiting for event manager to process. tid: 12774
05-05 16:57:00.360 12756 12756 D UE4     : [GameActivity] ==============> GameActive.onPause complete!
05-05 16:57:00.364 12756 12773 D UE4     : [2020.05.05-14.57.00:363][ 41]LogAndroidEvents: Display: LogAndroidEvents::DequeueAppEvent : 10, [width=-1, height=-1], APP_EVENT_STATE_WINDOW_LOST_FOCUS
05-05 16:57:00.364 12756 12773 D UE4     : FAppEventManager::Tick processing, 10
05-05 16:57:00.364 12756 12773 D UE4     : [2020.05.05-14.57.00:364][ 41]LogAndroidEvents: Display: LogAndroidEvents::DequeueAppEvent : 6, [width=-1, height=-1], APP_EVENT_STATE_ON_PAUSE
05-05 16:57:00.364 12756 12773 D UE4     : FAppEventManager::Tick processing, 6
05-05 16:57:00.364 12756 12773 D UE4     : [2020.05.05-14.57.00:364][ 41]LogVulkanRHI: FVulkanPipelineStateCacheManager: skipped saving because we only save if the PSOFC based one failed to load.
05-05 16:57:00.364 12756 12773 D UE4     : [2020.05.05-14.57.00:364][ 41]LogAndroidEvents: Display: LogAndroidEvents::DequeueAppEvent : 15, [width=-1, height=-1], APP_EVENT_RUN_CALLBACK
05-05 16:57:00.364 12756 12773 D UE4     : FAppEventManager::Tick processing, 15
05-05 16:57:00.364 12756 12773 D UE4     : [2020.05.05-14.57.00:364][ 41]LogAndroidEvents: Display: Event thread callback running.
05-05 16:57:00.364 12756 12773 D UE4     : [2020.05.05-14.57.00:364][ 41]LogAndroid: performing app backgrounding callback. 0x7f3f675ae0
05-05 16:57:00.365  2129  2185 I GuardianSystem: UpdateGuardianSystemState: Flags changed: 532480, 524288
05-05 16:57:00.368  2121 12884 V Appshot : Appshot client set to com.YourCompany.ToysGame
05-05 16:57:00.368  2121 12884 I CaptureSurfaceManager: Capture NativeWindow: 768 x 768 fmt 1
05-05 16:57:00.369  2121 12884 I CaptureSurfaceManager: Surface Size 768x768
05-05 16:57:00.375  2121 12884 I Distortion: SetLensPositions - iad=0.063, left offset=0.000250001,0, right offset=-0.000250001,0
05-05 16:57:00.375  2121 12884 I DistortionMesh: LoadDistortionMeshFromMemory
05-05 16:57:00.376  2121 12884 I TimeWarpProgs: loaded binary layerProgram 2:0x8087:0x0 in 0.7 ms
05-05 16:57:00.390  1765  1960 E Parcel  : Reading a NULL string not supported here.
05-05 16:57:00.390  1765  1960 E Parcel  : Reading a NULL string not supported here.
05-05 16:57:00.390  1765  1778 E Parcel  : Reading a NULL string not supported here.
05-05 16:57:00.390  1765  1960 E Parcel  : Reading a NULL string not supported here.
05-05 16:57:00.390  1765  1778 E Parcel  : Reading a NULL string not supported here.
05-05 16:57:00.391  1765  1960 E Parcel  : Reading a NULL string not supported here.
05-05 16:57:00.391  1765  1778 E Parcel  : Reading a NULL string not supported here.
05-05 16:57:00.391  1765  1960 E Parcel  : Reading a NULL string not supported here.
05-05 16:57:00.391  1823  1823 D [OAR] MainActivity: onNewIntent()
05-05 16:57:00.391  1765  1781 E Parcel  : Reading a NULL string not supported here.
05-05 16:57:00.391  1765  2628 E Parcel  : Reading a NULL string not supported here.
05-05 16:57:00.391  1765  1781 E Parcel  : Reading a NULL string not supported here.
05-05 16:57:00.391  1765  2628 E Parcel  : Reading a NULL string not supported here.
05-05 16:57:00.391  1765  1781 E Parcel  : Reading a NULL string not supported here.
05-05 16:57:00.391  1765  7457 E Parcel  : Reading a NULL string not supported here.
05-05 16:57:00.391  1823  1901 I [OAR] ShellApp: 0xd3b8e358 msg: intent
05-05 16:57:00.391  1765  1778 E Parcel  : Reading a NULL string not supported here.
05-05 16:57:00.391  1823  1901 I [OAR] SystemUXController: System UX, targetComponent = systemux://dialog/exit, uri = , returnComponent = com.YourCompany.ToysGame/com.epicgames.ue4.GameActivity
05-05 16:57:00.391  1823  1901 I [OAR] DialogControllerManager: Dialog parsed URI, scheme = systemux, host = dialog, path = exit
05-05 16:57:00.391  1823  1901 I [OAR] DialogControllerManager: Queuing pending dialog systemux://dialog/exit - command uri systemux://dialog/exit
05-05 16:57:00.391  1823  1901 I [OAR] SystemUXController: Registering pending Dialog launch for 10 - overwriting existing launch? false.
05-05 16:57:00.391  1765 11654 E Parcel  : Reading a NULL string not supported here.
05-05 16:57:00.392  1765  1781 D AudioRecord: updateAppOpsRecordAudio: checkOp OP_RECORD_AUDIO for com.oculus.horizon returns: 0 (ALLOWED)
05-05 16:57:00.394 12756 12768 E Parcel  : Reading a NULL string not supported here.
05-05 16:57:00.395  1765 12280 E Parcel  : Reading a NULL string not supported here.
05-05 16:57:00.396  1765  2628 E Parcel  : Reading a NULL string not supported here.
05-05 16:57:00.396  1765 11733 E Parcel  : Reading a NULL string not supported here.
05-05 16:57:00.396  1765  1945 E Parcel  : Reading a NULL string not supported here.
05-05 16:57:00.396  1765 10441 E Parcel  : Reading a NULL string not supported here.
05-05 16:57:00.397 12756 12768 D AudioTrack: updateAppOpsPlayAudio: checkOp OP_PLAY_AUDIO for com.YourCompany.ToysGame returns: 1 (IGNORED)
05-05 16:57:00.397 12756 12768 I AudioTrack: updateAppOpsPlayAudio: pausing audio thread
05-05 16:57:00.397 12756 12768 E Parcel  : Reading a NULL string not supported here.
05-05 16:57:00.397  1765  7457 E Parcel  : Reading a NULL string not supported here.
05-05 16:57:00.398  1765 11654 E Parcel  : Reading a NULL string not supported here.
05-05 16:57:00.398  1765  1781 E Parcel  : Reading a NULL string not supported here.
05-05 16:57:00.398  1765  1781 E Parcel  : Reading a NULL string not supported here.
05-05 16:57:00.398  1765  1778 E Parcel  : Reading a NULL string not supported here.
