05-15 15:09:36.565  3308  3308 D SoLoader: liblog.so not found on /system/vendor/lib
05-15 15:09:36.566  3308  3308 D SoLoader: liblog.so found on /system/lib
05-15 15:09:36.566  3308  3308 D SoLoader: liblog.so loaded implicitly
05-15 15:09:36.566  3308  3308 D SoLoader: Loaded: liblog.so
05-15 15:09:36.572  3308  3308 D SoLoader: Loaded: libfbjni.so
05-15 15:09:36.581  3308  3308 I PanelService: onCreate()
05-15 15:09:36.583  3308  3308 I PanelService: end of onCreate()
05-15 15:09:36.583  3308  3308 I SingletonPanelService: Loading library home
05-15 15:09:36.624  3308  3327 D APIInterceptor: intercept original headers:
05-15 15:09:36.624  3308  3327 D APIInterceptor: Host: graph.oculus.com
05-15 15:09:36.624  3308  3327 D APIInterceptor: Connection: Keep-Alive
05-15 15:09:36.624  3308  3327 D APIInterceptor: Accept-Encoding: gzip
05-15 15:09:36.624  3308  3327 D APIInterceptor: User-Agent: okhttp/3.6.0
05-15 15:09:36.625  3308  3326 D APIInterceptor: intercept original headers:
05-15 15:09:36.625  3308  3326 D APIInterceptor: Host: graph.oculus.com
05-15 15:09:36.625  3308  3326 D APIInterceptor: Connection: Keep-Alive
05-15 15:09:36.625  3308  3326 D APIInterceptor: Accept-Encoding: gzip
05-15 15:09:36.625  3308  3326 D APIInterceptor: User-Agent: okhttp/3.6.0
05-15 15:09:36.625  3308  3325 D APIInterceptor: intercept original headers:
05-15 15:09:36.625  3308  3325 D APIInterceptor: Host: graph.oculus.com
05-15 15:09:36.625  3308  3325 D APIInterceptor: Connection: Keep-Alive
05-15 15:09:36.625  3308  3325 D APIInterceptor: Accept-Encoding: gzip
05-15 15:09:36.625  3308  3325 D APIInterceptor: User-Agent: okhttp/3.6.0
05-15 15:09:36.626  3308  3327 D APIInterceptor: intercept modified headers:
05-15 15:09:36.626  3308  3327 D APIInterceptor: Host: graph.oculus.com
05-15 15:09:36.626  3308  3327 D APIInterceptor: Connection: Keep-Alive
05-15 15:09:36.626  3308  3327 D APIInterceptor: Accept-Encoding: gzip
05-15 15:09:36.626  3308  3327 D APIInterceptor: X-Build-Model: Oculus Quest
05-15 15:09:36.626  3308  3327 D APIInterceptor: X-Build-Number: 210938855
05-15 15:09:36.626  3308  3327 D APIInterceptor: X-ANDROID-ID: 13720d2a49fddeae
05-15 15:09:36.626  3308  3327 D APIInterceptor: X-OC-Selected-Headset-Serial: 1PASH9BQ720132
05-15 15:09:36.626  3308  3327 D APIInterceptor: X-OC-VrShell-Build-Name: 16.0.0.139.450
05-15 15:09:36.626  3308  3327 D APIInterceptor: User-Agent: Dalvik/2.1.0 (Linux; U; Android 7.1.1; Quest Build/NGI77B) [FBAN/OculusHomeShell;FBAV/16.0.0.138.450;FBDV/Quest;FBCR/null;FBLC/en_GB;FBSV/7.1.1;FBBD/oculus;FBBV/210938855;FBCA/armeabi-v7a:armeabi;FBMF/Oculus;FBPN/com.oculus.vrshell.home;]
05-15 15:09:36.626  3308  3327 D APIInterceptor: Accept-Language: en_GB
05-15 15:09:36.626  3308  3325 D APIInterceptor: intercept modified headers:
05-15 15:09:36.626  3308  3325 D APIInterceptor: Host: graph.oculus.com
05-15 15:09:36.626  3308  3325 D APIInterceptor: Connection: Keep-Alive
05-15 15:09:36.626  3308  3325 D APIInterceptor: Accept-Encoding: gzip
05-15 15:09:36.626  3308  3325 D APIInterceptor: X-Build-Model: Oculus Quest
05-15 15:09:36.626  3308  3325 D APIInterceptor: X-Build-Number: 210938855
05-15 15:09:36.626  3308  3325 D APIInterceptor: X-ANDROID-ID: 13720d2a49fddeae
05-15 15:09:36.626  3308  3325 D APIInterceptor: X-OC-Selected-Headset-Serial: 1PASH9BQ720132
05-15 15:09:36.626  3308  3325 D APIInterceptor: X-OC-VrShell-Build-Name: 16.0.0.139.450
05-15 15:09:36.626  3308  3325 D APIInterceptor: User-Agent: Dalvik/2.1.0 (Linux; U; Android 7.1.1; Quest Build/NGI77B) [FBAN/OculusHomeShell;FBAV/16.0.0.138.450;FBDV/Quest;FBCR/null;FBLC/en_GB;FBSV/7.1.1;FBBD/oculus;FBBV/210938855;FBCA/armeabi-v7a:armeabi;FBMF/Oculus;FBPN/com.oculus.vrshell.home;]
05-15 15:09:36.626  3308  3325 D APIInterceptor: Accept-Language: en_GB
05-15 15:09:36.628  3308  3326 D APIInterceptor: intercept modified headers:
05-15 15:09:36.628  3308  3326 D APIInterceptor: Host: graph.oculus.com
05-15 15:09:36.628  3308  3326 D APIInterceptor: Connection: Keep-Alive
05-15 15:09:36.628  3308  3326 D APIInterceptor: Accept-Encoding: gzip
05-15 15:09:36.628  3308  3326 D APIInterceptor: X-Build-Model: Oculus Quest
05-15 15:09:36.628  3308  3326 D APIInterceptor: X-Build-Number: 210938855
05-15 15:09:36.628  3308  3326 D APIInterceptor: X-ANDROID-ID: 13720d2a49fddeae
05-15 15:09:36.628  3308  3326 D APIInterceptor: X-OC-Selected-Headset-Serial: 1PASH9BQ720132
05-15 15:09:36.628  3308  3326 D APIInterceptor: X-OC-VrShell-Build-Name: 16.0.0.139.450
05-15 15:09:36.628  3308  3326 D APIInterceptor: User-Agent: Dalvik/2.1.0 (Linux; U; Android 7.1.1; Quest Build/NGI77B) [FBAN/OculusHomeShell;FBAV/16.0.0.138.450;FBDV/Quest;FBCR/null;FBLC/en_GB;FBSV/7.1.1;FBBD/oculus;FBBV/210938855;FBCA/armeabi-v7a:armeabi;FBMF/Oculus;FBPN/com.oculus.vrshell.home;]
05-15 15:09:36.628  3308  3326 D APIInterceptor: Accept-Language: en_GB
05-15 15:09:36.658  3308  3308 I BaseService: onCreate service type EXPLORE
05-15 15:09:36.658  3308  3308 D CrashReporting: Breakpad for Native crashes enabled
05-15 15:09:36.658  3308  3308 D SoLoader: About to load: libbreakpad.so
05-15 15:09:36.659  3308  3308 D SoLoader: libbreakpad.so found on /data/data/com.oculus.vrshell.home/lib-main
05-15 15:09:36.664  3308  3308 D SoLoader: Loading lib dependencies: [libmemalign16_cpp.so, liblog.so, libsigmux.so, libmemalign16.so, libgnustl_shared.so, libdl.so, libc.so]
05-15 15:09:36.664  3308  3308 D SoLoader: About to load: libsigmux.so
05-15 15:09:36.664  3308  3308 D SoLoader: libsigmux.so found on /data/data/com.oculus.vrshell.home/lib-main
05-15 15:09:36.667  3308  3308 D SoLoader: Loading lib dependencies: [libc.so]
05-15 15:09:36.668  3308  3308 D SoLoader: Loaded: libsigmux.so
05-15 15:09:36.672  3308  3308 D SoLoader: Loaded: libbreakpad.so
05-15 15:09:36.673  3308  3308 D CrashReporting: ACRA/OculusCrashReporter for Java crashes enabled
05-15 15:09:36.680  3308  3308 D CrashReporting: ACRA/Initializing with endpoint https://www.facebook.com/mobile/generic_android_crash_logs/285486028533521
05-15 15:09:36.694  3308  3308 D ExceptionHandlerManager: ExceptionHandlerManager not explicitly initialized, using default mode
05-15 15:09:36.694  3308  3308 D ExceptionHandlerManager: initializing exception handler manager, prioritized=true
05-15 15:09:36.695  3308  3308 E ACRA    : Skipping ANR Detector for process: com.oculus.vrshell.home:explore
05-15 15:09:36.696  3308  3308 D CrashReporting: JavascriptCrashReporter is enabled
05-15 15:09:36.700  3308  3308 I BaseService: Core app versions: {"com.oculus.browser":213681315,"com.oculus.govrnux":0,"com.oculus.home":210929916,"com.oculus.horizon":210902890,"com.oculus.mediaplayer":53624647,"com.oculus.systemactivities":210938879,"com.oculus.systemdriver":210938873,"com.oculus.systemutilities":210938897,"com.oculus.vrshell":210946745,"com.oculus.vrshell.home":210938855}
05-15 15:09:36.718  3308  3308 I PanelService: onBind()
05-15 15:09:36.720  1848  1848 D [OAR] PanelServiceConnection: onSeviceConnected - component name (ComponentInfo{com.oculus.vrshell.home/com.oculus.vrshell.home.ExploreService}), panel app id (3)
05-15 15:09:36.720  1848  1848 D [OAR] ShellApplication: notify OS to set com.oculus.vrshell.home/com.oculus.vrshell.home.ExploreService to FOREGROUND
05-15 15:09:36.722  3308  3326 I GraphQLPrefetch: Completed request for 2730171627063766 in 188ms
05-15 15:09:36.725  1848  1848 I [OAR] PanelServiceConnection: verifyFirstPartyUID(Debug Signatures=false, uid=10053) => apkSignatureResult=SigCertInfo(isTrusted=true, packageNames=[com.oculus.vrshell.home], signature=3082038d30820275a00302010202041303858a300d06092a864886f70d01010b05003077310b3009060355040613025553310b3009060355040813024341311330110603550407130a4d656e6c6f205061726b31173015060355040a130e4f63756c75732056522c204c4c4331173015060355040b130e4f63756c75732056522c204c4c43311430120603550403130b4f63756c75732041707073301e170d3134313033303231343032315a170d3432303331373231343032315a3077310b3009060355040613025553310b3009060355040813024341311330110603550407130a4d656e6c6f205061726b31173015060355040a130e4f63756c75732056522c204c4c4331173015060355040b130e4f63756c75732056522c204c4c43311430120603550403130b4f63756c7573204170707330820122300d06092a864886f70d01010105000382010f003082010a0282010100a34c7fbd96dea95d811f21a0d760cabca85f2df5dbe19b62aca7a3e3e0b6e48f7e173345f2753c458d639cc2e222eeee4cfb5e89ac1c5060044414056709a43a7f1a6f1e4f2c3d708c48912634be08ad6da1fff92d9c0d4b85e4bc8a8b1c27de84c04eb1e6577c10693500af46beaf7bd2ce72a06a46f4e565859f242cecbef1a431ae8096db712cebe73840bacc64de6b99077ba1ca8c20e5d0b4870bd161f087abbf568dfef58e604068ca6f7cdea183c8681c306bc30cb223e7c5ce3a2fcf00d13e158475b3700ef62dcca46c57baecca4d91052e20b861a1a085d5fc8e99aed8c4a9cfd550d01e54ef5062133befcf7f9ea6a5a1d1575a72cd82279f34030203010001a321301f301d0603551d0e04160414ec7ccdaf8ccdc6dd1b87d4b561582ad8ec397b80300d06092a864886f70d01010b0500038201010014c557ecddc17ba8b979618036e7093b8e7307f624644532c31239f4dc83fd9424267ca7670fa9f78689cbc5bfd8a6312fdc214bd159d614a8753ceec0f2b2d9166217895b13c992e1d10ca625a3153dacfa51dbdb7fde139bd59510f5add29f88be3826b445ce7386dcf06577be72fbdf118fa81179091fad275981409e02d40422d8e86df5827a2c496a4b905b4825c3f1ba0af4cf509bf9b0d4d608cf0b4320ac60d1a8cbcc384de24f11a4c93c0fc5b887cbd6855871af1b1ef729c51a8a123efc6a627b6494e81a264587443b9156ad17772863c2f9685fae9c72a552b333f8ef2822bce5d4d178e45b3a8dd4e321924f6a5ba43f732971a9e74cbf0433), time=1 ms
05-15 15:09:36.730  3308  3320 I PanelService: verifyVrShellUID(Debug Signatures=false, uid=10028) => apkSignatureResult=SigCertInfo(isTrusted=true, packageNames=[com.oculus.vrshell], signature=3082038d30820275a00302010202041303858a300d06092a864886f70d01010b05003077310b3009060355040613025553310b3009060355040813024341311330110603550407130a4d656e6c6f205061726b31173015060355040a130e4f63756c75732056522c204c4c4331173015060355040b130e4f63756c75732056522c204c4c43311430120603550403130b4f63756c75732041707073301e170d3134313033303231343032315a170d3432303331373231343032315a3077310b3009060355040613025553310b3009060355040813024341311330110603550407130a4d656e6c6f205061726b31173015060355040a130e4f63756c75732056522c204c4c4331173015060355040b130e4f63756c75732056522c204c4c43311430120603550403130b4f63756c7573204170707330820122300d06092a864886f70d01010105000382010f003082010a0282010100a34c7fbd96dea95d811f21a0d760cabca85f2df5dbe19b62aca7a3e3e0b6e48f7e173345f2753c458d639cc2e222eeee4cfb5e89ac1c5060044414056709a43a7f1a6f1e4f2c3d708c48912634be08ad6da1fff92d9c0d4b85e4bc8a8b1c27de84c04eb1e6577c10693500af46beaf7bd2ce72a06a46f4e565859f242cecbef1a431ae8096db712cebe73840bacc64de6b99077ba1ca8c20e5d0b4870bd161f087abbf568dfef58e604068ca6f7cdea183c8681c306bc30cb223e7c5ce3a2fcf00d13e158475b3700ef62dcca46c57baecca4d91052e20b861a1a085d5fc8e99aed8c4a9cfd550d01e54ef5062133befcf7f9ea6a5a1d1575a72cd82279f34030203010001a321301f301d0603551d0e04160414ec7ccdaf8ccdc6dd1b87d4b561582ad8ec397b80300d06092a864886f70d01010b0500038201010014c557ecddc17ba8b979618036e7093b8e7307f624644532c31239f4dc83fd9424267ca7670fa9f78689cbc5bfd8a6312fdc214bd159d614a8753ceec0f2b2d9166217895b13c992e1d10ca625a3153dacfa51dbdb7fde139bd59510f5add29f88be3826b445ce7386dcf06577be72fbdf118fa81179091fad275981409e02d40422d8e86df5827a2c496a4b905b4825c3f1ba0af4cf509bf9b0d4d608cf0b4320ac60d1a8cbcc384de24f11a4c93c0fc5b887cbd6855871af1b1ef729c51a8a123efc6a627b6494e81a264587443b9156ad17772863c2f9685fae9c72a552b333f8ef2822bce5d4d178e45b3a8dd4e321924f6a5ba43f732971a9e74cbf0433), time=3 ms
05-15 15:09:36.732  3308  3308 I PanelService: Creating panel app with environment {_oc_userid="102449717587751", _oc_shell_panel_bundle_configuration="{"NONE":null}", _oc_gk:oculus_mobile_sysux_unified_dialogs_v9="true", _oc_shell_pixel_density="13", _oc_shell_panel_app_index="0", _oc_gk:oculus_vrshell_launch_checks="true", _oc_shell_permissions="permissionsGranted camera write_storage microphone", uri="/prime", _oc_device_type="259", _oc_shell_version_code="210946745", _oc_shell_version_name="16.0.0.139.450", _oc_shell_panel_id="3", _oc_device_region="0", _oc_launch_timestamp="233247", _oc_shell_automation_enabled="false", _oc_headset_type="256", _oc_gk:oculus_mobile_home_js_bundle="true", _oc_shell_render_scale="1.000000", _oc_shell_feature_sets="multi-layer-v1,mirror-avatar-v1,system-ux-routes-v1,deeplink-nav-v1,clock-levels-v1,layerTranslate-v1,layerScaleDensity-v1,layerScaleDensity-v2,multiapp-alpha-v1,multiapp-v1", _oc_enterprise_mode="false", _oc_analytics_session_id="79d9ea4e-83d5-4d0b-8529-46df64d79283", _oc_shell_view_id_debugging_enabled="false", _oc_gk:oculus_mobile_sysux_lightweight_releases="true", _oc_shell_host="vrshell", _oc_gearvr_developer_mode="true"}
05-15 15:09:36.733  3308  3345 I panelapp: timestamp Panel_Create numWindows 5
05-15 15:09:36.733  3308  3345 I panelapp: Successfully parsed shell version name 16.0.0.139.450 with release 16, hotfix 0, experimentation 0, beta 139, and alpha 450.
05-15 15:09:36.738  3308  3345 W System  : ClassLoader referenced unknown path: /system/app/Horizon/lib/arm
05-15 15:09:36.738  3308  3308 I HomeApplication: onUserId
05-15 15:09:36.739  3308  3345 D ApplicationLoaders: ignored Vulkan layer search path /system/app/Horizon/lib/arm:/system/fake-libs:/system/app/Horizon/Horizon.apk!/lib/armeabi-v7a:/system/lib:/vendor/lib for namespace 0xf038e090
05-15 15:09:36.751  3308  3345 I OVRPlatform: [LoaderUtils] PlatformSDK check API compatibility (requested api = 1.1.44.0, implementation = 1.1.48.0)
05-15 15:09:36.752  3308  3327 I GraphQLPrefetch: Completed request for 2886345294781084 in 217ms
05-15 15:09:36.755  3308  3345 I OVRPlatform: [Context] ConfigOption DisableFbns =>  1
05-15 15:09:36.755  3308  3345 I OVRPlatform: [Context] ConfigOption DisableP2pNetworking =>  0
05-15 15:09:36.755  3308  3345 I OVRPlatform: [RequestStopwatch] ovr_PlatformInitializeAndroidAsynchronous took 0.7920 milliseconds
05-15 15:09:36.756  3308  3345 I OCPlatformModule: timestamp request accesstoken
05-15 15:09:36.759  3308  3356 D OVRServiceSynchronous: isServiceAvailable matched: 1
05-15 15:09:36.760  3308  3345 I AnalyticsLogger: Got HashMapClass
05-15 15:09:36.760  3308  3345 I AnalyticsLogger: Got OculusLoggerClass
05-15 15:09:36.760  3308  3345 I AnalyticsLogger: Got reportEventMethod
05-15 15:09:36.760  3308  3345 I AnalyticsLogger: Got reportVersionedEventMethod
05-15 15:09:36.760  3308  3345 I AnalyticsLogger: Got reportQuickExperimentExposureMethod
05-15 15:09:36.760  3308  3345 I panelapp: PanelSize 1328 528
05-15 15:09:36.762  3308  3358 D JVM     : JVM::Initialize@[tid=3358]
05-15 15:09:36.762  3308  3358 D JVM     : JVM::JVM@[tid=3358]
05-15 15:09:36.762  3308  3347 D OVR     : Registered OVRPlatformBroadcastReceiver
05-15 15:09:36.762  3308  3347 I OVR     : Initialized OVRPlatform with returnComponent com.oculus.vrshell.home/com.oculus.vrshell.home.ExploreService
05-15 15:09:36.768  3308  3308 D OVRServiceSynchronous: Service connected.
05-15 15:09:36.790  3308  3345 I RCTVR   : language 'en-rGB'
05-15 15:09:36.794  3308  3345 I BundleHelper: Retrieve override bundle from allowed bundles in the BundleConfiguration
05-15 15:09:36.794  3308  3345 I BundleHelper:   And if installed locally
05-15 15:09:36.794  3308  3345 I BundleHelper: Bundle configuration - No service 'EXPLORE' found. Skipping.
05-15 15:09:36.794  3308  3345 I BundleHelper: No JS Bundles are allowed.
05-15 15:09:36.794  3308  3345 I RCTVR   : [TIMESTAMP] : ReactPlayerCommon : 233.849298490999985
05-15 15:09:36.794  3308  3345 I RCTVR   : ReactPlayer: config shell version 16.0.0.139.450
05-15 15:09:36.794  3308  3345 I RCTVR   : ReactPlayer: config automation enabled false
05-15 15:09:36.794  3308  3345 I RCTVR   : ReactPlayerCommon: Init
05-15 15:09:36.805  3308  3358 W VideoCapabilities: Unrecognized profile 2130706433 for video/avc
05-15 15:09:36.805  3308  3358 W VideoCapabilities: Unrecognized profile 2130706434 for video/avc
05-15 15:09:36.806  2068  2139 E Security-LocalReporter: UID '10043' is shared by multiple packages: [com.oculus.horizon, com.oculus.home]
05-15 15:09:36.812  3308  3345 I RCTVR   : [TIMESTAMP] : ReactPlayer_InitReactNativeContext_Start : 233.867291093999995
05-15 15:09:36.821  3308  3361 I RCTVR   : JavaScript[0xe5bafb18], Avg 0.0192190000088885427, Max 0.0192190000088885427, MaxInLast 0.0192190000088885427
05-15 15:09:36.821  3308  3361 I RCTVR_HERMES: Hermes Mem: numCollections 0, allocatedBytes 108848, heapSize 9265152, va 8388608
05-15 15:09:36.823  3308  3358 W VideoCapabilities: Unrecognized profile 2130706433 for video/avc
05-15 15:09:36.823  3308  3358 W VideoCapabilities: Unrecognized profile 2130706434 for video/avc
05-15 15:09:36.826  3308  3358 W VideoCapabilities: Unrecognized profile 2130706433 for video/avc
05-15 15:09:36.826  3308  3358 W VideoCapabilities: Unrecognized profile 2130706434 for video/avc
05-15 15:09:36.833  3308  3358 W VideoCapabilities: Unrecognized profile/level 0/3 for video/mpeg2
05-15 15:09:36.835  3308  3358 W VideoCapabilities: Unrecognized profile/level 0/3 for video/mpeg2
05-15 15:09:36.840  3308  3365 I AsyncFonts: FStart
05-15 15:09:36.840  3308  3345 I RCTVR   : AsyncLocalStorage '/data/user/0/com.oculus.vrshell.home/files'
05-15 15:09:36.840  3308  3365 I ReactNativeContextGL: attempt loading default
05-15 15:09:36.840  3308  3366 I OVR_MemBuffer: Couldn't open assets/audio/sound_def.json: No such file or directory
05-15 15:09:36.841  3308  3345 I RCTQplModule: Timestamp- markerStart 233247
05-15 15:09:36.846  2068  2139 I LibraryProvider: running queryApp(com.oculus.vrshell.home) for com.oculus.uid:10043
05-15 15:09:36.846  2068  2139 W LibraryProvider: Cannot find entitlement for com.oculus.vrshell.home
05-15 15:09:36.846  1757  1976 W OVRLibrary: null cursor received for query content://com.oculus.ocms.library/apps/com.oculus.vrshell.home
05-15 15:09:36.846  3308  3365 I ReactNativeContextGL: attempt loading sans-serif-Medium
05-15 15:09:36.846  3308  3365 I ReactNativeContextGL: attempt loading sans-serif-Normal
05-15 15:09:36.846  3308  3365 I ReactNativeContextGL: attempt loading sans-serif-Light
05-15 15:09:36.847  3308  3365 I ReactNativeContextGL: attempt loading sans-serif-Bold
05-15 15:09:36.847  3308  3365 I ReactNativeContextGL: attempt loading emoji
05-15 15:09:36.847  3308  3358 W VideoCapabilities: Unsupported mime video/x-ms-wmv
05-15 15:09:36.847  3308  3365 I ReactNativeContextGL: attempt loading arabic
05-15 15:09:36.848  3345  3345 W OVR::PanelApp: type=1400 audit(0.0:15): avc: denied { read } for name="gpu_model" dev="sysfs" ino=31478 scontext=u:r:untrusted_app:s0:c512,c768 tcontext=u:object_r:sysfs:s0 tclass=file permissive=0
05-15 15:09:36.848  3308  3365 I ReactNativeContextGL: attempt loading cjk
05-15 15:09:36.848  3308  3359 V OVRServiceManager: Registered process token.
05-15 15:09:36.849  3308  3345 I ReactPlayerCommon: ReactNativeExec: Signal
05-15 15:09:36.849  3308  3345 I RCTVR   : Metrics history-based collection is disabled.
05-15 15:09:36.849  3308  3345 I RCTVR   : [TIMESTAMP] : ReactPlayer_InitReactNativeContext_End : 233.904299319000017
05-15 15:09:36.849  3308  3345 I RCTVR   : Marker panel_create_start: duration=541.480164ms start=233247 end=233788.480164000008
05-15 15:09:36.849  3308  3345 I RCTVR   : Marker panel_create_end: duration=657.437548ms start=233247 end=233904.437547999987
05-15 15:09:36.849  3308  3345 I panelapp: Init start
05-15 15:09:36.849  3308  3345 I panelapp: timestamp Init()
05-15 15:09:36.849  3308  3345 I panelapp: ANativeWindow_setBuffersGeometry()
05-15 15:09:36.849  3308  3345 I panelapp: ANativeWindow_setBuffersGeometry()
05-15 15:09:36.849  3308  3345 I panelapp: ANativeWindow_setBuffersGeometry()
05-15 15:09:36.849  3308  3345 I panelapp: ANativeWindow_setBuffersGeometry()
05-15 15:09:36.849  3308  3345 I panelapp: ANativeWindow_setBuffersGeometry()
05-15 15:09:36.849  3308  3345 I panelapp: ovrPanel::InitGL()
05-15 15:09:36.849  3308  3365 I AsyncFonts: FComplete
05-15 15:09:36.849  3308  3358 W VideoCapabilities: Unsupported mime video/x-ms-wmv
05-15 15:09:36.849  3308  3369 I panelapp: Start
05-15 15:09:36.849  3308  3369 I RCTVR   : Marker load_bundle_start: duration=657.955308ms start=233247 end=233904.955308000004
05-15 15:09:36.849  3308  3369 I RCTVR   : [TIMESTAMP] : ReactPlayer_LoadBundle_Start : 233.904988954000004
05-15 15:09:36.849  3308  3369 I RCTVR   : ReactPlayerCommon: start loading bundle
05-15 15:09:36.850  3308  3345 I AdrenoGLES-0: QUALCOMM build                   : 6950ec0, I01788bbc52
05-15 15:09:36.850  3308  3345 I AdrenoGLES-0: Build Date                       : 03/20/20
05-15 15:09:36.850  3308  3345 I AdrenoGLES-0: OpenGL ES Shader Compiler Version: EV031.29.05.00
05-15 15:09:36.850  3308  3345 I AdrenoGLES-0: Local Branch                     : 
05-15 15:09:36.850  3308  3345 I AdrenoGLES-0: Remote Branch                    : refs/tags/AU_LINUX_ANDROID_LA.UM.5.7.C25.07.01.01.563.041
05-15 15:09:36.850  3308  3345 I AdrenoGLES-0: Remote Branch                    : NONE
05-15 15:09:36.850  3308  3345 I AdrenoGLES-0: Reconstruct Branch               : NOTHING
05-15 15:09:36.850  3308  3345 I AdrenoGLES-0: Build Config                     : S P 6.0.9 AArch32
05-15 15:09:36.850  3308  3345 I AdrenoGLES-0: Driver Path                      : /system/vendor/lib/egl/libGLESv2_adreno.so
05-15 15:09:36.851  3308  3361 I RCTVR   : Marker execute_bundle_0_start: duration=659.615308ms start=233247 end=233906.615308000008
05-15 15:09:36.851  3308  3369 I RCTVR   : Marker load_bundle_end: duration=659.688485ms start=233247 end=233906.688484999991
05-15 15:09:36.851  3308  3369 I panelapp: Complete
05-15 15:09:36.852  3308  3358 W VideoCapabilities: Unsupported mime video/divx
05-15 15:09:36.854  3308  3358 W VideoCapabilities: Unsupported mime video/divx311
05-15 15:09:36.856  3308  3345 I AdrenoGLES-0: PFP: 0x005ff112, ME: 0x005ff066
05-15 15:09:36.858  3308  3345 W AdrenoUtils: <ReadGpuID_from_sysfs:198>: Failed to open /sys/class/kgsl/kgsl-3d0/gpu_model
05-15 15:09:36.858  3308  3345 W AdrenoUtils: <ReadGpuID:222>: Failed to read chip ID from gpu_model. Fallback to use the GSL path
05-15 15:09:36.858  3308  3358 W VideoCapabilities: Unsupported mime video/divx4
05-15 15:09:36.864  1848  3289 I VrApi   : FPS=3,Prd=15ms,Tear=1,Early=14,Stale=20,VSnc=1,Lat=1,Fov=0,CPU4/GPU=2/4,2304/670MHz,OC=FF,TA=0/E0/0,SP=N/F/N,Mem=1804MHz,Free=1395MB,PSM=0,PLS=0,Temp=25.0C/0.0C,TW=1.80ms,App=5.09ms,GD=0.00ms,CPU&GPU=41.72ms,LCnt=2,GPU%=0.44,CPU%=0.10(W0.14),DSF=1.00
05-15 15:09:36.864  3308  3345 I panelapp: GLES3::LoadGLFunctions()
05-15 15:09:36.867  3308  3345 I panelapp: GL_InitExtensions()
05-15 15:09:36.868  3308  3345 I OVR_GlUtils: es3 = TRUE
05-15 15:09:36.868  3308  3345 I OVR_GlUtils: GL_MAX_TEXTURE_SIZE = 16384
05-15 15:09:36.868  3308  3345 I OVR_GlUtils: GL_MAX_VERTEX_UNIFORM_VECTORS = 256
05-15 15:09:36.868  3308  3345 I OVR_GlUtils: GL_MAX_FRAGMENT_UNIFORM_VECTORS = 256
05-15 15:09:36.868  3308  3345 I RCTVR   : ReactPlayerCommon: InitGfx
05-15 15:09:36.880  3308  3358 W VideoCapabilities: Unsupported mime video/mp4v-esdp
05-15 15:09:36.883  3308  3345 I panelapp: Init complete
05-15 15:09:36.883  3308  3345 I RCTVR   : Create root
05-15 15:09:36.883  3308  3345 I RCTVR   : ReactPlayerCommon: reloaded RootView 'main', tag: 1
05-15 15:09:36.884  3308  3345 I RCTVRMEM: Total Allocated Space: 9847408, Total Free Space: 2211216, JavaScript Heap Size: 108848
05-15 15:09:36.889  3308  3361 I ReactNativeExecutorHermes: WaitForNativeModules: Started
05-15 15:09:36.889  3308  3361 I ReactNativeExecutorHermes: WaitForNativeModules: Finished
05-15 15:09:36.893  1848  1917 I [OAR] PanelRenderLayer: ResetSurface 1328 x 528 - shape:2 stereo:0
05-15 15:09:36.896  3308  3358 I VideoCapabilities: Unsupported profile 4 for video/mp4v-es
05-15 15:09:36.897  1475  2019 I UploadManager: Scheduling jobbId 2131165248 within interval (0, 1800000)
05-15 15:09:36.898  3308  3345 I RvrPnl  : FPS=0.00854871/67.2573/67.2573, MSPF=116.977/14.8683/14.8683, MEMALLOC=9.39122
05-15 15:09:36.899  3308  3361 I JniUtils: Using caller's JNIEnv
05-15 15:09:36.904  3308  3358 I org.webrtc.Logging: MediaCodecVideoEncoder: Found target encoder for mime video/x-vnd.on2.vp8 : OMX.qcom.video.encoder.vp8. Color: 0x15
05-15 15:09:36.904  3308  3361 I JniUtils: Using caller's JNIEnv
05-15 15:09:36.904  3308  3358 W VideoCapabilities: Unrecognized profile 2130706433 for video/avc
05-15 15:09:36.904  3308  3358 W VideoCapabilities: Unrecognized profile 2130706434 for video/avc
05-15 15:09:36.905  3308  3358 I org.webrtc.Logging: MediaCodecVideoEncoder: Found target encoder for mime video/avc : OMX.qcom.video.encoder.avc. Color: 0x15
05-15 15:09:36.907  3308  3358 I org.webrtc.Logging: MediaCodecVideoDecoder: Trying to find HW decoder for mime video/x-vnd.on2.vp8
05-15 15:09:36.907  3308  3358 I org.webrtc.Logging: MediaCodecVideoDecoder: Found candidate decoder OMX.qcom.video.decoder.vp8
05-15 15:09:36.908  3308  3361 I JniUtils: Using caller's JNIEnv
05-15 15:09:36.908  3308  3358 I org.webrtc.Logging: MediaCodecVideoDecoder: Found target decoder OMX.qcom.video.decoder.vp8. Color: 0x13
05-15 15:09:36.908  3308  3358 I org.webrtc.Logging: MediaCodecVideoDecoder: Trying to find HW decoder for mime video/x-vnd.on2.vp9
05-15 15:09:36.908  3308  3358 I org.webrtc.Logging: MediaCodecVideoDecoder: Found candidate decoder OMX.qcom.video.decoder.vp9
05-15 15:09:36.909  3308  3358 I org.webrtc.Logging: MediaCodecVideoDecoder: Found target decoder OMX.qcom.video.decoder.vp9. Color: 0x13
05-15 15:09:36.909  3308  3358 I org.webrtc.Logging: MediaCodecVideoDecoder: Trying to find HW decoder for mime video/avc
05-15 15:09:36.909  3308  3358 I org.webrtc.Logging: MediaCodecVideoDecoder: Found candidate decoder OMX.qcom.video.decoder.avc
05-15 15:09:36.909  3308  3358 W VideoCapabilities: Unrecognized profile 2130706433 for video/avc
05-15 15:09:36.909  3308  3358 W VideoCapabilities: Unrecognized profile 2130706434 for video/avc
05-15 15:09:36.909  3308  3361 I JniUtils: Using caller's JNIEnv
05-15 15:09:36.909  3308  3358 I org.webrtc.Logging: MediaCodecVideoDecoder: Found target decoder OMX.qcom.video.decoder.avc. Color: 0x13
05-15 15:09:36.913  3308  3347 I OVRPlatform: [RequestStopwatch] AndroidPlatformIntegration-Constructor took 157.5020 milliseconds
05-15 15:09:36.920   713  2956 I [CT]    : R:Behavior:NearHeadMoving: state transition: TorsoInitialized -> InRange
05-15 15:09:36.920  3308  3361 I JniUtils: Using caller's JNIEnv
05-15 15:09:36.922  3308  3361 I JniUtils: Using caller's JNIEnv
05-15 15:09:36.926  3308  3361 I JniUtils: Using caller's JNIEnv
05-15 15:09:36.927  3308  3361 I JniUtils: Using caller's JNIEnv
05-15 15:09:36.928  3308  3361 I OVR_MemBuffer: Couldn't open assets/en_GB.json: No such file or directory
05-15 15:09:36.931  3308  3361 I JniUtils: Using caller's JNIEnv
05-15 15:09:36.932  3308  3361 I JniUtils: Using caller's JNIEnv
05-15 15:09:36.935  3308  3361 I ReactNativeExecutorHermes: Timestamp- markerPoint: 233990
05-15 15:09:36.935  3308  3361 I RCTVR   : Marker execute_bundle_0_end: duration=743.727799ms start=233247 end=233990.727798999986
05-15 15:09:36.935  2068  2227 E Security-LocalReporter: UID '1000' is shared by multiple packages: [com.android.providers.settings, com.oculus.vrpowermanager, com.oculus.bugreporter, com.oculus.vralertservice, com.android.wallpaperbackup, com.oculus.gatekeeperservice, com.oculus.os.settings, com.oculus.os.vrlockscreen, com.oculus.headsetsfx, com.oculus.notification_proxy, com.oculus.deviceauthserver, com.oculus.vrdesktop, com.oculus.location.geocoder, com.oculus.vrcast, com.oculus.wifiindoze, com.oculus.os.chargecontrol, com.oculus.companion.server, com.android.location.fused, com.oculus.unifiedtelemetry, com.android.settings, com.oculus.linefrequencyservice, com.qualcomm.wfd.service, com.oculus.micservice, oculus.platform, android, com.oculus.vrshell.desktop, com.oculus.inputmethod.pacific, com.android.inputdevices, com.oculus.externalstorage, com.android.keychain, com.oculus.os.clearactivity, com.oculus.preloader, com.qualcomm.timeservice, com.oculus.vraudiodatadumpmanager]
05-15 15:09:36.943  3308  3361 I RCTVR   : [TIMESTAMP] : HermesReady : 233.99884800800001
05-15 15:09:36.943  3308  3361 I RCTVR   : Marker hermes_ready: duration=751.915039ms start=233247 end=233998.915039000014
05-15 15:09:36.943  3308  3361 I RCTVR_HERMES: [info]: Running "main" with {"rootTag":1,"initialProps":{"surfaceWidth":1328,"surfaceHeight":528}}
05-15 15:09:36.946  3308  3347 I OVRPlatform: [AndroidPlatformIntegration] Creating shared mic
05-15 15:09:36.946  3308  3347 I libjingle: [000:000] [3347] (WebRtcPeerConnectionFactory.cpp:119): WebRtcPeerConnectionFactory::WebRtcPeerConnectionFactory
05-15 15:09:36.950  3308  3375 I libjingle: [000:004] [3375] (WebRtcPeerConnectionFactory.cpp:98): SetThreadCPUAffinity failed for thread 0, cpu mask 15 err=Invalid argument 22
05-15 15:09:36.950  1757  1757 I FBConnectReceiver: Updating linked FB account on com.oculus.fbconnect.UPDATE_CURRENT_FACEBOOK_ACCOUNT
05-15 15:09:36.954  3308  3376 I libjingle: [000:008] [3376] (WebRtcPeerConnectionFactory.cpp:98): SetThreadCPUAffinity failed for thread 0, cpu mask 15 err=Invalid argument 22
05-15 15:09:36.955  3308  3347 I libjingle: [000:009] [3347] (WebRtcPeerConnectionFactory.cpp:164): WebRtcPeerConnectionFactory::WebRtcPeerConnectionFactory enc 0xe43a6890 dec 0xcedd0700
05-15 15:09:36.955  3308  3376 D JVM     : AttachCurrentThreadIfNeeded::ctor@[tid=3376]
05-15 15:09:36.955  3308  3376 D JVM     : Attaching thread to JVM
05-15 15:09:36.955  3308  3376 D JVM     : JVM::environment@[tid=3376]
05-15 15:09:36.955  3308  3376 D JVM     : JNIEnvironment::ctor@[tid=3376]
05-15 15:09:36.955  3308  3376 D AudioManager: ctor@[tid=3376]
05-15 15:09:36.955  3308  3376 D JVM     : JNIEnvironment::RegisterNatives(org/webrtc/voiceengine/WebRtcAudioManager)
05-15 15:09:36.955  3308  3376 D JVM     : NativeRegistration::ctor@[tid=3376]
05-15 15:09:36.955  3308  3376 D JVM     : NativeRegistration::NewObject@[tid=3376]
05-15 15:09:36.956  3308  3376 I org.webrtc.Logging: WebRtcAudioManager: ctor@[name=Thread-10, id=92]
05-15 15:09:36.957  3308  3376 I org.webrtc.Logging: WebRtcAudioManager: Sample rate is set to 48000 Hz
05-15 15:09:36.965  3308  3361 I JniUtils: Using caller's JNIEnv
05-15 15:09:36.966  3308  3361 I RCTVR_HERMES: [info]: QuickExperiments.initialize with options:
05-15 15:09:36.966  3308  3361 I RCTVR_HERMES: [info]: { useNativeQEModule: true }
05-15 15:09:36.968  3308  3361 I RCTVR   : Marker execute_bundle_1_start: duration=776.377119ms start=233247 end=234023.377119000012
05-15 15:09:36.969  3308  3376 I org.webrtc.Logging: WebRtcAudioEffects: canUseAcousticEchoCanceler: true
05-15 15:09:36.970  3308  3361 I RCTVR   : Marker execute_bundle_1_end: duration=778.569619ms start=233247 end=234025.569618999987
05-15 15:09:36.971  3308  3376 I org.webrtc.Logging: WebRtcAudioEffects: canUseAutomaticGainControl: false
05-15 15:09:36.977  3308  3376 I org.webrtc.Logging: WebRtcAudioEffects: canUseNoiseSuppressor: true
05-15 15:09:36.979  3308  3376 D AudioManager: OnCacheAudioParameters@[tid=3376]
05-15 15:09:36.979  3308  3376 D AudioManager: hardware_aec: 1
05-15 15:09:36.979  3308  3376 D AudioManager: hardware_agc: 0
05-15 15:09:36.979  3308  3376 D AudioManager: hardware_ns: 1
05-15 15:09:36.979  3308  3376 D AudioManager: low_latency_output: 1
05-15 15:09:36.979  3308  3376 D AudioManager: sample_rate: 48000
05-15 15:09:36.979  3308  3376 D AudioManager: channels: 1
05-15 15:09:36.979  3308  3376 D AudioManager: output_buffer_size: 192
05-15 15:09:36.979  3308  3376 D AudioManager: input_buffer_size: 1920
05-15 15:09:36.979  3308  3376 D JVM     : GlobalRef::ctor@[tid=3376]
05-15 15:09:36.979  3308  3376 D AudioManager: JavaAudioManager::ctor@[tid=3376]
05-15 15:09:36.979  3308  3376 D JVM     : AttachCurrentThreadIfNeeded::ctor@[tid=3376]
05-15 15:09:36.979  3308  3376 D JVM     : JVM::environment@[tid=3376]
05-15 15:09:36.979  3308  3376 D JVM     : JNIEnvironment::ctor@[tid=3376]
05-15 15:09:36.979  3308  3376 D AudioTrackJni: ctor@[tid=3376]
05-15 15:09:36.979  3308  3376 D JVM     : JNIEnvironment::RegisterNatives(org/webrtc/voiceengine/WebRtcAudioTrack)
05-15 15:09:36.979  3308  3376 D JVM     : NativeRegistration::ctor@[tid=3376]
05-15 15:09:36.979  3308  3376 D JVM     : NativeRegistration::NewObject@[tid=3376]
05-15 15:09:36.979  3308  3376 I org.webrtc.Logging: WebRtcAudioTrack: ctor@[name=Thread-10, id=92]
05-15 15:09:36.979  3308  3376 D JVM     : GlobalRef::ctor@[tid=3376]
05-15 15:09:36.979  3308  3376 D AudioManager: SetActiveAudioLayer(5)@[tid=3376]
05-15 15:09:36.979  3308  3376 D AudioManager: delay_estimate_in_milliseconds: 150
05-15 15:09:36.979  3308  3376 D AudioTrackJni: AttachAudioBuffer@[tid=3376]
05-15 15:09:36.979  3308  3376 D AudioTrackJni: SetPlayoutSampleRate(48000)
05-15 15:09:36.979  3308  3376 D AudioTrackJni: SetPlayoutChannels(1)
05-15 15:09:36.979  3308  3376 I libjingle: [000:034] [3376] (AudioRecordWrapper.cpp:53): Attached an audio buffer to AudioRecordWrapper
05-15 15:09:36.981  3308  3376 I libjingle: [000:035] [3376] (webrtcvoiceengine.cc:246): WebRtc VoiceEngine codecs:
05-15 15:09:36.981  3308  3376 I libjingle: [000:035] [3376] (webrtcvoiceengine.cc:273): ISAC/16000/1 (103)
05-15 15:09:36.981  3308  3376 I libjingle: [000:035] [3376] (webrtcvoiceengine.cc:273): PCMU/8000/1 (0)
05-15 15:09:36.981  3308  3376 I libjingle: [000:035] [3376] (webrtcvoiceengine.cc:273): PCMA/8000/1 (8)
05-15 15:09:36.981  3308  3376 W libjingle: [000:035] [3376] (webrtcvoiceengine.cc:297): Unexpected codec: PCMU/8000/2 (110)
05-15 15:09:36.981  3308  3376 W libjingle: [000:035] [3376] (webrtcvoiceengine.cc:297): Unexpected codec: PCMA/8000/2 (118)
05-15 15:09:36.981  3308  3376 I libjingle: [000:035] [3376] (webrtcvoiceengine.cc:273): ILBC/8000/1 (102)
05-15 15:09:36.981  3308  3376 I libjingle: [000:035] [3376] (webrtcvoiceengine.cc:273): G722/8000/1 (9)
05-15 15:09:36.981  3308  3376 W libjingle: [000:035] [3376] (webrtcvoiceengine.cc:297): Unexpected codec: G722/8000/2 (119)
05-15 15:09:36.981  3308  3376 I libjingle: [000:035] [3376] (webrtcvoiceengine.cc:273): opus/48000/2 (111)
05-15 15:09:36.981  3308  3376 I libjingle: [000:035] [3376] (webrtcvoiceengine.cc:273): CN/8000/1 (13)
05-15 15:09:36.981  3308  3376 I libjingle: [000:035] [3376] (webrtcvoiceengine.cc:273): CN/16000/1 (105)
05-15 15:09:36.981  3308  3376 I libjingle: [000:035] [3376] (webrtcvoiceengine.cc:273): CN/32000/1 (106)
05-15 15:09:36.981  3308  3376 I libjingle: [000:035] [3376] (webrtcvoiceengine.cc:273): telephone-event/8000/1 (126)
05-15 15:09:36.981  3308  3376 I libjingle: [000:035] [3376] (webrtcvoiceengine.cc:273): red/8000/1 (127)
05-15 15:09:36.981  3308  3376 I libjingle: [000:035] [3376] (webrtcvideoengine2.cc:497): WebRtcVideoEngine2::WebRtcVideoEngine2()
05-15 15:09:36.982  3308  3376 I libjingle: [000:036] [3376] (webrtcvoiceengine.cc:551): WebRtcVoiceEngine::Init
05-15 15:09:36.982  3308  3376 I libjingle: [000:036] [3376] (webrtcvoiceengine.cc:575): VoiceEngine 4.1.0
05-15 15:09:36.982  3308  3376 I libjingle: [000:036] [3376] (voe_base_impl.cc:244): Init: An external ADM implementation will be used in VoiceEngine
05-15 15:09:36.982  3308  3376 D AudioManager: Init@[tid=3376]
05-15 15:09:36.982  3308  3376 I org.webrtc.Logging: WebRtcAudioManager: init@[name=Thread-10, id=92]
05-15 15:09:36.984  3308  3376 I org.webrtc.Logging: WebRtcAudioManager: audio mode is: MODE_NORMAL
05-15 15:09:36.984  3308  3376 D AudioTrackJni: Init@[tid=3376]
05-15 15:09:36.984  3308  3376 I libjingle: [000:038] [3376] (webrtcvoiceengine.cc:1066): webrtc: output: available=0
05-15 15:09:36.984  3308  3376 E libjingle: [000:038] [3376] (webrtcvoiceengine.cc:1066): webrtc: stereo playout is not supported
05-15 15:09:36.984  3308  3376 W libjingle: [000:038] [3376] (webrtcvoiceengine.cc:1066): webrtc: Init() failed to set mono/stereo playout mode (error=8090)
05-15 15:09:36.984  3308  3376 I libjingle: [000:038] [3376] (webrtcvoiceengine.cc:1066): webrtc: output: available=0
05-15 15:09:36.984  3308  3376 E libjingle: [000:038] [3376] (webrtcvoiceengine.cc:1066): webrtc: recording in stereo is not supported
05-15 15:09:36.984  3308  3376 W libjingle: [000:038] [3376] (webrtcvoiceengine.cc:1066): webrtc: Init() failed to set mono/stereo recording mode (error=8090)
05-15 15:09:36.984  3308  3376 I libjingle: [000:038] [3376] (webrtcvoiceengine.cc:1066): webrtc: TransmitMixer::SetAudioProcessingModule(audioProcessingModule=0xd09eac80)
05-15 15:09:36.984  3308  3376 I libjingle: [000:038] [3376] (webrtcvoiceengine.cc:1066): webrtc: OutputMixer::SetAudioProcessingModule(audioProcessingModule=0xd09eac80)
05-15 15:09:36.984  3308  3376 E libjingle: [000:038] [3376] (voe_base_impl.cc:371): Init: Failed to set agc to enabled: 0
05-15 15:09:36.984  3308  3376 I libjingle: [000:038] [3376] (webrtcvoiceengine.cc:648): ApplyOptions: AudioOptions {aec: true, agc: true, ns: true, hf: true, swap: false, audio_jitter_buffer_max_packets: 50, audio_jitter_buffer_fast_accelerate: false, typing: true, agc_delta: 0, experimental_agc: false, extended_filter_aec: false, delay_agnostic_aec: false, experimental_ns: false, }
05-15 15:09:36.984  3308  3376 I OVRPlatform: [SharedMicrophoneAudioRecord] EnableBuiltInEffect(): called to enable effect 0
05-15 15:09:36.984  3308  3376 I libjingle: [000:039] [3376] (webrtcvoiceengine.cc:722): Disabling EC since built-in EC will be used instead
05-15 15:09:36.984  3308  3376 I libjingle: [000:039] [3376] (webrtcvoiceengine.cc:729): Echo control set to 0 with mode 4
05-15 15:09:36.984  3308  3376 I libjingle: [000:039] [3376] (webrtcvoiceengine.cc:764): Auto gain set to 0 with mode 4
05-15 15:09:36.985  3308  3376 I OVRPlatform: [SharedMicrophoneAudioRecord] EnableBuiltInEffect(): called to enable effect 2
05-15 15:09:36.985  3308  3376 I libjingle: [000:039] [3376] (webrtcvoiceengine.cc:804): Disabling NS since built-in NS will be used instead
05-15 15:09:36.985  3308  3376 I libjingle: [000:039] [3376] (webrtcvoiceengine.cc:811): Noise suppression set to 0 with mode 5
05-15 15:09:36.985  3308  3376 I libjingle: [000:039] [3376] (webrtcvoiceengine.cc:817): High pass filter enabled? 0
05-15 15:09:36.985  3308  3376 I libjingle: [000:039] [3376] (webrtcvoiceengine.cc:825): Stereo swapping enabled? 0
05-15 15:09:36.985  3308  3376 I libjingle: [000:039] [3376] (webrtcvoiceengine.cc:834): NetEq capacity is 50
05-15 15:09:36.985  3308  3376 I libjingle: [000:039] [3376] (webrtcvoiceengine.cc:842): NetEq fast mode? 0
05-15 15:09:36.985  3308  3376 I libjingle: [000:039] [3376] (webrtcvoiceengine.cc:850): Typing detection is enabled? 0
05-15 15:09:36.985  3308  3376 E libjingle: [000:039] [3376] (voe_audio_processing_impl.cc:955): SetTypingDetectionStatus: not supported
05-15 15:09:36.985  3308  3376 W libjingle: [000:039] [3376] (webrtcvoiceengine.cc:854): SetTypingDetectionStatus(0) failed, err=8003
05-15 15:09:36.985  3308  3376 I libjingle: [000:039] [3376] (webrtcvoiceengine.cc:859): Adjust agc delta is 0
05-15 15:09:36.985  3308  3376 I libjingle: [000:039] [3376] (webrtcvoiceengine.cc:1091): Adjusting AGC level from default -3dB to -3dB
05-15 15:09:36.985  3308  3376 I libjingle: [000:039] [3376] (webrtcvoiceengine.cc:870): Delay agnostic aec is enabled? 0
05-15 15:09:36.985  3308  3376 I libjingle: [000:039] [3376] (webrtcvoiceengine.cc:879): Extended filter aec is enabled? 0
05-15 15:09:36.985  3308  3376 I libjingle: [000:039] [3376] (webrtcvoiceengine.cc:888): Experimental ns is enabled? 0
05-15 15:09:36.985  3308  3376 I libjingle: [000:039] [3376] (webrtcvoiceengine.cc:611): WebRtc VoiceEngine codecs:
05-15 15:09:36.985  3308  3376 I libjingle: [000:039] [3376] (webrtcvoiceengine.cc:613): opus/48000/2 (111)
05-15 15:09:36.985  3308  3376 I libjingle: [000:039] [3376] (webrtcvoiceengine.cc:613): ISAC/16000/1 (103)
05-15 15:09:36.985  3308  3376 I libjingle: [000:039] [3376] (webrtcvoiceengine.cc:613): G722/8000/1 (9)
05-15 15:09:36.985  3308  3376 I libjingle: [000:039] [3376] (webrtcvoiceengine.cc:613): ILBC/8000/1 (102)
05-15 15:09:36.985  3308  3376 I libjingle: [000:039] [3376] (webrtcvoiceengine.cc:613): PCMU/8000/1 (0)
05-15 15:09:36.985  3308  3376 I libjingle: [000:039] [3376] (webrtcvoiceengine.cc:613): PCMA/8000/1 (8)
05-15 15:09:36.985  3308  3376 I libjingle: [000:039] [3376] (webrtcvoiceengine.cc:613): CN/32000/1 (106)
05-15 15:09:36.985  3308  3376 I libjingle: [000:039] [3376] (webrtcvoiceengine.cc:613): CN/16000/1 (105)
05-15 15:09:36.985  3308  3376 I libjingle: [000:039] [3376] (webrtcvoiceengine.cc:613): CN/8000/1 (13)
05-15 15:09:36.985  3308  3376 I libjingle: [000:039] [3376] (webrtcvoiceengine.cc:613): red/8000/1 (127)
05-15 15:09:36.985  3308  3376 I libjingle: [000:039] [3376] (webrtcvoiceengine.cc:613): telephone-event/8000/1 (126)
05-15 15:09:36.985  3308  3376 I libjingle: [000:039] [3376] (webrtcvoiceengine.cc:961): Setting microphone to (id=0) and speaker to (id=0)
05-15 15:09:36.985  3308  3376 W libjingle: [000:039] [3376] (webrtcvoiceengine.cc:1066): webrtc: SetRecordingChannel() unable to set the recording channel (error=10028)
05-15 15:09:36.985  3308  3376 E libjingle: [000:039] [3376] (webrtcvoiceengine.cc:1066): webrtc: recording in stereo is not supported
05-15 15:09:36.985  3308  3376 W libjingle: [000:039] [3376] (webrtcvoiceengine.cc:1066): webrtc: SetRecordingDevice() failed to set mono recording mode (error=8090)
05-15 15:09:36.985  3308  3376 E libjingle: [000:039] [3376] (webrtcvoiceengine.cc:1066): webrtc: stereo playout is not supported
05-15 15:09:36.985  3308  3376 W libjingle: [000:039] [3376] (webrtcvoiceengine.cc:1066): webrtc: SetPlayoutDevice() failed to set stereo playout mode (error=8090)
05-15 15:09:36.985  3308  3376 I libjingle: [000:039] [3376] (webrtcvoiceengine.cc:981): Set microphone to (id=0) and speaker to (id=0)
05-15 15:09:36.985  3308  3376 I libjingle: [000:039] [3376] (webrtcvoiceengine.cc:554): WebRtcVoiceEngine::Init Done!
05-15 15:09:36.985  3308  3376 I libjingle: [000:039] [3376] (webrtcvideoengine2.cc:506): WebRtcVideoEngine2::Init
05-15 15:09:36.985  3308  3376 I libjingle: [000:040] [3376] (dtlsidentitystore.cc:53): Generating identity, using keytype 0
05-15 15:09:36.985  3308  3376 I libjingle: [000:040] [3376] (opensslidentity.cc:41): Making key pair
05-15 15:09:36.998   713  2973 I [CT]    : HealthReport: ==================================================
05-15 15:09:36.998   713  2973 I [CT]    : Health Report
05-15 15:09:36.998   713  2973 I [CT]    : -------------
05-15 15:09:36.998   713  2973 I [CT]    : 
05-15 15:09:36.998   713  2973 I [CT]    : Reporter #1 (InsideOutHealthMonitor) summary:
05-15 15:09:36.998   713  2973 I [CT]    : Camera: Total Dropped: 1.000000, Total Frame Count: 1200 (0.083333%), Camera Reset Count: 0
05-15 15:09:36.998   713  2973 I [CT]    : Camera: Total Single Camera Frame Dropped: 0, Total Frame Count: 1200 (0.000000%)
05-15 15:09:36.998   713  2973 I [CT]    : IMU: Total Dropped: 0.000000, Total Sample Count: 48503 (0.000000%)
05-15 15:09:36.998   713  2973 I [CT]    : Magnetometer: Total Dropped: 0.000000, Total Sample Count: 1456 (0.000000%)
05-15 15:09:36.998   713  2973 I [CT]    : 
05-15 15:09:36.998   713  2973 I [CT]    : Reporter #1 (InsideOutHealthMonitor) Passed
05-15 15:09:36.998   713  2973 I [CT]    : --------------------------------------------------
05-15 15:09:36.998   713  2973 I [CT]    : Reporter #2 (ConstellationHealthMonitor) summary:
05-15 15:09:36.998   713  2973 I [CT]    : Camera: Total Dropped: 0.000000, Total Frame Count: 1202 (0.000000%), Camera Reset Count: 1
05-15 15:09:36.998   713  2973 I [CT]    : Camera: Total Single Camera Frame Dropped: 0, Total Frame Count: 1202 (0.000000%)
05-15 15:09:36.998   713  2973 I [CT]    : Controller 4212769887286730484:
05-15 15:09:36.998   713  2973 I [CT]    : IMU: Capture period exceeded threshold.  Largest period: 0.828477 sec
05-15 15:09:36.998   713  2973 I [CT]    : Controllers may have been sleeping
05-15 15:09:36.998   713  2973 I [CT]    : IMU: Total Dropped: 0.000000, Total Sample Count: 23910.991000 (0.000000%)
05-15 15:09:36.998   713  2973 I [CT]    : Controller 7745273921483883046:
05-15 15:09:36.998   713  2973 I [CT]    : I
05-15 15:09:37.000  3308  3361 I RCTVR_HERMES: [info]: Library entitlements cache was missed.
05-15 15:09:37.000  3308  3361 I JniUtils: Using caller's JNIEnv
05-15 15:09:37.010  3308  3345 E MobileConfigClient: exception decoding config values
05-15 15:09:37.010  3308  3345 E MobileConfigClient: org.json.JSONException: No value for query_hash
05-15 15:09:37.010  3308  3345 E MobileConfigClient: 	at org.json.JSONObject.get(JSONObject.java:389)
05-15 15:09:37.010  3308  3345 E MobileConfigClient: 	at org.json.JSONObject.getString(JSONObject.java:550)
05-15 15:09:37.010  3308  3345 E MobileConfigClient: 	at com.oculus.mobileconfigclient.MobileConfigClient.getMobileConfigResponse(MobileConfigClient.java:728)
05-15 15:09:37.010  3308  3345 E MobileConfigClient: 	at com.oculus.mobileconfigclient.MobileConfigClient.getMobileConfigValueFromJson(MobileConfigClient.java:702)
05-15 15:09:37.010  3308  3345 E MobileConfigClient: 	at com.oculus.mobileconfigclient.MobileConfigClient.decodeResultAndPopulateMCMap(MobileConfigClient.java:630)
05-15 15:09:37.010  3308  3345 E MobileConfigClient: 	at com.oculus.mobileconfigclient.MobileConfigClient.updateMCsAndHandleResult(MobileConfigClient.java:584)
05-15 15:09:37.010  3308  3345 E MobileConfigClient: 	at com.oculus.mobileconfigclient.MobileConfigClient.updateMCsImpl(MobileConfigClient.java:128)
05-15 15:09:37.010  3308  3345 E MobileConfigClient: 	at com.oculus.modules.MobileConfigModuleImpl.initializeImpl(MobileConfigModuleImpl.java:44)
05-15 15:09:37.010  3308  3345 E MobileConfigClient: 	at com.oculus.modules.codegen.MobileConfigModule.initialize(MobileConfigModule.java:90)
05-15 15:09:37.011  3308  3345 E MobileConfigClient: exception decoding config combined values
05-15 15:09:37.011  3308  3345 E MobileConfigClient: org.json.JSONException: No value for sessionless
05-15 15:09:37.011  3308  3345 E MobileConfigClient: 	at org.json.JSONObject.get(JSONObject.java:389)
05-15 15:09:37.011  3308  3345 E MobileConfigClient: 	at org.json.JSONObject.getJSONObject(JSONObject.java:609)
05-15 15:09:37.011  3308  3345 E MobileConfigClient: 	at com.oculus.mobileconfigclient.MobileConfigClient.getMobileConfigValueFromJson(MobileConfigClient.java:704)
05-15 15:09:37.011  3308  3345 E MobileConfigClient: 	at com.oculus.mobileconfigclient.MobileConfigClient.decodeResultAndPopulateMCMap(MobileConfigClient.java:630)
05-15 15:09:37.011  3308  3345 E MobileConfigClient: 	at com.oculus.mobileconfigclient.MobileConfigClient.updateMCsAndHandleResult(MobileConfigClient.java:584)
05-15 15:09:37.011  3308  3345 E MobileConfigClient: 	at com.oculus.mobileconfigclient.MobileConfigClient.updateMCsImpl(MobileConfigClient.java:128)
05-15 15:09:37.011  3308  3345 E MobileConfigClient: 	at com.oculus.modules.MobileConfigModuleImpl.initializeImpl(MobileConfigModuleImpl.java:44)
05-15 15:09:37.011  3308  3345 E MobileConfigClient: 	at com.oculus.modules.codegen.MobileConfigModule.initialize(MobileConfigModule.java:90)
05-15 15:09:37.018  3308  3345 I RCTVR   : Marker tti_explore_react_root: duration=5.085468ms start=234068.736803000007 end=234073.822271000012
05-15 15:09:37.018  3308  3345 I RCTVR   : Marker tti_router_app_initializing: duration=5.275676ms start=234068.747792000009 end=234074.023467999999
05-15 15:09:37.018  3308  3345 I RCTVR   : Marker tti_home_where_to_go: duration=5.311665ms start=234068.754824000003 end=234074.06648899999
05-15 15:09:37.022  1848  1917 I [OAR] PanelAppAnalytics: First frame latency: 0.722 for id 3 com.oculus.vrshell.home/com.oculus.vrshell.home.ExploreService
05-15 15:09:37.022  1848  1917 I [OAR] PanelRenderLayer: New SurfaceLayer 1328 x 528 (shape: 2)
05-15 15:09:37.024  2083  3178 I VrRuntimeService: nativeCreateTextureSwapChain api:gles 0 0x8c43 1328 528 11 3 1 0 0
05-15 15:09:37.034  2083  3178 I VrRuntimeServer: CreateTextureSwapChain: result importswapchaingles 1
05-15 15:09:37.038  1848  1917 I [OAR] PanelAppHost: Setting panel layer visibility of layer "#main" to invisible
05-15 15:09:37.049  3308  3345 I OVRPlatform: [capi] ovr_Voip_GetSystemVoipMicrophoneMuted: caught an OVRPlatformException: Context::Get: Called before context was initialized
05-15 15:09:37.054  3308  3361 W RCTVR_HERMES: [warn]: 'Home', [ 'Failed to get the system VOIP microphone mute state!',
05-15 15:09:37.054  3308  3361 W RCTVR_HERMES:   { message: 'Error getting microphone state' } ]
05-15 15:09:37.056  3308  3345 D QuickPromotionModule: Initialized and enabled.
05-15 15:09:37.076  3308  3361 I RCTVR_HERMES: [info]: QuickExperiments loaded native cached QEs.
05-15 15:09:37.076  3308  3361 I RCTVR_HERMES: [info]: Overrides: [object Object]
05-15 15:09:37.090  3308  3361 I JniUtils: Using caller's JNIEnv
05-15 15:09:37.090  3308  3361 I RCTVR_HERMES: [info]: GraphQL native prefetch is enabled
05-15 15:09:37.091  3308  3361 I RCTVR_HERMES: [info]: GraphQL disk cache is enabled
05-15 15:09:37.091  3308  3345 D OculusLogger: reportQuickExperimentExposure(sessionless__oculus_mobile_explore_prefetching, test, 102449717587751)
05-15 15:09:37.092  3308  3345 I GraphQLPrefetch: Pushing prefetch responses
05-15 15:09:37.092  3308  3345 D OculusLogger: reportQuickExperimentExposure(sessionless__oculus_store_landing_disk_cache, test, 102449717587751)
05-15 15:09:37.098  3308  3361 I ReactNativeExecutorHermes: Timestamp- markerPoint: 234153
05-15 15:09:37.099  3308  3361 W RCTVR_HERMES: [warn]: QEData empty or corrupt for sessionless__oculus_horizon_party_live_streaming_universe
05-15 15:09:37.107  3308  3345 D QuickPromotionModule: Set access token.
