05-06 15:14:35.353  5800  5800 D ExceptionHandlerManager: ExceptionHandlerManager not explicitly initialized, using default mode
05-06 15:14:35.353  5800  5800 D ExceptionHandlerManager: initializing exception handler manager, prioritized=true
05-06 15:14:35.354  5800  5800 E ACRA    : Skipping ANR Detector for process: com.oculus.vrshell.home:explore
05-06 15:14:35.355  5800  5800 D CrashReporting: JavascriptCrashReporter is enabled
05-06 15:14:35.355  5800  5800 I BaseService: Core app versions: {"com.oculus.browser":210941660,"com.oculus.govrnux":0,"com.oculus.home":210929916,"com.oculus.horizon":210902890,"com.oculus.mediaplayer":53624647,"com.oculus.systemactivities":210938879,"com.oculus.systemdriver":210938873,"com.oculus.systemutilities":210938897,"com.oculus.vrshell":210946745,"com.oculus.vrshell.home":210938855}
05-06 15:14:35.369  5800  5800 I PanelService: onBind()
05-06 15:14:35.370  1842  1842 D [OAR] PanelServiceConnection: onSeviceConnected - component name (ComponentInfo{com.oculus.vrshell.home/com.oculus.vrshell.home.ExploreService}), panel app id (12)
05-06 15:14:35.370  1842  1842 D [OAR] ShellApplication: notify OS to set com.oculus.vrshell.home/com.oculus.vrshell.home.ExploreService to FOREGROUND
05-06 15:14:35.374  1842  1842 I [OAR] PanelServiceConnection: verifyFirstPartyUID(Debug Signatures=false, uid=10053) => apkSignatureResult=SigCertInfo(isTrusted=true, packageNames=[com.oculus.vrshell.home], signature=3082038d30820275a00302010202041303858a300d06092a864886f70d01010b05003077310b3009060355040613025553310b3009060355040813024341311330110603550407130a4d656e6c6f205061726b31173015060355040a130e4f63756c75732056522c204c4c4331173015060355040b130e4f63756c75732056522c204c4c43311430120603550403130b4f63756c75732041707073301e170d3134313033303231343032315a170d3432303331373231343032315a3077310b3009060355040613025553310b3009060355040813024341311330110603550407130a4d656e6c6f205061726b31173015060355040a130e4f63756c75732056522c204c4c4331173015060355040b130e4f63756c75732056522c204c4c43311430120603550403130b4f63756c7573204170707330820122300d06092a864886f70d01010105000382010f003082010a0282010100a34c7fbd96dea95d811f21a0d760cabca85f2df5dbe19b62aca7a3e3e0b6e48f7e173345f2753c458d639cc2e222eeee4cfb5e89ac1c5060044414056709a43a7f1a6f1e4f2c3d708c48912634be08ad6da1fff92d9c0d4b85e4bc8a8b1c27de84c04eb1e6577c10693500af46beaf7bd2ce72a06a46f4e565859f242cecbef1a431ae8096db712cebe73840bacc64de6b99077ba1ca8c20e5d0b4870bd161f087abbf568dfef58e604068ca6f7cdea183c8681c306bc30cb223e7c5ce3a2fcf00d13e158475b3700ef62dcca46c57baecca4d91052e20b861a1a085d5fc8e99aed8c4a9cfd550d01e54ef5062133befcf7f9ea6a5a1d1575a72cd82279f34030203010001a321301f301d0603551d0e04160414ec7ccdaf8ccdc6dd1b87d4b561582ad8ec397b80300d06092a864886f70d01010b0500038201010014c557ecddc17ba8b979618036e7093b8e7307f624644532c31239f4dc83fd9424267ca7670fa9f78689cbc5bfd8a6312fdc214bd159d614a8753ceec0f2b2d9166217895b13c992e1d10ca625a3153dacfa51dbdb7fde139bd59510f5add29f88be3826b445ce7386dcf06577be72fbdf118fa81179091fad275981409e02d40422d8e86df5827a2c496a4b905b4825c3f1ba0af4cf509bf9b0d4d608cf0b4320ac60d1a8cbcc384de24f11a4c93c0fc5b887cbd6855871af1b1ef729c51a8a123efc6a627b6494e81a264587443b9156ad17772863c2f9685fae9c72a552b333f8ef2822bce5d4d178e45b3a8dd4e321924f6a5ba43f732971a9e74cbf0433), time=2 ms
05-06 15:14:35.376  5800  5812 I PanelService: verifyVrShellUID(Debug Signatures=false, uid=10028) => apkSignatureResult=SigCertInfo(isTrusted=true, packageNames=[com.oculus.vrshell], signature=3082038d30820275a00302010202041303858a300d06092a864886f70d01010b05003077310b3009060355040613025553310b3009060355040813024341311330110603550407130a4d656e6c6f205061726b31173015060355040a130e4f63756c75732056522c204c4c4331173015060355040b130e4f63756c75732056522c204c4c43311430120603550403130b4f63756c75732041707073301e170d3134313033303231343032315a170d3432303331373231343032315a3077310b3009060355040613025553310b3009060355040813024341311330110603550407130a4d656e6c6f205061726b31173015060355040a130e4f63756c75732056522c204c4c4331173015060355040b130e4f63756c75732056522c204c4c43311430120603550403130b4f63756c7573204170707330820122300d06092a864886f70d01010105000382010f003082010a0282010100a34c7fbd96dea95d811f21a0d760cabca85f2df5dbe19b62aca7a3e3e0b6e48f7e173345f2753c458d639cc2e222eeee4cfb5e89ac1c5060044414056709a43a7f1a6f1e4f2c3d708c48912634be08ad6da1fff92d9c0d4b85e4bc8a8b1c27de84c04eb1e6577c10693500af46beaf7bd2ce72a06a46f4e565859f242cecbef1a431ae8096db712cebe73840bacc64de6b99077ba1ca8c20e5d0b4870bd161f087abbf568dfef58e604068ca6f7cdea183c8681c306bc30cb223e7c5ce3a2fcf00d13e158475b3700ef62dcca46c57baecca4d91052e20b861a1a085d5fc8e99aed8c4a9cfd550d01e54ef5062133befcf7f9ea6a5a1d1575a72cd82279f34030203010001a321301f301d0603551d0e04160414ec7ccdaf8ccdc6dd1b87d4b561582ad8ec397b80300d06092a864886f70d01010b0500038201010014c557ecddc17ba8b979618036e7093b8e7307f624644532c31239f4dc83fd9424267ca7670fa9f78689cbc5bfd8a6312fdc214bd159d614a8753ceec0f2b2d9166217895b13c992e1d10ca625a3153dacfa51dbdb7fde139bd59510f5add29f88be3826b445ce7386dcf06577be72fbdf118fa81179091fad275981409e02d40422d8e86df5827a2c496a4b905b4825c3f1ba0af4cf509bf9b0d4d608cf0b4320ac60d1a8cbcc384de24f11a4c93c0fc5b887cbd6855871af1b1ef729c51a8a123efc6a627b6494e81a264587443b9156ad17772863c2f9685fae9c72a552b333f8ef2822bce5d4d178e45b3a8dd4e321924f6a5ba43f732971a9e74cbf0433), time=1 ms
05-06 15:14:35.377  5800  5800 I PanelService: Creating panel app with environment {_oc_userid="102449717587751", _oc_shell_panel_bundle_configuration="{"NONE":null}", _oc_gk:oculus_mobile_sysux_unified_dialogs_v9="true", _oc_shell_pixel_density="13", _oc_shell_panel_app_index="4", _oc_gk:oculus_vrshell_launch_checks="true", _oc_shell_permissions="permissionsGranted camera write_storage microphone", uri="/prime", _oc_device_type="259", _oc_shell_version_code="210946745", _oc_shell_version_name="16.0.0.139.450", _oc_shell_panel_id="12", _oc_device_region="0", _oc_launch_timestamp="3604665", _oc_shell_automation_enabled="false", _oc_headset_type="256", _oc_gk:oculus_mobile_home_js_bundle="true", _oc_shell_render_scale="1.000000", _oc_shell_feature_sets="multi-layer-v1,mirror-avatar-v1,system-ux-routes-v1,deeplink-nav-v1,clock-levels-v1,layerTranslate-v1,layerScaleDensity-v1,layerScaleDensity-v2,multiapp-alpha-v1,multiapp-v1", _oc_enterprise_mode="false", _oc_analytics_session_id="4cc36eb3-d167-454f-861b-969daa93a77c", _oc_shell_view_id_debugging_enabled="false", _oc_gk:oculus_mobile_sysux_lightweight_releases="true", _oc_shell_host="vrshell", _oc_gearvr_developer_mode="true"}
05-06 15:14:35.378  5800  5830 I panelapp: timestamp Panel_Create numWindows 5
05-06 15:14:35.378  5800  5830 I panelapp: Successfully parsed shell version name 16.0.0.139.450 with release 16, hotfix 0, experimentation 0, beta 139, and alpha 450.
05-06 15:14:35.383  5800  5830 W System  : ClassLoader referenced unknown path: /system/app/Horizon/lib/arm
05-06 15:14:35.383  5800  5830 D ApplicationLoaders: ignored Vulkan layer search path /system/app/Horizon/lib/arm:/system/fake-libs:/system/app/Horizon/Horizon.apk!/lib/armeabi-v7a:/system/lib:/vendor/lib for namespace 0xe9098090
05-06 15:14:35.391  5800  5800 I HomeApplication: onUserId
05-06 15:14:35.398  5800  5830 I OVRPlatform: [LoaderUtils] PlatformSDK check API compatibility (requested api = 1.1.44.0, implementation = 1.1.48.0)
05-06 15:14:35.407  5800  5830 I OVRPlatform: [Context] ConfigOption DisableFbns =>  1
05-06 15:14:35.407  5800  5830 I OVRPlatform: [Context] ConfigOption DisableP2pNetworking =>  0
05-06 15:14:35.407  5800  5830 I OVRPlatform: [RequestStopwatch] ovr_PlatformInitializeAndroidAsynchronous took 7.4990 milliseconds
05-06 15:14:35.407  5800  5830 I OCPlatformModule: timestamp request accesstoken
05-06 15:14:35.407  5800  5830 I AnalyticsLogger: Got HashMapClass
05-06 15:14:35.407  5800  5830 I AnalyticsLogger: Got OculusLoggerClass
05-06 15:14:35.407  5800  5830 I AnalyticsLogger: Got reportEventMethod
05-06 15:14:35.407  5800  5830 I AnalyticsLogger: Got reportVersionedEventMethod
05-06 15:14:35.407  5800  5830 I AnalyticsLogger: Got reportQuickExperimentExposureMethod
05-06 15:14:35.408  5800  5830 I panelapp: PanelSize 1328 528
05-06 15:14:35.413  2119  2135 I LibraryProvider: running queryAllApps() for com.oculus.vrshell.home
05-06 15:14:35.431  5800  5841 D OVRServiceSynchronous: isServiceAvailable matched: 1
05-06 15:14:35.437  5800  5800 D OVRServiceSynchronous: Service connected.
05-06 15:14:35.438  5800  5832 D OVR     : Registered OVRPlatformBroadcastReceiver
05-06 15:14:35.438  5800  5832 I OVR     : Initialized OVRPlatform with returnComponent com.oculus.vrshell.home/com.oculus.vrshell.home.ExploreService
05-06 15:14:35.438  5800  5843 D JVM     : JVM::Initialize@[tid=5843]
05-06 15:14:35.438  5800  5843 D JVM     : JVM::JVM@[tid=5843]
05-06 15:14:35.443  5800  5830 I RCTVR   : language 'en-rGB'
05-06 15:14:35.444  5800  5830 I BundleHelper: Retrieve override bundle from allowed bundles in the BundleConfiguration
05-06 15:14:35.444  5800  5830 I BundleHelper:   And if installed locally
05-06 15:14:35.444  5800  5830 I BundleHelper: Bundle configuration - No service 'EXPLORE' found. Skipping.
05-06 15:14:35.444  5800  5830 I BundleHelper: No JS Bundles are allowed.
05-06 15:14:35.444  5800  5830 I RCTVR   : [TIMESTAMP] : ReactPlayerCommon : 3605.03284757200026
05-06 15:14:35.444  5800  5830 I RCTVR   : ReactPlayer: config shell version 16.0.0.139.450
05-06 15:14:35.444  5800  5830 I RCTVR   : ReactPlayer: config automation enabled false
05-06 15:14:35.444  5800  5830 I RCTVR   : ReactPlayerCommon: Init
05-06 15:14:35.447  5800  5819 D APIInterceptor: intercept original headers:
05-06 15:14:35.447  5800  5818 D APIInterceptor: intercept original headers:
05-06 15:14:35.447  5800  5819 D APIInterceptor: Host: graph.oculus.com
05-06 15:14:35.447  5800  5819 D APIInterceptor: Connection: Keep-Alive
05-06 15:14:35.447  5800  5819 D APIInterceptor: Accept-Encoding: gzip
05-06 15:14:35.447  5800  5818 D APIInterceptor: Host: graph.oculus.com
05-06 15:14:35.447  5800  5819 D APIInterceptor: User-Agent: okhttp/3.6.0
05-06 15:14:35.447  5800  5818 D APIInterceptor: Connection: Keep-Alive
05-06 15:14:35.447  5800  5818 D APIInterceptor: Accept-Encoding: gzip
05-06 15:14:35.447  5800  5818 D APIInterceptor: User-Agent: okhttp/3.6.0
05-06 15:14:35.447  5800  5817 D APIInterceptor: intercept original headers:
05-06 15:14:35.447  5800  5817 D APIInterceptor: Host: graph.oculus.com
05-06 15:14:35.447  5800  5817 D APIInterceptor: Connection: Keep-Alive
05-06 15:14:35.447  5800  5817 D APIInterceptor: Accept-Encoding: gzip
05-06 15:14:35.447  5800  5817 D APIInterceptor: User-Agent: okhttp/3.6.0
05-06 15:14:35.449  5800  5830 I RCTVR   : [TIMESTAMP] : ReactPlayer_InitReactNativeContext_Start : 3605.03858804099991
05-06 15:14:35.450  5800  5817 D APIInterceptor: intercept modified headers:
05-06 15:14:35.450  5800  5817 D APIInterceptor: Host: graph.oculus.com
05-06 15:14:35.450  5800  5817 D APIInterceptor: Connection: Keep-Alive
05-06 15:14:35.450  5800  5817 D APIInterceptor: Accept-Encoding: gzip
05-06 15:14:35.450  5800  5817 D APIInterceptor: X-Build-Model: Oculus Quest
05-06 15:14:35.450  5800  5817 D APIInterceptor: X-Build-Number: 210938855
05-06 15:14:35.450  5800  5817 D APIInterceptor: X-ANDROID-ID: 13720d2a49fddeae
05-06 15:14:35.450  5800  5817 D APIInterceptor: X-OC-Selected-Headset-Serial: 1PASH9BQ720132
05-06 15:14:35.450  5800  5817 D APIInterceptor: X-OC-VrShell-Build-Name: 16.0.0.139.450
05-06 15:14:35.450  5800  5817 D APIInterceptor: User-Agent: Dalvik/2.1.0 (Linux; U; Android 7.1.1; Quest Build/NGI77B) [FBAN/OculusHomeShell;FBAV/16.0.0.138.450;FBDV/Quest;FBCR/null;FBLC/en_GB;FBSV/7.1.1;FBBD/oculus;FBBV/210938855;FBCA/armeabi-v7a:armeabi;FBMF/Oculus;FBPN/com.oculus.vrshell.home;]
05-06 15:14:35.450  5800  5817 D APIInterceptor: Accept-Language: en_GB
05-06 15:14:35.452  5800  5818 D APIInterceptor: intercept modified headers:
05-06 15:14:35.452  5800  5818 D APIInterceptor: Host: graph.oculus.com
05-06 15:14:35.452  5800  5818 D APIInterceptor: Connection: Keep-Alive
05-06 15:14:35.452  5800  5818 D APIInterceptor: Accept-Encoding: gzip
05-06 15:14:35.452  5800  5818 D APIInterceptor: X-Build-Model: Oculus Quest
05-06 15:14:35.452  5800  5818 D APIInterceptor: X-Build-Number: 210938855
05-06 15:14:35.452  5800  5818 D APIInterceptor: X-ANDROID-ID: 13720d2a49fddeae
05-06 15:14:35.452  5800  5818 D APIInterceptor: X-OC-Selected-Headset-Serial: 1PASH9BQ720132
05-06 15:14:35.452  5800  5818 D APIInterceptor: X-OC-VrShell-Build-Name: 16.0.0.139.450
05-06 15:14:35.452  5800  5818 D APIInterceptor: User-Agent: Dalvik/2.1.0 (Linux; U; Android 7.1.1; Quest Build/NGI77B) [FBAN/OculusHomeShell;FBAV/16.0.0.138.450;FBDV/Quest;FBCR/null;FBLC/en_GB;FBSV/7.1.1;FBBD/oculus;FBBV/210938855;FBCA/armeabi-v7a:armeabi;FBMF/Oculus;FBPN/com.oculus.vrshell.home;]
05-06 15:14:35.452  5800  5818 D APIInterceptor: Accept-Language: en_GB
05-06 15:14:35.453  5800  5850 I RCTVR   : JavaScript[0xc8704ae8], Avg 0.0198960001580417156, Max 0.0198960001580417156, MaxInLast 0.0198960001580417156
05-06 15:14:35.454  5800  5819 D APIInterceptor: intercept modified headers:
05-06 15:14:35.454  5800  5819 D APIInterceptor: Host: graph.oculus.com
05-06 15:14:35.454  5800  5819 D APIInterceptor: Connection: Keep-Alive
05-06 15:14:35.454  5800  5819 D APIInterceptor: Accept-Encoding: gzip
05-06 15:14:35.454  5800  5819 D APIInterceptor: X-Build-Model: Oculus Quest
05-06 15:14:35.454  5800  5819 D APIInterceptor: X-Build-Number: 210938855
05-06 15:14:35.454  5800  5819 D APIInterceptor: X-ANDROID-ID: 13720d2a49fddeae
05-06 15:14:35.454  5800  5819 D APIInterceptor: X-OC-Selected-Headset-Serial: 1PASH9BQ720132
05-06 15:14:35.454  5800  5819 D APIInterceptor: X-OC-VrShell-Build-Name: 16.0.0.139.450
05-06 15:14:35.454  5800  5819 D APIInterceptor: User-Agent: Dalvik/2.1.0 (Linux; U; Android 7.1.1; Quest Build/NGI77B) [FBAN/OculusHomeShell;FBAV/16.0.0.138.450;FBDV/Quest;FBCR/null;FBLC/en_GB;FBSV/7.1.1;FBBD/oculus;FBBV/210938855;FBCA/armeabi-v7a:armeabi;FBMF/Oculus;FBPN/com.oculus.vrshell.home;]
05-06 15:14:35.454  5800  5819 D APIInterceptor: Accept-Language: en_GB
05-06 15:14:35.454  5800  5850 I RCTVR_HERMES: Hermes Mem: numCollections 0, allocatedBytes 108848, heapSize 9265152, va 8388608
05-06 15:14:35.456  5800  5855 I AsyncFonts: FStart
05-06 15:14:35.456  5800  5830 I RCTVR   : AsyncLocalStorage '/data/user/0/com.oculus.vrshell.home/files'
05-06 15:14:35.457  5800  5855 I ReactNativeContextGL: attempt loading default
05-06 15:14:35.457  5800  5830 I RCTQplModule: Timestamp- markerStart 3604665
05-06 15:14:35.457  5800  5856 I OVR_MemBuffer: Couldn't open assets/audio/sound_def.json: No such file or directory
05-06 15:14:35.458  5800  5855 I ReactNativeContextGL: attempt loading sans-serif-Medium
05-06 15:14:35.458  5800  5855 I ReactNativeContextGL: attempt loading sans-serif-Normal
05-06 15:14:35.458  5800  5855 I ReactNativeContextGL: attempt loading sans-serif-Light
05-06 15:14:35.459  5800  5855 I ReactNativeContextGL: attempt loading sans-serif-Bold
05-06 15:14:35.459  5800  5855 I ReactNativeContextGL: attempt loading emoji
05-06 15:14:35.459  5800  5830 I ReactPlayerCommon: ReactNativeExec: Signal
05-06 15:14:35.460  5800  5830 I RCTVR   : Metrics history-based collection is disabled.
05-06 15:14:35.460  5800  5830 I RCTVR   : [TIMESTAMP] : ReactPlayer_InitReactNativeContext_End : 3605.04870543600009
05-06 15:14:35.460  5800  5830 I RCTVR   : Marker panel_create_start: duration=302.336538ms start=3604665 end=3604967.33653800003
05-06 15:14:35.460  5800  5830 I RCTVR   : Marker panel_create_end: duration=383.802103ms start=3604665 end=3605048.80210300023
05-06 15:14:35.460  5800  5830 I panelapp: Init start
05-06 15:14:35.460  5800  5830 I panelapp: timestamp Init()
05-06 15:14:35.460  5800  5830 I panelapp: ANativeWindow_setBuffersGeometry()
05-06 15:14:35.460  5800  5859 I panelapp: Start
05-06 15:14:35.460  5800  5855 I ReactNativeContextGL: attempt loading arabic
05-06 15:14:35.460  5800  5830 I panelapp: ANativeWindow_setBuffersGeometry()
05-06 15:14:35.460  5800  5859 I RCTVR   : Marker load_bundle_start: duration=383.881530ms start=3604665 end=3605048.8815299999
05-06 15:14:35.460  5800  5830 I panelapp: ANativeWindow_setBuffersGeometry()
05-06 15:14:35.460  5800  5859 I RCTVR   : [TIMESTAMP] : ReactPlayer_LoadBundle_Start : 3605.04891293600031
05-06 15:14:35.460  5800  5830 I panelapp: ANativeWindow_setBuffersGeometry()
05-06 15:14:35.460  5800  5859 I RCTVR   : ReactPlayerCommon: start loading bundle
05-06 15:14:35.460  5800  5830 I panelapp: ANativeWindow_setBuffersGeometry()
05-06 15:14:35.460  5800  5830 I panelapp: ovrPanel::InitGL()
05-06 15:14:35.460  5800  5855 I ReactNativeContextGL: attempt loading cjk
05-06 15:14:35.460  5800  5850 I RCTVR   : Marker execute_bundle_0_start: duration=384.032884ms start=3604665 end=3605049.03288399987
05-06 15:14:35.460  5800  5859 I RCTVR   : Marker load_bundle_end: duration=384.210800ms start=3604665 end=3605049.2108
05-06 15:14:35.460  5800  5859 I panelapp: Complete
05-06 15:14:35.467  5800  5830 I AdrenoGLES-0: QUALCOMM build                   : 6950ec0, I01788bbc52
05-06 15:14:35.467  5800  5830 I AdrenoGLES-0: Build Date                       : 03/20/20
05-06 15:14:35.467  5800  5830 I AdrenoGLES-0: OpenGL ES Shader Compiler Version: EV031.29.05.00
05-06 15:14:35.467  5800  5830 I AdrenoGLES-0: Local Branch                     : 
05-06 15:14:35.467  5800  5830 I AdrenoGLES-0: Remote Branch                    : refs/tags/AU_LINUX_ANDROID_LA.UM.5.7.C25.07.01.01.563.041
05-06 15:14:35.467  5800  5830 I AdrenoGLES-0: Remote Branch                    : NONE
05-06 15:14:35.467  5800  5830 I AdrenoGLES-0: Reconstruct Branch               : NOTHING
05-06 15:14:35.467  5800  5830 I AdrenoGLES-0: Build Config                     : S P 6.0.9 AArch32
05-06 15:14:35.467  5800  5830 I AdrenoGLES-0: Driver Path                      : /system/vendor/lib/egl/libGLESv2_adreno.so
05-06 15:14:35.486  2119  2229 E Security-LocalReporter: UID '10043' is shared by multiple packages: [com.oculus.home, com.oculus.horizon]
05-06 15:14:35.490  5800  5843 W VideoCapabilities: Unrecognized profile 2130706433 for video/avc
05-06 15:14:35.490  5800  5843 W VideoCapabilities: Unrecognized profile 2130706434 for video/avc
05-06 15:14:35.492  5800  5855 I AsyncFonts: FComplete
05-06 15:14:35.504  5800  5850 I ReactNativeExecutorHermes: WaitForNativeModules: Started
05-06 15:14:35.504  5800  5850 I ReactNativeExecutorHermes: WaitForNativeModules: Finished
05-06 15:14:35.505  5830  5830 W OVR::PanelApp: type=1400 audit(0.0:24): avc: denied { read } for name="gpu_model" dev="sysfs" ino=31478 scontext=u:r:untrusted_app:s0:c512,c768 tcontext=u:object_r:sysfs:s0 tclass=file permissive=0
05-06 15:14:35.509  5800  5830 I AdrenoGLES-0: PFP: 0x005ff112, ME: 0x005ff066
05-06 15:14:35.512  5800  5850 I JniUtils: Using caller's JNIEnv
05-06 15:14:35.513  5800  5850 I JniUtils: Using caller's JNIEnv
05-06 15:14:35.516  5800  5843 W VideoCapabilities: Unrecognized profile 2130706433 for video/avc
05-06 15:14:35.516  5800  5843 W VideoCapabilities: Unrecognized profile 2130706434 for video/avc
05-06 15:14:35.516  5800  5850 I JniUtils: Using caller's JNIEnv
05-06 15:14:35.517  5800  5843 W VideoCapabilities: Unrecognized profile 2130706433 for video/avc
05-06 15:14:35.517  5800  5843 W VideoCapabilities: Unrecognized profile 2130706434 for video/avc
05-06 15:14:35.518  5800  5830 W AdrenoUtils: <ReadGpuID_from_sysfs:198>: Failed to open /sys/class/kgsl/kgsl-3d0/gpu_model
05-06 15:14:35.518  5800  5830 W AdrenoUtils: <ReadGpuID:222>: Failed to read chip ID from gpu_model. Fallback to use the GSL path
05-06 15:14:35.519  5800  5850 I JniUtils: Using caller's JNIEnv
05-06 15:14:35.520  2119  2229 I LibraryProvider: running queryApp(com.oculus.vrshell.home) for com.oculus.uid:10043
05-06 15:14:35.520  2119  2229 W LibraryProvider: Cannot find entitlement for com.oculus.vrshell.home
05-06 15:14:35.520  1789  1922 W OVRLibrary: null cursor received for query content://com.oculus.ocms.library/apps/com.oculus.vrshell.home
05-06 15:14:35.520  5800  5843 W VideoCapabilities: Unrecognized profile/level 0/3 for video/mpeg2
05-06 15:14:35.523  5800  5843 W VideoCapabilities: Unrecognized profile/level 0/3 for video/mpeg2
05-06 15:14:35.523  5800  5830 I panelapp: GLES3::LoadGLFunctions()
05-06 15:14:35.526  5800  5830 I panelapp: GL_InitExtensions()
05-06 15:14:35.526  5800  5830 I OVR_GlUtils: es3 = TRUE
05-06 15:14:35.527  5800  5850 I JniUtils: Using caller's JNIEnv
05-06 15:14:35.527  5800  5843 W VideoCapabilities: Unsupported mime video/x-ms-wmv
05-06 15:14:35.527  5800  5830 I OVR_GlUtils: GL_MAX_TEXTURE_SIZE = 16384
05-06 15:14:35.527  5800  5830 I OVR_GlUtils: GL_MAX_VERTEX_UNIFORM_VECTORS = 256
05-06 15:14:35.527  5800  5830 I OVR_GlUtils: GL_MAX_FRAGMENT_UNIFORM_VECTORS = 256
05-06 15:14:35.527  5800  5830 I RCTVR   : ReactPlayerCommon: InitGfx
05-06 15:14:35.529  5800  5843 W VideoCapabilities: Unsupported mime video/x-ms-wmv
05-06 15:14:35.529  5800  5850 I JniUtils: Using caller's JNIEnv
05-06 15:14:35.530  5800  5844 V OVRServiceManager: Registered process token.
05-06 15:14:35.530  5800  5843 W VideoCapabilities: Unsupported mime video/divx
05-06 15:14:35.531  5800  5850 I JniUtils: Using caller's JNIEnv
05-06 15:14:35.532  5800  5850 I JniUtils: Using caller's JNIEnv
05-06 15:14:35.532  5800  5830 I panelapp: Init complete
05-06 15:14:35.532  5800  5830 I RCTVR   : Create root
05-06 15:14:35.532  5800  5830 I RCTVR   : ReactPlayerCommon: reloaded RootView 'main', tag: 1
05-06 15:14:35.532  5800  5843 W VideoCapabilities: Unsupported mime video/divx311
05-06 15:14:35.533  5800  5850 I OVR_MemBuffer: Couldn't open assets/en_GB.json: No such file or directory
05-06 15:14:35.534  5800  5850 I JniUtils: Using caller's JNIEnv
05-06 15:14:35.536  5800  5843 W VideoCapabilities: Unsupported mime video/divx4
05-06 15:14:35.536  5800  5850 I JniUtils: Using caller's JNIEnv
05-06 15:14:35.537  5800  5850 I ReactNativeExecutorHermes: Timestamp- markerPoint: 3605126
05-06 15:14:35.538  5800  5850 I RCTVR   : Marker execute_bundle_0_end: duration=462.057720ms start=3604665 end=3605127.05771999992
05-06 15:14:35.540  5800  5830 I RCTVRMEM: Total Allocated Space: 10793160, Total Free Space: 1789752, JavaScript Heap Size: 108848
05-06 15:14:35.541  1842  1917 I [OAR] PanelRenderLayer: ResetSurface 1328 x 528 - shape:2 stereo:0
05-06 15:14:35.545  5800  5850 I RCTVR   : [TIMESTAMP] : HermesReady : 3605.13461777100019
05-06 15:14:35.546  5800  5850 I RCTVR   : Marker hermes_ready: duration=469.693291ms start=3604665 end=3605134.69329100009
05-06 15:14:35.546  5800  5850 I RCTVR_HERMES: [info]: Running "main" with {"rootTag":1,"initialProps":{"surfaceWidth":1328,"surfaceHeight":528}}
05-06 15:14:35.547  1789  1789 I FBConnectReceiver: Updating linked FB account on com.oculus.fbconnect.UPDATE_CURRENT_FACEBOOK_ACCOUNT
05-06 15:14:35.559  5800  5829 E SocialModule: Cursor was null
05-06 15:14:35.565  5800  5850 I JniUtils: Using caller's JNIEnv
05-06 15:14:35.565  5800  5850 I RCTVR_HERMES: [info]: QuickExperiments.initialize with options:
05-06 15:14:35.565  5800  5850 I RCTVR_HERMES: [info]: { useNativeQEModule: true }
05-06 15:14:35.566  5800  5850 I RCTVR   : Marker execute_bundle_1_start: duration=489.911571ms start=3604665 end=3605154.91157099977
05-06 15:14:35.566  5800  5850 I RCTVR   : Marker execute_bundle_1_end: duration=490.453081ms start=3604665 end=3605155.45308100013
05-06 15:14:35.566  5800  5843 W VideoCapabilities: Unsupported mime video/mp4v-esdp
05-06 15:14:35.567  2161  2225 I GuardianSystem: UpdateGuardianSystemState: Flags changed: 524288, 532480
05-06 15:14:35.577  5800  5830 E MobileConfigClient: exception decoding config values
05-06 15:14:35.577  5800  5830 E MobileConfigClient: org.json.JSONException: No value for query_hash
05-06 15:14:35.577  5800  5830 E MobileConfigClient: 	at org.json.JSONObject.get(JSONObject.java:389)
05-06 15:14:35.577  5800  5830 E MobileConfigClient: 	at org.json.JSONObject.getString(JSONObject.java:550)
05-06 15:14:35.577  5800  5830 E MobileConfigClient: 	at com.oculus.mobileconfigclient.MobileConfigClient.getMobileConfigResponse(MobileConfigClient.java:728)
05-06 15:14:35.577  5800  5830 E MobileConfigClient: 	at com.oculus.mobileconfigclient.MobileConfigClient.getMobileConfigValueFromJson(MobileConfigClient.java:702)
05-06 15:14:35.577  5800  5830 E MobileConfigClient: 	at com.oculus.mobileconfigclient.MobileConfigClient.decodeResultAndPopulateMCMap(MobileConfigClient.java:630)
05-06 15:14:35.577  5800  5830 E MobileConfigClient: 	at com.oculus.mobileconfigclient.MobileConfigClient.updateMCsAndHandleResult(MobileConfigClient.java:584)
05-06 15:14:35.577  5800  5830 E MobileConfigClient: 	at com.oculus.mobileconfigclient.MobileConfigClient.updateMCsImpl(MobileConfigClient.java:128)
05-06 15:14:35.577  5800  5830 E MobileConfigClient: 	at com.oculus.modules.MobileConfigModuleImpl.initializeImpl(MobileConfigModuleImpl.java:44)
05-06 15:14:35.577  5800  5830 E MobileConfigClient: 	at com.oculus.modules.codegen.MobileConfigModule.initialize(MobileConfigModule.java:90)
05-06 15:14:35.577  5800  5830 E MobileConfigClient: exception decoding config combined values
05-06 15:14:35.577  5800  5830 E MobileConfigClient: org.json.JSONException: No value for sessionless
05-06 15:14:35.577  5800  5830 E MobileConfigClient: 	at org.json.JSONObject.get(JSONObject.java:389)
05-06 15:14:35.577  5800  5830 E MobileConfigClient: 	at org.json.JSONObject.getJSONObject(JSONObject.java:609)
05-06 15:14:35.577  5800  5830 E MobileConfigClient: 	at com.oculus.mobileconfigclient.MobileConfigClient.getMobileConfigValueFromJson(MobileConfigClient.java:704)
05-06 15:14:35.577  5800  5830 E MobileConfigClient: 	at com.oculus.mobileconfigclient.MobileConfigClient.decodeResultAndPopulateMCMap(MobileConfigClient.java:630)
05-06 15:14:35.577  5800  5830 E MobileConfigClient: 	at com.oculus.mobileconfigclient.MobileConfigClient.updateMCsAndHandleResult(MobileConfigClient.java:584)
05-06 15:14:35.577  5800  5830 E MobileConfigClient: 	at com.oculus.mobileconfigclient.MobileConfigClient.updateMCsImpl(MobileConfigClient.java:128)
05-06 15:14:35.577  5800  5830 E MobileConfigClient: 	at com.oculus.modules.MobileConfigModuleImpl.initializeImpl(MobileConfigModuleImpl.java:44)
05-06 15:14:35.577  5800  5830 E MobileConfigClient: 	at com.oculus.modules.codegen.MobileConfigModule.initialize(MobileConfigModule.java:90)
05-06 15:14:35.579  5800  5830 I RvrPnl  : FPS=0.000554764/83.2405/83.2405, MSPF=1802.57/12.0134/12.0134, MEMALLOC=10.2932
05-06 15:14:35.586  5800  5830 I RCTVR   : Marker tti_explore_react_root: duration=6.841040ms start=3605167.94662200008 end=3605174.78766199993
05-06 15:14:35.586  5800  5830 I RCTVR   : Marker tti_router_app_initializing: duration=6.947447ms start=3605167.96193399979 end=3605174.90938099986
05-06 15:14:35.586  5800  5830 I RCTVR   : Marker tti_home_where_to_go: duration=6.963124ms start=3605167.98667400004 end=3605174.94979800005
05-06 15:14:35.597  1842  1917 I [OAR] PanelAppHost: Setting panel layer visibility of layer "#main" to invisible
05-06 15:14:35.597  2161  2365 W VrApi   : ovr_SubmitFrameInternal: FrameIndex discontinuity: Expected 12537, Received 13417
05-06 15:14:35.597  5800  5818 I GraphQLPrefetch: Completed request for 2730171627063766 in 287ms
05-06 15:14:35.601  1842  1917 I [OAR] PanelAppAnalytics: First frame latency: 0.410 for id 12 com.oculus.vrshell.home/com.oculus.vrshell.home.ExploreService
05-06 15:14:35.603  5800  5850 I JniUtils: Using caller's JNIEnv
05-06 15:14:35.603  5800  5830 I OVRPlatform: [capi] ovr_Voip_GetSystemVoipMicrophoneMuted: caught an OVRPlatformException: Context::Get: Called before context was initialized
05-06 15:14:35.604  5800  5850 I RCTVR_HERMES: [info]: Library entitlements cache was missed.
05-06 15:14:35.605  5800  5850 W RCTVR_HERMES: [warn]: 'Home', [ 'Failed to get the system VOIP microphone mute state!',
05-06 15:14:35.605  5800  5850 W RCTVR_HERMES:   { message: 'Error getting microphone state' } ]
05-06 15:14:35.616  5800  5843 I VideoCapabilities: Unsupported profile 4 for video/mp4v-es
05-06 15:14:35.625  5800  5843 I org.webrtc.Logging: MediaCodecVideoEncoder: Found target encoder for mime video/x-vnd.on2.vp8 : OMX.qcom.video.encoder.vp8. Color: 0x15
05-06 15:14:35.625  5800  5843 W VideoCapabilities: Unrecognized profile 2130706433 for video/avc
05-06 15:14:35.625  5800  5843 W VideoCapabilities: Unrecognized profile 2130706434 for video/avc
05-06 15:14:35.626  5800  5843 I org.webrtc.Logging: MediaCodecVideoEncoder: Found target encoder for mime video/avc : OMX.qcom.video.encoder.avc. Color: 0x15
05-06 15:14:35.627  5800  5843 I org.webrtc.Logging: MediaCodecVideoDecoder: Trying to find HW decoder for mime video/x-vnd.on2.vp8
05-06 15:14:35.628  5800  5843 I org.webrtc.Logging: MediaCodecVideoDecoder: Found candidate decoder OMX.qcom.video.decoder.vp8
05-06 15:14:35.628  5800  5843 I org.webrtc.Logging: MediaCodecVideoDecoder: Found target decoder OMX.qcom.video.decoder.vp8. Color: 0x13
05-06 15:14:35.628  5800  5843 I org.webrtc.Logging: MediaCodecVideoDecoder: Trying to find HW decoder for mime video/x-vnd.on2.vp9
05-06 15:14:35.628  5800  5843 I org.webrtc.Logging: MediaCodecVideoDecoder: Found candidate decoder OMX.qcom.video.decoder.vp9
05-06 15:14:35.628  5800  5830 D QuickPromotionModule: Initialized and enabled.
05-06 15:14:35.629  5800  5843 I org.webrtc.Logging: MediaCodecVideoDecoder: Found target decoder OMX.qcom.video.decoder.vp9. Color: 0x13
05-06 15:14:35.629  5800  5843 I org.webrtc.Logging: MediaCodecVideoDecoder: Trying to find HW decoder for mime video/avc
05-06 15:14:35.629  5800  5843 I org.webrtc.Logging: MediaCodecVideoDecoder: Found candidate decoder OMX.qcom.video.decoder.avc
05-06 15:14:35.629  5800  5843 W VideoCapabilities: Unrecognized profile 2130706433 for video/avc
05-06 15:14:35.629  5800  5843 W VideoCapabilities: Unrecognized profile 2130706434 for video/avc
05-06 15:14:35.629  5800  5843 I org.webrtc.Logging: MediaCodecVideoDecoder: Found target decoder OMX.qcom.video.decoder.avc. Color: 0x13
05-06 15:14:35.631  5800  5850 I RCTVR_HERMES: [info]: QuickExperiments loaded native cached QEs.
05-06 15:14:35.631  5800  5850 I RCTVR_HERMES: [info]: Overrides: [object Object]
05-06 15:14:35.632  5800  5832 I OVRPlatform: [RequestStopwatch] AndroidPlatformIntegration-Constructor took 220.9000 milliseconds
05-06 15:14:35.644  5800  5850 I JniUtils: Using caller's JNIEnv
05-06 15:14:35.644  5800  5850 I RCTVR_HERMES: [info]: GraphQL native prefetch is enabled
05-06 15:14:35.645  5800  5850 I RCTVR_HERMES: [info]: GraphQL disk cache is enabled
05-06 15:14:35.653  5800  5850 I ReactNativeExecutorHermes: Timestamp- markerPoint: 3605242
05-06 15:14:35.654  5800  5850 W RCTVR_HERMES: [warn]: QEData empty or corrupt for sessionless__oculus_horizon_party_live_streaming_universe
05-06 15:14:35.656  5800  5830 D OculusLogger: reportQuickExperimentExposure(sessionless__oculus_mobile_explore_prefetching, test, 102449717587751)
05-06 15:14:35.657  5800  5830 I GraphQLPrefetch: Pushing prefetch responses
05-06 15:14:35.657  5800  5830 D OculusLogger: reportQuickExperimentExposure(sessionless__oculus_store_landing_disk_cache, test, 102449717587751)
05-06 15:14:35.658  5800  5830 D QuickPromotionModule: Set access token.
05-06 15:14:35.658  5800  5819 I GraphQLPrefetch: Completed request for 2886345294781084 in 348ms
05-06 15:14:35.658  5800  5819 I GraphQLPrefetch: Pushing prefetch responses
05-06 15:14:35.666  5800  5832 I OVRPlatform: [AndroidPlatformIntegration] Creating shared mic
05-06 15:14:35.667  5800  5832 I libjingle: [000:000] [5832] (WebRtcPeerConnectionFactory.cpp:119): WebRtcPeerConnectionFactory::WebRtcPeerConnectionFactory
05-06 15:14:35.667  5800  5830 I RCTVR   : RCTEnvironment
05-06 15:14:35.670  5800  5870 I libjingle: [000:003] [5870] (WebRtcPeerConnectionFactory.cpp:98): SetThreadCPUAffinity failed for thread 0, cpu mask 15 err=Invalid argument 22
05-06 15:14:35.671  5800  5871 I libjingle: [000:004] [5871] (WebRtcPeerConnectionFactory.cpp:98): SetThreadCPUAffinity failed for thread 0, cpu mask 15 err=Invalid argument 22
05-06 15:14:35.671  5800  5832 I libjingle: [000:004] [5832] (WebRtcPeerConnectionFactory.cpp:164): WebRtcPeerConnectionFactory::WebRtcPeerConnectionFactory enc 0xcb9d4f78 dec 0xc46049f8
05-06 15:14:35.672  5800  5871 D JVM     : AttachCurrentThreadIfNeeded::ctor@[tid=5871]
05-06 15:14:35.672  5800  5871 D JVM     : Attaching thread to JVM
05-06 15:14:35.672  5800  5871 D JVM     : JVM::environment@[tid=5871]
05-06 15:14:35.672  5800  5871 D JVM     : JNIEnvironment::ctor@[tid=5871]
05-06 15:14:35.672  5800  5871 D AudioManager: ctor@[tid=5871]
05-06 15:14:35.672  5800  5871 D JVM     : JNIEnvironment::RegisterNatives(org/webrtc/voiceengine/WebRtcAudioManager)
05-06 15:14:35.672  5800  5871 D JVM     : NativeRegistration::ctor@[tid=5871]
05-06 15:14:35.672  5800  5871 D JVM     : NativeRegistration::NewObject@[tid=5871]
05-06 15:14:35.673  5800  5871 I org.webrtc.Logging: WebRtcAudioManager: ctor@[name=Thread-10, id=116]
05-06 15:14:35.674  5800  5830 I RCTVR   : Marker tti_router_app: duration=6.396509ms start=3605256.3945820001 end=3605262.7910910002
05-06 15:14:35.674  5800  5830 I RCTVR   : env default
05-06 15:14:35.674  5800  5871 I org.webrtc.Logging: WebRtcAudioManager: Sample rate is set to 48000 Hz
05-06 15:14:35.684  5800  5830 D OculusLogger: reportQuickExperimentExposure(sessionless__oculus_feed_agency_and_personalization_v2_universe, control, 102449717587751)
05-06 15:14:35.684  5800  5871 I org.webrtc.Logging: WebRtcAudioEffects: canUseAcousticEchoCanceler: true
05-06 15:14:35.686  5800  5871 I org.webrtc.Logging: WebRtcAudioEffects: canUseAutomaticGainControl: false
05-06 15:14:35.692  5800  5871 I org.webrtc.Logging: WebRtcAudioEffects: canUseNoiseSuppressor: true
05-06 15:14:35.695  5800  5871 D AudioManager: OnCacheAudioParameters@[tid=5871]
05-06 15:14:35.695  5800  5871 D AudioManager: hardware_aec: 1
05-06 15:14:35.695  5800  5871 D AudioManager: hardware_agc: 0
05-06 15:14:35.695  5800  5871 D AudioManager: hardware_ns: 1
05-06 15:14:35.695  5800  5871 D AudioManager: low_latency_output: 1
05-06 15:14:35.695  5800  5871 D AudioManager: sample_rate: 48000
05-06 15:14:35.695  5800  5871 D AudioManager: channels: 1
05-06 15:14:35.695  5800  5871 D AudioManager: output_buffer_size: 192
05-06 15:14:35.695  5800  5871 D AudioManager: input_buffer_size: 1920
05-06 15:14:35.695  5800  5871 D JVM     : GlobalRef::ctor@[tid=5871]
05-06 15:14:35.695  5800  5871 D AudioManager: JavaAudioManager::ctor@[tid=5871]
05-06 15:14:35.695  5800  5871 D JVM     : AttachCurrentThreadIfNeeded::ctor@[tid=5871]
05-06 15:14:35.695  5800  5871 D JVM     : JVM::environment@[tid=5871]
05-06 15:14:35.695  5800  5871 D JVM     : JNIEnvironment::ctor@[tid=5871]
05-06 15:14:35.695  5800  5871 D AudioTrackJni: ctor@[tid=5871]
05-06 15:14:35.695  5800  5871 D JVM     : JNIEnvironment::RegisterNatives(org/webrtc/voiceengine/WebRtcAudioTrack)
05-06 15:14:35.695  5800  5871 D JVM     : NativeRegistration::ctor@[tid=5871]
05-06 15:14:35.695  5800  5871 D JVM     : NativeRegistration::NewObject@[tid=5871]
05-06 15:14:35.695  5800  5871 I org.webrtc.Logging: WebRtcAudioTrack: ctor@[name=Thread-10, id=116]
05-06 15:14:35.695  5800  5871 D JVM     : GlobalRef::ctor@[tid=5871]
05-06 15:14:35.695  5800  5871 D AudioManager: SetActiveAudioLayer(5)@[tid=5871]
05-06 15:14:35.695  5800  5871 D AudioManager: delay_estimate_in_milliseconds: 150
05-06 15:14:35.695  5800  5871 D AudioTrackJni: AttachAudioBuffer@[tid=5871]
05-06 15:14:35.695  5800  5871 D AudioTrackJni: SetPlayoutSampleRate(48000)
05-06 15:14:35.695  5800  5871 D AudioTrackJni: SetPlayoutChannels(1)
05-06 15:14:35.696  5800  5871 I libjingle: [000:029] [5871] (AudioRecordWrapper.cpp:53): Attached an audio buffer to AudioRecordWrapper
05-06 15:14:35.696  5800  5830 D OculusLogger: reportQuickExperimentExposure(sessionless__oculus_explore_preference_customization, test, 102449717587751)
05-06 15:14:35.698  5800  5871 I libjingle: [000:031] [5871] (webrtcvoiceengine.cc:246): WebRtc VoiceEngine codecs:
05-06 15:14:35.699  5800  5871 I libjingle: [000:032] [5871] (webrtcvoiceengine.cc:273): ISAC/16000/1 (103)
05-06 15:14:35.699  5800  5871 I libjingle: [000:032] [5871] (webrtcvoiceengine.cc:273): PCMU/8000/1 (0)
05-06 15:14:35.699  5800  5871 I libjingle: [000:032] [5871] (webrtcvoiceengine.cc:273): PCMA/8000/1 (8)
05-06 15:14:35.699  5800  5871 W libjingle: [000:032] [5871] (webrtcvoiceengine.cc:297): Unexpected codec: PCMU/8000/2 (110)
05-06 15:14:35.699  5800  5871 W libjingle: [000:032] [5871] (webrtcvoiceengine.cc:297): Unexpected codec: PCMA/8000/2 (118)
05-06 15:14:35.699  5800  5871 I libjingle: [000:032] [5871] (webrtcvoiceengine.cc:273): ILBC/8000/1 (102)
05-06 15:14:35.699  5800  5871 I libjingle: [000:032] [5871] (webrtcvoiceengine.cc:273): G722/8000/1 (9)
05-06 15:14:35.699  5800  5871 W libjingle: [000:032] [5871] (webrtcvoiceengine.cc:297): Unexpected codec: G722/8000/2 (119)
05-06 15:14:35.699  5800  5871 I libjingle: [000:032] [5871] (webrtcvoiceengine.cc:273): opus/48000/2 (111)
05-06 15:14:35.699  5800  5871 I libjingle: [000:032] [5871] (webrtcvoiceengine.cc:273): CN/8000/1 (13)
05-06 15:14:35.699  5800  5871 I libjingle: [000:032] [5871] (webrtcvoiceengine.cc:273): CN/16000/1 (105)
05-06 15:14:35.699  5800  5871 I libjingle: [000:032] [5871] (webrtcvoiceengine.cc:273): CN/32000/1 (106)
05-06 15:14:35.699  5800  5871 I libjingle: [000:032] [5871] (webrtcvoiceengine.cc:273): telephone-event/8000/1 (126)
05-06 15:14:35.699  5800  5871 I libjingle: [000:032] [5871] (webrtcvoiceengine.cc:273): red/8000/1 (127)
05-06 15:14:35.699  5800  5871 I libjingle: [000:032] [5871] (webrtcvideoengine2.cc:497): WebRtcVideoEngine2::WebRtcVideoEngine2()
05-06 15:14:35.700  5800  5871 I libjingle: [000:033] [5871] (webrtcvoiceengine.cc:551): WebRtcVoiceEngine::Init
05-06 15:14:35.700  5800  5871 I libjingle: [000:033] [5871] (webrtcvoiceengine.cc:575): VoiceEngine 4.1.0
05-06 15:14:35.700  5800  5871 I libjingle: [000:033] [5871] (voe_base_impl.cc:244): Init: An external ADM implementation will be used in VoiceEngine
05-06 15:14:35.700  5800  5871 D AudioManager: Init@[tid=5871]
05-06 15:14:35.700  5800  5871 I org.webrtc.Logging: WebRtcAudioManager: init@[name=Thread-10, id=116]
05-06 15:14:35.701  5800  5871 I org.webrtc.Logging: WebRtcAudioManager: audio mode is: MODE_NORMAL
05-06 15:14:35.701  5800  5871 D AudioTrackJni: Init@[tid=5871]
05-06 15:14:35.701  5800  5871 I libjingle: [000:034] [5871] (webrtcvoiceengine.cc:1066): webrtc: output: available=0
05-06 15:14:35.701  5800  5871 E libjingle: [000:034] [5871] (webrtcvoiceengine.cc:1066): webrtc: stereo playout is not supported
05-06 15:14:35.701  5800  5871 W libjingle: [000:034] [5871] (webrtcvoiceengine.cc:1066): webrtc: Init() failed to set mono/stereo playout mode (error=8090)
05-06 15:14:35.701  5800  5871 I libjingle: [000:035] [5871] (webrtcvoiceengine.cc:1066): webrtc: output: available=0
05-06 15:14:35.701  5800  5871 E libjingle: [000:035] [5871] (webrtcvoiceengine.cc:1066): webrtc: recording in stereo is not supported
05-06 15:14:35.702  5800  5871 W libjingle: [000:035] [5871] (webrtcvoiceengine.cc:1066): webrtc: Init() failed to set mono/stereo recording mode (error=8090)
05-06 15:14:35.702  5800  5871 I libjingle: [000:035] [5871] (webrtcvoiceengine.cc:1066): webrtc: TransmitMixer::SetAudioProcessingModule(audioProcessingModule=0xc426aa80)
05-06 15:14:35.702  5800  5871 I libjingle: [000:035] [5871] (webrtcvoiceengine.cc:1066): webrtc: OutputMixer::SetAudioProcessingModule(audioProcessingModule=0xc426aa80)
05-06 15:14:35.702  5800  5871 E libjingle: [000:035] [5871] (voe_base_impl.cc:371): Init: Failed to set agc to enabled: 0
05-06 15:14:35.702  5800  5871 I libjingle: [000:035] [5871] (webrtcvoiceengine.cc:648): ApplyOptions: AudioOptions {aec: true, agc: true, ns: true, hf: true, swap: false, audio_jitter_buffer_max_packets: 50, audio_jitter_buffer_fast_accelerate: false, typing: true, agc_delta: 0, experimental_agc: false, extended_filter_aec: false, delay_agnostic_aec: false, experimental_ns: false, }
05-06 15:14:35.702  5800  5871 I OVRPlatform: [SharedMicrophoneAudioRecord] EnableBuiltInEffect(): called to enable effect 0
05-06 15:14:35.702  5800  5871 I libjingle: [000:035] [5871] (webrtcvoiceengine.cc:722): Disabling EC since built-in EC will be used instead
05-06 15:14:35.702  5800  5871 I libjingle: [000:035] [5871] (webrtcvoiceengine.cc:729): Echo control set to 0 with mode 4
05-06 15:14:35.702  5800  5871 I libjingle: [000:035] [5871] (webrtcvoiceengine.cc:764): Auto gain set to 0 with mode 4
05-06 15:14:35.702  5800  5871 I OVRPlatform: [SharedMicrophoneAudioRecord] EnableBuiltInEffect(): called to enable effect 2
05-06 15:14:35.702  5800  5871 I libjingle: [000:035] [5871] (webrtcvoiceengine.cc:804): Disabling NS since built-in NS will be used instead
05-06 15:14:35.702  5800  5871 I libjingle: [000:035] [5871] (webrtcvoiceengine.cc:811): Noise suppression set to 0 with mode 5
05-06 15:14:35.702  5800  5871 I libjingle: [000:035] [5871] (webrtcvoiceengine.cc:817): High pass filter enabled? 0
05-06 15:14:35.702  5800  5871 I libjingle: [000:035] [5871] (webrtcvoiceengine.cc:825): Stereo swapping enabled? 0
05-06 15:14:35.702  5800  5871 I libjingle: [000:035] [5871] (webrtcvoiceengine.cc:834): NetEq capacity is 50
05-06 15:14:35.702  5800  5871 I libjingle: [000:035] [5871] (webrtcvoiceengine.cc:842): NetEq fast mode? 0
05-06 15:14:35.702  5800  5871 I libjingle: [000:035] [5871] (webrtcvoiceengine.cc:850): Typing detection is enabled? 0
05-06 15:14:35.702  5800  5871 E libjingle: [000:035] [5871] (voe_audio_processing_impl.cc:955): SetTypingDetectionStatus: not supported
05-06 15:14:35.702  5800  5871 W libjingle: [000:035] [5871] (webrtcvoiceengine.cc:854): SetTypingDetectionStatus(0) failed, err=8003
05-06 15:14:35.702  5800  5871 I libjingle: [000:035] [5871] (webrtcvoiceengine.cc:859): Adjust agc delta is 0
05-06 15:14:35.702  5800  5871 I libjingle: [000:035] [5871] (webrtcvoiceengine.cc:1091): Adjusting AGC level from default -3dB to -3dB
05-06 15:14:35.702  5800  5871 I libjingle: [000:035] [5871] (webrtcvoiceengine.cc:870): Delay agnostic aec is enabled? 0
05-06 15:14:35.702  5800  5871 I libjingle: [000:035] [5871] (webrtcvoiceengine.cc:879): Extended filter aec is enabled? 0
05-06 15:14:35.702  5800  5871 I libjingle: [000:035] [5871] (webrtcvoiceengine.cc:888): Experimental ns is enabled? 0
05-06 15:14:35.702  5800  5871 I libjingle: [000:035] [5871] (webrtcvoiceengine.cc:611): WebRtc VoiceEngine codecs:
05-06 15:14:35.702  5800  5871 I libjingle: [000:035] [5871] (webrtcvoiceengine.cc:613): opus/48000/2 (111)
05-06 15:14:35.702  5800  5871 I libjingle: [000:035] [5871] (webrtcvoiceengine.cc:613): ISAC/16000/1 (103)
05-06 15:14:35.702  5800  5871 I libjingle: [000:035] [5871] (webrtcvoiceengine.cc:613): G722/8000/1 (9)
05-06 15:14:35.702  5800  5871 I libjingle: [000:035] [5871] (webrtcvoiceengine.cc:613): ILBC/8000/1 (102)
05-06 15:14:35.702  5800  5871 I libjingle: [000:035] [5871] (webrtcvoiceengine.cc:613): PCMU/8000/1 (0)
05-06 15:14:35.702  5800  5871 I libjingle: [000:035] [5871] (webrtcvoiceengine.cc:613): PCMA/8000/1 (8)
05-06 15:14:35.702  5800  5871 I libjingle: [000:035] [5871] (webrtcvoiceengine.cc:613): CN/32000/1 (106)
05-06 15:14:35.702  5800  5871 I libjingle: [000:035] [5871] (webrtcvoiceengine.cc:613): CN/16000/1 (105)
05-06 15:14:35.702  5800  5871 I libjingle: [000:035] [5871] (webrtcvoiceengine.cc:613): CN/8000/1 (13)
05-06 15:14:35.702  5800  5871 I libjingle: [000:035] [5871] (webrtcvoiceengine.cc:613): red/8000/1 (127)
05-06 15:14:35.702  5800  5871 I libjingle: [000:035] [5871] (webrtcvoiceengine.cc:613): telephone-event/8000/1 (126)
05-06 15:14:35.702  5800  5871 I libjingle: [000:035] [5871] (webrtcvoiceengine.cc:961): Setting microphone to (id=0) and speaker to (id=0)
05-06 15:14:35.702  5800  5871 W libjingle: [000:035] [5871] (webrtcvoiceengine.cc:1066): webrtc: SetRecordingChannel() unable to set the recording channel (error=10028)
05-06 15:14:35.702  5800  5871 E libjingle: [000:035] [5871] (webrtcvoiceengine.cc:1066): webrtc: recording in stereo is not supported
05-06 15:14:35.702  5800  5871 W libjingle: [000:035] [5871] (webrtcvoiceengine.cc:1066): webrtc: SetRecordingDevice() failed to set mono recording mode (error=8090)
05-06 15:14:35.702  5800  5871 E libjingle: [000:035] [5871] (webrtcvoiceengine.cc:1066): webrtc: stereo playout is not supported
05-06 15:14:35.702  5800  5871 W libjingle: [000:035] [5871] (webrtcvoiceengine.cc:1066): webrtc: SetPlayoutDevice() failed to set stereo playout mode (error=8090)
05-06 15:14:35.702  5800  5871 I libjingle: [000:035] [5871] (webrtcvoiceengine.cc:981): Set microphone to (id=0) and speaker to (id=0)
05-06 15:14:35.702  5800  5871 I libjingle: [000:035] [5871] (webrtcvoiceengine.cc:554): WebRtcVoiceEngine::Init Done!
05-06 15:14:35.702  5800  5871 I libjingle: [000:035] [5871] (webrtcvideoengine2.cc:506): WebRtcVideoEngine2::Init
05-06 15:14:35.703  5800  5871 I libjingle: [000:036] [5871] (dtlsidentitystore.cc:53): Generating identity, using keytype 0
05-06 15:14:35.703  5800  5871 I libjingle: [000:036] [5871] (opensslidentity.cc:41): Making key pair
05-06 15:14:35.713  5800  5850 I ReactNativeExecutorHermes: Timestamp- markerPoint: 3605301
05-06 15:14:35.725  5800  5830 D OculusLogger: reportQuickExperimentExposure(sessionless__oculus_mobile_explore_prefetching, test, 102449717587751)
05-06 15:14:35.739  5800  5830 D OculusLogger: reportQuickExperimentExposure(sessionless__oculus_feed_agency_and_personalization_v2_universe, control, 102449717587751)
05-06 15:14:35.749   709  5333 I [CT]    : VIPER:MAP_MANAGER: State: TRACKING_PERSISTENT, UUID=d18585e8-d288-4997-b6ff-78495c7eed6a, Num. Persistent maps = 1,  Persistent maps:d18585e8-d288-4997-b6ff-78495c7eed6a,, Ser. Disabled = 00000000-0000-0000-0000-000000000000
05-06 15:14:35.753  5800  5830 D OculusLogger: reportQuickExperimentExposure(sessionless__oculus_feed_agency_and_personalization_v2_universe, control, 102449717587751)
05-06 15:14:35.757  5800  5850 I RCTVR_HERMES: [info]: Got available data for docid=2730171627063766 from native prefetch
05-06 15:14:35.758  5800  5850 I RCTVR_HERMES: [info]: Got available data for docid=2886345294781084 from native prefetch
05-06 15:14:35.766  5206  5601 I VrApi   : FPS=67,Prd=44ms,Tear=0,Early=0,Stale=15,VSnc=1,Lat=1,Fov=0,CPU4/GPU=4/4,2304/670MHz,OC=FF,TA=0/3/3,SP=N/N/N,Mem=1804MHz,Free=1392MB,PSM=0,PLS=0,Temp=31.0C/0.0C,TW=1.22ms,App=13.68ms,GD=0.00ms,CPU&GPU=23.08ms,LCnt=1,GPU%=0.98,CPU%=0.26(W0.39),DSF=1.00
05-06 15:14:35.780  5800  5830 D QuickPromotionModule: Signal trigger 'app_foreground'.
05-06 15:14:35.780  5800  5830 D QuickPromotionModule: Enable surface #5643.
05-06 15:14:35.780  5800  5830 D QuickPromotionModule: Enable surface #5259.
05-06 15:14:35.781  5800  5871 I libjingle: [000:114] [5871] (opensslidentity.cc:82): Returning key pair
05-06 15:14:35.781  5800  5871 I libjingle: [000:114] [5871] (opensslidentity.cc:89): Making certificate for WebRTC
05-06 15:14:35.783  5800  5871 I libjingle: [000:116] [5871] (opensslidentity.cc:137): Returning certificate
05-06 15:14:35.784  5800  5830 I RCTVRNET: Network data cache path: /data/user/0/com.oculus.vrshell.home/cache
05-06 15:14:35.785  5800  5832 I OVRPlatform: [AndroidPlatformIntegration] Cached SystemVoipState wasn't set, explicitly requesting
05-06 15:14:35.788  5800  5832 I OVRPlatform: [RequestStopwatch] AndroidFinishInitialization took 376.7840 milliseconds
05-06 15:14:35.789  5800  5832 I OVRPlatform: [RequestStopwatch] AndroidAsyncInitRequest took 377.3480 milliseconds
05-06 15:14:35.789   709  5333 I [CT]    : VIPER: Status=6DoF,TRACKING,KF=151,Inl=333,Pts=501,Jit=0.1mm,Issues(Cam/min=0.5,IMU/min=0.0),Exp=(8.5ms,g=10.0,I=66)(7.1ms,g=8.0,I=53)(8.5ms,g=10.0,I=70)(6.5ms,g=7.0,I=67)
05-06 15:14:35.790  5800  5830 I RCTVR   : Marker tti_explore_panel_contents: duration=9.430259ms start=3605369.44852899993 end=3605378.87878799997
05-06 15:14:35.790  5800  5875 I OVR_MemBuffer: Couldn't open assets/src/ocicon/assets/oc_icon_apps_filled_2_24_d2d3d4.png: No such file or directory
05-06 15:14:35.790  5800  5830 I RCTVR   : Marker tti_explore_panel: duration=8.594636ms start=3605370.41118399985 end=3605379.00582000008
05-06 15:14:35.790  5800  5875 I OVR_MemBuffer: Couldn't open assets/src/ocicon/assets/oc_icon_search_outline_2_24_d2d3d4.png: No such file or directory
05-06 15:14:35.790  5800  5830 I RCTVR   : Allocated offscreen texture 5, size 792x64
05-06 15:14:35.790  1789  3508 I OVRPlatform: [PartiesAPI] ovr_Party_PluginGetSharedMemHandle: This function is deprecated, do not use
05-06 15:14:35.791  5800  5875 I OVR_MemBuffer: Couldn't open assets/src/ocicon/assets/oc_icon_home_outline_2_24_d2d3d4.png: No such file or directory
05-06 15:14:35.791  5800  5873 I OVR_MemBuffer: Couldn't open assets/oculus-apps-native/VrShell/Home/assets/icons/settings_32x32.ktx: No such file or directory
05-06 15:14:35.792  5800  5836 I OVRPlatform: [P2PNetworkTransport] SystemVoip state changed, updating mute
05-06 15:14:35.805  1842  1917 I [OAR] PanelAppHost: Setting panel layer visibility of layer "#main" to visible
05-06 15:14:35.807  1842  1917 I [OAR] PanelRenderLayer: New SurfaceLayer 1328 x 528 (shape: 2)
05-06 15:14:35.808  2150  2172 I VrRuntimeService: nativeCreateTextureSwapChain api:gles 0 0x8c43 1328 528 11 3 1 0 0
05-06 15:14:35.818  2150  2172 I VrRuntimeServer: CreateTextureSwapChain: result importswapchaingles 1
05-06 15:14:35.833  2161  2212 I GuardianSystem: Guardian: GuardianCmdWithParms 7, 0, 0.000000
