05-15 15:09:35.261  1848  1917 I [OAR] Gatekeepers: oculus_mobile_sysux_unified_dialogs_v9:true -> SystemShell
05-15 15:09:35.261  1848  1917 I [OAR] Gatekeepers: oculus_mobile_settings_hand_tracking:true -> SystemShell -> SystemUX
05-15 15:09:35.261  1848  1917 I [OAR] Gatekeepers: oculus_vrshell_force_60_video_at_72:false -> SystemShell
05-15 15:09:35.261  1848  1917 I [OAR] Gatekeepers: oculus_mobile_pause_invite_enabled:true -> SystemShell -> SystemUX
05-15 15:09:35.261  1848  1917 I [OAR] Gatekeepers: oculus_vrshell_webtask:false -> SystemShell
05-15 15:09:35.261  1848  1917 I [OAR] Gatekeepers: oculus_party_joinable_calls:true -> SystemShell -> SystemUX
05-15 15:09:35.261  1848  1917 I [OAR] Gatekeepers: oculus_video_enable_early_frame_release:true -> SystemShell
05-15 15:09:35.261  1848  1917 I [OAR] Gatekeepers: oculus_video_use_experimental_abr:false -> SystemShell
05-15 15:09:35.261  1848  1917 I [OAR] Gatekeepers: oculus_vrshell_keyboard_transcription:false -> SystemShell
05-15 15:09:35.261  1848  1917 I [OAR] Gatekeepers: oculus_video_enable_codec_cache:false -> SystemShell
05-15 15:09:35.261  1848  1917 I [OAR] Gatekeepers: oculus_video_enable_audio_virtualization:false -> SystemShell
05-15 15:09:35.261  1848  1917 I [OAR] Gatekeepers: oculus_enable_guardian_on_screen_capture:false -> SystemShell
05-15 15:09:35.261  1848  1917 I [OAR] Gatekeepers: oculus_vrshell_keyboard_typeahead:false -> SystemShell
05-15 15:09:35.261  1848  1917 I [OAR] Gatekeepers: oculus_vrshell_enable_social_octv:false -> SystemShell -> SystemUX
05-15 15:09:35.261  1848  1917 I [OAR] Gatekeepers: oculus_parties_join_button:true -> SystemShell -> SystemUX
05-15 15:09:35.261  1848  1917 I [OAR] Gatekeepers: oculus_video_disable_cache:false -> SystemShell
05-15 15:09:35.261  1848  1917 I [OAR] Gatekeepers: oculus_vrshell_system_view:false -> SystemShell
05-15 15:09:35.261  1848  1917 I [OAR] Gatekeepers: oculus_video_direct_experiment:false -> SystemShell
05-15 15:09:35.261  1848  1917 I [OAR] Gatekeepers: oculus_video_allow_screen_capture:false -> SystemShell
05-15 15:09:35.261  1848  1917 I [OAR] Gatekeepers: oculus_video_enable_avr4vbr:false -> SystemShell
05-15 15:09:35.261  1848  1917 I [OAR] Gatekeepers: oculus_party_block_members:true -> SystemShell -> SystemUX
05-15 15:09:35.261  1848  1917 I [OAR] Gatekeepers: oculus_monterey_ota_slow_dogfooding:false -> SystemShell
05-15 15:09:35.261  1848  1917 I [OAR] Gatekeepers: oculus_mobile_search_aui_search_removal:false -> SystemShell -> SystemUX
05-15 15:09:35.261  1848  1917 I [OAR] Gatekeepers: oculus_vrshell_enable_social_video:false -> SystemShell
05-15 15:09:35.261  1848  1917 I [OAR] Gatekeepers: oculus_party_joinable_toggle_aui:true -> SystemShell -> SystemUX
05-15 15:09:35.261  1848  1917 I [OAR] Gatekeepers: oculus_mobile_auiv2_feature_enabled:true -> SystemShell
05-15 15:09:35.261  1848  1917 I [OAR] Gatekeepers: oculus_monterey_ota_fast_dogfooding:false -> SystemShell
05-15 15:09:35.261  1848  1917 I [OAR] Gatekeepers: oculus_vrshell_core_quest_retaildemo:false -> SystemShell
05-15 15:09:35.261  1848  1917 I [OAR] Gatekeepers: oculus_vrshell_multiapp_rollout:false -> SystemShell
05-15 15:09:35.261  1848  1917 I [OAR] Gatekeepers: oculus_mobile_auiv2_rollout_v18:false -> SystemShell
05-15 15:09:35.261  1848  1917 I [OAR] Gatekeepers: oculus_social_party_fb_upsell:true -> SystemShell -> SystemUX
05-15 15:09:35.261  1848  1917 I [OAR] Gatekeepers: oculus_vrshell_multiapp_public:true -> SystemShell
05-15 15:09:35.261  1848  1917 I [OAR] Gatekeepers: oculus_vrshell_enable_vrcast:true -> SystemShell -> SystemUX
05-15 15:09:35.261  1848  1917 I [OAR] Gatekeepers: oculus_vrshell_core_go_retaildemo:false -> SystemShell
05-15 15:09:35.261  1848  1917 I [OAR] Gatekeepers: oculus_vrshell_enable_social_gallery:false -> SystemShell
05-15 15:09:35.261  1848  1917 I [OAR] Gatekeepers: oculus_vrshell_core_debug_panel:false -> SystemShell -> SystemUX
05-15 15:09:35.261  1848  1917 I [OAR] Gatekeepers: oculus_vrshell_package_installer:false
05-15 15:09:35.261  1848  1917 I [OAR] Gatekeepers: Cached GKs:
05-15 15:09:35.261  1848  1917 I [OAR] Gatekeepers: true:oculus_mobile_settings_release_process
05-15 15:09:35.261  1848  1917 I [OAR] Gatekeepers: true:oculus_quest_passthrough_ondemand
05-15 15:09:35.261  1848  1917 I [OAR] Gatekeepers: true:oculus_developer
05-15 15:09:35.261  1848  1917 I [OAR] Gatekeepers: false:oculus_mobile_settings_controller_effects
05-15 15:09:35.261  1848  1917 I [OAR] Gatekeepers: true:oculus_vrshell_anytimeui_living_room_badge
05-15 15:09:35.261  1848  1917 I [OAR] Gatekeepers: false:oculus_mobile_instant_replay
05-15 15:09:35.261  1848  1917 I [OAR] Gatekeepers: true:oculus_mobile_pause_screenshot_enabled
05-15 15:09:35.261  1848  1917 I [OAR] Gatekeepers: true:oculus_auiv2_dismiss_tablet_on_external_action
05-15 15:09:35.261  1848  1917 I [OAR] Gatekeepers: false:oculus_hands_drawing_roomscale_guardian
05-15 15:09:35.261  1848  1917 I [OAR] Gatekeepers: false:oculus_notifications_stateful_vr_feed
05-15 15:09:35.261  1848  1917 I [OAR] Gatekeepers: false:oculus_vrshell_force_30_video_at_72
05-15 15:09:35.261  1848  1917 I [OAR] Gatekeepers: false:oculus_is_trusted_user
05-15 15:09:35.261  1848  1917 I [OAR] Gatekeepers: true:oculus_vrshell_anytimeui_invite_via_social_dialog
05-15 15:09:35.261  1848  1917 I [OAR] Gatekeepers: true:oculus_vrshell_anytimeui_use_social_dialogs
05-15 15:09:35.261  1848  1917 I [OAR] Gatekeepers: false:oculus_vrshell_anytimeui_v2_social
05-15 15:09:35.261  1848  1917 I [OAR] Gatekeepers: true:oculus_mobile_pause_videoshot_enabled
05-15 15:09:35.261  1848  1917 I [OAR] Gatekeepers: false:oculus_quest_playspace_scan
05-15 15:09:35.261  1848  1917 I [OAR] Gatekeepers: false:oculus_mobile_auiv2_rollout_v17
05-15 15:09:35.261  1848  1917 I [OAR] Gatekeepers: false:oculus_vrshell_anytimeui_v2_opt_in_november
05-15 15:09:35.261  1848  1917 I [OAR] Gatekeepers: false:oculus_mobile_auiv2_bypass_nux_dialogs
05-15 15:09:35.261  1848  1917 I [OAR] Gatekeepers: false:oculus_anytimeui_brightness_settings_slider_quest
05-15 15:09:35.261  1848  1917 I [OAR] Gatekeepers: true:oculus_vrshell_anytimeui_chat_icon
05-15 15:09:35.261  1848  1917 I [OAR] Gatekeepers: false:oculus_vrshell_core_tv_button
05-15 15:09:35.261  1848  1917 I [OAR] Gatekeepers: false:assistant_on_oculus
05-15 15:09:35.261  1848  1917 I [OAR] Gatekeepers: true:oculus_mobile_sysux_lightweight_releases
05-15 15:09:35.261  1848  1917 I [OAR] Gatekeepers: false:oculus_mobile_home_js_bundle_qa_only
05-15 15:09:35.261  1848  1917 I [OAR] Gatekeepers: false:oculus_vrshell_input_japanese_keyboard
05-15 15:09:35.261  1848  1917 I [OAR] Gatekeepers: true:oculus_mobile_home_js_bundle
05-15 15:09:35.261  1848  1917 I [OAR] Gatekeepers: false:oculus_vrshell_enable_social_platform_app_routing
05-15 15:09:35.261  1848  1917 I [OAR] Gatekeepers: true:oculus_parties_message_button
05-15 15:09:35.261  1848  1917 I [OAR] Gatekeepers: false:oculus_mobile_home_library_cache
05-15 15:09:35.261  1848  1917 I [OAR] Gatekeepers: true:oculus_mobile_sysux_unified_dialogs_v9
05-15 15:09:35.261  1848  1917 I [OAR] Gatekeepers: true:oculus_mobile_settings_hand_tracking
05-15 15:09:35.261  1848  1917 I [OAR] Gatekeepers: false:oculus_vrshell_force_60_video_at_72
05-15 15:09:35.261  1848  1917 I [OAR] Gatekeepers: true:oculus_mobile_pause_invite_enabled
05-15 15:09:35.261  1848  1917 I [OAR] Gatekeepers: false:oculus_vrshell_webtask
05-15 15:09:35.261  1848  1917 I [OAR] Gatekeepers: true:oculus_party_joinable_calls
05-15 15:09:35.261  1848  1917 I [OAR] Gatekeepers: true:oculus_video_enable_early_frame_release
05-15 15:09:35.261  1848  1917 I [OAR] Gatekeepers: false:oculus_video_use_experimental_abr
05-15 15:09:35.261  1848  1917 I [OAR] Gatekeepers: false:oculus_vrshell_keyboard_transcription
05-15 15:09:35.261  1848  1917 I [OAR] Gatekeepers: false:oculus_video_enable_codec_cache
05-15 15:09:35.261  1848  1917 I [OAR] Gatekeepers: false:oculus_video_enable_audio_virtualization
05-15 15:09:35.261  1848  1917 I [OAR] Gatekeepers: false:oculus_enable_guardian_on_screen_capture
05-15 15:09:35.261  1848  1917 I [OAR] Gatekeepers: false:oculus_vrshell_keyboard_typeahead
05-15 15:09:35.261  1848  1917 I [OAR] Gatekeepers: false:oculus_vrshell_enable_social_octv
05-15 15:09:35.261  1848  1917 I [OAR] Gatekeepers: true:oculus_parties_join_button
05-15 15:09:35.261  1848  1917 I [OAR] Gatekeepers: false:oculus_video_disable_cache
05-15 15:09:35.261  1848  1917 I [OAR] Gatekeepers: false:oculus_vrshell_system_view
05-15 15:09:35.261  1848  1917 I [OAR] Gatekeepers: false:oculus_video_direct_experiment
05-15 15:09:35.261  1848  1917 I [OAR] Gatekeepers: false:oculus_video_allow_screen_capture
05-15 15:09:35.261  1848  1917 I [OAR] Gatekeepers: false:oculus_video_enable_avr4vbr
05-15 15:09:35.261  1848  1917 I [OAR] Gatekeepers: true:oculus_party_block_members
05-15 15:09:35.261  1848  1917 I [OAR] Gatekeepers: false:oculus_monterey_ota_slow_dogfooding
05-15 15:09:35.261  1848  1917 I [OAR] Gatekeepers: false:oculus_mobile_search_aui_search_removal
05-15 15:09:35.261  1848  1917 I [OAR] Gatekeepers: false:oculus_vrshell_enable_social_video
05-15 15:09:35.261  1848  1917 I [OAR] Gatekeepers: true:oculus_party_joinable_toggle_aui
05-15 15:09:35.261  1848  1917 I [OAR] Gatekeepers: true:oculus_mobile_auiv2_feature_enabled
05-15 15:09:35.261  1848  1917 I [OAR] Gatekeepers: false:oculus_monterey_ota_fast_dogfooding
05-15 15:09:35.261  1848  1917 I [OAR] Gatekeepers: false:oculus_vrshell_core_quest_retaildemo
05-15 15:09:35.261  1848  1917 I [OAR] Gatekeepers: false:oculus_vrshell_multiapp_rollout
05-15 15:09:35.261  1848  1917 I [OAR] Gatekeepers: false:oculus_mobile_auiv2_rollout_v18
05-15 15:09:35.261  1848  1917 I [OAR] Gatekeepers: true:oculus_social_party_fb_upsell
05-15 15:09:35.261  1848  1917 I [OAR] Gatekeepers: true:oculus_vrshell_multiapp_public
05-15 15:09:35.261  1848  1917 I [OAR] Gatekeepers: true:oculus_vrshell_enable_vrcast
05-15 15:09:35.261  1848  1917 I [OAR] Gatekeepers: false:oculus_vrshell_core_go_retaildemo
05-15 15:09:35.261  1848  1917 I [OAR] Gatekeepers: false:oculus_vrshell_enable_social_gallery
05-15 15:09:35.261  1848  1917 I [OAR] Gatekeepers: false:oculus_vrshell_core_debug_panel
05-15 15:09:35.261  1848  1917 I [OAR] Gatekeepers: false:oculus_vrshell_package_installer
05-15 15:09:35.261  1848  1917 I [OAR] Gatekeepers: false:oculus_vrshell_multiapp
05-15 15:09:35.261  1848  1917 I [OAR] Gatekeepers: false:oculus_vrshell_managed_launcher
05-15 15:09:35.261  1848  1917 I [OAR] Gatekeepers: false:oculus_mobile_auiv2_rollout_v16
05-15 15:09:35.261  1848  1917 I [OAR] Gatekeepers: false:oc_vrshell_keyboard_transcription_feedback
05-15 15:09:35.261  1848  1917 I [OAR] Gatekeepers: false:oculus_mobile_hand_tracking_ga
05-15 15:09:35.261  1848  1917 I [OAR] Gatekeepers: true:oculus_video_use_exoplayer_fast_seek
05-15 15:09:35.261  1848  1917 I [OAR] Gatekeepers: false:oculus_vrshell_mouse_input
05-15 15:09:35.261  1848  1917 I [OAR] Gatekeepers: false:oculus_quest_dogfooding_update
05-15 15:09:35.261  1848  1917 I [OAR] Gatekeepers: true:oculus_mobile_settings_env_picker_bypass_qe
05-15 15:09:35.261  1848  1917 I [OAR] Gatekeepers: false:oculus_mobile_feed_defaulting_enabled
05-15 15:09:35.261  1848  1917 I [OAR] Gatekeepers: false:oculus_vrshell_keyboard_remote_input
05-15 15:09:35.261  1848  1917 I [OAR] Gatekeepers: false:oculus_vrshell_anytimeui_passthrough_button
05-15 15:09:35.261  1848  1917 I [OAR] Gatekeepers: true:oculus_vrshell_overlays_v2_enabled
05-15 15:09:35.261  1848  1917 I [OAR] Gatekeepers: Override GKs:
05-15 15:09:35.268  1848  1917 I TrackingServiceClient: setting complex haptics, but not yet connected to socket, open connection...
05-15 15:09:35.268   713   713 I TrackingService: virtual android::binder::Status OVR::OS::Tracking::TrackingService::getTrackingSocketFileDescriptor(android::os::ParcelFileDescriptor *)
05-15 15:09:35.268   713   713 D TrackingService: haptic socket already exists
05-15 15:09:35.273  1848  2295 I OVRPlatform: [HttpRequest] Request `graphql?doc_id=2190218397702960&access_token=OCAf4XEGmMaHEhnT8RnfZCt0pNklNukIRnLZCAAZAQgawdMo2mZCmoFuYC8miAZCi67pxEkGb8RhgIz3077BFjyDOdnwFfC2ykZD&variables={"deviceId":"13720d2a49fddeae"}' (id: 242) succeeded: {"data":{"viewer":{"user":{"device_preferences":{"voice_setting":"START","sessions_in_vr":24}}}}}
05-15 15:09:35.273  1848  2295 I OVRPlatform: [RequestStopwatch] HttpRequestAsync (graphql?doc_id=2190218397702960&access_token=OCAf4XEGmMaHEhnT8RnfZCt0pNklNukIRnLZCAAZAQgawdMo2mZCmoFuYC8miAZCi67pxEkGb8RhgIz3077BFjyDOdnwFfC2ykZD&variables={"deviceId":"13720d2a49fddeae"}) took 263.7040 milliseconds
05-15 15:09:35.447  2096  2110 I GuardianSystem: Guardian: GuardianCmdWithParms 7, 1, 0.000000
05-15 15:09:35.470  1922  3300 D [OAR] DiskCache: Wrote bytes to file at /data/user/0/com.oculus.systemux/cache/image_cache/-992770575
05-15 15:09:35.519  2096  2111 I GuardianSystem: Guardian: GuardianCmdWithParms 7, 0, 0.000000
05-15 15:09:35.702  2875  3244 D UE4     : *** JavaEnvDestructor: 3244
05-15 15:09:35.724   550   595 I AudioFlinger: BUFFER TIMEOUT: remove(4096) from active list on thread 0xf0083fc0
05-15 15:09:35.731   713  3008 W [CT]    : floorplane: Failed detection of groundplane, not enough points for detection. Took 0.171511 ms
05-15 15:09:35.744   550   589 D msm8974_platform: platform_split_snd_device: snd_device(2) new_snd_devices (speaker)
05-15 15:09:35.744   550   589 D ACDB-LOADER: ACDB -> send_audvoltable
05-15 15:09:35.744   550   589 D ACDB-LOADER: ACDB -> ACDB_CMD_GET_AUDPROC_GAIN_DEP_STEP_TABLE, vol index 5
05-15 15:09:35.744   550   589 D         : Failed to fetch the lookup information of the device 0000000F 
05-15 15:09:35.744   550   589 E ACDB-LOADER: Error: ACDB AudProc vol returned = -19
05-15 15:09:35.744   550   589 D ACDB-LOADER: ACDB -> AUDIO_SET_VOL_CAL cal type = 40
05-15 15:09:35.744   550   589 W msm8974_platform: platform_send_gain_dep_cal: Usecase list is empty
05-15 15:09:35.757  2875  3250 D UE4     : [2020.05.15-13.09.35:757][323]LogTcpMessaging: Lost node '75DA99A241563F33622BD3BCBE495817' on connection '127.0.0.1:36848'...
05-15 15:09:35.758  2875  3250 D UE4     : *** JavaEnvDestructor: 3250
05-15 15:09:35.794   713  2973 I [CT]    : VIPER:MAP_MANAGER: State: TRACKING_PERSISTENT, UUID=deaca19c-90c2-48cc-a549-fce80e792872, Num. Persistent maps = 2,  Persistent maps:022994f1-0c1e-4a65-9817-b24e9f537401,deaca19c-90c2-48cc-a549-fce80e792872,, Ser. Disabled = 00000000-0000-0000-0000-000000000000
05-15 15:09:35.834   713  2973 I [CT]    : VIPER: Status=6DoF,TRACKING,KF=60,Inl=348,Pts=269,Jit=0.3mm,Issues(Cam/min=1.3,IMU/min=0.0),Exp=(8.6ms,g=11.0,I=73)(7.5ms,g=9.0,I=68)(8.6ms,g=11.0,I=65)(7.5ms,g=8.0,I=69)
05-15 15:09:35.862  2875  2893 D UE4     : [2020.05.15-13.09.35:862][323]LogCore: Display: AppLifetime: Application will deactivate
05-15 15:09:35.866  2875  3245 D OVRPlugin: Leaving VR mode.
05-15 15:09:35.866  2875  3245 I GoCompatibility: GoCompatibility: vrapi_LeaveVrMode_Hooked()
05-15 15:09:35.866  2875  3245 I VrApi   : ---------- vrapi_LeaveVrMode [start] ----------
05-15 15:09:35.869  2875  3245 D VrApi   : targetSDKVersion 25
05-15 15:09:35.875  2875  3245 I VrRuntimeClient: DEVICE MODEL NUMBER = Quest
05-15 15:09:35.875  2875  3245 I VrRuntimeClient: DEVICE HARDWARE = monterey
05-15 15:09:35.875  2875  3245 I VrRuntimeClient: DEVICE BUILD NAME = user-602380.24900.0
05-15 15:09:35.875  2875  3245 I VrRuntimeClient: DEVICE BUILD TYPE = user
05-15 15:09:35.875  2875  3245 I VrRuntimeClient: DEVICE OS VERSION = 7.1.1
05-15 15:09:35.875  2875  3245 I VrRuntimeClient: VRRUNTIME VERSION = VRAPI_VERSION_BEGIN { 1.1.33.0-210938873-210938873 Apr 24 2020 16:11:35 Development } RELEASE
05-15 15:09:35.875  2875  3245 I VrRuntimeClient: API LOADER VERSION = 1.1.24.0
05-15 15:09:35.875  2875  3245 I VrRuntimeClient: VRDRIVER VERSION = 16.0.0.141.450
05-15 15:09:35.875  2875  3245 I VrRuntimeClient: APP NAME = ToysGame
05-15 15:09:35.876  2875  3245 I VrRuntimeClient: APP VERSION = 1.0 versionCode 1 internalVersionName <none>
05-15 15:09:35.876  2875  3245 I VrRuntimeClient: APP VR TYPE = vr_only
05-15 15:09:35.876  2875  3245 I VrRuntimeClient: APP PACKAGE NAME = com.YourCompany.ToysGame
05-15 15:09:35.876  2875  3245 I VrRuntimeClient: APP ACTIVITY CLASS = com.epicgames.ue4.GameActivity
05-15 15:09:35.877  2875  3245 D BatteryReceiver: Unregistering battery receiver
05-15 15:09:35.905  2875  3238 D VrApi   : targetSDKVersion 25
05-15 15:09:35.907  2875  3238 I VrApi   : FPS=72,Prd=45ms,Tear=0,Early=0,Stale=0,VSnc=1,Lat=1,Fov=0,CPU4/GPU=2/4,1651/670MHz,OC=FF,TA=0/3/3,SP=N/N/N,Mem=1804MHz,Free=1277MB,PSM=0,PLS=0,Temp=25.0C/0.0C,TW=1.28ms,App=10.05ms,GD=0.00ms,CPU&GPU=16.76ms,LCnt=1,GPU%=0.73,CPU%=0.66(W0.75),DSF=1.00
05-15 15:09:35.908  2875  3245 I VrApi   : OVR::Stats thread stopped
05-15 15:09:35.908  2875  3245 I InputDeviceManager: ovrInputDeviceManager::Shutdown
05-15 15:09:35.912  2875  3237 I InputHooks_Internal: InputHooksThreadRun ShutdownRequest received
05-15 15:09:35.913  2875  3245 I InputHooks_Internal: Disabling Native Input Hooks
05-15 15:09:35.924  2083  2095 D VrRuntimeService: this client: 2875:com.YourCompany.ToysGame
05-15 15:09:35.924  2083  2095 D VrRuntimeService: enableRendering: clientWindow: null enable: false
05-15 15:09:35.926  2083  2095 I ClientMgr: ClientMgr::EnableRendering 2875:com.YourCompany.ToysGame : type 0 : disable
05-15 15:09:35.927  2875  3247 I VrRuntimeClient: FenceChecker::MainLoop - ended
05-15 15:09:35.927  2875  3245 I BufferObject: ovrBufferObjectFactory::Unimport unmapping Vulkan memory
05-15 15:09:35.927  2875  3245 I BufferObject: ovrBufferObjectFactory::Unimport destroying Vulkan buffer=546962160640
05-15 15:09:35.927  2875  3245 I BufferObject: ovrBufferObjectFactory::Unimport freeing Vulkan memory=547659364864
05-15 15:09:35.928  2875  3245 I TrackingServiceClient: OVR::TrackingService::ClientSetInterface
05-15 15:09:35.928  2875  3245 D TrackingServiceClient: onClientDisconnect
05-15 15:09:35.928  2875  3245 D TrackingServiceConnectionNative: onClientDisconnect
05-15 15:09:35.928   713   713 I TrackingService: Unregistering client by ITrackingService.unregisterClient
05-15 15:09:35.928   713   713 I TrackingService: TrackingServiceHost Unregistering client: pid 2875
05-15 15:09:35.928  2875  3245 D BinderConnection: Disconnecting from TrackingService service
05-15 15:09:35.928  2875  3245 D TrackingServiceConnectionNative: onDisconnected
05-15 15:09:35.929  2875  3245 D TrackingServiceClient: TrackingServiceConnection mConnectedRemotes.clear()
05-15 15:09:35.929  2875  3245 I TrackingServiceClient: OVR::TrackingService::ClientSetInterface
05-15 15:09:35.929  2875  3245 I VrApi   : ---------- vrapi_LeaveVrMode [end] ----------
05-15 15:09:35.929  2083  2222 I ClientMgr: Non-overlay clients rendering status has changed: prev=12, curr=13, enabled=1
05-15 15:09:35.929  2875  2893 D UE4     : [GameActivity] Unregistering volume receiver
05-15 15:09:35.931  2875  2893 D UE4     : [GameActivity] Unregistering battery receiver
05-15 15:09:35.932  2875  2893 D UE4     : [GameActivity] Unregistering headset receiver
05-15 15:09:35.934  2875  2893 D UE4     : [2020.05.15-13.09.35:934][323]LogCore: Display: AppLifetime: Application will enter background
05-15 15:09:35.934  2875  2893 D UE4     : [2020.05.15-13.09.35:934][323]LogTemp: Android pause audio
05-15 15:09:35.936  2875  2893 D UE4     : [2020.05.15-13.09.35:936][323]LogAudioMixerAndroid: Display: Suspending android audio renderer
05-15 15:09:35.937  2875  2894 D UE4     : [2020.05.15-13.09.35:937][323]LogAndroid: Blocking renderer on invalid window.
05-15 15:09:35.937  2875  2894 D UE4     : [2020.05.15-13.09.35:937][323]LogAndroid: Waiting for renderer to encounter blocking command.
05-15 15:09:35.937  2875  3245 D UE4     : [2020.05.15-13.09.35:937][323]LogAndroid: Blocking renderer
05-15 15:09:35.938  2875  3245 D UE4     : [2020.05.15-13.09.35:938][323]LogAndroid: RendererBlock release window callback
05-15 15:09:35.938  2875  3245 D UE4     : [2020.05.15-13.09.35:938][323]LogVulkanRHI: Destroy swapchain ... 
05-15 15:09:35.941  2875  2893 D UE4     : [2020.05.15-13.09.35:940][323]LogHMD: Error: ovrp_WaitToBeginFrame 1322 failed (-1003)
05-15 15:09:35.942  2875  2893 W VrApi   : vrapi_WaitFrame: ovr->Destroyed
05-15 15:09:35.942  2875  2893 W VrApi   : vrapi_GetPredictedDisplayTime: ovr->Destroyed
05-15 15:09:35.942  2875  2893 W VrApi   : vrapi_GetPredictedTracking2: ovr->Destroyed
05-15 15:09:35.942  2875  2893 W VrApi   : vrapi_GetPredictedTracking2: ovr->Destroyed
05-15 15:09:35.944  2875  2894 D UE4     : LogAndroidEvents::EnqueueAppEvent : 13, [width=-1, height=-1], tid = 2894, APP_EVENT_STATE_APP_SUSPENDED
05-15 15:09:35.944  2875  2894 D UE4     : Case APP_CMD_TERM_WINDOW, tid = 2894
05-15 15:09:35.945  2875  2894 D UE4     : [2020.05.15-13.09.35:945][323]LogAndroid: Case APP_CMD_TERM_WINDOW
05-15 15:09:35.945  2875  2894 D UE4     : LogAndroidEvents::EnqueueAppEvent : 3, [width=-1, height=-1], tid = 2894, APP_EVENT_STATE_WINDOW_DESTROYED
05-15 15:09:35.975  2875  2893 D UE4     : [2020.05.15-13.09.35:975][324]LogAndroidEvents: Display: LogAndroidEvents::DequeueAppEvent : 13, [width=-1, height=-1], APP_EVENT_STATE_APP_SUSPENDED
05-15 15:09:35.975  2875  2893 D UE4     : FAppEventManager::Tick processing, 13
05-15 15:09:35.975  2875  2893 D UE4     : Execution will be paused...
05-15 15:09:35.975  2875  2893 D UE4     : [2020.05.15-13.09.35:975][324]LogAndroidEvents: Display: LogAndroidEvents::DequeueAppEvent : 3, [width=-1, height=-1], APP_EVENT_STATE_WINDOW_DESTROYED
05-15 15:09:35.975  2875  2893 D UE4     : FAppEventManager::Tick processing, 3
05-15 15:09:35.976  2875  2893 D UE4     : APP_EVENT_STATE_WINDOW_DESTROYED, 0, 0, 0
05-15 15:09:35.976  2875  2893 D UE4     : FAppEventManager::Tick EventHandlerEvent Wait 
05-15 15:09:35.976  2875  2893 D UE4     : FAppEventManager::Tick EventHandlerEvent DONE Wait 
05-15 15:09:35.981  2875  2894 D UE4     : [2020.05.15-13.09.35:981][324]LogAndroid: Case APP_CMD_SAVE_STATE
05-15 15:09:35.981  2875  2894 D UE4     : LogAndroidEvents::EnqueueAppEvent : 12, [width=-1, height=-1], tid = 2894, APP_EVENT_STATE_SAVE_STATE
05-15 15:09:35.988  2875  2894 D UE4     : [2020.05.15-13.09.35:988][324]LogAndroid: Case APP_CMD_STOP
05-15 15:09:35.988  2875  2894 D UE4     : LogAndroidEvents::EnqueueAppEvent : 8, [width=-1, height=-1], tid = 2894, APP_EVENT_STATE_ON_STOP
05-15 15:09:35.988  2875  2875 D UE4     : [GameActivity] ==============> GameActive.onStop complete!
05-15 15:09:35.989  2875  2875 D UE4     : [GameActivity] ==============> GameActive.onTrimMemory(TRIM_MEMORY_UI_HIDDEN) called!
05-15 15:09:35.989  2875  2875 V UE4     : [GameApp] App in background
05-15 15:09:36.010  1848  3289 I Telemetry: App memory usage: PSS=267MB DalvikPSS=2 MB
05-15 15:09:36.012  1848  3289 I VrApi   : FPS=68,Prd=45ms,Tear=0,Early=56,Stale=3,VSnc=1,Lat=1,Fov=0,CPU4/GPU=2/4,1651/670MHz,OC=FF,TA=0/0/0,SP=N/N/N,Mem=1804MHz,Free=1277MB,PSM=0,PLS=0,Temp=25.0C/0.0C,TW=2.75ms,App=0.00ms,GD=4.05ms,CPU&GPU=11.55ms,LCnt=4,GPU%=0.66,CPU%=0.24(W0.30),DSF=1.00
05-15 15:09:36.077  2875  2893 D UE4     : [2020.05.15-13.09.36:077][324]LogAndroidEvents: Display: LogAndroidEvents::DequeueAppEvent : 12, [width=-1, height=-1], APP_EVENT_STATE_SAVE_STATE
05-15 15:09:36.077  2875  2893 D UE4     : FAppEventManager::Tick processing, 12
05-15 15:09:36.077  2875  2893 D UE4     : [2020.05.15-13.09.36:077][324]LogAndroidEvents: Display: LogAndroidEvents::DequeueAppEvent : 8, [width=-1, height=-1], APP_EVENT_STATE_ON_STOP
05-15 15:09:36.077  2875  2893 D UE4     : FAppEventManager::Tick processing, 8
05-15 15:09:36.077  2875  2893 D UE4     : FAppEventManager::Tick EventHandlerEvent Wait 
05-15 15:09:36.077  2875  2893 D UE4     : FAppEventManager::Tick EventHandlerEvent DONE Wait 
05-15 15:09:36.116  1922  1922 D [OAR] HomeDialog: Quit Pressed
05-15 15:09:36.116  1922  1922 I [OAR] AnytimeUIAndroidPanelAppBase: actionHideDialog - quit
05-15 15:09:36.116  1922  1922 D [OAR] HomeDialog: Releasing old screenshot, jpg_size: 24309
05-15 15:09:36.141  1848  1917 I [OAR] ShellDialogControllerHost: DialogResult: quit
05-15 15:09:36.149  2875  2875 D SystemActivitiesReceiver: SystemActivityReceiver.onReceive intent:Intent { act=com.oculus.system_activity flg=0x10 pkg=com.YourCompany.ToysGame (has extras) }
05-15 15:09:36.150  1848  1917 I [OAR] ShellApplication: Sent exit broadcast to SystemActivities for:  com.YourCompany.ToysGame
05-15 15:09:36.150  2096  2110 I GuardianSystem: GuardianSystem::GuardianCmd 14
05-15 15:09:36.150  2875  2875 D SystemActivitiesReceiver: fromPackageName: 'com.oculus.vrshell'
05-15 15:09:36.150  1848  1917 I [OAR] DialogControllerManager: Hide Previous pending dialog: type: 10, uri "systemux://dialog/exit", return component: "com.YourCompany.ToysGame", return activity component: "com.YourCompany.ToysGame/com.epicgames.ue4.GameActivity" - reason quit of exittohome
05-15 15:09:36.150  2875  2875 D SystemActivitiesReceiver: command: '{"Command":"exitToHome","PlatformUIVersion":4,"ToPackage":"com.YourCompany.ToysGame"}'
05-15 15:09:36.150  2875  2875 D SystemActivitiesReceiver: uri: ''
05-15 15:09:36.152  2875  2875 D TrustedSignatureVerifier: Checking app signature for com.oculus.vrshell
05-15 15:09:36.155  1848  1917 I [OAR] DialogControllerManager: Dialog change detected; updating dialog UI.
05-15 15:09:36.155  1848  1917 I [OAR] DialogControllerManager: Old dialog: type: 10, uri "systemux://dialog/exit", return component: "com.YourCompany.ToysGame", return activity component: "com.YourCompany.ToysGame/com.epicgames.ue4.GameActivity"
05-15 15:09:36.155  1848  1917 I [OAR] DialogControllerManager: New dialog: type: 0, uri "systemux://dialog/none", return component: "", return activity component: ""
05-15 15:09:36.155  1848  1917 I [OAR] DialogController: CloseDialogs() old: 10, pendingUri: systemux://dialog/exit, pendingComponent: com.YourCompany.ToysGame
05-15 15:09:36.155  1848  1917 I [OAR] SystemDialogController: HideVrShellDialog
05-15 15:09:36.155  1848  1917 I [OAR] SystemUXController: No known System UX Route for Navigation Route: com.oculus.systemux/com.oculus.panelapp.anytimeui.AnytimeUIAndroidPanelService
05-15 15:09:36.155  1848  1917 I [OAR] PlatformManager: Checking livestreaming allowed for:  com.oculus.vrshell
05-15 15:09:36.155  1848  1917 I [OAR] DialogController: Clearing existing dialog systemux://dialog/exit to None while in transition to pending dialog systemux://dialog/none
05-15 15:09:36.157  1922  1922 I [OAR] AnytimeUIAndroidPanelApp: updateActiveComponent - com.oculus.systemux/com.oculus.panelapp.anytimeui.AnytimeUIAndroidPanelService, returnComponent = 
05-15 15:09:36.157  1922  1922 I [OAR] AnytimeUIAndroidPanelAppBase: configureDialog:  systemux://dialog/none [] ()
05-15 15:09:36.158  1922  1922 I [OAR] AnytimeUIAndroidPanelAppBase: actionSetRoute - Route:  NONE(systemux://dialog/none)
05-15 15:09:36.158  1922  1922 D [OAR] TaskBarViewV1: NUX Mode = false
05-15 15:09:36.158  1922  1922 D [OAR] TaskBarViewV1: Skipping NUX Mode for Quest
05-15 15:09:36.158  1922  1922 I AndroidPanelLayer: Hiding layer dialog
05-15 15:09:36.158  1922  1922 I AndroidPanelApp: HideLayer(dialog)
05-15 15:09:36.159  1848  2299 I OVRPlatform: [QueueAsyncResponseHandler] success: {"streaming_enabled":true}
05-15 15:09:36.160  1922  1922 I AndroidPanelApp: Processing pending hide layer for layer dialog.
05-15 15:09:36.162  2875  2875 D SystemActivitiesReceiver: App is trusted
05-15 15:09:36.162  2875  2875 I SystemUtils_Internal: nativeSystemActivityIntent in 'com.YourCompany.ToysGame': 'com.oculus.vrshell' '{"Command":"exitToHome","PlatformUIVersion":4,"ToPackage":"com.YourCompany.ToysGame"}' ''
05-15 15:09:36.162  2875  2875 I SystemUtils_Internal: finish() - exit to Home
05-15 15:09:36.162  2875  2875 W art     : Attempt to remove non-JNI local reference, dumping thread
05-15 15:09:36.162  2875  2875 W art     : Attempt to remove non-JNI local reference, dumping thread
05-15 15:09:36.162  2875  2875 W art     : Attempt to remove non-JNI local reference, dumping thread
05-15 15:09:36.164  2875  2875 D SystemActivitiesReceiver: SystemActivityReceiver.onReceive intent:Intent { act=com.oculus.system_activity flg=0x10 pkg=com.YourCompany.ToysGame (has extras) }
05-15 15:09:36.164  2875  2875 D SystemActivitiesReceiver: fromPackageName: 'com.oculus.vrshell'
05-15 15:09:36.164  2875  2875 D SystemActivitiesReceiver: command: '{"Command":"returnToLauncher","PlatformUIVersion":4,"ToPackage":"com.YourCompany.ToysGame"}'
05-15 15:09:36.164  2875  2875 D SystemActivitiesReceiver: uri: ''
05-15 15:09:36.164  2875  2875 I SystemUtils_Internal: nativeSystemActivityIntent in 'com.YourCompany.ToysGame': 'com.oculus.vrshell' '{"Command":"returnToLauncher","PlatformUIVersion":4,"ToPackage":"com.YourCompany.ToysGame"}' ''
05-15 15:09:36.164  2875  2875 I SystemUtils_Internal: ovrSystemUtils::AddEvent: queued event '{"Command":"returnToLauncher","PlatformUIVersion":4,"ToPackage":"com.YourCompany.ToysGame"}'
05-15 15:09:36.164  2875  2875 W art     : Attempt to remove non-JNI local reference, dumping thread
05-15 15:09:36.164  2875  2875 W art     : Attempt to remove non-JNI local reference, dumping thread
05-15 15:09:36.164  2875  2875 W art     : Attempt to remove non-JNI local reference, dumping thread
05-15 15:09:36.165  2875  2875 D ContextHelper: shouldSkipFinish: activity=com.epicgames.ue4.GameActivity@c9f9536
05-15 15:09:36.166  2875  2875 D ContextHelper: activity=com.epicgames.ue4.GameActivity@c9f9536, resumed=false
05-15 15:09:36.166  2875  2875 D ContextHelper: Calling finish() on com.epicgames.ue4.GameActivity@c9f9536
05-15 15:09:36.169  1848  1917 I [OAR] SystemUXController: System UX, targetComponent = systemux://guardian/update_state, uri = , returnComponent = com.YourCompany.ToysGame
05-15 15:09:36.169  1848  1917 I [OAR] GuardianController: GuardianController::ParseShellUri: systemux://guardian/update_state, com.YourCompany.ToysGame, initial_app_launch, 
05-15 15:09:36.169  1848  1917 I [OAR] GuardianController: Guardian setup parsed URI, scheme = systemux, host = guardian, path = update_state
05-15 15:09:36.169  1848  1917 I [OAR] GuardianController: Received wake up notification from Guardian System
05-15 15:09:36.169  1848  1917 I [OAR] PanelAppHost: Setting panel layer visibility of layer "dialog" to invisible
05-15 15:09:36.170  1848  1917 I [OAR] PlatformManager: isLiveStreamingAllowed response:  1
05-15 15:09:36.171  2096  2111 I GuardianSystem: Guardian: GuardianCmdWithParms 7, 1, 0.000000
05-15 15:09:36.173  2875  2875 D UE4     : [GameActivity] onDestroy: destroy memoryHandlerThread
05-15 15:09:36.174  2875  2894 D UE4     : [2020.05.15-13.09.36:174][324]LogAndroid: Case APP_CMD_INPUT_CHANGED
05-15 15:09:36.174  2875  2894 D UE4     : [2020.05.15-13.09.36:174][324]LogAndroid: Case APP_CMD_DESTROY
05-15 15:09:36.174  2875  2894 D UE4     : LogAndroidEvents::EnqueueAppEvent : 15, [width=-1, height=-1], tid = 2894, APP_EVENT_RUN_CALLBACK
05-15 15:09:36.174  2875  2894 D UE4     : LogAndroidEvents::EnqueueAppEvent : 5, [width=-1, height=-1], tid = 2894, APP_EVENT_STATE_ON_DESTROY
05-15 15:09:36.176  2875  2894 I art     : System.exit called, status: 0
05-15 15:09:36.178  2875  2894 I AndroidRuntime: VM exiting with result code 0, cleanup skipped.
05-15 15:09:36.178  2875  2893 D UE4     : [2020.05.15-13.09.36:178][324]LogAndroidEvents: Display: LogAndroidEvents::DequeueAppEvent : 15, [width=-1, height=-1], APP_EVENT_RUN_CALLBACK
05-15 15:09:36.183  1848  1917 D [OAR] PanelAppConfigurationUtil: Retrieving panel configuration for com.oculus.vrshell.home - com.oculus.vrshell.home.ExploreService
05-15 15:09:36.186  1848  1917 I [OAR] PanelAppConfigurationUtil: Not sending Android activity token to component com.oculus.vrshell.home/com.oculus.vrshell.home.ExploreService
05-15 15:09:36.192  1848  1917 I [OAR] SystemUXController: Registering pending Shell Application launch for com.oculus.vrshell.home/com.oculus.vrshell.home.ExploreService,- overwriting existing launch? false.
05-15 15:09:36.192  1848  1917 I [OAR] SystemUXController: Building launch checks for com.oculus.vrshell.home, activity: com.oculus.vrshell.home.ExploreService
05-15 15:09:36.215  2068  2139 I LibraryProvider: running queryApp(com.oculus.vrshell.home) for com.oculus.vrshell
05-15 15:09:36.215  2068  2139 W LibraryProvider: Cannot find entitlement for com.oculus.vrshell.home
05-15 15:09:36.216  1848  1917 W OVRLibrary: null cursor received for query content://com.oculus.ocms.library/apps/com.oculus.vrshell.home
05-15 15:09:36.242  2068  2080 I LibraryProvider: running queryApp(com.oculus.vrshell.home) for com.oculus.vrshell
05-15 15:09:36.242  2068  2080 W LibraryProvider: Cannot find entitlement for com.oculus.vrshell.home
05-15 15:09:36.242  1848  1917 W OVRLibrary: null cursor received for query content://com.oculus.ocms.library/apps/com.oculus.vrshell.home
05-15 15:09:36.266  2068  2227 I LibraryProvider: running queryApp(com.oculus.vrshell.home) for com.oculus.vrshell
05-15 15:09:36.266  2068  2227 W LibraryProvider: Cannot find entitlement for com.oculus.vrshell.home
05-15 15:09:36.266  1848  1917 W OVRLibrary: null cursor received for query content://com.oculus.ocms.library/apps/com.oculus.vrshell.home
05-15 15:09:36.273  1848  1917 I [OAR] SystemUXController: Finished building launch checks
05-15 15:09:36.273  1848  1917 I [OAR] SystemUXController: ProcessPendingLaunch ShellApplication
05-15 15:09:36.287  2083  2967 I Clocks  : SetSchedFifo( tid=1917, pri=0 ) succeeded
05-15 15:09:36.288  2083  2967 I Clocks  : SetSchedFifo( tid=3297, pri=0 ) succeeded
05-15 15:09:36.289  2083  2967 I Clocks  : SetSchedFifo( tid=2275, pri=0 ) succeeded
05-15 15:09:36.292  2068  2229 I LibraryProvider: running queryApp(com.oculus.vrshell.home) for com.oculus.vrshell
05-15 15:09:36.292  2068  2229 W LibraryProvider: Cannot find entitlement for com.oculus.vrshell.home
05-15 15:09:36.297  1848  1917 W OVRLibrary: null cursor received for query content://com.oculus.ocms.library/apps/com.oculus.vrshell.home
05-15 15:09:36.298  1848  1917 D [OAR] PanelAppConfigurationUtil: Retrieving panel configuration for com.oculus.vrshell.home - com.oculus.vrshell.home.ExploreService
05-15 15:09:36.300  1848  1917 I [OAR] SystemUXController: Calling DesktopPanelController launch Or Restore
05-15 15:09:36.300  1848  1917 I [OAR] DesktopPanelController: LaunchOrRestore( com.oculus.vrshell.home/com.oculus.vrshell.home.ExploreService )
05-15 15:09:36.300  1848  1917 I [OAR] DesktopPanelController: Launching com.oculus.vrshell.home/com.oculus.vrshell.home.ExploreService as (new:0) in the active Desktop:Theater
05-15 15:09:36.300  1848  1917 I [OAR] LegacyDesktop: Launch Package name:com.oculus.vrshell.home
05-15 15:09:36.300  1848  1917 I [OAR] LegacyDesktop: App com.oculus.vrshell.home/com.oculus.vrshell.home.ExploreService will be launched in Legacy Desktop
05-15 15:09:36.300  1848  1917 I [OAR] ShellApp: ResetComponents
05-15 15:09:36.300  1848  1917 I [OAR] TrackedUser: Reset
05-15 15:09:36.300  1848  1917 I [OAR] LegacyDesktop: Launching:com.oculus.vrshell.home/com.oculus.vrshell.home.ExploreService
05-15 15:09:36.300  1848  1917 I [OAR] LegacyDesktop: Focus change does not affect LegacyDesktop
05-15 15:09:36.300  1848  1917 I [OAR] ShellApp: CreatePanelApp( com.oculus.vrshell.home/com.oculus.vrshell.home.ExploreService )
05-15 15:09:36.300  1848  1917 I [OAR] ShellApp: Environment:
05-15 15:09:36.300  1848  1917 I [OAR] ShellApp: uri = /prime
05-15 15:09:36.300  1848  1917 I [OAR] ShellApp: _oc_launch_timestamp = 233247
05-15 15:09:36.300  1848  1917 I [OAR] ShellLaunchParameters: HomePanelAppIndex: 0 - com.oculus.vrshell.home.ExploreService
05-15 15:09:36.300  1848  1917 I [OAR] ShellLaunchParameters: Passing BundleConfiguration to panel
05-15 15:09:36.301  1848  1917 I [OAR] PanelAppHost: PanelAppHost( com.oculus.vrshell.home/com.oculus.vrshell.home.ExploreService ) for PanelId 3
05-15 15:09:36.301  1848  1917 I [OAR] PanelAppHost: Panel app 3 (com.oculus.vrshell.home/com.oculus.vrshell.home.ExploreService) changing state from startup to foreground
05-15 15:09:36.307  1848  1917 I [OAR] PanelAppHost: Passing env var uri = /prime
05-15 15:09:36.307  1848  1917 I [OAR] PanelAppHost: Passing env var _oc_launch_timestamp = 233247
05-15 15:09:36.307  1848  1917 I [OAR] PanelAppHost: Passing env var _oc_device_region = 0
05-15 15:09:36.307  1848  1917 I [OAR] PanelAppHost: Passing env var _oc_device_type = 259
05-15 15:09:36.307  1848  1917 I [OAR] PanelAppHost: Passing env var _oc_headset_type = 256
05-15 15:09:36.307  1848  1917 I [OAR] PanelAppHost: Passing env var _oc_analytics_session_id = 79d9ea4e-83d5-4d0b-8529-46df64d79283
05-15 15:09:36.307  1848  1917 I [OAR] PanelAppHost: Passing env var _oc_userid = 102449717587751
05-15 15:09:36.307  1848  1917 I [OAR] PanelAppHost: Passing env var _oc_enterprise_mode = false
05-15 15:09:36.307  1848  1917 I [OAR] PanelAppHost: Passing env var _oc_shell_version_name = 16.0.0.139.450
05-15 15:09:36.307  1848  1917 I [OAR] PanelAppHost: Passing env var _oc_shell_version_code = 210946745
05-15 15:09:36.307  1848  1917 I [OAR] PanelAppHost: Passing env var _oc_shell_permissions = permissionsGranted camera write_storage microphone
05-15 15:09:36.307  1848  1917 I [OAR] PanelAppHost: Passing env var _oc_shell_automation_enabled = false
05-15 15:09:36.308  1848  1917 I [OAR] PanelAppHost: Passing env var _oc_shell_view_id_debugging_enabled = false
05-15 15:09:36.308  1848  1917 I [OAR] PanelAppHost: Passing env var _oc_shell_pixel_density = 13
05-15 15:09:36.308  1848  1917 I [OAR] PanelAppHost: Passing env var _oc_shell_render_scale = 1.000000
05-15 15:09:36.308  1848  1917 I [OAR] PanelAppHost: Passing env var _oc_shell_feature_sets = multi-layer-v1,mirror-avatar-v1,system-ux-routes-v1,deeplink-nav-v1,clock-levels-v1,layerTranslate-v1,layerScaleDensity-v1,layerScaleDensity-v2,multiapp-alpha-v1,multiapp-v1
05-15 15:09:36.308  1848  1917 I [OAR] PanelAppHost: Passing env var _oc_gk:oculus_mobile_sysux_unified_dialogs_v9 = true
05-15 15:09:36.308  1848  1917 I [OAR] PanelAppHost: Passing env var _oc_gk:oculus_mobile_sysux_lightweight_releases = true
05-15 15:09:36.308  1848  1917 I [OAR] PanelAppHost: Passing env var _oc_gk:oculus_mobile_home_js_bundle = true
05-15 15:09:36.308  1848  1917 I [OAR] PanelAppHost: Passing env var _oc_gk:oculus_vrshell_launch_checks = true
05-15 15:09:36.308  1848  1917 I [OAR] PanelAppHost: Passing env var _oc_shell_host = vrshell
05-15 15:09:36.308  1848  1917 I [OAR] PanelAppHost: Passing env var _oc_shell_panel_app_index = 0
05-15 15:09:36.308  1848  1917 I [OAR] PanelAppHost: Passing env var _oc_shell_panel_bundle_configuration = {"NONE":null}
05-15 15:09:36.308  1848  1917 I [OAR] PanelAppHost: Passing env var _oc_shell_panel_id = 3
05-15 15:09:36.308  1848  1917 I [OAR] PanelAppHost: Calling sendPanelLaunchIntent for panel app com.oculus.vrshell.home/com.oculus.vrshell.home.ExploreService
05-15 15:09:36.308  1848  1917 D [OAR] ShellApplication: sendApkPanelLaunchIntent: packageName=com.oculus.vrshell.home, serviceClassName=com.oculus.vrshell.home.ExploreService
05-15 15:09:36.311  1848  1917 D [OAR] PanelServiceConnection: getSystemProcessUidForCurrentUser: 'android' systemUid = 1000
05-15 15:09:36.311  1848  1917 D [OAR] ShellApplication: bindService Intent { cmp=com.oculus.vrshell.home/.ExploreService }
05-15 15:09:36.318  1757  1757 I VRLifecycleSessionManager: Stored session info.
05-15 15:09:36.337  1084  1529 I ActivityManager: Start proc 3308:com.oculus.vrshell.home:explore/u0a53 for service com.oculus.vrshell.home/.ExploreService
05-15 15:09:36.337  1848  1917 D [OAR] ShellApplication: notify OS to set com.oculus.vrshell.home/com.oculus.vrshell.home.ExploreService to FOREGROUND
05-15 15:09:36.343  1848  1917 I [OAR] LegacyDesktop: Inserting panelapp with id 3 to monitor 0
05-15 15:09:36.343  1848  1917 E PersistableBundle: Failed at frameworks/native/libs/binder/PersistableBundle.cpp:158 (size_t android::os::PersistableBundle::erase(const android::String16 &))
05-15 15:09:36.343  1848  1917 I ScreenCaptureHelper: SetScreenCaptureInhibitFlag : inhibited
05-15 15:09:36.344  2083  3171 I ScreenCaptureBase: GlobalInhibitState=0
05-15 15:09:36.344  1848  1917 I [OAR] PlatformManager: Resuming live stream
05-15 15:09:36.350  1922  1922 I [OAR] AnytimeUIAndroidPanelApp: updateActiveComponent - systemux://home, returnComponent = 
05-15 15:09:36.350  1922  1922 I [OAR] AnytimeUIAndroidPanelAppBase: updateLiveStreamStatus - isLiveStreaming=false, allowed=true
05-15 15:09:36.352  1848  1917 I [OAR] EnvironmentReconciler: Using the scene audio loop
05-15 15:09:36.352  1848  1917 I [OAR] Scene: SetBackgroundLoop: default scene selected, setting audio apk:///assets/system_environment.gltf.ovrscene
05-15 15:09:36.352  1848  1917 I [OAR] AudioMixer: PlayAmbisonicWavFile: 1335437 looping samples 4 channels at 233.434237
05-15 15:09:36.358  2083  2967 I Clocks  : SetSchedFifo( tid=1917, pri=1 ) succeeded
05-15 15:09:36.359  1848  2358 I OVRPlatform: [QueueAsyncResponseHandler] success: {"livestreaming_enabled":false,"is_paused":false,"livestreaming_type":0,"comments_visible":false,"mic_enabled":true}
05-15 15:09:36.363  2083  2967 I Clocks  : SetSchedFifo( tid=3297, pri=1 ) succeeded
05-15 15:09:36.365  2083  2967 I Clocks  : SetSchedFifo( tid=2275, pri=1 ) succeeded
05-15 15:09:36.365  2083  2967 I TimeWarp: UpdateClockLevels: Apply pending clock request change: 2,4 -> 4,4
05-15 15:09:36.365  1848  1848 D [OAR] ShellControlBroadcastReceiver: onReceive with MainActivity native pointer 3808834928, action com.oculus.systemactivities.LOCAL_STREAM_STATE_UPDATE
05-15 15:09:36.365  2083  2962 I Clocks  : ReleaseClocks - start
05-15 15:09:36.366  1848  1917 I [OAR] ShellApp: 0xd2767358 msg: broadcastIntent:
05-15 15:09:36.366  1848  1917 I [OAR] ShellApp: is_capture_running = 0
05-15 15:09:36.366  1848  1917 I [OAR] ShellApp: intent_action = com.oculus.systemactivities.LOCAL_STREAM_STATE_UPDATE
05-15 15:09:36.366  1848  1917 I [OAR] SystemUXController: OnLocalStreamChanged, enabled?=0
05-15 15:09:36.367  1848  1917 I [OAR] PlatformManager: isLiveStreaming response:  0
05-15 15:09:36.368   716  1960 D         : CPU_CLUSTER_0: No client requests exists, release clocks
05-15 15:09:36.368   716  1960 D         : CPU_CLUSTER_1: No client requests exists, release clocks
05-15 15:09:36.368   716  1960 D         : GPU: No client requests exists, release clocks
05-15 15:09:36.368  1922  1922 I [OAR] AnytimeUIAndroidPanelAppBase: updateLocalStreamState - false
05-15 15:09:36.369   716  1960 D         : CPUBW: No client requests exists, release clocks
05-15 15:09:36.371  2083  2962 I Clocks  : ReleaseClocks - end (5.5 ms)
05-15 15:09:36.371  2083  2962 I Clocks  : LockClocks( cpu=4, gpu=4 ) - start
05-15 15:09:36.374  2083  2962 I Clocks  : CPU levels [0, 4]
05-15 15:09:36.374  2083  2962 I Clocks  : GPU levels [0, 5]
05-15 15:09:36.375   716   827 D         : CPU_CLUSTER_0: Client 2083 sends freq request [21, 21]
05-15 15:09:36.375   716   827 D         : CPU_CLUSTER_0: Next Perf Level = (21, 21)
05-15 15:09:36.375   716   827 D         : CPU_CLUSTER_1: Client 2083 sends freq request [26, 26]
05-15 15:09:36.375   716   827 D         : CPU_CLUSTER_1: Next Perf Level = (26, 26)
05-15 15:09:36.375   716   827 D         : CPUBW: Client 2083 sends freq request [8, 11]
05-15 15:09:36.375   716   827 D         : CPUBW: Next Perf Level = (8, 11)
05-15 15:09:36.376   716   827 D         : GPU: Client 2083 sends freq request [6, 6]
05-15 15:09:36.376   716   827 D         : GPU: Next Perf Level = (6, 6)
05-15 15:09:36.376  2083  2962 I Clocks  : LockClocks( cpu=4, gpu=4 ) - end (5.2 ms)
05-15 15:09:36.403  3308  3308 W System  : ClassLoader referenced unknown path: /system/app/VrHome/lib/arm
05-15 15:09:36.466   713  2924 I [CT]    : boltlib: DSP utilization(%): 17
05-15 15:09:36.466  3308  3308 D AccessTokenForwarder: Constructed
05-15 15:09:36.480  3308  3308 I HomeApplication: process: com.oculus.vrshell.home:explore
05-15 15:09:36.480  3308  3308 I HomeApplication: endpoint: https://graph.facebook.com/logging_client_events
05-15 15:09:36.502  3308  3308 D UnifiedTelemetryLogger: UnifiedTelemetryLogger instance created.
05-15 15:09:36.503  3308  3308 D UnifiedTelemetryLogger: UnifiedTelemetryLogger mIsStandAloneDevice = true
05-15 15:09:36.504  3308  3308 D UnifiedTelemetryLogger: UnifiedTelemetryLogger instance created
05-15 15:09:36.504  3308  3308 D UnifiedTelemetryLogger: binding with UnifiedTelemetryService
05-15 15:09:36.517  3308  3322 D PanelCookiesModuleImpl: Detected valid cookie 'Home:CachedAccessToken' - Added.
05-15 15:09:36.518  3308  3322 D AccessTokenForwarder: Get access token
05-15 15:09:36.527  3308  3308 D SoLoader: init start
05-15 15:09:36.527  3308  3308 D SoLoader: adding system library source: /vendor/lib
05-15 15:09:36.528  3308  3308 D SoLoader: adding system library source: /system/lib
05-15 15:09:36.529  3308  3308 D SoLoader: adding backup source from : com.facebook.soloader.ApkSoSource[root = /data/data/com.oculus.vrshell.home/lib-main flags = 1]
05-15 15:09:36.529  3308  3308 D SoLoader: Preparing SO source: com.facebook.soloader.DirectorySoSource[root = /system/lib flags = 2]
05-15 15:09:36.529  3308  3308 D SoLoader: Preparing SO source: com.facebook.soloader.DirectorySoSource[root = /system/vendor/lib flags = 2]
05-15 15:09:36.529  3308  3308 D SoLoader: Preparing SO source: com.facebook.soloader.ApkSoSource[root = /data/data/com.oculus.vrshell.home/lib-main flags = 1]
05-15 15:09:36.530  3308  3308 V fb-UnpackingSoSource: locked dso store /data/user/0/com.oculus.vrshell.home/lib-main
05-15 15:09:36.530  3308  3322 D NetworkSecurityConfig: No Network Security Config specified, using platform default
05-15 15:09:36.532  3308  3322 I GraphQLPrefetch: Prefetching query. docId: 3650349081704479, variables: {"alternativeSource":null,"cursor":null,"count":4,"feedSource":null,"section":"DEFAULT"}
05-15 15:09:36.534  3308  3322 I GraphQLPrefetch: Prefetching query. docId: 2730171627063766, variables: {}
05-15 15:09:36.534  3308  3322 I GraphQLPrefetch: Prefetching query. docId: 2886345294781084, variables: {}
05-15 15:09:36.537  3308  3308 I fb-UnpackingSoSource: dso store is up-to-date: /data/user/0/com.oculus.vrshell.home/lib-main
05-15 15:09:36.538  3308  3308 V fb-UnpackingSoSource: releasing dso store lock for /data/user/0/com.oculus.vrshell.home/lib-main
05-15 15:09:36.538  3308  3308 D SoLoader: init finish: 3 SO sources prepared
05-15 15:09:36.538  3308  3308 D SoLoader: init exiting
05-15 15:09:36.538  3308  3308 D SoLoader: About to load: libfbjni.so
05-15 15:09:36.538  3308  3322 D WifiManagerModule: Got connected SSID: BOEY
05-15 15:09:36.540  3308  3308 D SoLoader: libfbjni.so found on /data/data/com.oculus.vrshell.home/lib-main
05-15 15:09:36.545  3308  3308 D SoLoader: Loading lib dependencies: [libmemalign16_cpp.so, liblog.so, libgnustl_shared.so, libdl.so, libc.so]
05-15 15:09:36.545  3308  3308 D SoLoader: About to load: libmemalign16_cpp.so
05-15 15:09:36.546  3308  3308 D SoLoader: libmemalign16_cpp.so found on /data/data/com.oculus.vrshell.home/lib-main
05-15 15:09:36.549  3308  3308 D SoLoader: Loading lib dependencies: [libmemalign16.so, libgnustl_shared.so, libc.so]
05-15 15:09:36.549  3308  3308 D SoLoader: About to load: libmemalign16.so
05-15 15:09:36.550  3308  3308 D SoLoader: libmemalign16.so found on /data/data/com.oculus.vrshell.home/lib-main
05-15 15:09:36.551  3308  3322 D UnifiedTelemetryLogger: Already initialized.
05-15 15:09:36.553  3308  3308 D SoLoader: Loading lib dependencies: [libc.so]
05-15 15:09:36.553  3308  3308 D SoLoader: About to load: libc.so
05-15 15:09:36.553  3308  3308 D SoLoader: libc.so not found on /data/data/com.oculus.vrshell.home/lib-main
05-15 15:09:36.553  3308  3308 D SoLoader: libc.so not found on /system/vendor/lib
05-15 15:09:36.553  3308  3308 D SoLoader: libc.so found on /system/lib
05-15 15:09:36.553  3308  3308 D SoLoader: libc.so loaded implicitly
05-15 15:09:36.553  3308  3308 D SoLoader: Loaded: libc.so
05-15 15:09:36.554  3308  3308 D SoLoader: Loaded: libmemalign16.so
05-15 15:09:36.554  3308  3308 D SoLoader: About to load: libgnustl_shared.so
05-15 15:09:36.556  3308  3308 D SoLoader: libgnustl_shared.so found on /data/data/com.oculus.vrshell.home/lib-main
05-15 15:09:36.560  3308  3308 D SoLoader: Loading lib dependencies: [libm.so, libc.so, libdl.so]
05-15 15:09:36.560  3308  3308 D SoLoader: About to load: libm.so
05-15 15:09:36.560  3308  3308 D SoLoader: libm.so not found on /data/data/com.oculus.vrshell.home/lib-main
05-15 15:09:36.560  3308  3308 D SoLoader: libm.so not found on /system/vendor/lib
05-15 15:09:36.560  3308  3308 D SoLoader: libm.so found on /system/lib
05-15 15:09:36.560  3308  3308 D SoLoader: libm.so loaded implicitly
05-15 15:09:36.560  3308  3308 D SoLoader: Loaded: libm.so
05-15 15:09:36.560  3308  3308 D SoLoader: About to load: libdl.so
05-15 15:09:36.560  3308  3308 D SoLoader: libdl.so not found on /data/data/com.oculus.vrshell.home/lib-main
05-15 15:09:36.560  3308  3308 D SoLoader: libdl.so not found on /system/vendor/lib
05-15 15:09:36.560  3308  3308 D SoLoader: libdl.so found on /system/lib
05-15 15:09:36.560  3308  3308 D SoLoader: libdl.so loaded implicitly
05-15 15:09:36.560  3308  3308 D SoLoader: Loaded: libdl.so
05-15 15:09:36.565  3308  3308 D SoLoader: Loaded: libgnustl_shared.so
05-15 15:09:36.565  3308  3308 D SoLoader: Loaded: libmemalign16_cpp.so
05-15 15:09:36.565  3308  3308 D SoLoader: About to load: liblog.so
05-15 15:09:36.565  3308  3308 D SoLoader: liblog.so not found on /data/data/com.oculus.vrshell.home/lib-main
