05-06 12:47:55.420  1892  5505 I ReactNativeContextGL: attempt loading arabic
05-06 12:47:55.420  1892  5505 I ReactNativeContextGL: attempt loading cjk
05-06 12:47:55.423  1892  5505 I AsyncFonts: FComplete
05-06 12:47:55.429   547  1181 W AudioFlinger::EffectModule: EffectModule 0xec23a000 destructor called with unreleased interface
05-06 12:47:55.429   547  1181 W AudioFlinger::EffectHandle: disconnect Effect handle 0xec2395c0 disconnected after thread destruction
05-06 12:47:55.430   547  5498 D audio_hw_primary: in_standby: enter: stream (0xec24b040) usecase(16: audio-record)
05-06 12:47:55.430   547  1181 D audio_hw_primary: adev_close_input_stream: enter:stream_handle(0xec24b040)
05-06 12:47:55.430   547  1181 D audio_hw_primary: in_standby: enter: stream (0xec24b040) usecase(16: audio-record)
05-06 12:47:55.450  2110  2303 E Security-LocalReporter: UID '10043' is shared by multiple packages: [com.oculus.home, com.oculus.horizon]
05-06 12:47:55.451  1826  1887 I OVRPlatform: [AndroidPlatformIntegration] Creating shared mic
05-06 12:47:55.451  1826  1887 I [OAR] PanelRenderLayer: New SurfaceLayer 1328 x 528 (shape: 2)
05-06 12:47:55.453  2119  2588 I VrRuntimeService: nativeCreateTextureSwapChain api:gles 0 0x8c43 1328 528 11 3 1 0 0
05-06 12:47:55.464  2110  2303 I LibraryProvider: running queryApp(com.YourCompany.ToysGame) for com.oculus.uid:10043
05-06 12:47:55.464  2110  2303 W LibraryProvider: Cannot find entitlement for com.YourCompany.ToysGame
05-06 12:47:55.464  1777  1777 W OVRLibrary: null cursor received for query content://com.oculus.ocms.library/apps/com.YourCompany.ToysGame
05-06 12:47:55.464  1777  1777 I PlatformPluginManager: onAppStart com.YourCompany.ToysGame false
05-06 12:47:55.464  1777  1777 I PlatformPluginManager: onAppStart - Stopping party chat passthrough
05-06 12:47:55.464  1777  1777 I PlatformPlugin: [PlatformPluginManager] SetSystemVoipPassthrough 0
05-06 12:47:55.464  1777  1777 I OVRPlatform: [PartyChatWebRTC] PartyChatSetPassthrough 0
05-06 12:47:55.465  1777  5377 I OVRPlatform: [PartyChatWebRTC] Updating playback mode to 1
05-06 12:47:55.465  2119  2588 I VrRuntimeServer: CreateTextureSwapChain: result importswapchaingles 1
05-06 12:47:55.465  1777  1777 I OVRPlatform: [PartiesAPI] ovr_Party_PluginGetSharedMemHandle: This function is deprecated, do not use
05-06 12:47:55.468  1826  1887 I [OAR] TelemetryProvider: aui_reorient system 0 0 0 
05-06 12:47:55.470  1826  1887 I VrApi   : ovr_HandleHmdEvents: HMT was mounted
05-06 12:47:55.470  1826  5507 I VrRuntimeClient: FenceChecker::MainLoop - started
05-06 12:47:55.475  1826  1887 I [OAR] PanelRenderLayer: ResetSurface 512 x 750 - shape:2 stereo:0
05-06 12:47:55.476  2119  5440 I Clocks  : SetSchedFifo( tid=1887, pri=1 ) succeeded
05-06 12:47:55.477  2119  5440 I Clocks  : SetSchedFifo( tid=5507, pri=1 ) succeeded
05-06 12:47:55.477  1777  1777 E OVRMediaServiceManager: LivestreamingManager Not initialized
05-06 12:47:55.478  2119  5440 I Clocks  : SetSchedFifo( tid=2403, pri=1 ) succeeded
05-06 12:47:55.478  1777  1777 I OVRMediaService: onStartCommand Received message type: set_package_name, caller package: no_app_identity
05-06 12:47:55.478  2119  5440 I TimeWarp: UpdateClockLevels: Apply pending clock request change: 0,0 -> 4,4
05-06 12:47:55.478  2119  5434 I Clocks  : ReleaseClocks - start
05-06 12:47:55.478   710  1928 D         : CPU_CLUSTER_0: No client requests exists, release clocks
05-06 12:47:55.478   710  1928 D         : CPU_CLUSTER_1: No client requests exists, release clocks
05-06 12:47:55.479   710  1928 D         : GPU: No client requests exists, release clocks
05-06 12:47:55.479   710  1928 D         : CPUBW: No client requests exists, release clocks
05-06 12:47:55.480  1777  1777 I OVRMediaService: Got package name intent (com.oculus.vrshell)
05-06 12:47:55.480  2119  5434 I Clocks  : ReleaseClocks - end (2.2 ms)
05-06 12:47:55.480  2119  5434 I Clocks  : LockClocks( cpu=4, gpu=4 ) - start
05-06 12:47:55.481  2119  5440 W TimeWarp: WarpToScreen: No completed frames to display for client 0. submittedFrameIndex = 1
05-06 12:47:55.481  1777  1890 I PlatformPluginManager: Adding client com.oculus.horizon.service.OVRService@d55c98
05-06 12:47:55.481  1777  1890 I OVRPlatform: [MicrophoneServer] Starting mic server with client 0xbf45c4f8
05-06 12:47:55.482  2119  5434 I Clocks  : CPU levels [0, 4]
05-06 12:47:55.482  2119  5434 I Clocks  : GPU levels [0, 5]
05-06 12:47:55.482   710  2189 D         : CPU_CLUSTER_0: Client 2119 sends freq request [21, 21]
05-06 12:47:55.482   710  2189 D         : CPU_CLUSTER_0: Next Perf Level = (21, 21)
05-06 12:47:55.485   710  2189 D         : CPU_CLUSTER_1: Client 2119 sends freq request [26, 26]
05-06 12:47:55.485   710  2189 D         : CPU_CLUSTER_1: Next Perf Level = (26, 26)
05-06 12:47:55.485   710  2189 D         : CPUBW: Client 2119 sends freq request [8, 11]
05-06 12:47:55.485   710  2189 D         : CPUBW: Next Perf Level = (8, 11)
05-06 12:47:55.485   710  2189 D         : GPU: Client 2119 sends freq request [6, 6]
05-06 12:47:55.485   710  2189 D         : GPU: Next Perf Level = (6, 6)
05-06 12:47:55.486  1777  1890 D OVRPlatform-OVRMicrophone: start - current state Uninitialized
05-06 12:47:55.488  2119  5434 I Clocks  : LockClocks( cpu=4, gpu=4 ) - end (7.2 ms)
05-06 12:47:55.489   547   547 D audio_hw_primary: adev_open_input_stream: enter: sample_rate(48000) channel_mask(0x10) devices(0x80000004)        stream_handle(0xec24ab40) io_handle(126) source(1) format 1
05-06 12:47:55.489  1473  2002 I UploadManager: Scheduling jobbId 2131165248 within interval (0, 1800000)
05-06 12:47:55.495  2119  5440 W TimeWarp: WarpToScreen: No completed frames to display for client 0. submittedFrameIndex = 1
05-06 12:47:55.496  1777  1890 I OVRPlatform-OVRMicrophone: AudioRecord session ID: 297, audio format: 2, channels: 1, sample rate: 48000
05-06 12:47:55.499  1892  1892 I DialogPanel: Handling NextFrameActionType::CursorShow
05-06 12:47:55.499  1892  1892 I DialogPanel: Handling NextFrameActionType::LayerHide for layer videos
05-06 12:47:55.499  1892  1892 I DialogPanel: Handling common dialog with host vrshell, package com.oculus.vrshell, service com.oculus.vrshell, and definition: {"type":"common","dialogId":"common_system_dialog_app_launch_blocked_controller_required","parameters":{"launch_immediately_after":"true","package_name":"com.YourCompany.ToysGame"}}
05-06 12:47:55.499  1892  1892 I DialogPanel: Getting common system dialog definition for dialog ID "common_system_dialog_app_launch_blocked_controller_required".
05-06 12:47:55.499  1892  1892 I [OAR] DialogPanelApp: Getting common system dialog definition for dialog ID "common_system_dialog_app_launch_blocked_controller_required".
05-06 12:47:55.500  1892  1892 D [OAR] AppLaunchBlockedControllerRequiredDialog: AppLaunchBlockedControllerRequiredDialog()
05-06 12:47:55.500  1892  1892 I DialogPanel: Handling custom dialog with host vrshell, package com.oculus.vrshell, service com.oculus.vrshell, and definition: {"type":"custom","dialogId":"common_system_dialog_app_launch_blocked_controller_required","title":"Switch to Controllers","body":"After you've picked up your controllers, please return to the centre of your playing area and select <b>Continue<\/b>.","primaryButton":{"action":"continue","text":"Continue","disabled":true},"secondaryButton":{"action":"cancel","text":"Cancel"},"controllerBackButton":{"action":"cancel"}}
05-06 12:47:55.500  1892  1892 I DialogUI: Creating Dialog
05-06 12:47:55.500  1892  1892 I DialogUI: Setting Dialog to render to #main
05-06 12:47:55.500  1892  1892 I RCTVR   : Create root
05-06 12:47:55.500   547  5509 I AudioFlinger: AudioFlinger's thread 0xeae03080 ready to run
05-06 12:47:55.500   547  5509 D audio_hw_primary: in_standby: enter: stream (0xec24ab40) usecase(16: audio-record)
05-06 12:47:55.501  1892  1892 I DialogUI: Updating config with title: Switch to Controllers
05-06 12:47:55.503   547  5509 D audio_hw_primary: in_standby: enter: stream (0xec24ab40) usecase(16: audio-record)
05-06 12:47:55.507  2119  2296 I VrRuntimeServer: SetCompositorClientEnabled client(2): enabled(0) 0x0
05-06 12:47:55.510  2119  5440 I TimeWarpProgs: loaded binary layerProgram 0:0x21887:0x0 in 1.0 ms
05-06 12:47:55.511  2119  5440 I TimeWarpProgs: loaded binary layerProgram 0:0x20085:0x0 in 0.8 ms
05-06 12:47:55.512  2705  2728 I ReactPlayerCommon: getPerformanceStats: {}
05-06 12:47:55.512  2119  5440 I TimeWarpProgs: loaded binary layerProgram 2:0x20087:0x0 in 0.7 ms
05-06 12:47:55.519  2134  2186 I GuardianSystem: rsapi_PollEvent: rsEventForceShowGuardian. ForceIndefinitely: 0, ForceTimeInSeconds: 0.00, ForceCamera: 0
05-06 12:47:55.519  2134  2186 I GuardianSystem: ForceShowGuardian: false, 0.00
05-06 12:47:55.520  1777  1890 I OVRPlatform-OVRMicrophone: AcousticEchoCanceler available
05-06 12:47:55.524  1826  1887 I [OAR] PanelAppHost: Setting panel layer visibility of layer "videos" to invisible
05-06 12:47:55.531  1892  1892 I nanovg  : Creating new font page 1 of size: 256x128
05-06 12:47:55.532  1892  1892 I ReactPlayerMini: SetSurfaceSizeForEGL 0, 512, 750
05-06 12:47:55.533  1777  1890 I OVRPlatform-OVRMicrophone: AcousticEchoCanceler created, enabling
05-06 12:47:55.533  1777  1890 I OVRPlatform-OVRMicrophone: AcousticEchoCanceler enable: 0
05-06 12:47:55.542  1826  1887 I [OAR] PanelAppAnalytics: First frame latency: 0.168 for id 7 com.oculus.systemux/com.oculus.panelapp.dialog.DialogPanelService
05-06 12:47:55.543  1826  1887 I [OAR] PanelRenderLayer: New SurfaceLayer 512 x 750 (shape: 2)
05-06 12:47:55.543  2119  2146 I VrRuntimeService: nativeCreateTextureSwapChain api:gles 0 0x8c43 512 750 10 3 1 0 0
05-06 12:47:55.546  2705  5512 D APIInterceptor: intercept original headers:
05-06 12:47:55.546  2705  5512 D APIInterceptor: Host: graph.oculus.com
05-06 12:47:55.546  2705  5512 D APIInterceptor: Connection: Keep-Alive
05-06 12:47:55.546  2705  5512 D APIInterceptor: Accept-Encoding: gzip
05-06 12:47:55.546  2705  5512 D APIInterceptor: User-Agent: okhttp/3.6.0
05-06 12:47:55.546  2119  2146 I VrRuntimeServer: CreateTextureSwapChain: result importswapchaingles 1
05-06 12:47:55.548  1777  1890 I OVRPlatform-OVRMicrophone: NoiseSuppressor available
05-06 12:47:55.548  2705  5512 D APIInterceptor: intercept modified headers:
05-06 12:47:55.548  2705  5512 D APIInterceptor: Host: graph.oculus.com
05-06 12:47:55.548  2705  5512 D APIInterceptor: Connection: Keep-Alive
05-06 12:47:55.548  2705  5512 D APIInterceptor: Accept-Encoding: gzip
05-06 12:47:55.548  2705  5512 D APIInterceptor: X-Build-Model: Oculus Quest
05-06 12:47:55.548  2705  5512 D APIInterceptor: X-Build-Number: 210938855
05-06 12:47:55.548  2705  5512 D APIInterceptor: X-ANDROID-ID: 13720d2a49fddeae
05-06 12:47:55.548  2705  5512 D APIInterceptor: X-OC-Selected-Headset-Serial: 1PASH9BQ720132
05-06 12:47:55.548  2705  5512 D APIInterceptor: X-OC-VrShell-Build-Name: 16.0.0.139.450
05-06 12:47:55.548  2705  5512 D APIInterceptor: User-Agent: Dalvik/2.1.0 (Linux; U; Android 7.1.1; Quest Build/NGI77B) [FBAN/OculusHomeShell;FBAV/16.0.0.138.450;FBDV/Quest;FBCR/null;FBLC/en_GB;FBSV/7.1.1;FBBD/oculus;FBBV/210938855;FBCA/armeabi-v7a:armeabi;FBMF/Oculus;FBPN/com.oculus.vrshell.home;]
05-06 12:47:55.548  2705  5512 D APIInterceptor: Accept-Language: en_GB
05-06 12:47:55.551  2110  2205 E Security-LocalReporter: UID '10043' is shared by multiple packages: [com.oculus.home, com.oculus.horizon]
05-06 12:47:55.551  2705  5515 D APIInterceptor: intercept original headers:
05-06 12:47:55.551  2705  5515 D APIInterceptor: Host: graph.oculus.com
05-06 12:47:55.551  2705  5515 D APIInterceptor: Connection: Keep-Alive
05-06 12:47:55.551  2705  5515 D APIInterceptor: Accept-Encoding: gzip
05-06 12:47:55.551  2705  5515 D APIInterceptor: User-Agent: okhttp/3.6.0
05-06 12:47:55.554  2705  5514 D APIInterceptor: intercept original headers:
05-06 12:47:55.554  2705  5514 D APIInterceptor: Host: graph.oculus.com
05-06 12:47:55.554  2705  5514 D APIInterceptor: Connection: Keep-Alive
05-06 12:47:55.554  2705  5514 D APIInterceptor: Accept-Encoding: gzip
05-06 12:47:55.554  2705  5514 D APIInterceptor: User-Agent: okhttp/3.6.0
05-06 12:47:55.555  2705  5518 D APIInterceptor: intercept original headers:
05-06 12:47:55.555  2705  5518 D APIInterceptor: Host: graph.oculus.com
05-06 12:47:55.555  2705  5518 D APIInterceptor: Connection: Keep-Alive
05-06 12:47:55.555  2705  5518 D APIInterceptor: Accept-Encoding: gzip
05-06 12:47:55.555  2705  5518 D APIInterceptor: User-Agent: okhttp/3.6.0
05-06 12:47:55.561  2705  5515 D APIInterceptor: intercept modified headers:
05-06 12:47:55.561  2705  5515 D APIInterceptor: Host: graph.oculus.com
05-06 12:47:55.561  2705  5515 D APIInterceptor: Connection: Keep-Alive
05-06 12:47:55.561  2705  5515 D APIInterceptor: Accept-Encoding: gzip
05-06 12:47:55.561  2705  5515 D APIInterceptor: X-Build-Model: Oculus Quest
05-06 12:47:55.561  2705  5515 D APIInterceptor: X-Build-Number: 210938855
05-06 12:47:55.561  2705  5515 D APIInterceptor: X-ANDROID-ID: 13720d2a49fddeae
05-06 12:47:55.561  2705  5515 D APIInterceptor: X-OC-Selected-Headset-Serial: 1PASH9BQ720132
05-06 12:47:55.561  2705  5515 D APIInterceptor: X-OC-VrShell-Build-Name: 16.0.0.139.450
05-06 12:47:55.561  2705  5515 D APIInterceptor: User-Agent: Dalvik/2.1.0 (Linux; U; Android 7.1.1; Quest Build/NGI77B) [FBAN/OculusHomeShell;FBAV/16.0.0.138.450;FBDV/Quest;FBCR/null;FBLC/en_GB;FBSV/7.1.1;FBBD/oculus;FBBV/210938855;FBCA/armeabi-v7a:armeabi;FBMF/Oculus;FBPN/com.oculus.vrshell.home;]
05-06 12:47:55.561  2705  5515 D APIInterceptor: Accept-Language: en_GB
05-06 12:47:55.561  2705  5514 D APIInterceptor: intercept modified headers:
05-06 12:47:55.561  2705  5514 D APIInterceptor: Host: graph.oculus.com
05-06 12:47:55.561  2705  5514 D APIInterceptor: Connection: Keep-Alive
05-06 12:47:55.561  2705  5514 D APIInterceptor: Accept-Encoding: gzip
05-06 12:47:55.561  2705  5514 D APIInterceptor: X-Build-Model: Oculus Quest
05-06 12:47:55.561  2705  5514 D APIInterceptor: X-Build-Number: 210938855
05-06 12:47:55.561  2705  5514 D APIInterceptor: X-ANDROID-ID: 13720d2a49fddeae
05-06 12:47:55.561  2705  5514 D APIInterceptor: X-OC-Selected-Headset-Serial: 1PASH9BQ720132
05-06 12:47:55.561  2705  5514 D APIInterceptor: X-OC-VrShell-Build-Name: 16.0.0.139.450
05-06 12:47:55.561  2705  5514 D APIInterceptor: User-Agent: Dalvik/2.1.0 (Linux; U; Android 7.1.1; Quest Build/NGI77B) [FBAN/OculusHomeShell;FBAV/16.0.0.138.450;FBDV/Quest;FBCR/null;FBLC/en_GB;FBSV/7.1.1;FBBD/oculus;FBBV/210938855;FBCA/armeabi-v7a:armeabi;FBMF/Oculus;FBPN/com.oculus.vrshell.home;]
05-06 12:47:55.561  2705  5514 D APIInterceptor: Accept-Language: en_GB
05-06 12:47:55.564  2705  5518 D APIInterceptor: intercept modified headers:
05-06 12:47:55.564  2705  5518 D APIInterceptor: Host: graph.oculus.com
05-06 12:47:55.564  2705  5518 D APIInterceptor: Connection: Keep-Alive
05-06 12:47:55.564  2705  5518 D APIInterceptor: Accept-Encoding: gzip
05-06 12:47:55.564  2705  5518 D APIInterceptor: X-Build-Model: Oculus Quest
05-06 12:47:55.564  2705  5518 D APIInterceptor: X-Build-Number: 210938855
05-06 12:47:55.564  2705  5518 D APIInterceptor: X-ANDROID-ID: 13720d2a49fddeae
05-06 12:47:55.564  2705  5518 D APIInterceptor: X-OC-Selected-Headset-Serial: 1PASH9BQ720132
05-06 12:47:55.564  2705  5518 D APIInterceptor: X-OC-VrShell-Build-Name: 16.0.0.139.450
05-06 12:47:55.564  2705  5518 D APIInterceptor: User-Agent: Dalvik/2.1.0 (Linux; U; Android 7.1.1; Quest Build/NGI77B) [FBAN/OculusHomeShell;FBAV/16.0.0.138.450;FBDV/Quest;FBCR/null;FBLC/en_GB;FBSV/7.1.1;FBBD/oculus;FBBV/210938855;FBCA/armeabi-v7a:armeabi;FBMF/Oculus;FBPN/com.oculus.vrshell.home;]
05-06 12:47:55.564  2705  5518 D APIInterceptor: Accept-Language: en_GB
05-06 12:47:55.566  2110  2127 I LibraryProvider: running queryAllApps() for com.oculus.vrshell.home
05-06 12:47:55.574  1826  2412 I OVRPlatform: [HttpRequest] Request `me?fields=current_party{id,leader{id},join_policy,users{id,alias,can_viewer_message,display_name,profile_url,profile_url_small,presence,presence_status,presence_app{id,package_name},presence_deeplink_joinable,presence_deeplink_message,presence_destination_api_name,presence_scoped_user_id,avatar_v2{avatar_image{uri}}},invited_users{id,alias,can_viewer_message,display_name,profile_url,profile_url_small,presence,presence_status,presence_app{id,package_name},avatar_v2{avatar_image{uri}}}}' (id: 1872) succeeded: {"id":"102449717587751"}
05-06 12:47:55.574  1826  2412 I OVRPlatform: [RequestStopwatch] HttpRequestAsync (me?fields=current_party{id,leader{id},join_policy,users{id,alias,can_viewer_message,display_name,profile_url,profile_url_small,presence,presence_status,presence_app{id,package_name},presence_deeplink_joinable,presence_deeplink_message,presence_destination_api_name,presence_scoped_user_id,avatar_v2{avatar_image{uri}}},invited_users{id,alias,can_viewer_message,display_name,profile_url,profile_url_small,presence,presence_status,presence_app{id,package_name},avatar_v2{avatar_image{uri}}}}) took 178.5790 milliseconds
05-06 12:47:55.580  1826  1887 I [OAR] PartyManager: Party Response Parse Time: 0.087708ms
05-06 12:47:55.581  2705  2705 I HomeApplication: onUserId
05-06 12:47:55.581  1777  1890 I OVRPlatform-OVRMicrophone: NoiseSuppressor created, enabling
05-06 12:47:55.581  1777  1890 I OVRPlatform-OVRMicrophone: NoiseSuppressor enable: 0
05-06 12:47:55.581  1777  1890 D OVRPlatform-OVRMicrophone: State changed to Initialized
05-06 12:47:55.582  2705  2758 I RCTVRNET: Request complete: time=177 name=unknown docid= traceid=CFLmruk8H2H code=200
05-06 12:47:55.583  1826  1887 D [OAR] Transfer: new readResult, last buffer size 0, last bytes read 0, total bytes read 0
05-06 12:47:55.594   707  5416 I [CT]    : NIMBLE:HTEngine: HandTracking, Frame received with len = 4, , exposure(ms) 6.498
05-06 12:47:55.623  1777  1890 D AudioRecord: updateAppOpsRecordAudio: checkOp OP_RECORD_AUDIO for com.oculus.horizon returns: 0 (ALLOWED)
05-06 12:47:55.624   547   599 I SoundTriggerHwService::Module: void android::SoundTriggerHwService::Module::onCallbackEvent(const sp<android::SoundTriggerHwService::CallbackEvent> &) no clients
05-06 12:47:55.624   547  5509 D audio_hw_primary: in_set_parameters: enter: kvpairs=input_source=1;routing=-2147483644
05-06 12:47:55.631   547  5509 D audio_hw_primary: start_input_stream: enter: stream(0xec24ab40)usecase(16: audio-record)
05-06 12:47:55.632   547  5509 E audio_hw_extn: audio_extn_perf_lock_acquire: Incorrect params, Failed to acquire perf lock, err 
05-06 12:47:55.632   547  5509 D audio_hw_primary: select_devices for use case (audio-record)
05-06 12:47:55.632   547  5509 D audio_hw_primary: select_devices: out_snd_device(0: ) in_snd_device(62: handset-mic-aec)
05-06 12:47:55.632   547  5509 I msm8974_platform: platform_check_and_set_capture_codec_backend_cfg:txbecf: afe: bitwidth 16, samplerate 48000, channel 1, backend_idx 7 usecase = 16 device (handset-mic-aec)
05-06 12:47:55.632   547  5509 I msm8974_platform: platform_check_capture_codec_backend_cfg:txbecf: afe: Codec selected backend: 7 current bit width: 16 and sample rate: 48000, channels 1
05-06 12:47:55.632   547  5509 W msm8974_platform: platform_get_backend_index:napb: Invalid device - 0 
05-06 12:47:55.632   547  5509 I msm8974_platform: platform_check_capture_codec_backend_cfg:txbecf: afe: Codec selected backend: 7 updated bit width: 16 and sample rate: 48000
05-06 12:47:55.632   547  5509 D audio_hw_primary: check_usecases_capture_codec_backend:becf: force routing 0
05-06 12:47:55.632   547  5509 D hardware_info: hw_info_append_hw_type : device_name = handset-mic-aec
05-06 12:47:55.632   547  5509 D msm8974_platform: platform_split_snd_device: snd_device(62) new_snd_devices (handset-mic-aec)
05-06 12:47:55.632   547  5509 D audio_hw_primary: enable_snd_device: snd_device(62: handset-mic-aec)
05-06 12:47:55.633  1777  1890 I OVRPlatform-OVRMicrophone: start - recorder.startRecording 30.1425ms
05-06 12:47:55.634  1777  1890 I OVRPlatform-OVRMicrophone: start - AudioThread startup 0.29349ms
05-06 12:47:55.634  1777  1890 D OVRPlatform-OVRMicrophone: State changed to Recording
05-06 12:47:55.635  1777  1890 I OVRPlatform: [MicrophoneServer] Adding connection 0xbf45c4f8, has local client: no
05-06 12:47:55.635  1777  1890 I OVRPlatform: [PCMTransfer] Created socket pair, sender: 94, receiver: 95
05-06 12:47:55.641  2110  2132 I LibraryProvider: running refetch() for com.oculus.vrshell.home
05-06 12:47:55.643  2110  2205 I LibraryProvider: running queryApp(com.oculus.vrshell) for com.oculus.uid:10043
05-06 12:47:55.643  2110  2205 W LibraryProvider: Cannot find entitlement for com.oculus.vrshell
05-06 12:47:55.644  1777  1777 W OVRLibrary: null cursor received for query content://com.oculus.ocms.library/apps/com.oculus.vrshell
05-06 12:47:55.644  1777  1777 I PlatformPluginManager: onAppStart com.oculus.vrshell false
05-06 12:47:55.645  1777  1777 I OVRPlatform: [PartiesAPI] ovr_Party_PluginGetSharedMemHandle: This function is deprecated, do not use
05-06 12:47:55.646   547  5509 D audio_hw_utils: audio_extn_utils_send_app_type_cfg: usecase->in_snd_device handset-mic-aec
05-06 12:47:55.646   547  5509 D msm8974_platform: platform_split_snd_device: snd_device(62) new_snd_devices (handset-mic-aec)
05-06 12:47:55.647  1826  1887 D [OAR] Transfer: new readResult, last buffer size 45, last bytes read 45, total bytes read 45
05-06 12:47:55.647   547  5509 I audio_hw_utils: send_app_type_cfg_for_device CAPTURE app_type 69938, acdb_dev_id 106, sample_rate 48000, snd_device_be_idx 3
05-06 12:47:55.647   547  5509 D msm8974_platform: platform_split_snd_device: snd_device(62) new_snd_devices (handset-mic-aec)
05-06 12:47:55.647   547  5509 D ACDB-LOADER: ACDB -> send_audio_cal, acdb_id = 106, path = 1, app id = 0x11132, sample rate = 48000
05-06 12:47:55.647   547  5509 D ACDB-LOADER: ACDB -> send_asm_topology
05-06 12:47:55.647   547  5509 D ACDB-LOADER: ACDB -> ACDB_CMD_GET_AUDPROC_STREAM_TOPOLOGY_ID
05-06 12:47:55.648   547  5509 D ACDB-LOADER: ACDB -> send_adm_topology
05-06 12:47:55.648   547  5509 D ACDB-LOADER: ACDB -> ACDB_CMD_GET_AUDPROC_COMMON_TOPOLOGY_ID
05-06 12:47:55.648   547  5509 D ACDB-LOADER: ACDB -> send_audtable
05-06 12:47:55.648   547  5509 D ACDB-LOADER: ACDB -> ACDB_CMD_GET_AUDPROC_COMMON_TABLE_SIZE
05-06 12:47:55.648   547  5509 D ACDB-LOADER: ACDB -> ACDB_CMD_GET_AUDPROC_COMMON_TABLE
05-06 12:47:55.648   547  5509 D ACDB-LOADER: ACDB -> AUDIO_SET_AUDPROC_CAL
05-06 12:47:55.648   547  5509 D ACDB-LOADER: ACDB -> send_audvoltable
05-06 12:47:55.648   547  5509 D ACDB-LOADER: ACDB -> ACDB_CMD_GET_AUDPROC_GAIN_DEP_STEP_TABLE, vol index 0
05-06 12:47:55.648   547  5509 D         : Failed to fetch the lookup information of the device 0000006A 
05-06 12:47:55.648   547  5509 E ACDB-LOADER: Error: ACDB AudProc vol returned = -19
05-06 12:47:55.648   547  5509 D ACDB-LOADER: ACDB -> AUDIO_SET_VOL_CAL cal type = 12
05-06 12:47:55.648   547  5509 D ACDB-LOADER: ACDB -> send_audstrmtable
05-06 12:47:55.648   547  5509 D ACDB-LOADER: ACDB -> ACDB_CMD_GET_AUDPROC_STREAM_TABLE_V2
05-06 12:47:55.648   547  5509 D ACDB-LOADER: ACDB -> audstrm_cal->cal_type.cal_data.cal_size = 16
05-06 12:47:55.648   547  5509 D ACDB-LOADER: ACDB -> send_afe_topology
05-06 12:47:55.648   547  5509 D ACDB-LOADER: ACDB -> ACDB_CMD_GET_AFE_TOPOLOGY_ID
05-06 12:47:55.648   547  5509 D ACDB-LOADER: ACDB -> GET_AFE_TOPOLOGY_ID for adcd_id 106, Topology Id 112fb
05-06 12:47:55.648   547  5509 D ACDB-LOADER: ACDB -> send_afe_cal
05-06 12:47:55.648   547  5509 D ACDB-LOADER: ACDB -> ACDB_CMD_GET_AFE_COMMON_TABLE
05-06 12:47:55.648   547  5509 D         : Failed to fetch the lookup information of the device 0000006A 
05-06 12:47:55.648   547  5509 E ACDB-LOADER: Error: ACDB AFE returned = -19
05-06 12:47:55.648   547  5509 D ACDB-LOADER: ACDB -> AUDIO_SET_AFE_CAL
05-06 12:47:55.648   547  5509 D ACDB-LOADER: ACDB -> send_hw_delay : acdb_id = 106 path = 1
05-06 12:47:55.648   547  5509 D ACDB-LOADER: ACDB -> ACDB_AVSYNC_INFO: ACDB_CMD_GET_DEVICE_PROPERTY
05-06 12:47:55.648   547  5509 D audio_hw_primary: enable_audio_route: apply mixer and update path: audio-record
05-06 12:47:55.651   547  5509 D audio_hw_primary: select_devices: done
05-06 12:47:55.652  1777  1777 E OVRMediaServiceManager: LivestreamingManager Not initialized
05-06 12:47:55.668   547  5509 E audio_hw_extn: audio_extn_perf_lock_release: Perf lock release error 
05-06 12:47:55.668   547  5509 D audio_hw_primary: start_input_stream: exit
05-06 12:47:55.668  1826  1887 D [OAR] Transfer: new readResult, last buffer size 0, last bytes read -1, total bytes read 44
05-06 12:47:55.668  1826  1887 I [OAR] PlatformManager: BundleConfiguration Response: {"bundle_configuration_v2":"{\"NONE\":null}"}
05-06 12:47:55.669  1826  1887 I [OAR] PlatformManager: BundleConfiguration is updated.
05-06 12:47:55.675  1777  1777 I VRLifecycleSessionManager: Stored session info.
05-06 12:47:55.678  1777  1777 I PlatformPluginManager: enforcePartyChatStateConsistency - got current party response: Party is null
05-06 12:47:55.678  1777  1777 I PlatformPluginManager: enforcePartyChatStateConsistency - User not in a party.
05-06 12:47:55.678  1777  1777 I PlatformPluginManager: stopPartyChat
05-06 12:47:55.678  1777  1777 I PlatformPlugin: [PlatformPluginManager] Stopping party chat
05-06 12:47:55.678  1777  1777 I OVRPlatform: [PartyChatInterchangeable] StopPartyChat
05-06 12:47:55.682  1826  1826 D [OAR] ShellControlBroadcastReceiver: onReceive with MainActivity native pointer 3739628792, action com.oculus.systemactivities.LOCAL_STREAM_STATE_UPDATE
05-06 12:47:55.690  1826  1887 I [OAR] ShellApp: 0xe18e5358 msg: broadcastIntent:
05-06 12:47:55.690  1826  1887 I [OAR] ShellApp: is_capture_running = 0
05-06 12:47:55.690  1826  1887 I [OAR] ShellApp: intent_action = com.oculus.systemactivities.LOCAL_STREAM_STATE_UPDATE
05-06 12:47:55.690  1826  1887 I [OAR] SystemUXController: OnLocalStreamChanged, enabled?=0
05-06 12:47:55.693  1892  1892 I [OAR] AnytimeUIAndroidPanelAppBase: updateLocalStreamState - false
05-06 12:47:55.701  1777  1777 I PlatformPluginManager: enforcePartyChatStateConsistency - got current party response: Party is null
05-06 12:47:55.701  1777  1777 I PlatformPluginManager: enforcePartyChatStateConsistency - User not in a party.
05-06 12:47:55.701  1777  1777 I PlatformPluginManager: stopPartyChat
05-06 12:47:55.701  1777  1777 I PlatformPlugin: [PlatformPluginManager] Stopping party chat
05-06 12:47:55.703  1777  1777 I OVRPlatform: [PartyChatInterchangeable] StopPartyChat
05-06 12:47:55.714  1826  1826 D [OAR] ShellControlBroadcastReceiver: onReceive with MainActivity native pointer 3739628792, action com.oculus.systemactivities.LOCAL_STREAM_STATE_UPDATE
05-06 12:47:55.719  1826  1887 I [OAR] ShellApp: 0xe18e5358 msg: broadcastIntent:
05-06 12:47:55.719  1826  1887 I [OAR] ShellApp: is_capture_running = 0
05-06 12:47:55.719  1826  1887 I [OAR] ShellApp: intent_action = com.oculus.systemactivities.LOCAL_STREAM_STATE_UPDATE
05-06 12:47:55.719  1826  1887 I [OAR] SystemUXController: OnLocalStreamChanged, enabled?=0
05-06 12:47:55.724  1892  1892 I [OAR] AnytimeUIAndroidPanelAppBase: updateLocalStreamState - false
05-06 12:47:55.729  1777  1777 I VRLifecycleSessionManager: Stored session info.
05-06 12:47:55.735  2705  2728 D QuickPromotionModule: Signal trigger 'app_foreground'.
05-06 12:47:55.743  1777  2098 E PresenceManager: Heartbeat error.
05-06 12:47:55.743  1777  2098 E PresenceManager: retrofit.RetrofitError
05-06 12:47:55.743  1777  2098 E PresenceManager: 	at retrofit.RestAdapter$RestHandler.invokeRequest(RestAdapter.java:395)
05-06 12:47:55.743  1777  2098 E PresenceManager: 	at retrofit.RestAdapter$RestHandler.invoke(RestAdapter.java:240)
05-06 12:47:55.743  1777  2098 E PresenceManager: 	at java.lang.reflect.Proxy.invoke(Proxy.java:813)
05-06 12:47:55.743  1777  2098 E PresenceManager: 	at com.oculus.horizon.platform.$Proxy6.heartbeatForUser(Unknown Source)
05-06 12:47:55.743  1777  2098 E PresenceManager: 	at com.oculus.horizon.platform.PresenceManager.run(PresenceManager.java:326)
05-06 12:47:55.743  1777  2098 E PresenceManager: 	at java.lang.Thread.run(Thread.java:761)
05-06 12:47:55.743  1777  2098 E PresenceManager: Caused by: java.net.ProtocolException
05-06 12:47:55.743  1777  2098 E PresenceManager: 	at com.oculus.http.core.interceptor.OculusAuthorizationInterceptor.createNonRetryableIOException(OculusAuthorizationInterceptor.java:95)
05-06 12:47:55.743  1777  2098 E PresenceManager: 	at com.oculus.http.core.interceptor.OculusAuthorizationInterceptor.getAccessToken(OculusAuthorizationInterceptor.java:76)
05-06 12:47:55.743  1777  2098 E PresenceManager: 	at com.oculus.http.core.interceptor.OculusAuthorizationInterceptor.addAuthorization(OculusAuthorizationInterceptor.java:62)
05-06 12:47:55.743  1777  2098 E PresenceManager: 	at com.oculus.http.core.interceptor.AuthorizationInterceptor.intercept(AuthorizationInterceptor.java:37)
05-06 12:47:55.743  1777  2098 E PresenceManager: 	at okhttp3.internal.http.RealInterceptorChain.proceed(RealInterceptorChain.java:92)
05-06 12:47:55.743  1777  2098 E PresenceManager: 	at okhttp3.internal.http.RealInterceptorChain.proceed(RealInterceptorChain.java:67)
05-06 12:47:55.743  1777  2098 E PresenceManager: 	at com.oculus.http.core.interceptor.ApiInterceptor.intercept(ApiInterceptor.java:81)
05-06 12:47:55.743  1777  2098 E PresenceManager: 	at okhttp3.internal.http.RealInterceptorChain.proceed(RealInterceptorChain.java:92)
05-06 12:47:55.743  1777  2098 E PresenceManager: 	at okhttp3.internal.connection.ConnectInterceptor.intercept(ConnectInterceptor.java:45)
05-06 12:47:55.743  1777  2098 E PresenceManager: 	at okhttp3.internal.http.RealInterceptorChain.proceed(RealInterceptorChain.java:92)
05-06 12:47:55.743  1777  2098 E PresenceManager: 	at okhttp3.internal.http.RealInterceptorChain.proceed(RealInterceptorChain.java:67)
05-06 12:47:55.743  1777  2098 E PresenceManager: 	at okhttp3.internal.cache.CacheInterceptor.intercept(CacheInterceptor.java:93)
05-06 12:47:55.743  1777  2098 E PresenceManager: 	at okhttp3.internal.http.RealInterceptorChain.proceed(RealInterceptorChain.java:92)
05-06 12:47:55.743  1777  2098 E PresenceManager: 	at okhttp3.internal.http.RealInterceptorChain.proceed(RealInterceptorChain.java:67)
05-06 12:47:55.743  1777  2098 E PresenceManager: 	at okhttp3.internal.http.BridgeInterceptor.intercept(BridgeInterceptor.java:93)
05-06 12:47:55.743  1777  2098 E PresenceManager: 	at okhttp3.internal.http.RealInterceptorChain.proceed(RealInterceptorChain.java:92)
05-06 12:47:55.743  1777  2098 E PresenceManager: 	at okhttp3.internal.http.RetryAndFollowUpInterceptor.intercept(RetryAndFollowUpInterceptor.java:120)
05-06 12:47:55.743  1777  2098 E PresenceManager: 	at okhttp3.internal.http.RealInterceptorChain.proceed(RealInterceptorChain.java:92)
05-06 12:47:55.743  1777  2098 E PresenceManager: 	at okhttp3.internal.http.RealInterceptorChain.proceed(RealInterceptorChain.java:67)
05-06 12:47:55.743  1777  2098 E PresenceManager: 	at okhttp3.RealCall.getResponseWithInterceptorChain(RealCall.java:179)
05-06 12:47:55.743  1777  2098 E PresenceManager: 	at okhttp3.RealCall.execute(RealCall.java:63)
05-06 12:47:55.743  1777  2098 E PresenceManager: 	at com.jakewharton.retrofit.Ok3Client.execute(Ok3Client.java:41)
05-06 12:47:55.743  1777  2098 E PresenceManager: 	at retrofit.RestAdapter$RestHandler.invokeRequest(RestAdapter.java:326)
05-06 12:47:55.743  1777  2098 E PresenceManager: 	... 5 more
05-06 12:47:55.761  5294  5534 D UE4     : [2020.05.06-10.47.55:760][  0]LogTcpMessaging: Started Connection to '127.0.0.1:58630'
05-06 12:47:55.761  1777  1777 I PlatformPluginManager: enforcePartyChatStateConsistency - got current party response: Party is null
05-06 12:47:55.761  1777  1777 I PlatformPluginManager: enforcePartyChatStateConsistency - User not in a party.
05-06 12:47:55.761  1777  1777 I PlatformPluginManager: stopPartyChat
05-06 12:47:55.761  1777  1777 I PlatformPlugin: [PlatformPluginManager] Stopping party chat
05-06 12:47:55.761  1777  1777 I OVRPlatform: [PartyChatInterchangeable] StopPartyChat
05-06 12:47:55.762  5294  5534 D UE4     : [2020.05.06-10.47.55:762][  0]LogTcpMessaging: Discovered node '924CBE2E44B9CF7B46085F9EB3F0E407' on connection '127.0.0.1:58630'...
05-06 12:47:55.914   707  5418 I [CT]    : HealthReport: ==================================================
05-06 12:47:55.914   707  5418 I [CT]    : Health Report
05-06 12:47:55.914   707  5418 I [CT]    : -------------
05-06 12:47:55.914   707  5418 I [CT]    : 
05-06 12:47:55.914   707  5418 I [CT]    : Reporter #1 (InsideOutHealthMonitor) summary:
05-06 12:47:55.914   707  5418 I [CT]    : Camera: Total Dropped: 0.000000, Total Frame Count: 72 (0.000000%), Camera Reset Count: 0
05-06 12:47:55.914   707  5418 I [CT]    : Camera: Total Single Camera Frame Dropped: 0, Total Frame Count: 72 (0.000000%)
05-06 12:47:55.914   707  5418 I [CT]    : IMU: Total Dropped: 0.000000, Total Sample Count: 3111 (0.000000%)
05-06 12:47:55.914   707  5418 I [CT]    : Magnetometer: Total Dropped: 0.000000, Total Sample Count: 94 (0.000000%)
05-06 12:47:55.914   707  5418 I [CT]    : 
05-06 12:47:55.914   707  5418 I [CT]    : Reporter #1 (InsideOutHealthMonitor) Passed
05-06 12:47:55.914   707  5418 I [CT]    : --------------------------------------------------
05-06 12:47:55.914   707  5418 I [CT]    : Reporter #2 (ConstellationHealthMonitor) summary:
05-06 12:47:55.914   707  5418 I [CT]    : Camera: Total Dropped: 0.000000, Total Frame Count: 14 (0.000000%), Camera Reset Count: 1
05-06 12:47:55.914   707  5418 I [CT]    : Camera: Total Single Camera Frame Dropped: 0, Total Frame Count: 14 (0.000000%)
05-06 12:47:55.914   707  5418 I [CT]    : Controller 0:
05-06 12:47:55.914   707  5418 I [CT]    : No samples have been received.  Controller may not be connected.
05-06 12:47:55.914   707  5418 I [CT]    : Controller 0:
05-06 12:47:55.914   707  5418 I [CT]    : No samples have been received.  Controller may not be connected.
05-06 12:47:55.914   707  5418 I [CT]    : 
05-06 12:47:55.914   707  5418 I [CT]    : Reporter #2 (ConstellationHealthMonitor) Passed
05-06 12:47:55.914   707  5418 I [CT]    : -------------------------------------------------
05-06 12:47:55.971   707  5416 E [CT]    : NIMBLE:ExposureControl: Unable to compute adjustment without histogram data
05-06 12:47:56.011   707  5416 E [CT]    : NIMBLE:ExposureControl: Unable to compute adjustment without histogram data
05-06 12:47:56.052   707  5416 E [CT]    : NIMBLE:ExposureControl: Unable to compute adjustment without histogram data
05-06 12:47:56.053  5294  5311 D UE4     : [2020.05.06-10.47.56:052][  0]LogAIModule: Creating AISystem for world MainMenu
05-06 12:47:56.054  5294  5311 D UE4     : [2020.05.06-10.47.56:054][  0]LogLoad: Game class is 'GameModeBase'
05-06 12:47:56.063  5294  5311 D UE4     : [2020.05.06-10.47.56:063][  0]LogWorld: Bringing World /Game/ToysGame/MainMenu.MainMenu up for play (max tick rate 0) at 2020.05.06-12.47.56
05-06 12:47:56.065  5294  5311 D UE4     : [2020.05.06-10.47.56:064][  0]LogWorld: Bringing up level for play took: 0.006775
05-06 12:47:56.077  5294  5311 D UE4     : [2020.05.06-10.47.56:077][  0]LogOnline: OSS: Creating online subsystem instance for: GooglePlay
05-06 12:47:56.077  5294  5311 D UE4     : [2020.05.06-10.47.56:077][  0]LogOnline: Warning: OSS: FOnlineSubsystemGooglePlayModule was disabled
05-06 12:47:56.080  5294  5311 D UE4     : [2020.05.06-10.47.56:080][  0]LogGameMode: FindPlayerStart: PATHS NOT DEFINED or NO PLAYERSTART with positive rating
05-06 12:47:56.091   707  5416 E [CT]    : NIMBLE:ExposureControl: Unable to compute adjustment without histogram data
05-06 12:47:56.120  5294  5311 I OVRPlugin: GetExternalAppFilesPath() returns /storage/emulated/0/Android/data/com.YourCompany.ToysGame/files
05-06 12:47:56.120  5294  5311 D OVRPlugin: MRC config file can't be opened: tried /storage/emulated/0/Android/data/com.YourCompany.ToysGame/files/mrc.xml
05-06 12:47:56.121  5294  5311 I OVRPlugin: [MediaManager] MrcConfig: enabled 0 hq_mode 0, frame 2560 x 1080 image 1920 x 1080 tcp_port 28734 debugcamera 0 bitrate 8000000
05-06 12:47:56.121  5294  5311 D UE4     : [2020.05.06-10.47.56:121][  0]LogMR: MRC Initialized
05-06 12:47:56.121  5294  5311 I OVRPlugin: [MediaManager] deconstruct
05-06 12:47:56.121  5294  5311 D UE4     : [2020.05.06-10.47.56:121][  0]LogLoad: Took 0.987266 seconds to LoadMap(/Game/ToysGame/MainMenu)
05-06 12:47:56.124  5294  5482 D UE4     : *** JavaEnvDestructor: 5482
05-06 12:47:56.130  5294  5481 D UE4     : *** JavaEnvDestructor: 5481
05-06 12:47:56.135   547   593 I AudioFlinger: BUFFER TIMEOUT: remove(4096) from active list on thread 0xec503ec0
05-06 12:47:56.137   707  5416 E [CT]    : NIMBLE:ExposureControl: Unable to compute adjustment without histogram data
05-06 12:47:56.151  5294  5311 D UE4     : [2020.05.06-10.47.56:150][  0]LogAndroid: Passed GEngineLoop.Init()
05-06 12:47:56.153   547   593 D msm8974_platform: platform_split_snd_device: snd_device(2) new_snd_devices (speaker)
05-06 12:47:56.153   547   593 D ACDB-LOADER: ACDB -> send_audvoltable
05-06 12:47:56.153   547   593 D ACDB-LOADER: ACDB -> ACDB_CMD_GET_AUDPROC_GAIN_DEP_STEP_TABLE, vol index 5
05-06 12:47:56.153   547   593 D         : Failed to fetch the lookup information of the device 0000000F 
05-06 12:47:56.153   547   593 E ACDB-LOADER: Error: ACDB AudProc vol returned = -19
05-06 12:47:56.153   547   593 D ACDB-LOADER: ACDB -> AUDIO_SET_VOL_CAL cal type = 40
05-06 12:47:56.153   547   593 W msm8974_platform: platform_send_gain_dep_cal: Usecase list is empty
05-06 12:47:56.153  5294  5311 D UE4     : [2020.05.06-10.47.56:153][  0]LogAndroidEvents: Display: LogAndroidEvents::DequeueAppEvent : 9, [width=-1, height=-1], APP_EVENT_STATE_ON_START
05-06 12:47:56.153  5294  5311 D UE4     : FAppEventManager::Tick processing, 9
05-06 12:47:56.153  5294  5311 D UE4     : [2020.05.06-10.47.56:153][  0]LogAndroidEvents: Display: LogAndroidEvents::DequeueAppEvent : 7, [width=-1, height=-1], APP_EVENT_STATE_ON_RESUME
05-06 12:47:56.153  5294  5311 D UE4     : FAppEventManager::Tick processing, 7
05-06 12:47:56.153  5294  5311 D UE4     : [2020.05.06-10.47.56:153][  0]LogAndroidEvents: Display: LogAndroidEvents::DequeueAppEvent : 6, [width=-1, height=-1], APP_EVENT_STATE_ON_PAUSE
05-06 12:47:56.153  5294  5311 D UE4     : FAppEventManager::Tick processing, 6
05-06 12:47:56.153  5294  5311 D UE4     : [2020.05.06-10.47.56:153][  0]LogVulkanRHI: FVulkanPipelineStateCacheManager: skipped saving because we only save if the PSOFC based one failed to load.
05-06 12:47:56.154  5294  5311 D UE4     : [2020.05.06-10.47.56:154][  0]LogAndroidEvents: Display: LogAndroidEvents::DequeueAppEvent : 0, [width=2880, height=1600], APP_EVENT_STATE_WINDOW_CREATED
05-06 12:47:56.154  5294  5311 D UE4     : FAppEventManager::Tick processing, 0
05-06 12:47:56.154  5294  5311 D UE4     : [2020.05.06-10.47.56:154][  0]LogAndroidEvents: Display: ExecWindowCreated
05-06 12:47:56.154  5294  5311 D UE4     : AndroidEGL::ReInitWindow()
05-06 12:47:56.154  5294  5311 D UE4     : ExecWindowCreated, 0, 1, 0
05-06 12:47:56.154  5294  5311 D UE4     : [2020.05.06-10.47.56:154][  0]LogAndroidEvents: Display: LogAndroidEvents::DequeueAppEvent : 12, [width=-1, height=-1], APP_EVENT_STATE_SAVE_STATE
05-06 12:47:56.154  5294  5311 D UE4     : FAppEventManager::Tick processing, 12
05-06 12:47:56.154  5294  5311 D UE4     : [2020.05.06-10.47.56:154][  0]LogAndroidEvents: Display: LogAndroidEvents::DequeueAppEvent : 8, [width=-1, height=-1], APP_EVENT_STATE_ON_STOP
05-06 12:47:56.154  5294  5311 D UE4     : FAppEventManager::Tick processing, 8
05-06 12:47:56.154  5294  5311 D UE4     : [2020.05.06-10.47.56:154][  0]LogTemp: Android release microphone
05-06 12:47:56.154  5294  5311 D UE4     : [2020.05.06-10.47.56:154][  0]LogAndroidEvents: Display: LogAndroidEvents::DequeueAppEvent : 11, [width=-1, height=-1], APP_EVENT_STATE_WINDOW_GAINED_FOCUS
05-06 12:47:56.154  5294  5311 D UE4     : FAppEventManager::Tick processing, 11
05-06 12:47:56.154  5294  5311 D UE4     : [2020.05.06-10.47.56:154][  0]LogAndroidEvents: Display: LogAndroidEvents::DequeueAppEvent : 9, [width=-1, height=-1], APP_EVENT_STATE_ON_START
05-06 12:47:56.154  5294  5311 D UE4     : FAppEventManager::Tick processing, 9
05-06 12:47:56.154  5294  5311 D UE4     : [2020.05.06-10.47.56:154][  0]LogAndroidEvents: Display: LogAndroidEvents::DequeueAppEvent : 14, [width=-1, height=-1], APP_EVENT_STATE_APP_ACTIVATED
05-06 12:47:56.154  5294  5311 D UE4     : FAppEventManager::Tick processing, 14
05-06 12:47:56.154  5294  5311 D UE4     : Execution will be resumed!
05-06 12:47:56.155  5294  5311 D UE4     : [2020.05.06-10.47.56:154][  0]LogAndroidEvents: Display: LogAndroidEvents::DequeueAppEvent : 15, [width=-1, height=-1], APP_EVENT_RUN_CALLBACK
05-06 12:47:56.155  5294  5311 D UE4     : FAppEventManager::Tick processing, 15
05-06 12:47:56.155  5294  5311 D UE4     : [2020.05.06-10.47.56:155][  0]LogAndroidEvents: Display: Event thread callback running.
05-06 12:47:56.155  5294  5311 D UE4     : [2020.05.06-10.47.56:155][  0]LogAndroid: performing app foregrounding callback.
05-06 12:47:56.155  5294  5311 D UE4     : [GameActivity] Registering volume receiver
05-06 12:47:56.161  5294  5311 D UE4     : [GameActivity] startVolumeReceiver: 10
05-06 12:47:56.161  5294  5311 D UE4     : nativeVolumeEvent(10)
05-06 12:47:56.161  5294  5311 D UE4     : [GameActivity] Registering battery receiver
05-06 12:47:56.163  5294  5311 D UE4     : [GameActivity] Registering headset receiver
05-06 12:47:56.165  5294  5311 D UE4     : [GameActivity] startHeadsetReceiver: 0
05-06 12:47:56.165  5294  5311 D UE4     : nativeHeadsetEvent(0)
05-06 12:47:56.166  5294  5311 D UE4     : [2020.05.06-10.47.56:166][  0]LogCore: Display: AppLifetime: Application has entered foreground
05-06 12:47:56.167  5294  5537 D UE4     : [2020.05.06-10.47.56:167][  0]LogRenderer: Reallocating scene render targets to support 2880x1600 Format 2 NumSamples 2 (Frame:1).
05-06 12:47:56.175  2119  2296 I InputManager: HANDTRACKING hand 1 status set to OutOfView
05-06 12:47:56.206   707  5416 E [CT]    : NIMBLE:ExposureControl: Unable to compute adjustment without histogram data
05-06 12:47:56.240   707  5416 E [CT]    : NIMBLE:ExposureControl: Unable to compute adjustment without histogram data
05-06 12:47:56.241   707  5416 E [CT]    : NIMBLE:ExposureControl: Unable to compute adjustment without histogram data
05-06 12:47:56.245  5294  5473 D UE4     : *** JavaEnvDestructor: 5473
05-06 12:47:56.264  2119  5440 I TimeWarp: Tear: 0.010532 (since wakeup: 0.000336)
05-06 12:47:56.279   707  5416 E [CT]    : NIMBLE:ExposureControl: Unable to compute adjustment without histogram data
05-06 12:47:56.279   707  5416 E [CT]    : NIMBLE:ExposureControl: Unable to compute adjustment without histogram data
05-06 12:47:56.327   707  5416 E [CT]    : NIMBLE:ExposureControl: Unable to compute adjustment without histogram data
05-06 12:47:56.367   707  5416 E [CT]    : NIMBLE:ExposureControl: Unable to compute adjustment without histogram data
05-06 12:47:56.399   707  5416 E [CT]    : NIMBLE:ExposureControl: Unable to compute adjustment without histogram data
05-06 12:47:56.399   707  5416 E [CT]    : NIMBLE:ExposureControl: Unable to compute adjustment without histogram data
05-06 12:47:56.404  2705  2728 I RvrPnl  : FPS=55.7989/155.373/9.99224, MSPF=0.0179215/6.43614/100.078, MEMALLOC=15.3857
05-06 12:47:56.439   707  5416 E [CT]    : NIMBLE:ExposureControl: Unable to compute adjustment without histogram data
05-06 12:47:56.463  5294  5490 I Telemetry: App memory usage: PSS=837MB DalvikPSS=3 MB
05-06 12:47:56.467  1826  5494 I Telemetry: App memory usage: PSS=303MB DalvikPSS=2 MB
05-06 12:47:56.469  5294  5490 I VrApi   : FPS=0,Prd=0ms,Tear=0,Early=0,Stale=72,VSnc=1,Lat=0,Fov=0,CPU4/GPU=0/0,2304/670MHz,OC=FF,TA=0/0/0,SP=N/N/N,Mem=1804MHz,Free=1382MB,PSM=0,PLS=0,Temp=32.0C/0.0C,TW=1.72ms,App=0.00ms,GD=0.00ms,CPU&GPU=0.00ms,LCnt=0,GPU%=0.13,CPU%=0.34(W0.55),DSF=1.00
05-06 12:47:56.469  1826  5494 I VrApi   : FPS=52,Prd=0ms,Tear=0,Early=0,Stale=72,VSnc=1,Lat=1,Fov=0,CPU4/GPU=0/0,2304/670MHz,OC=FF,TA=0/E0/0,SP=N/F/N,Mem=1804MHz,Free=1378MB,PSM=0,PLS=0,Temp=32.0C/0.0C,TW=3.26ms,App=13.50ms,GD=4.13ms,CPU&GPU=16.30ms,LCnt=4,GPU%=0.87,CPU%=0.29(W0.39),DSF=1.00
05-06 12:47:56.487  2110  5536 I LibraryStorage: Successfully saved 14 entitlements. Total entitlements: 14. Notifying: 0
05-06 12:47:56.488   707  5416 E [CT]    : NIMBLE:ExposureControl: Unable to compute adjustment without histogram data
05-06 12:47:56.560   707  5416 E [CT]    : NIMBLE:ExposureControl: Unable to compute adjustment without histogram data
05-06 12:47:56.599   707  5416 E [CT]    : NIMBLE:ExposureControl: Unable to compute adjustment without histogram data
05-06 12:47:56.632   707  5418 I [CT]    : VIPER:MAP_MANAGER: State: TRACKING_PERSISTENT, UUID=d18585e8-d288-4997-b6ff-78495c7eed6a, Num. Persistent maps = 1,  Persistent maps:d18585e8-d288-4997-b6ff-78495c7eed6a,, Ser. Disabled = 00000000-0000-0000-0000-000000000000
05-06 12:47:56.673   707  5418 I [CT]    : VIPER: Status=6DoF,TRACKING,KF=133,Inl=280,Pts=437,Jit=0.9mm,Issues(Cam/min=0.0,IMU/min=0.0),Exp=(9.1ms,g=12.0,I=73)(7.2ms,g=9.0,I=68)(9.1ms,g=12.0,I=66)(7.5ms,g=8.0,I=67)
05-06 12:47:56.749  5294  5471 D UE4     : *** JavaEnvDestructor: 5471
05-06 12:47:56.751  5294  5472 D UE4     : *** JavaEnvDestructor: 5472
05-06 12:47:56.752  5294  5470 D UE4     : *** JavaEnvDestructor: 5470
05-06 12:47:56.852  5294  5311 D UE4     : [2020.05.06-10.47.56:852][  0]LogUdpMessaging: Initializing bridge on interface 0.0.0.0:0 to multicast group 230.0.0.1:6666.
05-06 12:47:56.884  5294  5468 D UE4     : *** JavaEnvDestructor: 5468
05-06 12:47:57.010  2119  2296 I InputManager: HANDTRACKING hand 1 status set to Tracked
05-06 12:47:57.110  5294  5490 I VrApi   : FPS=0,Prd=0ms,Tear=0,Early=0,Stale=72,VSnc=1,Lat=0,Fov=0,CPU4/GPU=0/0,2304/670MHz,OC=FF,TA=0/0/0,SP=N/N/N,Mem=1804MHz,Free=1373MB,PSM=0,PLS=0,Temp=32.0C/0.0C,TW=1.72ms,App=0.00ms,GD=0.00ms,CPU&GPU=0.00ms,LCnt=0,GPU%=0.13,CPU%=0.34(W0.55),DSF=1.00
05-06 12:47:57.152  1826  1887 I [OAR] InputManager: Switching Primary controller due to vrapi
05-06 12:47:57.153  1826  1887 I [OAR] InputManager: Secondary input source selection id=536870922
05-06 12:47:57.153  2134  2160 I GuardianSystem: Guardian: GuardianCmdWithParms 1, 1, 0.000000
05-06 12:47:57.183  1826  1887 I [OAR] ShellSurfaceRender: Averages: drawCalls 15.7 progBinds 4.3 paramUpdates 69.8 textureBinds 8.4 bufferBinds 1.1
05-06 12:47:57.315  1826  5494 I VrApi   : FPS=63,Prd=44ms,Tear=0,Early=1,Stale=34,VSnc=1,Lat=1,Fov=0,CPU4/GPU=4/4,2304/670MHz,OC=FF,TA=0/E0/0,SP=N/F/N,Mem=1804MHz,Free=1373MB,PSM=0,PLS=0,Temp=32.0C/0.0C,TW=2.99ms,App=11.32ms,GD=3.58ms,CPU&GPU=8132.83ms,LCnt=5,GPU%=0.73,CPU%=0.14(W0.21),DSF=1.00
05-06 12:47:57.406  2705  2728 I RvrPnl  : FPS=71.8131/99.3681/45.685, MSPF=0.013925/10.0636/21.889, MEMALLOC=15.3857
05-06 12:47:57.633  2119  5440 I TimeWarp: UpdateClockLevels: Apply pending clock request change: 4,4 -> 4,5
05-06 12:47:57.633  2119  5434 I Clocks  : ReleaseClocks - start
05-06 12:47:57.633   707  5416 I [CT]    : NIMBLE:HTEngine: HandTracking, Frame received with len = 4, , exposure(ms) 6.498
05-06 12:47:57.634   710   823 D         : CPU_CLUSTER_0: No client requests exists, release clocks
05-06 12:47:57.635   710   823 D         : CPU_CLUSTER_1: No client requests exists, release clocks
05-06 12:47:57.635   710   823 D         : GPU: No client requests exists, release clocks
05-06 12:47:57.635   710   823 D         : CPUBW: No client requests exists, release clocks
05-06 12:47:57.637  2119  5434 I Clocks  : ReleaseClocks - end (3.7 ms)
05-06 12:47:57.637  2119  5434 I Clocks  : LockClocks( cpu=4, gpu=5 ) - start
05-06 12:47:57.640  2119  5434 I Clocks  : CPU levels [0, 4]
05-06 12:47:57.640  2119  5434 I Clocks  : GPU levels [0, 5]
05-06 12:47:57.641   710  4658 D         : CPU_CLUSTER_0: Client 2119 sends freq request [21, 21]
05-06 12:47:57.641   710  4658 D         : CPU_CLUSTER_0: Next Perf Level = (21, 21)
05-06 12:47:57.641   710  4658 D         : CPU_CLUSTER_1: Client 2119 sends freq request [26, 26]
05-06 12:47:57.641   710  4658 D         : CPU_CLUSTER_1: Next Perf Level = (26, 26)
05-06 12:47:57.642   710  4658 D         : CPUBW: Client 2119 sends freq request [8, 11]
05-06 12:47:57.642   710  4658 D         : CPUBW: Next Perf Level = (8, 11)
05-06 12:47:57.645   710  4658 D         : GPU: Client 2119 sends freq request [7, 7]
05-06 12:47:57.646   710  4658 D         : GPU: Next Perf Level = (7, 7)
05-06 12:47:57.647  2119  5434 I Clocks  : LockClocks( cpu=4, gpu=5 ) - end (10.2 ms)
05-06 12:47:57.676  1490  1490 D ControllerNotifications: Enabling notifications
05-06 12:47:57.677   707  5392 I SyncBossHAL: syncboss_hal_impl_input.c(694): INFO: Pulsar connected devices state change: 1
05-06 12:47:57.677  1490  1490 I ControllerNotifications: Updating input notifications based on state Disconnected
05-06 12:47:57.682   707  5392 I SyncBossHAL: syncboss_hal_impl_input.c(694): INFO: Pulsar connected devices state change: 2
05-06 12:47:57.683  1490  1490 I ControllerNotifications: Updating input notifications based on state Disconnected
05-06 12:47:57.685   707  5391 I SyncBossFW: [info   ] {WIHO}: Pulsar device connected 6b7cbd98xxxxxxxx (type: 13011101, connection id: 0x1)
05-06 12:47:57.685   707  5391 I SyncBossFW: [info   ] {WIHO}: Pulsar device connected 3a76c3e4xxxxxxxx (type: 13001101, connection id: 0x2)
05-06 12:47:57.691  1490  1490 D OculusNotificationListenerService: Notification posted: 0|com.oculus.notification_proxy|4098|null|1000
