05-15 11:36:17.081 18743 18795 D JVM     : JVM::Initialize@[tid=18795]
05-15 11:36:17.081 18743 18795 D JVM     : JVM::JVM@[tid=18795]
05-15 11:36:17.088 18743 18784 D OVR     : Registered OVRPlatformBroadcastReceiver
05-15 11:36:17.088 18743 18784 I OVR     : Initialized OVRPlatform with returnComponent com.oculus.vrshell.home/com.oculus.vrshell.home.ExploreService
05-15 11:36:17.091 18743 18793 D OVRServiceSynchronous: isServiceAvailable matched: 1
05-15 11:36:17.108 18743 18743 D OVRServiceSynchronous: Service connected.
05-15 11:36:17.117 18296 18314 D UE4     : [2020.05.15-09.36.17:117][706]LogAndroid: Case APP_CMD_SAVE_STATE
05-15 11:36:17.117 18296 18314 D UE4     : LogAndroidEvents::EnqueueAppEvent : 12, [width=-1, height=-1], tid = 18314, APP_EVENT_STATE_SAVE_STATE
05-15 11:36:17.127 18743 18773 I RCTVR   : language 'en-rGB'
05-15 11:36:17.129 18743 18773 I BundleHelper: Retrieve override bundle from allowed bundles in the BundleConfiguration
05-15 11:36:17.129 18743 18773 I BundleHelper:   And if installed locally
05-15 11:36:17.129 18743 18773 I BundleHelper: Bundle configuration - No service 'EXPLORE' found. Skipping.
05-15 11:36:17.129 18743 18773 I BundleHelper: No JS Bundles are allowed.
05-15 11:36:17.129 18743 18773 I RCTVR   : [TIMESTAMP] : ReactPlayerCommon : 11738.6547988230013
05-15 11:36:17.129 18743 18773 I RCTVR   : ReactPlayer: config shell version 16.0.0.139.450
05-15 11:36:17.129 18743 18773 I RCTVR   : ReactPlayer: config automation enabled false
05-15 11:36:17.129 18743 18773 I RCTVR   : ReactPlayerCommon: Init
05-15 11:36:17.132 18743 18773 I RCTVR   : [TIMESTAMP] : ReactPlayer_InitReactNativeContext_Start : 11738.6572909060014
05-15 11:36:17.132 18743 18762 I GraphQLPrefetch: Completed request for 2886345294781084 in 214ms
05-15 11:36:17.134 18743 18798 I RCTVR   : JavaScript[0xd4503dc8], Avg 0.0189589988440275192, Max 0.0189589988440275192, MaxInLast 0.0189589988440275192
05-15 11:36:17.135 18743 18798 I RCTVR_HERMES: Hermes Mem: numCollections 0, allocatedBytes 108848, heapSize 9265152, va 8388608
05-15 11:36:17.139 18743 18802 I AsyncFonts: FStart
05-15 11:36:17.139 18743 18802 I ReactNativeContextGL: attempt loading default
05-15 11:36:17.139 18743 18773 I RCTVR   : AsyncLocalStorage '/data/user/0/com.oculus.vrshell.home/files'
05-15 11:36:17.139 18743 18803 I OVR_MemBuffer: Couldn't open assets/audio/sound_def.json: No such file or directory
05-15 11:36:17.140 18743 18773 I RCTQplModule: Timestamp- markerStart 11738129
05-15 11:36:17.140 18743 18802 I ReactNativeContextGL: attempt loading sans-serif-Medium
05-15 11:36:17.140 18743 18802 I ReactNativeContextGL: attempt loading sans-serif-Normal
05-15 11:36:17.140 18743 18802 I ReactNativeContextGL: attempt loading sans-serif-Light
05-15 11:36:17.140 18743 18802 I ReactNativeContextGL: attempt loading sans-serif-Bold
05-15 11:36:17.141 18743 18802 I ReactNativeContextGL: attempt loading emoji
05-15 11:36:17.141 18743 18802 I ReactNativeContextGL: attempt loading arabic
05-15 11:36:17.142 18743 18802 I ReactNativeContextGL: attempt loading cjk
05-15 11:36:17.143 18743 18773 I ReactPlayerCommon: ReactNativeExec: Signal
05-15 11:36:17.143 18743 18773 I RCTVR   : Metrics history-based collection is disabled.
05-15 11:36:17.143 18743 18773 I RCTVR   : [TIMESTAMP] : ReactPlayer_InitReactNativeContext_End : 11738.6684086659989
05-15 11:36:17.143 18743 18773 I RCTVR   : Marker panel_create_start: duration=417.814355ms start=11738129 end=11738546.8143550009
05-15 11:36:17.143 18743 18773 I RCTVR   : Marker panel_create_end: duration=539.519551ms start=11738129 end=11738668.5195509996
05-15 11:36:17.143 18743 18773 I panelapp: Init start
05-15 11:36:17.143 18743 18773 I panelapp: timestamp Init()
05-15 11:36:17.143 18743 18773 I panelapp: ANativeWindow_setBuffersGeometry()
05-15 11:36:17.143 18743 18773 I panelapp: ANativeWindow_setBuffersGeometry()
05-15 11:36:17.143 18743 18773 I panelapp: ANativeWindow_setBuffersGeometry()
05-15 11:36:17.143 18743 18773 I panelapp: ANativeWindow_setBuffersGeometry()
05-15 11:36:17.143 18743 18773 I panelapp: ANativeWindow_setBuffersGeometry()
05-15 11:36:17.143 18743 18773 I panelapp: ovrPanel::InitGL()
05-15 11:36:17.143 18743 18802 I AsyncFonts: FComplete
05-15 11:36:17.146 18296 18314 D UE4     : [2020.05.15-09.36.17:145][706]LogAndroid: Case APP_CMD_STOP
05-15 11:36:17.146 18296 18314 D UE4     : LogAndroidEvents::EnqueueAppEvent : 8, [width=-1, height=-1], tid = 18314, APP_EVENT_STATE_ON_STOP
05-15 11:36:17.146 18296 18296 D UE4     : [GameActivity] ==============> GameActive.onStop complete!
05-15 11:36:17.146 18296 18296 D UE4     : [GameActivity] ==============> GameActive.onTrimMemory(TRIM_MEMORY_UI_HIDDEN) called!
05-15 11:36:17.147 18296 18296 V UE4     : [GameApp] App in background
05-15 11:36:17.147 18296 18296 D SystemActivitiesReceiver: SystemActivityReceiver.onReceive intent:Intent { act=com.oculus.system_activity flg=0x10 pkg=com.YourCompany.ToysGame (has extras) }
05-15 11:36:17.148 18296 18296 D SystemActivitiesReceiver: fromPackageName: 'com.oculus.vrshell'
05-15 11:36:17.148 18296 18296 D SystemActivitiesReceiver: command: '{"Command":"exitToHome","PlatformUIVersion":4,"ToPackage":"com.YourCompany.ToysGame"}'
05-15 11:36:17.148 18296 18296 D SystemActivitiesReceiver: uri: ''
05-15 11:36:17.148  2113  2193 E Security-LocalReporter: UID '10043' is shared by multiple packages: [com.oculus.home, com.oculus.horizon]
05-15 11:36:17.149 18743 18806 I panelapp: Start
05-15 11:36:17.149 18743 18806 I RCTVR   : Marker load_bundle_start: duration=546.006321ms start=11738129 end=11738675.0063209999
05-15 11:36:17.149 18743 18773 I AdrenoGLES-0: QUALCOMM build                   : 6950ec0, I01788bbc52
05-15 11:36:17.149 18743 18773 I AdrenoGLES-0: Build Date                       : 03/20/20
05-15 11:36:17.149 18743 18773 I AdrenoGLES-0: OpenGL ES Shader Compiler Version: EV031.29.05.00
05-15 11:36:17.149 18743 18773 I AdrenoGLES-0: Local Branch                     : 
05-15 11:36:17.149 18743 18773 I AdrenoGLES-0: Remote Branch                    : refs/tags/AU_LINUX_ANDROID_LA.UM.5.7.C25.07.01.01.563.041
05-15 11:36:17.149 18743 18773 I AdrenoGLES-0: Remote Branch                    : NONE
05-15 11:36:17.149 18743 18773 I AdrenoGLES-0: Reconstruct Branch               : NOTHING
05-15 11:36:17.149 18743 18773 I AdrenoGLES-0: Build Config                     : S P 6.0.9 AArch32
05-15 11:36:17.149 18743 18806 I RCTVR   : [TIMESTAMP] : ReactPlayer_LoadBundle_Start : 11738.6750723630012
05-15 11:36:17.149 18743 18806 I RCTVR   : ReactPlayerCommon: start loading bundle
05-15 11:36:17.149 18743 18773 I AdrenoGLES-0: Driver Path                      : /system/vendor/lib/egl/libGLESv2_adreno.so
05-15 11:36:17.150 18743 18806 I RCTVR   : Marker load_bundle_end: duration=546.142675ms start=11738129 end=11738675.1426749993
05-15 11:36:17.150 18743 18806 I panelapp: Complete
05-15 11:36:17.150 18743 18798 I RCTVR   : Marker execute_bundle_0_start: duration=546.169759ms start=11738129 end=11738675.1697589997
05-15 11:36:17.154 18296 18296 D TrustedSignatureVerifier: Checking app signature for com.oculus.vrshell
05-15 11:36:17.155 18296 18296 D SystemActivitiesReceiver: App is trusted
05-15 11:36:17.156 18743 18798 I ReactNativeExecutorHermes: WaitForNativeModules: Started
05-15 11:36:17.156 18743 18798 I ReactNativeExecutorHermes: WaitForNativeModules: Finished
05-15 11:36:17.156 18296 18296 I SystemUtils_Internal: nativeSystemActivityIntent in 'com.YourCompany.ToysGame': 'com.oculus.vrshell' '{"Command":"exitToHome","PlatformUIVersion":4,"ToPackage":"com.YourCompany.ToysGame"}' ''
05-15 11:36:17.156 18296 18296 I SystemUtils_Internal: finish() - exit to Home
05-15 11:36:17.157 18773 18773 W OVR::PanelApp: type=1400 audit(0.0:78): avc: denied { read } for name="gpu_model" dev="sysfs" ino=31478 scontext=u:r:untrusted_app:s0:c512,c768 tcontext=u:object_r:sysfs:s0 tclass=file permissive=0
05-15 11:36:17.159 18743 18761 I GraphQLPrefetch: Completed request for 2730171627063766 in 239ms
05-15 11:36:17.161 18743 18798 I JniUtils: Using caller's JNIEnv
05-15 11:36:17.164 18743 18798 I JniUtils: Using caller's JNIEnv
05-15 11:36:17.166 18743 18795 W VideoCapabilities: Unrecognized profile 2130706433 for video/avc
05-15 11:36:17.166 18743 18795 W VideoCapabilities: Unrecognized profile 2130706434 for video/avc
05-15 11:36:17.168 18296 18296 W art     : Attempt to remove non-JNI local reference, dumping thread
05-15 11:36:17.168 18743 18798 I JniUtils: Using caller's JNIEnv
05-15 11:36:17.168 18296 18296 W art     : Attempt to remove non-JNI local reference, dumping thread
05-15 11:36:17.168 18296 18296 W art     : Attempt to remove non-JNI local reference, dumping thread
05-15 11:36:17.168 18743 18773 I AdrenoGLES-0: PFP: 0x005ff112, ME: 0x005ff066
05-15 11:36:17.169 18296 18296 D SystemActivitiesReceiver: SystemActivityReceiver.onReceive intent:Intent { act=com.oculus.system_activity flg=0x10 pkg=com.YourCompany.ToysGame (has extras) }
05-15 11:36:17.170 18296 18296 D SystemActivitiesReceiver: fromPackageName: 'com.oculus.vrshell'
05-15 11:36:17.170 18296 18296 D SystemActivitiesReceiver: command: '{"Command":"returnToLauncher","PlatformUIVersion":4,"ToPackage":"com.YourCompany.ToysGame"}'
05-15 11:36:17.170 18296 18296 D SystemActivitiesReceiver: uri: ''
05-15 11:36:17.170 18743 18798 I JniUtils: Using caller's JNIEnv
05-15 11:36:17.170 18296 18296 I SystemUtils_Internal: nativeSystemActivityIntent in 'com.YourCompany.ToysGame': 'com.oculus.vrshell' '{"Command":"returnToLauncher","PlatformUIVersion":4,"ToPackage":"com.YourCompany.ToysGame"}' ''
05-15 11:36:17.170 18296 18296 I SystemUtils_Internal: ovrSystemUtils::AddEvent: queued event '{"Command":"returnToLauncher","PlatformUIVersion":4,"ToPackage":"com.YourCompany.ToysGame"}'
05-15 11:36:17.170 18296 18296 W art     : Attempt to remove non-JNI local reference, dumping thread
05-15 11:36:17.170 18296 18296 W art     : Attempt to remove non-JNI local reference, dumping thread
05-15 11:36:17.171 18296 18296 W art     : Attempt to remove non-JNI local reference, dumping thread
05-15 11:36:17.171 18743 18773 W AdrenoUtils: <ReadGpuID_from_sysfs:198>: Failed to open /sys/class/kgsl/kgsl-3d0/gpu_model
05-15 11:36:17.171 18743 18773 W AdrenoUtils: <ReadGpuID:222>: Failed to read chip ID from gpu_model. Fallback to use the GSL path
05-15 11:36:17.177 18296 18313 D UE4     : [2020.05.15-09.36.17:176][706]LogAndroidEvents: Display: LogAndroidEvents::DequeueAppEvent : 12, [width=-1, height=-1], APP_EVENT_STATE_SAVE_STATE
05-15 11:36:17.178 18743 18773 I panelapp: GLES3::LoadGLFunctions()
05-15 11:36:17.178 18296 18313 D UE4     : FAppEventManager::Tick processing, 12
05-15 11:36:17.178 18296 18313 D UE4     : [2020.05.15-09.36.17:178][706]LogAndroidEvents: Display: LogAndroidEvents::DequeueAppEvent : 8, [width=-1, height=-1], APP_EVENT_STATE_ON_STOP
05-15 11:36:17.178 18296 18313 D UE4     : FAppEventManager::Tick processing, 8
05-15 11:36:17.178 18296 18313 D UE4     : FAppEventManager::Tick EventHandlerEvent Wait 
05-15 11:36:17.178 18296 18313 D UE4     : FAppEventManager::Tick EventHandlerEvent DONE Wait 
05-15 11:36:17.180 18743 18798 I JniUtils: Using caller's JNIEnv
05-15 11:36:17.180 18743 18773 I panelapp: GL_InitExtensions()
05-15 11:36:17.180 18743 18773 I OVR_GlUtils: es3 = TRUE
05-15 11:36:17.181 18743 18773 I OVR_GlUtils: GL_MAX_TEXTURE_SIZE = 16384
05-15 11:36:17.181 18743 18773 I OVR_GlUtils: GL_MAX_VERTEX_UNIFORM_VECTORS = 256
05-15 11:36:17.181 18743 18773 I OVR_GlUtils: GL_MAX_FRAGMENT_UNIFORM_VECTORS = 256
05-15 11:36:17.181 18743 18773 I RCTVR   : ReactPlayerCommon: InitGfx
05-15 11:36:17.182 18743 18798 I JniUtils: Using caller's JNIEnv
05-15 11:36:17.183 18296 18296 D ContextHelper: shouldSkipFinish: activity=com.epicgames.ue4.GameActivity@61f7648
05-15 11:36:17.183 18743 18773 I panelapp: Init complete
05-15 11:36:17.183 18743 18773 I RCTVR   : Create root
05-15 11:36:17.183 18743 18773 I RCTVR   : ReactPlayerCommon: reloaded RootView 'main', tag: 1
05-15 11:36:17.184 18743 18798 I JniUtils: Using caller's JNIEnv
05-15 11:36:17.185 18743 18798 I JniUtils: Using caller's JNIEnv
05-15 11:36:17.185 18296 18296 D ContextHelper: activity=com.epicgames.ue4.GameActivity@61f7648, resumed=false
05-15 11:36:17.185 18296 18296 D ContextHelper: Calling finish() on com.epicgames.ue4.GameActivity@61f7648
05-15 11:36:17.186 18743 18798 I OVR_MemBuffer: Couldn't open assets/en_GB.json: No such file or directory
05-15 11:36:17.186 18743 18798 I JniUtils: Using caller's JNIEnv
05-15 11:36:17.188 18743 18798 I JniUtils: Using caller's JNIEnv
05-15 11:36:17.189 18743 18773 I RCTVRMEM: Total Allocated Space: 10870704, Total Free Space: 1712208, JavaScript Heap Size: 108848
05-15 11:36:17.190 18743 18798 I ReactNativeExecutorHermes: Timestamp- markerPoint: 11738715
05-15 11:36:17.190 18743 18798 I RCTVR   : Marker execute_bundle_0_end: duration=587.080640ms start=11738129 end=11738716.0806399994
05-15 11:36:17.191 18743 18795 W VideoCapabilities: Unrecognized profile 2130706433 for video/avc
05-15 11:36:17.191 18743 18795 W VideoCapabilities: Unrecognized profile 2130706434 for video/avc
05-15 11:36:17.193 18743 18795 W VideoCapabilities: Unrecognized profile 2130706433 for video/avc
05-15 11:36:17.193 18743 18795 W VideoCapabilities: Unrecognized profile 2130706434 for video/avc
05-15 11:36:17.196 18296 18296 D UE4     : [GameActivity] onDestroy: destroy memoryHandlerThread
05-15 11:36:17.197  2113  2193 I LibraryProvider: running queryApp(com.oculus.vrshell.home) for com.oculus.uid:10043
05-15 11:36:17.197  2113  2193 W LibraryProvider: Cannot find entitlement for com.oculus.vrshell.home
05-15 11:36:17.198 18296 18314 D UE4     : [2020.05.15-09.36.17:198][706]LogAndroid: Case APP_CMD_INPUT_CHANGED
05-15 11:36:17.198  1801  1877 I [OAR] PanelRenderLayer: ResetSurface 1328 x 528 - shape:2 stereo:0
05-15 11:36:17.198 18743 18798 I RCTVR   : [TIMESTAMP] : HermesReady : 11738.7235352219996
05-15 11:36:17.198 18743 18798 I RCTVR   : Marker hermes_ready: duration=594.572722ms start=11738129 end=11738723.5727219991
05-15 11:36:17.198 18296 18314 D UE4     : [2020.05.15-09.36.17:198][706]LogAndroid: Case APP_CMD_DESTROY
05-15 11:36:17.198 18296 18314 D UE4     : LogAndroidEvents::EnqueueAppEvent : 15, [width=-1, height=-1], tid = 18314, APP_EVENT_RUN_CALLBACK
05-15 11:36:17.198 18296 18314 D UE4     : LogAndroidEvents::EnqueueAppEvent : 5, [width=-1, height=-1], tid = 18314, APP_EVENT_STATE_ON_DESTROY
05-15 11:36:17.198 18743 18798 I RCTVR_HERMES: [info]: Running "main" with {"rootTag":1,"initialProps":{"surfaceWidth":1328,"surfaceHeight":528}}
05-15 11:36:17.198  1755  2521 W OVRLibrary: null cursor received for query content://com.oculus.ocms.library/apps/com.oculus.vrshell.home
05-15 11:36:17.200 18743 18795 W VideoCapabilities: Unrecognized profile/level 0/3 for video/mpeg2
05-15 11:36:17.200 18743 18796 V OVRServiceManager: Registered process token.
05-15 11:36:17.205 18743 18795 W VideoCapabilities: Unrecognized profile/level 0/3 for video/mpeg2
05-15 11:36:17.207  2113  2128 I art     : Background sticky concurrent mark sweep GC freed 5024(585KB) AllocSpace objects, 6(120KB) LOS objects, 23% free, 3MB/4MB, paused 5.614ms total 34.179ms
05-15 11:36:17.208 18296 18314 I art     : System.exit called, status: 0
05-15 11:36:17.208 18296 18314 I AndroidRuntime: VM exiting with result code 0, cleanup skipped.
05-15 11:36:17.209 18743 18795 W VideoCapabilities: Unsupported mime video/x-ms-wmv
05-15 11:36:17.217 18743 18798 I JniUtils: Using caller's JNIEnv
05-15 11:36:17.217 18743 18798 I RCTVR_HERMES: [info]: QuickExperiments.initialize with options:
05-15 11:36:17.217 18743 18798 I RCTVR_HERMES: [info]: { useNativeQEModule: true }
05-15 11:36:17.218 18743 18798 I RCTVR   : Marker execute_bundle_1_start: duration=614.299543ms start=11738129 end=11738743.2995430008
05-15 11:36:17.218 18743 18798 I RCTVR   : Marker execute_bundle_1_end: duration=614.945689ms start=11738129 end=11738743.9456890002
05-15 11:36:17.223 18743 18795 W VideoCapabilities: Unsupported mime video/x-ms-wmv
05-15 11:36:17.227 18743 18795 W VideoCapabilities: Unsupported mime video/divx
05-15 11:36:17.231  1755  1755 I FBConnectReceiver: Updating linked FB account on com.oculus.fbconnect.UPDATE_CURRENT_FACEBOOK_ACCOUNT
05-15 11:36:17.232 18743 18795 W VideoCapabilities: Unsupported mime video/divx311
05-15 11:36:17.234 18743 18795 W VideoCapabilities: Unsupported mime video/divx4
05-15 11:36:17.250 18743 18798 I RCTVR_HERMES: [info]: Library entitlements cache was missed.
05-15 11:36:17.253 18743 18798 I JniUtils: Using caller's JNIEnv
05-15 11:36:17.255 18743 18795 W VideoCapabilities: Unsupported mime video/mp4v-esdp
05-15 11:36:17.274 18743 18795 I VideoCapabilities: Unsupported profile 4 for video/mp4v-es
05-15 11:36:17.278 18743 18773 E MobileConfigClient: exception decoding config values
05-15 11:36:17.278 18743 18773 E MobileConfigClient: org.json.JSONException: No value for query_hash
05-15 11:36:17.278 18743 18773 E MobileConfigClient: 	at org.json.JSONObject.get(JSONObject.java:389)
05-15 11:36:17.278 18743 18773 E MobileConfigClient: 	at org.json.JSONObject.getString(JSONObject.java:550)
05-15 11:36:17.278 18743 18773 E MobileConfigClient: 	at com.oculus.mobileconfigclient.MobileConfigClient.getMobileConfigResponse(MobileConfigClient.java:728)
05-15 11:36:17.278 18743 18773 E MobileConfigClient: 	at com.oculus.mobileconfigclient.MobileConfigClient.getMobileConfigValueFromJson(MobileConfigClient.java:702)
05-15 11:36:17.278 18743 18773 E MobileConfigClient: 	at com.oculus.mobileconfigclient.MobileConfigClient.decodeResultAndPopulateMCMap(MobileConfigClient.java:630)
05-15 11:36:17.278 18743 18773 E MobileConfigClient: 	at com.oculus.mobileconfigclient.MobileConfigClient.updateMCsAndHandleResult(MobileConfigClient.java:584)
05-15 11:36:17.278 18743 18773 E MobileConfigClient: 	at com.oculus.mobileconfigclient.MobileConfigClient.updateMCsImpl(MobileConfigClient.java:128)
05-15 11:36:17.278 18743 18773 E MobileConfigClient: 	at com.oculus.modules.MobileConfigModuleImpl.initializeImpl(MobileConfigModuleImpl.java:44)
05-15 11:36:17.278 18743 18773 E MobileConfigClient: 	at com.oculus.modules.codegen.MobileConfigModule.initialize(MobileConfigModule.java:90)
05-15 11:36:17.279 18743 18795 I org.webrtc.Logging: MediaCodecVideoEncoder: Found target encoder for mime video/x-vnd.on2.vp8 : OMX.qcom.video.encoder.vp8. Color: 0x15
05-15 11:36:17.279 18743 18795 W VideoCapabilities: Unrecognized profile 2130706433 for video/avc
05-15 11:36:17.279 18743 18795 W VideoCapabilities: Unrecognized profile 2130706434 for video/avc
05-15 11:36:17.279 18743 18773 E MobileConfigClient: exception decoding config combined values
05-15 11:36:17.279 18743 18773 E MobileConfigClient: org.json.JSONException: No value for sessionless
05-15 11:36:17.279 18743 18773 E MobileConfigClient: 	at org.json.JSONObject.get(JSONObject.java:389)
05-15 11:36:17.279 18743 18773 E MobileConfigClient: 	at org.json.JSONObject.getJSONObject(JSONObject.java:609)
05-15 11:36:17.279 18743 18773 E MobileConfigClient: 	at com.oculus.mobileconfigclient.MobileConfigClient.getMobileConfigValueFromJson(MobileConfigClient.java:704)
05-15 11:36:17.279 18743 18773 E MobileConfigClient: 	at com.oculus.mobileconfigclient.MobileConfigClient.decodeResultAndPopulateMCMap(MobileConfigClient.java:630)
05-15 11:36:17.279 18743 18773 E MobileConfigClient: 	at com.oculus.mobileconfigclient.MobileConfigClient.updateMCsAndHandleResult(MobileConfigClient.java:584)
05-15 11:36:17.279 18743 18773 E MobileConfigClient: 	at com.oculus.mobileconfigclient.MobileConfigClient.updateMCsImpl(MobileConfigClient.java:128)
05-15 11:36:17.279 18743 18773 E MobileConfigClient: 	at com.oculus.modules.MobileConfigModuleImpl.initializeImpl(MobileConfigModuleImpl.java:44)
05-15 11:36:17.279 18743 18773 E MobileConfigClient: 	at com.oculus.modules.codegen.MobileConfigModule.initialize(MobileConfigModule.java:90)
05-15 11:36:17.279 18743 18795 I org.webrtc.Logging: MediaCodecVideoEncoder: Found target encoder for mime video/avc : OMX.qcom.video.encoder.avc. Color: 0x15
05-15 11:36:17.282 18743 18795 I org.webrtc.Logging: MediaCodecVideoDecoder: Trying to find HW decoder for mime video/x-vnd.on2.vp8
05-15 11:36:17.282 18743 18795 I org.webrtc.Logging: MediaCodecVideoDecoder: Found candidate decoder OMX.qcom.video.decoder.vp8
05-15 11:36:17.282 18743 18795 I org.webrtc.Logging: MediaCodecVideoDecoder: Found target decoder OMX.qcom.video.decoder.vp8. Color: 0x13
05-15 11:36:17.282 18743 18795 I org.webrtc.Logging: MediaCodecVideoDecoder: Trying to find HW decoder for mime video/x-vnd.on2.vp9
05-15 11:36:17.282 18743 18795 I org.webrtc.Logging: MediaCodecVideoDecoder: Found candidate decoder OMX.qcom.video.decoder.vp9
05-15 11:36:17.283 18743 18773 I RvrPnl  : FPS=0.000170376/39.1494/39.1494, MSPF=5869.37/25.5432/25.5432, MEMALLOC=10.3671
05-15 11:36:17.283 18743 18795 I org.webrtc.Logging: MediaCodecVideoDecoder: Found target decoder OMX.qcom.video.decoder.vp9. Color: 0x13
05-15 11:36:17.283 18743 18795 I org.webrtc.Logging: MediaCodecVideoDecoder: Trying to find HW decoder for mime video/avc
05-15 11:36:17.283 18743 18795 I org.webrtc.Logging: MediaCodecVideoDecoder: Found candidate decoder OMX.qcom.video.decoder.avc
05-15 11:36:17.283 18743 18795 W VideoCapabilities: Unrecognized profile 2130706433 for video/avc
05-15 11:36:17.283 18743 18795 W VideoCapabilities: Unrecognized profile 2130706434 for video/avc
05-15 11:36:17.283 18743 18795 I org.webrtc.Logging: MediaCodecVideoDecoder: Found target decoder OMX.qcom.video.decoder.avc. Color: 0x13
05-15 11:36:17.287 18743 18784 I OVRPlatform: [RequestStopwatch] AndroidPlatformIntegration-Constructor took 212.1610 milliseconds
05-15 11:36:17.290  1801 18734 I VrApi   : FPS=72,Prd=45ms,Tear=0,Early=68,Stale=5,VSnc=1,Lat=1,Fov=0,CPU4/GPU=4/4,2304/670MHz,OC=FF,TA=0/E0/0,SP=N/F/N,Mem=1804MHz,Free=1104MB,PSM=0,PLS=0,Temp=27.0C/0.0C,TW=1.80ms,App=5.07ms,GD=0.00ms,CPU&GPU=8.71ms,LCnt=3,GPU%=0.46,CPU%=0.07(W0.10),DSF=1.00
05-15 11:36:17.291 18743 18773 I RCTVR   : Marker tti_explore_react_root: duration=8.518332ms start=11738807.6000059992 end=11738816.118338
05-15 11:36:17.291 18743 18773 I RCTVR   : Marker tti_router_app_initializing: duration=8.632760ms start=11738807.6095889993 end=11738816.2423490006
05-15 11:36:17.294 18743 18773 I RCTVR   : Marker tti_home_where_to_go: duration=11.983644ms start=11738807.6164640002 end=11738819.6001079995
05-15 11:36:17.299  1801  1877 I [OAR] PanelAppAnalytics: First frame latency: 0.557 for id 25 com.oculus.vrshell.home/com.oculus.vrshell.home.ExploreService
05-15 11:36:17.300  1801  1877 I [OAR] PanelRenderLayer: New SurfaceLayer 1328 x 528 (shape: 2)
05-15 11:36:17.302  2122 17626 I VrRuntimeService: nativeCreateTextureSwapChain api:gles 0 0x8c43 1328 528 11 3 1 0 0
05-15 11:36:17.316  2122 17626 I VrRuntimeServer: CreateTextureSwapChain: result importswapchaingles 1
05-15 11:36:17.320 18743 18784 I OVRPlatform: [AndroidPlatformIntegration] Creating shared mic
05-15 11:36:17.321 18743 18784 I libjingle: [000:000] [18784] (WebRtcPeerConnectionFactory.cpp:119): WebRtcPeerConnectionFactory::WebRtcPeerConnectionFactory
05-15 11:36:17.322  1801  1877 I [OAR] PanelAppHost: Setting panel layer visibility of layer "#main" to invisible
05-15 11:36:17.322 18743 18817 I libjingle: [000:001] [18817] (WebRtcPeerConnectionFactory.cpp:98): SetThreadCPUAffinity failed for thread 0, cpu mask 15 err=Invalid argument 22
05-15 11:36:17.322 18743 18818 I libjingle: [000:002] [18818] (WebRtcPeerConnectionFactory.cpp:98): SetThreadCPUAffinity failed for thread 0, cpu mask 15 err=Invalid argument 22
05-15 11:36:17.323 18743 18784 I libjingle: [000:002] [18784] (WebRtcPeerConnectionFactory.cpp:164): WebRtcPeerConnectionFactory::WebRtcPeerConnectionFactory enc 0xd84d8728 dec 0xd47bcb38
05-15 11:36:17.323 18743 18818 D JVM     : AttachCurrentThreadIfNeeded::ctor@[tid=18818]
05-15 11:36:17.323 18743 18818 D JVM     : Attaching thread to JVM
05-15 11:36:17.323 18743 18818 D JVM     : JVM::environment@[tid=18818]
05-15 11:36:17.323 18743 18818 D JVM     : JNIEnvironment::ctor@[tid=18818]
05-15 11:36:17.323 18743 18818 D AudioManager: ctor@[tid=18818]
05-15 11:36:17.323 18743 18818 D JVM     : JNIEnvironment::RegisterNatives(org/webrtc/voiceengine/WebRtcAudioManager)
05-15 11:36:17.323 18743 18818 D JVM     : NativeRegistration::ctor@[tid=18818]
05-15 11:36:17.323 18743 18818 D JVM     : NativeRegistration::NewObject@[tid=18818]
05-15 11:36:17.324 18743 18818 I org.webrtc.Logging: WebRtcAudioManager: ctor@[name=Thread-10, id=184]
05-15 11:36:17.327 18743 18818 I org.webrtc.Logging: WebRtcAudioManager: Sample rate is set to 48000 Hz
05-15 11:36:17.328 18743 18773 I OVRPlatform: [capi] ovr_Voip_GetSystemVoipMicrophoneMuted: caught an OVRPlatformException: Context::Get: Called before context was initialized
05-15 11:36:17.329 18743 18798 W RCTVR_HERMES: [warn]: 'Home', [ 'Failed to get the system VOIP microphone mute state!',
05-15 11:36:17.329 18743 18798 W RCTVR_HERMES:   { message: 'Error getting microphone state' } ]
05-15 11:36:17.329  2142  2162 I GuardianSystem: Guardian: GuardianCmdWithParms 7, 0, 0.000000
05-15 11:36:17.337 18743 18773 D QuickPromotionModule: Initialized and enabled.
05-15 11:36:17.348 18743 18818 I org.webrtc.Logging: WebRtcAudioEffects: canUseAcousticEchoCanceler: true
05-15 11:36:17.351 18743 18818 I org.webrtc.Logging: WebRtcAudioEffects: canUseAutomaticGainControl: false
05-15 11:36:17.357 18743 18818 I org.webrtc.Logging: WebRtcAudioEffects: canUseNoiseSuppressor: true
05-15 11:36:17.357 18743 18798 I RCTVR_HERMES: [info]: QuickExperiments loaded native cached QEs.
05-15 11:36:17.357 18743 18798 I RCTVR_HERMES: [info]: Overrides: [object Object]
05-15 11:36:17.358 18743 18818 D AudioManager: OnCacheAudioParameters@[tid=18818]
05-15 11:36:17.358 18743 18818 D AudioManager: hardware_aec: 1
05-15 11:36:17.358 18743 18818 D AudioManager: hardware_agc: 0
05-15 11:36:17.358 18743 18818 D AudioManager: hardware_ns: 1
05-15 11:36:17.358 18743 18818 D AudioManager: low_latency_output: 1
05-15 11:36:17.358 18743 18818 D AudioManager: sample_rate: 48000
05-15 11:36:17.358 18743 18818 D AudioManager: channels: 1
05-15 11:36:17.358 18743 18818 D AudioManager: output_buffer_size: 192
05-15 11:36:17.358 18743 18818 D AudioManager: input_buffer_size: 1920
05-15 11:36:17.358 18743 18818 D JVM     : GlobalRef::ctor@[tid=18818]
05-15 11:36:17.358 18743 18818 D AudioManager: JavaAudioManager::ctor@[tid=18818]
05-15 11:36:17.358 18743 18818 D JVM     : AttachCurrentThreadIfNeeded::ctor@[tid=18818]
05-15 11:36:17.358 18743 18818 D JVM     : JVM::environment@[tid=18818]
05-15 11:36:17.358 18743 18818 D JVM     : JNIEnvironment::ctor@[tid=18818]
05-15 11:36:17.358 18743 18818 D AudioTrackJni: ctor@[tid=18818]
05-15 11:36:17.358 18743 18818 D JVM     : JNIEnvironment::RegisterNatives(org/webrtc/voiceengine/WebRtcAudioTrack)
05-15 11:36:17.358 18743 18818 D JVM     : NativeRegistration::ctor@[tid=18818]
05-15 11:36:17.358 18743 18818 D JVM     : NativeRegistration::NewObject@[tid=18818]
05-15 11:36:17.359 18743 18818 I org.webrtc.Logging: WebRtcAudioTrack: ctor@[name=Thread-10, id=184]
05-15 11:36:17.359 18743 18818 D JVM     : GlobalRef::ctor@[tid=18818]
05-15 11:36:17.359 18743 18818 D AudioManager: SetActiveAudioLayer(5)@[tid=18818]
05-15 11:36:17.359 18743 18818 D AudioManager: delay_estimate_in_milliseconds: 150
05-15 11:36:17.359 18743 18818 D AudioTrackJni: AttachAudioBuffer@[tid=18818]
05-15 11:36:17.359 18743 18818 D AudioTrackJni: SetPlayoutSampleRate(48000)
05-15 11:36:17.359 18743 18818 D AudioTrackJni: SetPlayoutChannels(1)
05-15 11:36:17.359 18743 18818 I libjingle: [000:038] [18818] (AudioRecordWrapper.cpp:53): Attached an audio buffer to AudioRecordWrapper
05-15 11:36:17.360 18743 18818 I libjingle: [000:040] [18818] (webrtcvoiceengine.cc:246): WebRtc VoiceEngine codecs:
05-15 11:36:17.360 18743 18818 I libjingle: [000:040] [18818] (webrtcvoiceengine.cc:273): ISAC/16000/1 (103)
05-15 11:36:17.360 18743 18818 I libjingle: [000:040] [18818] (webrtcvoiceengine.cc:273): PCMU/8000/1 (0)
05-15 11:36:17.360 18743 18818 I libjingle: [000:040] [18818] (webrtcvoiceengine.cc:273): PCMA/8000/1 (8)
05-15 11:36:17.360 18743 18818 W libjingle: [000:040] [18818] (webrtcvoiceengine.cc:297): Unexpected codec: PCMU/8000/2 (110)
05-15 11:36:17.360 18743 18818 W libjingle: [000:040] [18818] (webrtcvoiceengine.cc:297): Unexpected codec: PCMA/8000/2 (118)
05-15 11:36:17.360 18743 18818 I libjingle: [000:040] [18818] (webrtcvoiceengine.cc:273): ILBC/8000/1 (102)
05-15 11:36:17.360 18743 18818 I libjingle: [000:040] [18818] (webrtcvoiceengine.cc:273): G722/8000/1 (9)
05-15 11:36:17.360 18743 18818 W libjingle: [000:040] [18818] (webrtcvoiceengine.cc:297): Unexpected codec: G722/8000/2 (119)
05-15 11:36:17.360 18743 18818 I libjingle: [000:040] [18818] (webrtcvoiceengine.cc:273): opus/48000/2 (111)
05-15 11:36:17.360 18743 18818 I libjingle: [000:040] [18818] (webrtcvoiceengine.cc:273): CN/8000/1 (13)
05-15 11:36:17.360 18743 18818 I libjingle: [000:040] [18818] (webrtcvoiceengine.cc:273): CN/16000/1 (105)
05-15 11:36:17.360 18743 18818 I libjingle: [000:040] [18818] (webrtcvoiceengine.cc:273): CN/32000/1 (106)
05-15 11:36:17.360 18743 18818 I libjingle: [000:040] [18818] (webrtcvoiceengine.cc:273): telephone-event/8000/1 (126)
05-15 11:36:17.361 18743 18818 I libjingle: [000:040] [18818] (webrtcvoiceengine.cc:273): red/8000/1 (127)
05-15 11:36:17.361 18743 18818 I libjingle: [000:040] [18818] (webrtcvideoengine2.cc:497): WebRtcVideoEngine2::WebRtcVideoEngine2()
05-15 11:36:17.362 18743 18818 I libjingle: [000:041] [18818] (webrtcvoiceengine.cc:551): WebRtcVoiceEngine::Init
05-15 11:36:17.362 18743 18818 I libjingle: [000:041] [18818] (webrtcvoiceengine.cc:575): VoiceEngine 4.1.0
05-15 11:36:17.362 18743 18818 I libjingle: [000:041] [18818] (voe_base_impl.cc:244): Init: An external ADM implementation will be used in VoiceEngine
05-15 11:36:17.362 18743 18818 D AudioManager: Init@[tid=18818]
05-15 11:36:17.362 18743 18818 I org.webrtc.Logging: WebRtcAudioManager: init@[name=Thread-10, id=184]
05-15 11:36:17.363 18743 18818 I org.webrtc.Logging: WebRtcAudioManager: audio mode is: MODE_NORMAL
05-15 11:36:17.363 18743 18818 D AudioTrackJni: Init@[tid=18818]
05-15 11:36:17.363 18743 18818 I libjingle: [000:042] [18818] (webrtcvoiceengine.cc:1066): webrtc: output: available=0
05-15 11:36:17.363 18743 18818 E libjingle: [000:042] [18818] (webrtcvoiceengine.cc:1066): webrtc: stereo playout is not supported
05-15 11:36:17.363 18743 18818 W libjingle: [000:042] [18818] (webrtcvoiceengine.cc:1066): webrtc: Init() failed to set mono/stereo playout mode (error=8090)
05-15 11:36:17.363 18743 18818 I libjingle: [000:042] [18818] (webrtcvoiceengine.cc:1066): webrtc: output: available=0
05-15 11:36:17.363 18743 18818 E libjingle: [000:042] [18818] (webrtcvoiceengine.cc:1066): webrtc: recording in stereo is not supported
05-15 11:36:17.363 18743 18818 W libjingle: [000:042] [18818] (webrtcvoiceengine.cc:1066): webrtc: Init() failed to set mono/stereo recording mode (error=8090)
05-15 11:36:17.363 18743 18818 I libjingle: [000:042] [18818] (webrtcvoiceengine.cc:1066): webrtc: TransmitMixer::SetAudioProcessingModule(audioProcessingModule=0xd7d8db80)
05-15 11:36:17.363 18743 18818 I libjingle: [000:042] [18818] (webrtcvoiceengine.cc:1066): webrtc: OutputMixer::SetAudioProcessingModule(audioProcessingModule=0xd7d8db80)
05-15 11:36:17.363 18743 18818 E libjingle: [000:042] [18818] (voe_base_impl.cc:371): Init: Failed to set agc to enabled: 0
05-15 11:36:17.363 18743 18818 I libjingle: [000:042] [18818] (webrtcvoiceengine.cc:648): ApplyOptions: AudioOptions {aec: true, agc: true, ns: true, hf: true, swap: false, audio_jitter_buffer_max_packets: 50, audio_jitter_buffer_fast_accelerate: false, typing: true, agc_delta: 0, experimental_agc: false, extended_filter_aec: false, delay_agnostic_aec: false, experimental_ns: false, }
05-15 11:36:17.363 18743 18818 I OVRPlatform: [SharedMicrophoneAudioRecord] EnableBuiltInEffect(): called to enable effect 0
05-15 11:36:17.363 18743 18818 I libjingle: [000:042] [18818] (webrtcvoiceengine.cc:722): Disabling EC since built-in EC will be used instead
05-15 11:36:17.363 18743 18818 I libjingle: [000:042] [18818] (webrtcvoiceengine.cc:729): Echo control set to 0 with mode 4
05-15 11:36:17.363 18743 18818 I libjingle: [000:042] [18818] (webrtcvoiceengine.cc:764): Auto gain set to 0 with mode 4
05-15 11:36:17.363 18743 18818 I OVRPlatform: [SharedMicrophoneAudioRecord] EnableBuiltInEffect(): called to enable effect 2
05-15 11:36:17.363 18743 18818 I libjingle: [000:042] [18818] (webrtcvoiceengine.cc:804): Disabling NS since built-in NS will be used instead
05-15 11:36:17.363 18743 18818 I libjingle: [000:042] [18818] (webrtcvoiceengine.cc:811): Noise suppression set to 0 with mode 5
05-15 11:36:17.363 18743 18818 I libjingle: [000:042] [18818] (webrtcvoiceengine.cc:817): High pass filter enabled? 0
05-15 11:36:17.363 18743 18818 I libjingle: [000:042] [18818] (webrtcvoiceengine.cc:825): Stereo swapping enabled? 0
05-15 11:36:17.363 18743 18818 I libjingle: [000:042] [18818] (webrtcvoiceengine.cc:834): NetEq capacity is 50
05-15 11:36:17.363 18743 18818 I libjingle: [000:042] [18818] (webrtcvoiceengine.cc:842): NetEq fast mode? 0
05-15 11:36:17.363 18743 18818 I libjingle: [000:042] [18818] (webrtcvoiceengine.cc:850): Typing detection is enabled? 0
05-15 11:36:17.363 18743 18818 E libjingle: [000:042] [18818] (voe_audio_processing_impl.cc:955): SetTypingDetectionStatus: not supported
05-15 11:36:17.363 18743 18818 W libjingle: [000:042] [18818] (webrtcvoiceengine.cc:854): SetTypingDetectionStatus(0) failed, err=8003
05-15 11:36:17.363 18743 18818 I libjingle: [000:042] [18818] (webrtcvoiceengine.cc:859): Adjust agc delta is 0
05-15 11:36:17.363 18743 18818 I libjingle: [000:042] [18818] (webrtcvoiceengine.cc:1091): Adjusting AGC level from default -3dB to -3dB
05-15 11:36:17.363 18743 18818 I libjingle: [000:042] [18818] (webrtcvoiceengine.cc:870): Delay agnostic aec is enabled? 0
05-15 11:36:17.363 18743 18818 I libjingle: [000:042] [18818] (webrtcvoiceengine.cc:879): Extended filter aec is enabled? 0
05-15 11:36:17.363 18743 18818 I libjingle: [000:042] [18818] (webrtcvoiceengine.cc:888): Experimental ns is enabled? 0
05-15 11:36:17.363 18743 18818 I libjingle: [000:042] [18818] (webrtcvoiceengine.cc:611): WebRtc VoiceEngine codecs:
05-15 11:36:17.363 18743 18818 I libjingle: [000:042] [18818] (webrtcvoiceengine.cc:613): opus/48000/2 (111)
05-15 11:36:17.363 18743 18818 I libjingle: [000:042] [18818] (webrtcvoiceengine.cc:613): ISAC/16000/1 (103)
05-15 11:36:17.363 18743 18818 I libjingle: [000:042] [18818] (webrtcvoiceengine.cc:613): G722/8000/1 (9)
05-15 11:36:17.363 18743 18818 I libjingle: [000:042] [18818] (webrtcvoiceengine.cc:613): ILBC/8000/1 (102)
05-15 11:36:17.363 18743 18818 I libjingle: [000:043] [18818] (webrtcvoiceengine.cc:613): PCMU/8000/1 (0)
05-15 11:36:17.363 18743 18818 I libjingle: [000:043] [18818] (webrtcvoiceengine.cc:613): PCMA/8000/1 (8)
05-15 11:36:17.363 18743 18818 I libjingle: [000:043] [18818] (webrtcvoiceengine.cc:613): CN/32000/1 (106)
05-15 11:36:17.363 18743 18818 I libjingle: [000:043] [18818] (webrtcvoiceengine.cc:613): CN/16000/1 (105)
05-15 11:36:17.363 18743 18818 I libjingle: [000:043] [18818] (webrtcvoiceengine.cc:613): CN/8000/1 (13)
05-15 11:36:17.363 18743 18818 I libjingle: [000:043] [18818] (webrtcvoiceengine.cc:613): red/8000/1 (127)
05-15 11:36:17.363 18743 18818 I libjingle: [000:043] [18818] (webrtcvoiceengine.cc:613): telephone-event/8000/1 (126)
05-15 11:36:17.363 18743 18818 I libjingle: [000:043] [18818] (webrtcvoiceengine.cc:961): Setting microphone to (id=0) and speaker to (id=0)
05-15 11:36:17.363 18743 18818 W libjingle: [000:043] [18818] (webrtcvoiceengine.cc:1066): webrtc: SetRecordingChannel() unable to set the recording channel (error=10028)
05-15 11:36:17.363 18743 18818 E libjingle: [000:043] [18818] (webrtcvoiceengine.cc:1066): webrtc: recording in stereo is not supported
05-15 11:36:17.363 18743 18818 W libjingle: [000:043] [18818] (webrtcvoiceengine.cc:1066): webrtc: SetRecordingDevice() failed to set mono recording mode (error=8090)
05-15 11:36:17.363 18743 18818 E libjingle: [000:043] [18818] (webrtcvoiceengine.cc:1066): webrtc: stereo playout is not supported
05-15 11:36:17.363 18743 18818 W libjingle: [000:043] [18818] (webrtcvoiceengine.cc:1066): webrtc: SetPlayoutDevice() failed to set stereo playout mode (error=8090)
05-15 11:36:17.364 18743 18818 I libjingle: [000:043] [18818] (webrtcvoiceengine.cc:981): Set microphone to (id=0) and speaker to (id=0)
05-15 11:36:17.364 18743 18818 I libjingle: [000:043] [18818] (webrtcvoiceengine.cc:554): WebRtcVoiceEngine::Init Done!
05-15 11:36:17.364 18743 18818 I libjingle: [000:043] [18818] (webrtcvideoengine2.cc:506): WebRtcVideoEngine2::Init
05-15 11:36:17.364 18743 18818 I libjingle: [000:043] [18818] (dtlsidentitystore.cc:53): Generating identity, using keytype 0
05-15 11:36:17.364 18743 18818 I libjingle: [000:043] [18818] (opensslidentity.cc:41): Making key pair
05-15 11:36:17.371 18743 18798 I JniUtils: Using caller's JNIEnv
05-15 11:36:17.371 18743 18798 I RCTVR_HERMES: [info]: GraphQL native prefetch is enabled
05-15 11:36:17.372 18743 18798 I RCTVR_HERMES: [info]: GraphQL disk cache is enabled
05-15 11:36:17.380 18743 18798 I ReactNativeExecutorHermes: Timestamp- markerPoint: 11738905
05-15 11:36:17.380 18743 18798 W RCTVR_HERMES: [warn]: QEData empty or corrupt for sessionless__oculus_horizon_party_live_streaming_universe
05-15 11:36:17.390 18743 18773 D OculusLogger: reportQuickExperimentExposure(sessionless__oculus_mobile_explore_prefetching, test, 102449717587751)
05-15 11:36:17.390 18743 18773 I GraphQLPrefetch: Pushing prefetch responses
05-15 11:36:17.390 18743 18773 D OculusLogger: reportQuickExperimentExposure(sessionless__oculus_store_landing_disk_cache, test, 102449717587751)
05-15 11:36:17.391 18743 18773 D QuickPromotionModule: Set access token.
05-15 11:36:17.396 18743 18773 I RCTVR   : RCTEnvironment
05-15 11:36:17.401 18743 18773 I RCTVR   : Marker tti_router_app: duration=5.086927ms start=11738922.027338 end=11738927.1142650004
05-15 11:36:17.402 18743 18773 I RCTVR   : env default
05-15 11:36:17.410 18743 18773 D OculusLogger: reportQuickExperimentExposure(sessionless__oculus_feed_agency_and_personalization_v2_universe, control, 102449717587751)
05-15 11:36:17.410 18743 18773 D OculusLogger: reportQuickExperimentExposure(sessionless__oculus_explore_preference_customization, test, 102449717587751)
05-15 11:36:17.427 18743 18798 I ReactNativeExecutorHermes: Timestamp- markerPoint: 11738952
05-15 11:36:17.438 18743 18773 D OculusLogger: reportQuickExperimentExposure(sessionless__oculus_mobile_explore_prefetching, test, 102449717587751)
05-15 11:36:17.452 18743 18773 D OculusLogger: reportQuickExperimentExposure(sessionless__oculus_feed_agency_and_personalization_v2_universe, control, 102449717587751)
05-15 11:36:17.466 18743 18773 D OculusLogger: reportQuickExperimentExposure(sessionless__oculus_feed_agency_and_personalization_v2_universe, control, 102449717587751)
05-15 11:36:17.479 18743 18773 D QuickPromotionModule: Signal trigger 'app_foreground'.
05-15 11:36:17.480 18743 18773 D QuickPromotionModule: Enable surface #5643.
05-15 11:36:17.480 18743 18773 D QuickPromotionModule: Enable surface #5259.
05-15 11:36:17.493 18743 18773 D OculusLogger: reportQuickExperimentExposure(sessionless__oculus_explore_preference_customization, test, 102449717587751)
05-15 11:36:17.505 18743 18798 E RCTVR_HERMES: [error]: 'Explore', { error: { [Invariant Violation: Cannot overwrite the party-change callback! Call unsetPartyChangeCallback() before calling setPartyChangeCallback() again.] name: 'Invariant Violation', framesToPop: 1 },
05-15 11:36:17.505 18743 18798 E RCTVR_HERMES:   type: 'vrshell_error' }
05-15 11:36:17.506 18743 18818 I libjingle: [000:185] [18818] (opensslidentity.cc:82): Returning key pair
05-15 11:36:17.506 18743 18818 I libjingle: [000:185] [18818] (opensslidentity.cc:89): Making certificate for WebRTC
05-15 11:36:17.508 18743 18818 I libjingle: [000:187] [18818] (opensslidentity.cc:137): Returning certificate
05-15 11:36:17.509 18743 18784 I OVRPlatform: [AndroidPlatformIntegration] Cached SystemVoipState wasn't set, explicitly requesting
05-15 11:36:17.509 18743 18784 I OVRPlatform: [RequestStopwatch] AndroidFinishInitialization took 434.0210 milliseconds
05-15 11:36:17.509 18743 18784 I OVRPlatform: [RequestStopwatch] AndroidAsyncInitRequest took 434.3620 milliseconds
05-15 11:36:17.513  1755  1880 I OVRPlatform: [PartiesAPI] ovr_Party_PluginGetSharedMemHandle: This function is deprecated, do not use
05-15 11:36:17.513 18743 18786 I OVRPlatform: [P2PNetworkTransport] SystemVoip state changed, updating mute
05-15 11:36:17.530 18743 18807 I RCTVRNET: Request complete: time=334 name=unknown docid= traceid=GpADFvGT1RX code=200
05-15 11:36:17.536 18743 18798 I RCTVR_HERMES: [info]: Got available data for docid=2730171627063766 from native prefetch
05-15 11:36:17.538 18743 18798 I RCTVR_HERMES: [info]: Got available data for docid=2886345294781084 from native prefetch
05-15 11:36:17.559 18743 18773 I RCTVRNET: Network data cache path: /data/user/0/com.oculus.vrshell.home/cache
05-15 11:36:17.561 18743 18828 I OVR_MemBuffer: Couldn't open assets/oculus-apps-native/VrShell/Home/assets/icons/settings_32x32.ktx: No such file or directory
05-15 11:36:17.562 18743 18773 I RCTVR   : Marker tti_explore_panel_contents: duration=13.148749ms start=11739074.1404480003 end=11739087.2891969997
05-15 11:36:17.562 18743 18773 I RCTVR   : Marker tti_explore_panel: duration=12.474895ms start=11739074.9399270006 end=11739087.4148219991
05-15 11:36:17.562 18743 18773 I RCTVR   : Allocated offscreen texture 5, size 792x64
05-15 11:36:17.563 18743 18829 I OVR_MemBuffer: Couldn't open assets/src/ocicon/assets/oc_icon_apps_filled_2_24_d2d3d4.png: No such file or directory
05-15 11:36:17.565 18743 18830 I OVR_MemBuffer: Couldn't open assets/src/ocicon/assets/oc_icon_search_outline_2_24_d2d3d4.png: No such file or directory
05-15 11:36:17.566 18743 18828 I OVR_MemBuffer: Couldn't open assets/src/ocicon/assets/oc_icon_home_outline_2_24_d2d3d4.png: No such file or directory
05-15 11:36:17.573  1801  1877 I [OAR] PanelAppHost: Setting panel layer visibility of layer "#main" to visible
05-15 11:36:17.574 18743 18807 I RCTVRNET: Request complete: time=214 name=unknown docid= traceid=BjrtXiK06Nm code=200
05-15 11:36:17.610 18743 18807 I RCTVRNET: Request complete: time=68 name=OCRelayNetwork_ExploreWidgetsQueryRendererQuery docid=2777260702387851 traceid=DpbzQomng3e code=200
05-15 11:36:17.616 18743 18807 I RCTVRNET: Request complete: time=75 name=OCRelayNetwork_FBLinkActionsRefreshFBLinkedStatusQuery docid=2464161093633584 traceid=DpIKlfGjsiI code=200
05-15 11:36:17.619  1755  3503 I ExternalPlatformNetwork: access token acquired for pkg 'com.oculus.vrshell.home'
05-15 11:36:17.626 18743 18807 I RCTVRNET: Request complete: time=84 name=OCRelayNetwork_DiscoStoryPostConsumptionFeedbackControllerQuery docid=2505891649502893 traceid=B35dUHXKlem code=200
05-15 11:36:17.626 18743 18785 I OVRPlatform: [RequestStopwatch] AccessTokenRequest took 118.2200 milliseconds
05-15 11:36:17.628 18743 18773 I OCPlatformModule: timestamp accessTokenRequestID
05-15 11:36:17.628 18743 18773 I RCTVR   : Marker access_token_request_start: duration=471.867422ms start=11738129 end=11738600.8674219996
05-15 11:36:17.628 18743 18773 I RCTVR   : Marker access_token_request_end: duration=1024.759815ms start=11738129 end=11739153.759815
05-15 11:36:17.628 18743 18773 I AccessTokenForwarderModule: Forwarding token
05-15 11:36:17.628 18743 18773 D AccessTokenForwarder: Get access token
05-15 11:36:17.650 18743 18773 I HomeApplication: onAccessToken
05-15 11:36:17.672  1755 18841 I FbnsPushNotificationHandler: {"persisted_id":"","ndid":"12fcfb49-d744-45f4-a4e0-2bd84b988034G5a5ac41f17f2aG5d2d6f062f27G1fc0","extra_data":"{\"user_with_updated_status\":\"102449717587751\",\"presence\":\"Home | Quest\",\"app_id\":1481000308606657,\"friend_display_name\":\"Pau Fenollosa \\u00c1ngeles\"}","PushNotifID":"12fcfb49-d744-45f4-a4e0-2bd84b988034"}
05-15 11:36:17.672  1755 18841 I NotificationReceiver: oculus_user_status
05-15 11:36:17.682  1755 18841 I NotificationReceiver: Notification cannot be toasted without a message. Hiding notif
05-15 11:36:17.709 18743 18807 I RCTVRNET: Request complete: time=72 name=OCRelayNetwork_DiscoStoryPostConsumptionFeedbackControllerRefetchQuery docid=2601879749832318 traceid=EdaQyJHGOWz code=200
05-15 11:36:17.728 18743 18807 I RCTVRNET: Request complete: time=367 name=unknown docid= traceid=CWBfA4Jx1gn code=200
05-15 11:36:17.757 18743 18807 I RCTVRNET: Request complete: time=72 name=OCRelayNetwork_ExploreWidgetsQueryRendererRefetchQuery docid=3281481848536696 traceid=B8L8VMU82uZ code=200
05-15 11:36:17.780   714 18465 I [CT]    : HealthReport: ==================================================
05-15 11:36:17.780   714 18465 I [CT]    : Health Report
05-15 11:36:17.780   714 18465 I [CT]    : -------------
05-15 11:36:17.780   714 18465 I [CT]    : 
05-15 11:36:17.780   714 18465 I [CT]    : Reporter #1 (InsideOutHealthMonitor) summary:
05-15 11:36:17.780   714 18465 I [CT]    : Camera: Total Dropped: 0.000000, Total Frame Count: 1300 (0.000000%), Camera Reset Count: 0
05-15 11:36:17.780   714 18465 I [CT]    : Camera: Total Single Camera Frame Dropped: 0, Total Frame Count: 1300 (0.000000%)
05-15 11:36:17.780   714 18465 I [CT]    : IMU: Total Dropped: 0.000000, Total Sample Count: 52225 (0.000000%)
05-15 11:36:17.780   714 18465 I [CT]    : Magnetometer: Total Dropped: 0.000000, Total Sample Count: 1567 (0.000000%)
05-15 11:36:17.780   714 18465 I [CT]    : 
05-15 11:36:17.780   714 18465 I [CT]    : Reporter #1 (InsideOutHealthMonitor) Passed
05-15 11:36:17.780   714 18465 I [CT]    : --------------------------------------------------
05-15 11:36:17.780   714 18465 I [CT]    : Reporter #2 (ConstellationHealthMonitor) summary:
05-15 11:36:17.780   714 18465 I [CT]    : Camera: Total Dropped: 0.000000, Total Frame Count: 1301 (0.000000%), Camera Reset Count: 1
05-15 11:36:17.780   714 18465 I [CT]    : Camera: Total Single Camera Frame Dropped: 0, Total Frame Count: 1301 (0.000000%)
05-15 11:36:17.780   714 18465 I [CT]    : Controller 4212769887286730484:
05-15 11:36:17.780   714 18465 I [CT]    : IMU: Capture period exceeded threshold.  Largest period: 4.026115 sec
05-15 11:36:17.780   714 18465 I [CT]    : Controllers may have been sleeping
05-15 11:36:17.780   714 18465 I [CT]    : IMU: Total Dropped: 0.000000, Total Sample Count: 24172.638000 (0.000000%)
05-15 11:36:17.780   714 18465 I [CT]    : Controller 7745273921483883046:
05-15 11:36:17.780   714 18465 I [CT]    : I
05-15 11:36:17.798  2142  2163 I GuardianSystem: Guardian: GuardianCmdWithParms 7, 1, 0.000000
05-15 11:36:17.901 18743 18807 I RCTVRNET: Request complete: time=360 name=OCRelayNetwork_ExploreToolbarQuery docid=2676668749061903 traceid=EpJgiN/GuwP code=200
05-15 11:36:18.039  1050  1153 W InputDispatcher: channel 'b219995 com.YourCompany.ToysGame/com.epicgames.ue4.GameActivity (server)' ~ Consumer closed input channel or an error occurred.  events=0x9
05-15 11:36:18.040  1050  1153 E InputDispatcher: channel 'b219995 com.YourCompany.ToysGame/com.epicgames.ue4.GameActivity (server)' ~ Channel is unrecoverably broken and will be disposed!
05-15 11:36:18.041  2142  2162 D VrGuardianService: VrGuardianService: binderDied: com.YourCompany.ToysGame
05-15 11:36:18.041  2122  2140 D VrRuntimeService: VrRuntimeService: binderDied: com.YourCompany.ToysGame
05-15 11:36:18.041  2122  2140 D VrRuntimeService: VrRuntimeService: destroyClientInternal: com.YourCompany.ToysGame, pid: 18296, window: null
05-15 11:36:18.041  2122  2140 I ClientMgr: ClientMgr::DestroyClient: 18296:com.YourCompany.ToysGame
05-15 11:36:18.042  2122  2140 I ClientMgr: ClientMgr::DestroyClient Destroying 2 swapchains for 18296:com.YourCompany.ToysGame
05-15 11:36:18.042  2122  2140 I ClientMgr: ClientMgr::DestroyClient: non-deferred ShutdownResources: 2697 == 2697 
05-15 11:36:18.042  2122  2140 I BufferObject: ovrBufferObjectFactory::Shutdown
05-15 11:36:18.042  2122  2140 I BufferObject: ovrBufferObjectFactory: closing fd=102
05-15 11:36:18.042  2122  2140 I BufferObject: ovrBufferObjectFactory: unmapping Vulkan memory
05-15 11:36:18.042  2122  2140 I BufferObject: ovrBufferObjectFactory: destroying Vulkan buffer=547213998592
05-15 11:36:18.042  2122  2140 I BufferObject: ovrBufferObjectFactory: freeing Vulkan memory=547160066752
05-15 11:36:18.043  1050  1481 I WindowManager: WIN DEATH: Window{f804585 u0 SurfaceView - com.YourCompany.ToysGame/com.epicgames.ue4.GameActivity}
05-15 11:36:18.044  1050  5142 I ActivityManager: Process com.YourCompany.ToysGame (pid 18296) has died
05-15 11:36:18.044  1050  5142 D ActivityManager: cleanUpApplicationRecord -- 18296
05-15 11:36:18.045  1050  1515 D ConnectivityService: ConnectivityService NetworkRequestInfo binderDied(NetworkRequest [ LISTEN id=15, [ Capabilities: NOT_RESTRICTED&TRUSTED&NOT_VPN&FOREGROUND] ], android.os.BinderProxy@8aa4fda)
05-15 11:36:18.046  1050  1548 D GraphicsStats: Buffer count: 3
05-15 11:36:18.047  1050  1198 E ConnectivityService: RemoteException caught trying to send a callback msg for NetworkRequest [ LISTEN id=15, [ Capabilities: NOT_RESTRICTED&TRUSTED&NOT_VPN&FOREGROUND] ]
05-15 11:36:18.052  1050  1075 I WindowManager: WIN DEATH: Window{b219995 u0 com.YourCompany.ToysGame/com.epicgames.ue4.GameActivity}
