05-06 12:48:55.304  5294  5294 D UE4     : [GameActivity] ==============> GameActive.onPause complete!
05-06 12:48:55.304  5294  5312 D UE4     : Case APP_CMD_PAUSE
05-06 12:48:55.304  5294  5312 D UE4     : [2020.05.06-10.48.55:304][662]LogAndroid: Case APP_CMD_PAUSE
05-06 12:48:55.304  5294  5312 D UE4     : LogAndroidEvents::EnqueueAppEvent : 6, [width=-1, height=-1], tid = 5312, APP_EVENT_STATE_ON_PAUSE
05-06 12:48:55.304  5294  5312 D UE4     : [2020.05.06-10.48.55:304][662]LogAndroid: event thread, suspending app, acquiring HW window lock.
05-06 12:48:55.304  5294  5312 D UE4     : LogAndroidEvents::EnqueueAppEvent : 15, [width=-1, height=-1], tid = 5312, APP_EVENT_RUN_CALLBACK
05-06 12:48:55.304  5294  5312 D UE4     : [2020.05.06-10.48.55:304][662]LogAndroid: AndroidEGL::  SuspendApp_EventThread, waiting for event manager to process. tid: 5312
05-06 12:48:55.305  2119  5440 V Appshot : Appshot client set to com.YourCompany.ToysGame
05-06 12:48:55.305  2119  5440 I CaptureSurfaceManager: Capture NativeWindow: 768 x 768 fmt 1
05-06 12:48:55.305  2119  5440 I CaptureSurfaceManager: Surface Size 768x768
05-06 12:48:55.309  5294  5311 D UE4     : [2020.05.06-10.48.55:309][663]LogAndroidEvents: Display: LogAndroidEvents::DequeueAppEvent : 6, [width=-1, height=-1], APP_EVENT_STATE_ON_PAUSE
05-06 12:48:55.309  5294  5311 D UE4     : FAppEventManager::Tick processing, 6
05-06 12:48:55.309  5294  5311 D UE4     : [2020.05.06-10.48.55:309][663]LogVulkanRHI: FVulkanPipelineStateCacheManager: skipped saving because we only save if the PSOFC based one failed to load.
05-06 12:48:55.309  5294  5311 D UE4     : [2020.05.06-10.48.55:309][663]LogAndroidEvents: Display: LogAndroidEvents::DequeueAppEvent : 15, [width=-1, height=-1], APP_EVENT_RUN_CALLBACK
05-06 12:48:55.309  5294  5311 D UE4     : FAppEventManager::Tick processing, 15
05-06 12:48:55.309  5294  5311 D UE4     : [2020.05.06-10.48.55:309][663]LogAndroidEvents: Display: Event thread callback running.
05-06 12:48:55.309  5294  5311 D UE4     : [2020.05.06-10.48.55:309][663]LogAndroid: performing app backgrounding callback. 0x7f38f15f20
05-06 12:48:55.311  2119  5440 I Distortion: SetLensPositions - iad=0.063, left offset=0.000250001,0, right offset=-0.000250001,0
05-06 12:48:55.311  2119  5440 I DistortionMesh: LoadDistortionMeshFromMemory
05-06 12:48:55.312  2119  5440 I TimeWarpProgs: loaded binary layerProgram 2:0x8087:0x0 in 0.6 ms
05-06 12:48:55.329  1777  2468 E Parcel  : Reading a NULL string not supported here.
05-06 12:48:55.329  1777  1796 E Parcel  : Reading a NULL string not supported here.
05-06 12:48:55.329  1826  1826 D [OAR] MainActivity: onNewIntent()
05-06 12:48:55.329  1777  1796 E Parcel  : Reading a NULL string not supported here.
05-06 12:48:55.329  1826  1887 I [OAR] ShellApp: 0xe18e5358 msg: intent
05-06 12:48:55.329  1826  1887 I [OAR] SystemUXController: System UX, targetComponent = systemux://dialog/exit, uri = , returnComponent = com.YourCompany.ToysGame/com.epicgames.ue4.GameActivity
05-06 12:48:55.329  1826  1887 I [OAR] DialogControllerManager: Dialog parsed URI, scheme = systemux, host = dialog, path = exit
05-06 12:48:55.329  1826  1887 I [OAR] DialogControllerManager: Queuing pending dialog systemux://dialog/exit - command uri systemux://dialog/exit
05-06 12:48:55.329  1826  1887 I [OAR] SystemUXController: Registering pending Dialog launch for 10 - overwriting existing launch? false.
05-06 12:48:55.330  1777  1890 E Parcel  : Reading a NULL string not supported here.
05-06 12:48:55.330  1777  2808 E Parcel  : Reading a NULL string not supported here.
05-06 12:48:55.330  1777  1796 D AudioRecord: updateAppOpsRecordAudio: checkOp OP_RECORD_AUDIO for com.oculus.horizon returns: 0 (ALLOWED)
05-06 12:48:55.330  1777  2808 D AudioRecord: updateAppOpsRecordAudio: checkOp OP_RECORD_AUDIO for com.oculus.horizon returns: 0 (ALLOWED)
05-06 12:48:55.330  1777  1890 D AudioRecord: updateAppOpsRecordAudio: checkOp OP_RECORD_AUDIO for com.oculus.horizon returns: 0 (ALLOWED)
05-06 12:48:55.333  1777  1889 E Parcel  : Reading a NULL string not supported here.
05-06 12:48:55.333  1777  1796 E Parcel  : Reading a NULL string not supported here.
05-06 12:48:55.334  1777  1947 E Parcel  : Reading a NULL string not supported here.
05-06 12:48:55.334  1777  1794 E Parcel  : Reading a NULL string not supported here.
05-06 12:48:55.335  1777  1889 D AudioRecord: updateAppOpsRecordAudio: checkOp OP_RECORD_AUDIO for com.oculus.horizon returns: 0 (ALLOWED)
05-06 12:48:55.336  1777  2468 E Parcel  : Reading a NULL string not supported here.
05-06 12:48:55.338  1777  1947 D AudioRecord: updateAppOpsRecordAudio: checkOp OP_RECORD_AUDIO for com.oculus.horizon returns: 0 (ALLOWED)
05-06 12:48:55.338  1777  2468 D AudioRecord: updateAppOpsRecordAudio: checkOp OP_RECORD_AUDIO for com.oculus.horizon returns: 0 (ALLOWED)
05-06 12:48:55.340  1826  1826 D [OAR] MainActivity: onResume()
05-06 12:48:55.342  5294  5340 E Parcel  : Reading a NULL string not supported here.
05-06 12:48:55.342  5294  5340 D AudioTrack: updateAppOpsPlayAudio: checkOp OP_PLAY_AUDIO for com.YourCompany.ToysGame returns: 1 (IGNORED)
05-06 12:48:55.342  5294  5340 I AudioTrack: updateAppOpsPlayAudio: pausing audio thread
05-06 12:48:55.342  5294  5340 E Parcel  : Reading a NULL string not supported here.
05-06 12:48:55.343  5294  5340 D AudioTrack: updateAppOpsPlayAudio: checkOp OP_PLAY_AUDIO for com.YourCompany.ToysGame returns: 1 (IGNORED)
05-06 12:48:55.343  5294  5340 E Parcel  : Reading a NULL string not supported here.
05-06 12:48:55.345  1826  1887 I [OAR] ShellApp: 0xe18e5358 msg: resume
05-06 12:48:55.360  2119  5445 V Appshot : SendAppshotToShell
05-06 12:48:55.383  1826  1826 D [OAR] MainActivity: com.oculus.vrshell.MainActivity@8f01bfd surfaceCreated()
05-06 12:48:55.383  1826  1826 I [OAR] ShellMain:     looperMessageQueue->PostPrintf("surfaceCreated 0xe8458008")
05-06 12:48:55.383  1826  1826 D [OAR] MainActivity: com.oculus.vrshell.MainActivity@8f01bfd surfaceChanged() format: 4 width: 2880 height: 1600
05-06 12:48:55.383  1826  1826 I [OAR] ShellMain:     ANativeWindow_release(newNativeWindow)
05-06 12:48:55.383  1826  1887 I [OAR] ShellApp: 0xe18e5358 msg: surfaceCreated 0xe8458008
05-06 12:48:55.383  1826  1887 I [OAR] ShellApp: ---------- ShellApp::EnterVrMode() ----------
05-06 12:48:55.383  1826  1887 I [OAR] VrPlatformVrApi: vrapi_EnterVrMode()
05-06 12:48:55.383  1826  1887 I VrApi   : ---------- vrapi_EnterVrMode [start] ----------
05-06 12:48:55.383  1826  1887 I VrRuntimeClient: Tracing is disabled
05-06 12:48:55.384  1826  1887 D VrApi   : targetSDKVersion 27
05-06 12:48:55.385  1826  1887 I VrRuntimeClient: DEVICE MODEL NUMBER = Quest
05-06 12:48:55.386  1826  1887 I VrRuntimeClient: DEVICE HARDWARE = monterey
05-06 12:48:55.386  1826  1887 I VrRuntimeClient: DEVICE BUILD NAME = user-602380.24900.0
05-06 12:48:55.386  1826  1887 I VrRuntimeClient: DEVICE BUILD TYPE = user
05-06 12:48:55.386  1826  1887 I VrRuntimeClient: DEVICE OS VERSION = 7.1.1
05-06 12:48:55.386  1826  1887 I VrRuntimeClient: VRRUNTIME VERSION = VRAPI_VERSION_BEGIN { 1.1.33.0-210938873-210938873 Apr 24 2020 16:11:35 Development } RELEASE
05-06 12:48:55.386  1826  1887 I VrRuntimeClient: API LOADER VERSION = 1.1.30.0
05-06 12:48:55.386  1826  1887 I VrRuntimeClient: VRDRIVER VERSION = 16.0.0.141.450
05-06 12:48:55.386  1826  1887 I VrRuntimeClient: APP NAME = Oculus App Runtime
05-06 12:48:55.386  1826  1887 I VrRuntimeClient: APP VERSION = 16.0.0.139.450 versionCode 210946745 internalVersionName 16.0.0.139.450.670c400f6e52 2020_04_24_17_36
05-06 12:48:55.386  1826  1887 I VrRuntimeClient: APP VR TYPE = vr_only
05-06 12:48:55.386  1826  1887 I VrRuntimeClient: APP PACKAGE NAME = com.oculus.vrshell
05-06 12:48:55.386  1826  1887 I VrRuntimeClient: APP ACTIVITY CLASS = com.oculus.vrshell.MainActivity
05-06 12:48:55.386  1826  1887 D BatteryReceiver: Registering battery receiver
05-06 12:48:55.387  5294  5561 D UE4     : *** JavaEnvDestructor: 5561
05-06 12:48:55.393  2119  5440 I Clocks  : SetSchedFifo( tid=5311, pri=0 ) succeeded
05-06 12:48:55.395  2119  5440 I Clocks  : SetSchedFifo( tid=5570, pri=0 ) succeeded
05-06 12:48:55.395  1826  1887 D HeadsetReceiver: getCurrentHeadsetState: false
05-06 12:48:55.395  1826  1887 I DeviceStatus_Android: nativeHeadsetEvent(0)
05-06 12:48:55.396  2119  5440 I Clocks  : SetSchedFifo( tid=5572, pri=0 ) succeeded
05-06 12:48:55.397  2119  5440 I Clocks  : SetSchedFifo( tid=2403, pri=0 ) succeeded
05-06 12:48:55.397  1826  1887 I VrRuntimeClient: DEADRECKONING SetControllerTrackingExtendedDeadreckoning 0
05-06 12:48:55.397  1826  1887 D InputHooksJava: Enabling Java Input Hooks
05-06 12:48:55.397  1826  1887 I InputDeviceManager: ovrInputDeviceManager::Initialize
05-06 12:48:55.397  1826  1887 I InputDeviceManager: HANDTRACKING packagename is com.oculus.vrshell
05-06 12:48:55.398  1826  1887 W InputDeviceManager: HANDTRACKING: Deprecated Manifest Permission request for com.oculus.vrshell please update to 'com.oculus.permission.HAND_TRACKING'
05-06 12:48:55.399  1826  1887 I InputDeviceManager: HANDTRACKING: Manifest Permission request for com.oculus.vrshell
05-06 12:48:55.400  1826  1887 I InputDeviceManager: HANDTRACKING:  'com.oculus.vrshell' Is hands or controller.
05-06 12:48:55.400  1826  1887 I InputDeviceManager: HANDTRACKING: feature flag set to 2
05-06 12:48:55.400  1826  1887 I VrRuntimeClient: HANDTRACKING sethandmanifest 2
05-06 12:48:55.403  2119  2146 I ScreenCaptureBase: GlobalInhibitState=0
05-06 12:48:55.405  1826  1887 D TrackingServiceConnectionNative: onClientConnect
05-06 12:48:55.405  1826  1887 D BinderConnection: Connecting to TrackingService
05-06 12:48:55.406  1826  1887 D TrackingServiceConnectionNative: onConnected
05-06 12:48:55.407   707  2502 I TrackingService: TrackingService::getSharedMemoryFileDescriptor
05-06 12:48:55.409  1826  1887 I TrackingServiceClient: OVR::TrackingService::ClientSetInterface
05-06 12:48:55.409  1826  1887 I TrackingServiceClient: TrackingService client: roFd(86)
05-06 12:48:55.409  1826  1887 I TrackingServiceClient: TrackingService client: connected to interface version 11.
05-06 12:48:55.409  1826  1887 I TrackingServiceClient: TrackingService client: last prediction time is 0.004944 seconds old
05-06 12:48:55.409  1826  1887 I TrackingServiceClient: TrackingService client: provided by pid=707
05-06 12:48:55.409   707   819 I TrackingService: TrackingService::registerClient
05-06 12:48:55.409   707   819 I TrackingService: Registering client with TrackingServiceHost
05-06 12:48:55.410   707   819 I TrackingService: Notifying client pid 1826 of new remote 3a76c3e46c301ef4
05-06 12:48:55.410  1826  1887 D TrackingServiceClient: TrackingServiceClient onRemoteConnected 3a76c3e46c301ef4
05-06 12:48:55.411   707   819 I TrackingService: Notifying client pid 1826 of new remote 6b7cbd986a24c226
05-06 12:48:55.411  1826  1887 D TrackingServiceClient: TrackingServiceClient onRemoteConnected 6b7cbd986a24c226
05-06 12:48:55.412  2119  2119 D VrRuntimeService: onFocusedWindowChanged: focusedWindowToken=android.os.BinderProxy@1bb158, focusedWindowUid=10028
05-06 12:48:55.412  2119  2119 W ClientMgr: ClientMgr::SetPrimaryCompositorClient: No active client
05-06 12:48:55.412   707   819 I TrackingService: TrackingServiceHost GetSharedMemoryFileDescriptor for client pid 1826
05-06 12:48:55.412   707   819 I TrackingService: TrackingServiceHost registered common client; there are 0 secure clients
05-06 12:48:55.412  1826  1887 I TrackingServiceClient: ClientConnectComplete
05-06 12:48:55.412  1826  1887 I VrApi   : ovrModeParms::VRAPI_MODE_FLAG_RESET_WINDOW_FULLSCREEN = 1
05-06 12:48:55.412  1826  1887 I VrApi   : ovrModeParms::VRAPI_MODE_FLAG_NATIVE_WINDOW = 1
05-06 12:48:55.412  1826  1887 I VrApi   : ovrModeParms::VRAPI_MODE_FLAG_FRONT_BUFFER_PROTECTED = 0
05-06 12:48:55.412  1826  1887 I VrApi   : ovrModeParms::VRAPI_MODE_FLAG_FRONT_BUFFER_565 = 0
05-06 12:48:55.412  1826  1887 I VrApi   : ovrModeParms::VRAPI_MODE_FLAG_FRONT_BUFFER_SRGB = 1
05-06 12:48:55.412  1826  1887 I VrApi   : ovrModeParms::VRAPI_MODE_FLAG_CREATE_CONTEXT_NO_ERROR = 0
05-06 12:48:55.412  1826  1887 I VrApi   : HMD sensor attached.
05-06 12:48:55.413  1826  1887 I VrApi   : Client side frame sync enabled
05-06 12:48:55.413  2119  2119 I VrRuntimeServer: SetCompositorClientEnabled client(0): enabled(0) 0x0
05-06 12:48:55.414  1826  1887 I DynamicClocks: cpu-freq(0): 979200Hz
05-06 12:48:55.414  1826  1887 I DynamicClocks: cpu-freq(1): 1344000Hz
05-06 12:48:55.414  1826  1887 I DynamicClocks: cpu-freq(2): 1651200Hz
05-06 12:48:55.414  1826  1887 I DynamicClocks: cpu-freq(3): 1958400Hz
05-06 12:48:55.414  1826  1887 I DynamicClocks: cpu-freq(4): 2304000Hz
05-06 12:48:55.414  1826  1887 I DynamicClocks: gpu-freq(0): 257000000Hz
05-06 12:48:55.415  1826  1887 I DynamicClocks: gpu-freq(1): 342000000Hz
05-06 12:48:55.415  1826  1887 I DynamicClocks: gpu-freq(2): 414000000Hz
05-06 12:48:55.415  1826  1887 I DynamicClocks: gpu-freq(3): 515000000Hz
05-06 12:48:55.415  1826  1887 I DynamicClocks: gpu-freq(4): 670000000Hz
05-06 12:48:55.415  1826  1887 I DynamicClocks: gpu-freq(5): 710000000Hz
05-06 12:48:55.415  1826  1887 D VrRuntimeClient: pokeGuardianUserServiceForThisClient: com.oculus.vrshell:10028
05-06 12:48:55.424  1826  1887 D VrRuntimeClient: VrRuntimeClient: enableRendering: activity client
05-06 12:48:55.424  1826  1887 D VrRuntimeClient: VrRuntimeClient: enableRendering: Using clientWindow=android.os.BinderProxy@b3ff187
05-06 12:48:55.425  2134  2134 D VrGuardianUserService: onStartCommandIntent { act=FOREGROUND_CLIENT cmp=com.oculus.systemdriver/com.oculus.vrguardianservice.VrGuardianUserService (has extras) }
05-06 12:48:55.436  2119  2119 W ClientMgr: ClientMgr::SetFocusedClient: No focused client
05-06 12:48:55.436  2119  2119 I TimeWarp: ReleaseClockLevels
05-06 12:48:55.436  2119  2296 I VrRuntimeServer: SetCompositorClientEnabled client(2): enabled(1) 0x7f876ce0e8
05-06 12:48:55.436  2119  2152 I ClientMgr: ClientMgr::SetPrimaryCompositorClient: com.oculus.vrshell
05-06 12:48:55.436  2119  2152 I VrRuntimeServer: SetCompositorClientEnabled client(0): enabled(1) 0x7f6e208010
05-06 12:48:55.436  2119  2152 I ClientMgr: ClientMgr::SetFocusedClient: com.oculus.vrshell type 0
05-06 12:48:55.436  2119  2152 D VrRuntimeService: this client: 1826:com.oculus.vrshell
05-06 12:48:55.436  2119  2152 D VrRuntimeService: enableRendering: clientWindow: android.os.BinderProxy@1bb158 enable: true
05-06 12:48:55.436  2119  2152 I ClientMgr: ClientMgr::EnableRendering 1826:com.oculus.vrshell : type 0 : enable
05-06 12:48:55.436  2119  2152 I VrRuntimeServer: SetCompositorClientEnabled client(0): enabled(1) 0x7f6e208010
05-06 12:48:55.436  2119  2152 I TimeWarp: CheckDebuggerConnected: debugger 0
05-06 12:48:55.437  1826  1887 I VrRuntimeClient: CreateWarp: ImportGles: Fd=64, BufferSize=4096, AllocSize=9028
05-06 12:48:55.437  1826  1887 I VrRuntimeClient: CreateWarp: ImportGles: bo.Gl.BufferId=253, bo.Gl.MemoryObject=21
05-06 12:48:55.438  2134  2186 I GuardianSystem: rsapi_PollEvent: rsEventPackageNameChange: com.oculus.vrshell
05-06 12:48:55.438  2134  2186 I GuardianSystem: SetCurrentPackageName: com.oculus.vrshell, previous PackageName: com.YourCompany.ToysGame
05-06 12:48:55.444  2119  5440 I TimeWarp: UpdateClockLevels: Force releasing clocks
05-06 12:48:55.444  2119  5440 I TimeWarp: UpdateClockLevels: Apply pending clock request change: 4,4 -> -1,-1
05-06 12:48:55.444  2119  5434 I Clocks  : ReleaseClocks - start
05-06 12:48:55.446   710  4658 D         : CPU_CLUSTER_0: No client requests exists, release clocks
05-06 12:48:55.446   710  4658 D         : CPU_CLUSTER_1: No client requests exists, release clocks
05-06 12:48:55.446   710  4658 D         : GPU: No client requests exists, release clocks
05-06 12:48:55.446   710  4658 D         : CPUBW: No client requests exists, release clocks
05-06 12:48:55.447  2119  5434 I Clocks  : ReleaseClocks - end (3.1 ms)
05-06 12:48:55.448  2119  2296 I ClientMgr: Non-overlay clients rendering status has changed: prev=30, curr=31, enabled=3
05-06 12:48:55.449  1826  1887 I ScreenCaptureHelper: Advertising com.oculus.vrshell as streamable
05-06 12:48:55.451  2119  5440 W TimeWarp: WarpToScreen: No completed frames to display for client 0. submittedFrameIndex = 4037
05-06 12:48:55.451  1826  1887 I VrApi   : OVR::Stats thread started
05-06 12:48:55.452  1826  1887 I VrApi   : ---------- vrapi_EnterVrMode [end] ----------
05-06 12:48:55.452  1826  1887 I ClientInputSettings: SetInhibitHandleHomeKey = true
05-06 12:48:55.452  1826  1887 I ClientInputSettings: InhibitConfirmQuitMenu = true
05-06 12:48:55.452  1826  1887 I ClientInputSettings: ReorientHMDOnControllerRecenter = true
05-06 12:48:55.452  1826  1887 I [OAR] ShellApp: Setting clock levels to cpu=2, gpu=4
05-06 12:48:55.452  1826  1887 I [OAR] VrPlatformVrApi: Setting perf thread tids to main=1887, render=unset
05-06 12:48:55.452  1826  1887 I [OAR] ShellApp: Setting perf thread tids to main=1887, render=unset
05-06 12:48:55.452  1826  1887 I [OAR] Compositor: Initializing Compositor: 1216x1344
05-06 12:48:55.452  1826  1887 I [OAR] ShellApp: FramebufferIsSrgb: true
05-06 12:48:55.452  1826  1887 I ScreenCaptureHelper: SetScreenCaptureInhibitFlag : inhibited
05-06 12:48:55.452  2119  2588 I ScreenCaptureBase: GlobalInhibitState=0
05-06 12:48:55.452  1826  1887 I [OAR] PlatformManager: Resuming live stream
05-06 12:48:55.454  2110  2127 E Security-LocalReporter: UID '10043' is shared by multiple packages: [com.oculus.home, com.oculus.horizon]
05-06 12:48:55.455  1826  1887 I libOpenSLES: Emulating old channel mask behavior (ignoring positional mask 0x3, using default mask 0x3 based on channel count of 2)
05-06 12:48:55.456   547  1181 I AudioPolicyManagerCustom: offload disabled by audio.offload.disable=1
05-06 12:48:55.456   547  1181 I AudioPolicyManagerCustom: Direct PCM is disabled for this request
05-06 12:48:55.458   547  1180 W AudioFlinger: createTrack_l(): mismatch between requested flags (00000104) and output flags (00000006)
05-06 12:48:55.459  2119  5440 I TimeWarp: UpdateClockLevels: Apply pending clock request change: -1,-1 -> 4,4
05-06 12:48:55.459  2119  5434 I Clocks  : LockClocks( cpu=4, gpu=4 ) - start
05-06 12:48:55.461  2119  5434 I Clocks  : CPU levels [0, 4]
05-06 12:48:55.461  2119  5434 I Clocks  : GPU levels [0, 5]
05-06 12:48:55.462  2119  2296 I ClientMgr: DEADRECKONING deadReckoning mode on ClientMgr from server is 0
05-06 12:48:55.464  2119  5440 W TimeWarp: WarpToScreen: No completed frames to display for client 0. submittedFrameIndex = 4037
05-06 12:48:55.466   710  2189 D         : CPU_CLUSTER_0: Client 2119 sends freq request [21, 21]
05-06 12:48:55.466   710  2189 D         : CPU_CLUSTER_0: Next Perf Level = (21, 21)
05-06 12:48:55.466   710  2189 D         : CPU_CLUSTER_1: Client 2119 sends freq request [26, 26]
05-06 12:48:55.466   710  2189 D         : CPU_CLUSTER_1: Next Perf Level = (26, 26)
05-06 12:48:55.467   710  2189 D         : CPUBW: Client 2119 sends freq request [8, 11]
05-06 12:48:55.467   710  2189 D         : CPUBW: Next Perf Level = (8, 11)
05-06 12:48:55.467  1826  1887 D AudioTrack: Client defaulted notificationFrames to 192 for frameCount 384
05-06 12:48:55.467   710  2189 D         : GPU: Client 2119 sends freq request [6, 6]
05-06 12:48:55.468  2119  5445 D Appshot : broadcastImageToShell intent_pkg: com.YourCompany.ToysGame jpg_size: 41251
05-06 12:48:55.470  1826  5678 D VrApi   : targetSDKVersion 27
05-06 12:48:55.471   710  2189 D         : GPU: Next Perf Level = (6, 6)
05-06 12:48:55.471  2119  5434 I Clocks  : LockClocks( cpu=4, gpu=4 ) - end (11.5 ms)
05-06 12:48:55.472  1826  5678 I JniUtils: ovr_GetCurrentPackageSignature 
05-06 12:48:55.473  1826  5678 I Metrics : device name = Oculus Quest
05-06 12:48:55.475  1826  1887 D AudioTrack: updateAppOpsPlayAudio: checkOp OP_PLAY_AUDIO for com.oculus.vrshell returns: 0 (ALLOWED)
05-06 12:48:55.475   547   586 W AudioFlinger: checkEffectCompatibility_l(): non HW effect Volume listener for Music on playback thread in fast mode
05-06 12:48:55.475   547   586 E AudioEffect: set(): AudioFlinger could not create effect, status: -22
05-06 12:48:55.475   547   586 E AudioPolicyEffects: addOutputSessionEffects(): failed to create Fx  music_helper on session 305
05-06 12:48:55.477  1826  1887 I [OAR] VrShellDesktopBase: Foreground desktop
05-06 12:48:55.477  1826  1887 I [OAR] VrShellDesktopBase: Foregrounding: com.oculus.vrshell.home/com.oculus.vrshell.home.LibraryService
05-06 12:48:55.477  1826  1887 I [OAR] SystemUXController: Recentering for launch - SystemDialog, com.YourCompany.ToysGame, com.YourCompany.ToysGame/com.epicgames.ue4.GameActivity
05-06 12:48:55.477  1826  1887 I [OAR] LocalSpace: ResetNextFrame
05-06 12:48:55.478  2119  5440 W TimeWarp: WarpToScreen: No completed frames to display for client 0. submittedFrameIndex = 4037
05-06 12:48:55.484  1892  1892 D [OAR] AnytimeUIBroadcastReceiver: action: com.oculus.vrshell.intent.action.UPDATE_APP_SCREENSHOT
05-06 12:48:55.484  1892  1892 D [OAR] HomeDialog: screenshot update package: com.YourCompany.ToysGame size: 41251
05-06 12:48:55.485  1826  1887 D [OAR] ShellApplication: Broadcast intent com.oculus.assistant.ASSISTANT_PANEL_AVAILABILITY status: 2, mode: 1
05-06 12:48:55.486  1826  1887 D [OAR] ShellApplication: Broadcast intent com.oculus.assistant.ASSISTANT_PANEL_AVAILABILITY status: 1, mode: 1
05-06 12:48:55.487  1826  2420 I OVRPlatform: [QueueAsyncResponseHandler] success: {"livestreaming_enabled":false,"is_paused":false,"livestreaming_type":0,"comments_visible":false,"mic_enabled":true}
05-06 12:48:55.488  1826  1887 I [OAR] InputManager: Adding controller deviceId = 536870914 type = 4
05-06 12:48:55.490  1826  5679 I [OAR] AudioEngine: PlayTimeOffset = 1890.474619
05-06 12:48:55.492  1826  1887 I [OAR] ModelFile: LoadModelFileFromMemory .gltf.ovrscene 694993
05-06 12:48:55.492  1826  1887 I [OAR] ModelFile: LoadModelFileFromMemory zfp = 0xb4e7f900
05-06 12:48:55.492  2119  5440 W TimeWarp: WarpToScreen: No completed frames to display for client 0. submittedFrameIndex = 4037
05-06 12:48:55.492  2110  2127 I LibraryProvider: running queryApp(com.YourCompany.ToysGame) for com.oculus.uid:10043
05-06 12:48:55.492  2110  2127 W LibraryProvider: Cannot find entitlement for com.YourCompany.ToysGame
05-06 12:48:55.493  1777  1777 W OVRLibrary: null cursor received for query content://com.oculus.ocms.library/apps/com.YourCompany.ToysGame
05-06 12:48:55.494  1826  1826 D [OAR] ShellControlBroadcastReceiver: onReceive with MainActivity native pointer 3739628792, action com.oculus.systemactivities.LOCAL_STREAM_STATE_UPDATE
05-06 12:48:55.506  1826  1887 I [OAR] ModelFile_glTF: LoadModelFile_glTF_Json parsing .gltf.ovrscene
05-06 12:48:55.506  2119  5440 W TimeWarp: WarpToScreen: No completed frames to display for client 0. submittedFrameIndex = 4037
05-06 12:48:55.508  1826  1887 I [OAR] InputManager: Adding controller deviceId = 536870915 type = 4
05-06 12:48:55.511  1826  1887 I [OAR] ModelFile: LoadModelFileFromMemory .gltf.ovrscene 695274
05-06 12:48:55.511  1826  1887 I [OAR] ModelFile: LoadModelFileFromMemory zfp = 0xbcc32200
05-06 12:48:55.512  2110  2190 E Security-LocalReporter: UID '10043' is shared by multiple packages: [com.oculus.home, com.oculus.horizon]
05-06 12:48:55.520  2119  5440 W TimeWarp: WarpToScreen: No completed frames to display for client 0. submittedFrameIndex = 4037
05-06 12:48:55.522  2110  2190 I LibraryProvider: running queryApp(com.YourCompany.ToysGame) for com.oculus.uid:10043
05-06 12:48:55.522  2110  2190 W LibraryProvider: Cannot find entitlement for com.YourCompany.ToysGame
05-06 12:48:55.522  1777  1777 W OVRLibrary: null cursor received for query content://com.oculus.ocms.library/apps/com.YourCompany.ToysGame
05-06 12:48:55.523  1777  1777 I PlatformPluginManager: onAppStart com.YourCompany.ToysGame false
05-06 12:48:55.523  1777  1777 I PlatformPluginManager: onAppStart - Stopping party chat passthrough
05-06 12:48:55.523  1777  1777 I PlatformPlugin: [PlatformPluginManager] SetSystemVoipPassthrough 0
05-06 12:48:55.523  1777  1777 I OVRPlatform: [PartyChatWebRTC] PartyChatSetPassthrough 0
05-06 12:48:55.523  1777  5377 I OVRPlatform: [PartyChatWebRTC] Updating playback mode to 1
05-06 12:48:55.524  1777  1777 I OVRPlatform: [PartiesAPI] ovr_Party_PluginGetSharedMemHandle: This function is deprecated, do not use
05-06 12:48:55.525  1826  1887 I [OAR] ModelFile_glTF: LoadModelFile_glTF_Json parsing .gltf.ovrscene
05-06 12:48:55.525  1777  1777 E OVRMediaServiceManager: LivestreamingManager Not initialized
05-06 12:48:55.525  1777  1777 I OVRMediaService: onStartCommand Received message type: set_package_name, caller package: no_app_identity
05-06 12:48:55.526  1777  1777 I OVRMediaService: Got package name intent (com.oculus.vrshell)
05-06 12:48:55.527  1826  1887 I [OAR] InputManager: Switching Primary controller due to vrapi
05-06 12:48:55.527  1826  1887 I [OAR] InputManager: Secondary input source selection id=536870915
05-06 12:48:55.527  1826  1887 I [OAR] RouteInput: New inputState.cursorTraceSource: 1
05-06 12:48:55.527  1826  1887 I [OAR] LocalSpace: Reset - initialRawFromLocalPose
05-06 12:48:55.527  1826  1887 I [OAR] LocalSpace: 	rotX: -0.147086
05-06 12:48:55.527  1826  1887 I [OAR] LocalSpace: 	rotY: -0.294129
05-06 12:48:55.527  1826  1887 I [OAR] LocalSpace: 	rotZ: 0.038813
05-06 12:48:55.527  1826  1887 I [OAR] LocalSpace: 	rotW: 0.943582
05-06 12:48:55.527  1826  1887 I [OAR] LocalSpace: 	traX: 2.540612
05-06 12:48:55.527  1826  1887 I [OAR] LocalSpace: 	traY: -0.361277
05-06 12:48:55.527  1826  1887 I [OAR] LocalSpace: 	traZ: -0.911452
05-06 12:48:55.527  1826  1887 I [OAR] LocalSpace: Applying VRAPI Reorient
05-06 12:48:55.527  1826  1887 I [OAR] LocalSpace: Recentering local space
05-06 12:48:55.528  2119  2146 I VrRuntimeServer: UpdateLocalSpace: Src: 2, Version: 18, VersionUser: 0, RawFloorHeightOld: -1.660270, RawFloorHeightNew: -1.660270
05-06 12:48:55.528  1826  1887 I [OAR] LocalSpace: currentLocalPose
05-06 12:48:55.528  1826  1887 I [OAR] LocalSpace: 	rotX: -0.018466
05-06 12:48:55.528  1826  1887 I [OAR] LocalSpace: 	rotY: 0.000163
05-06 12:48:55.528  1826  1887 I [OAR] LocalSpace: 	rotZ: 0.008820
05-06 12:48:55.528  1826  1887 I [OAR] LocalSpace: 	rotW: 0.999791
05-06 12:48:55.528  1826  1887 I [OAR] LocalSpace: 	traX: 0.000000
05-06 12:48:55.528  1826  1887 I [OAR] LocalSpace: 	traY: 1.347170
05-06 12:48:55.528  1826  1887 I [OAR] LocalSpace: 	traZ: 0.000000
05-06 12:48:55.528  1826  1887 I [OAR] LocalSpace: localPose
05-06 12:48:55.528  1826  1887 I [OAR] LocalSpace: 	rotX: -0.074815
05-06 12:48:55.528  1826  1887 I [OAR] LocalSpace: 	rotY: 0.004802
05-06 12:48:55.528  1826  1887 I [OAR] LocalSpace: 	rotZ: 0.063879
05-06 12:48:55.528  1826  1887 I [OAR] LocalSpace: 	rotW: 0.995138
05-06 12:48:55.528  1826  1887 I [OAR] LocalSpace: 	traX: 0.000000
05-06 12:48:55.528  1826  1887 I [OAR] LocalSpace: 	traY: 1.326525
05-06 12:48:55.528  1826  1887 I [OAR] LocalSpace: 	traZ: 0.000000
05-06 12:48:55.529  1826  1887 I [OAR] DialogControllerManager: ShowDialog
05-06 12:48:55.529  1826  1887 I [OAR] DialogControllerManager: Previous pending dialog: type: 0, uri "systemux://dialog/none", return component: "", return activity component: ""
05-06 12:48:55.529  1826  1887 I [OAR] DialogControllerManager: New pending dialog: type: 10, uri "systemux://dialog/exit", return component: "com.YourCompany.ToysGame", return activity component: "com.YourCompany.ToysGame/com.epicgames.ue4.GameActivity"
05-06 12:48:55.529  1826  1887 I [OAR] DialogControllerManager: Dialog change detected; updating dialog UI.
05-06 12:48:55.529  1826  1887 I [OAR] DialogControllerManager: Old dialog: type: 0, uri "systemux://dialog/none", return component: "", return activity component: ""
05-06 12:48:55.529  1826  1887 I [OAR] DialogControllerManager: New dialog: type: 10, uri "systemux://dialog/exit", return component: "com.YourCompany.ToysGame", return activity component: "com.YourCompany.ToysGame/com.epicgames.ue4.GameActivity"
05-06 12:48:55.529  1826  1887 I [OAR] CommonSystemDialog: Unable to find common dialog for systemux route "EXIT_TO_HOME(systemux://dialog/exit)".
05-06 12:48:55.529  1826  1887 I [OAR] SystemDialogDefinition: Unable to find system dialog definition for dialog URI "systemux://dialog/exit".
05-06 12:48:55.529  1826  1887 I [OAR] SystemDialogController: HideVrShellDialog
05-06 12:48:55.529  1826  1887 I [OAR] DialogController: SetPendingDialog old: 0 systemux://dialog/none   new: 10 systemux://dialog/exit com.YourCompany.ToysGame/com.epicgames.ue4.GameActivity
05-06 12:48:55.531  1826  1887 I [OAR] PlatformManager: Checking livestreaming allowed for:  com.YourCompany.ToysGame
05-06 12:48:55.531  1826  1887 I [OAR] DialogController: Launching pending dialog: systemux://dialog/exit
05-06 12:48:55.531  1826  1887 I [OAR] DialogController: showDialog systemux://dialog/exit systemux://dialog/exit com.YourCompany.ToysGame
05-06 12:48:55.531  1826  1887 I [OAR] EnvironmentReconciler: Audio state is invalid, but headset is mounted. Marking all state as changed to trigger update
05-06 12:48:55.531  1826  1887 I [OAR] EnvironmentReconciler: Using the scene audio loop
05-06 12:48:55.531  1826  1887 I [OAR] Scene: SetBackgroundLoop: default scene selected, setting audio apk:///assets/system_environment.gltf.ovrscene
05-06 12:48:55.531  1826  1887 I [OAR] AudioMixer: PlayAmbisonicWavFile: 1335437 looping samples 4 channels at 1890.554619
05-06 12:48:55.531  1826  2418 I OVRPlatform: [CurlHttpClient] Executing HTTP request: https://graph.oculus.com//v1.20/me?fields=current_party{id,leader{id},join_policy,users{id,alias,can_viewer_message,display_name,profile_url,profile_url_small,presence,presence_status,presence_app{id,package_name},presence_deeplink_joinable,presence_deeplink_message,presence_destination_api_name,presence_scoped_user_id,avatar_v2{avatar_image{uri}}},invited_users{id,alias,can_viewer_message,display_name,profile_url,profile_url_small,presence,presence_status,presence_app{id,package_name},avatar_v2{avatar_image{uri}}}}&app_version=210946745
05-06 12:48:55.532  1826  1887 I [OAR] PlatformManager: Request BundleConfiguration
05-06 12:48:55.533  1826  1887 I [OAR] HttpClient: HttpTransfer
05-06 12:48:55.533  1826  1887 I [OAR] HttpClient: ~HttpTransfer
05-06 12:48:55.533  1826  1887 I [OAR] PanelAppAnalytics: Panel render last: 54580ms avg: 75628ms for com.oculus.systemux/com.oculus.panelapp.anytimeui.AnytimeUIAndroidPanelService
05-06 12:48:55.533  1892  1892 I [OAR] AnytimeUIAndroidPanelApp: updateActiveComponent - systemux://library, returnComponent = com.YourCompany.ToysGame
05-06 12:48:55.534  1892  1892 I [OAR] AnytimeUIAndroidPanelAppBase: updateLiveStreamStatus - isLiveStreaming=false, allowed=false
05-06 12:48:55.534  1892  1892 I [OAR] AnytimeUIAndroidPanelAppBase: configureDialog:  systemux://dialog/exit [systemux://dialog/exit] (com.YourCompany.ToysGame)
05-06 12:48:55.534  2119  5440 W TimeWarp: WarpToScreen: No completed frames to display for client 0. submittedFrameIndex = 4037
05-06 12:48:55.534  1892  1892 I [OAR] AnytimeUIAndroidPanelAppBase: actionSetRoute - Route:  EXIT_TO_HOME(systemux://dialog/exit)
05-06 12:48:55.534  1892  1892 D [OAR] TaskBarViewV1: NUX Mode = false
05-06 12:48:55.534  1892  1892 D [OAR] TaskBarViewV1: Skipping NUX Mode for Quest
05-06 12:48:55.534  1892  1892 I AndroidPanelApp: Calling ensurePanelLayer on layer "dialog" with view ID 2131296310
05-06 12:48:55.534  1892  1892 I AndroidPanelLayer: Setting spec for layer "dialog"
05-06 12:48:55.534  1892  1892 I AndroidPanelLayer: Setting size of layer "dialog" to have width 540 and height 300
05-06 12:48:55.534  1892  1892 D [OAR] AnytimeUIAndroidPanelApp: Inflating view for layer: dialog, viewIdentifier = 2131296310
05-06 12:48:55.535  1892  1892 D [OAR] HomeDialog: Home Dialog constructed
05-06 12:48:55.536   547  1181 D audio_hw_primary: adev_open_input_stream: enter: sample_rate(48000) channel_mask(0x10) devices(0x80000004)        stream_handle(0xec24b040) io_handle(134) source(1) format 1
05-06 12:48:55.538  2110  2205 E Security-LocalReporter: UID '10043' is shared by multiple packages: [com.oculus.home, com.oculus.horizon]
05-06 12:48:55.538   547  5681 I AudioFlinger: AudioFlinger's thread 0xeac83fc0 ready to run
05-06 12:48:55.538   547  5681 D audio_hw_primary: in_standby: enter: stream (0xec24b040) usecase(16: audio-record)
05-06 12:48:55.542  2134  2186 I GuardianSystem: UpdateSystem: Responding to local space version number change.
05-06 12:48:55.544   547  5681 D audio_hw_primary: in_standby: enter: stream (0xec24b040) usecase(16: audio-record)
05-06 12:48:55.545   689  3620 D GatekeeperNativeService: Using value 0 for gk oculus_bugreporter_v2_enabled, user=0
05-06 12:48:55.545  1892  1892 I [OAR] BugReporterUtils: Setting up bug reporter on button; using None
05-06 12:48:55.546  1892  1892 I [OAR] HomeDialog: Setting target package to com.YourCompany.ToysGame
05-06 12:48:55.548  2119  5440 W TimeWarp: WarpToScreen: No completed frames to display for client 0. submittedFrameIndex = 4037
05-06 12:48:55.562  2119  5440 W TimeWarp: WarpToScreen: No completed frames to display for client 0. submittedFrameIndex = 4037
05-06 12:48:55.565  2110  2132 E Security-LocalReporter: UID '10043' is shared by multiple packages: [com.oculus.home, com.oculus.horizon]
05-06 12:48:55.569   547  1181 D audio_hw_primary: adev_close_input_stream: enter:stream_handle(0xec24b040)
05-06 12:48:55.569   547  1181 D audio_hw_primary: in_standby: enter: stream (0xec24b040) usecase(16: audio-record)
05-06 12:48:55.571  1826  1887 I OVRPlatform: [AndroidPlatformIntegration] Creating shared mic
05-06 12:48:55.572  2134  2212 I GuardianSystem: Guardian: GuardianCmdWithParms 7, 1, 0.000000
05-06 12:48:55.572  1826  1887 I [OAR] TelemetryProvider: aui_reorient system 2 0 0 com.YourCompany.ToysGame
05-06 12:48:55.573  1826  5685 I VrRuntimeClient: FenceChecker::MainLoop - started
05-06 12:48:55.576  2119  5440 W TimeWarp: WarpToScreen: No completed frames to display for client 0. submittedFrameIndex = 4037
05-06 12:48:55.576  1826  1887 I [OAR] ShellApp: 0xe18e5358 msg: broadcastIntent:
05-06 12:48:55.576  1826  1887 I [OAR] ShellApp: is_capture_running = 0
05-06 12:48:55.576  1826  1887 I [OAR] ShellApp: intent_action = com.oculus.systemactivities.LOCAL_STREAM_STATE_UPDATE
05-06 12:48:55.576  1826  1887 I [OAR] SystemUXController: OnLocalStreamChanged, enabled?=0
05-06 12:48:55.585  2119  5440 I Clocks  : SetSchedFifo( tid=1887, pri=1 ) succeeded
05-06 12:48:55.588  2119  2296 I VrRuntimeServer: SetCompositorClientEnabled client(2): enabled(0) 0x0
05-06 12:48:55.588  2119  5440 I Clocks  : SetSchedFifo( tid=5685, pri=1 ) succeeded
05-06 12:48:55.589  2110  2304 I LibraryProvider: running queryApp(com.YourCompany.ToysGame) for com.oculus.systemux
05-06 12:48:55.589  2110  2205 I LibraryProvider: running queryApp(com.oculus.vrshell) for com.oculus.uid:10043
05-06 12:48:55.589  2110  2205 W LibraryProvider: Cannot find entitlement for com.oculus.vrshell
05-06 12:48:55.590  1777  1777 W OVRLibrary: null cursor received for query content://com.oculus.ocms.library/apps/com.oculus.vrshell
05-06 12:48:55.591  2119  5440 I Clocks  : SetSchedFifo( tid=2403, pri=1 ) succeeded
05-06 12:48:55.591  1777  1777 I PlatformPluginManager: onAppStart com.oculus.vrshell false
05-06 12:48:55.593  1777  1777 I OVRPlatform: [PartiesAPI] ovr_Party_PluginGetSharedMemHandle: This function is deprecated, do not use
05-06 12:48:55.597  2110  2304 W LibraryProvider: Cannot find entitlement for com.YourCompany.ToysGame
05-06 12:48:55.597  1892  1892 W OVRLibrary: null cursor received for query content://com.oculus.ocms.library/apps/com.YourCompany.ToysGame
05-06 12:48:55.599  1777  1777 E OVRMediaServiceManager: LivestreamingManager Not initialized
05-06 12:48:55.600  2110  2132 I LibraryProvider: running queryApp(com.YourCompany.ToysGame) for com.oculus.uid:10043
05-06 12:48:55.600  2110  2132 W LibraryProvider: Cannot find entitlement for com.YourCompany.ToysGame
05-06 12:48:55.601  1777  2468 W OVRLibrary: null cursor received for query content://com.oculus.ocms.library/apps/com.YourCompany.ToysGame
05-06 12:48:55.601  1826  2422 I OVRPlatform: [QueueAsyncResponseHandler] success: {"streaming_enabled":false}
05-06 12:48:55.602  1777  1889 I OVRPlatform: [MicrophoneServer] Starting mic server with client 0xbf45c2c8
05-06 12:48:55.602  1777  1889 D OVRPlatform-OVRMicrophone: start - current state Initialized
05-06 12:48:55.605  1826  1887 I [OAR] PlatformManager: isLiveStreamingAllowed response:  0
05-06 12:48:55.607  2134  2186 I GuardianSystem: rsapi_PollEvent: rsEventForceShowGuardian. ForceIndefinitely: 0, ForceTimeInSeconds: 0.00, ForceCamera: 0
05-06 12:48:55.607  2134  2186 I GuardianSystem: ForceShowGuardian: false, 0.00
05-06 12:48:55.608  1777  1889 I OVRPlatform-OVRMicrophone: AcousticEchoCanceler available
05-06 12:48:55.609  1777  1889 I OVRPlatform-OVRMicrophone: AcousticEchoCanceler created, enabling
05-06 12:48:55.609  1777  1889 I OVRPlatform-OVRMicrophone: AcousticEchoCanceler enable: 0
05-06 12:48:55.612  1777  1889 I OVRPlatform-OVRMicrophone: NoiseSuppressor available
05-06 12:48:55.612  1892  1892 I AndroidPanelApp: measureLayerView with initial width 540, initial height 300, resize behavior NONE.
05-06 12:48:55.613  1892  1892 I AndroidPanelApp: Measured width 540 and height 300.
05-06 12:48:55.613  1892  1892 I AndroidPanelLayer: Setting size of layer "dialog" to have width 540 and height 300
05-06 12:48:55.613  1777  1889 I OVRPlatform-OVRMicrophone: NoiseSuppressor created, enabling
05-06 12:48:55.613  1777  1889 I OVRPlatform-OVRMicrophone: NoiseSuppressor enable: 0
05-06 12:48:55.613  1892  1892 I AndroidPanelApp: layerTransform: Showing panel layer "dialog" in VrShell with width 540, height 300, position( 0.000000 , 0.000000 ), rotation (0.000000 , 0.000000 , 0.000000 )  hit-testable true, shape 2, and system-positioned true. Density: 4680.000000. Supersampled: false 
05-06 12:48:55.614   547   599 I SoundTriggerHwService::Module: void android::SoundTriggerHwService::Module::onCallbackEvent(const sp<android::SoundTriggerHwService::CallbackEvent> &) no clients
05-06 12:48:55.614   547  5509 D audio_hw_primary: in_set_parameters: enter: kvpairs=input_source=1;routing=-2147483644
05-06 12:48:55.617   547  5509 D audio_hw_primary: start_input_stream: enter: stream(0xec24ab40)usecase(16: audio-record)
05-06 12:48:55.617   547  5509 E audio_hw_extn: audio_extn_perf_lock_acquire: Incorrect params, Failed to acquire perf lock, err 
05-06 12:48:55.617  1777  1889 I OVRPlatform-OVRMicrophone: start - recorder.startRecording 3.719271ms
05-06 12:48:55.617   547  5509 D audio_hw_primary: select_devices for use case (audio-record)
05-06 12:48:55.617   547  5509 D audio_hw_primary: select_devices: out_snd_device(0: ) in_snd_device(62: handset-mic-aec)
05-06 12:48:55.617   547  5509 I msm8974_platform: platform_check_and_set_capture_codec_backend_cfg:txbecf: afe: bitwidth 16, samplerate 48000, channel 1, backend_idx 7 usecase = 16 device (handset-mic-aec)
05-06 12:48:55.617   547  5509 I msm8974_platform: platform_check_capture_codec_backend_cfg:txbecf: afe: Codec selected backend: 7 current bit width: 16 and sample rate: 48000, channels 1
05-06 12:48:55.617   547  5509 W msm8974_platform: platform_get_backend_index:napb: Invalid device - 0 
05-06 12:48:55.617   547  5509 I msm8974_platform: platform_check_capture_codec_backend_cfg:txbecf: afe: Codec selected backend: 7 updated bit width: 16 and sample rate: 48000
05-06 12:48:55.617   547  5509 D audio_hw_primary: check_usecases_capture_codec_backend:becf: force routing 0
05-06 12:48:55.617   547  5509 D hardware_info: hw_info_append_hw_type : device_name = handset-mic-aec
05-06 12:48:55.617   547  5509 D msm8974_platform: platform_split_snd_device: snd_device(62) new_snd_devices (handset-mic-aec)
05-06 12:48:55.617   547  5509 D audio_hw_primary: enable_snd_device: snd_device(62: handset-mic-aec)
05-06 12:48:55.618  1777  1889 I OVRPlatform-OVRMicrophone: start - AudioThread startup 0.769583ms
05-06 12:48:55.618  1777  1889 D OVRPlatform-OVRMicrophone: State changed to Recording
05-06 12:48:55.618  1777  1889 I OVRPlatform: [MicrophoneServer] Adding connection 0xbf45c2c8, has local client: no
05-06 12:48:55.618  1777  1889 I OVRPlatform: [PCMTransfer] Created socket pair, sender: 97, receiver: 98
05-06 12:48:55.624  1892  1892 I AndroidPanelApp: Processing pending show layer info for layer dialog with width 540 and height 300.
05-06 12:48:55.624  1892  1892 I AndroidPanelApp: layerSupersample no changes
05-06 12:48:55.624  1892  1892 I AndroidPanelApp: Processing pending hide layer for layer toast.
05-06 12:48:55.626  1892  1892 I AndroidPanelApp: measureLayerView with initial width 540, initial height 300, resize behavior NONE.
05-06 12:48:55.626  1892  1892 I AndroidPanelApp: Measured width 540 and height 300.
05-06 12:48:55.626  1892  1892 I AndroidPanelApp: Layout change has caused layer "dialog" to be resized from -1 X -1 to 540 X 300
05-06 12:48:55.626  1892  1892 I AndroidPanelLayer: Setting size of layer "dialog" to have width 540 and height 300
05-06 12:48:55.627  1892  1892 I AndroidPanelApp: layerTransform: Showing panel layer "dialog" in VrShell with width 540, height 300, position( 0.000000 , 0.000000 ), rotation (0.000000 , 0.000000 , 0.000000 )  hit-testable true, shape 2, and system-positioned true. Density: 4680.000000. Supersampled: false 
05-06 12:48:55.633  1826  1887 I [OAR] PanelAppHost: Resize layer dialog to size 540 x 300 shape:2 stereo:0
05-06 12:48:55.633  1826  1887 I [OAR] PanelRenderLayer: ResetSurface 540 x 300 - shape:2 stereo:0
05-06 12:48:55.633  1826  1887 I [OAR] PanelAppHost: Setting panel layer visibility of layer "toast" to invisible
05-06 12:48:55.633   547  5509 D audio_hw_utils: audio_extn_utils_send_app_type_cfg: usecase->in_snd_device handset-mic-aec
05-06 12:48:55.634   547  5509 D msm8974_platform: platform_split_snd_device: snd_device(62) new_snd_devices (handset-mic-aec)
05-06 12:48:55.635   547  5509 I audio_hw_utils: send_app_type_cfg_for_device CAPTURE app_type 69938, acdb_dev_id 106, sample_rate 48000, snd_device_be_idx 3
05-06 12:48:55.635   547  5509 D msm8974_platform: platform_split_snd_device: snd_device(62) new_snd_devices (handset-mic-aec)
05-06 12:48:55.635   547  5509 D ACDB-LOADER: ACDB -> send_audio_cal, acdb_id = 106, path = 1, app id = 0x11132, sample rate = 48000
05-06 12:48:55.635   547  5509 D ACDB-LOADER: ACDB -> send_asm_topology
05-06 12:48:55.635   547  5509 D ACDB-LOADER: ACDB -> ACDB_CMD_GET_AUDPROC_STREAM_TOPOLOGY_ID
05-06 12:48:55.635   547  5509 D ACDB-LOADER: ACDB -> send_adm_topology
05-06 12:48:55.635   547  5509 D ACDB-LOADER: ACDB -> ACDB_CMD_GET_AUDPROC_COMMON_TOPOLOGY_ID
05-06 12:48:55.635   547  5509 D ACDB-LOADER: ACDB -> send_audtable
05-06 12:48:55.635   547  5509 D ACDB-LOADER: ACDB -> ACDB_CMD_GET_AUDPROC_COMMON_TABLE_SIZE
05-06 12:48:55.635   547  5509 D ACDB-LOADER: ACDB -> ACDB_CMD_GET_AUDPROC_COMMON_TABLE
05-06 12:48:55.635   547  5509 D ACDB-LOADER: ACDB -> AUDIO_SET_AUDPROC_CAL
05-06 12:48:55.635   547  5509 D ACDB-LOADER: ACDB -> send_audvoltable
05-06 12:48:55.636   547  5509 D ACDB-LOADER: ACDB -> ACDB_CMD_GET_AUDPROC_GAIN_DEP_STEP_TABLE, vol index 0
05-06 12:48:55.636   547  5509 D         : Failed to fetch the lookup information of the device 0000006A 
05-06 12:48:55.636   547  5509 E ACDB-LOADER: Error: ACDB AudProc vol returned = -19
05-06 12:48:55.636   547  5509 D ACDB-LOADER: ACDB -> AUDIO_SET_VOL_CAL cal type = 12
05-06 12:48:55.636   547  5509 D ACDB-LOADER: ACDB -> send_audstrmtable
05-06 12:48:55.636   547  5509 D ACDB-LOADER: ACDB -> ACDB_CMD_GET_AUDPROC_STREAM_TABLE_V2
05-06 12:48:55.636   547  5509 D ACDB-LOADER: ACDB -> audstrm_cal->cal_type.cal_data.cal_size = 16
05-06 12:48:55.636   547  5509 D ACDB-LOADER: ACDB -> send_afe_topology
05-06 12:48:55.636   547  5509 D ACDB-LOADER: ACDB -> ACDB_CMD_GET_AFE_TOPOLOGY_ID
05-06 12:48:55.636   547  5509 D ACDB-LOADER: ACDB -> GET_AFE_TOPOLOGY_ID for adcd_id 106, Topology Id 112fb
05-06 12:48:55.636   547  5509 D ACDB-LOADER: ACDB -> send_afe_cal
05-06 12:48:55.636   547  5509 D ACDB-LOADER: ACDB -> ACDB_CMD_GET_AFE_COMMON_TABLE
05-06 12:48:55.636   547  5509 D         : Failed to fetch the lookup information of the device 0000006A 
05-06 12:48:55.636   547  5509 E ACDB-LOADER: Error: ACDB AFE returned = -19
05-06 12:48:55.636   547  5509 D ACDB-LOADER: ACDB -> AUDIO_SET_AFE_CAL
05-06 12:48:55.636   547  5509 D ACDB-LOADER: ACDB -> send_hw_delay : acdb_id = 106 path = 1
05-06 12:48:55.636   547  5509 D ACDB-LOADER: ACDB -> ACDB_AVSYNC_INFO: ACDB_CMD_GET_DEVICE_PROPERTY
05-06 12:48:55.636   547  5509 D audio_hw_primary: enable_audio_route: apply mixer and update path: audio-record
05-06 12:48:55.637   547  5509 D audio_hw_primary: select_devices: done
05-06 12:48:55.641  1892  1892 I AndroidPanelApp: Processing next frame action "layerShow" for layer "dialog"
05-06 12:48:55.642  1892  1892 I AndroidPanelApp: nextFrameAction(layerShow, dialog)
05-06 12:48:55.642  1892  1892 I AndroidPanelApp: layerShow acknowledged for dialog
05-06 12:48:55.642  1892  1892 I AndroidPanelApp: tryShowLayer(dialog)
05-06 12:48:55.642  1892  1892 I AndroidPanelApp: Layer dialog needs to be sized, deferring showing layer.
05-06 12:48:55.642  1892  1892 I AndroidPanelApp: Processing next frame action "layerResize" for layer "dialog"
05-06 12:48:55.642  1892  1892 I AndroidPanelApp: nextFrameAction(layerResize, dialog)
05-06 12:48:55.642  1892  1892 I AndroidPanelApp: layerResize is waiting for next frame
05-06 12:48:55.642  1892  1892 I [OAR] AnytimeUIAndroidPanelAppBase: updateLocalStreamState - false
05-06 12:48:55.643  1892  1892 I AndroidPanelApp: Processing pending show layer info for layer dialog with width 540 and height 300.
05-06 12:48:55.643  1892  1892 I AndroidPanelApp: layerSupersample no changes
05-06 12:48:55.647  1826  1887 I [OAR] PanelAppHost: Resize layer dialog to size 540 x 300 shape:2 stereo:0
05-06 12:48:55.647  1826  1887 I [OAR] PanelRenderLayer: ResetSurface 540 x 300 - shape:2 stereo:0
05-06 12:48:55.648  1892  1892 I AndroidPanelApp: Processing next frame action "layerShow" for layer "dialog"
05-06 12:48:55.648  1892  1892 I AndroidPanelApp: nextFrameAction(layerShow, dialog)
05-06 12:48:55.648  1892  1892 I AndroidPanelApp: layerShow acknowledged for dialog
05-06 12:48:55.648  1892  1892 I AndroidPanelApp: tryShowLayer(dialog)
05-06 12:48:55.648  1892  1892 I AndroidPanelLayer: Showing layer dialog
05-06 12:48:55.648  1892  1892 I AndroidPanelLayer: Unhiding layer dialog
05-06 12:48:55.651   547  5509 E audio_hw_extn: audio_extn_perf_lock_release: Perf lock release error 
05-06 12:48:55.651   547  5509 D audio_hw_primary: start_input_stream: exit
05-06 12:48:55.661  1892  1892 I AndroidPanelApp: Turning on layer visibility for layer dialog.
05-06 12:48:55.661  1892  1892 D AndroidPanelApp: Queue: layerVisibility dialog 1
05-06 12:48:55.662  1892  1892 I AndroidPanelApp: Handling next frame raw command "layerVisibility dialog 1"
05-06 12:48:55.675  1826  1887 I [OAR] PanelAppHost: Setting panel layer visibility of layer "dialog" to visible
05-06 12:48:55.791   711   711 D wifisighelper: New 2.4GHz txpower: 5	
05-06 12:48:55.914   707  5418 I [CT]    : HealthReport: ==================================================
05-06 12:48:55.914   707  5418 I [CT]    : Health Report
05-06 12:48:55.914   707  5418 I [CT]    : -------------
05-06 12:48:55.914   707  5418 I [CT]    : 
05-06 12:48:55.914   707  5418 I [CT]    : Reporter #1 (InsideOutHealthMonitor) summary:
05-06 12:48:55.914   707  5418 I [CT]    : Camera: Total Dropped: 0.000000, Total Frame Count: 1572 (0.000000%), Camera Reset Count: 0
05-06 12:48:55.914   707  5418 I [CT]    : Camera: Total Single Camera Frame Dropped: 0, Total Frame Count: 1572 (0.000000%)
05-06 12:48:55.914   707  5418 I [CT]    : IMU: Total Dropped: 0.000000, Total Sample Count: 63111 (0.000000%)
05-06 12:48:55.914   707  5418 I [CT]    : Magnetometer: Total Dropped: 0.000000, Total Sample Count: 1894 (0.000000%)
05-06 12:48:55.914   707  5418 I [CT]    : 
05-06 12:48:55.914   707  5418 I [CT]    : Reporter #1 (InsideOutHealthMonitor) Passed
05-06 12:48:55.914   707  5418 I [CT]    : --------------------------------------------------
05-06 12:48:55.914   707  5418 I [CT]    : Reporter #2 (ConstellationHealthMonitor) summary:
05-06 12:48:55.914   707  5418 I [CT]    : Camera: Total Dropped: 0.000000, Total Frame Count: 1573 (0.000000%), Camera Reset Count: 1
05-06 12:48:55.914   707  5418 I [CT]    : Camera: Total Single Camera Frame Dropped: 0, Total Frame Count: 1573 (0.000000%)
05-06 12:48:55.914   707  5418 I [CT]    : Controller 7745273921483883046:
05-06 12:48:55.914   707  5418 I [CT]    : IMU: Capture period exceeded threshold.  Largest period: 5.135377 sec
05-06 12:48:55.914   707  5418 I [CT]    : Controllers may have been sleeping
05-06 12:48:55.914   707  5418 I [CT]    : IMU: Total Dropped: 0.000000, Total Sample Count: 29056.830000 (0.000000%)
05-06 12:48:55.914   707  5418 I [CT]    : Controller 4212769887286730484:
05-06 12:48:55.914   707  5418 I [CT]    : I
05-06 12:48:55.997  2134  2166 I GuardianSystem: Guardian: GuardianCmdWithParms 7, 0, 0.000000
05-06 12:48:56.024  2134  2212 I GuardianSystem: Guardian: GuardianCmdWithParms 7, 1, 0.000000
05-06 12:48:56.065  2134  2160 I GuardianSystem: Guardian: GuardianCmdWithParms 7, 0, 0.000000
